Java HotSpot(TM) 64-Bit Server VM (25.201-b09) for windows-amd64 JRE (1.8.0_201-b09), built on Dec 15 2018 18:36:39 by "java_re" with MS VC++ 10.0 (VS2010)
Memory: 4k page, physical 16640396k(6774852k free), swap 21621132k(4707880k free)
CommandLine flags: -XX:CMSInitiatingOccupancyFraction=50 -XX:CMSMaxAbortablePrecleanTime=6000 -XX:+CMSParallelRemarkEnabled -XX:+CMSScavengeBeforeRemark -XX:ConcGCThreads=4 -XX:GCLogFileSize=20971520 -XX:InitialHeapSize=536870912 -XX:MaxHeapSize=536870912 -XX:MaxTenuringThreshold=8 -XX:NewRatio=3 -XX:NumberOfGCLogFiles=9 -XX:OldPLABSize=16 -XX:-OmitStackTraceInFastThrow -XX:ParallelGCThreads=4 -XX:+ParallelRefProcEnabled -XX:PretenureSizeThreshold=67108864 -XX:+PrintGC -XX:+PrintGCApplicationStoppedTime -XX:+PrintGCDateStamps -XX:+PrintGCDetails -XX:+PrintGCTimeStamps -XX:+PrintHeapAtGC -XX:+PrintTenuringDistribution -XX:SurvivorRatio=4 -XX:TargetSurvivorRatio=90 -XX:ThreadStackSize=256 -XX:+UseCMSInitiatingOccupancyOnly -XX:+UseCompressedClassPointers -XX:+UseCompressedOops -XX:+UseConcMarkSweepGC -XX:+UseGCLogFileRotation -XX:-UseLargePagesIndividualAllocation -XX:+UseParNewGC 
2019-02-21T18:48:42.957-0700: 0.183: Total time for which application threads were stopped: 0.0001008 seconds, Stopping threads took: 0.0000164 seconds
2019-02-21T18:48:43.103-0700: 0.329: Total time for which application threads were stopped: 0.0001136 seconds, Stopping threads took: 0.0000164 seconds
2019-02-21T18:48:43.219-0700: 0.446: Total time for which application threads were stopped: 0.0001069 seconds, Stopping threads took: 0.0000149 seconds
2019-02-21T18:48:43.279-0700: 0.506: Total time for which application threads were stopped: 0.0001311 seconds, Stopping threads took: 0.0000180 seconds
2019-02-21T18:48:43.430-0700: 0.657: Total time for which application threads were stopped: 0.0001475 seconds, Stopping threads took: 0.0000180 seconds
2019-02-21T18:48:43.641-0700: 0.868: Total time for which application threads were stopped: 0.0001172 seconds, Stopping threads took: 0.0000231 seconds
2019-02-21T18:48:43.760-0700: 0.987: Total time for which application threads were stopped: 0.0001645 seconds, Stopping threads took: 0.0000144 seconds
2019-02-21T18:48:43.765-0700: 0.993: Total time for which application threads were stopped: 0.0001403 seconds, Stopping threads took: 0.0000149 seconds
2019-02-21T18:48:43.826-0700: 1.053: Total time for which application threads were stopped: 0.0002200 seconds, Stopping threads took: 0.0000262 seconds
2019-02-21T18:48:44.182-0700: 1.408: Total time for which application threads were stopped: 0.0003496 seconds, Stopping threads took: 0.0000334 seconds
{Heap before GC invocations=0 (full 0):
 par new generation   total 109248K, used 87424K [0x00000000e0000000, 0x00000000e8000000, 0x00000000e8000000)
  eden space 87424K, 100% used [0x00000000e0000000, 0x00000000e5560000, 0x00000000e5560000)
  from space 21824K,   0% used [0x00000000e5560000, 0x00000000e5560000, 0x00000000e6ab0000)
  to   space 21824K,   0% used [0x00000000e6ab0000, 0x00000000e6ab0000, 0x00000000e8000000)
 concurrent mark-sweep generation total 393216K, used 0K [0x00000000e8000000, 0x0000000100000000, 0x0000000100000000)
 Metaspace       used 17549K, capacity 17962K, committed 18304K, reserved 1064960K
  class space    used 2168K, capacity 2318K, committed 2432K, reserved 1048576K
2019-02-21T18:48:44.242-0700: 1.469: [GC (Allocation Failure) 2019-02-21T18:48:44.242-0700: 1.470: [ParNew
Desired survivor size 20112992 bytes, new threshold 8 (max 8)
- age   1:   11367200 bytes,   11367200 total
: 87424K->11204K(109248K), 0.0091615 secs] 87424K->11204K(502464K), 0.0093003 secs] [Times: user=0.01 sys=0.05, real=0.01 secs] 
Heap after GC invocations=1 (full 0):
 par new generation   total 109248K, used 11204K [0x00000000e0000000, 0x00000000e8000000, 0x00000000e8000000)
  eden space 87424K,   0% used [0x00000000e0000000, 0x00000000e0000000, 0x00000000e5560000)
  from space 21824K,  51% used [0x00000000e6ab0000, 0x00000000e75a12c8, 0x00000000e8000000)
  to   space 21824K,   0% used [0x00000000e5560000, 0x00000000e5560000, 0x00000000e6ab0000)
 concurrent mark-sweep generation total 393216K, used 0K [0x00000000e8000000, 0x0000000100000000, 0x0000000100000000)
 Metaspace       used 17549K, capacity 17962K, committed 18304K, reserved 1064960K
  class space    used 2168K, capacity 2318K, committed 2432K, reserved 1048576K
}
2019-02-21T18:48:44.252-0700: 1.479: Total time for which application threads were stopped: 0.0094740 seconds, Stopping threads took: 0.0000206 seconds
2019-02-21T18:48:44.525-0700: 1.751: Total time for which application threads were stopped: 0.0002354 seconds, Stopping threads took: 0.0000437 seconds
2019-02-21T18:48:44.776-0700: 2.002: Total time for which application threads were stopped: 0.0003866 seconds, Stopping threads took: 0.0001121 seconds
2019-02-21T18:48:44.784-0700: 2.011: Total time for which application threads were stopped: 0.0002987 seconds, Stopping threads took: 0.0000242 seconds
2019-02-21T18:48:44.785-0700: 2.012: Total time for which application threads were stopped: 0.0003264 seconds, Stopping threads took: 0.0000216 seconds
2019-02-21T18:48:44.810-0700: 2.037: Total time for which application threads were stopped: 0.0000977 seconds, Stopping threads took: 0.0000278 seconds
2019-02-21T18:48:44.837-0700: 2.063: Total time for which application threads were stopped: 0.0002730 seconds, Stopping threads took: 0.0000206 seconds
2019-02-21T18:48:44.838-0700: 2.065: Total time for which application threads were stopped: 0.0001331 seconds, Stopping threads took: 0.0000884 seconds
2019-02-21T18:48:44.849-0700: 2.075: Total time for which application threads were stopped: 0.0000730 seconds, Stopping threads took: 0.0000190 seconds
2019-02-21T18:48:44.868-0700: 2.094: Total time for which application threads were stopped: 0.0000776 seconds, Stopping threads took: 0.0000206 seconds
2019-02-21T18:48:44.939-0700: 2.166: Total time for which application threads were stopped: 0.0002709 seconds, Stopping threads took: 0.0000175 seconds
2019-02-21T18:48:44.951-0700: 2.178: Total time for which application threads were stopped: 0.0000874 seconds, Stopping threads took: 0.0000247 seconds
2019-02-21T18:48:45.004-0700: 2.231: Total time for which application threads were stopped: 0.0001090 seconds, Stopping threads took: 0.0000329 seconds
2019-02-21T18:48:45.041-0700: 2.267: Total time for which application threads were stopped: 0.0000730 seconds, Stopping threads took: 0.0000211 seconds
2019-02-21T18:48:45.067-0700: 2.294: Total time for which application threads were stopped: 0.0000792 seconds, Stopping threads took: 0.0000324 seconds
2019-02-21T18:48:45.099-0700: 2.326: Total time for which application threads were stopped: 0.0000828 seconds, Stopping threads took: 0.0000242 seconds
2019-02-21T18:48:45.134-0700: 2.361: Total time for which application threads were stopped: 0.0000761 seconds, Stopping threads took: 0.0000262 seconds
2019-02-21T18:48:45.139-0700: 2.366: Total time for which application threads were stopped: 0.0002760 seconds, Stopping threads took: 0.0000206 seconds
2019-02-21T18:48:45.194-0700: 2.421: Total time for which application threads were stopped: 0.0000817 seconds, Stopping threads took: 0.0000180 seconds
{Heap before GC invocations=1 (full 0):
 par new generation   total 109248K, used 98628K [0x00000000e0000000, 0x00000000e8000000, 0x00000000e8000000)
  eden space 87424K, 100% used [0x00000000e0000000, 0x00000000e5560000, 0x00000000e5560000)
  from space 21824K,  51% used [0x00000000e6ab0000, 0x00000000e75a12c8, 0x00000000e8000000)
  to   space 21824K,   0% used [0x00000000e5560000, 0x00000000e5560000, 0x00000000e6ab0000)
 concurrent mark-sweep generation total 393216K, used 0K [0x00000000e8000000, 0x0000000100000000, 0x0000000100000000)
 Metaspace       used 24532K, capacity 25079K, committed 25280K, reserved 1071104K
  class space    used 3047K, capacity 3262K, committed 3300K, reserved 1048576K
2019-02-21T18:48:45.229-0700: 2.456: [GC (Allocation Failure) 2019-02-21T18:48:45.229-0700: 2.456: [ParNew
Desired survivor size 20112992 bytes, new threshold 8 (max 8)
- age   1:    6514664 bytes,    6514664 total
- age   2:    5169264 bytes,   11683928 total
: 98628K->13565K(109248K), 0.0120967 secs] 98628K->13565K(502464K), 0.0121749 secs] [Times: user=0.05 sys=0.01, real=0.01 secs] 
Heap after GC invocations=2 (full 0):
 par new generation   total 109248K, used 13565K [0x00000000e0000000, 0x00000000e8000000, 0x00000000e8000000)
  eden space 87424K,   0% used [0x00000000e0000000, 0x00000000e0000000, 0x00000000e5560000)
  from space 21824K,  62% used [0x00000000e5560000, 0x00000000e629f440, 0x00000000e6ab0000)
  to   space 21824K,   0% used [0x00000000e6ab0000, 0x00000000e6ab0000, 0x00000000e8000000)
 concurrent mark-sweep generation total 393216K, used 0K [0x00000000e8000000, 0x0000000100000000, 0x0000000100000000)
 Metaspace       used 24532K, capacity 25079K, committed 25280K, reserved 1071104K
  class space    used 3047K, capacity 3262K, committed 3300K, reserved 1048576K
}
2019-02-21T18:48:45.242-0700: 2.468: Total time for which application threads were stopped: 0.0125085 seconds, Stopping threads took: 0.0000380 seconds
2019-02-21T18:48:45.242-0700: 2.468: [GC (CMS Initial Mark) [1 CMS-initial-mark: 0K(393216K)] 15272K(502464K), 0.0026165 secs] [Times: user=0.00 sys=0.00, real=0.00 secs] 
2019-02-21T18:48:45.244-0700: 2.471: Total time for which application threads were stopped: 0.0027574 seconds, Stopping threads took: 0.0000411 seconds
2019-02-21T18:48:45.244-0700: 2.471: [CMS-concurrent-mark-start]
2019-02-21T18:48:45.245-0700: 2.471: [CMS-concurrent-mark: 0.000/0.000 secs] [Times: user=0.00 sys=0.00, real=0.00 secs] 
2019-02-21T18:48:45.245-0700: 2.471: [CMS-concurrent-preclean-start]
2019-02-21T18:48:45.246-0700: 2.472: [CMS-concurrent-preclean: 0.001/0.001 secs] [Times: user=0.00 sys=0.00, real=0.00 secs] 
2019-02-21T18:48:45.246-0700: 2.472: [GC (CMS Final Remark) [YG occupancy: 15272 K (109248 K)]{Heap before GC invocations=2 (full 1):
 par new generation   total 109248K, used 15272K [0x00000000e0000000, 0x00000000e8000000, 0x00000000e8000000)
  eden space 87424K,   1% used [0x00000000e0000000, 0x00000000e01aaef8, 0x00000000e5560000)
  from space 21824K,  62% used [0x00000000e5560000, 0x00000000e629f440, 0x00000000e6ab0000)
  to   space 21824K,   0% used [0x00000000e6ab0000, 0x00000000e6ab0000, 0x00000000e8000000)
 concurrent mark-sweep generation total 393216K, used 0K [0x00000000e8000000, 0x0000000100000000, 0x0000000100000000)
 Metaspace       used 24554K, capacity 25079K, committed 25280K, reserved 1071104K
  class space    used 3049K, capacity 3262K, committed 3300K, reserved 1048576K
2019-02-21T18:48:45.246-0700: 2.472: [GC (CMS Final Remark) 2019-02-21T18:48:45.246-0700: 2.472: [ParNew
Desired survivor size 20112992 bytes, new threshold 8 (max 8)
- age   1:       7808 bytes,       7808 total
- age   2:    3908936 bytes,    3916744 total
- age   3:    5168408 bytes,    9085152 total
: 15272K->12815K(109248K), 0.0096678 secs] 15272K->12815K(502464K), 0.0097403 secs] [Times: user=0.06 sys=0.00, real=0.01 secs] 
Heap after GC invocations=3 (full 1):
 par new generation   total 109248K, used 12815K [0x00000000e0000000, 0x00000000e8000000, 0x00000000e8000000)
  eden space 87424K,   0% used [0x00000000e0000000, 0x00000000e0000000, 0x00000000e5560000)
  from space 21824K,  58% used [0x00000000e6ab0000, 0x00000000e7733cc8, 0x00000000e8000000)
  to   space 21824K,   0% used [0x00000000e5560000, 0x00000000e5560000, 0x00000000e6ab0000)
 concurrent mark-sweep generation total 393216K, used 0K [0x00000000e8000000, 0x0000000100000000, 0x0000000100000000)
 Metaspace       used 24554K, capacity 25079K, committed 25280K, reserved 1071104K
  class space    used 3049K, capacity 3262K, committed 3300K, reserved 1048576K
}
2019-02-21T18:48:45.256-0700: 2.482: [Rescan (parallel) , 0.0029517 secs]2019-02-21T18:48:45.259-0700: 2.485: [weak refs processing, 0.0004991 secs]2019-02-21T18:48:45.259-0700: 2.486: [class unloading, 0.0038847 secs]2019-02-21T18:48:45.263-0700: 2.489: [scrub symbol table, 0.0081483 secs]2019-02-21T18:48:45.271-0700: 2.498: [scrub string table, 0.0003583 secs][1 CMS-remark: 0K(393216K)] 12815K(502464K), 0.0265643 secs] [Times: user=0.08 sys=0.00, real=0.03 secs] 
2019-02-21T18:48:45.273-0700: 2.499: Total time for which application threads were stopped: 0.0267149 seconds, Stopping threads took: 0.0000514 seconds
2019-02-21T18:48:45.273-0700: 2.499: [CMS-concurrent-sweep-start]
2019-02-21T18:48:45.273-0700: 2.499: [CMS-concurrent-sweep: 0.000/0.000 secs] [Times: user=0.00 sys=0.00, real=0.00 secs] 
2019-02-21T18:48:45.273-0700: 2.499: [CMS-concurrent-reset-start]
2019-02-21T18:48:45.276-0700: 2.502: [CMS-concurrent-reset: 0.003/0.003 secs] [Times: user=0.00 sys=0.00, real=0.00 secs] 
2019-02-21T18:48:45.702-0700: 2.929: Total time for which application threads were stopped: 0.0005840 seconds, Stopping threads took: 0.0000355 seconds
2019-02-21T18:48:45.729-0700: 2.956: Total time for which application threads were stopped: 0.0004159 seconds, Stopping threads took: 0.0000468 seconds
{Heap before GC invocations=3 (full 1):
 par new generation   total 109248K, used 100239K [0x00000000e0000000, 0x00000000e8000000, 0x00000000e8000000)
  eden space 87424K, 100% used [0x00000000e0000000, 0x00000000e5560000, 0x00000000e5560000)
  from space 21824K,  58% used [0x00000000e6ab0000, 0x00000000e7733cc8, 0x00000000e8000000)
  to   space 21824K,   0% used [0x00000000e5560000, 0x00000000e5560000, 0x00000000e6ab0000)
 concurrent mark-sweep generation total 393216K, used 0K [0x00000000e8000000, 0x0000000100000000, 0x0000000100000000)
 Metaspace       used 27885K, capacity 28499K, committed 28864K, reserved 1075200K
  class space    used 3492K, capacity 3688K, committed 3812K, reserved 1048576K
2019-02-21T18:48:45.744-0700: 2.971: [GC (Allocation Failure) 2019-02-21T18:48:45.744-0700: 2.971: [ParNew
Desired survivor size 20112992 bytes, new threshold 8 (max 8)
- age   1:    4883168 bytes,    4883168 total
- age   2:        616 bytes,    4883784 total
- age   3:    2843408 bytes,    7727192 total
- age   4:    5090608 bytes,   12817800 total
: 100239K->16195K(109248K), 0.0085133 secs] 100239K->16195K(502464K), 0.0085791 secs] [Times: user=0.08 sys=0.00, real=0.01 secs] 
Heap after GC invocations=4 (full 1):
 par new generation   total 109248K, used 16195K [0x00000000e0000000, 0x00000000e8000000, 0x00000000e8000000)
  eden space 87424K,   0% used [0x00000000e0000000, 0x00000000e0000000, 0x00000000e5560000)
  from space 21824K,  74% used [0x00000000e5560000, 0x00000000e6530fd0, 0x00000000e6ab0000)
  to   space 21824K,   0% used [0x00000000e6ab0000, 0x00000000e6ab0000, 0x00000000e8000000)
 concurrent mark-sweep generation total 393216K, used 0K [0x00000000e8000000, 0x0000000100000000, 0x0000000100000000)
 Metaspace       used 27885K, capacity 28499K, committed 28864K, reserved 1075200K
  class space    used 3492K, capacity 3688K, committed 3812K, reserved 1048576K
}
2019-02-21T18:48:45.753-0700: 2.979: Total time for which application threads were stopped: 0.0088119 seconds, Stopping threads took: 0.0000319 seconds
2019-02-21T18:48:45.890-0700: 3.116: Total time for which application threads were stopped: 0.0004925 seconds, Stopping threads took: 0.0000658 seconds
{Heap before GC invocations=4 (full 1):
 par new generation   total 109248K, used 103619K [0x00000000e0000000, 0x00000000e8000000, 0x00000000e8000000)
  eden space 87424K, 100% used [0x00000000e0000000, 0x00000000e5560000, 0x00000000e5560000)
  from space 21824K,  74% used [0x00000000e5560000, 0x00000000e6530fd0, 0x00000000e6ab0000)
  to   space 21824K,   0% used [0x00000000e6ab0000, 0x00000000e6ab0000, 0x00000000e8000000)
 concurrent mark-sweep generation total 393216K, used 0K [0x00000000e8000000, 0x0000000100000000, 0x0000000100000000)
 Metaspace       used 32009K, capacity 32839K, committed 33088K, reserved 1077248K
  class space    used 4087K, capacity 4360K, committed 4452K, reserved 1048576K
2019-02-21T18:48:46.126-0700: 3.353: [GC (Allocation Failure) 2019-02-21T18:48:46.126-0700: 3.353: [ParNew
Desired survivor size 20112992 bytes, new threshold 8 (max 8)
- age   1:    3918048 bytes,    3918048 total
- age   2:    1644264 bytes,    5562312 total
- age   3:        616 bytes,    5562928 total
- age   4:    2835680 bytes,    8398608 total
- age   5:    4994208 bytes,   13392816 total
: 103619K->16957K(109248K), 0.0119821 secs] 103619K->16957K(502464K), 0.0120932 secs] [Times: user=0.00 sys=0.00, real=0.01 secs] 
Heap after GC invocations=5 (full 1):
 par new generation   total 109248K, used 16957K [0x00000000e0000000, 0x00000000e8000000, 0x00000000e8000000)
  eden space 87424K,   0% used [0x00000000e0000000, 0x00000000e0000000, 0x00000000e5560000)
  from space 21824K,  77% used [0x00000000e6ab0000, 0x00000000e7b3f620, 0x00000000e8000000)
  to   space 21824K,   0% used [0x00000000e5560000, 0x00000000e5560000, 0x00000000e6ab0000)
 concurrent mark-sweep generation total 393216K, used 0K [0x00000000e8000000, 0x0000000100000000, 0x0000000100000000)
 Metaspace       used 32009K, capacity 32839K, committed 33088K, reserved 1077248K
  class space    used 4087K, capacity 4360K, committed 4452K, reserved 1048576K
}
2019-02-21T18:48:46.139-0700: 3.366: Total time for which application threads were stopped: 0.0123707 seconds, Stopping threads took: 0.0000663 seconds
{Heap before GC invocations=5 (full 1):
 par new generation   total 109248K, used 104381K [0x00000000e0000000, 0x00000000e8000000, 0x00000000e8000000)
  eden space 87424K, 100% used [0x00000000e0000000, 0x00000000e5560000, 0x00000000e5560000)
  from space 21824K,  77% used [0x00000000e6ab0000, 0x00000000e7b3f620, 0x00000000e8000000)
  to   space 21824K,   0% used [0x00000000e5560000, 0x00000000e5560000, 0x00000000e6ab0000)
 concurrent mark-sweep generation total 393216K, used 0K [0x00000000e8000000, 0x0000000100000000, 0x0000000100000000)
 Metaspace       used 34819K, capacity 35597K, committed 35776K, reserved 1081344K
  class space    used 4503K, capacity 4755K, committed 4836K, reserved 1048576K
2019-02-21T18:48:46.537-0700: 3.764: [GC (Allocation Failure) 2019-02-21T18:48:46.537-0700: 3.764: [ParNew
Desired survivor size 20112992 bytes, new threshold 8 (max 8)
- age   1:    4210344 bytes,    4210344 total
- age   2:    1113672 bytes,    5324016 total
- age   3:    1612272 bytes,    6936288 total
- age   4:        616 bytes,    6936904 total
- age   5:    2828104 bytes,    9765008 total
- age   6:    4987296 bytes,   14752304 total
: 104381K->19338K(109248K), 0.0116598 secs] 104381K->19338K(502464K), 0.0117390 secs] [Times: user=0.08 sys=0.00, real=0.01 secs] 
Heap after GC invocations=6 (full 1):
 par new generation   total 109248K, used 19338K [0x00000000e0000000, 0x00000000e8000000, 0x00000000e8000000)
  eden space 87424K,   0% used [0x00000000e0000000, 0x00000000e0000000, 0x00000000e5560000)
  from space 21824K,  88% used [0x00000000e5560000, 0x00000000e6842920, 0x00000000e6ab0000)
  to   space 21824K,   0% used [0x00000000e6ab0000, 0x00000000e6ab0000, 0x00000000e8000000)
 concurrent mark-sweep generation total 393216K, used 0K [0x00000000e8000000, 0x0000000100000000, 0x0000000100000000)
 Metaspace       used 34819K, capacity 35597K, committed 35776K, reserved 1081344K
  class space    used 4503K, capacity 4755K, committed 4836K, reserved 1048576K
}
2019-02-21T18:48:46.548-0700: 3.775: Total time for which application threads were stopped: 0.0120325 seconds, Stopping threads took: 0.0000370 seconds
2019-02-21T18:48:46.594-0700: 3.821: Total time for which application threads were stopped: 0.0005002 seconds, Stopping threads took: 0.0000442 seconds
2019-02-21T18:48:46.612-0700: 3.838: Total time for which application threads were stopped: 0.0003881 seconds, Stopping threads took: 0.0000252 seconds
2019-02-21T18:48:46.661-0700: 3.887: Total time for which application threads were stopped: 0.0004143 seconds, Stopping threads took: 0.0000324 seconds
2019-02-21T18:48:46.704-0700: 3.930: Total time for which application threads were stopped: 0.0004231 seconds, Stopping threads took: 0.0000262 seconds
2019-02-21T18:48:46.936-0700: 4.163: Total time for which application threads were stopped: 0.0004842 seconds, Stopping threads took: 0.0000303 seconds
2019-02-21T18:48:47.316-0700: 4.542: Total time for which application threads were stopped: 0.0001074 seconds, Stopping threads took: 0.0000339 seconds
2019-02-21T18:48:47.316-0700: 4.543: Total time for which application threads were stopped: 0.0000699 seconds, Stopping threads took: 0.0000195 seconds
2019-02-21T18:48:48.316-0700: 5.543: Total time for which application threads were stopped: 0.0001768 seconds, Stopping threads took: 0.0000596 seconds
2019-02-21T18:48:57.329-0700: 14.555: Total time for which application threads were stopped: 0.0001861 seconds, Stopping threads took: 0.0000709 seconds
2019-02-21T18:48:57.333-0700: 14.560: Total time for which application threads were stopped: 0.0003053 seconds, Stopping threads took: 0.0001707 seconds
2019-02-21T18:48:58.334-0700: 15.560: Total time for which application threads were stopped: 0.0002154 seconds, Stopping threads took: 0.0000776 seconds
2019-02-21T18:49:08.338-0700: 25.565: Total time for which application threads were stopped: 0.0001861 seconds, Stopping threads took: 0.0000560 seconds
2019-02-21T18:49:18.342-0700: 35.569: Total time for which application threads were stopped: 0.0002128 seconds, Stopping threads took: 0.0000807 seconds
2019-02-21T18:49:28.348-0700: 45.574: Total time for which application threads were stopped: 0.0002354 seconds, Stopping threads took: 0.0000622 seconds
2019-02-21T18:49:45.357-0700: 62.583: Total time for which application threads were stopped: 0.0003182 seconds, Stopping threads took: 0.0000961 seconds
2019-02-21T18:49:45.393-0700: 62.620: Total time for which application threads were stopped: 0.0005156 seconds, Stopping threads took: 0.0000432 seconds
2019-02-21T18:49:46.394-0700: 63.620: Total time for which application threads were stopped: 0.0002324 seconds, Stopping threads took: 0.0000740 seconds
2019-02-21T18:49:47.395-0700: 64.621: Total time for which application threads were stopped: 0.0002174 seconds, Stopping threads took: 0.0000848 seconds
2019-02-21T18:49:58.398-0700: 75.624: Total time for which application threads were stopped: 0.0002200 seconds, Stopping threads took: 0.0000936 seconds
2019-02-21T18:50:45.415-0700: 122.642: Total time for which application threads were stopped: 0.0002524 seconds, Stopping threads took: 0.0000822 seconds
2019-02-21T18:50:46.416-0700: 123.642: Total time for which application threads were stopped: 0.0001948 seconds, Stopping threads took: 0.0000586 seconds
2019-02-21T18:50:48.417-0700: 125.643: Total time for which application threads were stopped: 0.0002817 seconds, Stopping threads took: 0.0000735 seconds
2019-02-21T18:51:38.443-0700: 175.670: Total time for which application threads were stopped: 0.0000730 seconds, Stopping threads took: 0.0000262 seconds
2019-02-21T18:51:40.831-0700: 178.058: Total time for which application threads were stopped: 0.0000771 seconds, Stopping threads took: 0.0000247 seconds
2019-02-21T18:51:40.831-0700: 178.058: Total time for which application threads were stopped: 0.0000632 seconds, Stopping threads took: 0.0000185 seconds
2019-02-21T18:51:41.231-0700: 178.458: Total time for which application threads were stopped: 0.0000915 seconds, Stopping threads took: 0.0000195 seconds
2019-02-21T18:51:41.231-0700: 178.458: Total time for which application threads were stopped: 0.0000422 seconds, Stopping threads took: 0.0000129 seconds
2019-02-21T18:51:41.255-0700: 178.482: Total time for which application threads were stopped: 0.0004030 seconds, Stopping threads took: 0.0000211 seconds
2019-02-21T18:51:42.164-0700: 179.390: Total time for which application threads were stopped: 0.0001095 seconds, Stopping threads took: 0.0000365 seconds
2019-02-21T18:51:42.319-0700: 179.545: Total time for which application threads were stopped: 0.0001923 seconds, Stopping threads took: 0.0000432 seconds
2019-02-21T18:51:42.356-0700: 179.582: Total time for which application threads were stopped: 0.0002298 seconds, Stopping threads took: 0.0000437 seconds
2019-02-21T18:51:42.356-0700: 179.582: Total time for which application threads were stopped: 0.0001259 seconds, Stopping threads took: 0.0000576 seconds
2019-02-21T18:51:42.356-0700: 179.582: Total time for which application threads were stopped: 0.0000658 seconds, Stopping threads took: 0.0000262 seconds
2019-02-21T18:51:42.621-0700: 179.848: Total time for which application threads were stopped: 0.0011638 seconds, Stopping threads took: 0.0009885 seconds
2019-02-21T18:51:42.643-0700: 179.870: Total time for which application threads were stopped: 0.0002401 seconds, Stopping threads took: 0.0001702 seconds
2019-02-21T18:51:42.644-0700: 179.871: Total time for which application threads were stopped: 0.0001002 seconds, Stopping threads took: 0.0000370 seconds
2019-02-21T18:51:42.676-0700: 179.903: Total time for which application threads were stopped: 0.0009459 seconds, Stopping threads took: 0.0007721 seconds
{Heap before GC invocations=6 (full 1):
 par new generation   total 109248K, used 106762K [0x00000000e0000000, 0x00000000e8000000, 0x00000000e8000000)
  eden space 87424K, 100% used [0x00000000e0000000, 0x00000000e5560000, 0x00000000e5560000)
  from space 21824K,  88% used [0x00000000e5560000, 0x00000000e6842920, 0x00000000e6ab0000)
  to   space 21824K,   0% used [0x00000000e6ab0000, 0x00000000e6ab0000, 0x00000000e8000000)
 concurrent mark-sweep generation total 393216K, used 0K [0x00000000e8000000, 0x0000000100000000, 0x0000000100000000)
 Metaspace       used 38507K, capacity 39617K, committed 39744K, reserved 1083392K
  class space    used 4914K, capacity 5199K, committed 5220K, reserved 1048576K
2019-02-21T18:51:42.705-0700: 179.932: [GC (Allocation Failure) 2019-02-21T18:51:42.705-0700: 179.932: [ParNew
Desired survivor size 20112992 bytes, new threshold 7 (max 8)
- age   1:   13009272 bytes,   13009272 total
- age   2:     595896 bytes,   13605168 total
- age   3:     942768 bytes,   14547936 total
- age   4:    1285992 bytes,   15833928 total
- age   5:        392 bytes,   15834320 total
- age   6:    2615744 bytes,   18450064 total
- age   7:    3843904 bytes,   22293968 total
: 106762K->21824K(109248K), 0.0373744 secs] 106762K->35481K(502464K), 0.0375579 secs] [Times: user=0.13 sys=0.01, real=0.04 secs] 
Heap after GC invocations=7 (full 1):
 par new generation   total 109248K, used 21824K [0x00000000e0000000, 0x00000000e8000000, 0x00000000e8000000)
  eden space 87424K,   0% used [0x00000000e0000000, 0x00000000e0000000, 0x00000000e5560000)
  from space 21824K, 100% used [0x00000000e6ab0000, 0x00000000e8000000, 0x00000000e8000000)
  to   space 21824K,   0% used [0x00000000e5560000, 0x00000000e5560000, 0x00000000e6ab0000)
 concurrent mark-sweep generation total 393216K, used 13657K [0x00000000e8000000, 0x0000000100000000, 0x0000000100000000)
 Metaspace       used 38507K, capacity 39617K, committed 39744K, reserved 1083392K
  class space    used 4914K, capacity 5199K, committed 5220K, reserved 1048576K
}
2019-02-21T18:51:42.742-0700: 179.969: Total time for which application threads were stopped: 0.0382617 seconds, Stopping threads took: 0.0004421 seconds
2019-02-21T18:51:42.795-0700: 180.022: Total time for which application threads were stopped: 0.0027821 seconds, Stopping threads took: 0.0026361 seconds
2019-02-21T18:51:42.806-0700: 180.032: Total time for which application threads were stopped: 0.0006169 seconds, Stopping threads took: 0.0004236 seconds
2019-02-21T18:51:43.182-0700: 180.408: Total time for which application threads were stopped: 0.0687857 seconds, Stopping threads took: 0.0680805 seconds
2019-02-21T18:51:43.739-0700: 180.966: Total time for which application threads were stopped: 0.0002339 seconds, Stopping threads took: 0.0000504 seconds
2019-02-21T18:51:43.751-0700: 180.977: Total time for which application threads were stopped: 0.0001470 seconds, Stopping threads took: 0.0000529 seconds
2019-02-21T18:51:44.085-0700: 181.311: Total time for which application threads were stopped: 0.0903447 seconds, Stopping threads took: 0.0901643 seconds
2019-02-21T18:51:44.107-0700: 181.334: Total time for which application threads were stopped: 0.0051868 seconds, Stopping threads took: 0.0050377 seconds
2019-02-21T18:51:44.108-0700: 181.334: Total time for which application threads were stopped: 0.0001229 seconds, Stopping threads took: 0.0000355 seconds
2019-02-21T18:51:44.111-0700: 181.337: Total time for which application threads were stopped: 0.0023544 seconds, Stopping threads took: 0.0022382 seconds
{Heap before GC invocations=7 (full 1):
 par new generation   total 109248K, used 109248K [0x00000000e0000000, 0x00000000e8000000, 0x00000000e8000000)
  eden space 87424K, 100% used [0x00000000e0000000, 0x00000000e5560000, 0x00000000e5560000)
  from space 21824K, 100% used [0x00000000e6ab0000, 0x00000000e8000000, 0x00000000e8000000)
  to   space 21824K,   0% used [0x00000000e5560000, 0x00000000e5560000, 0x00000000e6ab0000)
 concurrent mark-sweep generation total 393216K, used 13657K [0x00000000e8000000, 0x0000000100000000, 0x0000000100000000)
 Metaspace       used 38749K, capacity 39809K, committed 40000K, reserved 1083392K
  class space    used 4915K, capacity 5199K, committed 5220K, reserved 1048576K
2019-02-21T18:51:44.214-0700: 181.441: [GC (Allocation Failure) 2019-02-21T18:51:44.214-0700: 181.441: [ParNew
Desired survivor size 20112992 bytes, new threshold 8 (max 8)
- age   1:    4059216 bytes,    4059216 total
- age   2:    8646816 bytes,   12706032 total
- age   3:     535560 bytes,   13241592 total
- age   4:     814808 bytes,   14056400 total
- age   5:     860600 bytes,   14917000 total
- age   6:        392 bytes,   14917392 total
- age   7:    2573392 bytes,   17490784 total
: 109248K->21824K(109248K), 0.0251116 secs] 122905K->44850K(502464K), 0.0252293 secs] [Times: user=0.16 sys=0.02, real=0.03 secs] 
Heap after GC invocations=8 (full 1):
 par new generation   total 109248K, used 21824K [0x00000000e0000000, 0x00000000e8000000, 0x00000000e8000000)
  eden space 87424K,   0% used [0x00000000e0000000, 0x00000000e0000000, 0x00000000e5560000)
  from space 21824K, 100% used [0x00000000e5560000, 0x00000000e6ab0000, 0x00000000e6ab0000)
  to   space 21824K,   0% used [0x00000000e6ab0000, 0x00000000e6ab0000, 0x00000000e8000000)
 concurrent mark-sweep generation total 393216K, used 23026K [0x00000000e8000000, 0x0000000100000000, 0x0000000100000000)
 Metaspace       used 38749K, capacity 39809K, committed 40000K, reserved 1083392K
  class space    used 4915K, capacity 5199K, committed 5220K, reserved 1048576K
}
2019-02-21T18:51:44.240-0700: 181.467: Total time for which application threads were stopped: 0.0256128 seconds, Stopping threads took: 0.0000725 seconds
2019-02-21T18:51:44.370-0700: 181.597: Total time for which application threads were stopped: 0.0006981 seconds, Stopping threads took: 0.0005356 seconds
{Heap before GC invocations=8 (full 1):
 par new generation   total 109248K, used 109248K [0x00000000e0000000, 0x00000000e8000000, 0x00000000e8000000)
  eden space 87424K, 100% used [0x00000000e0000000, 0x00000000e5560000, 0x00000000e5560000)
  from space 21824K, 100% used [0x00000000e5560000, 0x00000000e6ab0000, 0x00000000e6ab0000)
  to   space 21824K,   0% used [0x00000000e6ab0000, 0x00000000e6ab0000, 0x00000000e8000000)
 concurrent mark-sweep generation total 393216K, used 23026K [0x00000000e8000000, 0x0000000100000000, 0x0000000100000000)
 Metaspace       used 38841K, capacity 39937K, committed 40000K, reserved 1083392K
  class space    used 4915K, capacity 5199K, committed 5220K, reserved 1048576K
2019-02-21T18:51:44.958-0700: 182.184: [GC (Allocation Failure) 2019-02-21T18:51:44.958-0700: 182.184: [ParNew
Desired survivor size 20112992 bytes, new threshold 8 (max 8)
- age   1:    6565336 bytes,    6565336 total
- age   2:    2575760 bytes,    9141096 total
- age   3:    8400088 bytes,   17541184 total
- age   4:     536592 bytes,   18077776 total
- age   5:     814976 bytes,   18892752 total
- age   6:     860936 bytes,   19753688 total
- age   7:        392 bytes,   19754080 total
- age   8:    2573392 bytes,   22327472 total
: 109248K->21824K(109248K), 0.0227223 secs] 132274K->51739K(502464K), 0.0229305 secs] [Times: user=0.08 sys=0.00, real=0.02 secs] 
Heap after GC invocations=9 (full 1):
 par new generation   total 109248K, used 21824K [0x00000000e0000000, 0x00000000e8000000, 0x00000000e8000000)
  eden space 87424K,   0% used [0x00000000e0000000, 0x00000000e0000000, 0x00000000e5560000)
  from space 21824K, 100% used [0x00000000e6ab0000, 0x00000000e8000000, 0x00000000e8000000)
  to   space 21824K,   0% used [0x00000000e5560000, 0x00000000e5560000, 0x00000000e6ab0000)
 concurrent mark-sweep generation total 393216K, used 29915K [0x00000000e8000000, 0x0000000100000000, 0x0000000100000000)
 Metaspace       used 38841K, capacity 39937K, committed 40000K, reserved 1083392K
  class space    used 4915K, capacity 5199K, committed 5220K, reserved 1048576K
}
2019-02-21T18:51:44.981-0700: 182.207: Total time for which application threads were stopped: 0.0234070 seconds, Stopping threads took: 0.0000622 seconds
2019-02-21T18:51:45.522-0700: 182.748: Total time for which application threads were stopped: 0.0014553 seconds, Stopping threads took: 0.0011361 seconds
2019-02-21T18:51:45.529-0700: 182.755: Total time for which application threads were stopped: 0.0003131 seconds, Stopping threads took: 0.0000709 seconds
2019-02-21T18:51:45.529-0700: 182.755: Total time for which application threads were stopped: 0.0001707 seconds, Stopping threads took: 0.0000370 seconds
{Heap before GC invocations=9 (full 1):
 par new generation   total 109248K, used 109248K [0x00000000e0000000, 0x00000000e8000000, 0x00000000e8000000)
  eden space 87424K, 100% used [0x00000000e0000000, 0x00000000e5560000, 0x00000000e5560000)
  from space 21824K, 100% used [0x00000000e6ab0000, 0x00000000e8000000, 0x00000000e8000000)
  to   space 21824K,   0% used [0x00000000e5560000, 0x00000000e5560000, 0x00000000e6ab0000)
 concurrent mark-sweep generation total 393216K, used 29915K [0x00000000e8000000, 0x0000000100000000, 0x0000000100000000)
 Metaspace       used 38963K, capacity 40065K, committed 40256K, reserved 1085440K
  class space    used 4915K, capacity 5199K, committed 5220K, reserved 1048576K
2019-02-21T18:51:45.649-0700: 182.876: [GC (Allocation Failure) 2019-02-21T18:51:45.649-0700: 182.876: [ParNew
Desired survivor size 20112992 bytes, new threshold 8 (max 8)
- age   1:    6091264 bytes,    6091264 total
- age   2:    3047048 bytes,    9138312 total
- age   3:    2242608 bytes,   11380920 total
- age   4:    4483208 bytes,   15864128 total
- age   5:     512512 bytes,   16376640 total
- age   6:     790320 bytes,   17166960 total
- age   7:     841872 bytes,   18008832 total
- age   8:        392 bytes,   18009224 total
: 109248K->21824K(109248K), 0.0247780 secs] 139163K->61078K(502464K), 0.0248993 secs] [Times: user=0.03 sys=0.05, real=0.03 secs] 
Heap after GC invocations=10 (full 1):
 par new generation   total 109248K, used 21824K [0x00000000e0000000, 0x00000000e8000000, 0x00000000e8000000)
  eden space 87424K,   0% used [0x00000000e0000000, 0x00000000e0000000, 0x00000000e5560000)
  from space 21824K, 100% used [0x00000000e5560000, 0x00000000e6ab0000, 0x00000000e6ab0000)
  to   space 21824K,   0% used [0x00000000e6ab0000, 0x00000000e6ab0000, 0x00000000e8000000)
 concurrent mark-sweep generation total 393216K, used 39254K [0x00000000e8000000, 0x0000000100000000, 0x0000000100000000)
 Metaspace       used 38963K, capacity 40065K, committed 40256K, reserved 1085440K
  class space    used 4915K, capacity 5199K, committed 5220K, reserved 1048576K
}
2019-02-21T18:51:45.674-0700: 182.901: Total time for which application threads were stopped: 0.0253121 seconds, Stopping threads took: 0.0000905 seconds
2019-02-21T18:51:45.853-0700: 183.080: Total time for which application threads were stopped: 0.0063892 seconds, Stopping threads took: 0.0061301 seconds
2019-02-21T18:51:45.855-0700: 183.081: Total time for which application threads were stopped: 0.0010194 seconds, Stopping threads took: 0.0000740 seconds
2019-02-21T18:51:45.863-0700: 183.090: Total time for which application threads were stopped: 0.0002488 seconds, Stopping threads took: 0.0000699 seconds
2019-02-21T18:51:45.894-0700: 183.120: Total time for which application threads were stopped: 0.0122289 seconds, Stopping threads took: 0.0120469 seconds
2019-02-21T18:51:46.133-0700: 183.360: Total time for which application threads were stopped: 0.0001943 seconds, Stopping threads took: 0.0000514 seconds
2019-02-21T18:51:46.136-0700: 183.362: Total time for which application threads were stopped: 0.0001887 seconds, Stopping threads took: 0.0000617 seconds
2019-02-21T18:51:46.167-0700: 183.393: Total time for which application threads were stopped: 0.0002277 seconds, Stopping threads took: 0.0000643 seconds
2019-02-21T18:51:46.168-0700: 183.395: Total time for which application threads were stopped: 0.0002015 seconds, Stopping threads took: 0.0000643 seconds
{Heap before GC invocations=10 (full 1):
 par new generation   total 109248K, used 109248K [0x00000000e0000000, 0x00000000e8000000, 0x00000000e8000000)
  eden space 87424K, 100% used [0x00000000e0000000, 0x00000000e5560000, 0x00000000e5560000)
  from space 21824K, 100% used [0x00000000e5560000, 0x00000000e6ab0000, 0x00000000e6ab0000)
  to   space 21824K,   0% used [0x00000000e6ab0000, 0x00000000e6ab0000, 0x00000000e8000000)
 concurrent mark-sweep generation total 393216K, used 39254K [0x00000000e8000000, 0x0000000100000000, 0x0000000100000000)
 Metaspace       used 39044K, capacity 40129K, committed 40256K, reserved 1085440K
  class space    used 4915K, capacity 5199K, committed 5220K, reserved 1048576K
2019-02-21T18:51:46.320-0700: 183.546: [GC (Allocation Failure) 2019-02-21T18:51:46.320-0700: 183.546: [ParNew
Desired survivor size 20112992 bytes, new threshold 8 (max 8)
- age   1:    5281088 bytes,    5281088 total
- age   2:    3804128 bytes,    9085216 total
- age   3:    1457912 bytes,   10543128 total
- age   4:    2043736 bytes,   12586864 total
- age   5:    4413896 bytes,   17000760 total
- age   6:     491080 bytes,   17491840 total
- age   7:     750904 bytes,   18242744 total
- age   8:     791616 bytes,   19034360 total
: 109248K->21824K(109248K), 0.0150279 secs] 148502K->63823K(502464K), 0.0151364 secs] [Times: user=0.09 sys=0.00, real=0.02 secs] 
Heap after GC invocations=11 (full 1):
 par new generation   total 109248K, used 21824K [0x00000000e0000000, 0x00000000e8000000, 0x00000000e8000000)
  eden space 87424K,   0% used [0x00000000e0000000, 0x00000000e0000000, 0x00000000e5560000)
  from space 21824K, 100% used [0x00000000e6ab0000, 0x00000000e8000000, 0x00000000e8000000)
  to   space 21824K,   0% used [0x00000000e5560000, 0x00000000e5560000, 0x00000000e6ab0000)
 concurrent mark-sweep generation total 393216K, used 41999K [0x00000000e8000000, 0x0000000100000000, 0x0000000100000000)
 Metaspace       used 39044K, capacity 40129K, committed 40256K, reserved 1085440K
  class space    used 4915K, capacity 5199K, committed 5220K, reserved 1048576K
}
2019-02-21T18:51:46.335-0700: 183.561: Total time for which application threads were stopped: 0.0154957 seconds, Stopping threads took: 0.0000375 seconds
{Heap before GC invocations=11 (full 1):
 par new generation   total 109248K, used 109248K [0x00000000e0000000, 0x00000000e8000000, 0x00000000e8000000)
  eden space 87424K, 100% used [0x00000000e0000000, 0x00000000e5560000, 0x00000000e5560000)
  from space 21824K, 100% used [0x00000000e6ab0000, 0x00000000e8000000, 0x00000000e8000000)
  to   space 21824K,   0% used [0x00000000e5560000, 0x00000000e5560000, 0x00000000e6ab0000)
 concurrent mark-sweep generation total 393216K, used 41999K [0x00000000e8000000, 0x0000000100000000, 0x0000000100000000)
 Metaspace       used 39067K, capacity 40193K, committed 40256K, reserved 1085440K
  class space    used 4916K, capacity 5199K, committed 5220K, reserved 1048576K
2019-02-21T18:51:47.008-0700: 184.234: [GC (Allocation Failure) 2019-02-21T18:51:47.008-0700: 184.234: [ParNew
Desired survivor size 20112992 bytes, new threshold 8 (max 8)
- age   1:    4778248 bytes,    4778248 total
- age   2:    2805944 bytes,    7584192 total
- age   3:    3455104 bytes,   11039296 total
- age   4:    1228064 bytes,   12267360 total
- age   5:    1786480 bytes,   14053840 total
- age   6:    4281328 bytes,   18335168 total
- age   7:     485856 bytes,   18821024 total
- age   8:     750488 bytes,   19571512 total
: 109248K->21824K(109248K), 0.0183579 secs] 151247K->67949K(502464K), 0.0185122 secs] [Times: user=0.06 sys=0.00, real=0.02 secs] 
Heap after GC invocations=12 (full 1):
 par new generation   total 109248K, used 21824K [0x00000000e0000000, 0x00000000e8000000, 0x00000000e8000000)
  eden space 87424K,   0% used [0x00000000e0000000, 0x00000000e0000000, 0x00000000e5560000)
  from space 21824K, 100% used [0x00000000e5560000, 0x00000000e6ab0000, 0x00000000e6ab0000)
  to   space 21824K,   0% used [0x00000000e6ab0000, 0x00000000e6ab0000, 0x00000000e8000000)
 concurrent mark-sweep generation total 393216K, used 46125K [0x00000000e8000000, 0x0000000100000000, 0x0000000100000000)
 Metaspace       used 39067K, capacity 40193K, committed 40256K, reserved 1085440K
  class space    used 4916K, capacity 5199K, committed 5220K, reserved 1048576K
}
2019-02-21T18:51:47.026-0700: 184.253: Total time for which application threads were stopped: 0.0190699 seconds, Stopping threads took: 0.0000612 seconds
2019-02-21T18:51:47.040-0700: 184.267: Total time for which application threads were stopped: 0.0004123 seconds, Stopping threads took: 0.0002221 seconds
{Heap before GC invocations=12 (full 1):
 par new generation   total 109248K, used 109248K [0x00000000e0000000, 0x00000000e8000000, 0x00000000e8000000)
  eden space 87424K, 100% used [0x00000000e0000000, 0x00000000e5560000, 0x00000000e5560000)
  from space 21824K, 100% used [0x00000000e5560000, 0x00000000e6ab0000, 0x00000000e6ab0000)
  to   space 21824K,   0% used [0x00000000e6ab0000, 0x00000000e6ab0000, 0x00000000e8000000)
 concurrent mark-sweep generation total 393216K, used 46125K [0x00000000e8000000, 0x0000000100000000, 0x0000000100000000)
 Metaspace       used 39079K, capacity 40193K, committed 40256K, reserved 1085440K
  class space    used 4916K, capacity 5199K, committed 5220K, reserved 1048576K
2019-02-21T18:51:47.530-0700: 184.756: [GC (Allocation Failure) 2019-02-21T18:51:47.530-0700: 184.756: [ParNew
Desired survivor size 20112992 bytes, new threshold 7 (max 8)
- age   1:    8700272 bytes,    8700272 total
- age   2:    2082224 bytes,   10782496 total
- age   3:    1794616 bytes,   12577112 total
- age   4:    3077584 bytes,   15654696 total
- age   5:     907544 bytes,   16562240 total
- age   6:    1749912 bytes,   18312152 total
- age   7:    3603960 bytes,   21916112 total
- age   8:     409104 bytes,   22325216 total
: 109248K->21824K(109248K), 0.0305791 secs] 155373K->86362K(502464K), 0.0306824 secs] [Times: user=0.13 sys=0.00, real=0.03 secs] 
Heap after GC invocations=13 (full 1):
 par new generation   total 109248K, used 21824K [0x00000000e0000000, 0x00000000e8000000, 0x00000000e8000000)
  eden space 87424K,   0% used [0x00000000e0000000, 0x00000000e0000000, 0x00000000e5560000)
  from space 21824K, 100% used [0x00000000e6ab0000, 0x00000000e8000000, 0x00000000e8000000)
  to   space 21824K,   0% used [0x00000000e5560000, 0x00000000e5560000, 0x00000000e6ab0000)
 concurrent mark-sweep generation total 393216K, used 64538K [0x00000000e8000000, 0x0000000100000000, 0x0000000100000000)
 Metaspace       used 39079K, capacity 40193K, committed 40256K, reserved 1085440K
  class space    used 4916K, capacity 5199K, committed 5220K, reserved 1048576K
}
2019-02-21T18:51:47.561-0700: 184.787: Total time for which application threads were stopped: 0.0310860 seconds, Stopping threads took: 0.0000540 seconds
2019-02-21T18:51:47.564-0700: 184.790: Total time for which application threads were stopped: 0.0003727 seconds, Stopping threads took: 0.0001229 seconds
2019-02-21T18:51:47.566-0700: 184.792: Total time for which application threads were stopped: 0.0003614 seconds, Stopping threads took: 0.0001013 seconds
2019-02-21T18:51:47.640-0700: 184.866: Total time for which application threads were stopped: 0.0002514 seconds, Stopping threads took: 0.0000668 seconds
{Heap before GC invocations=13 (full 1):
 par new generation   total 109248K, used 109248K [0x00000000e0000000, 0x00000000e8000000, 0x00000000e8000000)
  eden space 87424K, 100% used [0x00000000e0000000, 0x00000000e5560000, 0x00000000e5560000)
  from space 21824K, 100% used [0x00000000e6ab0000, 0x00000000e8000000, 0x00000000e8000000)
  to   space 21824K,   0% used [0x00000000e5560000, 0x00000000e5560000, 0x00000000e6ab0000)
 concurrent mark-sweep generation total 393216K, used 64538K [0x00000000e8000000, 0x0000000100000000, 0x0000000100000000)
 Metaspace       used 39084K, capacity 40193K, committed 40256K, reserved 1085440K
  class space    used 4917K, capacity 5199K, committed 5220K, reserved 1048576K
2019-02-21T18:51:48.056-0700: 185.282: [GC (Allocation Failure) 2019-02-21T18:51:48.056-0700: 185.282: [ParNew
Desired survivor size 20112992 bytes, new threshold 7 (max 8)
- age   1:    8781272 bytes,    8781272 total
- age   2:    3918224 bytes,   12699496 total
- age   3:     964536 bytes,   13664032 total
- age   4:    1341352 bytes,   15005384 total
- age   5:    2741272 bytes,   17746656 total
- age   6:     777096 bytes,   18523752 total
- age   7:    1689896 bytes,   20213648 total
: 109248K->21824K(109248K), 0.0265947 secs] 173786K->101521K(502464K), 0.0266923 secs] [Times: user=0.03 sys=0.02, real=0.03 secs] 
Heap after GC invocations=14 (full 1):
 par new generation   total 109248K, used 21824K [0x00000000e0000000, 0x00000000e8000000, 0x00000000e8000000)
  eden space 87424K,   0% used [0x00000000e0000000, 0x00000000e0000000, 0x00000000e5560000)
  from space 21824K, 100% used [0x00000000e5560000, 0x00000000e6ab0000, 0x00000000e6ab0000)
  to   space 21824K,   0% used [0x00000000e6ab0000, 0x00000000e6ab0000, 0x00000000e8000000)
 concurrent mark-sweep generation total 393216K, used 79697K [0x00000000e8000000, 0x0000000100000000, 0x0000000100000000)
 Metaspace       used 39084K, capacity 40193K, committed 40256K, reserved 1085440K
  class space    used 4917K, capacity 5199K, committed 5220K, reserved 1048576K
}
2019-02-21T18:51:48.083-0700: 185.309: Total time for which application threads were stopped: 0.0270897 seconds, Stopping threads took: 0.0000961 seconds
{Heap before GC invocations=14 (full 1):
 par new generation   total 109248K, used 109248K [0x00000000e0000000, 0x00000000e8000000, 0x00000000e8000000)
  eden space 87424K, 100% used [0x00000000e0000000, 0x00000000e5560000, 0x00000000e5560000)
  from space 21824K, 100% used [0x00000000e5560000, 0x00000000e6ab0000, 0x00000000e6ab0000)
  to   space 21824K,   0% used [0x00000000e6ab0000, 0x00000000e6ab0000, 0x00000000e8000000)
 concurrent mark-sweep generation total 393216K, used 79697K [0x00000000e8000000, 0x0000000100000000, 0x0000000100000000)
 Metaspace       used 39087K, capacity 40193K, committed 40256K, reserved 1085440K
  class space    used 4917K, capacity 5199K, committed 5220K, reserved 1048576K
2019-02-21T18:51:48.556-0700: 185.782: [GC (Allocation Failure) 2019-02-21T18:51:48.556-0700: 185.783: [ParNew
Desired survivor size 20112992 bytes, new threshold 6 (max 8)
- age   1:    8617208 bytes,    8617208 total
- age   2:    6396944 bytes,   15014152 total
- age   3:    3330600 bytes,   18344752 total
- age   4:     712408 bytes,   19057160 total
- age   5:     829896 bytes,   19887056 total
- age   6:    1727816 bytes,   21614872 total
- age   7:     804400 bytes,   22419272 total
: 109248K->21824K(109248K), 0.0222334 secs] 188945K->111590K(502464K), 0.0223547 secs] [Times: user=0.06 sys=0.00, real=0.02 secs] 
Heap after GC invocations=15 (full 1):
 par new generation   total 109248K, used 21824K [0x00000000e0000000, 0x00000000e8000000, 0x00000000e8000000)
  eden space 87424K,   0% used [0x00000000e0000000, 0x00000000e0000000, 0x00000000e5560000)
  from space 21824K, 100% used [0x00000000e6ab0000, 0x00000000e8000000, 0x00000000e8000000)
  to   space 21824K,   0% used [0x00000000e5560000, 0x00000000e5560000, 0x00000000e6ab0000)
 concurrent mark-sweep generation total 393216K, used 89766K [0x00000000e8000000, 0x0000000100000000, 0x0000000100000000)
 Metaspace       used 39087K, capacity 40193K, committed 40256K, reserved 1085440K
  class space    used 4917K, capacity 5199K, committed 5220K, reserved 1048576K
}
2019-02-21T18:51:48.578-0700: 185.805: Total time for which application threads were stopped: 0.0228585 seconds, Stopping threads took: 0.0000699 seconds
2019-02-21T18:51:48.583-0700: 185.809: Total time for which application threads were stopped: 0.0003300 seconds, Stopping threads took: 0.0001409 seconds
{Heap before GC invocations=15 (full 1):
 par new generation   total 109248K, used 109248K [0x00000000e0000000, 0x00000000e8000000, 0x00000000e8000000)
  eden space 87424K, 100% used [0x00000000e0000000, 0x00000000e5560000, 0x00000000e5560000)
  from space 21824K, 100% used [0x00000000e6ab0000, 0x00000000e8000000, 0x00000000e8000000)
  to   space 21824K,   0% used [0x00000000e5560000, 0x00000000e5560000, 0x00000000e6ab0000)
 concurrent mark-sweep generation total 393216K, used 89766K [0x00000000e8000000, 0x0000000100000000, 0x0000000100000000)
 Metaspace       used 39088K, capacity 40193K, committed 40256K, reserved 1085440K
  class space    used 4917K, capacity 5199K, committed 5220K, reserved 1048576K
2019-02-21T18:51:49.210-0700: 186.437: [GC (Allocation Failure) 2019-02-21T18:51:49.210-0700: 186.437: [ParNew
Desired survivor size 20112992 bytes, new threshold 4 (max 8)
- age   1:    8418920 bytes,    8418920 total
- age   2:    4915080 bytes,   13334000 total
- age   3:    3902592 bytes,   17236592 total
- age   4:    2892192 bytes,   20128784 total
- age   5:     597568 bytes,   20726352 total
- age   6:     743672 bytes,   21470024 total
: 109248K->21824K(109248K), 0.0223501 secs] 199014K->122191K(502464K), 0.0224488 secs] [Times: user=0.06 sys=0.00, real=0.02 secs] 
Heap after GC invocations=16 (full 1):
 par new generation   total 109248K, used 21824K [0x00000000e0000000, 0x00000000e8000000, 0x00000000e8000000)
  eden space 87424K,   0% used [0x00000000e0000000, 0x00000000e0000000, 0x00000000e5560000)
  from space 21824K, 100% used [0x00000000e5560000, 0x00000000e6ab0000, 0x00000000e6ab0000)
  to   space 21824K,   0% used [0x00000000e6ab0000, 0x00000000e6ab0000, 0x00000000e8000000)
 concurrent mark-sweep generation total 393216K, used 100367K [0x00000000e8000000, 0x0000000100000000, 0x0000000100000000)
 Metaspace       used 39088K, capacity 40193K, committed 40256K, reserved 1085440K
  class space    used 4917K, capacity 5199K, committed 5220K, reserved 1048576K
}
2019-02-21T18:51:49.233-0700: 186.460: Total time for which application threads were stopped: 0.0227773 seconds, Stopping threads took: 0.0000324 seconds
{Heap before GC invocations=16 (full 1):
 par new generation   total 109248K, used 109248K [0x00000000e0000000, 0x00000000e8000000, 0x00000000e8000000)
  eden space 87424K, 100% used [0x00000000e0000000, 0x00000000e5560000, 0x00000000e5560000)
  from space 21824K, 100% used [0x00000000e5560000, 0x00000000e6ab0000, 0x00000000e6ab0000)
  to   space 21824K,   0% used [0x00000000e6ab0000, 0x00000000e6ab0000, 0x00000000e8000000)
 concurrent mark-sweep generation total 393216K, used 100367K [0x00000000e8000000, 0x0000000100000000, 0x0000000100000000)
 Metaspace       used 39089K, capacity 40193K, committed 40256K, reserved 1085440K
  class space    used 4917K, capacity 5199K, committed 5220K, reserved 1048576K
2019-02-21T18:51:49.908-0700: 187.135: [GC (Allocation Failure) 2019-02-21T18:51:49.909-0700: 187.135: [ParNew
Desired survivor size 20112992 bytes, new threshold 4 (max 8)
- age   1:    5909984 bytes,    5909984 total
- age   2:    7525008 bytes,   13434992 total
- age   3:    3531792 bytes,   16966784 total
- age   4:    3827912 bytes,   20794696 total
: 109248K->21824K(109248K), 0.0185564 secs] 209615K->129485K(502464K), 0.0186695 secs] [Times: user=0.06 sys=0.00, real=0.02 secs] 
Heap after GC invocations=17 (full 1):
 par new generation   total 109248K, used 21824K [0x00000000e0000000, 0x00000000e8000000, 0x00000000e8000000)
  eden space 87424K,   0% used [0x00000000e0000000, 0x00000000e0000000, 0x00000000e5560000)
  from space 21824K, 100% used [0x00000000e6ab0000, 0x00000000e8000000, 0x00000000e8000000)
  to   space 21824K,   0% used [0x00000000e5560000, 0x00000000e5560000, 0x00000000e6ab0000)
 concurrent mark-sweep generation total 393216K, used 107661K [0x00000000e8000000, 0x0000000100000000, 0x0000000100000000)
 Metaspace       used 39089K, capacity 40193K, committed 40256K, reserved 1085440K
  class space    used 4917K, capacity 5199K, committed 5220K, reserved 1048576K
}
2019-02-21T18:51:49.927-0700: 187.154: Total time for which application threads were stopped: 0.0190704 seconds, Stopping threads took: 0.0000612 seconds
{Heap before GC invocations=17 (full 1):
 par new generation   total 109248K, used 109248K [0x00000000e0000000, 0x00000000e8000000, 0x00000000e8000000)
  eden space 87424K, 100% used [0x00000000e0000000, 0x00000000e5560000, 0x00000000e5560000)
  from space 21824K, 100% used [0x00000000e6ab0000, 0x00000000e8000000, 0x00000000e8000000)
  to   space 21824K,   0% used [0x00000000e5560000, 0x00000000e5560000, 0x00000000e6ab0000)
 concurrent mark-sweep generation total 393216K, used 107661K [0x00000000e8000000, 0x0000000100000000, 0x0000000100000000)
 Metaspace       used 39089K, capacity 40193K, committed 40256K, reserved 1085440K
  class space    used 4917K, capacity 5199K, committed 5220K, reserved 1048576K
2019-02-21T18:51:50.543-0700: 187.770: [GC (Allocation Failure) 2019-02-21T18:51:50.543-0700: 187.770: [ParNew
Desired survivor size 20112992 bytes, new threshold 8 (max 8)
- age   1:    5700632 bytes,    5700632 total
- age   2:    4062904 bytes,    9763536 total
- age   3:    7302280 bytes,   17065816 total
- age   4:    2574784 bytes,   19640600 total
: 109248K->21824K(109248K), 0.0213842 secs] 216909K->138621K(502464K), 0.0214901 secs] [Times: user=0.06 sys=0.02, real=0.02 secs] 
Heap after GC invocations=18 (full 1):
 par new generation   total 109248K, used 21824K [0x00000000e0000000, 0x00000000e8000000, 0x00000000e8000000)
  eden space 87424K,   0% used [0x00000000e0000000, 0x00000000e0000000, 0x00000000e5560000)
  from space 21824K, 100% used [0x00000000e5560000, 0x00000000e6ab0000, 0x00000000e6ab0000)
  to   space 21824K,   0% used [0x00000000e6ab0000, 0x00000000e6ab0000, 0x00000000e8000000)
 concurrent mark-sweep generation total 393216K, used 116797K [0x00000000e8000000, 0x0000000100000000, 0x0000000100000000)
 Metaspace       used 39089K, capacity 40193K, committed 40256K, reserved 1085440K
  class space    used 4917K, capacity 5199K, committed 5220K, reserved 1048576K
}
2019-02-21T18:51:50.566-0700: 187.792: Total time for which application threads were stopped: 0.0218823 seconds, Stopping threads took: 0.0000365 seconds
{Heap before GC invocations=18 (full 1):
 par new generation   total 109248K, used 109248K [0x00000000e0000000, 0x00000000e8000000, 0x00000000e8000000)
  eden space 87424K, 100% used [0x00000000e0000000, 0x00000000e5560000, 0x00000000e5560000)
  from space 21824K, 100% used [0x00000000e5560000, 0x00000000e6ab0000, 0x00000000e6ab0000)
  to   space 21824K,   0% used [0x00000000e6ab0000, 0x00000000e6ab0000, 0x00000000e8000000)
 concurrent mark-sweep generation total 393216K, used 116797K [0x00000000e8000000, 0x0000000100000000, 0x0000000100000000)
 Metaspace       used 39090K, capacity 40193K, committed 40256K, reserved 1085440K
  class space    used 4917K, capacity 5199K, committed 5220K, reserved 1048576K
2019-02-21T18:51:51.129-0700: 188.356: [GC (Allocation Failure) 2019-02-21T18:51:51.129-0700: 188.356: [ParNew
Desired survivor size 20112992 bytes, new threshold 5 (max 8)
- age   1:    4475248 bytes,    4475248 total
- age   2:    4794472 bytes,    9269720 total
- age   3:    3852760 bytes,   13122480 total
- age   4:    6849176 bytes,   19971656 total
- age   5:    2172568 bytes,   22144224 total
: 109248K->21824K(109248K), 0.0156987 secs] 226045K->141754K(502464K), 0.0157851 secs] [Times: user=0.06 sys=0.00, real=0.02 secs] 
Heap after GC invocations=19 (full 1):
 par new generation   total 109248K, used 21824K [0x00000000e0000000, 0x00000000e8000000, 0x00000000e8000000)
  eden space 87424K,   0% used [0x00000000e0000000, 0x00000000e0000000, 0x00000000e5560000)
  from space 21824K, 100% used [0x00000000e6ab0000, 0x00000000e8000000, 0x00000000e8000000)
  to   space 21824K,   0% used [0x00000000e5560000, 0x00000000e5560000, 0x00000000e6ab0000)
 concurrent mark-sweep generation total 393216K, used 119930K [0x00000000e8000000, 0x0000000100000000, 0x0000000100000000)
 Metaspace       used 39090K, capacity 40193K, committed 40256K, reserved 1085440K
  class space    used 4917K, capacity 5199K, committed 5220K, reserved 1048576K
}
2019-02-21T18:51:51.145-0700: 188.372: Total time for which application threads were stopped: 0.0161496 seconds, Stopping threads took: 0.0000900 seconds
{Heap before GC invocations=19 (full 1):
 par new generation   total 109248K, used 109248K [0x00000000e0000000, 0x00000000e8000000, 0x00000000e8000000)
  eden space 87424K, 100% used [0x00000000e0000000, 0x00000000e5560000, 0x00000000e5560000)
  from space 21824K, 100% used [0x00000000e6ab0000, 0x00000000e8000000, 0x00000000e8000000)
  to   space 21824K,   0% used [0x00000000e5560000, 0x00000000e5560000, 0x00000000e6ab0000)
 concurrent mark-sweep generation total 393216K, used 119930K [0x00000000e8000000, 0x0000000100000000, 0x0000000100000000)
 Metaspace       used 39090K, capacity 40193K, committed 40256K, reserved 1085440K
  class space    used 4917K, capacity 5199K, committed 5220K, reserved 1048576K
2019-02-21T18:51:51.684-0700: 188.910: [GC (Allocation Failure) 2019-02-21T18:51:51.684-0700: 188.911: [ParNew
Desired survivor size 20112992 bytes, new threshold 5 (max 8)
- age   1:    4729008 bytes,    4729008 total
- age   2:    3162696 bytes,    7891704 total
- age   3:    4377528 bytes,   12269232 total
- age   4:    3288224 bytes,   15557456 total
- age   5:    6774568 bytes,   22332024 total
: 109248K->21824K(109248K), 0.0194159 secs] 229178K->149280K(502464K), 0.0195058 secs] [Times: user=0.08 sys=0.00, real=0.02 secs] 
Heap after GC invocations=20 (full 1):
 par new generation   total 109248K, used 21824K [0x00000000e0000000, 0x00000000e8000000, 0x00000000e8000000)
  eden space 87424K,   0% used [0x00000000e0000000, 0x00000000e0000000, 0x00000000e5560000)
  from space 21824K, 100% used [0x00000000e5560000, 0x00000000e6ab0000, 0x00000000e6ab0000)
  to   space 21824K,   0% used [0x00000000e6ab0000, 0x00000000e6ab0000, 0x00000000e8000000)
 concurrent mark-sweep generation total 393216K, used 127456K [0x00000000e8000000, 0x0000000100000000, 0x0000000100000000)
 Metaspace       used 39090K, capacity 40193K, committed 40256K, reserved 1085440K
  class space    used 4917K, capacity 5199K, committed 5220K, reserved 1048576K
}
2019-02-21T18:51:51.703-0700: 188.930: Total time for which application threads were stopped: 0.0198713 seconds, Stopping threads took: 0.0000314 seconds
{Heap before GC invocations=20 (full 1):
 par new generation   total 109248K, used 109248K [0x00000000e0000000, 0x00000000e8000000, 0x00000000e8000000)
  eden space 87424K, 100% used [0x00000000e0000000, 0x00000000e5560000, 0x00000000e5560000)
  from space 21824K, 100% used [0x00000000e5560000, 0x00000000e6ab0000, 0x00000000e6ab0000)
  to   space 21824K,   0% used [0x00000000e6ab0000, 0x00000000e6ab0000, 0x00000000e8000000)
 concurrent mark-sweep generation total 393216K, used 127456K [0x00000000e8000000, 0x0000000100000000, 0x0000000100000000)
 Metaspace       used 39090K, capacity 40193K, committed 40256K, reserved 1085440K
  class space    used 4917K, capacity 5199K, committed 5220K, reserved 1048576K
2019-02-21T18:51:52.254-0700: 189.481: [GC (Allocation Failure) 2019-02-21T18:51:52.254-0700: 189.481: [ParNew
Desired survivor size 20112992 bytes, new threshold 8 (max 8)
- age   1:    4026200 bytes,    4026200 total
- age   2:    4118240 bytes,    8144440 total
- age   3:    2792192 bytes,   10936632 total
- age   4:    4000784 bytes,   14937416 total
- age   5:    3234856 bytes,   18172272 total
: 109248K->21824K(109248K), 0.0199726 secs] 236704K->157086K(502464K), 0.0200590 secs] [Times: user=0.03 sys=0.02, real=0.02 secs] 
Heap after GC invocations=21 (full 1):
 par new generation   total 109248K, used 21824K [0x00000000e0000000, 0x00000000e8000000, 0x00000000e8000000)
  eden space 87424K,   0% used [0x00000000e0000000, 0x00000000e0000000, 0x00000000e5560000)
  from space 21824K, 100% used [0x00000000e6ab0000, 0x00000000e8000000, 0x00000000e8000000)
  to   space 21824K,   0% used [0x00000000e5560000, 0x00000000e5560000, 0x00000000e6ab0000)
 concurrent mark-sweep generation total 393216K, used 135262K [0x00000000e8000000, 0x0000000100000000, 0x0000000100000000)
 Metaspace       used 39090K, capacity 40193K, committed 40256K, reserved 1085440K
  class space    used 4917K, capacity 5199K, committed 5220K, reserved 1048576K
}
2019-02-21T18:51:52.274-0700: 189.501: Total time for which application threads were stopped: 0.0203638 seconds, Stopping threads took: 0.0000360 seconds
{Heap before GC invocations=21 (full 1):
 par new generation   total 109248K, used 109248K [0x00000000e0000000, 0x00000000e8000000, 0x00000000e8000000)
  eden space 87424K, 100% used [0x00000000e0000000, 0x00000000e5560000, 0x00000000e5560000)
  from space 21824K, 100% used [0x00000000e6ab0000, 0x00000000e8000000, 0x00000000e8000000)
  to   space 21824K,   0% used [0x00000000e5560000, 0x00000000e5560000, 0x00000000e6ab0000)
 concurrent mark-sweep generation total 393216K, used 135262K [0x00000000e8000000, 0x0000000100000000, 0x0000000100000000)
 Metaspace       used 39091K, capacity 40193K, committed 40256K, reserved 1085440K
  class space    used 4917K, capacity 5199K, committed 5220K, reserved 1048576K
2019-02-21T18:51:52.806-0700: 190.033: [GC (Allocation Failure) 2019-02-21T18:51:52.806-0700: 190.033: [ParNew
Desired survivor size 20112992 bytes, new threshold 6 (max 8)
- age   1:    7510144 bytes,    7510144 total
- age   2:    2542728 bytes,   10052872 total
- age   3:    2867392 bytes,   12920264 total
- age   4:    1641664 bytes,   14561928 total
- age   5:    3764472 bytes,   18326400 total
- age   6:    3193624 bytes,   21520024 total
: 109248K->21824K(109248K), 0.0181405 secs] 244510K->160311K(502464K), 0.0182418 secs] [Times: user=0.06 sys=0.00, real=0.02 secs] 
Heap after GC invocations=22 (full 1):
 par new generation   total 109248K, used 21824K [0x00000000e0000000, 0x00000000e8000000, 0x00000000e8000000)
  eden space 87424K,   0% used [0x00000000e0000000, 0x00000000e0000000, 0x00000000e5560000)
  from space 21824K, 100% used [0x00000000e5560000, 0x00000000e6ab0000, 0x00000000e6ab0000)
  to   space 21824K,   0% used [0x00000000e6ab0000, 0x00000000e6ab0000, 0x00000000e8000000)
 concurrent mark-sweep generation total 393216K, used 138487K [0x00000000e8000000, 0x0000000100000000, 0x0000000100000000)
 Metaspace       used 39091K, capacity 40193K, committed 40256K, reserved 1085440K
  class space    used 4917K, capacity 5199K, committed 5220K, reserved 1048576K
}
2019-02-21T18:51:52.824-0700: 190.051: Total time for which application threads were stopped: 0.0186823 seconds, Stopping threads took: 0.0001064 seconds
2019-02-21T18:51:53.094-0700: 190.321: Total time for which application threads were stopped: 0.0009690 seconds, Stopping threads took: 0.0001100 seconds
2019-02-21T18:51:53.180-0700: 190.408: Total time for which application threads were stopped: 0.0003485 seconds, Stopping threads took: 0.0000617 seconds
2019-02-21T18:51:53.228-0700: 190.455: Total time for which application threads were stopped: 0.0009582 seconds, Stopping threads took: 0.0000612 seconds
{Heap before GC invocations=22 (full 1):
 par new generation   total 109248K, used 109248K [0x00000000e0000000, 0x00000000e8000000, 0x00000000e8000000)
  eden space 87424K, 100% used [0x00000000e0000000, 0x00000000e5560000, 0x00000000e5560000)
  from space 21824K, 100% used [0x00000000e5560000, 0x00000000e6ab0000, 0x00000000e6ab0000)
  to   space 21824K,   0% used [0x00000000e6ab0000, 0x00000000e6ab0000, 0x00000000e8000000)
 concurrent mark-sweep generation total 393216K, used 138487K [0x00000000e8000000, 0x0000000100000000, 0x0000000100000000)
 Metaspace       used 39375K, capacity 40577K, committed 40896K, reserved 1085440K
  class space    used 4954K, capacity 5263K, committed 5348K, reserved 1048576K
2019-02-21T18:51:53.292-0700: 190.519: [GC (Allocation Failure) 2019-02-21T18:51:53.292-0700: 190.519: [ParNew
Desired survivor size 20112992 bytes, new threshold 6 (max 8)
- age   1:    8101168 bytes,    8101168 total
- age   2:    4333624 bytes,   12434792 total
- age   3:    1026496 bytes,   13461288 total
- age   4:    2374864 bytes,   15836152 total
- age   5:    1590224 bytes,   17426376 total
- age   6:    3575096 bytes,   21001472 total
: 109248K->21824K(109248K), 0.0214849 secs] 247735K->170969K(502464K), 0.0216746 secs] [Times: user=0.13 sys=0.00, real=0.02 secs] 
Heap after GC invocations=23 (full 1):
 par new generation   total 109248K, used 21824K [0x00000000e0000000, 0x00000000e8000000, 0x00000000e8000000)
  eden space 87424K,   0% used [0x00000000e0000000, 0x00000000e0000000, 0x00000000e5560000)
  from space 21824K, 100% used [0x00000000e6ab0000, 0x00000000e8000000, 0x00000000e8000000)
  to   space 21824K,   0% used [0x00000000e5560000, 0x00000000e5560000, 0x00000000e6ab0000)
 concurrent mark-sweep generation total 393216K, used 149145K [0x00000000e8000000, 0x0000000100000000, 0x0000000100000000)
 Metaspace       used 39375K, capacity 40577K, committed 40896K, reserved 1085440K
  class space    used 4954K, capacity 5263K, committed 5348K, reserved 1048576K
}
2019-02-21T18:51:53.314-0700: 190.541: Total time for which application threads were stopped: 0.0220895 seconds, Stopping threads took: 0.0000648 seconds
{Heap before GC invocations=23 (full 1):
 par new generation   total 109248K, used 109234K [0x00000000e0000000, 0x00000000e8000000, 0x00000000e8000000)
  eden space 87424K,  99% used [0x00000000e0000000, 0x00000000e555ca00, 0x00000000e5560000)
  from space 21824K, 100% used [0x00000000e6ab0000, 0x00000000e8000000, 0x00000000e8000000)
  to   space 21824K,   0% used [0x00000000e5560000, 0x00000000e5560000, 0x00000000e6ab0000)
 concurrent mark-sweep generation total 393216K, used 149145K [0x00000000e8000000, 0x0000000100000000, 0x0000000100000000)
 Metaspace       used 39791K, capacity 40993K, committed 41152K, reserved 1085440K
  class space    used 4983K, capacity 5295K, committed 5348K, reserved 1048576K
2019-02-21T18:51:53.758-0700: 190.985: [GC (Allocation Failure) 2019-02-21T18:51:53.758-0700: 190.985: [ParNew
Desired survivor size 20112992 bytes, new threshold 6 (max 8)
- age   1:    4283608 bytes,    4283608 total
- age   2:    6978408 bytes,   11262016 total
- age   3:    4260120 bytes,   15522136 total
- age   4:     984016 bytes,   16506152 total
- age   5:    2273720 bytes,   18779872 total
- age   6:    1578800 bytes,   20358672 total
: 109234K->21824K(109248K), 0.0160483 secs] 258379K->176764K(502464K), 0.0161336 secs] [Times: user=0.08 sys=0.00, real=0.02 secs] 
Heap after GC invocations=24 (full 1):
 par new generation   total 109248K, used 21824K [0x00000000e0000000, 0x00000000e8000000, 0x00000000e8000000)
  eden space 87424K,   0% used [0x00000000e0000000, 0x00000000e0000000, 0x00000000e5560000)
  from space 21824K, 100% used [0x00000000e5560000, 0x00000000e6ab0000, 0x00000000e6ab0000)
  to   space 21824K,   0% used [0x00000000e6ab0000, 0x00000000e6ab0000, 0x00000000e8000000)
 concurrent mark-sweep generation total 393216K, used 154940K [0x00000000e8000000, 0x0000000100000000, 0x0000000100000000)
 Metaspace       used 39791K, capacity 40993K, committed 41152K, reserved 1085440K
  class space    used 4983K, capacity 5295K, committed 5348K, reserved 1048576K
}
2019-02-21T18:51:53.774-0700: 191.001: Total time for which application threads were stopped: 0.0165958 seconds, Stopping threads took: 0.0000699 seconds
{Heap before GC invocations=24 (full 1):
 par new generation   total 109248K, used 109248K [0x00000000e0000000, 0x00000000e8000000, 0x00000000e8000000)
  eden space 87424K, 100% used [0x00000000e0000000, 0x00000000e5560000, 0x00000000e5560000)
  from space 21824K, 100% used [0x00000000e5560000, 0x00000000e6ab0000, 0x00000000e6ab0000)
  to   space 21824K,   0% used [0x00000000e6ab0000, 0x00000000e6ab0000, 0x00000000e8000000)
 concurrent mark-sweep generation total 393216K, used 154940K [0x00000000e8000000, 0x0000000100000000, 0x0000000100000000)
 Metaspace       used 39817K, capacity 40993K, committed 41152K, reserved 1085440K
  class space    used 4983K, capacity 5295K, committed 5348K, reserved 1048576K
2019-02-21T18:51:53.948-0700: 191.174: [GC (Allocation Failure) 2019-02-21T18:51:53.948-0700: 191.174: [ParNew
Desired survivor size 20112992 bytes, new threshold 8 (max 8)
- age   1:    2401928 bytes,    2401928 total
- age   2:    3365320 bytes,    5767248 total
- age   3:    6768408 bytes,   12535656 total
- age   4:    4230048 bytes,   16765704 total
- age   5:     982016 bytes,   17747720 total
- age   6:    2111264 bytes,   19858984 total
: 109248K->21824K(109248K), 0.0138209 secs] 264188K->178973K(502464K), 0.0139623 secs] [Times: user=0.09 sys=0.00, real=0.01 secs] 
Heap after GC invocations=25 (full 1):
 par new generation   total 109248K, used 21824K [0x00000000e0000000, 0x00000000e8000000, 0x00000000e8000000)
  eden space 87424K,   0% used [0x00000000e0000000, 0x00000000e0000000, 0x00000000e5560000)
  from space 21824K, 100% used [0x00000000e6ab0000, 0x00000000e8000000, 0x00000000e8000000)
  to   space 21824K,   0% used [0x00000000e5560000, 0x00000000e5560000, 0x00000000e6ab0000)
 concurrent mark-sweep generation total 393216K, used 157149K [0x00000000e8000000, 0x0000000100000000, 0x0000000100000000)
 Metaspace       used 39817K, capacity 40993K, committed 41152K, reserved 1085440K
  class space    used 4983K, capacity 5295K, committed 5348K, reserved 1048576K
}
2019-02-21T18:51:53.962-0700: 191.188: Total time for which application threads were stopped: 0.0144121 seconds, Stopping threads took: 0.0000663 seconds
2019-02-21T18:51:54.018-0700: 191.245: Total time for which application threads were stopped: 0.0008795 seconds, Stopping threads took: 0.0007300 seconds
2019-02-21T18:51:54.030-0700: 191.256: Total time for which application threads were stopped: 0.0003876 seconds, Stopping threads took: 0.0002282 seconds
2019-02-21T18:51:54.037-0700: 191.264: Total time for which application threads were stopped: 0.0004755 seconds, Stopping threads took: 0.0002545 seconds
2019-02-21T18:51:54.200-0700: 191.427: Total time for which application threads were stopped: 0.0004097 seconds, Stopping threads took: 0.0002108 seconds
2019-02-21T18:51:54.217-0700: 191.444: Total time for which application threads were stopped: 0.0004508 seconds, Stopping threads took: 0.0001275 seconds
2019-02-21T18:51:54.217-0700: 191.444: Total time for which application threads were stopped: 0.0003871 seconds, Stopping threads took: 0.0000668 seconds
2019-02-21T18:51:54.218-0700: 191.445: Total time for which application threads were stopped: 0.0005223 seconds, Stopping threads took: 0.0001275 seconds
{Heap before GC invocations=25 (full 1):
 par new generation   total 109248K, used 109248K [0x00000000e0000000, 0x00000000e8000000, 0x00000000e8000000)
  eden space 87424K, 100% used [0x00000000e0000000, 0x00000000e5560000, 0x00000000e5560000)
  from space 21824K, 100% used [0x00000000e6ab0000, 0x00000000e8000000, 0x00000000e8000000)
  to   space 21824K,   0% used [0x00000000e5560000, 0x00000000e5560000, 0x00000000e6ab0000)
 concurrent mark-sweep generation total 393216K, used 157149K [0x00000000e8000000, 0x0000000100000000, 0x0000000100000000)
 Metaspace       used 39867K, capacity 41061K, committed 41152K, reserved 1085440K
  class space    used 4989K, capacity 5297K, committed 5348K, reserved 1048576K
2019-02-21T18:51:54.307-0700: 191.533: [GC (Allocation Failure) 2019-02-21T18:51:54.307-0700: 191.534: [ParNew
Desired survivor size 20112992 bytes, new threshold 7 (max 8)
- age   1:    4206184 bytes,    4206184 total
- age   2:     568808 bytes,    4774992 total
- age   3:    2128040 bytes,    6903032 total
- age   4:    6618352 bytes,   13521384 total
- age   5:    4063688 bytes,   17585072 total
- age   6:     882296 bytes,   18467368 total
- age   7:    2042664 bytes,   20510032 total
: 109248K->21824K(109248K), 0.0143437 secs] 266397K->182986K(502464K), 0.0144958 secs] [Times: user=0.06 sys=0.00, real=0.02 secs] 
Heap after GC invocations=26 (full 1):
 par new generation   total 109248K, used 21824K [0x00000000e0000000, 0x00000000e8000000, 0x00000000e8000000)
  eden space 87424K,   0% used [0x00000000e0000000, 0x00000000e0000000, 0x00000000e5560000)
  from space 21824K, 100% used [0x00000000e5560000, 0x00000000e6ab0000, 0x00000000e6ab0000)
  to   space 21824K,   0% used [0x00000000e6ab0000, 0x00000000e6ab0000, 0x00000000e8000000)
 concurrent mark-sweep generation total 393216K, used 161162K [0x00000000e8000000, 0x0000000100000000, 0x0000000100000000)
 Metaspace       used 39867K, capacity 41061K, committed 41152K, reserved 1085440K
  class space    used 4989K, capacity 5297K, committed 5348K, reserved 1048576K
}
2019-02-21T18:51:54.322-0700: 191.548: Total time for which application threads were stopped: 0.0150176 seconds, Stopping threads took: 0.0000930 seconds
{Heap before GC invocations=26 (full 1):
 par new generation   total 109248K, used 109248K [0x00000000e0000000, 0x00000000e8000000, 0x00000000e8000000)
  eden space 87424K, 100% used [0x00000000e0000000, 0x00000000e5560000, 0x00000000e5560000)
  from space 21824K, 100% used [0x00000000e5560000, 0x00000000e6ab0000, 0x00000000e6ab0000)
  to   space 21824K,   0% used [0x00000000e6ab0000, 0x00000000e6ab0000, 0x00000000e8000000)
 concurrent mark-sweep generation total 393216K, used 161162K [0x00000000e8000000, 0x0000000100000000, 0x0000000100000000)
 Metaspace       used 39867K, capacity 41061K, committed 41152K, reserved 1085440K
  class space    used 4989K, capacity 5297K, committed 5348K, reserved 1048576K
2019-02-21T18:51:54.851-0700: 192.078: [GC (Allocation Failure) 2019-02-21T18:51:54.851-0700: 192.078: [ParNew
Desired survivor size 20112992 bytes, new threshold 8 (max 8)
- age   1:    3395296 bytes,    3395296 total
- age   2:    2743792 bytes,    6139088 total
- age   3:     558408 bytes,    6697496 total
- age   4:    1853264 bytes,    8550760 total
- age   5:    6165024 bytes,   14715784 total
- age   6:    3506336 bytes,   18222120 total
- age   7:     840152 bytes,   19062272 total
: 109248K->21824K(109248K), 0.0171000 secs] 270410K->188901K(502464K), 0.0172265 secs] [Times: user=0.06 sys=0.00, real=0.02 secs] 
Heap after GC invocations=27 (full 1):
 par new generation   total 109248K, used 21824K [0x00000000e0000000, 0x00000000e8000000, 0x00000000e8000000)
  eden space 87424K,   0% used [0x00000000e0000000, 0x00000000e0000000, 0x00000000e5560000)
  from space 21824K, 100% used [0x00000000e6ab0000, 0x00000000e8000000, 0x00000000e8000000)
  to   space 21824K,   0% used [0x00000000e5560000, 0x00000000e5560000, 0x00000000e6ab0000)
 concurrent mark-sweep generation total 393216K, used 167077K [0x00000000e8000000, 0x0000000100000000, 0x0000000100000000)
 Metaspace       used 39867K, capacity 41061K, committed 41152K, reserved 1085440K
  class space    used 4989K, capacity 5297K, committed 5348K, reserved 1048576K
}
2019-02-21T18:51:54.868-0700: 192.095: Total time for which application threads were stopped: 0.0176748 seconds, Stopping threads took: 0.0000951 seconds
{Heap before GC invocations=27 (full 1):
 par new generation   total 109248K, used 109248K [0x00000000e0000000, 0x00000000e8000000, 0x00000000e8000000)
  eden space 87424K, 100% used [0x00000000e0000000, 0x00000000e5560000, 0x00000000e5560000)
  from space 21824K, 100% used [0x00000000e6ab0000, 0x00000000e8000000, 0x00000000e8000000)
  to   space 21824K,   0% used [0x00000000e5560000, 0x00000000e5560000, 0x00000000e6ab0000)
 concurrent mark-sweep generation total 393216K, used 167077K [0x00000000e8000000, 0x0000000100000000, 0x0000000100000000)
 Metaspace       used 39867K, capacity 41061K, committed 41152K, reserved 1085440K
  class space    used 4989K, capacity 5297K, committed 5348K, reserved 1048576K
2019-02-21T18:51:55.417-0700: 192.644: [GC (Allocation Failure) 2019-02-21T18:51:55.418-0700: 192.644: [ParNew
Desired survivor size 20112992 bytes, new threshold 8 (max 8)
- age   1:    4558736 bytes,    4558736 total
- age   2:    2341808 bytes,    6900544 total
- age   3:    2164088 bytes,    9064632 total
- age   4:     510440 bytes,    9575072 total
- age   5:    1567184 bytes,   11142256 total
- age   6:    5400280 bytes,   16542536 total
- age   7:    3321928 bytes,   19864464 total
- age   8:     817856 bytes,   20682320 total
: 109248K->21824K(109248K), 0.0148511 secs] 276325K->191755K(502464K), 0.0149580 secs] [Times: user=0.06 sys=0.00, real=0.01 secs] 
Heap after GC invocations=28 (full 1):
 par new generation   total 109248K, used 21824K [0x00000000e0000000, 0x00000000e8000000, 0x00000000e8000000)
  eden space 87424K,   0% used [0x00000000e0000000, 0x00000000e0000000, 0x00000000e5560000)
  from space 21824K, 100% used [0x00000000e5560000, 0x00000000e6ab0000, 0x00000000e6ab0000)
  to   space 21824K,   0% used [0x00000000e6ab0000, 0x00000000e6ab0000, 0x00000000e8000000)
 concurrent mark-sweep generation total 393216K, used 169931K [0x00000000e8000000, 0x0000000100000000, 0x0000000100000000)
 Metaspace       used 39867K, capacity 41061K, committed 41152K, reserved 1085440K
  class space    used 4989K, capacity 5297K, committed 5348K, reserved 1048576K
}
2019-02-21T18:51:55.433-0700: 192.659: Total time for which application threads were stopped: 0.0153209 seconds, Stopping threads took: 0.0000360 seconds
{Heap before GC invocations=28 (full 1):
 par new generation   total 109248K, used 109248K [0x00000000e0000000, 0x00000000e8000000, 0x00000000e8000000)
  eden space 87424K, 100% used [0x00000000e0000000, 0x00000000e5560000, 0x00000000e5560000)
  from space 21824K, 100% used [0x00000000e5560000, 0x00000000e6ab0000, 0x00000000e6ab0000)
  to   space 21824K,   0% used [0x00000000e6ab0000, 0x00000000e6ab0000, 0x00000000e8000000)
 concurrent mark-sweep generation total 393216K, used 169931K [0x00000000e8000000, 0x0000000100000000, 0x0000000100000000)
 Metaspace       used 39867K, capacity 41061K, committed 41152K, reserved 1085440K
  class space    used 4989K, capacity 5297K, committed 5348K, reserved 1048576K
2019-02-21T18:51:56.036-0700: 193.262: [GC (Allocation Failure) 2019-02-21T18:51:56.036-0700: 193.262: [ParNew
Desired survivor size 20112992 bytes, new threshold 8 (max 8)
- age   1:    2701296 bytes,    2701296 total
- age   2:    2055488 bytes,    4756784 total
- age   3:    2199680 bytes,    6956464 total
- age   4:    1665808 bytes,    8622272 total
- age   5:     378136 bytes,    9000408 total
- age   6:    1490720 bytes,   10491128 total
- age   7:    5388312 bytes,   15879440 total
- age   8:    3321648 bytes,   19201088 total
: 109248K->21824K(109248K), 0.0131413 secs] 279179K->196263K(502464K), 0.0132333 secs] [Times: user=0.05 sys=0.00, real=0.01 secs] 
Heap after GC invocations=29 (full 1):
 par new generation   total 109248K, used 21824K [0x00000000e0000000, 0x00000000e8000000, 0x00000000e8000000)
  eden space 87424K,   0% used [0x00000000e0000000, 0x00000000e0000000, 0x00000000e5560000)
  from space 21824K, 100% used [0x00000000e6ab0000, 0x00000000e8000000, 0x00000000e8000000)
  to   space 21824K,   0% used [0x00000000e5560000, 0x00000000e5560000, 0x00000000e6ab0000)
 concurrent mark-sweep generation total 393216K, used 174439K [0x00000000e8000000, 0x0000000100000000, 0x0000000100000000)
 Metaspace       used 39867K, capacity 41061K, committed 41152K, reserved 1085440K
  class space    used 4989K, capacity 5297K, committed 5348K, reserved 1048576K
}
2019-02-21T18:51:56.049-0700: 193.275: Total time for which application threads were stopped: 0.0135870 seconds, Stopping threads took: 0.0000375 seconds
2019-02-21T18:51:56.296-0700: 193.522: Total time for which application threads were stopped: 0.0010754 seconds, Stopping threads took: 0.0001131 seconds
2019-02-21T18:51:56.311-0700: 193.537: Total time for which application threads were stopped: 0.0004899 seconds, Stopping threads took: 0.0001002 seconds
2019-02-21T18:51:56.312-0700: 193.538: Total time for which application threads were stopped: 0.0004601 seconds, Stopping threads took: 0.0002072 seconds
2019-02-21T18:51:56.318-0700: 193.545: Total time for which application threads were stopped: 0.0008857 seconds, Stopping threads took: 0.0006410 seconds
2019-02-21T18:51:56.335-0700: 193.562: Total time for which application threads were stopped: 0.0003717 seconds, Stopping threads took: 0.0000709 seconds
2019-02-21T18:51:56.343-0700: 193.570: Total time for which application threads were stopped: 0.0003732 seconds, Stopping threads took: 0.0000637 seconds
2019-02-21T18:51:56.344-0700: 193.571: Total time for which application threads were stopped: 0.0003023 seconds, Stopping threads took: 0.0000422 seconds
2019-02-21T18:51:56.351-0700: 193.578: Total time for which application threads were stopped: 0.0004246 seconds, Stopping threads took: 0.0000550 seconds
2019-02-21T18:51:56.353-0700: 193.580: Total time for which application threads were stopped: 0.0005094 seconds, Stopping threads took: 0.0002354 seconds
2019-02-21T18:51:56.354-0700: 193.580: Total time for which application threads were stopped: 0.0002545 seconds, Stopping threads took: 0.0000622 seconds
{Heap before GC invocations=29 (full 1):
 par new generation   total 109248K, used 108946K [0x00000000e0000000, 0x00000000e8000000, 0x00000000e8000000)
  eden space 87424K,  99% used [0x00000000e0000000, 0x00000000e5514be8, 0x00000000e5560000)
  from space 21824K, 100% used [0x00000000e6ab0000, 0x00000000e8000000, 0x00000000e8000000)
  to   space 21824K,   0% used [0x00000000e5560000, 0x00000000e5560000, 0x00000000e6ab0000)
 concurrent mark-sweep generation total 393216K, used 174439K [0x00000000e8000000, 0x0000000100000000, 0x0000000100000000)
 Metaspace       used 39892K, capacity 41061K, committed 41152K, reserved 1085440K
  class space    used 4990K, capacity 5297K, committed 5348K, reserved 1048576K
2019-02-21T18:51:56.368-0700: 193.594: [GC (Allocation Failure) 2019-02-21T18:51:56.368-0700: 193.595: [ParNew
Desired survivor size 20112992 bytes, new threshold 8 (max 8)
- age   1:   10575064 bytes,   10575064 total
- age   2:    2285976 bytes,   12861040 total
- age   3:    1560472 bytes,   14421512 total
- age   4:    2144736 bytes,   16566248 total
- age   5:    1472880 bytes,   18039128 total
- age   6:     260936 bytes,   18300064 total
- age   7:     892144 bytes,   19192208 total
- age   8:    3148248 bytes,   22340456 total
: 108946K->21824K(109248K), 0.0369775 secs] 283386K->219685K(502464K), 0.0371266 secs] [Times: user=0.19 sys=0.00, real=0.04 secs] 
Heap after GC invocations=30 (full 1):
 par new generation   total 109248K, used 21824K [0x00000000e0000000, 0x00000000e8000000, 0x00000000e8000000)
  eden space 87424K,   0% used [0x00000000e0000000, 0x00000000e0000000, 0x00000000e5560000)
  from space 21824K, 100% used [0x00000000e5560000, 0x00000000e6ab0000, 0x00000000e6ab0000)
  to   space 21824K,   0% used [0x00000000e6ab0000, 0x00000000e6ab0000, 0x00000000e8000000)
 concurrent mark-sweep generation total 393216K, used 197861K [0x00000000e8000000, 0x0000000100000000, 0x0000000100000000)
 Metaspace       used 39892K, capacity 41061K, committed 41152K, reserved 1085440K
  class space    used 4990K, capacity 5297K, committed 5348K, reserved 1048576K
}
2019-02-21T18:51:56.406-0700: 193.632: Total time for which application threads were stopped: 0.0378304 seconds, Stopping threads took: 0.0001367 seconds
2019-02-21T18:51:56.406-0700: 193.632: [GC (CMS Initial Mark) [1 CMS-initial-mark: 197861K(393216K)] 220197K(502464K), 0.0035002 secs] [Times: user=0.11 sys=0.00, real=0.00 secs] 
2019-02-21T18:51:56.410-0700: 193.636: Total time for which application threads were stopped: 0.0038744 seconds, Stopping threads took: 0.0000807 seconds
2019-02-21T18:51:56.410-0700: 193.636: [CMS-concurrent-mark-start]
2019-02-21T18:51:56.451-0700: 193.678: [CMS-concurrent-mark: 0.042/0.042 secs] [Times: user=0.22 sys=0.00, real=0.04 secs] 
2019-02-21T18:51:56.452-0700: 193.678: [CMS-concurrent-preclean-start]
2019-02-21T18:51:56.453-0700: 193.679: [CMS-concurrent-preclean: 0.002/0.002 secs] [Times: user=0.05 sys=0.02, real=0.00 secs] 
2019-02-21T18:51:56.460-0700: 193.687: Total time for which application threads were stopped: 0.0038230 seconds, Stopping threads took: 0.0035084 seconds
2019-02-21T18:51:56.478-0700: 193.705: [GC (CMS Final Remark) [YG occupancy: 33781 K (109248 K)]{Heap before GC invocations=30 (full 2):
 par new generation   total 109248K, used 33781K [0x00000000e0000000, 0x00000000e8000000, 0x00000000e8000000)
  eden space 87424K,  13% used [0x00000000e0000000, 0x00000000e0bad620, 0x00000000e5560000)
  from space 21824K, 100% used [0x00000000e5560000, 0x00000000e6ab0000, 0x00000000e6ab0000)
  to   space 21824K,   0% used [0x00000000e6ab0000, 0x00000000e6ab0000, 0x00000000e8000000)
 concurrent mark-sweep generation total 393216K, used 197861K [0x00000000e8000000, 0x0000000100000000, 0x0000000100000000)
 Metaspace       used 39893K, capacity 41061K, committed 41152K, reserved 1085440K
  class space    used 4990K, capacity 5297K, committed 5348K, reserved 1048576K
2019-02-21T18:51:56.479-0700: 193.705: [GC (CMS Final Remark) 2019-02-21T18:51:56.479-0700: 193.705: [ParNew
Desired survivor size 20112992 bytes, new threshold 8 (max 8)
- age   1:      52400 bytes,      52400 total
- age   2:    9617752 bytes,    9670152 total
- age   3:    1783248 bytes,   11453400 total
- age   4:    1260392 bytes,   12713792 total
- age   5:    1618248 bytes,   14332040 total
- age   6:    1472000 bytes,   15804040 total
- age   7:     260760 bytes,   16064800 total
- age   8:     885208 bytes,   16950008 total
: 33781K->21824K(109248K), 0.0189614 secs] 231642K->225003K(502464K), 0.0190745 secs] [Times: user=0.11 sys=0.00, real=0.02 secs] 
Heap after GC invocations=31 (full 2):
 par new generation   total 109248K, used 21824K [0x00000000e0000000, 0x00000000e8000000, 0x00000000e8000000)
  eden space 87424K,   0% used [0x00000000e0000000, 0x00000000e0000000, 0x00000000e5560000)
  from space 21824K, 100% used [0x00000000e6ab0000, 0x00000000e8000000, 0x00000000e8000000)
  to   space 21824K,   0% used [0x00000000e5560000, 0x00000000e5560000, 0x00000000e6ab0000)
 concurrent mark-sweep generation total 393216K, used 203179K [0x00000000e8000000, 0x0000000100000000, 0x0000000100000000)
 Metaspace       used 39893K, capacity 41061K, committed 41152K, reserved 1085440K
  class space    used 4990K, capacity 5297K, committed 5348K, reserved 1048576K
}
2019-02-21T18:51:56.498-0700: 193.724: [Rescan (parallel) , 0.0072317 secs]2019-02-21T18:51:56.505-0700: 193.732: [weak refs processing, 0.0006338 secs]2019-02-21T18:51:56.506-0700: 193.732: [class unloading, 0.0159753 secs]2019-02-21T18:51:56.522-0700: 193.748: [scrub symbol table, 0.0157460 secs]2019-02-21T18:51:56.538-0700: 193.764: [scrub string table, 0.0007423 secs][1 CMS-remark: 203179K(393216K)] 225003K(502464K), 0.0626232 secs] [Times: user=0.33 sys=0.00, real=0.06 secs] 
2019-02-21T18:51:56.541-0700: 193.768: Total time for which application threads were stopped: 0.0630340 seconds, Stopping threads took: 0.0000730 seconds
2019-02-21T18:51:56.542-0700: 193.769: [CMS-concurrent-sweep-start]
2019-02-21T18:51:56.559-0700: 193.786: Total time for which application threads were stopped: 0.0004719 seconds, Stopping threads took: 0.0000864 seconds
2019-02-21T18:51:56.607-0700: 193.833: [CMS-concurrent-sweep: 0.064/0.064 secs] [Times: user=0.27 sys=0.02, real=0.07 secs] 
2019-02-21T18:51:56.607-0700: 193.833: [CMS-concurrent-reset-start]
2019-02-21T18:51:56.608-0700: 193.834: [CMS-concurrent-reset: 0.001/0.001 secs] [Times: user=0.00 sys=0.00, real=0.00 secs] 
{Heap before GC invocations=31 (full 2):
 par new generation   total 109248K, used 108765K [0x00000000e0000000, 0x00000000e8000000, 0x00000000e8000000)
  eden space 87424K,  99% used [0x00000000e0000000, 0x00000000e54e74e8, 0x00000000e5560000)
  from space 21824K, 100% used [0x00000000e6ab0000, 0x00000000e8000000, 0x00000000e8000000)
  to   space 21824K,   0% used [0x00000000e5560000, 0x00000000e5560000, 0x00000000e6ab0000)
 concurrent mark-sweep generation total 393216K, used 149175K [0x00000000e8000000, 0x0000000100000000, 0x0000000100000000)
 Metaspace       used 39893K, capacity 41061K, committed 41152K, reserved 1085440K
  class space    used 4990K, capacity 5297K, committed 5348K, reserved 1048576K
2019-02-21T18:51:56.634-0700: 193.860: [GC (Allocation Failure) 2019-02-21T18:51:56.634-0700: 193.860: [ParNew
Desired survivor size 20112992 bytes, new threshold 8 (max 8)
- age   1:    3595224 bytes,    3595224 total
- age   2:      32688 bytes,    3627912 total
- age   3:    9521832 bytes,   13149744 total
- age   4:    1776040 bytes,   14925784 total
- age   5:    1258224 bytes,   16184008 total
- age   6:    1617536 bytes,   17801544 total
- age   7:    1414992 bytes,   19216536 total
- age   8:     251512 bytes,   19468048 total
: 108765K->21824K(109248K), 0.0127152 secs] 257940K->171867K(502464K), 0.0128452 secs] [Times: user=0.09 sys=0.00, real=0.01 secs] 
Heap after GC invocations=32 (full 2):
 par new generation   total 109248K, used 21824K [0x00000000e0000000, 0x00000000e8000000, 0x00000000e8000000)
  eden space 87424K,   0% used [0x00000000e0000000, 0x00000000e0000000, 0x00000000e5560000)
  from space 21824K, 100% used [0x00000000e5560000, 0x00000000e6ab0000, 0x00000000e6ab0000)
  to   space 21824K,   0% used [0x00000000e6ab0000, 0x00000000e6ab0000, 0x00000000e8000000)
 concurrent mark-sweep generation total 393216K, used 150043K [0x00000000e8000000, 0x0000000100000000, 0x0000000100000000)
 Metaspace       used 39893K, capacity 41061K, committed 41152K, reserved 1085440K
  class space    used 4990K, capacity 5297K, committed 5348K, reserved 1048576K
}
2019-02-21T18:51:56.647-0700: 193.873: Total time for which application threads were stopped: 0.0161131 seconds, Stopping threads took: 0.0028211 seconds
2019-02-21T18:51:56.744-0700: 193.971: Total time for which application threads were stopped: 0.0045849 seconds, Stopping threads took: 0.0043433 seconds
2019-02-21T18:51:56.757-0700: 193.984: Total time for which application threads were stopped: 0.0016280 seconds, Stopping threads took: 0.0014810 seconds
2019-02-21T18:51:56.792-0700: 194.019: Total time for which application threads were stopped: 0.0075875 seconds, Stopping threads took: 0.0073335 seconds
2019-02-21T18:51:56.823-0700: 194.049: Total time for which application threads were stopped: 0.0004812 seconds, Stopping threads took: 0.0001840 seconds
{Heap before GC invocations=32 (full 2):
 par new generation   total 109248K, used 109248K [0x00000000e0000000, 0x00000000e8000000, 0x00000000e8000000)
  eden space 87424K, 100% used [0x00000000e0000000, 0x00000000e5560000, 0x00000000e5560000)
  from space 21824K, 100% used [0x00000000e5560000, 0x00000000e6ab0000, 0x00000000e6ab0000)
  to   space 21824K,   0% used [0x00000000e6ab0000, 0x00000000e6ab0000, 0x00000000e8000000)
 concurrent mark-sweep generation total 393216K, used 150043K [0x00000000e8000000, 0x0000000100000000, 0x0000000100000000)
 Metaspace       used 39912K, capacity 41065K, committed 41152K, reserved 1085440K
  class space    used 4990K, capacity 5297K, committed 5348K, reserved 1048576K
2019-02-21T18:51:56.946-0700: 194.173: [GC (Allocation Failure) 2019-02-21T18:51:56.946-0700: 194.173: [ParNew
Desired survivor size 20112992 bytes, new threshold 8 (max 8)
- age   1:    1973152 bytes,    1973152 total
- age   2:    2310072 bytes,    4283224 total
- age   3:       4320 bytes,    4287544 total
- age   4:    9106312 bytes,   13393856 total
- age   5:    1678280 bytes,   15072136 total
- age   6:    1257488 bytes,   16329624 total
- age   7:    1621648 bytes,   17951272 total
- age   8:    1413616 bytes,   19364888 total
: 109248K->21824K(109248K), 0.0116115 secs] 259291K->172827K(502464K), 0.0117518 secs] [Times: user=0.08 sys=0.00, real=0.01 secs] 
Heap after GC invocations=33 (full 2):
 par new generation   total 109248K, used 21824K [0x00000000e0000000, 0x00000000e8000000, 0x00000000e8000000)
  eden space 87424K,   0% used [0x00000000e0000000, 0x00000000e0000000, 0x00000000e5560000)
  from space 21824K, 100% used [0x00000000e6ab0000, 0x00000000e8000000, 0x00000000e8000000)
  to   space 21824K,   0% used [0x00000000e5560000, 0x00000000e5560000, 0x00000000e6ab0000)
 concurrent mark-sweep generation total 393216K, used 151003K [0x00000000e8000000, 0x0000000100000000, 0x0000000100000000)
 Metaspace       used 39912K, capacity 41065K, committed 41152K, reserved 1085440K
  class space    used 4990K, capacity 5297K, committed 5348K, reserved 1048576K
}
2019-02-21T18:51:56.958-0700: 194.185: Total time for which application threads were stopped: 0.0140131 seconds, Stopping threads took: 0.0018172 seconds
{Heap before GC invocations=33 (full 2):
 par new generation   total 109248K, used 109248K [0x00000000e0000000, 0x00000000e8000000, 0x00000000e8000000)
  eden space 87424K, 100% used [0x00000000e0000000, 0x00000000e5560000, 0x00000000e5560000)
  from space 21824K, 100% used [0x00000000e6ab0000, 0x00000000e8000000, 0x00000000e8000000)
  to   space 21824K,   0% used [0x00000000e5560000, 0x00000000e5560000, 0x00000000e6ab0000)
 concurrent mark-sweep generation total 393216K, used 151003K [0x00000000e8000000, 0x0000000100000000, 0x0000000100000000)
 Metaspace       used 39914K, capacity 41065K, committed 41152K, reserved 1085440K
  class space    used 4990K, capacity 5297K, committed 5348K, reserved 1048576K
2019-02-21T18:51:57.155-0700: 194.382: [GC (Allocation Failure) 2019-02-21T18:51:57.155-0700: 194.382: [ParNew
Desired survivor size 20112992 bytes, new threshold 8 (max 8)
- age   1:    1145416 bytes,    1145416 total
- age   2:    1667352 bytes,    2812768 total
- age   3:    2303960 bytes,    5116728 total
- age   4:       4320 bytes,    5121048 total
- age   5:    9042320 bytes,   14163368 total
- age   6:    1678280 bytes,   15841648 total
- age   7:    1388576 bytes,   17230224 total
- age   8:    1617536 bytes,   18847760 total
: 109248K->21824K(109248K), 0.0109761 secs] 260251K->174407K(502464K), 0.0110650 secs] [Times: user=0.09 sys=0.00, real=0.01 secs] 
Heap after GC invocations=34 (full 2):
 par new generation   total 109248K, used 21824K [0x00000000e0000000, 0x00000000e8000000, 0x00000000e8000000)
  eden space 87424K,   0% used [0x00000000e0000000, 0x00000000e0000000, 0x00000000e5560000)
  from space 21824K, 100% used [0x00000000e5560000, 0x00000000e6ab0000, 0x00000000e6ab0000)
  to   space 21824K,   0% used [0x00000000e6ab0000, 0x00000000e6ab0000, 0x00000000e8000000)
 concurrent mark-sweep generation total 393216K, used 152583K [0x00000000e8000000, 0x0000000100000000, 0x0000000100000000)
 Metaspace       used 39914K, capacity 41065K, committed 41152K, reserved 1085440K
  class space    used 4990K, capacity 5297K, committed 5348K, reserved 1048576K
}
2019-02-21T18:51:57.166-0700: 194.393: Total time for which application threads were stopped: 0.0128976 seconds, Stopping threads took: 0.0015093 seconds
{Heap before GC invocations=34 (full 2):
 par new generation   total 109248K, used 109248K [0x00000000e0000000, 0x00000000e8000000, 0x00000000e8000000)
  eden space 87424K, 100% used [0x00000000e0000000, 0x00000000e5560000, 0x00000000e5560000)
  from space 21824K, 100% used [0x00000000e5560000, 0x00000000e6ab0000, 0x00000000e6ab0000)
  to   space 21824K,   0% used [0x00000000e6ab0000, 0x00000000e6ab0000, 0x00000000e8000000)
 concurrent mark-sweep generation total 393216K, used 152583K [0x00000000e8000000, 0x0000000100000000, 0x0000000100000000)
 Metaspace       used 39915K, capacity 41065K, committed 41152K, reserved 1085440K
  class space    used 4990K, capacity 5297K, committed 5348K, reserved 1048576K
2019-02-21T18:51:57.286-0700: 194.512: [GC (Allocation Failure) 2019-02-21T18:51:57.286-0700: 194.512: [ParNew
Desired survivor size 20112992 bytes, new threshold 8 (max 8)
- age   1:     755544 bytes,     755544 total
- age   2:     950376 bytes,    1705920 total
- age   3:    1644824 bytes,    3350744 total
- age   4:    2303960 bytes,    5654704 total
- age   5:       4320 bytes,    5659024 total
- age   6:    8976536 bytes,   14635560 total
- age   7:    1678280 bytes,   16313840 total
- age   8:    1257488 bytes,   17571328 total
: 109248K->21824K(109248K), 0.0095146 secs] 261831K->175987K(502464K), 0.0096062 secs] [Times: user=0.00 sys=0.00, real=0.01 secs] 
Heap after GC invocations=35 (full 2):
 par new generation   total 109248K, used 21824K [0x00000000e0000000, 0x00000000e8000000, 0x00000000e8000000)
  eden space 87424K,   0% used [0x00000000e0000000, 0x00000000e0000000, 0x00000000e5560000)
  from space 21824K, 100% used [0x00000000e6ab0000, 0x00000000e8000000, 0x00000000e8000000)
  to   space 21824K,   0% used [0x00000000e5560000, 0x00000000e5560000, 0x00000000e6ab0000)
 concurrent mark-sweep generation total 393216K, used 154163K [0x00000000e8000000, 0x0000000100000000, 0x0000000100000000)
 Metaspace       used 39915K, capacity 41065K, committed 41152K, reserved 1085440K
  class space    used 4990K, capacity 5297K, committed 5348K, reserved 1048576K
}
2019-02-21T18:51:57.295-0700: 194.522: Total time for which application threads were stopped: 0.0159614 seconds, Stopping threads took: 0.0059954 seconds
2019-02-21T18:51:57.314-0700: 194.541: Total time for which application threads were stopped: 0.0026140 seconds, Stopping threads took: 0.0022680 seconds
2019-02-21T18:51:57.324-0700: 194.551: Total time for which application threads were stopped: 0.0006128 seconds, Stopping threads took: 0.0003203 seconds
{Heap before GC invocations=35 (full 2):
 par new generation   total 109248K, used 109248K [0x00000000e0000000, 0x00000000e8000000, 0x00000000e8000000)
  eden space 87424K, 100% used [0x00000000e0000000, 0x00000000e5560000, 0x00000000e5560000)
  from space 21824K, 100% used [0x00000000e6ab0000, 0x00000000e8000000, 0x00000000e8000000)
  to   space 21824K,   0% used [0x00000000e5560000, 0x00000000e5560000, 0x00000000e6ab0000)
 concurrent mark-sweep generation total 393216K, used 154163K [0x00000000e8000000, 0x0000000100000000, 0x0000000100000000)
 Metaspace       used 39915K, capacity 41065K, committed 41152K, reserved 1085440K
  class space    used 4990K, capacity 5297K, committed 5348K, reserved 1048576K
2019-02-21T18:51:57.394-0700: 194.621: [GC (Allocation Failure) 2019-02-21T18:51:57.394-0700: 194.621: [ParNew
Desired survivor size 20112992 bytes, new threshold 7 (max 8)
- age   1:    6534808 bytes,    6534808 total
- age   2:     463112 bytes,    6997920 total
- age   3:     699088 bytes,    7697008 total
- age   4:    1565712 bytes,    9262720 total
- age   5:    2303672 bytes,   11566392 total
- age   6:       4320 bytes,   11570712 total
- age   7:    8779560 bytes,   20350272 total
- age   8:    1678280 bytes,   22028552 total
: 109248K->21824K(109248K), 0.0171998 secs] 263411K->181548K(502464K), 0.0173144 secs] [Times: user=0.08 sys=0.00, real=0.02 secs] 
Heap after GC invocations=36 (full 2):
 par new generation   total 109248K, used 21824K [0x00000000e0000000, 0x00000000e8000000, 0x00000000e8000000)
  eden space 87424K,   0% used [0x00000000e0000000, 0x00000000e0000000, 0x00000000e5560000)
  from space 21824K, 100% used [0x00000000e5560000, 0x00000000e6ab0000, 0x00000000e6ab0000)
  to   space 21824K,   0% used [0x00000000e6ab0000, 0x00000000e6ab0000, 0x00000000e8000000)
 concurrent mark-sweep generation total 393216K, used 159724K [0x00000000e8000000, 0x0000000100000000, 0x0000000100000000)
 Metaspace       used 39915K, capacity 41065K, committed 41152K, reserved 1085440K
  class space    used 4990K, capacity 5297K, committed 5348K, reserved 1048576K
}
2019-02-21T18:51:57.411-0700: 194.638: Total time for which application threads were stopped: 0.0179950 seconds, Stopping threads took: 0.0001187 seconds
2019-02-21T18:51:57.413-0700: 194.639: Total time for which application threads were stopped: 0.0003465 seconds, Stopping threads took: 0.0000751 seconds
2019-02-21T18:51:57.605-0700: 194.832: Total time for which application threads were stopped: 0.0007742 seconds, Stopping threads took: 0.0003871 seconds
2019-02-21T18:51:57.605-0700: 194.832: Total time for which application threads were stopped: 0.0002174 seconds, Stopping threads took: 0.0000411 seconds
{Heap before GC invocations=36 (full 2):
 par new generation   total 109248K, used 109248K [0x00000000e0000000, 0x00000000e8000000, 0x00000000e8000000)
  eden space 87424K, 100% used [0x00000000e0000000, 0x00000000e5560000, 0x00000000e5560000)
  from space 21824K, 100% used [0x00000000e5560000, 0x00000000e6ab0000, 0x00000000e6ab0000)
  to   space 21824K,   0% used [0x00000000e6ab0000, 0x00000000e6ab0000, 0x00000000e8000000)
 concurrent mark-sweep generation total 393216K, used 159724K [0x00000000e8000000, 0x0000000100000000, 0x0000000100000000)
 Metaspace       used 39916K, capacity 41065K, committed 41152K, reserved 1085440K
  class space    used 4990K, capacity 5297K, committed 5348K, reserved 1048576K
2019-02-21T18:51:57.631-0700: 194.857: [GC (Allocation Failure) 2019-02-21T18:51:57.631-0700: 194.857: [ParNew
Desired survivor size 20112992 bytes, new threshold 8 (max 8)
- age   1:    3930768 bytes,    3930768 total
- age   2:    5735336 bytes,    9666104 total
- age   3:     239072 bytes,    9905176 total
- age   4:     454544 bytes,   10359720 total
- age   5:    1285696 bytes,   11645416 total
- age   6:    2298960 bytes,   13944376 total
- age   7:       4320 bytes,   13948696 total
: 109248K->21824K(109248K), 0.0169988 secs] 268972K->191506K(502464K), 0.0171083 secs] [Times: user=0.08 sys=0.00, real=0.02 secs] 
Heap after GC invocations=37 (full 2):
 par new generation   total 109248K, used 21824K [0x00000000e0000000, 0x00000000e8000000, 0x00000000e8000000)
  eden space 87424K,   0% used [0x00000000e0000000, 0x00000000e0000000, 0x00000000e5560000)
  from space 21824K, 100% used [0x00000000e6ab0000, 0x00000000e8000000, 0x00000000e8000000)
  to   space 21824K,   0% used [0x00000000e5560000, 0x00000000e5560000, 0x00000000e6ab0000)
 concurrent mark-sweep generation total 393216K, used 169682K [0x00000000e8000000, 0x0000000100000000, 0x0000000100000000)
 Metaspace       used 39916K, capacity 41065K, committed 41152K, reserved 1085440K
  class space    used 4990K, capacity 5297K, committed 5348K, reserved 1048576K
}
2019-02-21T18:51:57.648-0700: 194.875: Total time for which application threads were stopped: 0.0175329 seconds, Stopping threads took: 0.0000627 seconds
{Heap before GC invocations=37 (full 2):
 par new generation   total 109248K, used 109248K [0x00000000e0000000, 0x00000000e8000000, 0x00000000e8000000)
  eden space 87424K, 100% used [0x00000000e0000000, 0x00000000e5560000, 0x00000000e5560000)
  from space 21824K, 100% used [0x00000000e6ab0000, 0x00000000e8000000, 0x00000000e8000000)
  to   space 21824K,   0% used [0x00000000e5560000, 0x00000000e5560000, 0x00000000e6ab0000)
 concurrent mark-sweep generation total 393216K, used 169682K [0x00000000e8000000, 0x0000000100000000, 0x0000000100000000)
 Metaspace       used 39919K, capacity 41065K, committed 41152K, reserved 1085440K
  class space    used 4990K, capacity 5297K, committed 5348K, reserved 1048576K
2019-02-21T18:51:57.716-0700: 194.942: [GC (Allocation Failure) 2019-02-21T18:51:57.716-0700: 194.942: [ParNew
Desired survivor size 20112992 bytes, new threshold 8 (max 8)
- age   1:    2527272 bytes,    2527272 total
- age   2:    2901208 bytes,    5428480 total
- age   3:    5715064 bytes,   11143544 total
- age   4:     215496 bytes,   11359040 total
- age   5:     416704 bytes,   11775744 total
- age   6:    1205248 bytes,   12980992 total
- age   7:    2298960 bytes,   15279952 total
- age   8:       4320 bytes,   15284272 total
: 109248K->19176K(109248K), 0.0103027 secs] 278930K->188858K(502464K), 0.0104230 secs] [Times: user=0.08 sys=0.00, real=0.01 secs] 
Heap after GC invocations=38 (full 2):
 par new generation   total 109248K, used 19176K [0x00000000e0000000, 0x00000000e8000000, 0x00000000e8000000)
  eden space 87424K,   0% used [0x00000000e0000000, 0x00000000e0000000, 0x00000000e5560000)
  from space 21824K,  87% used [0x00000000e5560000, 0x00000000e681a078, 0x00000000e6ab0000)
  to   space 21824K,   0% used [0x00000000e6ab0000, 0x00000000e6ab0000, 0x00000000e8000000)
 concurrent mark-sweep generation total 393216K, used 169682K [0x00000000e8000000, 0x0000000100000000, 0x0000000100000000)
 Metaspace       used 39919K, capacity 41065K, committed 41152K, reserved 1085440K
  class space    used 4990K, capacity 5297K, committed 5348K, reserved 1048576K
}
2019-02-21T18:51:57.726-0700: 194.953: Total time for which application threads were stopped: 0.0110532 seconds, Stopping threads took: 0.0001337 seconds
2019-02-21T18:51:57.746-0700: 194.973: Total time for which application threads were stopped: 0.0015576 seconds, Stopping threads took: 0.0012476 seconds
{Heap before GC invocations=38 (full 2):
 par new generation   total 109248K, used 106600K [0x00000000e0000000, 0x00000000e8000000, 0x00000000e8000000)
  eden space 87424K, 100% used [0x00000000e0000000, 0x00000000e5560000, 0x00000000e5560000)
  from space 21824K,  87% used [0x00000000e5560000, 0x00000000e681a078, 0x00000000e6ab0000)
  to   space 21824K,   0% used [0x00000000e6ab0000, 0x00000000e6ab0000, 0x00000000e8000000)
 concurrent mark-sweep generation total 393216K, used 169682K [0x00000000e8000000, 0x0000000100000000, 0x0000000100000000)
 Metaspace       used 39919K, capacity 41065K, committed 41152K, reserved 1085440K
  class space    used 4990K, capacity 5297K, committed 5348K, reserved 1048576K
2019-02-21T18:51:57.789-0700: 195.016: [GC (Allocation Failure) 2019-02-21T18:51:57.789-0700: 195.016: [ParNew
Desired survivor size 20112992 bytes, new threshold 8 (max 8)
- age   1:    8895904 bytes,    8895904 total
- age   2:    1018672 bytes,    9914576 total
- age   3:    2573856 bytes,   12488432 total
- age   4:    5727696 bytes,   18216128 total
- age   5:     211664 bytes,   18427792 total
- age   6:     406952 bytes,   18834744 total
- age   7:    1203560 bytes,   20038304 total
- age   8:    2283008 bytes,   22321312 total
: 106600K->21824K(109248K), 0.0168343 secs] 276282K->196113K(502464K), 0.0169232 secs] [Times: user=0.08 sys=0.00, real=0.02 secs] 
Heap after GC invocations=39 (full 2):
 par new generation   total 109248K, used 21824K [0x00000000e0000000, 0x00000000e8000000, 0x00000000e8000000)
  eden space 87424K,   0% used [0x00000000e0000000, 0x00000000e0000000, 0x00000000e5560000)
  from space 21824K, 100% used [0x00000000e6ab0000, 0x00000000e8000000, 0x00000000e8000000)
  to   space 21824K,   0% used [0x00000000e5560000, 0x00000000e5560000, 0x00000000e6ab0000)
 concurrent mark-sweep generation total 393216K, used 174289K [0x00000000e8000000, 0x0000000100000000, 0x0000000100000000)
 Metaspace       used 39919K, capacity 41065K, committed 41152K, reserved 1085440K
  class space    used 4990K, capacity 5297K, committed 5348K, reserved 1048576K
}
2019-02-21T18:51:57.806-0700: 195.033: Total time for which application threads were stopped: 0.0185363 seconds, Stopping threads took: 0.0012759 seconds
2019-02-21T18:51:57.897-0700: 195.124: Total time for which application threads were stopped: 0.0020655 seconds, Stopping threads took: 0.0017735 seconds
{Heap before GC invocations=39 (full 2):
 par new generation   total 109248K, used 109248K [0x00000000e0000000, 0x00000000e8000000, 0x00000000e8000000)
  eden space 87424K, 100% used [0x00000000e0000000, 0x00000000e5560000, 0x00000000e5560000)
  from space 21824K, 100% used [0x00000000e6ab0000, 0x00000000e8000000, 0x00000000e8000000)
  to   space 21824K,   0% used [0x00000000e5560000, 0x00000000e5560000, 0x00000000e6ab0000)
 concurrent mark-sweep generation total 393216K, used 174289K [0x00000000e8000000, 0x0000000100000000, 0x0000000100000000)
 Metaspace       used 39920K, capacity 41065K, committed 41152K, reserved 1085440K
  class space    used 4990K, capacity 5297K, committed 5348K, reserved 1048576K
2019-02-21T18:51:57.917-0700: 195.144: [GC (Allocation Failure) 2019-02-21T18:51:57.917-0700: 195.144: [ParNew
Desired survivor size 20112992 bytes, new threshold 5 (max 8)
- age   1:    8422880 bytes,    8422880 total
- age   2:    3730144 bytes,   12153024 total
- age   3:     873944 bytes,   13026968 total
- age   4:    2435728 bytes,   15462696 total
- age   5:    5047648 bytes,   20510344 total
- age   6:     210584 bytes,   20720928 total
- age   7:     406600 bytes,   21127528 total
- age   8:    1202408 bytes,   22329936 total
: 109248K->21824K(109248K), 0.0296091 secs] 283537K->215105K(502464K), 0.0298409 secs] [Times: user=0.14 sys=0.00, real=0.03 secs] 
Heap after GC invocations=40 (full 2):
 par new generation   total 109248K, used 21824K [0x00000000e0000000, 0x00000000e8000000, 0x00000000e8000000)
  eden space 87424K,   0% used [0x00000000e0000000, 0x00000000e0000000, 0x00000000e5560000)
  from space 21824K, 100% used [0x00000000e5560000, 0x00000000e6ab0000, 0x00000000e6ab0000)
  to   space 21824K,   0% used [0x00000000e6ab0000, 0x00000000e6ab0000, 0x00000000e8000000)
 concurrent mark-sweep generation total 393216K, used 193281K [0x00000000e8000000, 0x0000000100000000, 0x0000000100000000)
 Metaspace       used 39920K, capacity 41065K, committed 41152K, reserved 1085440K
  class space    used 4990K, capacity 5297K, committed 5348K, reserved 1048576K
}
2019-02-21T18:51:57.947-0700: 195.174: Total time for which application threads were stopped: 0.0352390 seconds, Stopping threads took: 0.0049190 seconds
2019-02-21T18:51:57.997-0700: 195.223: Total time for which application threads were stopped: 0.0005737 seconds, Stopping threads took: 0.0002817 seconds
{Heap before GC invocations=40 (full 2):
 par new generation   total 109248K, used 109248K [0x00000000e0000000, 0x00000000e8000000, 0x00000000e8000000)
  eden space 87424K, 100% used [0x00000000e0000000, 0x00000000e5560000, 0x00000000e5560000)
  from space 21824K, 100% used [0x00000000e5560000, 0x00000000e6ab0000, 0x00000000e6ab0000)
  to   space 21824K,   0% used [0x00000000e6ab0000, 0x00000000e6ab0000, 0x00000000e8000000)
 concurrent mark-sweep generation total 393216K, used 193281K [0x00000000e8000000, 0x0000000100000000, 0x0000000100000000)
 Metaspace       used 39920K, capacity 41065K, committed 41152K, reserved 1085440K
  class space    used 4990K, capacity 5297K, committed 5348K, reserved 1048576K
2019-02-21T18:51:58.045-0700: 195.272: [GC (Allocation Failure) 2019-02-21T18:51:58.045-0700: 195.272: [ParNew
Desired survivor size 20112992 bytes, new threshold 5 (max 8)
- age   1:    7557680 bytes,    7557680 total
- age   2:    6020584 bytes,   13578264 total
- age   3:    3583592 bytes,   17161856 total
- age   4:     865888 bytes,   18027744 total
- age   5:    2365616 bytes,   20393360 total
: 109248K->21824K(109248K), 0.0199474 secs] 302529K->221848K(502464K), 0.0200780 secs] [Times: user=0.16 sys=0.00, real=0.02 secs] 
Heap after GC invocations=41 (full 2):
 par new generation   total 109248K, used 21824K [0x00000000e0000000, 0x00000000e8000000, 0x00000000e8000000)
  eden space 87424K,   0% used [0x00000000e0000000, 0x00000000e0000000, 0x00000000e5560000)
  from space 21824K, 100% used [0x00000000e6ab0000, 0x00000000e8000000, 0x00000000e8000000)
  to   space 21824K,   0% used [0x00000000e5560000, 0x00000000e5560000, 0x00000000e6ab0000)
 concurrent mark-sweep generation total 393216K, used 200024K [0x00000000e8000000, 0x0000000100000000, 0x0000000100000000)
 Metaspace       used 39920K, capacity 41065K, committed 41152K, reserved 1085440K
  class space    used 4990K, capacity 5297K, committed 5348K, reserved 1048576K
}
2019-02-21T18:51:58.065-0700: 195.292: Total time for which application threads were stopped: 0.0254293 seconds, Stopping threads took: 0.0049385 seconds
2019-02-21T18:51:58.065-0700: 195.292: [GC (CMS Initial Mark) [1 CMS-initial-mark: 200024K(393216K)] 222211K(502464K), 0.0032087 secs] [Times: user=0.00 sys=0.00, real=0.00 secs] 
2019-02-21T18:51:58.070-0700: 195.296: Total time for which application threads were stopped: 0.0035449 seconds, Stopping threads took: 0.0000987 seconds
2019-02-21T18:51:58.070-0700: 195.296: [CMS-concurrent-mark-start]
2019-02-21T18:51:58.109-0700: 195.336: [CMS-concurrent-mark: 0.040/0.040 secs] [Times: user=0.20 sys=0.02, real=0.04 secs] 
2019-02-21T18:51:58.109-0700: 195.336: [CMS-concurrent-preclean-start]
2019-02-21T18:51:58.118-0700: 195.344: [CMS-concurrent-preclean: 0.008/0.008 secs] [Times: user=0.05 sys=0.03, real=0.01 secs] 
2019-02-21T18:51:58.118-0700: 195.344: [CMS-concurrent-abortable-preclean-start]
2019-02-21T18:51:58.175-0700: 195.402: Total time for which application threads were stopped: 0.0003408 seconds, Stopping threads took: 0.0000776 seconds
2019-02-21T18:51:58.294-0700: 195.521: Total time for which application threads were stopped: 0.0010286 seconds, Stopping threads took: 0.0000879 seconds
2019-02-21T18:51:58.298-0700: 195.525: Total time for which application threads were stopped: 0.0007742 seconds, Stopping threads took: 0.0000900 seconds
{Heap before GC invocations=41 (full 3):
 par new generation   total 109248K, used 109236K [0x00000000e0000000, 0x00000000e8000000, 0x00000000e8000000)
  eden space 87424K,  99% used [0x00000000e0000000, 0x00000000e555d140, 0x00000000e5560000)
  from space 21824K, 100% used [0x00000000e6ab0000, 0x00000000e8000000, 0x00000000e8000000)
  to   space 21824K,   0% used [0x00000000e5560000, 0x00000000e5560000, 0x00000000e6ab0000)
 concurrent mark-sweep generation total 393216K, used 200024K [0x00000000e8000000, 0x0000000100000000, 0x0000000100000000)
 Metaspace       used 39994K, capacity 41135K, committed 41408K, reserved 1085440K
  class space    used 4997K, capacity 5298K, committed 5348K, reserved 1048576K
2019-02-21T18:51:58.299-0700: 195.525: [GC (Allocation Failure) 2019-02-21T18:51:58.299-0700: 195.525: [ParNew
Desired survivor size 20112992 bytes, new threshold 4 (max 8)
- age   1:    7142712 bytes,    7142712 total
- age   2:    5080416 bytes,   12223128 total
- age   3:    5571504 bytes,   17794632 total
- age   4:    3320792 bytes,   21115424 total
- age   5:     591640 bytes,   21707064 total
: 109236K->21824K(109248K), 0.0173771 secs] 309260K->224743K(502464K), 0.0174846 secs] [Times: user=0.06 sys=0.00, real=0.02 secs] 
Heap after GC invocations=42 (full 3):
 par new generation   total 109248K, used 21824K [0x00000000e0000000, 0x00000000e8000000, 0x00000000e8000000)
  eden space 87424K,   0% used [0x00000000e0000000, 0x00000000e0000000, 0x00000000e5560000)
  from space 21824K, 100% used [0x00000000e5560000, 0x00000000e6ab0000, 0x00000000e6ab0000)
  to   space 21824K,   0% used [0x00000000e6ab0000, 0x00000000e6ab0000, 0x00000000e8000000)
 concurrent mark-sweep generation total 393216K, used 202919K [0x00000000e8000000, 0x0000000100000000, 0x0000000100000000)
 Metaspace       used 39994K, capacity 41135K, committed 41408K, reserved 1085440K
  class space    used 4997K, capacity 5298K, committed 5348K, reserved 1048576K
}
2019-02-21T18:51:58.316-0700: 195.543: Total time for which application threads were stopped: 0.0178120 seconds, Stopping threads took: 0.0000653 seconds
2019-02-21T18:51:58.450-0700: 195.677: Total time for which application threads were stopped: 0.0002128 seconds, Stopping threads took: 0.0000565 seconds
2019-02-21T18:51:58.459-0700: 195.686: [CMS-concurrent-abortable-preclean: 0.319/0.342 secs] [Times: user=1.58 sys=0.03, real=0.34 secs] 
2019-02-21T18:51:58.460-0700: 195.686: [GC (CMS Final Remark) [YG occupancy: 79087 K (109248 K)]{Heap before GC invocations=42 (full 3):
 par new generation   total 109248K, used 79087K [0x00000000e0000000, 0x00000000e8000000, 0x00000000e8000000)
  eden space 87424K,  65% used [0x00000000e0000000, 0x00000000e37ebd98, 0x00000000e5560000)
  from space 21824K, 100% used [0x00000000e5560000, 0x00000000e6ab0000, 0x00000000e6ab0000)
  to   space 21824K,   0% used [0x00000000e6ab0000, 0x00000000e6ab0000, 0x00000000e8000000)
 concurrent mark-sweep generation total 393216K, used 202919K [0x00000000e8000000, 0x0000000100000000, 0x0000000100000000)
 Metaspace       used 40208K, capacity 41359K, committed 41664K, reserved 1085440K
  class space    used 5017K, capacity 5330K, committed 5348K, reserved 1048576K
2019-02-21T18:51:58.460-0700: 195.686: [GC (CMS Final Remark) 2019-02-21T18:51:58.460-0700: 195.687: [ParNew
Desired survivor size 20112992 bytes, new threshold 8 (max 8)
- age   1:    5053024 bytes,    5053024 total
- age   2:    4519320 bytes,    9572344 total
- age   3:    4649544 bytes,   14221888 total
- age   4:    5359352 bytes,   19581240 total
: 79087K->21824K(109248K), 0.0205422 secs] 282006K->230305K(502464K), 0.0206553 secs] [Times: user=0.06 sys=0.00, real=0.02 secs] 
Heap after GC invocations=43 (full 3):
 par new generation   total 109248K, used 21824K [0x00000000e0000000, 0x00000000e8000000, 0x00000000e8000000)
  eden space 87424K,   0% used [0x00000000e0000000, 0x00000000e0000000, 0x00000000e5560000)
  from space 21824K, 100% used [0x00000000e6ab0000, 0x00000000e8000000, 0x00000000e8000000)
  to   space 21824K,   0% used [0x00000000e5560000, 0x00000000e5560000, 0x00000000e6ab0000)
 concurrent mark-sweep generation total 393216K, used 208481K [0x00000000e8000000, 0x0000000100000000, 0x0000000100000000)
 Metaspace       used 40208K, capacity 41359K, committed 41664K, reserved 1085440K
  class space    used 5017K, capacity 5330K, committed 5348K, reserved 1048576K
}
2019-02-21T18:51:58.480-0700: 195.707: [Rescan (parallel) , 0.0075993 secs]2019-02-21T18:51:58.488-0700: 195.715: [weak refs processing, 0.0006924 secs]2019-02-21T18:51:58.489-0700: 195.716: [class unloading, 0.0118485 secs]2019-02-21T18:51:58.501-0700: 195.728: [scrub symbol table, 0.0123163 secs]2019-02-21T18:51:58.513-0700: 195.740: [scrub string table, 0.0006287 secs][1 CMS-remark: 208481K(393216K)] 230305K(502464K), 0.0543845 secs] [Times: user=0.14 sys=0.00, real=0.05 secs] 
2019-02-21T18:51:58.514-0700: 195.741: Total time for which application threads were stopped: 0.0547608 seconds, Stopping threads took: 0.0001259 seconds
2019-02-21T18:51:58.514-0700: 195.741: [CMS-concurrent-sweep-start]
2019-02-21T18:51:58.576-0700: 195.803: [CMS-concurrent-sweep: 0.062/0.062 secs] [Times: user=0.31 sys=0.00, real=0.06 secs] 
2019-02-21T18:51:58.576-0700: 195.803: [CMS-concurrent-reset-start]
2019-02-21T18:51:58.577-0700: 195.803: [CMS-concurrent-reset: 0.001/0.001 secs] [Times: user=0.00 sys=0.00, real=0.00 secs] 
2019-02-21T18:51:58.599-0700: 195.825: Total time for which application threads were stopped: 0.0002545 seconds, Stopping threads took: 0.0000740 seconds
2019-02-21T18:51:58.603-0700: 195.830: Total time for which application threads were stopped: 0.0003655 seconds, Stopping threads took: 0.0000858 seconds
2019-02-21T18:51:58.643-0700: 195.869: Total time for which application threads were stopped: 0.0002719 seconds, Stopping threads took: 0.0000622 seconds
2019-02-21T18:51:58.646-0700: 195.873: Total time for which application threads were stopped: 0.0002550 seconds, Stopping threads took: 0.0000756 seconds
2019-02-21T18:51:58.659-0700: 195.886: Total time for which application threads were stopped: 0.0002272 seconds, Stopping threads took: 0.0000694 seconds
2019-02-21T18:51:58.664-0700: 195.891: Total time for which application threads were stopped: 0.0002334 seconds, Stopping threads took: 0.0000781 seconds
2019-02-21T18:51:58.686-0700: 195.913: Total time for which application threads were stopped: 0.0005840 seconds, Stopping threads took: 0.0000663 seconds
{Heap before GC invocations=43 (full 3):
 par new generation   total 109248K, used 109248K [0x00000000e0000000, 0x00000000e8000000, 0x00000000e8000000)
  eden space 87424K, 100% used [0x00000000e0000000, 0x00000000e5560000, 0x00000000e5560000)
  from space 21824K, 100% used [0x00000000e6ab0000, 0x00000000e8000000, 0x00000000e8000000)
  to   space 21824K,   0% used [0x00000000e5560000, 0x00000000e5560000, 0x00000000e6ab0000)
 concurrent mark-sweep generation total 393216K, used 157374K [0x00000000e8000000, 0x0000000100000000, 0x0000000100000000)
 Metaspace       used 40331K, capacity 41483K, committed 41792K, reserved 1085440K
  class space    used 5041K, capacity 5368K, committed 5476K, reserved 1048576K
2019-02-21T18:51:59.024-0700: 196.251: [GC (Allocation Failure) 2019-02-21T18:51:59.024-0700: 196.251: [ParNew
Desired survivor size 20112992 bytes, new threshold 5 (max 8)
- age   1:    5601888 bytes,    5601888 total
- age   2:    4284224 bytes,    9886112 total
- age   3:    3996504 bytes,   13882616 total
- age   4:    3621952 bytes,   17504568 total
- age   5:    4862832 bytes,   22367400 total
: 109248K->21824K(109248K), 0.0200754 secs] 266622K->182436K(502464K), 0.0201659 secs] [Times: user=0.08 sys=0.00, real=0.02 secs] 
Heap after GC invocations=44 (full 3):
 par new generation   total 109248K, used 21824K [0x00000000e0000000, 0x00000000e8000000, 0x00000000e8000000)
  eden space 87424K,   0% used [0x00000000e0000000, 0x00000000e0000000, 0x00000000e5560000)
  from space 21824K, 100% used [0x00000000e5560000, 0x00000000e6ab0000, 0x00000000e6ab0000)
  to   space 21824K,   0% used [0x00000000e6ab0000, 0x00000000e6ab0000, 0x00000000e8000000)
 concurrent mark-sweep generation total 393216K, used 160612K [0x00000000e8000000, 0x0000000100000000, 0x0000000100000000)
 Metaspace       used 40331K, capacity 41483K, committed 41792K, reserved 1085440K
  class space    used 5041K, capacity 5368K, committed 5476K, reserved 1048576K
}
2019-02-21T18:51:59.044-0700: 196.271: Total time for which application threads were stopped: 0.0205751 seconds, Stopping threads took: 0.0001280 seconds
2019-02-21T18:51:59.079-0700: 196.305: Total time for which application threads were stopped: 0.0002714 seconds, Stopping threads took: 0.0000648 seconds
2019-02-21T18:51:59.087-0700: 196.313: Total time for which application threads were stopped: 0.0003125 seconds, Stopping threads took: 0.0000869 seconds
2019-02-21T18:51:59.093-0700: 196.319: Total time for which application threads were stopped: 0.0003830 seconds, Stopping threads took: 0.0001373 seconds
2019-02-21T18:51:59.098-0700: 196.325: Total time for which application threads were stopped: 0.0004010 seconds, Stopping threads took: 0.0000941 seconds
2019-02-21T18:51:59.103-0700: 196.330: Total time for which application threads were stopped: 0.0004210 seconds, Stopping threads took: 0.0000812 seconds
2019-02-21T18:51:59.109-0700: 196.335: Total time for which application threads were stopped: 0.0003933 seconds, Stopping threads took: 0.0000833 seconds
2019-02-21T18:51:59.109-0700: 196.336: Total time for which application threads were stopped: 0.0002925 seconds, Stopping threads took: 0.0000709 seconds
{Heap before GC invocations=44 (full 3):
 par new generation   total 109248K, used 108846K [0x00000000e0000000, 0x00000000e8000000, 0x00000000e8000000)
  eden space 87424K,  99% used [0x00000000e0000000, 0x00000000e54fbb58, 0x00000000e5560000)
  from space 21824K, 100% used [0x00000000e5560000, 0x00000000e6ab0000, 0x00000000e6ab0000)
  to   space 21824K,   0% used [0x00000000e6ab0000, 0x00000000e6ab0000, 0x00000000e8000000)
 concurrent mark-sweep generation total 393216K, used 160612K [0x00000000e8000000, 0x0000000100000000, 0x0000000100000000)
 Metaspace       used 40353K, capacity 41559K, committed 41792K, reserved 1085440K
  class space    used 5043K, capacity 5370K, committed 5476K, reserved 1048576K
2019-02-21T18:51:59.127-0700: 196.353: [GC (Allocation Failure) 2019-02-21T18:51:59.127-0700: 196.353: [ParNew
Desired survivor size 20112992 bytes, new threshold 5 (max 8)
- age   1:    9503320 bytes,    9503320 total
- age   2:    4647760 bytes,   14151080 total
- age   3:    2103680 bytes,   16254760 total
- age   4:    3126200 bytes,   19380960 total
- age   5:    2896536 bytes,   22277496 total
: 108846K->21824K(109248K), 0.0288514 secs] 269459K->200060K(502464K), 0.0289742 secs] [Times: user=0.11 sys=0.00, real=0.03 secs] 
Heap after GC invocations=45 (full 3):
 par new generation   total 109248K, used 21824K [0x00000000e0000000, 0x00000000e8000000, 0x00000000e8000000)
  eden space 87424K,   0% used [0x00000000e0000000, 0x00000000e0000000, 0x00000000e5560000)
  from space 21824K, 100% used [0x00000000e6ab0000, 0x00000000e8000000, 0x00000000e8000000)
  to   space 21824K,   0% used [0x00000000e5560000, 0x00000000e5560000, 0x00000000e6ab0000)
 concurrent mark-sweep generation total 393216K, used 178236K [0x00000000e8000000, 0x0000000100000000, 0x0000000100000000)
 Metaspace       used 40353K, capacity 41559K, committed 41792K, reserved 1085440K
  class space    used 5043K, capacity 5370K, committed 5476K, reserved 1048576K
}
2019-02-21T18:51:59.156-0700: 196.382: Total time for which application threads were stopped: 0.0295921 seconds, Stopping threads took: 0.0000596 seconds
{Heap before GC invocations=45 (full 3):
 par new generation   total 109248K, used 108777K [0x00000000e0000000, 0x00000000e8000000, 0x00000000e8000000)
  eden space 87424K,  99% used [0x00000000e0000000, 0x00000000e54ea718, 0x00000000e5560000)
  from space 21824K, 100% used [0x00000000e6ab0000, 0x00000000e8000000, 0x00000000e8000000)
  to   space 21824K,   0% used [0x00000000e5560000, 0x00000000e5560000, 0x00000000e6ab0000)
 concurrent mark-sweep generation total 393216K, used 178236K [0x00000000e8000000, 0x0000000100000000, 0x0000000100000000)
 Metaspace       used 40381K, capacity 41559K, committed 41792K, reserved 1085440K
  class space    used 5043K, capacity 5370K, committed 5476K, reserved 1048576K
2019-02-21T18:51:59.292-0700: 196.519: [GC (Allocation Failure) 2019-02-21T18:51:59.292-0700: 196.519: [ParNew
Desired survivor size 20112992 bytes, new threshold 8 (max 8)
- age   1:     797320 bytes,     797320 total
- age   2:    9143752 bytes,    9941072 total
- age   3:    4086288 bytes,   14027360 total
- age   4:    2091400 bytes,   16118760 total
- age   5:    3006720 bytes,   19125480 total
: 108777K->21824K(109248K), 0.0165670 secs] 287014K->203764K(502464K), 0.0166713 secs] [Times: user=0.08 sys=0.00, real=0.02 secs] 
Heap after GC invocations=46 (full 3):
 par new generation   total 109248K, used 21824K [0x00000000e0000000, 0x00000000e8000000, 0x00000000e8000000)
  eden space 87424K,   0% used [0x00000000e0000000, 0x00000000e0000000, 0x00000000e5560000)
  from space 21824K, 100% used [0x00000000e5560000, 0x00000000e6ab0000, 0x00000000e6ab0000)
  to   space 21824K,   0% used [0x00000000e6ab0000, 0x00000000e6ab0000, 0x00000000e8000000)
 concurrent mark-sweep generation total 393216K, used 181940K [0x00000000e8000000, 0x0000000100000000, 0x0000000100000000)
 Metaspace       used 40381K, capacity 41559K, committed 41792K, reserved 1085440K
  class space    used 5043K, capacity 5370K, committed 5476K, reserved 1048576K
}
2019-02-21T18:51:59.310-0700: 196.536: Total time for which application threads were stopped: 0.0172543 seconds, Stopping threads took: 0.0000627 seconds
2019-02-21T18:51:59.330-0700: 196.557: Total time for which application threads were stopped: 0.0003429 seconds, Stopping threads took: 0.0000545 seconds
{Heap before GC invocations=46 (full 3):
 par new generation   total 109248K, used 109248K [0x00000000e0000000, 0x00000000e8000000, 0x00000000e8000000)
  eden space 87424K, 100% used [0x00000000e0000000, 0x00000000e5560000, 0x00000000e5560000)
  from space 21824K, 100% used [0x00000000e5560000, 0x00000000e6ab0000, 0x00000000e6ab0000)
  to   space 21824K,   0% used [0x00000000e6ab0000, 0x00000000e6ab0000, 0x00000000e8000000)
 concurrent mark-sweep generation total 393216K, used 181940K [0x00000000e8000000, 0x0000000100000000, 0x0000000100000000)
 Metaspace       used 40387K, capacity 41623K, committed 41792K, reserved 1085440K
  class space    used 5043K, capacity 5370K, committed 5476K, reserved 1048576K
2019-02-21T18:51:59.394-0700: 196.620: [GC (Allocation Failure) 2019-02-21T18:51:59.394-0700: 196.621: [ParNew
Desired survivor size 20112992 bytes, new threshold 6 (max 8)
- age   1:    3378344 bytes,    3378344 total
- age   2:     377520 bytes,    3755864 total
- age   3:    8997592 bytes,   12753456 total
- age   4:    4021400 bytes,   16774856 total
- age   5:    2090896 bytes,   18865752 total
- age   6:    3003792 bytes,   21869544 total
: 109248K->21824K(109248K), 0.0205627 secs] 291188K->208165K(502464K), 0.0207920 secs] [Times: user=0.08 sys=0.00, real=0.02 secs] 
Heap after GC invocations=47 (full 3):
 par new generation   total 109248K, used 21824K [0x00000000e0000000, 0x00000000e8000000, 0x00000000e8000000)
  eden space 87424K,   0% used [0x00000000e0000000, 0x00000000e0000000, 0x00000000e5560000)
  from space 21824K, 100% used [0x00000000e6ab0000, 0x00000000e8000000, 0x00000000e8000000)
  to   space 21824K,   0% used [0x00000000e5560000, 0x00000000e5560000, 0x00000000e6ab0000)
 concurrent mark-sweep generation total 393216K, used 186341K [0x00000000e8000000, 0x0000000100000000, 0x0000000100000000)
 Metaspace       used 40387K, capacity 41623K, committed 41792K, reserved 1085440K
  class space    used 5043K, capacity 5370K, committed 5476K, reserved 1048576K
}
2019-02-21T18:51:59.415-0700: 196.641: Total time for which application threads were stopped: 0.0214546 seconds, Stopping threads took: 0.0002010 seconds
{Heap before GC invocations=47 (full 3):
 par new generation   total 109248K, used 109248K [0x00000000e0000000, 0x00000000e8000000, 0x00000000e8000000)
  eden space 87424K, 100% used [0x00000000e0000000, 0x00000000e5560000, 0x00000000e5560000)
  from space 21824K, 100% used [0x00000000e6ab0000, 0x00000000e8000000, 0x00000000e8000000)
  to   space 21824K,   0% used [0x00000000e5560000, 0x00000000e5560000, 0x00000000e6ab0000)
 concurrent mark-sweep generation total 393216K, used 186341K [0x00000000e8000000, 0x0000000100000000, 0x0000000100000000)
 Metaspace       used 40387K, capacity 41623K, committed 41792K, reserved 1085440K
  class space    used 5043K, capacity 5370K, committed 5476K, reserved 1048576K
2019-02-21T18:51:59.457-0700: 196.683: [GC (Allocation Failure) 2019-02-21T18:51:59.457-0700: 196.683: [ParNew
Desired survivor size 20112992 bytes, new threshold 8 (max 8)
- age   1:     792464 bytes,     792464 total
- age   2:    2725976 bytes,    3518440 total
- age   3:     321760 bytes,    3840200 total
- age   4:    8977544 bytes,   12817744 total
- age   5:    3496008 bytes,   16313752 total
- age   6:    1748152 bytes,   18061904 total
: 109248K->21824K(109248K), 0.0180058 secs] 295589K->213001K(502464K), 0.0181097 secs] [Times: user=0.08 sys=0.02, real=0.02 secs] 
Heap after GC invocations=48 (full 3):
 par new generation   total 109248K, used 21824K [0x00000000e0000000, 0x00000000e8000000, 0x00000000e8000000)
  eden space 87424K,   0% used [0x00000000e0000000, 0x00000000e0000000, 0x00000000e5560000)
  from space 21824K, 100% used [0x00000000e5560000, 0x00000000e6ab0000, 0x00000000e6ab0000)
  to   space 21824K,   0% used [0x00000000e6ab0000, 0x00000000e6ab0000, 0x00000000e8000000)
 concurrent mark-sweep generation total 393216K, used 191177K [0x00000000e8000000, 0x0000000100000000, 0x0000000100000000)
 Metaspace       used 40387K, capacity 41623K, committed 41792K, reserved 1085440K
  class space    used 5043K, capacity 5370K, committed 5476K, reserved 1048576K
}
2019-02-21T18:51:59.475-0700: 196.701: Total time for which application threads were stopped: 0.0187306 seconds, Stopping threads took: 0.0001892 seconds
2019-02-21T18:51:59.497-0700: 196.723: Total time for which application threads were stopped: 0.0016501 seconds, Stopping threads took: 0.0013376 seconds
{Heap before GC invocations=48 (full 3):
 par new generation   total 109248K, used 109224K [0x00000000e0000000, 0x00000000e8000000, 0x00000000e8000000)
  eden space 87424K,  99% used [0x00000000e0000000, 0x00000000e555a2f8, 0x00000000e5560000)
  from space 21824K, 100% used [0x00000000e5560000, 0x00000000e6ab0000, 0x00000000e6ab0000)
  to   space 21824K,   0% used [0x00000000e6ab0000, 0x00000000e6ab0000, 0x00000000e8000000)
 concurrent mark-sweep generation total 393216K, used 191177K [0x00000000e8000000, 0x0000000100000000, 0x0000000100000000)
 Metaspace       used 40387K, capacity 41623K, committed 41792K, reserved 1085440K
  class space    used 5043K, capacity 5370K, committed 5476K, reserved 1048576K
2019-02-21T18:51:59.536-0700: 196.763: [GC (Allocation Failure) 2019-02-21T18:51:59.536-0700: 196.763: [ParNew
Desired survivor size 20112992 bytes, new threshold 8 (max 8)
- age   1:    1793360 bytes,    1793360 total
- age   2:     340984 bytes,    2134344 total
- age   3:    2602912 bytes,    4737256 total
- age   4:     226360 bytes,    4963616 total
- age   5:    7837952 bytes,   12801568 total
- age   6:    3426808 bytes,   16228376 total
- age   7:    1465376 bytes,   17693752 total
: 109224K->21824K(109248K), 0.0152536 secs] 300402K->214696K(502464K), 0.0154839 secs] [Times: user=0.09 sys=0.00, real=0.02 secs] 
Heap after GC invocations=49 (full 3):
 par new generation   total 109248K, used 21824K [0x00000000e0000000, 0x00000000e8000000, 0x00000000e8000000)
  eden space 87424K,   0% used [0x00000000e0000000, 0x00000000e0000000, 0x00000000e5560000)
  from space 21824K, 100% used [0x00000000e6ab0000, 0x00000000e8000000, 0x00000000e8000000)
  to   space 21824K,   0% used [0x00000000e5560000, 0x00000000e5560000, 0x00000000e6ab0000)
 concurrent mark-sweep generation total 393216K, used 192872K [0x00000000e8000000, 0x0000000100000000, 0x0000000100000000)
 Metaspace       used 40387K, capacity 41623K, committed 41792K, reserved 1085440K
  class space    used 5043K, capacity 5370K, committed 5476K, reserved 1048576K
}
2019-02-21T18:51:59.552-0700: 196.778: Total time for which application threads were stopped: 0.0172974 seconds, Stopping threads took: 0.0013720 seconds
2019-02-21T18:51:59.605-0700: 196.832: Total time for which application threads were stopped: 0.0012707 seconds, Stopping threads took: 0.0009597 seconds
2019-02-21T18:51:59.628-0700: 196.855: Total time for which application threads were stopped: 0.0006482 seconds, Stopping threads took: 0.0003192 seconds
2019-02-21T18:51:59.682-0700: 196.908: Total time for which application threads were stopped: 0.0114732 seconds, Stopping threads took: 0.0111206 seconds
{Heap before GC invocations=49 (full 3):
 par new generation   total 109248K, used 109248K [0x00000000e0000000, 0x00000000e8000000, 0x00000000e8000000)
  eden space 87424K, 100% used [0x00000000e0000000, 0x00000000e5560000, 0x00000000e5560000)
  from space 21824K, 100% used [0x00000000e6ab0000, 0x00000000e8000000, 0x00000000e8000000)
  to   space 21824K,   0% used [0x00000000e5560000, 0x00000000e5560000, 0x00000000e6ab0000)
 concurrent mark-sweep generation total 393216K, used 192872K [0x00000000e8000000, 0x0000000100000000, 0x0000000100000000)
 Metaspace       used 40394K, capacity 41629K, committed 41792K, reserved 1085440K
  class space    used 5043K, capacity 5371K, committed 5476K, reserved 1048576K
2019-02-21T18:51:59.702-0700: 196.930: [GC (Allocation Failure) 2019-02-21T18:51:59.703-0700: 196.930: [ParNew
Desired survivor size 20112992 bytes, new threshold 7 (max 8)
- age   1:    7187992 bytes,    7187992 total
- age   2:     616512 bytes,    7804504 total
- age   3:     220264 bytes,    8024768 total
- age   4:    2368760 bytes,   10393528 total
- age   5:     162784 bytes,   10556312 total
- age   6:    7542096 bytes,   18098408 total
- age   7:    2762800 bytes,   20861208 total
- age   8:    1461152 bytes,   22322360 total
: 109248K->21824K(109248K), 0.0184988 secs] 302120K->219941K(502464K), 0.0186761 secs] [Times: user=0.13 sys=0.02, real=0.02 secs] 
Heap after GC invocations=50 (full 3):
 par new generation   total 109248K, used 21824K [0x00000000e0000000, 0x00000000e8000000, 0x00000000e8000000)
  eden space 87424K,   0% used [0x00000000e0000000, 0x00000000e0000000, 0x00000000e5560000)
  from space 21824K, 100% used [0x00000000e5560000, 0x00000000e6ab0000, 0x00000000e6ab0000)
  to   space 21824K,   0% used [0x00000000e6ab0000, 0x00000000e6ab0000, 0x00000000e8000000)
 concurrent mark-sweep generation total 393216K, used 198117K [0x00000000e8000000, 0x0000000100000000, 0x0000000100000000)
 Metaspace       used 40394K, capacity 41629K, committed 41792K, reserved 1085440K
  class space    used 5043K, capacity 5371K, committed 5476K, reserved 1048576K
}
2019-02-21T18:51:59.721-0700: 196.948: Total time for which application threads were stopped: 0.0192601 seconds, Stopping threads took: 0.0000858 seconds
2019-02-21T18:51:59.722-0700: 196.949: [GC (CMS Initial Mark) [1 CMS-initial-mark: 198117K(393216K)] 220782K(502464K), 0.0034164 secs] [Times: user=0.00 sys=0.00, real=0.00 secs] 
2019-02-21T18:51:59.726-0700: 196.953: Total time for which application threads were stopped: 0.0037053 seconds, Stopping threads took: 0.0000761 seconds
2019-02-21T18:51:59.726-0700: 196.953: [CMS-concurrent-mark-start]
2019-02-21T18:51:59.760-0700: 196.987: [CMS-concurrent-mark: 0.034/0.034 secs] [Times: user=0.22 sys=0.02, real=0.03 secs] 
2019-02-21T18:51:59.760-0700: 196.987: [CMS-concurrent-preclean-start]
2019-02-21T18:51:59.763-0700: 196.990: [CMS-concurrent-preclean: 0.003/0.003 secs] [Times: user=0.00 sys=0.00, real=0.00 secs] 
2019-02-21T18:51:59.763-0700: 196.990: [CMS-concurrent-abortable-preclean-start]
2019-02-21T18:51:59.858-0700: 197.085: [CMS-concurrent-abortable-preclean: 0.095/0.095 secs] [Times: user=0.44 sys=0.03, real=0.10 secs] 
2019-02-21T18:51:59.858-0700: 197.085: [GC (CMS Final Remark) [YG occupancy: 105269 K (109248 K)]{Heap before GC invocations=50 (full 4):
 par new generation   total 109248K, used 105269K [0x00000000e0000000, 0x00000000e8000000, 0x00000000e8000000)
  eden space 87424K,  95% used [0x00000000e0000000, 0x00000000e517d5c8, 0x00000000e5560000)
  from space 21824K, 100% used [0x00000000e5560000, 0x00000000e6ab0000, 0x00000000e6ab0000)
  to   space 21824K,   0% used [0x00000000e6ab0000, 0x00000000e6ab0000, 0x00000000e8000000)
 concurrent mark-sweep generation total 393216K, used 198117K [0x00000000e8000000, 0x0000000100000000, 0x0000000100000000)
 Metaspace       used 40397K, capacity 41629K, committed 41792K, reserved 1085440K
  class space    used 5043K, capacity 5371K, committed 5476K, reserved 1048576K
2019-02-21T18:51:59.859-0700: 197.085: [GC (CMS Final Remark) 2019-02-21T18:51:59.859-0700: 197.085: [ParNew
Desired survivor size 20112992 bytes, new threshold 8 (max 8)
- age   1:    3095960 bytes,    3095960 total
- age   2:    3366432 bytes,    6462392 total
- age   3:     460936 bytes,    6923328 total
- age   4:     198640 bytes,    7121968 total
- age   5:    2288256 bytes,    9410224 total
- age   6:     162328 bytes,    9572552 total
- age   7:    7541552 bytes,   17114104 total
: 105269K->21824K(109248K), 0.0263011 secs] 303387K->227693K(502464K), 0.0264322 secs] [Times: user=0.22 sys=0.00, real=0.03 secs] 
Heap after GC invocations=51 (full 4):
 par new generation   total 109248K, used 21824K [0x00000000e0000000, 0x00000000e8000000, 0x00000000e8000000)
  eden space 87424K,   0% used [0x00000000e0000000, 0x00000000e0000000, 0x00000000e5560000)
  from space 21824K, 100% used [0x00000000e6ab0000, 0x00000000e8000000, 0x00000000e8000000)
  to   space 21824K,   0% used [0x00000000e5560000, 0x00000000e5560000, 0x00000000e6ab0000)
 concurrent mark-sweep generation total 393216K, used 205869K [0x00000000e8000000, 0x0000000100000000, 0x0000000100000000)
 Metaspace       used 40397K, capacity 41629K, committed 41792K, reserved 1085440K
  class space    used 5043K, capacity 5371K, committed 5476K, reserved 1048576K
}
2019-02-21T18:51:59.885-0700: 197.112: [Rescan (parallel) , 0.0079987 secs]2019-02-21T18:51:59.893-0700: 197.120: [weak refs processing, 0.0005840 secs]2019-02-21T18:51:59.894-0700: 197.121: [class unloading, 0.0136420 secs]2019-02-21T18:51:59.908-0700: 197.134: [scrub symbol table, 0.0160961 secs]2019-02-21T18:51:59.924-0700: 197.150: [scrub string table, 0.0008055 secs][1 CMS-remark: 205869K(393216K)] 227693K(502464K), 0.0662401 secs] [Times: user=0.45 sys=0.00, real=0.07 secs] 
2019-02-21T18:51:59.925-0700: 197.152: Total time for which application threads were stopped: 0.0666046 seconds, Stopping threads took: 0.0000812 seconds
2019-02-21T18:51:59.926-0700: 197.153: [CMS-concurrent-sweep-start]
2019-02-21T18:52:00.009-0700: 197.236: [CMS-concurrent-sweep: 0.083/0.083 secs] [Times: user=0.42 sys=0.02, real=0.08 secs] 
2019-02-21T18:52:00.009-0700: 197.236: [CMS-concurrent-reset-start]
2019-02-21T18:52:00.010-0700: 197.237: [CMS-concurrent-reset: 0.001/0.001 secs] [Times: user=0.00 sys=0.00, real=0.00 secs] 
2019-02-21T18:52:00.027-0700: 197.254: Total time for which application threads were stopped: 0.0002339 seconds, Stopping threads took: 0.0000493 seconds
2019-02-21T18:52:00.036-0700: 197.263: Total time for which application threads were stopped: 0.0002272 seconds, Stopping threads took: 0.0000668 seconds
2019-02-21T18:52:00.037-0700: 197.264: Total time for which application threads were stopped: 0.0001655 seconds, Stopping threads took: 0.0000432 seconds
2019-02-21T18:52:00.037-0700: 197.264: Total time for which application threads were stopped: 0.0001465 seconds, Stopping threads took: 0.0000427 seconds
2019-02-21T18:52:00.038-0700: 197.265: Total time for which application threads were stopped: 0.0001619 seconds, Stopping threads took: 0.0000478 seconds
2019-02-21T18:52:00.038-0700: 197.265: Total time for which application threads were stopped: 0.0001609 seconds, Stopping threads took: 0.0000427 seconds
2019-02-21T18:52:00.038-0700: 197.265: Total time for which application threads were stopped: 0.0001439 seconds, Stopping threads took: 0.0000406 seconds
2019-02-21T18:52:00.048-0700: 197.275: Total time for which application threads were stopped: 0.0004112 seconds, Stopping threads took: 0.0000787 seconds
2019-02-21T18:52:00.050-0700: 197.276: Total time for which application threads were stopped: 0.0007459 seconds, Stopping threads took: 0.0001666 seconds
2019-02-21T18:52:00.051-0700: 197.278: Total time for which application threads were stopped: 0.0005439 seconds, Stopping threads took: 0.0001316 seconds
2019-02-21T18:52:00.053-0700: 197.279: Total time for which application threads were stopped: 0.0004179 seconds, Stopping threads took: 0.0000915 seconds
2019-02-21T18:52:00.053-0700: 197.279: Total time for which application threads were stopped: 0.0002370 seconds, Stopping threads took: 0.0000458 seconds
2019-02-21T18:52:00.056-0700: 197.282: Total time for which application threads were stopped: 0.0003516 seconds, Stopping threads took: 0.0000874 seconds
2019-02-21T18:52:00.068-0700: 197.294: Total time for which application threads were stopped: 0.0006672 seconds, Stopping threads took: 0.0004313 seconds
2019-02-21T18:52:00.068-0700: 197.295: Total time for which application threads were stopped: 0.0002174 seconds, Stopping threads took: 0.0000391 seconds
2019-02-21T18:52:00.071-0700: 197.297: Total time for which application threads were stopped: 0.0009767 seconds, Stopping threads took: 0.0007341 seconds
2019-02-21T18:52:00.085-0700: 197.312: Total time for which application threads were stopped: 0.0004539 seconds, Stopping threads took: 0.0001974 seconds
2019-02-21T18:52:00.100-0700: 197.328: Total time for which application threads were stopped: 0.0016666 seconds, Stopping threads took: 0.0014491 seconds
2019-02-21T18:52:00.112-0700: 197.339: Total time for which application threads were stopped: 0.0012805 seconds, Stopping threads took: 0.0010913 seconds
2019-02-21T18:52:00.112-0700: 197.339: Total time for which application threads were stopped: 0.0002920 seconds, Stopping threads took: 0.0001008 seconds
2019-02-21T18:52:00.113-0700: 197.340: Total time for which application threads were stopped: 0.0003280 seconds, Stopping threads took: 0.0000894 seconds
2019-02-21T18:52:00.115-0700: 197.342: Total time for which application threads were stopped: 0.0003403 seconds, Stopping threads took: 0.0000771 seconds
{Heap before GC invocations=51 (full 4):
 par new generation   total 109248K, used 109248K [0x00000000e0000000, 0x00000000e8000000, 0x00000000e8000000)
  eden space 87424K, 100% used [0x00000000e0000000, 0x00000000e5560000, 0x00000000e5560000)
  from space 21824K, 100% used [0x00000000e6ab0000, 0x00000000e8000000, 0x00000000e8000000)
  to   space 21824K,   0% used [0x00000000e5560000, 0x00000000e5560000, 0x00000000e6ab0000)
 concurrent mark-sweep generation total 393216K, used 95836K [0x00000000e8000000, 0x0000000100000000, 0x0000000100000000)
 Metaspace       used 40453K, capacity 41695K, committed 42048K, reserved 1085440K
  class space    used 5047K, capacity 5372K, committed 5476K, reserved 1048576K
2019-02-21T18:52:00.152-0700: 197.379: [GC (Allocation Failure) 2019-02-21T18:52:00.152-0700: 197.379: [ParNew
Desired survivor size 20112992 bytes, new threshold 8 (max 8)
- age   1:    9099648 bytes,    9099648 total
- age   2:    2014664 bytes,   11114312 total
- age   3:    2966392 bytes,   14080704 total
- age   4:     340968 bytes,   14421672 total
- age   5:     141640 bytes,   14563312 total
- age   6:    1266672 bytes,   15829984 total
- age   7:     156256 bytes,   15986240 total
- age   8:    5978656 bytes,   21964896 total
: 109248K->21824K(109248K), 0.0208984 secs] 205084K->120945K(502464K), 0.0210213 secs] [Times: user=0.22 sys=0.00, real=0.02 secs] 
Heap after GC invocations=52 (full 4):
 par new generation   total 109248K, used 21824K [0x00000000e0000000, 0x00000000e8000000, 0x00000000e8000000)
  eden space 87424K,   0% used [0x00000000e0000000, 0x00000000e0000000, 0x00000000e5560000)
  from space 21824K, 100% used [0x00000000e5560000, 0x00000000e6ab0000, 0x00000000e6ab0000)
  to   space 21824K,   0% used [0x00000000e6ab0000, 0x00000000e6ab0000, 0x00000000e8000000)
 concurrent mark-sweep generation total 393216K, used 99121K [0x00000000e8000000, 0x0000000100000000, 0x0000000100000000)
 Metaspace       used 40453K, capacity 41695K, committed 42048K, reserved 1085440K
  class space    used 5047K, capacity 5372K, committed 5476K, reserved 1048576K
}
2019-02-21T18:52:00.173-0700: 197.400: Total time for which application threads were stopped: 0.0215682 seconds, Stopping threads took: 0.0000894 seconds
2019-02-21T18:52:00.196-0700: 197.422: Total time for which application threads were stopped: 0.0045658 seconds, Stopping threads took: 0.0027898 seconds
{Heap before GC invocations=52 (full 4):
 par new generation   total 109248K, used 109248K [0x00000000e0000000, 0x00000000e8000000, 0x00000000e8000000)
  eden space 87424K, 100% used [0x00000000e0000000, 0x00000000e5560000, 0x00000000e5560000)
  from space 21824K, 100% used [0x00000000e5560000, 0x00000000e6ab0000, 0x00000000e6ab0000)
  to   space 21824K,   0% used [0x00000000e6ab0000, 0x00000000e6ab0000, 0x00000000e8000000)
 concurrent mark-sweep generation total 393216K, used 99121K [0x00000000e8000000, 0x0000000100000000, 0x0000000100000000)
 Metaspace       used 40453K, capacity 41695K, committed 42048K, reserved 1085440K
  class space    used 5047K, capacity 5372K, committed 5476K, reserved 1048576K
2019-02-21T18:52:00.320-0700: 197.547: [GC (Allocation Failure) 2019-02-21T18:52:00.320-0700: 197.547: [ParNew
Desired survivor size 20112992 bytes, new threshold 4 (max 8)
- age   1:    8565304 bytes,    8565304 total
- age   2:    7086456 bytes,   15651760 total
- age   3:    1826120 bytes,   17477880 total
- age   4:    2939824 bytes,   20417704 total
- age   5:     340968 bytes,   20758672 total
- age   6:     141368 bytes,   20900040 total
- age   7:    1265864 bytes,   22165904 total
- age   8:     156256 bytes,   22322160 total
: 109248K->21824K(109248K), 0.0263145 secs] 208369K->132010K(502464K), 0.0264224 secs] [Times: user=0.14 sys=0.00, real=0.03 secs] 
Heap after GC invocations=53 (full 4):
 par new generation   total 109248K, used 21824K [0x00000000e0000000, 0x00000000e8000000, 0x00000000e8000000)
  eden space 87424K,   0% used [0x00000000e0000000, 0x00000000e0000000, 0x00000000e5560000)
  from space 21824K, 100% used [0x00000000e6ab0000, 0x00000000e8000000, 0x00000000e8000000)
  to   space 21824K,   0% used [0x00000000e5560000, 0x00000000e5560000, 0x00000000e6ab0000)
 concurrent mark-sweep generation total 393216K, used 110186K [0x00000000e8000000, 0x0000000100000000, 0x0000000100000000)
 Metaspace       used 40453K, capacity 41695K, committed 42048K, reserved 1085440K
  class space    used 5047K, capacity 5372K, committed 5476K, reserved 1048576K
}
2019-02-21T18:52:00.346-0700: 197.573: Total time for which application threads were stopped: 0.0268959 seconds, Stopping threads took: 0.0001023 seconds
2019-02-21T18:52:00.449-0700: 197.676: Total time for which application threads were stopped: 0.0001928 seconds, Stopping threads took: 0.0000576 seconds
2019-02-21T18:52:00.449-0700: 197.676: Total time for which application threads were stopped: 0.0001265 seconds, Stopping threads took: 0.0000432 seconds
2019-02-21T18:52:00.449-0700: 197.676: Total time for which application threads were stopped: 0.0001588 seconds, Stopping threads took: 0.0000550 seconds
2019-02-21T18:52:00.450-0700: 197.676: Total time for which application threads were stopped: 0.0001645 seconds, Stopping threads took: 0.0000576 seconds
2019-02-21T18:52:00.450-0700: 197.676: Total time for which application threads were stopped: 0.0001378 seconds, Stopping threads took: 0.0000344 seconds
2019-02-21T18:52:00.465-0700: 197.691: Total time for which application threads were stopped: 0.0004719 seconds, Stopping threads took: 0.0002699 seconds
{Heap before GC invocations=53 (full 4):
 par new generation   total 109248K, used 109248K [0x00000000e0000000, 0x00000000e8000000, 0x00000000e8000000)
  eden space 87424K, 100% used [0x00000000e0000000, 0x00000000e5560000, 0x00000000e5560000)
  from space 21824K, 100% used [0x00000000e6ab0000, 0x00000000e8000000, 0x00000000e8000000)
  to   space 21824K,   0% used [0x00000000e5560000, 0x00000000e5560000, 0x00000000e6ab0000)
 concurrent mark-sweep generation total 393216K, used 110186K [0x00000000e8000000, 0x0000000100000000, 0x0000000100000000)
 Metaspace       used 40512K, capacity 41695K, committed 42048K, reserved 1085440K
  class space    used 5056K, capacity 5372K, committed 5476K, reserved 1048576K
2019-02-21T18:52:00.471-0700: 197.698: [GC (Allocation Failure) 2019-02-21T18:52:00.471-0700: 197.698: [ParNew
Desired survivor size 20112992 bytes, new threshold 8 (max 8)
- age   1:    3725968 bytes,    3725968 total
- age   2:    7311896 bytes,   11037864 total
- age   3:    6979184 bytes,   18017048 total
- age   4:    1824848 bytes,   19841896 total
: 109248K->21824K(109248K), 0.0245646 secs] 219434K->138386K(502464K), 0.0246998 secs] [Times: user=0.08 sys=0.00, real=0.03 secs] 
Heap after GC invocations=54 (full 4):
 par new generation   total 109248K, used 21824K [0x00000000e0000000, 0x00000000e8000000, 0x00000000e8000000)
  eden space 87424K,   0% used [0x00000000e0000000, 0x00000000e0000000, 0x00000000e5560000)
  from space 21824K, 100% used [0x00000000e5560000, 0x00000000e6ab0000, 0x00000000e6ab0000)
  to   space 21824K,   0% used [0x00000000e6ab0000, 0x00000000e6ab0000, 0x00000000e8000000)
 concurrent mark-sweep generation total 393216K, used 116562K [0x00000000e8000000, 0x0000000100000000, 0x0000000100000000)
 Metaspace       used 40512K, capacity 41695K, committed 42048K, reserved 1085440K
  class space    used 5056K, capacity 5372K, committed 5476K, reserved 1048576K
}
2019-02-21T18:52:00.496-0700: 197.723: Total time for which application threads were stopped: 0.0252823 seconds, Stopping threads took: 0.0001938 seconds
2019-02-21T18:52:00.705-0700: 197.932: Total time for which application threads were stopped: 0.0010430 seconds, Stopping threads took: 0.0001018 seconds
{Heap before GC invocations=54 (full 4):
 par new generation   total 109248K, used 109248K [0x00000000e0000000, 0x00000000e8000000, 0x00000000e8000000)
  eden space 87424K, 100% used [0x00000000e0000000, 0x00000000e5560000, 0x00000000e5560000)
  from space 21824K, 100% used [0x00000000e5560000, 0x00000000e6ab0000, 0x00000000e6ab0000)
  to   space 21824K,   0% used [0x00000000e6ab0000, 0x00000000e6ab0000, 0x00000000e8000000)
 concurrent mark-sweep generation total 393216K, used 116562K [0x00000000e8000000, 0x0000000100000000, 0x0000000100000000)
 Metaspace       used 40685K, capacity 41921K, committed 42048K, reserved 1085440K
  class space    used 5077K, capacity 5405K, committed 5476K, reserved 1048576K
2019-02-21T18:52:00.873-0700: 198.100: [GC (Allocation Failure) 2019-02-21T18:52:00.873-0700: 198.100: [ParNew
Desired survivor size 20112992 bytes, new threshold 4 (max 8)
- age   1:    5775152 bytes,    5775152 total
- age   2:    1835352 bytes,    7610504 total
- age   3:    6528808 bytes,   14139312 total
- age   4:    6455600 bytes,   20594912 total
- age   5:    1756208 bytes,   22351120 total
: 109248K->21824K(109248K), 0.0203252 secs] 225810K->141688K(502464K), 0.0204286 secs] [Times: user=0.16 sys=0.00, real=0.02 secs] 
Heap after GC invocations=55 (full 4):
 par new generation   total 109248K, used 21824K [0x00000000e0000000, 0x00000000e8000000, 0x00000000e8000000)
  eden space 87424K,   0% used [0x00000000e0000000, 0x00000000e0000000, 0x00000000e5560000)
  from space 21824K, 100% used [0x00000000e6ab0000, 0x00000000e8000000, 0x00000000e8000000)
  to   space 21824K,   0% used [0x00000000e5560000, 0x00000000e5560000, 0x00000000e6ab0000)
 concurrent mark-sweep generation total 393216K, used 119864K [0x00000000e8000000, 0x0000000100000000, 0x0000000100000000)
 Metaspace       used 40685K, capacity 41921K, committed 42048K, reserved 1085440K
  class space    used 5077K, capacity 5405K, committed 5476K, reserved 1048576K
}
2019-02-21T18:52:00.894-0700: 198.120: Total time for which application threads were stopped: 0.0208840 seconds, Stopping threads took: 0.0001105 seconds
{Heap before GC invocations=55 (full 4):
 par new generation   total 109248K, used 109248K [0x00000000e0000000, 0x00000000e8000000, 0x00000000e8000000)
  eden space 87424K, 100% used [0x00000000e0000000, 0x00000000e5560000, 0x00000000e5560000)
  from space 21824K, 100% used [0x00000000e6ab0000, 0x00000000e8000000, 0x00000000e8000000)
  to   space 21824K,   0% used [0x00000000e5560000, 0x00000000e5560000, 0x00000000e6ab0000)
 concurrent mark-sweep generation total 393216K, used 119864K [0x00000000e8000000, 0x0000000100000000, 0x0000000100000000)
 Metaspace       used 40709K, capacity 41921K, committed 42048K, reserved 1085440K
  class space    used 5077K, capacity 5405K, committed 5476K, reserved 1048576K
2019-02-21T18:52:01.286-0700: 198.513: [GC (Allocation Failure) 2019-02-21T18:52:01.286-0700: 198.513: [ParNew
Desired survivor size 20112992 bytes, new threshold 8 (max 8)
- age   1:    3839704 bytes,    3839704 total
- age   2:    3481016 bytes,    7320720 total
- age   3:    1445912 bytes,    8766632 total
- age   4:    6357640 bytes,   15124272 total
: 109248K->21824K(109248K), 0.0279096 secs] 229112K->151036K(502464K), 0.0280284 secs] [Times: user=0.16 sys=0.00, real=0.03 secs] 
Heap after GC invocations=56 (full 4):
 par new generation   total 109248K, used 21824K [0x00000000e0000000, 0x00000000e8000000, 0x00000000e8000000)
  eden space 87424K,   0% used [0x00000000e0000000, 0x00000000e0000000, 0x00000000e5560000)
  from space 21824K, 100% used [0x00000000e5560000, 0x00000000e6ab0000, 0x00000000e6ab0000)
  to   space 21824K,   0% used [0x00000000e6ab0000, 0x00000000e6ab0000, 0x00000000e8000000)
 concurrent mark-sweep generation total 393216K, used 129212K [0x00000000e8000000, 0x0000000100000000, 0x0000000100000000)
 Metaspace       used 40709K, capacity 41921K, committed 42048K, reserved 1085440K
  class space    used 5077K, capacity 5405K, committed 5476K, reserved 1048576K
}
2019-02-21T18:52:01.315-0700: 198.541: Total time for which application threads were stopped: 0.0285697 seconds, Stopping threads took: 0.0001229 seconds
{Heap before GC invocations=56 (full 4):
 par new generation   total 109248K, used 109248K [0x00000000e0000000, 0x00000000e8000000, 0x00000000e8000000)
  eden space 87424K, 100% used [0x00000000e0000000, 0x00000000e5560000, 0x00000000e5560000)
  from space 21824K, 100% used [0x00000000e5560000, 0x00000000e6ab0000, 0x00000000e6ab0000)
  to   space 21824K,   0% used [0x00000000e6ab0000, 0x00000000e6ab0000, 0x00000000e8000000)
 concurrent mark-sweep generation total 393216K, used 129212K [0x00000000e8000000, 0x0000000100000000, 0x0000000100000000)
 Metaspace       used 40729K, capacity 41925K, committed 42048K, reserved 1085440K
  class space    used 5077K, capacity 5405K, committed 5476K, reserved 1048576K
2019-02-21T18:52:01.789-0700: 199.016: [GC (Allocation Failure) 2019-02-21T18:52:01.789-0700: 199.016: [ParNew
Desired survivor size 20112992 bytes, new threshold 8 (max 8)
- age   1:    4735384 bytes,    4735384 total
- age   2:    1671704 bytes,    6407088 total
- age   3:    3405928 bytes,    9813016 total
- age   4:    1425032 bytes,   11238048 total
- age   5:    6283952 bytes,   17522000 total
: 109248K->21824K(109248K), 0.0161172 secs] 238460K->151784K(502464K), 0.0162549 secs] [Times: user=0.11 sys=0.00, real=0.02 secs] 
Heap after GC invocations=57 (full 4):
 par new generation   total 109248K, used 21824K [0x00000000e0000000, 0x00000000e8000000, 0x00000000e8000000)
  eden space 87424K,   0% used [0x00000000e0000000, 0x00000000e0000000, 0x00000000e5560000)
  from space 21824K, 100% used [0x00000000e6ab0000, 0x00000000e8000000, 0x00000000e8000000)
  to   space 21824K,   0% used [0x00000000e5560000, 0x00000000e5560000, 0x00000000e6ab0000)
 concurrent mark-sweep generation total 393216K, used 129960K [0x00000000e8000000, 0x0000000100000000, 0x0000000100000000)
 Metaspace       used 40729K, capacity 41925K, committed 42048K, reserved 1085440K
  class space    used 5077K, capacity 5405K, committed 5476K, reserved 1048576K
}
2019-02-21T18:52:01.805-0700: 199.032: Total time for which application threads were stopped: 0.0167546 seconds, Stopping threads took: 0.0000930 seconds
{Heap before GC invocations=57 (full 4):
 par new generation   total 109248K, used 109248K [0x00000000e0000000, 0x00000000e8000000, 0x00000000e8000000)
  eden space 87424K, 100% used [0x00000000e0000000, 0x00000000e5560000, 0x00000000e5560000)
  from space 21824K, 100% used [0x00000000e6ab0000, 0x00000000e8000000, 0x00000000e8000000)
  to   space 21824K,   0% used [0x00000000e5560000, 0x00000000e5560000, 0x00000000e6ab0000)
 concurrent mark-sweep generation total 393216K, used 129960K [0x00000000e8000000, 0x0000000100000000, 0x0000000100000000)
 Metaspace       used 40729K, capacity 41925K, committed 42048K, reserved 1085440K
  class space    used 5077K, capacity 5405K, committed 5476K, reserved 1048576K
2019-02-21T18:52:02.167-0700: 199.394: [GC (Allocation Failure) 2019-02-21T18:52:02.167-0700: 199.394: [ParNew
Desired survivor size 20112992 bytes, new threshold 8 (max 8)
- age   1:    4287808 bytes,    4287808 total
- age   2:    2300136 bytes,    6587944 total
- age   3:    1583096 bytes,    8171040 total
- age   4:    3334816 bytes,   11505856 total
- age   5:    1424648 bytes,   12930504 total
- age   6:    6280528 bytes,   19211032 total
: 109248K->21824K(109248K), 0.0143447 secs] 239208K->151784K(502464K), 0.0144804 secs] [Times: user=0.11 sys=0.00, real=0.01 secs] 
Heap after GC invocations=58 (full 4):
 par new generation   total 109248K, used 21824K [0x00000000e0000000, 0x00000000e8000000, 0x00000000e8000000)
  eden space 87424K,   0% used [0x00000000e0000000, 0x00000000e0000000, 0x00000000e5560000)
  from space 21824K, 100% used [0x00000000e5560000, 0x00000000e6ab0000, 0x00000000e6ab0000)
  to   space 21824K,   0% used [0x00000000e6ab0000, 0x00000000e6ab0000, 0x00000000e8000000)
 concurrent mark-sweep generation total 393216K, used 129960K [0x00000000e8000000, 0x0000000100000000, 0x0000000100000000)
 Metaspace       used 40729K, capacity 41925K, committed 42048K, reserved 1085440K
  class space    used 5077K, capacity 5405K, committed 5476K, reserved 1048576K
}
2019-02-21T18:52:02.181-0700: 199.408: Total time for which application threads were stopped: 0.0150814 seconds, Stopping threads took: 0.0000838 seconds
{Heap before GC invocations=58 (full 4):
 par new generation   total 109248K, used 109245K [0x00000000e0000000, 0x00000000e8000000, 0x00000000e8000000)
  eden space 87424K,  99% used [0x00000000e0000000, 0x00000000e555f6b8, 0x00000000e5560000)
  from space 21824K, 100% used [0x00000000e5560000, 0x00000000e6ab0000, 0x00000000e6ab0000)
  to   space 21824K,   0% used [0x00000000e6ab0000, 0x00000000e6ab0000, 0x00000000e8000000)
 concurrent mark-sweep generation total 393216K, used 129960K [0x00000000e8000000, 0x0000000100000000, 0x0000000100000000)
 Metaspace       used 40729K, capacity 41925K, committed 42048K, reserved 1085440K
  class space    used 5077K, capacity 5405K, committed 5476K, reserved 1048576K
2019-02-21T18:52:02.481-0700: 199.709: [GC (Allocation Failure) 2019-02-21T18:52:02.482-0700: 199.709: [ParNew
Desired survivor size 20112992 bytes, new threshold 7 (max 8)
- age   1:    7021328 bytes,    7021328 total
- age   2:    1542976 bytes,    8564304 total
- age   3:    1970920 bytes,   10535224 total
- age   4:    1424136 bytes,   11959360 total
- age   5:    2835240 bytes,   14794600 total
- age   6:    1343920 bytes,   16138520 total
- age   7:    5952224 bytes,   22090744 total
: 109245K->21824K(109248K), 0.0174306 secs] 239206K->154706K(502464K), 0.0176778 secs] [Times: user=0.09 sys=0.00, real=0.02 secs] 
Heap after GC invocations=59 (full 4):
 par new generation   total 109248K, used 21824K [0x00000000e0000000, 0x00000000e8000000, 0x00000000e8000000)
  eden space 87424K,   0% used [0x00000000e0000000, 0x00000000e0000000, 0x00000000e5560000)
  from space 21824K, 100% used [0x00000000e6ab0000, 0x00000000e8000000, 0x00000000e8000000)
  to   space 21824K,   0% used [0x00000000e5560000, 0x00000000e5560000, 0x00000000e6ab0000)
 concurrent mark-sweep generation total 393216K, used 132882K [0x00000000e8000000, 0x0000000100000000, 0x0000000100000000)
 Metaspace       used 40729K, capacity 41925K, committed 42048K, reserved 1085440K
  class space    used 5077K, capacity 5405K, committed 5476K, reserved 1048576K
}
2019-02-21T18:52:02.500-0700: 199.726: Total time for which application threads were stopped: 0.0189275 seconds, Stopping threads took: 0.0007685 seconds
{Heap before GC invocations=59 (full 4):
 par new generation   total 109248K, used 109248K [0x00000000e0000000, 0x00000000e8000000, 0x00000000e8000000)
  eden space 87424K, 100% used [0x00000000e0000000, 0x00000000e5560000, 0x00000000e5560000)
  from space 21824K, 100% used [0x00000000e6ab0000, 0x00000000e8000000, 0x00000000e8000000)
  to   space 21824K,   0% used [0x00000000e5560000, 0x00000000e5560000, 0x00000000e6ab0000)
 concurrent mark-sweep generation total 393216K, used 132882K [0x00000000e8000000, 0x0000000100000000, 0x0000000100000000)
 Metaspace       used 40730K, capacity 41989K, committed 42304K, reserved 1085440K
  class space    used 5077K, capacity 5405K, committed 5476K, reserved 1048576K
2019-02-21T18:52:02.781-0700: 200.007: [GC (Allocation Failure) 2019-02-21T18:52:02.781-0700: 200.007: [ParNew
Desired survivor size 20112992 bytes, new threshold 8 (max 8)
- age   1:    3536800 bytes,    3536800 total
- age   2:    6021688 bytes,    9558488 total
- age   3:    1015096 bytes,   10573584 total
- age   4:    1698136 bytes,   12271720 total
- age   5:    1118456 bytes,   13390176 total
- age   6:    2585680 bytes,   15975856 total
- age   7:    1308728 bytes,   17284584 total
: 109248K->21824K(109248K), 0.0150515 secs] 242130K->161814K(502464K), 0.0151523 secs] [Times: user=0.08 sys=0.00, real=0.02 secs] 
Heap after GC invocations=60 (full 4):
 par new generation   total 109248K, used 21824K [0x00000000e0000000, 0x00000000e8000000, 0x00000000e8000000)
  eden space 87424K,   0% used [0x00000000e0000000, 0x00000000e0000000, 0x00000000e5560000)
  from space 21824K, 100% used [0x00000000e5560000, 0x00000000e6ab0000, 0x00000000e6ab0000)
  to   space 21824K,   0% used [0x00000000e6ab0000, 0x00000000e6ab0000, 0x00000000e8000000)
 concurrent mark-sweep generation total 393216K, used 139990K [0x00000000e8000000, 0x0000000100000000, 0x0000000100000000)
 Metaspace       used 40730K, capacity 41989K, committed 42304K, reserved 1085440K
  class space    used 5077K, capacity 5405K, committed 5476K, reserved 1048576K
}
2019-02-21T18:52:02.796-0700: 200.022: Total time for which application threads were stopped: 0.0168363 seconds, Stopping threads took: 0.0000658 seconds
{Heap before GC invocations=60 (full 4):
 par new generation   total 109248K, used 109248K [0x00000000e0000000, 0x00000000e8000000, 0x00000000e8000000)
  eden space 87424K, 100% used [0x00000000e0000000, 0x00000000e5560000, 0x00000000e5560000)
  from space 21824K, 100% used [0x00000000e5560000, 0x00000000e6ab0000, 0x00000000e6ab0000)
  to   space 21824K,   0% used [0x00000000e6ab0000, 0x00000000e6ab0000, 0x00000000e8000000)
 concurrent mark-sweep generation total 393216K, used 139990K [0x00000000e8000000, 0x0000000100000000, 0x0000000100000000)
 Metaspace       used 40730K, capacity 41989K, committed 42304K, reserved 1085440K
  class space    used 5077K, capacity 5405K, committed 5476K, reserved 1048576K
2019-02-21T18:52:03.036-0700: 200.263: [GC (Allocation Failure) 2019-02-21T18:52:03.036-0700: 200.263: [ParNew
Desired survivor size 20112992 bytes, new threshold 8 (max 8)
- age   1:    3025656 bytes,    3025656 total
- age   2:    2115264 bytes,    5140920 total
- age   3:    5618128 bytes,   10759048 total
- age   4:    1011856 bytes,   11770904 total
- age   5:    1673472 bytes,   13444376 total
- age   6:    1109320 bytes,   14553696 total
- age   7:    2536776 bytes,   17090472 total
- age   8:    1308776 bytes,   18399248 total
: 109248K->21824K(109248K), 0.0119317 secs] 249238K->161814K(502464K), 0.0120669 secs] [Times: user=0.09 sys=0.00, real=0.01 secs] 
Heap after GC invocations=61 (full 4):
 par new generation   total 109248K, used 21824K [0x00000000e0000000, 0x00000000e8000000, 0x00000000e8000000)
  eden space 87424K,   0% used [0x00000000e0000000, 0x00000000e0000000, 0x00000000e5560000)
  from space 21824K, 100% used [0x00000000e6ab0000, 0x00000000e8000000, 0x00000000e8000000)
  to   space 21824K,   0% used [0x00000000e5560000, 0x00000000e5560000, 0x00000000e6ab0000)
 concurrent mark-sweep generation total 393216K, used 139990K [0x00000000e8000000, 0x0000000100000000, 0x0000000100000000)
 Metaspace       used 40730K, capacity 41989K, committed 42304K, reserved 1085440K
  class space    used 5077K, capacity 5405K, committed 5476K, reserved 1048576K
}
2019-02-21T18:52:03.048-0700: 200.275: Total time for which application threads were stopped: 0.0124926 seconds, Stopping threads took: 0.0000473 seconds
2019-02-21T18:52:03.241-0700: 200.468: Total time for which application threads were stopped: 0.0008456 seconds, Stopping threads took: 0.0000586 seconds
2019-02-21T18:52:03.243-0700: 200.470: Total time for which application threads were stopped: 0.0008636 seconds, Stopping threads took: 0.0000488 seconds
2019-02-21T18:52:03.247-0700: 200.474: Total time for which application threads were stopped: 0.0007258 seconds, Stopping threads took: 0.0000658 seconds
{Heap before GC invocations=61 (full 4):
 par new generation   total 109248K, used 108823K [0x00000000e0000000, 0x00000000e8000000, 0x00000000e8000000)
  eden space 87424K,  99% used [0x00000000e0000000, 0x00000000e54f5c38, 0x00000000e5560000)
  from space 21824K, 100% used [0x00000000e6ab0000, 0x00000000e8000000, 0x00000000e8000000)
  to   space 21824K,   0% used [0x00000000e5560000, 0x00000000e5560000, 0x00000000e6ab0000)
 concurrent mark-sweep generation total 393216K, used 139990K [0x00000000e8000000, 0x0000000100000000, 0x0000000100000000)
 Metaspace       used 40869K, capacity 42053K, committed 42304K, reserved 1085440K
  class space    used 5099K, capacity 5405K, committed 5476K, reserved 1048576K
2019-02-21T18:52:03.272-0700: 200.499: [GC (Allocation Failure) 2019-02-21T18:52:03.272-0700: 200.499: [ParNew
Desired survivor size 20112992 bytes, new threshold 8 (max 8)
- age   1:    4715216 bytes,    4715216 total
- age   2:    1871736 bytes,    6586952 total
- age   3:    1379776 bytes,    7966728 total
- age   4:    5392416 bytes,   13359144 total
- age   5:     809472 bytes,   14168616 total
- age   6:    1341176 bytes,   15509792 total
- age   7:    1061608 bytes,   16571400 total
- age   8:    2416400 bytes,   18987800 total
: 108823K->21824K(109248K), 0.0145925 secs] 248813K->164873K(502464K), 0.0147303 secs] [Times: user=0.09 sys=0.00, real=0.01 secs] 
Heap after GC invocations=62 (full 4):
 par new generation   total 109248K, used 21824K [0x00000000e0000000, 0x00000000e8000000, 0x00000000e8000000)
  eden space 87424K,   0% used [0x00000000e0000000, 0x00000000e0000000, 0x00000000e5560000)
  from space 21824K, 100% used [0x00000000e5560000, 0x00000000e6ab0000, 0x00000000e6ab0000)
  to   space 21824K,   0% used [0x00000000e6ab0000, 0x00000000e6ab0000, 0x00000000e8000000)
 concurrent mark-sweep generation total 393216K, used 143049K [0x00000000e8000000, 0x0000000100000000, 0x0000000100000000)
 Metaspace       used 40869K, capacity 42053K, committed 42304K, reserved 1085440K
  class space    used 5099K, capacity 5405K, committed 5476K, reserved 1048576K
}
2019-02-21T18:52:03.287-0700: 200.513: Total time for which application threads were stopped: 0.0153517 seconds, Stopping threads took: 0.0001038 seconds
2019-02-21T18:52:03.540-0700: 200.767: Total time for which application threads were stopped: 0.0002591 seconds, Stopping threads took: 0.0000673 seconds
{Heap before GC invocations=62 (full 4):
 par new generation   total 109248K, used 109248K [0x00000000e0000000, 0x00000000e8000000, 0x00000000e8000000)
  eden space 87424K, 100% used [0x00000000e0000000, 0x00000000e5560000, 0x00000000e5560000)
  from space 21824K, 100% used [0x00000000e5560000, 0x00000000e6ab0000, 0x00000000e6ab0000)
  to   space 21824K,   0% used [0x00000000e6ab0000, 0x00000000e6ab0000, 0x00000000e8000000)
 concurrent mark-sweep generation total 393216K, used 143049K [0x00000000e8000000, 0x0000000100000000, 0x0000000100000000)
 Metaspace       used 40984K, capacity 42183K, committed 42304K, reserved 1085440K
  class space    used 5111K, capacity 5444K, committed 5476K, reserved 1048576K
2019-02-21T18:52:03.555-0700: 200.782: [GC (Allocation Failure) 2019-02-21T18:52:03.555-0700: 200.782: [ParNew
Desired survivor size 20112992 bytes, new threshold 8 (max 8)
- age   1:    6948544 bytes,    6948544 total
- age   2:    1929552 bytes,    8878096 total
- age   3:    1350008 bytes,   10228104 total
- age   4:     843600 bytes,   11071704 total
- age   5:    5321144 bytes,   16392848 total
- age   6:     751384 bytes,   17144232 total
- age   7:    1326736 bytes,   18470968 total
- age   8:    1061728 bytes,   19532696 total
: 109248K->21824K(109248K), 0.0136816 secs] 252297K->167954K(502464K), 0.0137916 secs] [Times: user=0.06 sys=0.00, real=0.01 secs] 
Heap after GC invocations=63 (full 4):
 par new generation   total 109248K, used 21824K [0x00000000e0000000, 0x00000000e8000000, 0x00000000e8000000)
  eden space 87424K,   0% used [0x00000000e0000000, 0x00000000e0000000, 0x00000000e5560000)
  from space 21824K, 100% used [0x00000000e6ab0000, 0x00000000e8000000, 0x00000000e8000000)
  to   space 21824K,   0% used [0x00000000e5560000, 0x00000000e5560000, 0x00000000e6ab0000)
 concurrent mark-sweep generation total 393216K, used 146130K [0x00000000e8000000, 0x0000000100000000, 0x0000000100000000)
 Metaspace       used 40984K, capacity 42183K, committed 42304K, reserved 1085440K
  class space    used 5111K, capacity 5444K, committed 5476K, reserved 1048576K
}
2019-02-21T18:52:03.569-0700: 200.796: Total time for which application threads were stopped: 0.0142188 seconds, Stopping threads took: 0.0000493 seconds
{Heap before GC invocations=63 (full 4):
 par new generation   total 109248K, used 109248K [0x00000000e0000000, 0x00000000e8000000, 0x00000000e8000000)
  eden space 87424K, 100% used [0x00000000e0000000, 0x00000000e5560000, 0x00000000e5560000)
  from space 21824K, 100% used [0x00000000e6ab0000, 0x00000000e8000000, 0x00000000e8000000)
  to   space 21824K,   0% used [0x00000000e5560000, 0x00000000e5560000, 0x00000000e6ab0000)
 concurrent mark-sweep generation total 393216K, used 146130K [0x00000000e8000000, 0x0000000100000000, 0x0000000100000000)
 Metaspace       used 40984K, capacity 42183K, committed 42304K, reserved 1085440K
  class space    used 5111K, capacity 5444K, committed 5476K, reserved 1048576K
2019-02-21T18:52:04.079-0700: 201.306: [GC (Allocation Failure) 2019-02-21T18:52:04.079-0700: 201.306: [ParNew
Desired survivor size 20112992 bytes, new threshold 6 (max 8)
- age   1:    7090064 bytes,    7090064 total
- age   2:    4677576 bytes,   11767640 total
- age   3:    1625344 bytes,   13392984 total
- age   4:     917896 bytes,   14310880 total
- age   5:     805976 bytes,   15116856 total
- age   6:    5058264 bytes,   20175120 total
- age   7:     745432 bytes,   20920552 total
- age   8:    1324584 bytes,   22245136 total
: 109248K->21824K(109248K), 0.0145077 secs] 255378K->172093K(502464K), 0.0146017 secs] [Times: user=0.03 sys=0.00, real=0.02 secs] 
Heap after GC invocations=64 (full 4):
 par new generation   total 109248K, used 21824K [0x00000000e0000000, 0x00000000e8000000, 0x00000000e8000000)
  eden space 87424K,   0% used [0x00000000e0000000, 0x00000000e0000000, 0x00000000e5560000)
  from space 21824K, 100% used [0x00000000e5560000, 0x00000000e6ab0000, 0x00000000e6ab0000)
  to   space 21824K,   0% used [0x00000000e6ab0000, 0x00000000e6ab0000, 0x00000000e8000000)
 concurrent mark-sweep generation total 393216K, used 150269K [0x00000000e8000000, 0x0000000100000000, 0x0000000100000000)
 Metaspace       used 40984K, capacity 42183K, committed 42304K, reserved 1085440K
  class space    used 5111K, capacity 5444K, committed 5476K, reserved 1048576K
}
2019-02-21T18:52:04.094-0700: 201.320: Total time for which application threads were stopped: 0.0148999 seconds, Stopping threads took: 0.0000344 seconds
{Heap before GC invocations=64 (full 4):
 par new generation   total 109248K, used 109248K [0x00000000e0000000, 0x00000000e8000000, 0x00000000e8000000)
  eden space 87424K, 100% used [0x00000000e0000000, 0x00000000e5560000, 0x00000000e5560000)
  from space 21824K, 100% used [0x00000000e5560000, 0x00000000e6ab0000, 0x00000000e6ab0000)
  to   space 21824K,   0% used [0x00000000e6ab0000, 0x00000000e6ab0000, 0x00000000e8000000)
 concurrent mark-sweep generation total 393216K, used 150269K [0x00000000e8000000, 0x0000000100000000, 0x0000000100000000)
 Metaspace       used 40984K, capacity 42183K, committed 42304K, reserved 1085440K
  class space    used 5111K, capacity 5444K, committed 5476K, reserved 1048576K
2019-02-21T18:52:04.642-0700: 201.869: [GC (Allocation Failure) 2019-02-21T18:52:04.642-0700: 201.869: [ParNew
Desired survivor size 20112992 bytes, new threshold 5 (max 8)
- age   1:    9481960 bytes,    9481960 total
- age   2:    5605168 bytes,   15087128 total
- age   3:    3518600 bytes,   18605728 total
- age   4:    1425728 bytes,   20031456 total
- age   5:     799520 bytes,   20830976 total
- age   6:     779176 bytes,   21610152 total
: 109248K->21824K(109248K), 0.0258652 secs] 259517K->186467K(502464K), 0.0259947 secs] [Times: user=0.08 sys=0.00, real=0.03 secs] 
Heap after GC invocations=65 (full 4):
 par new generation   total 109248K, used 21824K [0x00000000e0000000, 0x00000000e8000000, 0x00000000e8000000)
  eden space 87424K,   0% used [0x00000000e0000000, 0x00000000e0000000, 0x00000000e5560000)
  from space 21824K, 100% used [0x00000000e6ab0000, 0x00000000e8000000, 0x00000000e8000000)
  to   space 21824K,   0% used [0x00000000e5560000, 0x00000000e5560000, 0x00000000e6ab0000)
 concurrent mark-sweep generation total 393216K, used 164643K [0x00000000e8000000, 0x0000000100000000, 0x0000000100000000)
 Metaspace       used 40984K, capacity 42183K, committed 42304K, reserved 1085440K
  class space    used 5111K, capacity 5444K, committed 5476K, reserved 1048576K
}
2019-02-21T18:52:04.669-0700: 201.895: Total time for which application threads were stopped: 0.0266029 seconds, Stopping threads took: 0.0002252 seconds
{Heap before GC invocations=65 (full 4):
 par new generation   total 109248K, used 109248K [0x00000000e0000000, 0x00000000e8000000, 0x00000000e8000000)
  eden space 87424K, 100% used [0x00000000e0000000, 0x00000000e5560000, 0x00000000e5560000)
  from space 21824K, 100% used [0x00000000e6ab0000, 0x00000000e8000000, 0x00000000e8000000)
  to   space 21824K,   0% used [0x00000000e5560000, 0x00000000e5560000, 0x00000000e6ab0000)
 concurrent mark-sweep generation total 393216K, used 164643K [0x00000000e8000000, 0x0000000100000000, 0x0000000100000000)
 Metaspace       used 40984K, capacity 42183K, committed 42304K, reserved 1085440K
  class space    used 5111K, capacity 5444K, committed 5476K, reserved 1048576K
2019-02-21T18:52:05.233-0700: 202.460: [GC (Allocation Failure) 2019-02-21T18:52:05.233-0700: 202.460: [ParNew
Desired survivor size 20112992 bytes, new threshold 5 (max 8)
- age   1:    4673808 bytes,    4673808 total
- age   2:    6081104 bytes,   10754912 total
- age   3:    5581800 bytes,   16336712 total
- age   4:    3518648 bytes,   19855360 total
- age   5:    1425776 bytes,   21281136 total
: 109248K->21824K(109248K), 0.0124108 secs] 273891K->190525K(502464K), 0.0125764 secs] [Times: user=0.06 sys=0.00, real=0.01 secs] 
Heap after GC invocations=66 (full 4):
 par new generation   total 109248K, used 21824K [0x00000000e0000000, 0x00000000e8000000, 0x00000000e8000000)
  eden space 87424K,   0% used [0x00000000e0000000, 0x00000000e0000000, 0x00000000e5560000)
  from space 21824K, 100% used [0x00000000e5560000, 0x00000000e6ab0000, 0x00000000e6ab0000)
  to   space 21824K,   0% used [0x00000000e6ab0000, 0x00000000e6ab0000, 0x00000000e8000000)
 concurrent mark-sweep generation total 393216K, used 168701K [0x00000000e8000000, 0x0000000100000000, 0x0000000100000000)
 Metaspace       used 40984K, capacity 42183K, committed 42304K, reserved 1085440K
  class space    used 5111K, capacity 5444K, committed 5476K, reserved 1048576K
}
2019-02-21T18:52:05.246-0700: 202.473: Total time for which application threads were stopped: 0.0130616 seconds, Stopping threads took: 0.0000915 seconds
{Heap before GC invocations=66 (full 4):
 par new generation   total 109248K, used 109248K [0x00000000e0000000, 0x00000000e8000000, 0x00000000e8000000)
  eden space 87424K, 100% used [0x00000000e0000000, 0x00000000e5560000, 0x00000000e5560000)
  from space 21824K, 100% used [0x00000000e5560000, 0x00000000e6ab0000, 0x00000000e6ab0000)
  to   space 21824K,   0% used [0x00000000e6ab0000, 0x00000000e6ab0000, 0x00000000e8000000)
 concurrent mark-sweep generation total 393216K, used 168701K [0x00000000e8000000, 0x0000000100000000, 0x0000000100000000)
 Metaspace       used 40984K, capacity 42183K, committed 42304K, reserved 1085440K
  class space    used 5111K, capacity 5444K, committed 5476K, reserved 1048576K
2019-02-21T18:52:05.860-0700: 203.086: [GC (Allocation Failure) 2019-02-21T18:52:05.860-0700: 203.086: [ParNew
Desired survivor size 20112992 bytes, new threshold 5 (max 8)
- age   1:    4008336 bytes,    4008336 total
- age   2:    3636216 bytes,    7644552 total
- age   3:    5958968 bytes,   13603520 total
- age   4:    5069560 bytes,   18673080 total
- age   5:    1520176 bytes,   20193256 total
: 109248K->21824K(109248K), 0.0187224 secs] 277949K->194837K(502464K), 0.0189080 secs] [Times: user=0.03 sys=0.02, real=0.02 secs] 
Heap after GC invocations=67 (full 4):
 par new generation   total 109248K, used 21824K [0x00000000e0000000, 0x00000000e8000000, 0x00000000e8000000)
  eden space 87424K,   0% used [0x00000000e0000000, 0x00000000e0000000, 0x00000000e5560000)
  from space 21824K, 100% used [0x00000000e6ab0000, 0x00000000e8000000, 0x00000000e8000000)
  to   space 21824K,   0% used [0x00000000e5560000, 0x00000000e5560000, 0x00000000e6ab0000)
 concurrent mark-sweep generation total 393216K, used 173013K [0x00000000e8000000, 0x0000000100000000, 0x0000000100000000)
 Metaspace       used 40984K, capacity 42183K, committed 42304K, reserved 1085440K
  class space    used 5111K, capacity 5444K, committed 5476K, reserved 1048576K
}
2019-02-21T18:52:05.879-0700: 203.105: Total time for which application threads were stopped: 0.0194848 seconds, Stopping threads took: 0.0001496 seconds
{Heap before GC invocations=67 (full 4):
 par new generation   total 109248K, used 109248K [0x00000000e0000000, 0x00000000e8000000, 0x00000000e8000000)
  eden space 87424K, 100% used [0x00000000e0000000, 0x00000000e5560000, 0x00000000e5560000)
  from space 21824K, 100% used [0x00000000e6ab0000, 0x00000000e8000000, 0x00000000e8000000)
  to   space 21824K,   0% used [0x00000000e5560000, 0x00000000e5560000, 0x00000000e6ab0000)
 concurrent mark-sweep generation total 393216K, used 173013K [0x00000000e8000000, 0x0000000100000000, 0x0000000100000000)
 Metaspace       used 40984K, capacity 42183K, committed 42304K, reserved 1085440K
  class space    used 5111K, capacity 5444K, committed 5476K, reserved 1048576K
2019-02-21T18:52:06.532-0700: 203.758: [GC (Allocation Failure) 2019-02-21T18:52:06.532-0700: 203.758: [ParNew
Desired survivor size 20112992 bytes, new threshold 8 (max 8)
- age   1:    4352464 bytes,    4352464 total
- age   2:    1567776 bytes,    5920240 total
- age   3:    3427568 bytes,    9347808 total
- age   4:    4951800 bytes,   14299608 total
- age   5:    4692824 bytes,   18992432 total
: 109248K->21824K(109248K), 0.0121322 secs] 282261K->199379K(502464K), 0.0122350 secs] [Times: user=0.00 sys=0.00, real=0.01 secs] 
Heap after GC invocations=68 (full 4):
 par new generation   total 109248K, used 21824K [0x00000000e0000000, 0x00000000e8000000, 0x00000000e8000000)
  eden space 87424K,   0% used [0x00000000e0000000, 0x00000000e0000000, 0x00000000e5560000)
  from space 21824K, 100% used [0x00000000e5560000, 0x00000000e6ab0000, 0x00000000e6ab0000)
  to   space 21824K,   0% used [0x00000000e6ab0000, 0x00000000e6ab0000, 0x00000000e8000000)
 concurrent mark-sweep generation total 393216K, used 177555K [0x00000000e8000000, 0x0000000100000000, 0x0000000100000000)
 Metaspace       used 40984K, capacity 42183K, committed 42304K, reserved 1085440K
  class space    used 5111K, capacity 5444K, committed 5476K, reserved 1048576K
}
2019-02-21T18:52:06.545-0700: 203.771: Total time for which application threads were stopped: 0.0126365 seconds, Stopping threads took: 0.0000314 seconds
{Heap before GC invocations=68 (full 4):
 par new generation   total 109248K, used 109248K [0x00000000e0000000, 0x00000000e8000000, 0x00000000e8000000)
  eden space 87424K, 100% used [0x00000000e0000000, 0x00000000e5560000, 0x00000000e5560000)
  from space 21824K, 100% used [0x00000000e5560000, 0x00000000e6ab0000, 0x00000000e6ab0000)
  to   space 21824K,   0% used [0x00000000e6ab0000, 0x00000000e6ab0000, 0x00000000e8000000)
 concurrent mark-sweep generation total 393216K, used 177555K [0x00000000e8000000, 0x0000000100000000, 0x0000000100000000)
 Metaspace       used 40984K, capacity 42183K, committed 42304K, reserved 1085440K
  class space    used 5111K, capacity 5444K, committed 5476K, reserved 1048576K
2019-02-21T18:52:07.242-0700: 204.469: [GC (Allocation Failure) 2019-02-21T18:52:07.242-0700: 204.469: [ParNew
Desired survivor size 20112992 bytes, new threshold 6 (max 8)
- age   1:    6021408 bytes,    6021408 total
- age   2:    3299616 bytes,    9321024 total
- age   3:    1297864 bytes,   10618888 total
- age   4:    2284072 bytes,   12902960 total
- age   5:    4253064 bytes,   17156024 total
- age   6:    4059640 bytes,   21215664 total
: 109248K->21824K(109248K), 0.0155779 secs] 286803K->203783K(502464K), 0.0157286 secs] [Times: user=0.06 sys=0.00, real=0.02 secs] 
Heap after GC invocations=69 (full 4):
 par new generation   total 109248K, used 21824K [0x00000000e0000000, 0x00000000e8000000, 0x00000000e8000000)
  eden space 87424K,   0% used [0x00000000e0000000, 0x00000000e0000000, 0x00000000e5560000)
  from space 21824K, 100% used [0x00000000e6ab0000, 0x00000000e8000000, 0x00000000e8000000)
  to   space 21824K,   0% used [0x00000000e5560000, 0x00000000e5560000, 0x00000000e6ab0000)
 concurrent mark-sweep generation total 393216K, used 181959K [0x00000000e8000000, 0x0000000100000000, 0x0000000100000000)
 Metaspace       used 40984K, capacity 42183K, committed 42304K, reserved 1085440K
  class space    used 5111K, capacity 5444K, committed 5476K, reserved 1048576K
}
2019-02-21T18:52:07.258-0700: 204.485: Total time for which application threads were stopped: 0.0162005 seconds, Stopping threads took: 0.0000730 seconds
{Heap before GC invocations=69 (full 4):
 par new generation   total 109248K, used 109248K [0x00000000e0000000, 0x00000000e8000000, 0x00000000e8000000)
  eden space 87424K, 100% used [0x00000000e0000000, 0x00000000e5560000, 0x00000000e5560000)
  from space 21824K, 100% used [0x00000000e6ab0000, 0x00000000e8000000, 0x00000000e8000000)
  to   space 21824K,   0% used [0x00000000e5560000, 0x00000000e5560000, 0x00000000e6ab0000)
 concurrent mark-sweep generation total 393216K, used 181959K [0x00000000e8000000, 0x0000000100000000, 0x0000000100000000)
 Metaspace       used 40994K, capacity 42183K, committed 42304K, reserved 1085440K
  class space    used 5111K, capacity 5444K, committed 5476K, reserved 1048576K
2019-02-21T18:52:07.912-0700: 205.138: [GC (Allocation Failure) 2019-02-21T18:52:07.912-0700: 205.139: [ParNew
Desired survivor size 20112992 bytes, new threshold 6 (max 8)
- age   1:    6116112 bytes,    6116112 total
- age   2:    5402232 bytes,   11518344 total
- age   3:    1711936 bytes,   13230280 total
- age   4:    1233256 bytes,   14463536 total
- age   5:    1827376 bytes,   16290912 total
- age   6:    4249528 bytes,   20540440 total
: 109248K->21824K(109248K), 0.0126463 secs] 291207K->208972K(502464K), 0.0127835 secs] [Times: user=0.08 sys=0.00, real=0.01 secs] 
Heap after GC invocations=70 (full 4):
 par new generation   total 109248K, used 21824K [0x00000000e0000000, 0x00000000e8000000, 0x00000000e8000000)
  eden space 87424K,   0% used [0x00000000e0000000, 0x00000000e0000000, 0x00000000e5560000)
  from space 21824K, 100% used [0x00000000e5560000, 0x00000000e6ab0000, 0x00000000e6ab0000)
  to   space 21824K,   0% used [0x00000000e6ab0000, 0x00000000e6ab0000, 0x00000000e8000000)
 concurrent mark-sweep generation total 393216K, used 187148K [0x00000000e8000000, 0x0000000100000000, 0x0000000100000000)
 Metaspace       used 40994K, capacity 42183K, committed 42304K, reserved 1085440K
  class space    used 5111K, capacity 5444K, committed 5476K, reserved 1048576K
}
2019-02-21T18:52:07.925-0700: 205.151: Total time for which application threads were stopped: 0.0131022 seconds, Stopping threads took: 0.0000324 seconds
2019-02-21T18:52:08.644-0700: 205.870: Total time for which application threads were stopped: 0.0059800 seconds, Stopping threads took: 0.0058371 seconds
2019-02-21T18:52:08.645-0700: 205.871: Total time for which application threads were stopped: 0.0003449 seconds, Stopping threads took: 0.0002205 seconds
{Heap before GC invocations=70 (full 4):
 par new generation   total 109248K, used 109248K [0x00000000e0000000, 0x00000000e8000000, 0x00000000e8000000)
  eden space 87424K, 100% used [0x00000000e0000000, 0x00000000e5560000, 0x00000000e5560000)
  from space 21824K, 100% used [0x00000000e5560000, 0x00000000e6ab0000, 0x00000000e6ab0000)
  to   space 21824K,   0% used [0x00000000e6ab0000, 0x00000000e6ab0000, 0x00000000e8000000)
 concurrent mark-sweep generation total 393216K, used 187148K [0x00000000e8000000, 0x0000000100000000, 0x0000000100000000)
 Metaspace       used 40996K, capacity 42183K, committed 42304K, reserved 1085440K
  class space    used 5111K, capacity 5444K, committed 5476K, reserved 1048576K
2019-02-21T18:52:08.739-0700: 205.966: [GC (Allocation Failure) 2019-02-21T18:52:08.739-0700: 205.966: [ParNew
Desired survivor size 20112992 bytes, new threshold 6 (max 8)
- age   1:    8485280 bytes,    8485280 total
- age   2:    4063320 bytes,   12548600 total
- age   3:    4798568 bytes,   17347168 total
- age   4:    1561432 bytes,   18908600 total
- age   5:    1121208 bytes,   20029808 total
- age   6:    1266528 bytes,   21296336 total
: 109248K->21824K(109248K), 0.0149950 secs] 296396K->214390K(502464K), 0.0151245 secs] [Times: user=0.08 sys=0.00, real=0.02 secs] 
Heap after GC invocations=71 (full 4):
 par new generation   total 109248K, used 21824K [0x00000000e0000000, 0x00000000e8000000, 0x00000000e8000000)
  eden space 87424K,   0% used [0x00000000e0000000, 0x00000000e0000000, 0x00000000e5560000)
  from space 21824K, 100% used [0x00000000e6ab0000, 0x00000000e8000000, 0x00000000e8000000)
  to   space 21824K,   0% used [0x00000000e5560000, 0x00000000e5560000, 0x00000000e6ab0000)
 concurrent mark-sweep generation total 393216K, used 192566K [0x00000000e8000000, 0x0000000100000000, 0x0000000100000000)
 Metaspace       used 40996K, capacity 42183K, committed 42304K, reserved 1085440K
  class space    used 5111K, capacity 5444K, committed 5476K, reserved 1048576K
}
2019-02-21T18:52:08.755-0700: 205.981: Total time for which application threads were stopped: 0.0155723 seconds, Stopping threads took: 0.0000740 seconds
{Heap before GC invocations=71 (full 4):
 par new generation   total 109248K, used 109248K [0x00000000e0000000, 0x00000000e8000000, 0x00000000e8000000)
  eden space 87424K, 100% used [0x00000000e0000000, 0x00000000e5560000, 0x00000000e5560000)
  from space 21824K, 100% used [0x00000000e6ab0000, 0x00000000e8000000, 0x00000000e8000000)
  to   space 21824K,   0% used [0x00000000e5560000, 0x00000000e5560000, 0x00000000e6ab0000)
 concurrent mark-sweep generation total 393216K, used 192566K [0x00000000e8000000, 0x0000000100000000, 0x0000000100000000)
 Metaspace       used 40996K, capacity 42183K, committed 42304K, reserved 1085440K
  class space    used 5111K, capacity 5444K, committed 5476K, reserved 1048576K
2019-02-21T18:52:09.327-0700: 206.554: [GC (Allocation Failure) 2019-02-21T18:52:09.327-0700: 206.554: [ParNew
Desired survivor size 20112992 bytes, new threshold 5 (max 8)
- age   1:    7743680 bytes,    7743680 total
- age   2:    5096464 bytes,   12840144 total
- age   3:    2965448 bytes,   15805592 total
- age   4:    3866008 bytes,   19671600 total
- age   5:    1521496 bytes,   21193096 total
- age   6:    1118168 bytes,   22311264 total
: 109248K->21824K(109248K), 0.0146896 secs] 301814K->218170K(502464K), 0.0149323 secs] [Times: user=0.08 sys=0.00, real=0.02 secs] 
Heap after GC invocations=72 (full 4):
 par new generation   total 109248K, used 21824K [0x00000000e0000000, 0x00000000e8000000, 0x00000000e8000000)
  eden space 87424K,   0% used [0x00000000e0000000, 0x00000000e0000000, 0x00000000e5560000)
  from space 21824K, 100% used [0x00000000e5560000, 0x00000000e6ab0000, 0x00000000e6ab0000)
  to   space 21824K,   0% used [0x00000000e6ab0000, 0x00000000e6ab0000, 0x00000000e8000000)
 concurrent mark-sweep generation total 393216K, used 196346K [0x00000000e8000000, 0x0000000100000000, 0x0000000100000000)
 Metaspace       used 40996K, capacity 42183K, committed 42304K, reserved 1085440K
  class space    used 5111K, capacity 5444K, committed 5476K, reserved 1048576K
}
2019-02-21T18:52:09.342-0700: 206.569: Total time for which application threads were stopped: 0.0153769 seconds, Stopping threads took: 0.0000565 seconds
{Heap before GC invocations=72 (full 4):
 par new generation   total 109248K, used 109248K [0x00000000e0000000, 0x00000000e8000000, 0x00000000e8000000)
  eden space 87424K, 100% used [0x00000000e0000000, 0x00000000e5560000, 0x00000000e5560000)
  from space 21824K, 100% used [0x00000000e5560000, 0x00000000e6ab0000, 0x00000000e6ab0000)
  to   space 21824K,   0% used [0x00000000e6ab0000, 0x00000000e6ab0000, 0x00000000e8000000)
 concurrent mark-sweep generation total 393216K, used 196346K [0x00000000e8000000, 0x0000000100000000, 0x0000000100000000)
 Metaspace       used 40996K, capacity 42183K, committed 42304K, reserved 1085440K
  class space    used 5111K, capacity 5444K, committed 5476K, reserved 1048576K
2019-02-21T18:52:09.898-0700: 207.124: [GC (Allocation Failure) 2019-02-21T18:52:09.898-0700: 207.124: [ParNew
Desired survivor size 20112992 bytes, new threshold 5 (max 8)
- age   1:    4925536 bytes,    4925536 total
- age   2:    6372096 bytes,   11297632 total
- age   3:    4055848 bytes,   15353480 total
- age   4:    2944040 bytes,   18297520 total
- age   5:    3832976 bytes,   22130496 total
: 109248K->21824K(109248K), 0.0135320 secs] 305594K->221197K(502464K), 0.0136477 secs] [Times: user=0.06 sys=0.00, real=0.01 secs] 
Heap after GC invocations=73 (full 4):
 par new generation   total 109248K, used 21824K [0x00000000e0000000, 0x00000000e8000000, 0x00000000e8000000)
  eden space 87424K,   0% used [0x00000000e0000000, 0x00000000e0000000, 0x00000000e5560000)
  from space 21824K, 100% used [0x00000000e6ab0000, 0x00000000e8000000, 0x00000000e8000000)
  to   space 21824K,   0% used [0x00000000e5560000, 0x00000000e5560000, 0x00000000e6ab0000)
 concurrent mark-sweep generation total 393216K, used 199373K [0x00000000e8000000, 0x0000000100000000, 0x0000000100000000)
 Metaspace       used 40996K, capacity 42183K, committed 42304K, reserved 1085440K
  class space    used 5111K, capacity 5444K, committed 5476K, reserved 1048576K
}
2019-02-21T18:52:09.911-0700: 207.138: Total time for which application threads were stopped: 0.0141458 seconds, Stopping threads took: 0.0001506 seconds
2019-02-21T18:52:09.912-0700: 207.139: [GC (CMS Initial Mark) [1 CMS-initial-mark: 199373K(393216K)] 221538K(502464K), 0.0012980 secs] [Times: user=0.00 sys=0.00, real=0.00 secs] 
2019-02-21T18:52:09.913-0700: 207.140: Total time for which application threads were stopped: 0.0016275 seconds, Stopping threads took: 0.0002061 seconds
2019-02-21T18:52:09.913-0700: 207.140: [CMS-concurrent-mark-start]
2019-02-21T18:52:09.954-0700: 207.181: [CMS-concurrent-mark: 0.041/0.041 secs] [Times: user=0.22 sys=0.00, real=0.04 secs] 
2019-02-21T18:52:09.955-0700: 207.181: [CMS-concurrent-preclean-start]
2019-02-21T18:52:09.964-0700: 207.190: [CMS-concurrent-preclean: 0.008/0.009 secs] [Times: user=0.00 sys=0.00, real=0.01 secs] 
2019-02-21T18:52:09.964-0700: 207.190: [CMS-concurrent-abortable-preclean-start]
2019-02-21T18:52:10.223-0700: 207.450: [CMS-concurrent-abortable-preclean: 0.258/0.260 secs] [Times: user=0.61 sys=0.00, real=0.26 secs] 
2019-02-21T18:52:10.224-0700: 207.451: [GC (CMS Final Remark) [YG occupancy: 69995 K (109248 K)]{Heap before GC invocations=73 (full 5):
 par new generation   total 109248K, used 69995K [0x00000000e0000000, 0x00000000e8000000, 0x00000000e8000000)
  eden space 87424K,  55% used [0x00000000e0000000, 0x00000000e2f0ae18, 0x00000000e5560000)
  from space 21824K, 100% used [0x00000000e6ab0000, 0x00000000e8000000, 0x00000000e8000000)
  to   space 21824K,   0% used [0x00000000e5560000, 0x00000000e5560000, 0x00000000e6ab0000)
 concurrent mark-sweep generation total 393216K, used 199373K [0x00000000e8000000, 0x0000000100000000, 0x0000000100000000)
 Metaspace       used 40996K, capacity 42183K, committed 42304K, reserved 1085440K
  class space    used 5111K, capacity 5444K, committed 5476K, reserved 1048576K
2019-02-21T18:52:10.224-0700: 207.451: [GC (CMS Final Remark) 2019-02-21T18:52:10.224-0700: 207.451: [ParNew
Desired survivor size 20112992 bytes, new threshold 8 (max 8)
- age   1:    3823848 bytes,    3823848 total
- age   2:    4091168 bytes,    7915016 total
- age   3:    5269112 bytes,   13184128 total
- age   4:    3806296 bytes,   16990424 total
- age   5:    2902152 bytes,   19892576 total
: 69995K->21824K(109248K), 0.0125702 secs] 269368K->225530K(502464K), 0.0126751 secs] [Times: user=0.06 sys=0.00, real=0.01 secs] 
Heap after GC invocations=74 (full 5):
 par new generation   total 109248K, used 21824K [0x00000000e0000000, 0x00000000e8000000, 0x00000000e8000000)
  eden space 87424K,   0% used [0x00000000e0000000, 0x00000000e0000000, 0x00000000e5560000)
  from space 21824K, 100% used [0x00000000e5560000, 0x00000000e6ab0000, 0x00000000e6ab0000)
  to   space 21824K,   0% used [0x00000000e6ab0000, 0x00000000e6ab0000, 0x00000000e8000000)
 concurrent mark-sweep generation total 393216K, used 203706K [0x00000000e8000000, 0x0000000100000000, 0x0000000100000000)
 Metaspace       used 40996K, capacity 42183K, committed 42304K, reserved 1085440K
  class space    used 5111K, capacity 5444K, committed 5476K, reserved 1048576K
}
2019-02-21T18:52:10.237-0700: 207.464: [Rescan (parallel) , 0.0063666 secs]2019-02-21T18:52:10.243-0700: 207.470: [weak refs processing, 0.0004940 secs]2019-02-21T18:52:10.244-0700: 207.470: [class unloading, 0.0111972 secs]2019-02-21T18:52:10.255-0700: 207.482: [scrub symbol table, 0.0095599 secs]2019-02-21T18:52:10.265-0700: 207.491: [scrub string table, 0.0005284 secs][1 CMS-remark: 203706K(393216K)] 225530K(502464K), 0.0414586 secs] [Times: user=0.08 sys=0.00, real=0.04 secs] 
2019-02-21T18:52:10.266-0700: 207.492: Total time for which application threads were stopped: 0.0417644 seconds, Stopping threads took: 0.0000941 seconds
2019-02-21T18:52:10.273-0700: 207.500: [CMS-concurrent-sweep-start]
2019-02-21T18:52:10.351-0700: 207.578: [CMS-concurrent-sweep: 0.079/0.079 secs] [Times: user=0.17 sys=0.00, real=0.08 secs] 
2019-02-21T18:52:10.351-0700: 207.578: [CMS-concurrent-reset-start]
2019-02-21T18:52:10.352-0700: 207.579: [CMS-concurrent-reset: 0.001/0.001 secs] [Times: user=0.00 sys=0.00, real=0.00 secs] 
{Heap before GC invocations=74 (full 5):
 par new generation   total 109248K, used 109248K [0x00000000e0000000, 0x00000000e8000000, 0x00000000e8000000)
  eden space 87424K, 100% used [0x00000000e0000000, 0x00000000e5560000, 0x00000000e5560000)
  from space 21824K, 100% used [0x00000000e5560000, 0x00000000e6ab0000, 0x00000000e6ab0000)
  to   space 21824K,   0% used [0x00000000e6ab0000, 0x00000000e6ab0000, 0x00000000e8000000)
 concurrent mark-sweep generation total 393216K, used 130478K [0x00000000e8000000, 0x0000000100000000, 0x0000000100000000)
 Metaspace       used 40996K, capacity 42183K, committed 42304K, reserved 1085440K
  class space    used 5111K, capacity 5444K, committed 5476K, reserved 1048576K
2019-02-21T18:52:10.810-0700: 208.036: [GC (Allocation Failure) 2019-02-21T18:52:10.810-0700: 208.036: [ParNew
Desired survivor size 20112992 bytes, new threshold 6 (max 8)
- age   1:    5453320 bytes,    5453320 total
- age   2:    3461624 bytes,    8914944 total
- age   3:    2179416 bytes,   11094360 total
- age   4:    4935104 bytes,   16029464 total
- age   5:    2841360 bytes,   18870824 total
- age   6:    2811136 bytes,   21681960 total
: 109248K->21824K(109248K), 0.0116146 secs] 239726K->153855K(502464K), 0.0117071 secs] [Times: user=0.06 sys=0.00, real=0.01 secs] 
Heap after GC invocations=75 (full 5):
 par new generation   total 109248K, used 21824K [0x00000000e0000000, 0x00000000e8000000, 0x00000000e8000000)
  eden space 87424K,   0% used [0x00000000e0000000, 0x00000000e0000000, 0x00000000e5560000)
  from space 21824K, 100% used [0x00000000e6ab0000, 0x00000000e8000000, 0x00000000e8000000)
  to   space 21824K,   0% used [0x00000000e5560000, 0x00000000e5560000, 0x00000000e6ab0000)
 concurrent mark-sweep generation total 393216K, used 132031K [0x00000000e8000000, 0x0000000100000000, 0x0000000100000000)
 Metaspace       used 40996K, capacity 42183K, committed 42304K, reserved 1085440K
  class space    used 5111K, capacity 5444K, committed 5476K, reserved 1048576K
}
2019-02-21T18:52:10.821-0700: 208.048: Total time for which application threads were stopped: 0.0120032 seconds, Stopping threads took: 0.0000298 seconds
2019-02-21T18:52:11.330-0700: 208.556: Total time for which application threads were stopped: 0.0003969 seconds, Stopping threads took: 0.0000792 seconds
2019-02-21T18:52:11.463-0700: 208.690: Total time for which application threads were stopped: 0.0003095 seconds, Stopping threads took: 0.0000586 seconds
{Heap before GC invocations=75 (full 5):
 par new generation   total 109248K, used 109248K [0x00000000e0000000, 0x00000000e8000000, 0x00000000e8000000)
  eden space 87424K, 100% used [0x00000000e0000000, 0x00000000e5560000, 0x00000000e5560000)
  from space 21824K, 100% used [0x00000000e6ab0000, 0x00000000e8000000, 0x00000000e8000000)
  to   space 21824K,   0% used [0x00000000e5560000, 0x00000000e5560000, 0x00000000e6ab0000)
 concurrent mark-sweep generation total 393216K, used 132031K [0x00000000e8000000, 0x0000000100000000, 0x0000000100000000)
 Metaspace       used 40998K, capacity 42247K, committed 42304K, reserved 1085440K
  class space    used 5111K, capacity 5444K, committed 5476K, reserved 1048576K
2019-02-21T18:52:11.547-0700: 208.774: [GC (Allocation Failure) 2019-02-21T18:52:11.547-0700: 208.774: [ParNew
Desired survivor size 20112992 bytes, new threshold 6 (max 8)
- age   1:    8840424 bytes,    8840424 total
- age   2:    3258456 bytes,   12098880 total
- age   3:    1751352 bytes,   13850232 total
- age   4:    1787624 bytes,   15637856 total
- age   5:    4291040 bytes,   19928896 total
- age   6:    2385088 bytes,   22313984 total
: 109248K->21824K(109248K), 0.0213549 secs] 241279K->166686K(502464K), 0.0215240 secs] [Times: user=0.08 sys=0.00, real=0.02 secs] 
Heap after GC invocations=76 (full 5):
 par new generation   total 109248K, used 21824K [0x00000000e0000000, 0x00000000e8000000, 0x00000000e8000000)
  eden space 87424K,   0% used [0x00000000e0000000, 0x00000000e0000000, 0x00000000e5560000)
  from space 21824K, 100% used [0x00000000e5560000, 0x00000000e6ab0000, 0x00000000e6ab0000)
  to   space 21824K,   0% used [0x00000000e6ab0000, 0x00000000e6ab0000, 0x00000000e8000000)
 concurrent mark-sweep generation total 393216K, used 144862K [0x00000000e8000000, 0x0000000100000000, 0x0000000100000000)
 Metaspace       used 40998K, capacity 42247K, committed 42304K, reserved 1085440K
  class space    used 5111K, capacity 5444K, committed 5476K, reserved 1048576K
}
2019-02-21T18:52:11.569-0700: 208.795: Total time for which application threads were stopped: 0.0220535 seconds, Stopping threads took: 0.0000792 seconds
2019-02-21T18:52:11.569-0700: 208.796: Total time for which application threads were stopped: 0.0003691 seconds, Stopping threads took: 0.0001223 seconds
2019-02-21T18:52:11.571-0700: 208.797: Total time for which application threads were stopped: 0.0003182 seconds, Stopping threads took: 0.0000684 seconds
2019-02-21T18:52:11.575-0700: 208.802: Total time for which application threads were stopped: 0.0002874 seconds, Stopping threads took: 0.0000627 seconds
2019-02-21T18:52:11.577-0700: 208.804: Total time for which application threads were stopped: 0.0005017 seconds, Stopping threads took: 0.0002190 seconds
2019-02-21T18:52:11.578-0700: 208.804: Total time for which application threads were stopped: 0.0001881 seconds, Stopping threads took: 0.0000581 seconds
2019-02-21T18:52:11.606-0700: 208.833: Total time for which application threads were stopped: 0.0022341 seconds, Stopping threads took: 0.0019765 seconds
2019-02-21T18:52:11.671-0700: 208.898: Total time for which application threads were stopped: 0.0011098 seconds, Stopping threads took: 0.0007372 seconds
2019-02-21T18:52:11.744-0700: 208.971: Total time for which application threads were stopped: 0.0229464 seconds, Stopping threads took: 0.0227721 seconds
2019-02-21T18:52:11.874-0700: 209.100: Total time for which application threads were stopped: 0.0002303 seconds, Stopping threads took: 0.0000463 seconds
{Heap before GC invocations=76 (full 5):
 par new generation   total 109248K, used 108973K [0x00000000e0000000, 0x00000000e8000000, 0x00000000e8000000)
  eden space 87424K,  99% used [0x00000000e0000000, 0x00000000e551b478, 0x00000000e5560000)
  from space 21824K, 100% used [0x00000000e5560000, 0x00000000e6ab0000, 0x00000000e6ab0000)
  to   space 21824K,   0% used [0x00000000e6ab0000, 0x00000000e6ab0000, 0x00000000e8000000)
 concurrent mark-sweep generation total 393216K, used 144862K [0x00000000e8000000, 0x0000000100000000, 0x0000000100000000)
 Metaspace       used 41000K, capacity 42247K, committed 42304K, reserved 1085440K
  class space    used 5111K, capacity 5444K, committed 5476K, reserved 1048576K
2019-02-21T18:52:12.128-0700: 209.355: [GC (Allocation Failure) 2019-02-21T18:52:12.128-0700: 209.355: [ParNew
Desired survivor size 20112992 bytes, new threshold 6 (max 8)
- age   1:    5600216 bytes,    5600216 total
- age   2:    7723712 bytes,   13323928 total
- age   3:    1549720 bytes,   14873648 total
- age   4:    1662600 bytes,   16536248 total
- age   5:    1631304 bytes,   18167552 total
- age   6:    4254832 bytes,   22422384 total
: 108973K->21824K(109248K), 0.0221373 secs] 253835K->183331K(502464K), 0.0222601 secs] [Times: user=0.06 sys=0.00, real=0.02 secs] 
Heap after GC invocations=77 (full 5):
 par new generation   total 109248K, used 21824K [0x00000000e0000000, 0x00000000e8000000, 0x00000000e8000000)
  eden space 87424K,   0% used [0x00000000e0000000, 0x00000000e0000000, 0x00000000e5560000)
  from space 21824K, 100% used [0x00000000e6ab0000, 0x00000000e8000000, 0x00000000e8000000)
  to   space 21824K,   0% used [0x00000000e5560000, 0x00000000e5560000, 0x00000000e6ab0000)
 concurrent mark-sweep generation total 393216K, used 161507K [0x00000000e8000000, 0x0000000100000000, 0x0000000100000000)
 Metaspace       used 41000K, capacity 42247K, committed 42304K, reserved 1085440K
  class space    used 5111K, capacity 5444K, committed 5476K, reserved 1048576K
}
2019-02-21T18:52:12.150-0700: 209.377: Total time for which application threads were stopped: 0.0229659 seconds, Stopping threads took: 0.0002632 seconds
{Heap before GC invocations=77 (full 5):
 par new generation   total 109248K, used 108803K [0x00000000e0000000, 0x00000000e8000000, 0x00000000e8000000)
  eden space 87424K,  99% used [0x00000000e0000000, 0x00000000e54f0e78, 0x00000000e5560000)
  from space 21824K, 100% used [0x00000000e6ab0000, 0x00000000e8000000, 0x00000000e8000000)
  to   space 21824K,   0% used [0x00000000e5560000, 0x00000000e5560000, 0x00000000e6ab0000)
 concurrent mark-sweep generation total 393216K, used 161507K [0x00000000e8000000, 0x0000000100000000, 0x0000000100000000)
 Metaspace       used 41015K, capacity 42247K, committed 42304K, reserved 1085440K
  class space    used 5111K, capacity 5444K, committed 5476K, reserved 1048576K
2019-02-21T18:52:12.289-0700: 209.516: [GC (Allocation Failure) 2019-02-21T18:52:12.289-0700: 209.516: [ParNew
Desired survivor size 20112992 bytes, new threshold 5 (max 8)
- age   1:    7189672 bytes,    7189672 total
- age   2:    3832768 bytes,   11022440 total
- age   3:    6087952 bytes,   17110392 total
- age   4:    1548632 bytes,   18659024 total
- age   5:    1662600 bytes,   20321624 total
- age   6:    1631256 bytes,   21952880 total
: 108803K->21824K(109248K), 0.0199639 secs] 270311K->194239K(502464K), 0.0201109 secs] [Times: user=0.09 sys=0.00, real=0.02 secs] 
Heap after GC invocations=78 (full 5):
 par new generation   total 109248K, used 21824K [0x00000000e0000000, 0x00000000e8000000, 0x00000000e8000000)
  eden space 87424K,   0% used [0x00000000e0000000, 0x00000000e0000000, 0x00000000e5560000)
  from space 21824K, 100% used [0x00000000e5560000, 0x00000000e6ab0000, 0x00000000e6ab0000)
  to   space 21824K,   0% used [0x00000000e6ab0000, 0x00000000e6ab0000, 0x00000000e8000000)
 concurrent mark-sweep generation total 393216K, used 172415K [0x00000000e8000000, 0x0000000100000000, 0x0000000100000000)
 Metaspace       used 41015K, capacity 42247K, committed 42304K, reserved 1085440K
  class space    used 5111K, capacity 5444K, committed 5476K, reserved 1048576K
}
2019-02-21T18:52:12.310-0700: 209.536: Total time for which application threads were stopped: 0.0209056 seconds, Stopping threads took: 0.0002524 seconds
{Heap before GC invocations=78 (full 5):
 par new generation   total 109248K, used 109248K [0x00000000e0000000, 0x00000000e8000000, 0x00000000e8000000)
  eden space 87424K, 100% used [0x00000000e0000000, 0x00000000e5560000, 0x00000000e5560000)
  from space 21824K, 100% used [0x00000000e5560000, 0x00000000e6ab0000, 0x00000000e6ab0000)
  to   space 21824K,   0% used [0x00000000e6ab0000, 0x00000000e6ab0000, 0x00000000e8000000)
 concurrent mark-sweep generation total 393216K, used 172415K [0x00000000e8000000, 0x0000000100000000, 0x0000000100000000)
 Metaspace       used 41018K, capacity 42247K, committed 42304K, reserved 1085440K
  class space    used 5111K, capacity 5444K, committed 5476K, reserved 1048576K
2019-02-21T18:52:12.408-0700: 209.634: [GC (Allocation Failure) 2019-02-21T18:52:12.408-0700: 209.634: [ParNew
Desired survivor size 20112992 bytes, new threshold 8 (max 8)
- age   1:    1136992 bytes,    1136992 total
- age   2:    5789504 bytes,    6926496 total
- age   3:    3257096 bytes,   10183592 total
- age   4:    5758208 bytes,   15941800 total
- age   5:    1548536 bytes,   17490336 total
: 109248K->21824K(109248K), 0.0158792 secs] 281663K->199123K(502464K), 0.0160072 secs] [Times: user=0.08 sys=0.00, real=0.02 secs] 
Heap after GC invocations=79 (full 5):
 par new generation   total 109248K, used 21824K [0x00000000e0000000, 0x00000000e8000000, 0x00000000e8000000)
  eden space 87424K,   0% used [0x00000000e0000000, 0x00000000e0000000, 0x00000000e5560000)
  from space 21824K, 100% used [0x00000000e6ab0000, 0x00000000e8000000, 0x00000000e8000000)
  to   space 21824K,   0% used [0x00000000e5560000, 0x00000000e5560000, 0x00000000e6ab0000)
 concurrent mark-sweep generation total 393216K, used 177299K [0x00000000e8000000, 0x0000000100000000, 0x0000000100000000)
 Metaspace       used 41018K, capacity 42247K, committed 42304K, reserved 1085440K
  class space    used 5111K, capacity 5444K, committed 5476K, reserved 1048576K
}
2019-02-21T18:52:12.424-0700: 209.650: Total time for which application threads were stopped: 0.0261490 seconds, Stopping threads took: 0.0097480 seconds
{Heap before GC invocations=79 (full 5):
 par new generation   total 109248K, used 109216K [0x00000000e0000000, 0x00000000e8000000, 0x00000000e8000000)
  eden space 87424K,  99% used [0x00000000e0000000, 0x00000000e5558218, 0x00000000e5560000)
  from space 21824K, 100% used [0x00000000e6ab0000, 0x00000000e8000000, 0x00000000e8000000)
  to   space 21824K,   0% used [0x00000000e5560000, 0x00000000e5560000, 0x00000000e6ab0000)
 concurrent mark-sweep generation total 393216K, used 177299K [0x00000000e8000000, 0x0000000100000000, 0x0000000100000000)
 Metaspace       used 41030K, capacity 42247K, committed 42304K, reserved 1085440K
  class space    used 5111K, capacity 5444K, committed 5476K, reserved 1048576K
2019-02-21T18:52:12.523-0700: 209.750: [GC (Allocation Failure) 2019-02-21T18:52:12.523-0700: 209.750: [ParNew
Desired survivor size 20112992 bytes, new threshold 8 (max 8)
- age   1:    1751552 bytes,    1751552 total
- age   2:     910240 bytes,    2661792 total
- age   3:    5417504 bytes,    8079296 total
- age   4:    3254304 bytes,   11333600 total
- age   5:    5782360 bytes,   17115960 total
- age   6:    1548536 bytes,   18664496 total
: 109216K->21824K(109248K), 0.0134976 secs] 286515K->199141K(502464K), 0.0136399 secs] [Times: user=0.08 sys=0.00, real=0.02 secs] 
Heap after GC invocations=80 (full 5):
 par new generation   total 109248K, used 21824K [0x00000000e0000000, 0x00000000e8000000, 0x00000000e8000000)
  eden space 87424K,   0% used [0x00000000e0000000, 0x00000000e0000000, 0x00000000e5560000)
  from space 21824K, 100% used [0x00000000e5560000, 0x00000000e6ab0000, 0x00000000e6ab0000)
  to   space 21824K,   0% used [0x00000000e6ab0000, 0x00000000e6ab0000, 0x00000000e8000000)
 concurrent mark-sweep generation total 393216K, used 177317K [0x00000000e8000000, 0x0000000100000000, 0x0000000100000000)
 Metaspace       used 41030K, capacity 42247K, committed 42304K, reserved 1085440K
  class space    used 5111K, capacity 5444K, committed 5476K, reserved 1048576K
}
2019-02-21T18:52:12.538-0700: 209.764: Total time for which application threads were stopped: 0.0228282 seconds, Stopping threads took: 0.0086994 seconds
{Heap before GC invocations=80 (full 5):
 par new generation   total 109248K, used 109248K [0x00000000e0000000, 0x00000000e8000000, 0x00000000e8000000)
  eden space 87424K, 100% used [0x00000000e0000000, 0x00000000e5560000, 0x00000000e5560000)
  from space 21824K, 100% used [0x00000000e5560000, 0x00000000e6ab0000, 0x00000000e6ab0000)
  to   space 21824K,   0% used [0x00000000e6ab0000, 0x00000000e6ab0000, 0x00000000e8000000)
 concurrent mark-sweep generation total 393216K, used 177317K [0x00000000e8000000, 0x0000000100000000, 0x0000000100000000)
 Metaspace       used 41033K, capacity 42247K, committed 42304K, reserved 1085440K
  class space    used 5111K, capacity 5444K, committed 5476K, reserved 1048576K
2019-02-21T18:52:12.602-0700: 209.829: [GC (Allocation Failure) 2019-02-21T18:52:12.603-0700: 209.829: [ParNew
Desired survivor size 20112992 bytes, new threshold 8 (max 8)
- age   1:    1236712 bytes,    1236712 total
- age   2:    1318264 bytes,    2554976 total
- age   3:     537096 bytes,    3092072 total
- age   4:    4239152 bytes,    7331224 total
- age   5:    3253288 bytes,   10584512 total
- age   6:    5749576 bytes,   16334088 total
- age   7:    1548536 bytes,   17882624 total
: 109248K->21824K(109248K), 0.0141242 secs] 286565K->200098K(502464K), 0.0142635 secs] [Times: user=0.09 sys=0.00, real=0.02 secs] 
Heap after GC invocations=81 (full 5):
 par new generation   total 109248K, used 21824K [0x00000000e0000000, 0x00000000e8000000, 0x00000000e8000000)
  eden space 87424K,   0% used [0x00000000e0000000, 0x00000000e0000000, 0x00000000e5560000)
  from space 21824K, 100% used [0x00000000e6ab0000, 0x00000000e8000000, 0x00000000e8000000)
  to   space 21824K,   0% used [0x00000000e5560000, 0x00000000e5560000, 0x00000000e6ab0000)
 concurrent mark-sweep generation total 393216K, used 178274K [0x00000000e8000000, 0x0000000100000000, 0x0000000100000000)
 Metaspace       used 41033K, capacity 42247K, committed 42304K, reserved 1085440K
  class space    used 5111K, capacity 5444K, committed 5476K, reserved 1048576K
}
2019-02-21T18:52:12.617-0700: 209.844: Total time for which application threads were stopped: 0.0176280 seconds, Stopping threads took: 0.0029183 seconds
{Heap before GC invocations=81 (full 5):
 par new generation   total 109248K, used 109248K [0x00000000e0000000, 0x00000000e8000000, 0x00000000e8000000)
  eden space 87424K, 100% used [0x00000000e0000000, 0x00000000e5560000, 0x00000000e5560000)
  from space 21824K, 100% used [0x00000000e6ab0000, 0x00000000e8000000, 0x00000000e8000000)
  to   space 21824K,   0% used [0x00000000e5560000, 0x00000000e5560000, 0x00000000e6ab0000)
 concurrent mark-sweep generation total 393216K, used 178274K [0x00000000e8000000, 0x0000000100000000, 0x0000000100000000)
 Metaspace       used 41033K, capacity 42247K, committed 42304K, reserved 1085440K
  class space    used 5111K, capacity 5444K, committed 5476K, reserved 1048576K
2019-02-21T18:52:12.699-0700: 209.925: [GC (Allocation Failure) 2019-02-21T18:52:12.699-0700: 209.925: [ParNew
Desired survivor size 20112992 bytes, new threshold 8 (max 8)
- age   1:    4815840 bytes,    4815840 total
- age   2:     438168 bytes,    5254008 total
- age   3:    1012720 bytes,    6266728 total
- age   4:     244080 bytes,    6510808 total
- age   5:    4058336 bytes,   10569144 total
- age   6:    2951192 bytes,   13520336 total
- age   7:    4174216 bytes,   17694552 total
- age   8:    1548536 bytes,   19243088 total
: 109248K->21824K(109248K), 0.0156119 secs] 287522K->202024K(502464K), 0.0157558 secs] [Times: user=0.09 sys=0.00, real=0.02 secs] 
Heap after GC invocations=82 (full 5):
 par new generation   total 109248K, used 21824K [0x00000000e0000000, 0x00000000e8000000, 0x00000000e8000000)
  eden space 87424K,   0% used [0x00000000e0000000, 0x00000000e0000000, 0x00000000e5560000)
  from space 21824K, 100% used [0x00000000e5560000, 0x00000000e6ab0000, 0x00000000e6ab0000)
  to   space 21824K,   0% used [0x00000000e6ab0000, 0x00000000e6ab0000, 0x00000000e8000000)
 concurrent mark-sweep generation total 393216K, used 180200K [0x00000000e8000000, 0x0000000100000000, 0x0000000100000000)
 Metaspace       used 41033K, capacity 42247K, committed 42304K, reserved 1085440K
  class space    used 5111K, capacity 5444K, committed 5476K, reserved 1048576K
}
2019-02-21T18:52:12.715-0700: 209.941: Total time for which application threads were stopped: 0.0195213 seconds, Stopping threads took: 0.0032627 seconds
{Heap before GC invocations=82 (full 5):
 par new generation   total 109248K, used 109248K [0x00000000e0000000, 0x00000000e8000000, 0x00000000e8000000)
  eden space 87424K, 100% used [0x00000000e0000000, 0x00000000e5560000, 0x00000000e5560000)
  from space 21824K, 100% used [0x00000000e5560000, 0x00000000e6ab0000, 0x00000000e6ab0000)
  to   space 21824K,   0% used [0x00000000e6ab0000, 0x00000000e6ab0000, 0x00000000e8000000)
 concurrent mark-sweep generation total 393216K, used 180200K [0x00000000e8000000, 0x0000000100000000, 0x0000000100000000)
 Metaspace       used 41033K, capacity 42247K, committed 42304K, reserved 1085440K
  class space    used 5111K, capacity 5444K, committed 5476K, reserved 1048576K
2019-02-21T18:52:12.796-0700: 210.023: [GC (Allocation Failure) 2019-02-21T18:52:12.796-0700: 210.023: [ParNew
Desired survivor size 20112992 bytes, new threshold 8 (max 8)
- age   1:    7106144 bytes,    7106144 total
- age   2:    2843192 bytes,    9949336 total
- age   3:     427600 bytes,   10376936 total
- age   4:     928696 bytes,   11305632 total
- age   5:     238320 bytes,   11543952 total
- age   6:    4054760 bytes,   15598712 total
- age   7:    2827136 bytes,   18425848 total
- age   8:    3869600 bytes,   22295448 total
: 109248K->21824K(109248K), 0.0214053 secs] 289448K->208022K(502464K), 0.0215507 secs] [Times: user=0.22 sys=0.00, real=0.02 secs] 
Heap after GC invocations=83 (full 5):
 par new generation   total 109248K, used 21824K [0x00000000e0000000, 0x00000000e8000000, 0x00000000e8000000)
  eden space 87424K,   0% used [0x00000000e0000000, 0x00000000e0000000, 0x00000000e5560000)
  from space 21824K, 100% used [0x00000000e6ab0000, 0x00000000e8000000, 0x00000000e8000000)
  to   space 21824K,   0% used [0x00000000e5560000, 0x00000000e5560000, 0x00000000e6ab0000)
 concurrent mark-sweep generation total 393216K, used 186198K [0x00000000e8000000, 0x0000000100000000, 0x0000000100000000)
 Metaspace       used 41033K, capacity 42247K, committed 42304K, reserved 1085440K
  class space    used 5111K, capacity 5444K, committed 5476K, reserved 1048576K
}
2019-02-21T18:52:12.818-0700: 210.044: Total time for which application threads were stopped: 0.0235319 seconds, Stopping threads took: 0.0014455 seconds
{Heap before GC invocations=83 (full 5):
 par new generation   total 109248K, used 109248K [0x00000000e0000000, 0x00000000e8000000, 0x00000000e8000000)
  eden space 87424K, 100% used [0x00000000e0000000, 0x00000000e5560000, 0x00000000e5560000)
  from space 21824K, 100% used [0x00000000e6ab0000, 0x00000000e8000000, 0x00000000e8000000)
  to   space 21824K,   0% used [0x00000000e5560000, 0x00000000e5560000, 0x00000000e6ab0000)
 concurrent mark-sweep generation total 393216K, used 186198K [0x00000000e8000000, 0x0000000100000000, 0x0000000100000000)
 Metaspace       used 41033K, capacity 42247K, committed 42304K, reserved 1085440K
  class space    used 5111K, capacity 5444K, committed 5476K, reserved 1048576K
2019-02-21T18:52:12.959-0700: 210.185: [GC (Allocation Failure) 2019-02-21T18:52:12.959-0700: 210.185: [ParNew
Desired survivor size 20112992 bytes, new threshold 8 (max 8)
- age   1:    6818744 bytes,    6818744 total
- age   2:    4907728 bytes,   11726472 total
- age   3:    1888672 bytes,   13615144 total
- age   4:     395584 bytes,   14010728 total
- age   5:     875944 bytes,   14886672 total
- age   6:     238320 bytes,   15124992 total
- age   7:    4034992 bytes,   19159984 total
- age   8:    2737048 bytes,   21897032 total
: 109248K->21824K(109248K), 0.0180778 secs] 295446K->215086K(502464K), 0.0182243 secs] [Times: user=0.09 sys=0.00, real=0.02 secs] 
Heap after GC invocations=84 (full 5):
 par new generation   total 109248K, used 21824K [0x00000000e0000000, 0x00000000e8000000, 0x00000000e8000000)
  eden space 87424K,   0% used [0x00000000e0000000, 0x00000000e0000000, 0x00000000e5560000)
  from space 21824K, 100% used [0x00000000e5560000, 0x00000000e6ab0000, 0x00000000e6ab0000)
  to   space 21824K,   0% used [0x00000000e6ab0000, 0x00000000e6ab0000, 0x00000000e8000000)
 concurrent mark-sweep generation total 393216K, used 193262K [0x00000000e8000000, 0x0000000100000000, 0x0000000100000000)
 Metaspace       used 41033K, capacity 42247K, committed 42304K, reserved 1085440K
  class space    used 5111K, capacity 5444K, committed 5476K, reserved 1048576K
}
2019-02-21T18:52:12.977-0700: 210.204: Total time for which application threads were stopped: 0.0247975 seconds, Stopping threads took: 0.0061625 seconds
2019-02-21T18:52:13.097-0700: 210.324: Total time for which application threads were stopped: 0.0002457 seconds, Stopping threads took: 0.0000766 seconds
{Heap before GC invocations=84 (full 5):
 par new generation   total 109248K, used 109248K [0x00000000e0000000, 0x00000000e8000000, 0x00000000e8000000)
  eden space 87424K, 100% used [0x00000000e0000000, 0x00000000e5560000, 0x00000000e5560000)
  from space 21824K, 100% used [0x00000000e5560000, 0x00000000e6ab0000, 0x00000000e6ab0000)
  to   space 21824K,   0% used [0x00000000e6ab0000, 0x00000000e6ab0000, 0x00000000e8000000)
 concurrent mark-sweep generation total 393216K, used 193262K [0x00000000e8000000, 0x0000000100000000, 0x0000000100000000)
 Metaspace       used 41034K, capacity 42247K, committed 42304K, reserved 1085440K
  class space    used 5111K, capacity 5444K, committed 5476K, reserved 1048576K
2019-02-21T18:52:13.137-0700: 210.363: [GC (Allocation Failure) 2019-02-21T18:52:13.137-0700: 210.363: [ParNew
Desired survivor size 20112992 bytes, new threshold 8 (max 8)
- age   1:    3255392 bytes,    3255392 total
- age   2:    5053944 bytes,    8309336 total
- age   3:    4515384 bytes,   12824720 total
- age   4:    1773856 bytes,   14598576 total
- age   5:     259976 bytes,   14858552 total
- age   6:     667344 bytes,   15525896 total
- age   7:     183952 bytes,   15709848 total
- age   8:    3961936 bytes,   19671784 total
: 109248K->21824K(109248K), 0.0156735 secs] 302510K->218644K(502464K), 0.0158278 secs] [Times: user=0.09 sys=0.00, real=0.02 secs] 
Heap after GC invocations=85 (full 5):
 par new generation   total 109248K, used 21824K [0x00000000e0000000, 0x00000000e8000000, 0x00000000e8000000)
  eden space 87424K,   0% used [0x00000000e0000000, 0x00000000e0000000, 0x00000000e5560000)
  from space 21824K, 100% used [0x00000000e6ab0000, 0x00000000e8000000, 0x00000000e8000000)
  to   space 21824K,   0% used [0x00000000e5560000, 0x00000000e5560000, 0x00000000e6ab0000)
 concurrent mark-sweep generation total 393216K, used 196820K [0x00000000e8000000, 0x0000000100000000, 0x0000000100000000)
 Metaspace       used 41034K, capacity 42247K, committed 42304K, reserved 1085440K
  class space    used 5111K, capacity 5444K, committed 5476K, reserved 1048576K
}
2019-02-21T18:52:13.153-0700: 210.379: Total time for which application threads were stopped: 0.0164061 seconds, Stopping threads took: 0.0001100 seconds
2019-02-21T18:52:13.158-0700: 210.384: Total time for which application threads were stopped: 0.0003192 seconds, Stopping threads took: 0.0000787 seconds
2019-02-21T18:52:13.161-0700: 210.388: Total time for which application threads were stopped: 0.0005182 seconds, Stopping threads took: 0.0001609 seconds
2019-02-21T18:52:13.161-0700: 210.388: [GC (CMS Initial Mark) [1 CMS-initial-mark: 196820K(393216K)] 222051K(502464K), 0.0034935 secs] [Times: user=0.00 sys=0.00, real=0.00 secs] 
2019-02-21T18:52:13.165-0700: 210.392: Total time for which application threads were stopped: 0.0039032 seconds, Stopping threads took: 0.0000745 seconds
2019-02-21T18:52:13.165-0700: 210.392: [CMS-concurrent-mark-start]
2019-02-21T18:52:13.203-0700: 210.429: Total time for which application threads were stopped: 0.0003578 seconds, Stopping threads took: 0.0000936 seconds
2019-02-21T18:52:13.207-0700: 210.435: Total time for which application threads were stopped: 0.0004940 seconds, Stopping threads took: 0.0002740 seconds
2019-02-21T18:52:13.208-0700: 210.435: Total time for which application threads were stopped: 0.0002555 seconds, Stopping threads took: 0.0000514 seconds
2019-02-21T18:52:13.208-0700: 210.435: Total time for which application threads were stopped: 0.0002976 seconds, Stopping threads took: 0.0000843 seconds
2019-02-21T18:52:13.213-0700: 210.440: [CMS-concurrent-mark: 0.045/0.048 secs] [Times: user=0.25 sys=0.00, real=0.05 secs] 
2019-02-21T18:52:13.213-0700: 210.440: [CMS-concurrent-preclean-start]
2019-02-21T18:52:13.221-0700: 210.448: [CMS-concurrent-preclean: 0.008/0.009 secs] [Times: user=0.09 sys=0.00, real=0.01 secs] 
2019-02-21T18:52:13.221-0700: 210.449: [CMS-concurrent-abortable-preclean-start]
2019-02-21T18:52:13.305-0700: 210.532: [CMS-concurrent-abortable-preclean: 0.083/0.083 secs] [Times: user=0.48 sys=0.00, real=0.08 secs] 
2019-02-21T18:52:13.307-0700: 210.534: [GC (CMS Final Remark) [YG occupancy: 100944 K (109248 K)]{Heap before GC invocations=85 (full 6):
 par new generation   total 109248K, used 100944K [0x00000000e0000000, 0x00000000e8000000, 0x00000000e8000000)
  eden space 87424K,  90% used [0x00000000e0000000, 0x00000000e4d44248, 0x00000000e5560000)
  from space 21824K, 100% used [0x00000000e6ab0000, 0x00000000e8000000, 0x00000000e8000000)
  to   space 21824K,   0% used [0x00000000e5560000, 0x00000000e5560000, 0x00000000e6ab0000)
 concurrent mark-sweep generation total 393216K, used 196820K [0x00000000e8000000, 0x0000000100000000, 0x0000000100000000)
 Metaspace       used 41034K, capacity 42247K, committed 42304K, reserved 1085440K
  class space    used 5111K, capacity 5444K, committed 5476K, reserved 1048576K
2019-02-21T18:52:13.307-0700: 210.534: [GC (CMS Final Remark) 2019-02-21T18:52:13.307-0700: 210.534: [ParNew
Desired survivor size 20112992 bytes, new threshold 8 (max 8)
- age   1:    3608824 bytes,    3608824 total
- age   2:    2341800 bytes,    5950624 total
- age   3:    4597608 bytes,   10548232 total
- age   4:    4487864 bytes,   15036096 total
- age   5:    1722184 bytes,   16758280 total
- age   6:     231768 bytes,   16990048 total
- age   7:     667344 bytes,   17657392 total
- age   8:     183952 bytes,   17841344 total
: 100944K->21824K(109248K), 0.0150325 secs] 297764K->222882K(502464K), 0.0151333 secs] [Times: user=0.06 sys=0.00, real=0.02 secs] 
Heap after GC invocations=86 (full 6):
 par new generation   total 109248K, used 21824K [0x00000000e0000000, 0x00000000e8000000, 0x00000000e8000000)
  eden space 87424K,   0% used [0x00000000e0000000, 0x00000000e0000000, 0x00000000e5560000)
  from space 21824K, 100% used [0x00000000e5560000, 0x00000000e6ab0000, 0x00000000e6ab0000)
  to   space 21824K,   0% used [0x00000000e6ab0000, 0x00000000e6ab0000, 0x00000000e8000000)
 concurrent mark-sweep generation total 393216K, used 201058K [0x00000000e8000000, 0x0000000100000000, 0x0000000100000000)
 Metaspace       used 41034K, capacity 42247K, committed 42304K, reserved 1085440K
  class space    used 5111K, capacity 5444K, committed 5476K, reserved 1048576K
}
2019-02-21T18:52:13.322-0700: 210.549: [Rescan (parallel) , 0.0067454 secs]2019-02-21T18:52:13.329-0700: 210.556: [weak refs processing, 0.0004498 secs]2019-02-21T18:52:13.329-0700: 210.556: [class unloading, 0.0143612 secs]2019-02-21T18:52:13.344-0700: 210.571: [scrub symbol table, 0.0113113 secs]2019-02-21T18:52:13.356-0700: 210.582: [scrub string table, 0.0009818 secs][1 CMS-remark: 201058K(393216K)] 222882K(502464K), 0.0495909 secs] [Times: user=0.16 sys=0.02, real=0.05 secs] 
2019-02-21T18:52:13.357-0700: 210.583: Total time for which application threads were stopped: 0.0511300 seconds, Stopping threads took: 0.0012250 seconds
2019-02-21T18:52:13.357-0700: 210.583: [CMS-concurrent-sweep-start]
2019-02-21T18:52:13.436-0700: 210.662: [CMS-concurrent-sweep: 0.079/0.079 secs] [Times: user=0.48 sys=0.00, real=0.08 secs] 
2019-02-21T18:52:13.436-0700: 210.662: [CMS-concurrent-reset-start]
2019-02-21T18:52:13.437-0700: 210.663: [CMS-concurrent-reset: 0.001/0.001 secs] [Times: user=0.00 sys=0.00, real=0.00 secs] 
{Heap before GC invocations=86 (full 6):
 par new generation   total 109248K, used 109248K [0x00000000e0000000, 0x00000000e8000000, 0x00000000e8000000)
  eden space 87424K, 100% used [0x00000000e0000000, 0x00000000e5560000, 0x00000000e5560000)
  from space 21824K, 100% used [0x00000000e5560000, 0x00000000e6ab0000, 0x00000000e6ab0000)
  to   space 21824K,   0% used [0x00000000e6ab0000, 0x00000000e6ab0000, 0x00000000e8000000)
 concurrent mark-sweep generation total 393216K, used 159356K [0x00000000e8000000, 0x0000000100000000, 0x0000000100000000)
 Metaspace       used 41035K, capacity 42247K, committed 42304K, reserved 1085440K
  class space    used 5111K, capacity 5444K, committed 5476K, reserved 1048576K
2019-02-21T18:52:13.470-0700: 210.696: [GC (Allocation Failure) 2019-02-21T18:52:13.470-0700: 210.696: [ParNew
Desired survivor size 20112992 bytes, new threshold 5 (max 8)
- age   1:   12090792 bytes,   12090792 total
- age   2:    1274752 bytes,   13365544 total
- age   3:    1667008 bytes,   15032552 total
- age   4:    2800960 bytes,   17833512 total
- age   5:    2391576 bytes,   20225088 total
- age   6:    1396336 bytes,   21621424 total
- age   7:     207608 bytes,   21829032 total
- age   8:     511344 bytes,   22340376 total
: 109248K->21824K(109248K), 0.0223475 secs] 268604K->195349K(502464K), 0.0224431 secs] [Times: user=0.08 sys=0.00, real=0.02 secs] 
Heap after GC invocations=87 (full 6):
 par new generation   total 109248K, used 21824K [0x00000000e0000000, 0x00000000e8000000, 0x00000000e8000000)
  eden space 87424K,   0% used [0x00000000e0000000, 0x00000000e0000000, 0x00000000e5560000)
  from space 21824K, 100% used [0x00000000e6ab0000, 0x00000000e8000000, 0x00000000e8000000)
  to   space 21824K,   0% used [0x00000000e5560000, 0x00000000e5560000, 0x00000000e6ab0000)
 concurrent mark-sweep generation total 393216K, used 173525K [0x00000000e8000000, 0x0000000100000000, 0x0000000100000000)
 Metaspace       used 41035K, capacity 42247K, committed 42304K, reserved 1085440K
  class space    used 5111K, capacity 5444K, committed 5476K, reserved 1048576K
}
2019-02-21T18:52:13.492-0700: 210.718: Total time for which application threads were stopped: 0.0229654 seconds, Stopping threads took: 0.0001820 seconds
2019-02-21T18:52:13.590-0700: 210.816: Total time for which application threads were stopped: 0.0002257 seconds, Stopping threads took: 0.0000864 seconds
2019-02-21T18:52:13.598-0700: 210.824: Total time for which application threads were stopped: 0.0002704 seconds, Stopping threads took: 0.0001116 seconds
2019-02-21T18:52:13.606-0700: 210.833: Total time for which application threads were stopped: 0.0002724 seconds, Stopping threads took: 0.0000797 seconds
2019-02-21T18:52:13.613-0700: 210.840: Total time for which application threads were stopped: 0.0001717 seconds, Stopping threads took: 0.0000576 seconds
2019-02-21T18:52:13.615-0700: 210.841: Total time for which application threads were stopped: 0.0001866 seconds, Stopping threads took: 0.0000504 seconds
2019-02-21T18:52:13.617-0700: 210.844: Total time for which application threads were stopped: 0.0002365 seconds, Stopping threads took: 0.0000838 seconds
2019-02-21T18:52:13.624-0700: 210.851: Total time for which application threads were stopped: 0.0002565 seconds, Stopping threads took: 0.0001208 seconds
{Heap before GC invocations=87 (full 6):
 par new generation   total 109248K, used 109248K [0x00000000e0000000, 0x00000000e8000000, 0x00000000e8000000)
  eden space 87424K, 100% used [0x00000000e0000000, 0x00000000e5560000, 0x00000000e5560000)
  from space 21824K, 100% used [0x00000000e6ab0000, 0x00000000e8000000, 0x00000000e8000000)
  to   space 21824K,   0% used [0x00000000e5560000, 0x00000000e5560000, 0x00000000e6ab0000)
 concurrent mark-sweep generation total 393216K, used 173525K [0x00000000e8000000, 0x0000000100000000, 0x0000000100000000)
 Metaspace       used 41038K, capacity 42247K, committed 42304K, reserved 1085440K
  class space    used 5111K, capacity 5444K, committed 5476K, reserved 1048576K
2019-02-21T18:52:13.656-0700: 210.882: [GC (Allocation Failure) 2019-02-21T18:52:13.656-0700: 210.882: [ParNew
Desired survivor size 20112992 bytes, new threshold 5 (max 8)
- age   1:    9883648 bytes,    9883648 total
- age   2:    7328864 bytes,   17212512 total
- age   3:     945144 bytes,   18157656 total
- age   4:    1473640 bytes,   19631296 total
- age   5:    2731384 bytes,   22362680 total
: 109248K->21824K(109248K), 0.0244253 secs] 282773K->210089K(502464K), 0.0245261 secs] [Times: user=0.13 sys=0.00, real=0.02 secs] 
Heap after GC invocations=88 (full 6):
 par new generation   total 109248K, used 21824K [0x00000000e0000000, 0x00000000e8000000, 0x00000000e8000000)
  eden space 87424K,   0% used [0x00000000e0000000, 0x00000000e0000000, 0x00000000e5560000)
  from space 21824K, 100% used [0x00000000e5560000, 0x00000000e6ab0000, 0x00000000e6ab0000)
  to   space 21824K,   0% used [0x00000000e6ab0000, 0x00000000e6ab0000, 0x00000000e8000000)
 concurrent mark-sweep generation total 393216K, used 188265K [0x00000000e8000000, 0x0000000100000000, 0x0000000100000000)
 Metaspace       used 41038K, capacity 42247K, committed 42304K, reserved 1085440K
  class space    used 5111K, capacity 5444K, committed 5476K, reserved 1048576K
}
2019-02-21T18:52:13.681-0700: 210.907: Total time for which application threads were stopped: 0.0249543 seconds, Stopping threads took: 0.0000797 seconds
2019-02-21T18:52:13.681-0700: 210.907: Total time for which application threads were stopped: 0.0002514 seconds, Stopping threads took: 0.0000838 seconds
2019-02-21T18:52:13.689-0700: 210.915: Total time for which application threads were stopped: 0.0003048 seconds, Stopping threads took: 0.0001352 seconds
2019-02-21T18:52:13.692-0700: 210.918: Total time for which application threads were stopped: 0.0003645 seconds, Stopping threads took: 0.0001444 seconds
2019-02-21T18:52:13.703-0700: 210.930: Total time for which application threads were stopped: 0.0006523 seconds, Stopping threads took: 0.0000828 seconds
{Heap before GC invocations=88 (full 6):
 par new generation   total 109248K, used 109248K [0x00000000e0000000, 0x00000000e8000000, 0x00000000e8000000)
  eden space 87424K, 100% used [0x00000000e0000000, 0x00000000e5560000, 0x00000000e5560000)
  from space 21824K, 100% used [0x00000000e5560000, 0x00000000e6ab0000, 0x00000000e6ab0000)
  to   space 21824K,   0% used [0x00000000e6ab0000, 0x00000000e6ab0000, 0x00000000e8000000)
 concurrent mark-sweep generation total 393216K, used 188265K [0x00000000e8000000, 0x0000000100000000, 0x0000000100000000)
 Metaspace       used 41040K, capacity 42247K, committed 42304K, reserved 1085440K
  class space    used 5111K, capacity 5444K, committed 5476K, reserved 1048576K
2019-02-21T18:52:14.109-0700: 211.335: [GC (Allocation Failure) 2019-02-21T18:52:14.109-0700: 211.335: [ParNew
Desired survivor size 20112992 bytes, new threshold 3 (max 8)
- age   1:    5957688 bytes,    5957688 total
- age   2:    7178504 bytes,   13136192 total
- age   3:    7058640 bytes,   20194832 total
- age   4:     888912 bytes,   21083744 total
- age   5:    1280856 bytes,   22364600 total
: 109248K->21824K(109248K), 0.0192329 secs] 297513K->218012K(502464K), 0.0193172 secs] [Times: user=0.13 sys=0.00, real=0.02 secs] 
Heap after GC invocations=89 (full 6):
 par new generation   total 109248K, used 21824K [0x00000000e0000000, 0x00000000e8000000, 0x00000000e8000000)
  eden space 87424K,   0% used [0x00000000e0000000, 0x00000000e0000000, 0x00000000e5560000)
  from space 21824K, 100% used [0x00000000e6ab0000, 0x00000000e8000000, 0x00000000e8000000)
  to   space 21824K,   0% used [0x00000000e5560000, 0x00000000e5560000, 0x00000000e6ab0000)
 concurrent mark-sweep generation total 393216K, used 196188K [0x00000000e8000000, 0x0000000100000000, 0x0000000100000000)
 Metaspace       used 41040K, capacity 42247K, committed 42304K, reserved 1085440K
  class space    used 5111K, capacity 5444K, committed 5476K, reserved 1048576K
}
2019-02-21T18:52:14.128-0700: 211.355: Total time for which application threads were stopped: 0.0196014 seconds, Stopping threads took: 0.0000324 seconds
2019-02-21T18:52:14.153-0700: 211.380: Total time for which application threads were stopped: 0.0002899 seconds, Stopping threads took: 0.0000925 seconds
2019-02-21T18:52:14.153-0700: 211.380: Total time for which application threads were stopped: 0.0001465 seconds, Stopping threads took: 0.0000427 seconds
2019-02-21T18:52:14.157-0700: 211.384: Total time for which application threads were stopped: 0.0005927 seconds, Stopping threads took: 0.0000529 seconds
{Heap before GC invocations=89 (full 6):
 par new generation   total 109248K, used 109248K [0x00000000e0000000, 0x00000000e8000000, 0x00000000e8000000)
  eden space 87424K, 100% used [0x00000000e0000000, 0x00000000e5560000, 0x00000000e5560000)
  from space 21824K, 100% used [0x00000000e6ab0000, 0x00000000e8000000, 0x00000000e8000000)
  to   space 21824K,   0% used [0x00000000e5560000, 0x00000000e5560000, 0x00000000e6ab0000)
 concurrent mark-sweep generation total 393216K, used 196188K [0x00000000e8000000, 0x0000000100000000, 0x0000000100000000)
 Metaspace       used 41055K, capacity 42247K, committed 42304K, reserved 1085440K
  class space    used 5111K, capacity 5444K, committed 5476K, reserved 1048576K
2019-02-21T18:52:14.210-0700: 211.437: [GC (Allocation Failure) 2019-02-21T18:52:14.210-0700: 211.437: [ParNew
Desired survivor size 20112992 bytes, new threshold 8 (max 8)
- age   1:    6531432 bytes,    6531432 total
- age   2:    5229104 bytes,   11760536 total
- age   3:    6730688 bytes,   18491224 total
: 109248K->21824K(109248K), 0.0235561 secs] 305436K->226422K(502464K), 0.0236969 secs] [Times: user=0.06 sys=0.00, real=0.02 secs] 
Heap after GC invocations=90 (full 6):
 par new generation   total 109248K, used 21824K [0x00000000e0000000, 0x00000000e8000000, 0x00000000e8000000)
  eden space 87424K,   0% used [0x00000000e0000000, 0x00000000e0000000, 0x00000000e5560000)
  from space 21824K, 100% used [0x00000000e5560000, 0x00000000e6ab0000, 0x00000000e6ab0000)
  to   space 21824K,   0% used [0x00000000e6ab0000, 0x00000000e6ab0000, 0x00000000e8000000)
 concurrent mark-sweep generation total 393216K, used 204598K [0x00000000e8000000, 0x0000000100000000, 0x0000000100000000)
 Metaspace       used 41055K, capacity 42247K, committed 42304K, reserved 1085440K
  class space    used 5111K, capacity 5444K, committed 5476K, reserved 1048576K
}
2019-02-21T18:52:14.234-0700: 211.460: Total time for which application threads were stopped: 0.0242156 seconds, Stopping threads took: 0.0000673 seconds
2019-02-21T18:52:14.234-0700: 211.461: [GC (CMS Initial Mark) [1 CMS-initial-mark: 204598K(393216K)] 226620K(502464K), 0.0036457 secs] [Times: user=0.08 sys=0.00, real=0.00 secs] 
2019-02-21T18:52:14.238-0700: 211.464: Total time for which application threads were stopped: 0.0039927 seconds, Stopping threads took: 0.0000781 seconds
2019-02-21T18:52:14.238-0700: 211.465: [CMS-concurrent-mark-start]
2019-02-21T18:52:14.289-0700: 211.516: [CMS-concurrent-mark: 0.052/0.052 secs] [Times: user=0.27 sys=0.00, real=0.05 secs] 
2019-02-21T18:52:14.290-0700: 211.516: [CMS-concurrent-preclean-start]
2019-02-21T18:52:14.293-0700: 211.519: [CMS-concurrent-preclean: 0.003/0.003 secs] [Times: user=0.00 sys=0.00, real=0.00 secs] 
2019-02-21T18:52:14.293-0700: 211.519: [CMS-concurrent-abortable-preclean-start]
2019-02-21T18:52:14.304-0700: 211.531: Total time for which application threads were stopped: 0.0004498 seconds, Stopping threads took: 0.0001419 seconds
2019-02-21T18:52:14.372-0700: 211.599: [CMS-concurrent-abortable-preclean: 0.079/0.079 secs] [Times: user=0.33 sys=0.02, real=0.08 secs] 
2019-02-21T18:52:14.373-0700: 211.600: [GC (CMS Final Remark) [YG occupancy: 87725 K (109248 K)]{Heap before GC invocations=90 (full 7):
 par new generation   total 109248K, used 87725K [0x00000000e0000000, 0x00000000e8000000, 0x00000000e8000000)
  eden space 87424K,  75% used [0x00000000e0000000, 0x00000000e405b7c0, 0x00000000e5560000)
  from space 21824K, 100% used [0x00000000e5560000, 0x00000000e6ab0000, 0x00000000e6ab0000)
  to   space 21824K,   0% used [0x00000000e6ab0000, 0x00000000e6ab0000, 0x00000000e8000000)
 concurrent mark-sweep generation total 393216K, used 204598K [0x00000000e8000000, 0x0000000100000000, 0x0000000100000000)
 Metaspace       used 41055K, capacity 42247K, committed 42304K, reserved 1085440K
  class space    used 5111K, capacity 5444K, committed 5476K, reserved 1048576K
2019-02-21T18:52:14.374-0700: 211.600: [GC (CMS Final Remark) 2019-02-21T18:52:14.374-0700: 211.600: [ParNew
Desired survivor size 20112992 bytes, new threshold 4 (max 8)
- age   1:    7212056 bytes,    7212056 total
- age   2:    5434176 bytes,   12646232 total
- age   3:    4042816 bytes,   16689048 total
- age   4:    5685104 bytes,   22374152 total
: 87725K->21824K(109248K), 0.0251065 secs] 292324K->236566K(502464K), 0.0252278 secs] [Times: user=0.16 sys=0.00, real=0.02 secs] 
Heap after GC invocations=91 (full 7):
 par new generation   total 109248K, used 21824K [0x00000000e0000000, 0x00000000e8000000, 0x00000000e8000000)
  eden space 87424K,   0% used [0x00000000e0000000, 0x00000000e0000000, 0x00000000e5560000)
  from space 21824K, 100% used [0x00000000e6ab0000, 0x00000000e8000000, 0x00000000e8000000)
  to   space 21824K,   0% used [0x00000000e5560000, 0x00000000e5560000, 0x00000000e6ab0000)
 concurrent mark-sweep generation total 393216K, used 214742K [0x00000000e8000000, 0x0000000100000000, 0x0000000100000000)
 Metaspace       used 41055K, capacity 42247K, committed 42304K, reserved 1085440K
  class space    used 5111K, capacity 5444K, committed 5476K, reserved 1048576K
}
2019-02-21T18:52:14.399-0700: 211.626: [Rescan (parallel) , 0.0059003 secs]2019-02-21T18:52:14.405-0700: 211.632: [weak refs processing, 0.0004786 secs]2019-02-21T18:52:14.405-0700: 211.632: [class unloading, 0.0079977 secs]2019-02-21T18:52:14.413-0700: 211.640: [scrub symbol table, 0.0116850 secs]2019-02-21T18:52:14.425-0700: 211.652: [scrub string table, 0.0008276 secs][1 CMS-remark: 214742K(393216K)] 236566K(502464K), 0.0527097 secs] [Times: user=0.19 sys=0.00, real=0.05 secs] 
2019-02-21T18:52:14.426-0700: 211.653: Total time for which application threads were stopped: 0.0531482 seconds, Stopping threads took: 0.0000807 seconds
2019-02-21T18:52:14.426-0700: 211.653: [CMS-concurrent-sweep-start]
{Heap before GC invocations=91 (full 7):
 par new generation   total 109248K, used 109248K [0x00000000e0000000, 0x00000000e8000000, 0x00000000e8000000)
  eden space 87424K, 100% used [0x00000000e0000000, 0x00000000e5560000, 0x00000000e5560000)
  from space 21824K, 100% used [0x00000000e6ab0000, 0x00000000e8000000, 0x00000000e8000000)
  to   space 21824K,   0% used [0x00000000e5560000, 0x00000000e5560000, 0x00000000e6ab0000)
 concurrent mark-sweep generation total 393216K, used 189190K [0x00000000e8000000, 0x0000000100000000, 0x0000000100000000)
 Metaspace       used 41056K, capacity 42247K, committed 42304K, reserved 1085440K
  class space    used 5111K, capacity 5444K, committed 5476K, reserved 1048576K
2019-02-21T18:52:14.459-0700: 211.686: [GC (Allocation Failure) 2019-02-21T18:52:14.459-0700: 211.686: [ParNew
Desired survivor size 20112992 bytes, new threshold 8 (max 8)
- age   1:    1055288 bytes,    1055288 total
- age   2:    4915008 bytes,    5970296 total
- age   3:    5060200 bytes,   11030496 total
- age   4:    3875568 bytes,   14906064 total
: 109248K->21824K(109248K), 0.0173468 secs] 298438K->219161K(502464K), 0.0174409 secs] [Times: user=0.08 sys=0.00, real=0.02 secs] 
Heap after GC invocations=92 (full 7):
 par new generation   total 109248K, used 21824K [0x00000000e0000000, 0x00000000e8000000, 0x00000000e8000000)
  eden space 87424K,   0% used [0x00000000e0000000, 0x00000000e0000000, 0x00000000e5560000)
  from space 21824K, 100% used [0x00000000e5560000, 0x00000000e6ab0000, 0x00000000e6ab0000)
  to   space 21824K,   0% used [0x00000000e6ab0000, 0x00000000e6ab0000, 0x00000000e8000000)
 concurrent mark-sweep generation total 393216K, used 197337K [0x00000000e8000000, 0x0000000100000000, 0x0000000100000000)
 Metaspace       used 41056K, capacity 42247K, committed 42304K, reserved 1085440K
  class space    used 5111K, capacity 5444K, committed 5476K, reserved 1048576K
}
2019-02-21T18:52:14.476-0700: 211.703: Total time for which application threads were stopped: 0.0179698 seconds, Stopping threads took: 0.0000869 seconds
{Heap before GC invocations=92 (full 7):
 par new generation   total 109248K, used 109248K [0x00000000e0000000, 0x00000000e8000000, 0x00000000e8000000)
  eden space 87424K, 100% used [0x00000000e0000000, 0x00000000e5560000, 0x00000000e5560000)
  from space 21824K, 100% used [0x00000000e5560000, 0x00000000e6ab0000, 0x00000000e6ab0000)
  to   space 21824K,   0% used [0x00000000e6ab0000, 0x00000000e6ab0000, 0x00000000e8000000)
 concurrent mark-sweep generation total 393216K, used 169421K [0x00000000e8000000, 0x0000000100000000, 0x0000000100000000)
 Metaspace       used 41057K, capacity 42247K, committed 42304K, reserved 1085440K
  class space    used 5111K, capacity 5444K, committed 5476K, reserved 1048576K
2019-02-21T18:52:14.502-0700: 211.728: [GC (Allocation Failure) 2019-02-21T18:52:14.502-0700: 211.728: [ParNew
Desired survivor size 20112992 bytes, new threshold 8 (max 8)
- age   1:    1023432 bytes,    1023432 total
- age   2:     912640 bytes,    1936072 total
- age   3:    4847784 bytes,    6783856 total
- age   4:    5091648 bytes,   11875504 total
- age   5:    3875568 bytes,   15751072 total
: 109248K->20043K(109248K), 0.0112979 secs] 278669K->189465K(502464K), 0.0114028 secs] [Times: user=0.00 sys=0.00, real=0.01 secs] 
Heap after GC invocations=93 (full 7):
 par new generation   total 109248K, used 20043K [0x00000000e0000000, 0x00000000e8000000, 0x00000000e8000000)
  eden space 87424K,   0% used [0x00000000e0000000, 0x00000000e0000000, 0x00000000e5560000)
  from space 21824K,  91% used [0x00000000e6ab0000, 0x00000000e7e42e40, 0x00000000e8000000)
  to   space 21824K,   0% used [0x00000000e5560000, 0x00000000e5560000, 0x00000000e6ab0000)
 concurrent mark-sweep generation total 393216K, used 169421K [0x00000000e8000000, 0x0000000100000000, 0x0000000100000000)
 Metaspace       used 41057K, capacity 42247K, committed 42304K, reserved 1085440K
  class space    used 5111K, capacity 5444K, committed 5476K, reserved 1048576K
}
2019-02-21T18:52:14.513-0700: 211.740: Total time for which application threads were stopped: 0.0118947 seconds, Stopping threads took: 0.0000858 seconds
2019-02-21T18:52:14.533-0700: 211.759: [CMS-concurrent-sweep: 0.077/0.106 secs] [Times: user=0.59 sys=0.03, real=0.11 secs] 
2019-02-21T18:52:14.533-0700: 211.760: [CMS-concurrent-reset-start]
2019-02-21T18:52:14.533-0700: 211.760: [CMS-concurrent-reset: 0.001/0.001 secs] [Times: user=0.00 sys=0.00, real=0.00 secs] 
{Heap before GC invocations=93 (full 7):
 par new generation   total 109248K, used 107467K [0x00000000e0000000, 0x00000000e8000000, 0x00000000e8000000)
  eden space 87424K, 100% used [0x00000000e0000000, 0x00000000e5560000, 0x00000000e5560000)
  from space 21824K,  91% used [0x00000000e6ab0000, 0x00000000e7e42e40, 0x00000000e8000000)
  to   space 21824K,   0% used [0x00000000e5560000, 0x00000000e5560000, 0x00000000e6ab0000)
 concurrent mark-sweep generation total 393216K, used 148052K [0x00000000e8000000, 0x0000000100000000, 0x0000000100000000)
 Metaspace       used 41062K, capacity 42253K, committed 42304K, reserved 1085440K
  class space    used 5112K, capacity 5445K, committed 5476K, reserved 1048576K
2019-02-21T18:52:14.576-0700: 211.803: [GC (Allocation Failure) 2019-02-21T18:52:14.576-0700: 211.803: [ParNew
Desired survivor size 20112992 bytes, new threshold 8 (max 8)
- age   1:    2125344 bytes,    2125344 total
- age   2:     690000 bytes,    2815344 total
- age   3:     491128 bytes,    3306472 total
- age   4:    4737880 bytes,    8044352 total
- age   5:    4509304 bytes,   12553656 total
- age   6:    3873384 bytes,   16427040 total
: 107467K->21824K(109248K), 0.0121343 secs] 255519K->169876K(502464K), 0.0122273 secs] [Times: user=0.11 sys=0.00, real=0.01 secs] 
Heap after GC invocations=94 (full 7):
 par new generation   total 109248K, used 21824K [0x00000000e0000000, 0x00000000e8000000, 0x00000000e8000000)
  eden space 87424K,   0% used [0x00000000e0000000, 0x00000000e0000000, 0x00000000e5560000)
  from space 21824K, 100% used [0x00000000e5560000, 0x00000000e6ab0000, 0x00000000e6ab0000)
  to   space 21824K,   0% used [0x00000000e6ab0000, 0x00000000e6ab0000, 0x00000000e8000000)
 concurrent mark-sweep generation total 393216K, used 148052K [0x00000000e8000000, 0x0000000100000000, 0x0000000100000000)
 Metaspace       used 41062K, capacity 42253K, committed 42304K, reserved 1085440K
  class space    used 5112K, capacity 5445K, committed 5476K, reserved 1048576K
}
2019-02-21T18:52:14.589-0700: 211.815: Total time for which application threads were stopped: 0.0137479 seconds, Stopping threads took: 0.0011767 seconds
{Heap before GC invocations=94 (full 7):
 par new generation   total 109248K, used 109248K [0x00000000e0000000, 0x00000000e8000000, 0x00000000e8000000)
  eden space 87424K, 100% used [0x00000000e0000000, 0x00000000e5560000, 0x00000000e5560000)
  from space 21824K, 100% used [0x00000000e5560000, 0x00000000e6ab0000, 0x00000000e6ab0000)
  to   space 21824K,   0% used [0x00000000e6ab0000, 0x00000000e6ab0000, 0x00000000e8000000)
 concurrent mark-sweep generation total 393216K, used 148052K [0x00000000e8000000, 0x0000000100000000, 0x0000000100000000)
 Metaspace       used 41065K, capacity 42253K, committed 42304K, reserved 1085440K
  class space    used 5112K, capacity 5445K, committed 5476K, reserved 1048576K
2019-02-21T18:52:14.625-0700: 211.851: [GC (Allocation Failure) 2019-02-21T18:52:14.625-0700: 211.851: [ParNew
Desired survivor size 20112992 bytes, new threshold 8 (max 8)
- age   1:    1841192 bytes,    1841192 total
- age   2:    1617256 bytes,    3458448 total
- age   3:     643232 bytes,    4101680 total
- age   4:     479280 bytes,    4580960 total
- age   5:    4718272 bytes,    9299232 total
- age   6:    4468936 bytes,   13768168 total
- age   7:    3873328 bytes,   17641496 total
: 109248K->21824K(109248K), 0.0154592 secs] 257300K->169876K(502464K), 0.0155682 secs] [Times: user=0.09 sys=0.00, real=0.02 secs] 
Heap after GC invocations=95 (full 7):
 par new generation   total 109248K, used 21824K [0x00000000e0000000, 0x00000000e8000000, 0x00000000e8000000)
  eden space 87424K,   0% used [0x00000000e0000000, 0x00000000e0000000, 0x00000000e5560000)
  from space 21824K, 100% used [0x00000000e6ab0000, 0x00000000e8000000, 0x00000000e8000000)
  to   space 21824K,   0% used [0x00000000e5560000, 0x00000000e5560000, 0x00000000e6ab0000)
 concurrent mark-sweep generation total 393216K, used 148052K [0x00000000e8000000, 0x0000000100000000, 0x0000000100000000)
 Metaspace       used 41065K, capacity 42253K, committed 42304K, reserved 1085440K
  class space    used 5112K, capacity 5445K, committed 5476K, reserved 1048576K
}
2019-02-21T18:52:14.640-0700: 211.867: Total time for which application threads were stopped: 0.0161105 seconds, Stopping threads took: 0.0001280 seconds
{Heap before GC invocations=95 (full 7):
 par new generation   total 109248K, used 109248K [0x00000000e0000000, 0x00000000e8000000, 0x00000000e8000000)
  eden space 87424K, 100% used [0x00000000e0000000, 0x00000000e5560000, 0x00000000e5560000)
  from space 21824K, 100% used [0x00000000e6ab0000, 0x00000000e8000000, 0x00000000e8000000)
  to   space 21824K,   0% used [0x00000000e5560000, 0x00000000e5560000, 0x00000000e6ab0000)
 concurrent mark-sweep generation total 393216K, used 148052K [0x00000000e8000000, 0x0000000100000000, 0x0000000100000000)
 Metaspace       used 41068K, capacity 42253K, committed 42304K, reserved 1085440K
  class space    used 5112K, capacity 5445K, committed 5476K, reserved 1048576K
2019-02-21T18:52:14.678-0700: 211.905: [GC (Allocation Failure) 2019-02-21T18:52:14.679-0700: 211.905: [ParNew
Desired survivor size 20112992 bytes, new threshold 8 (max 8)
- age   1:    1809280 bytes,    1809280 total
- age   2:    1388992 bytes,    3198272 total
- age   3:    1585352 bytes,    4783624 total
- age   4:     594696 bytes,    5378320 total
- age   5:     470832 bytes,    5849152 total
- age   6:    4716808 bytes,   10565960 total
- age   7:    4501640 bytes,   15067600 total
- age   8:    3906112 bytes,   18973712 total
: 109248K->21824K(109248K), 0.0135222 secs] 257300K->169876K(502464K), 0.0136327 secs] [Times: user=0.06 sys=0.00, real=0.01 secs] 
Heap after GC invocations=96 (full 7):
 par new generation   total 109248K, used 21824K [0x00000000e0000000, 0x00000000e8000000, 0x00000000e8000000)
  eden space 87424K,   0% used [0x00000000e0000000, 0x00000000e0000000, 0x00000000e5560000)
  from space 21824K, 100% used [0x00000000e5560000, 0x00000000e6ab0000, 0x00000000e6ab0000)
  to   space 21824K,   0% used [0x00000000e6ab0000, 0x00000000e6ab0000, 0x00000000e8000000)
 concurrent mark-sweep generation total 393216K, used 148052K [0x00000000e8000000, 0x0000000100000000, 0x0000000100000000)
 Metaspace       used 41068K, capacity 42253K, committed 42304K, reserved 1085440K
  class space    used 5112K, capacity 5445K, committed 5476K, reserved 1048576K
}
2019-02-21T18:52:14.692-0700: 211.919: Total time for which application threads were stopped: 0.0139787 seconds, Stopping threads took: 0.0000437 seconds
{Heap before GC invocations=96 (full 7):
 par new generation   total 109248K, used 109248K [0x00000000e0000000, 0x00000000e8000000, 0x00000000e8000000)
  eden space 87424K, 100% used [0x00000000e0000000, 0x00000000e5560000, 0x00000000e5560000)
  from space 21824K, 100% used [0x00000000e5560000, 0x00000000e6ab0000, 0x00000000e6ab0000)
  to   space 21824K,   0% used [0x00000000e6ab0000, 0x00000000e6ab0000, 0x00000000e8000000)
 concurrent mark-sweep generation total 393216K, used 148052K [0x00000000e8000000, 0x0000000100000000, 0x0000000100000000)
 Metaspace       used 41073K, capacity 42253K, committed 42304K, reserved 1085440K
  class space    used 5112K, capacity 5445K, committed 5476K, reserved 1048576K
2019-02-21T18:52:14.758-0700: 211.984: [GC (Allocation Failure) 2019-02-21T18:52:14.758-0700: 211.984: [ParNew
Desired survivor size 20112992 bytes, new threshold 8 (max 8)
- age   1:    8700624 bytes,    8700624 total
- age   2:    1349936 bytes,   10050560 total
- age   3:     826440 bytes,   10877000 total
- age   4:     988784 bytes,   11865784 total
- age   5:     354520 bytes,   12220304 total
- age   6:     379016 bytes,   12599320 total
- age   7:    4708240 bytes,   17307560 total
- age   8:    3586280 bytes,   20893840 total
: 109248K->21824K(109248K), 0.0213878 secs] 257300K->180019K(502464K), 0.0215173 secs] [Times: user=0.06 sys=0.00, real=0.02 secs] 
Heap after GC invocations=97 (full 7):
 par new generation   total 109248K, used 21824K [0x00000000e0000000, 0x00000000e8000000, 0x00000000e8000000)
  eden space 87424K,   0% used [0x00000000e0000000, 0x00000000e0000000, 0x00000000e5560000)
  from space 21824K, 100% used [0x00000000e6ab0000, 0x00000000e8000000, 0x00000000e8000000)
  to   space 21824K,   0% used [0x00000000e5560000, 0x00000000e5560000, 0x00000000e6ab0000)
 concurrent mark-sweep generation total 393216K, used 158195K [0x00000000e8000000, 0x0000000100000000, 0x0000000100000000)
 Metaspace       used 41073K, capacity 42253K, committed 42304K, reserved 1085440K
  class space    used 5112K, capacity 5445K, committed 5476K, reserved 1048576K
}
2019-02-21T18:52:14.779-0700: 212.006: Total time for which application threads were stopped: 0.0218689 seconds, Stopping threads took: 0.0000411 seconds
2019-02-21T18:52:14.786-0700: 212.012: Total time for which application threads were stopped: 0.0002555 seconds, Stopping threads took: 0.0000555 seconds
2019-02-21T18:52:14.786-0700: 212.012: Total time for which application threads were stopped: 0.0001758 seconds, Stopping threads took: 0.0000463 seconds
2019-02-21T18:52:14.786-0700: 212.013: Total time for which application threads were stopped: 0.0001820 seconds, Stopping threads took: 0.0000571 seconds
2019-02-21T18:52:14.787-0700: 212.013: Total time for which application threads were stopped: 0.0001475 seconds, Stopping threads took: 0.0000396 seconds
2019-02-21T18:52:14.787-0700: 212.013: Total time for which application threads were stopped: 0.0001290 seconds, Stopping threads took: 0.0000401 seconds
{Heap before GC invocations=97 (full 7):
 par new generation   total 109248K, used 109248K [0x00000000e0000000, 0x00000000e8000000, 0x00000000e8000000)
  eden space 87424K, 100% used [0x00000000e0000000, 0x00000000e5560000, 0x00000000e5560000)
  from space 21824K, 100% used [0x00000000e6ab0000, 0x00000000e8000000, 0x00000000e8000000)
  to   space 21824K,   0% used [0x00000000e5560000, 0x00000000e5560000, 0x00000000e6ab0000)
 concurrent mark-sweep generation total 393216K, used 158195K [0x00000000e8000000, 0x0000000100000000, 0x0000000100000000)
 Metaspace       used 41089K, capacity 42253K, committed 42304K, reserved 1085440K
  class space    used 5112K, capacity 5445K, committed 5476K, reserved 1048576K
2019-02-21T18:52:14.863-0700: 212.089: [GC (Allocation Failure) 2019-02-21T18:52:14.863-0700: 212.089: [ParNew
Desired survivor size 20112992 bytes, new threshold 8 (max 8)
- age   1:    4839104 bytes,    4839104 total
- age   2:    7947824 bytes,   12786928 total
- age   3:    1338056 bytes,   14124984 total
- age   4:     800856 bytes,   14925840 total
- age   5:     937976 bytes,   15863816 total
- age   6:     338728 bytes,   16202544 total
- age   7:     358144 bytes,   16560688 total
- age   8:    4367240 bytes,   20927928 total
: 109248K->21824K(109248K), 0.0208079 secs] 267443K->183963K(502464K), 0.0210465 secs] [Times: user=0.06 sys=0.00, real=0.02 secs] 
Heap after GC invocations=98 (full 7):
 par new generation   total 109248K, used 21824K [0x00000000e0000000, 0x00000000e8000000, 0x00000000e8000000)
  eden space 87424K,   0% used [0x00000000e0000000, 0x00000000e0000000, 0x00000000e5560000)
  from space 21824K, 100% used [0x00000000e5560000, 0x00000000e6ab0000, 0x00000000e6ab0000)
  to   space 21824K,   0% used [0x00000000e6ab0000, 0x00000000e6ab0000, 0x00000000e8000000)
 concurrent mark-sweep generation total 393216K, used 162139K [0x00000000e8000000, 0x0000000100000000, 0x0000000100000000)
 Metaspace       used 41089K, capacity 42253K, committed 42304K, reserved 1085440K
  class space    used 5112K, capacity 5445K, committed 5476K, reserved 1048576K
}
2019-02-21T18:52:14.883-0700: 212.110: Total time for which application threads were stopped: 0.0215564 seconds, Stopping threads took: 0.0001054 seconds
2019-02-21T18:52:14.940-0700: 212.166: Total time for which application threads were stopped: 0.0005063 seconds, Stopping threads took: 0.0000997 seconds
2019-02-21T18:52:14.940-0700: 212.167: Total time for which application threads were stopped: 0.0001522 seconds, Stopping threads took: 0.0000648 seconds
2019-02-21T18:52:14.940-0700: 212.167: Total time for which application threads were stopped: 0.0001573 seconds, Stopping threads took: 0.0000437 seconds
2019-02-21T18:52:14.941-0700: 212.167: Total time for which application threads were stopped: 0.0001265 seconds, Stopping threads took: 0.0000499 seconds
2019-02-21T18:52:14.941-0700: 212.167: Total time for which application threads were stopped: 0.0001558 seconds, Stopping threads took: 0.0000632 seconds
2019-02-21T18:52:14.941-0700: 212.167: Total time for which application threads were stopped: 0.0001681 seconds, Stopping threads took: 0.0000730 seconds
{Heap before GC invocations=98 (full 7):
 par new generation   total 109248K, used 109248K [0x00000000e0000000, 0x00000000e8000000, 0x00000000e8000000)
  eden space 87424K, 100% used [0x00000000e0000000, 0x00000000e5560000, 0x00000000e5560000)
  from space 21824K, 100% used [0x00000000e5560000, 0x00000000e6ab0000, 0x00000000e6ab0000)
  to   space 21824K,   0% used [0x00000000e6ab0000, 0x00000000e6ab0000, 0x00000000e8000000)
 concurrent mark-sweep generation total 393216K, used 162139K [0x00000000e8000000, 0x0000000100000000, 0x0000000100000000)
 Metaspace       used 41097K, capacity 42259K, committed 42304K, reserved 1085440K
  class space    used 5112K, capacity 5446K, committed 5476K, reserved 1048576K
2019-02-21T18:52:14.947-0700: 212.174: [GC (Allocation Failure) 2019-02-21T18:52:14.947-0700: 212.174: [ParNew
Desired survivor size 20112992 bytes, new threshold 5 (max 8)
- age   1:    8834984 bytes,    8834984 total
- age   2:    3908128 bytes,   12743112 total
- age   3:    5903376 bytes,   18646488 total
- age   4:    1338056 bytes,   19984544 total
- age   5:     758784 bytes,   20743328 total
- age   6:     933992 bytes,   21677320 total
- age   7:     305112 bytes,   21982432 total
- age   8:     355944 bytes,   22338376 total
: 109248K->21824K(109248K), 0.0242932 secs] 271387K->194957K(502464K), 0.0244094 secs] [Times: user=0.11 sys=0.00, real=0.02 secs] 
Heap after GC invocations=99 (full 7):
 par new generation   total 109248K, used 21824K [0x00000000e0000000, 0x00000000e8000000, 0x00000000e8000000)
  eden space 87424K,   0% used [0x00000000e0000000, 0x00000000e0000000, 0x00000000e5560000)
  from space 21824K, 100% used [0x00000000e6ab0000, 0x00000000e8000000, 0x00000000e8000000)
  to   space 21824K,   0% used [0x00000000e5560000, 0x00000000e5560000, 0x00000000e6ab0000)
 concurrent mark-sweep generation total 393216K, used 173133K [0x00000000e8000000, 0x0000000100000000, 0x0000000100000000)
 Metaspace       used 41097K, capacity 42259K, committed 42304K, reserved 1085440K
  class space    used 5112K, capacity 5446K, committed 5476K, reserved 1048576K
}
2019-02-21T18:52:14.972-0700: 212.198: Total time for which application threads were stopped: 0.0247826 seconds, Stopping threads took: 0.0000884 seconds
2019-02-21T18:52:15.058-0700: 212.285: Total time for which application threads were stopped: 0.0004621 seconds, Stopping threads took: 0.0002709 seconds
2019-02-21T18:52:15.077-0700: 212.304: Total time for which application threads were stopped: 0.0002987 seconds, Stopping threads took: 0.0000694 seconds
2019-02-21T18:52:15.078-0700: 212.305: Total time for which application threads were stopped: 0.0002370 seconds, Stopping threads took: 0.0000776 seconds
2019-02-21T18:52:15.112-0700: 212.339: Total time for which application threads were stopped: 0.0004133 seconds, Stopping threads took: 0.0001516 seconds
2019-02-21T18:52:15.130-0700: 212.356: Total time for which application threads were stopped: 0.0008770 seconds, Stopping threads took: 0.0006986 seconds
{Heap before GC invocations=99 (full 7):
 par new generation   total 109248K, used 109248K [0x00000000e0000000, 0x00000000e8000000, 0x00000000e8000000)
  eden space 87424K, 100% used [0x00000000e0000000, 0x00000000e5560000, 0x00000000e5560000)
  from space 21824K, 100% used [0x00000000e6ab0000, 0x00000000e8000000, 0x00000000e8000000)
  to   space 21824K,   0% used [0x00000000e5560000, 0x00000000e5560000, 0x00000000e6ab0000)
 concurrent mark-sweep generation total 393216K, used 173133K [0x00000000e8000000, 0x0000000100000000, 0x0000000100000000)
 Metaspace       used 41115K, capacity 42411K, committed 42560K, reserved 1087488K
  class space    used 5114K, capacity 5450K, committed 5476K, reserved 1048576K
2019-02-21T18:52:15.164-0700: 212.391: [GC (Allocation Failure) 2019-02-21T18:52:15.164-0700: 212.391: [ParNew
Desired survivor size 20112992 bytes, new threshold 4 (max 8)
- age   1:    6147136 bytes,    6147136 total
- age   2:    6627752 bytes,   12774888 total
- age   3:    2838088 bytes,   15612976 total
- age   4:    5568344 bytes,   21181320 total
- age   5:    1158608 bytes,   22339928 total
: 109248K->21824K(109248K), 0.0362085 secs] 282381K->212631K(502464K), 0.0362795 secs] [Times: user=0.11 sys=0.00, real=0.04 secs] 
Heap after GC invocations=100 (full 7):
 par new generation   total 109248K, used 21824K [0x00000000e0000000, 0x00000000e8000000, 0x00000000e8000000)
  eden space 87424K,   0% used [0x00000000e0000000, 0x00000000e0000000, 0x00000000e5560000)
  from space 21824K, 100% used [0x00000000e5560000, 0x00000000e6ab0000, 0x00000000e6ab0000)
  to   space 21824K,   0% used [0x00000000e6ab0000, 0x00000000e6ab0000, 0x00000000e8000000)
 concurrent mark-sweep generation total 393216K, used 190807K [0x00000000e8000000, 0x0000000100000000, 0x0000000100000000)
 Metaspace       used 41115K, capacity 42411K, committed 42560K, reserved 1087488K
  class space    used 5114K, capacity 5450K, committed 5476K, reserved 1048576K
}
2019-02-21T18:52:15.200-0700: 212.427: Total time for which application threads were stopped: 0.0365797 seconds, Stopping threads took: 0.0000673 seconds
2019-02-21T18:52:15.273-0700: 212.499: Total time for which application threads were stopped: 0.0002884 seconds, Stopping threads took: 0.0000684 seconds
{Heap before GC invocations=100 (full 7):
 par new generation   total 109248K, used 109240K [0x00000000e0000000, 0x00000000e8000000, 0x00000000e8000000)
  eden space 87424K,  99% used [0x00000000e0000000, 0x00000000e555e068, 0x00000000e5560000)
  from space 21824K, 100% used [0x00000000e5560000, 0x00000000e6ab0000, 0x00000000e6ab0000)
  to   space 21824K,   0% used [0x00000000e6ab0000, 0x00000000e6ab0000, 0x00000000e8000000)
 concurrent mark-sweep generation total 393216K, used 190807K [0x00000000e8000000, 0x0000000100000000, 0x0000000100000000)
 Metaspace       used 41117K, capacity 42411K, committed 42560K, reserved 1087488K
  class space    used 5114K, capacity 5450K, committed 5476K, reserved 1048576K
2019-02-21T18:52:15.372-0700: 212.599: [GC (Allocation Failure) 2019-02-21T18:52:15.372-0700: 212.599: [ParNew
Desired survivor size 20112992 bytes, new threshold 8 (max 8)
- age   1:    3969152 bytes,    3969152 total
- age   2:    4821776 bytes,    8790928 total
- age   3:    6256840 bytes,   15047768 total
- age   4:    2142032 bytes,   17189800 total
: 109240K->21824K(109248K), 0.0235191 secs] 300047K->221653K(502464K), 0.0236183 secs] [Times: user=0.13 sys=0.00, real=0.02 secs] 
Heap after GC invocations=101 (full 7):
 par new generation   total 109248K, used 21824K [0x00000000e0000000, 0x00000000e8000000, 0x00000000e8000000)
  eden space 87424K,   0% used [0x00000000e0000000, 0x00000000e0000000, 0x00000000e5560000)
  from space 21824K, 100% used [0x00000000e6ab0000, 0x00000000e8000000, 0x00000000e8000000)
  to   space 21824K,   0% used [0x00000000e5560000, 0x00000000e5560000, 0x00000000e6ab0000)
 concurrent mark-sweep generation total 393216K, used 199829K [0x00000000e8000000, 0x0000000100000000, 0x0000000100000000)
 Metaspace       used 41117K, capacity 42411K, committed 42560K, reserved 1087488K
  class space    used 5114K, capacity 5450K, committed 5476K, reserved 1048576K
}
2019-02-21T18:52:15.396-0700: 212.622: Total time for which application threads were stopped: 0.0240182 seconds, Stopping threads took: 0.0000869 seconds
2019-02-21T18:52:15.396-0700: 212.623: [GC (CMS Initial Mark) [1 CMS-initial-mark: 199829K(393216K)] 222090K(502464K), 0.0037840 secs] [Times: user=0.00 sys=0.00, real=0.00 secs] 
2019-02-21T18:52:15.400-0700: 212.627: Total time for which application threads were stopped: 0.0040513 seconds, Stopping threads took: 0.0000874 seconds
2019-02-21T18:52:15.400-0700: 212.627: [CMS-concurrent-mark-start]
2019-02-21T18:52:15.435-0700: 212.661: [CMS-concurrent-mark: 0.035/0.035 secs] [Times: user=0.22 sys=0.00, real=0.03 secs] 
2019-02-21T18:52:15.435-0700: 212.661: [CMS-concurrent-preclean-start]
2019-02-21T18:52:15.443-0700: 212.670: [CMS-concurrent-preclean: 0.008/0.008 secs] [Times: user=0.06 sys=0.00, real=0.01 secs] 
2019-02-21T18:52:15.443-0700: 212.670: [CMS-concurrent-abortable-preclean-start]
{Heap before GC invocations=101 (full 8):
 par new generation   total 109248K, used 109248K [0x00000000e0000000, 0x00000000e8000000, 0x00000000e8000000)
  eden space 87424K, 100% used [0x00000000e0000000, 0x00000000e5560000, 0x00000000e5560000)
  from space 21824K, 100% used [0x00000000e6ab0000, 0x00000000e8000000, 0x00000000e8000000)
  to   space 21824K,   0% used [0x00000000e5560000, 0x00000000e5560000, 0x00000000e6ab0000)
 concurrent mark-sweep generation total 393216K, used 199829K [0x00000000e8000000, 0x0000000100000000, 0x0000000100000000)
 Metaspace       used 41117K, capacity 42411K, committed 42560K, reserved 1087488K
  class space    used 5114K, capacity 5450K, committed 5476K, reserved 1048576K
2019-02-21T18:52:15.552-0700: 212.779: [GC (Allocation Failure) 2019-02-21T18:52:15.552-0700: 212.779: [ParNew
Desired survivor size 20112992 bytes, new threshold 5 (max 8)
- age   1:    4265392 bytes,    4265392 total
- age   2:    3236256 bytes,    7501648 total
- age   3:    4555296 bytes,   12056944 total
- age   4:    6314696 bytes,   18371640 total
- age   5:    2112240 bytes,   20483880 total
: 109248K->21824K(109248K), 0.0191444 secs] 309077K->222086K(502464K), 0.0192874 secs] [Times: user=0.06 sys=0.00, real=0.02 secs] 
Heap after GC invocations=102 (full 8):
 par new generation   total 109248K, used 21824K [0x00000000e0000000, 0x00000000e8000000, 0x00000000e8000000)
  eden space 87424K,   0% used [0x00000000e0000000, 0x00000000e0000000, 0x00000000e5560000)
  from space 21824K, 100% used [0x00000000e5560000, 0x00000000e6ab0000, 0x00000000e6ab0000)
  to   space 21824K,   0% used [0x00000000e6ab0000, 0x00000000e6ab0000, 0x00000000e8000000)
 concurrent mark-sweep generation total 393216K, used 200262K [0x00000000e8000000, 0x0000000100000000, 0x0000000100000000)
 Metaspace       used 41117K, capacity 42411K, committed 42560K, reserved 1087488K
  class space    used 5114K, capacity 5450K, committed 5476K, reserved 1048576K
}
2019-02-21T18:52:15.571-0700: 212.798: Total time for which application threads were stopped: 0.0196986 seconds, Stopping threads took: 0.0000797 seconds
2019-02-21T18:52:15.710-0700: 212.936: [CMS-concurrent-abortable-preclean: 0.244/0.266 secs] [Times: user=1.02 sys=0.00, real=0.27 secs] 
2019-02-21T18:52:15.710-0700: 212.936: [GC (CMS Final Remark) [YG occupancy: 97800 K (109248 K)]{Heap before GC invocations=102 (full 8):
 par new generation   total 109248K, used 97800K [0x00000000e0000000, 0x00000000e8000000, 0x00000000e8000000)
  eden space 87424K,  86% used [0x00000000e0000000, 0x00000000e4a32380, 0x00000000e5560000)
  from space 21824K, 100% used [0x00000000e5560000, 0x00000000e6ab0000, 0x00000000e6ab0000)
  to   space 21824K,   0% used [0x00000000e6ab0000, 0x00000000e6ab0000, 0x00000000e8000000)
 concurrent mark-sweep generation total 393216K, used 200262K [0x00000000e8000000, 0x0000000100000000, 0x0000000100000000)
 Metaspace       used 41117K, capacity 42411K, committed 42560K, reserved 1087488K
  class space    used 5114K, capacity 5450K, committed 5476K, reserved 1048576K
2019-02-21T18:52:15.710-0700: 212.936: [GC (CMS Final Remark) 2019-02-21T18:52:15.710-0700: 212.936: [ParNew
Desired survivor size 20112992 bytes, new threshold 8 (max 8)
- age   1:    2597408 bytes,    2597408 total
- age   2:    3324200 bytes,    5921608 total
- age   3:    2821432 bytes,    8743040 total
- age   4:    2464176 bytes,   11207216 total
- age   5:    6246536 bytes,   17453752 total
: 97800K->21824K(109248K), 0.0157193 secs] 298062K->226599K(502464K), 0.0157872 secs] [Times: user=0.06 sys=0.00, real=0.02 secs] 
Heap after GC invocations=103 (full 8):
 par new generation   total 109248K, used 21824K [0x00000000e0000000, 0x00000000e8000000, 0x00000000e8000000)
  eden space 87424K,   0% used [0x00000000e0000000, 0x00000000e0000000, 0x00000000e5560000)
  from space 21824K, 100% used [0x00000000e6ab0000, 0x00000000e8000000, 0x00000000e8000000)
  to   space 21824K,   0% used [0x00000000e5560000, 0x00000000e5560000, 0x00000000e6ab0000)
 concurrent mark-sweep generation total 393216K, used 204775K [0x00000000e8000000, 0x0000000100000000, 0x0000000100000000)
 Metaspace       used 41117K, capacity 42411K, committed 42560K, reserved 1087488K
  class space    used 5114K, capacity 5450K, committed 5476K, reserved 1048576K
}
2019-02-21T18:52:15.726-0700: 212.952: [Rescan (parallel) , 0.0066992 secs]2019-02-21T18:52:15.733-0700: 212.959: [weak refs processing, 0.0005927 secs]2019-02-21T18:52:15.733-0700: 212.959: [class unloading, 0.0083997 secs]2019-02-21T18:52:15.742-0700: 212.968: [scrub symbol table, 0.0076245 secs]2019-02-21T18:52:15.749-0700: 212.976: [scrub string table, 0.0008220 secs][1 CMS-remark: 204775K(393216K)] 226599K(502464K), 0.0403014 secs] [Times: user=0.08 sys=0.02, real=0.04 secs] 
2019-02-21T18:52:15.750-0700: 212.977: Total time for which application threads were stopped: 0.0405641 seconds, Stopping threads took: 0.0001151 seconds
2019-02-21T18:52:15.750-0700: 212.977: [CMS-concurrent-sweep-start]
2019-02-21T18:52:15.836-0700: 213.063: [CMS-concurrent-sweep: 0.086/0.086 secs] [Times: user=0.31 sys=0.00, real=0.09 secs] 
2019-02-21T18:52:15.836-0700: 213.063: [CMS-concurrent-reset-start]
2019-02-21T18:52:15.837-0700: 213.064: [CMS-concurrent-reset: 0.001/0.001 secs] [Times: user=0.00 sys=0.00, real=0.00 secs] 
{Heap before GC invocations=103 (full 8):
 par new generation   total 109248K, used 109248K [0x00000000e0000000, 0x00000000e8000000, 0x00000000e8000000)
  eden space 87424K, 100% used [0x00000000e0000000, 0x00000000e5560000, 0x00000000e5560000)
  from space 21824K, 100% used [0x00000000e6ab0000, 0x00000000e8000000, 0x00000000e8000000)
  to   space 21824K,   0% used [0x00000000e5560000, 0x00000000e5560000, 0x00000000e6ab0000)
 concurrent mark-sweep generation total 393216K, used 84666K [0x00000000e8000000, 0x0000000100000000, 0x0000000100000000)
 Metaspace       used 41117K, capacity 42411K, committed 42560K, reserved 1087488K
  class space    used 5114K, capacity 5450K, committed 5476K, reserved 1048576K
2019-02-21T18:52:15.878-0700: 213.104: [GC (Allocation Failure) 2019-02-21T18:52:15.878-0700: 213.104: [ParNew
Desired survivor size 20112992 bytes, new threshold 6 (max 8)
- age   1:    6687768 bytes,    6687768 total
- age   2:    1726184 bytes,    8413952 total
- age   3:    3008856 bytes,   11422808 total
- age   4:    2499568 bytes,   13922376 total
- age   5:    2198280 bytes,   16120656 total
- age   6:    6184528 bytes,   22305184 total
: 109248K->21824K(109248K), 0.0152572 secs] 193914K->112119K(502464K), 0.0153230 secs] [Times: user=0.06 sys=0.00, real=0.01 secs] 
Heap after GC invocations=104 (full 8):
 par new generation   total 109248K, used 21824K [0x00000000e0000000, 0x00000000e8000000, 0x00000000e8000000)
  eden space 87424K,   0% used [0x00000000e0000000, 0x00000000e0000000, 0x00000000e5560000)
  from space 21824K, 100% used [0x00000000e5560000, 0x00000000e6ab0000, 0x00000000e6ab0000)
  to   space 21824K,   0% used [0x00000000e6ab0000, 0x00000000e6ab0000, 0x00000000e8000000)
 concurrent mark-sweep generation total 393216K, used 90295K [0x00000000e8000000, 0x0000000100000000, 0x0000000100000000)
 Metaspace       used 41117K, capacity 42411K, committed 42560K, reserved 1087488K
  class space    used 5114K, capacity 5450K, committed 5476K, reserved 1048576K
}
2019-02-21T18:52:15.893-0700: 213.120: Total time for which application threads were stopped: 0.0156602 seconds, Stopping threads took: 0.0001064 seconds
{Heap before GC invocations=104 (full 8):
 par new generation   total 109248K, used 109248K [0x00000000e0000000, 0x00000000e8000000, 0x00000000e8000000)
  eden space 87424K, 100% used [0x00000000e0000000, 0x00000000e5560000, 0x00000000e5560000)
  from space 21824K, 100% used [0x00000000e5560000, 0x00000000e6ab0000, 0x00000000e6ab0000)
  to   space 21824K,   0% used [0x00000000e6ab0000, 0x00000000e6ab0000, 0x00000000e8000000)
 concurrent mark-sweep generation total 393216K, used 90295K [0x00000000e8000000, 0x0000000100000000, 0x0000000100000000)
 Metaspace       used 41118K, capacity 42411K, committed 42560K, reserved 1087488K
  class space    used 5114K, capacity 5450K, committed 5476K, reserved 1048576K
2019-02-21T18:52:16.060-0700: 213.287: [GC (Allocation Failure) 2019-02-21T18:52:16.060-0700: 213.287: [ParNew
Desired survivor size 20112992 bytes, new threshold 8 (max 8)
- age   1:    4778288 bytes,    4778288 total
- age   2:    6119552 bytes,   10897840 total
- age   3:    1363448 bytes,   12261288 total
- age   4:    2899736 bytes,   15161024 total
- age   5:    2460496 bytes,   17621520 total
- age   6:    2183056 bytes,   19804576 total
: 109248K->21824K(109248K), 0.0178161 secs] 199543K->118165K(502464K), 0.0179159 secs] [Times: user=0.08 sys=0.00, real=0.02 secs] 
Heap after GC invocations=105 (full 8):
 par new generation   total 109248K, used 21824K [0x00000000e0000000, 0x00000000e8000000, 0x00000000e8000000)
  eden space 87424K,   0% used [0x00000000e0000000, 0x00000000e0000000, 0x00000000e5560000)
  from space 21824K, 100% used [0x00000000e6ab0000, 0x00000000e8000000, 0x00000000e8000000)
  to   space 21824K,   0% used [0x00000000e5560000, 0x00000000e5560000, 0x00000000e6ab0000)
 concurrent mark-sweep generation total 393216K, used 96341K [0x00000000e8000000, 0x0000000100000000, 0x0000000100000000)
 Metaspace       used 41118K, capacity 42411K, committed 42560K, reserved 1087488K
  class space    used 5114K, capacity 5450K, committed 5476K, reserved 1048576K
}
2019-02-21T18:52:16.078-0700: 213.305: Total time for which application threads were stopped: 0.0183898 seconds, Stopping threads took: 0.0001259 seconds
{Heap before GC invocations=105 (full 8):
 par new generation   total 109248K, used 109248K [0x00000000e0000000, 0x00000000e8000000, 0x00000000e8000000)
  eden space 87424K, 100% used [0x00000000e0000000, 0x00000000e5560000, 0x00000000e5560000)
  from space 21824K, 100% used [0x00000000e6ab0000, 0x00000000e8000000, 0x00000000e8000000)
  to   space 21824K,   0% used [0x00000000e5560000, 0x00000000e5560000, 0x00000000e6ab0000)
 concurrent mark-sweep generation total 393216K, used 96341K [0x00000000e8000000, 0x0000000100000000, 0x0000000100000000)
 Metaspace       used 41118K, capacity 42411K, committed 42560K, reserved 1087488K
  class space    used 5114K, capacity 5450K, committed 5476K, reserved 1048576K
2019-02-21T18:52:16.287-0700: 213.514: [GC (Allocation Failure) 2019-02-21T18:52:16.287-0700: 213.514: [ParNew
Desired survivor size 20112992 bytes, new threshold 8 (max 8)
- age   1:    3525816 bytes,    3525816 total
- age   2:    3017728 bytes,    6543544 total
- age   3:    5063856 bytes,   11607400 total
- age   4:     909784 bytes,   12517184 total
- age   5:    2778680 bytes,   15295864 total
- age   6:    2400376 bytes,   17696240 total
- age   7:    2201512 bytes,   19897752 total
: 109248K->21824K(109248K), 0.0123671 secs] 205589K->119526K(502464K), 0.0124638 secs] [Times: user=0.06 sys=0.00, real=0.01 secs] 
Heap after GC invocations=106 (full 8):
 par new generation   total 109248K, used 21824K [0x00000000e0000000, 0x00000000e8000000, 0x00000000e8000000)
  eden space 87424K,   0% used [0x00000000e0000000, 0x00000000e0000000, 0x00000000e5560000)
  from space 21824K, 100% used [0x00000000e5560000, 0x00000000e6ab0000, 0x00000000e6ab0000)
  to   space 21824K,   0% used [0x00000000e6ab0000, 0x00000000e6ab0000, 0x00000000e8000000)
 concurrent mark-sweep generation total 393216K, used 97702K [0x00000000e8000000, 0x0000000100000000, 0x0000000100000000)
 Metaspace       used 41118K, capacity 42411K, committed 42560K, reserved 1087488K
  class space    used 5114K, capacity 5450K, committed 5476K, reserved 1048576K
}
2019-02-21T18:52:16.300-0700: 213.526: Total time for which application threads were stopped: 0.0128833 seconds, Stopping threads took: 0.0001151 seconds
{Heap before GC invocations=106 (full 8):
 par new generation   total 109248K, used 109248K [0x00000000e0000000, 0x00000000e8000000, 0x00000000e8000000)
  eden space 87424K, 100% used [0x00000000e0000000, 0x00000000e5560000, 0x00000000e5560000)
  from space 21824K, 100% used [0x00000000e5560000, 0x00000000e6ab0000, 0x00000000e6ab0000)
  to   space 21824K,   0% used [0x00000000e6ab0000, 0x00000000e6ab0000, 0x00000000e8000000)
 concurrent mark-sweep generation total 393216K, used 97702K [0x00000000e8000000, 0x0000000100000000, 0x0000000100000000)
 Metaspace       used 41118K, capacity 42411K, committed 42560K, reserved 1087488K
  class space    used 5114K, capacity 5450K, committed 5476K, reserved 1048576K
2019-02-21T18:52:16.445-0700: 213.672: [GC (Allocation Failure) 2019-02-21T18:52:16.445-0700: 213.672: [ParNew
Desired survivor size 20112992 bytes, new threshold 8 (max 8)
- age   1:    2939488 bytes,    2939488 total
- age   2:    2821264 bytes,    5760752 total
- age   3:    2328168 bytes,    8088920 total
- age   4:    4256800 bytes,   12345720 total
- age   5:     902104 bytes,   13247824 total
- age   6:    2773848 bytes,   16021672 total
- age   7:    2379888 bytes,   18401560 total
- age   8:    2087824 bytes,   20489384 total
: 109248K->21824K(109248K), 0.0120402 secs] 206950K->120419K(502464K), 0.0121317 secs] [Times: user=0.06 sys=0.00, real=0.01 secs] 
Heap after GC invocations=107 (full 8):
 par new generation   total 109248K, used 21824K [0x00000000e0000000, 0x00000000e8000000, 0x00000000e8000000)
  eden space 87424K,   0% used [0x00000000e0000000, 0x00000000e0000000, 0x00000000e5560000)
  from space 21824K, 100% used [0x00000000e6ab0000, 0x00000000e8000000, 0x00000000e8000000)
  to   space 21824K,   0% used [0x00000000e5560000, 0x00000000e5560000, 0x00000000e6ab0000)
 concurrent mark-sweep generation total 393216K, used 98595K [0x00000000e8000000, 0x0000000100000000, 0x0000000100000000)
 Metaspace       used 41118K, capacity 42411K, committed 42560K, reserved 1087488K
  class space    used 5114K, capacity 5450K, committed 5476K, reserved 1048576K
}
2019-02-21T18:52:16.458-0700: 213.684: Total time for which application threads were stopped: 0.0124797 seconds, Stopping threads took: 0.0000596 seconds
2019-02-21T18:52:16.590-0700: 213.817: Total time for which application threads were stopped: 0.0002807 seconds, Stopping threads took: 0.0000946 seconds
{Heap before GC invocations=107 (full 8):
 par new generation   total 109248K, used 109248K [0x00000000e0000000, 0x00000000e8000000, 0x00000000e8000000)
  eden space 87424K, 100% used [0x00000000e0000000, 0x00000000e5560000, 0x00000000e5560000)
  from space 21824K, 100% used [0x00000000e6ab0000, 0x00000000e8000000, 0x00000000e8000000)
  to   space 21824K,   0% used [0x00000000e5560000, 0x00000000e5560000, 0x00000000e6ab0000)
 concurrent mark-sweep generation total 393216K, used 98595K [0x00000000e8000000, 0x0000000100000000, 0x0000000100000000)
 Metaspace       used 41131K, capacity 42411K, committed 42560K, reserved 1087488K
  class space    used 5114K, capacity 5450K, committed 5476K, reserved 1048576K
2019-02-21T18:52:16.652-0700: 213.879: [GC (Allocation Failure) 2019-02-21T18:52:16.652-0700: 213.879: [ParNew
Desired survivor size 20112992 bytes, new threshold 8 (max 8)
- age   1:    3738472 bytes,    3738472 total
- age   2:    1968296 bytes,    5706768 total
- age   3:    1596912 bytes,    7303680 total
- age   4:    2210064 bytes,    9513744 total
- age   5:    4031728 bytes,   13545472 total
- age   6:     789544 bytes,   14335016 total
- age   7:    2641856 bytes,   16976872 total
- age   8:    2375360 bytes,   19352232 total
: 109248K->21824K(109248K), 0.0159676 secs] 207843K->122665K(502464K), 0.0160663 secs] [Times: user=0.11 sys=0.00, real=0.02 secs] 
Heap after GC invocations=108 (full 8):
 par new generation   total 109248K, used 21824K [0x00000000e0000000, 0x00000000e8000000, 0x00000000e8000000)
  eden space 87424K,   0% used [0x00000000e0000000, 0x00000000e0000000, 0x00000000e5560000)
  from space 21824K, 100% used [0x00000000e5560000, 0x00000000e6ab0000, 0x00000000e6ab0000)
  to   space 21824K,   0% used [0x00000000e6ab0000, 0x00000000e6ab0000, 0x00000000e8000000)
 concurrent mark-sweep generation total 393216K, used 100841K [0x00000000e8000000, 0x0000000100000000, 0x0000000100000000)
 Metaspace       used 41131K, capacity 42411K, committed 42560K, reserved 1087488K
  class space    used 5114K, capacity 5450K, committed 5476K, reserved 1048576K
}
2019-02-21T18:52:16.668-0700: 213.895: Total time for which application threads were stopped: 0.0164631 seconds, Stopping threads took: 0.0000812 seconds
2019-02-21T18:52:16.743-0700: 213.970: Total time for which application threads were stopped: 0.0002539 seconds, Stopping threads took: 0.0000735 seconds
2019-02-21T18:52:16.743-0700: 213.970: Total time for which application threads were stopped: 0.0001311 seconds, Stopping threads took: 0.0000442 seconds
{Heap before GC invocations=108 (full 8):
 par new generation   total 109248K, used 109248K [0x00000000e0000000, 0x00000000e8000000, 0x00000000e8000000)
  eden space 87424K, 100% used [0x00000000e0000000, 0x00000000e5560000, 0x00000000e5560000)
  from space 21824K, 100% used [0x00000000e5560000, 0x00000000e6ab0000, 0x00000000e6ab0000)
  to   space 21824K,   0% used [0x00000000e6ab0000, 0x00000000e6ab0000, 0x00000000e8000000)
 concurrent mark-sweep generation total 393216K, used 100841K [0x00000000e8000000, 0x0000000100000000, 0x0000000100000000)
 Metaspace       used 41132K, capacity 42411K, committed 42560K, reserved 1087488K
  class space    used 5114K, capacity 5450K, committed 5476K, reserved 1048576K
2019-02-21T18:52:17.159-0700: 214.386: [GC (Allocation Failure) 2019-02-21T18:52:17.159-0700: 214.386: [ParNew
Desired survivor size 20112992 bytes, new threshold 8 (max 8)
- age   1:    5484736 bytes,    5484736 total
- age   2:    1876384 bytes,    7361120 total
- age   3:    1811688 bytes,    9172808 total
- age   4:    1449640 bytes,   10622448 total
- age   5:    1568912 bytes,   12191360 total
- age   6:    3683520 bytes,   15874880 total
- age   7:     715496 bytes,   16590376 total
- age   8:    2477504 bytes,   19067880 total
: 109248K->21824K(109248K), 0.0133413 secs] 210089K->125824K(502464K), 0.0134539 secs] [Times: user=0.03 sys=0.00, real=0.01 secs] 
Heap after GC invocations=109 (full 8):
 par new generation   total 109248K, used 21824K [0x00000000e0000000, 0x00000000e8000000, 0x00000000e8000000)
  eden space 87424K,   0% used [0x00000000e0000000, 0x00000000e0000000, 0x00000000e5560000)
  from space 21824K, 100% used [0x00000000e6ab0000, 0x00000000e8000000, 0x00000000e8000000)
  to   space 21824K,   0% used [0x00000000e5560000, 0x00000000e5560000, 0x00000000e6ab0000)
 concurrent mark-sweep generation total 393216K, used 104000K [0x00000000e8000000, 0x0000000100000000, 0x0000000100000000)
 Metaspace       used 41132K, capacity 42411K, committed 42560K, reserved 1087488K
  class space    used 5114K, capacity 5450K, committed 5476K, reserved 1048576K
}
2019-02-21T18:52:17.173-0700: 214.400: Total time for which application threads were stopped: 0.0138137 seconds, Stopping threads took: 0.0000314 seconds
{Heap before GC invocations=109 (full 8):
 par new generation   total 109248K, used 109248K [0x00000000e0000000, 0x00000000e8000000, 0x00000000e8000000)
  eden space 87424K, 100% used [0x00000000e0000000, 0x00000000e5560000, 0x00000000e5560000)
  from space 21824K, 100% used [0x00000000e6ab0000, 0x00000000e8000000, 0x00000000e8000000)
  to   space 21824K,   0% used [0x00000000e5560000, 0x00000000e5560000, 0x00000000e6ab0000)
 concurrent mark-sweep generation total 393216K, used 104000K [0x00000000e8000000, 0x0000000100000000, 0x0000000100000000)
 Metaspace       used 41132K, capacity 42411K, committed 42560K, reserved 1087488K
  class space    used 5114K, capacity 5450K, committed 5476K, reserved 1048576K
2019-02-21T18:52:17.677-0700: 214.904: [GC (Allocation Failure) 2019-02-21T18:52:17.677-0700: 214.904: [ParNew
Desired survivor size 20112992 bytes, new threshold 8 (max 8)
- age   1:    5621728 bytes,    5621728 total
- age   2:    4748264 bytes,   10369992 total
- age   3:    1717872 bytes,   12087864 total
- age   4:    1020400 bytes,   13108264 total
- age   5:    1304344 bytes,   14412608 total
- age   6:    1361488 bytes,   15774096 total
- age   7:    3458072 bytes,   19232168 total
- age   8:     683104 bytes,   19915272 total
: 109248K->21824K(109248K), 0.0141869 secs] 213248K->129479K(502464K), 0.0142871 secs] [Times: user=0.06 sys=0.00, real=0.01 secs] 
Heap after GC invocations=110 (full 8):
 par new generation   total 109248K, used 21824K [0x00000000e0000000, 0x00000000e8000000, 0x00000000e8000000)
  eden space 87424K,   0% used [0x00000000e0000000, 0x00000000e0000000, 0x00000000e5560000)
  from space 21824K, 100% used [0x00000000e5560000, 0x00000000e6ab0000, 0x00000000e6ab0000)
  to   space 21824K,   0% used [0x00000000e6ab0000, 0x00000000e6ab0000, 0x00000000e8000000)
 concurrent mark-sweep generation total 393216K, used 107655K [0x00000000e8000000, 0x0000000100000000, 0x0000000100000000)
 Metaspace       used 41132K, capacity 42411K, committed 42560K, reserved 1087488K
  class space    used 5114K, capacity 5450K, committed 5476K, reserved 1048576K
}
2019-02-21T18:52:17.691-0700: 214.918: Total time for which application threads were stopped: 0.0146562 seconds, Stopping threads took: 0.0000324 seconds
{Heap before GC invocations=110 (full 8):
 par new generation   total 109248K, used 109248K [0x00000000e0000000, 0x00000000e8000000, 0x00000000e8000000)
  eden space 87424K, 100% used [0x00000000e0000000, 0x00000000e5560000, 0x00000000e5560000)
  from space 21824K, 100% used [0x00000000e5560000, 0x00000000e6ab0000, 0x00000000e6ab0000)
  to   space 21824K,   0% used [0x00000000e6ab0000, 0x00000000e6ab0000, 0x00000000e8000000)
 concurrent mark-sweep generation total 393216K, used 107655K [0x00000000e8000000, 0x0000000100000000, 0x0000000100000000)
 Metaspace       used 41132K, capacity 42411K, committed 42560K, reserved 1087488K
  class space    used 5114K, capacity 5450K, committed 5476K, reserved 1048576K
2019-02-21T18:52:18.212-0700: 215.439: [GC (Allocation Failure) 2019-02-21T18:52:18.212-0700: 215.439: [ParNew
Desired survivor size 20112992 bytes, new threshold 8 (max 8)
- age   1:    5366216 bytes,    5366216 total
- age   2:    4306512 bytes,    9672728 total
- age   3:    3463384 bytes,   13136112 total
- age   4:    1639928 bytes,   14776040 total
- age   5:     840808 bytes,   15616848 total
- age   6:    1187232 bytes,   16804080 total
- age   7:    1321744 bytes,   18125824 total
- age   8:    2364248 bytes,   20490072 total
: 109248K->21824K(109248K), 0.0151420 secs] 216903K->132375K(502464K), 0.0152726 secs] [Times: user=0.06 sys=0.00, real=0.02 secs] 
Heap after GC invocations=111 (full 8):
 par new generation   total 109248K, used 21824K [0x00000000e0000000, 0x00000000e8000000, 0x00000000e8000000)
  eden space 87424K,   0% used [0x00000000e0000000, 0x00000000e0000000, 0x00000000e5560000)
  from space 21824K, 100% used [0x00000000e6ab0000, 0x00000000e8000000, 0x00000000e8000000)
  to   space 21824K,   0% used [0x00000000e5560000, 0x00000000e5560000, 0x00000000e6ab0000)
 concurrent mark-sweep generation total 393216K, used 110551K [0x00000000e8000000, 0x0000000100000000, 0x0000000100000000)
 Metaspace       used 41132K, capacity 42411K, committed 42560K, reserved 1087488K
  class space    used 5114K, capacity 5450K, committed 5476K, reserved 1048576K
}
2019-02-21T18:52:18.228-0700: 215.454: Total time for which application threads were stopped: 0.0156915 seconds, Stopping threads took: 0.0000689 seconds
{Heap before GC invocations=111 (full 8):
 par new generation   total 109248K, used 109248K [0x00000000e0000000, 0x00000000e8000000, 0x00000000e8000000)
  eden space 87424K, 100% used [0x00000000e0000000, 0x00000000e5560000, 0x00000000e5560000)
  from space 21824K, 100% used [0x00000000e6ab0000, 0x00000000e8000000, 0x00000000e8000000)
  to   space 21824K,   0% used [0x00000000e5560000, 0x00000000e5560000, 0x00000000e6ab0000)
 concurrent mark-sweep generation total 393216K, used 110551K [0x00000000e8000000, 0x0000000100000000, 0x0000000100000000)
 Metaspace       used 41132K, capacity 42411K, committed 42560K, reserved 1087488K
  class space    used 5114K, capacity 5450K, committed 5476K, reserved 1048576K
2019-02-21T18:52:18.715-0700: 215.941: [GC (Allocation Failure) 2019-02-21T18:52:18.715-0700: 215.941: [ParNew
Desired survivor size 20112992 bytes, new threshold 8 (max 8)
- age   1:    5113912 bytes,    5113912 total
- age   2:    3674824 bytes,    8788736 total
- age   3:    4048944 bytes,   12837680 total
- age   4:    3178792 bytes,   16016472 total
- age   5:    1562792 bytes,   17579264 total
- age   6:     836760 bytes,   18416024 total
- age   7:    1174816 bytes,   19590840 total
- age   8:    1171312 bytes,   20762152 total
: 109248K->21824K(109248K), 0.0147051 secs] 219799K->134688K(502464K), 0.0148007 secs] [Times: user=0.06 sys=0.00, real=0.02 secs] 
Heap after GC invocations=112 (full 8):
 par new generation   total 109248K, used 21824K [0x00000000e0000000, 0x00000000e8000000, 0x00000000e8000000)
  eden space 87424K,   0% used [0x00000000e0000000, 0x00000000e0000000, 0x00000000e5560000)
  from space 21824K, 100% used [0x00000000e5560000, 0x00000000e6ab0000, 0x00000000e6ab0000)
  to   space 21824K,   0% used [0x00000000e6ab0000, 0x00000000e6ab0000, 0x00000000e8000000)
 concurrent mark-sweep generation total 393216K, used 112864K [0x00000000e8000000, 0x0000000100000000, 0x0000000100000000)
 Metaspace       used 41132K, capacity 42411K, committed 42560K, reserved 1087488K
  class space    used 5114K, capacity 5450K, committed 5476K, reserved 1048576K
}
2019-02-21T18:52:18.730-0700: 215.956: Total time for which application threads were stopped: 0.0152397 seconds, Stopping threads took: 0.0000411 seconds
{Heap before GC invocations=112 (full 8):
 par new generation   total 109248K, used 109248K [0x00000000e0000000, 0x00000000e8000000, 0x00000000e8000000)
  eden space 87424K, 100% used [0x00000000e0000000, 0x00000000e5560000, 0x00000000e5560000)
  from space 21824K, 100% used [0x00000000e5560000, 0x00000000e6ab0000, 0x00000000e6ab0000)
  to   space 21824K,   0% used [0x00000000e6ab0000, 0x00000000e6ab0000, 0x00000000e8000000)
 concurrent mark-sweep generation total 393216K, used 112864K [0x00000000e8000000, 0x0000000100000000, 0x0000000100000000)
 Metaspace       used 41132K, capacity 42411K, committed 42560K, reserved 1087488K
  class space    used 5114K, capacity 5450K, committed 5476K, reserved 1048576K
2019-02-21T18:52:19.239-0700: 216.465: [GC (Allocation Failure) 2019-02-21T18:52:19.239-0700: 216.465: [ParNew
Desired survivor size 20112992 bytes, new threshold 7 (max 8)
- age   1:    5222816 bytes,    5222816 total
- age   2:    4568360 bytes,    9791176 total
- age   3:    3121168 bytes,   12912344 total
- age   4:    3497160 bytes,   16409504 total
- age   5:    2466360 bytes,   18875864 total
- age   6:    1070584 bytes,   19946448 total
- age   7:     754184 bytes,   20700632 total
- age   8:    1062168 bytes,   21762800 total
: 109248K->21824K(109248K), 0.0144264 secs] 222112K->136985K(502464K), 0.0145195 secs] [Times: user=0.05 sys=0.00, real=0.01 secs] 
Heap after GC invocations=113 (full 8):
 par new generation   total 109248K, used 21824K [0x00000000e0000000, 0x00000000e8000000, 0x00000000e8000000)
  eden space 87424K,   0% used [0x00000000e0000000, 0x00000000e0000000, 0x00000000e5560000)
  from space 21824K, 100% used [0x00000000e6ab0000, 0x00000000e8000000, 0x00000000e8000000)
  to   space 21824K,   0% used [0x00000000e5560000, 0x00000000e5560000, 0x00000000e6ab0000)
 concurrent mark-sweep generation total 393216K, used 115161K [0x00000000e8000000, 0x0000000100000000, 0x0000000100000000)
 Metaspace       used 41132K, capacity 42411K, committed 42560K, reserved 1087488K
  class space    used 5114K, capacity 5450K, committed 5476K, reserved 1048576K
}
2019-02-21T18:52:19.253-0700: 216.480: Total time for which application threads were stopped: 0.0148521 seconds, Stopping threads took: 0.0000483 seconds
{Heap before GC invocations=113 (full 8):
 par new generation   total 109248K, used 109229K [0x00000000e0000000, 0x00000000e8000000, 0x00000000e8000000)
  eden space 87424K,  99% used [0x00000000e0000000, 0x00000000e555b6c0, 0x00000000e5560000)
  from space 21824K, 100% used [0x00000000e6ab0000, 0x00000000e8000000, 0x00000000e8000000)
  to   space 21824K,   0% used [0x00000000e5560000, 0x00000000e5560000, 0x00000000e6ab0000)
 concurrent mark-sweep generation total 393216K, used 115161K [0x00000000e8000000, 0x0000000100000000, 0x0000000100000000)
 Metaspace       used 41132K, capacity 42411K, committed 42560K, reserved 1087488K
  class space    used 5114K, capacity 5450K, committed 5476K, reserved 1048576K
2019-02-21T18:52:19.777-0700: 217.004: [GC (Allocation Failure) 2019-02-21T18:52:19.777-0700: 217.004: [ParNew
Desired survivor size 20112992 bytes, new threshold 6 (max 8)
- age   1:    5415744 bytes,    5415744 total
- age   2:    4770864 bytes,   10186608 total
- age   3:    2411600 bytes,   12598208 total
- age   4:    2857792 bytes,   15456000 total
- age   5:    3407648 bytes,   18863648 total
- age   6:    2180592 bytes,   21044240 total
- age   7:    1054456 bytes,   22098696 total
: 109229K->21824K(109248K), 0.0138995 secs] 224391K->139840K(502464K), 0.0140209 secs] [Times: user=0.06 sys=0.00, real=0.01 secs] 
Heap after GC invocations=114 (full 8):
 par new generation   total 109248K, used 21824K [0x00000000e0000000, 0x00000000e8000000, 0x00000000e8000000)
  eden space 87424K,   0% used [0x00000000e0000000, 0x00000000e0000000, 0x00000000e5560000)
  from space 21824K, 100% used [0x00000000e5560000, 0x00000000e6ab0000, 0x00000000e6ab0000)
  to   space 21824K,   0% used [0x00000000e6ab0000, 0x00000000e6ab0000, 0x00000000e8000000)
 concurrent mark-sweep generation total 393216K, used 118016K [0x00000000e8000000, 0x0000000100000000, 0x0000000100000000)
 Metaspace       used 41132K, capacity 42411K, committed 42560K, reserved 1087488K
  class space    used 5114K, capacity 5450K, committed 5476K, reserved 1048576K
}
2019-02-21T18:52:19.791-0700: 217.018: Total time for which application threads were stopped: 0.0144079 seconds, Stopping threads took: 0.0000314 seconds
{Heap before GC invocations=114 (full 8):
 par new generation   total 109248K, used 109248K [0x00000000e0000000, 0x00000000e8000000, 0x00000000e8000000)
  eden space 87424K, 100% used [0x00000000e0000000, 0x00000000e5560000, 0x00000000e5560000)
  from space 21824K, 100% used [0x00000000e5560000, 0x00000000e6ab0000, 0x00000000e6ab0000)
  to   space 21824K,   0% used [0x00000000e6ab0000, 0x00000000e6ab0000, 0x00000000e8000000)
 concurrent mark-sweep generation total 393216K, used 118016K [0x00000000e8000000, 0x0000000100000000, 0x0000000100000000)
 Metaspace       used 41132K, capacity 42411K, committed 42560K, reserved 1087488K
  class space    used 5114K, capacity 5450K, committed 5476K, reserved 1048576K
2019-02-21T18:52:20.306-0700: 217.533: [GC (Allocation Failure) 2019-02-21T18:52:20.306-0700: 217.533: [ParNew
Desired survivor size 20112992 bytes, new threshold 6 (max 8)
- age   1:    5116040 bytes,    5116040 total
- age   2:    4210712 bytes,    9326752 total
- age   3:    3456496 bytes,   12783248 total
- age   4:    2161784 bytes,   14945032 total
- age   5:    2798712 bytes,   17743744 total
- age   6:    3367984 bytes,   21111728 total
: 109248K->21824K(109248K), 0.0139407 secs] 227264K->143564K(502464K), 0.0140311 secs] [Times: user=0.06 sys=0.00, real=0.02 secs] 
Heap after GC invocations=115 (full 8):
 par new generation   total 109248K, used 21824K [0x00000000e0000000, 0x00000000e8000000, 0x00000000e8000000)
  eden space 87424K,   0% used [0x00000000e0000000, 0x00000000e0000000, 0x00000000e5560000)
  from space 21824K, 100% used [0x00000000e6ab0000, 0x00000000e8000000, 0x00000000e8000000)
  to   space 21824K,   0% used [0x00000000e5560000, 0x00000000e5560000, 0x00000000e6ab0000)
 concurrent mark-sweep generation total 393216K, used 121740K [0x00000000e8000000, 0x0000000100000000, 0x0000000100000000)
 Metaspace       used 41132K, capacity 42411K, committed 42560K, reserved 1087488K
  class space    used 5114K, capacity 5450K, committed 5476K, reserved 1048576K
}
2019-02-21T18:52:20.321-0700: 217.547: Total time for which application threads were stopped: 0.0143468 seconds, Stopping threads took: 0.0000324 seconds
{Heap before GC invocations=115 (full 8):
 par new generation   total 109248K, used 109248K [0x00000000e0000000, 0x00000000e8000000, 0x00000000e8000000)
  eden space 87424K, 100% used [0x00000000e0000000, 0x00000000e5560000, 0x00000000e5560000)
  from space 21824K, 100% used [0x00000000e6ab0000, 0x00000000e8000000, 0x00000000e8000000)
  to   space 21824K,   0% used [0x00000000e5560000, 0x00000000e5560000, 0x00000000e6ab0000)
 concurrent mark-sweep generation total 393216K, used 121740K [0x00000000e8000000, 0x0000000100000000, 0x0000000100000000)
 Metaspace       used 41132K, capacity 42411K, committed 42560K, reserved 1087488K
  class space    used 5114K, capacity 5450K, committed 5476K, reserved 1048576K
2019-02-21T18:52:20.863-0700: 218.090: [GC (Allocation Failure) 2019-02-21T18:52:20.863-0700: 218.090: [ParNew
Desired survivor size 20112992 bytes, new threshold 8 (max 8)
- age   1:    6288072 bytes,    6288072 total
- age   2:    3675584 bytes,    9963656 total
- age   3:    2981592 bytes,   12945248 total
- age   4:    2292376 bytes,   15237624 total
- age   5:    2149352 bytes,   17386976 total
- age   6:    2573848 bytes,   19960824 total
: 109248K->21824K(109248K), 0.0131017 secs] 230988K->148322K(502464K), 0.0132200 secs] [Times: user=0.06 sys=0.00, real=0.01 secs] 
Heap after GC invocations=116 (full 8):
 par new generation   total 109248K, used 21824K [0x00000000e0000000, 0x00000000e8000000, 0x00000000e8000000)
  eden space 87424K,   0% used [0x00000000e0000000, 0x00000000e0000000, 0x00000000e5560000)
  from space 21824K, 100% used [0x00000000e5560000, 0x00000000e6ab0000, 0x00000000e6ab0000)
  to   space 21824K,   0% used [0x00000000e6ab0000, 0x00000000e6ab0000, 0x00000000e8000000)
 concurrent mark-sweep generation total 393216K, used 126498K [0x00000000e8000000, 0x0000000100000000, 0x0000000100000000)
 Metaspace       used 41132K, capacity 42411K, committed 42560K, reserved 1087488K
  class space    used 5114K, capacity 5450K, committed 5476K, reserved 1048576K
}
2019-02-21T18:52:20.876-0700: 218.103: Total time for which application threads were stopped: 0.0136081 seconds, Stopping threads took: 0.0000360 seconds
{Heap before GC invocations=116 (full 8):
 par new generation   total 109248K, used 109248K [0x00000000e0000000, 0x00000000e8000000, 0x00000000e8000000)
  eden space 87424K, 100% used [0x00000000e0000000, 0x00000000e5560000, 0x00000000e5560000)
  from space 21824K, 100% used [0x00000000e5560000, 0x00000000e6ab0000, 0x00000000e6ab0000)
  to   space 21824K,   0% used [0x00000000e6ab0000, 0x00000000e6ab0000, 0x00000000e8000000)
 concurrent mark-sweep generation total 393216K, used 126498K [0x00000000e8000000, 0x0000000100000000, 0x0000000100000000)
 Metaspace       used 41132K, capacity 42411K, committed 42560K, reserved 1087488K
  class space    used 5114K, capacity 5450K, committed 5476K, reserved 1048576K
2019-02-21T18:52:21.396-0700: 218.622: [GC (Allocation Failure) 2019-02-21T18:52:21.396-0700: 218.622: [ParNew
Desired survivor size 20112992 bytes, new threshold 6 (max 8)
- age   1:    8625680 bytes,    8625680 total
- age   2:    4612304 bytes,   13237984 total
- age   3:    1973256 bytes,   15211240 total
- age   4:    1727824 bytes,   16939064 total
- age   5:    2048840 bytes,   18987904 total
- age   6:    1600264 bytes,   20588168 total
- age   7:    1742512 bytes,   22330680 total
: 109248K->21824K(109248K), 0.0160010 secs] 235746K->153739K(502464K), 0.0161125 secs] [Times: user=0.05 sys=0.00, real=0.02 secs] 
Heap after GC invocations=117 (full 8):
 par new generation   total 109248K, used 21824K [0x00000000e0000000, 0x00000000e8000000, 0x00000000e8000000)
  eden space 87424K,   0% used [0x00000000e0000000, 0x00000000e0000000, 0x00000000e5560000)
  from space 21824K, 100% used [0x00000000e6ab0000, 0x00000000e8000000, 0x00000000e8000000)
  to   space 21824K,   0% used [0x00000000e5560000, 0x00000000e5560000, 0x00000000e6ab0000)
 concurrent mark-sweep generation total 393216K, used 131915K [0x00000000e8000000, 0x0000000100000000, 0x0000000100000000)
 Metaspace       used 41132K, capacity 42411K, committed 42560K, reserved 1087488K
  class space    used 5114K, capacity 5450K, committed 5476K, reserved 1048576K
}
2019-02-21T18:52:21.412-0700: 218.638: Total time for which application threads were stopped: 0.0164657 seconds, Stopping threads took: 0.0000473 seconds
{Heap before GC invocations=117 (full 8):
 par new generation   total 109248K, used 109198K [0x00000000e0000000, 0x00000000e8000000, 0x00000000e8000000)
  eden space 87424K,  99% used [0x00000000e0000000, 0x00000000e55539e8, 0x00000000e5560000)
  from space 21824K, 100% used [0x00000000e6ab0000, 0x00000000e8000000, 0x00000000e8000000)
  to   space 21824K,   0% used [0x00000000e5560000, 0x00000000e5560000, 0x00000000e6ab0000)
 concurrent mark-sweep generation total 393216K, used 131915K [0x00000000e8000000, 0x0000000100000000, 0x0000000100000000)
 Metaspace       used 41132K, capacity 42411K, committed 42560K, reserved 1087488K
  class space    used 5114K, capacity 5450K, committed 5476K, reserved 1048576K
2019-02-21T18:52:22.014-0700: 219.240: [GC (Allocation Failure) 2019-02-21T18:52:22.014-0700: 219.240: [ParNew
Desired survivor size 20112992 bytes, new threshold 6 (max 8)
- age   1:    5056320 bytes,    5056320 total
- age   2:    7926176 bytes,   12982496 total
- age   3:    3300016 bytes,   16282512 total
- age   4:    1973064 bytes,   18255576 total
- age   5:    1727224 bytes,   19982800 total
- age   6:    2032960 bytes,   22015760 total
: 109198K->21824K(109248K), 0.0140137 secs] 241113K->158758K(502464K), 0.0141386 secs] [Times: user=0.06 sys=0.00, real=0.01 secs] 
Heap after GC invocations=118 (full 8):
 par new generation   total 109248K, used 21824K [0x00000000e0000000, 0x00000000e8000000, 0x00000000e8000000)
  eden space 87424K,   0% used [0x00000000e0000000, 0x00000000e0000000, 0x00000000e5560000)
  from space 21824K, 100% used [0x00000000e5560000, 0x00000000e6ab0000, 0x00000000e6ab0000)
  to   space 21824K,   0% used [0x00000000e6ab0000, 0x00000000e6ab0000, 0x00000000e8000000)
 concurrent mark-sweep generation total 393216K, used 136934K [0x00000000e8000000, 0x0000000100000000, 0x0000000100000000)
 Metaspace       used 41132K, capacity 42411K, committed 42560K, reserved 1087488K
  class space    used 5114K, capacity 5450K, committed 5476K, reserved 1048576K
}
2019-02-21T18:52:22.028-0700: 219.255: Total time for which application threads were stopped: 0.0145308 seconds, Stopping threads took: 0.0000452 seconds
{Heap before GC invocations=118 (full 8):
 par new generation   total 109248K, used 109248K [0x00000000e0000000, 0x00000000e8000000, 0x00000000e8000000)
  eden space 87424K, 100% used [0x00000000e0000000, 0x00000000e5560000, 0x00000000e5560000)
  from space 21824K, 100% used [0x00000000e5560000, 0x00000000e6ab0000, 0x00000000e6ab0000)
  to   space 21824K,   0% used [0x00000000e6ab0000, 0x00000000e6ab0000, 0x00000000e8000000)
 concurrent mark-sweep generation total 393216K, used 136934K [0x00000000e8000000, 0x0000000100000000, 0x0000000100000000)
 Metaspace       used 41132K, capacity 42411K, committed 42560K, reserved 1087488K
  class space    used 5114K, capacity 5450K, committed 5476K, reserved 1048576K
2019-02-21T18:52:22.527-0700: 219.754: [GC (Allocation Failure) 2019-02-21T18:52:22.527-0700: 219.754: [ParNew
Desired survivor size 20112992 bytes, new threshold 5 (max 8)
- age   1:    5731808 bytes,    5731808 total
- age   2:    4027408 bytes,    9759216 total
- age   3:    5672928 bytes,   15432144 total
- age   4:    2835056 bytes,   18267200 total
- age   5:    1942624 bytes,   20209824 total
- age   6:    1710648 bytes,   21920472 total
: 109248K->21824K(109248K), 0.0142604 secs] 246182K->162623K(502464K), 0.0143761 secs] [Times: user=0.06 sys=0.00, real=0.02 secs] 
Heap after GC invocations=119 (full 8):
 par new generation   total 109248K, used 21824K [0x00000000e0000000, 0x00000000e8000000, 0x00000000e8000000)
  eden space 87424K,   0% used [0x00000000e0000000, 0x00000000e0000000, 0x00000000e5560000)
  from space 21824K, 100% used [0x00000000e6ab0000, 0x00000000e8000000, 0x00000000e8000000)
  to   space 21824K,   0% used [0x00000000e5560000, 0x00000000e5560000, 0x00000000e6ab0000)
 concurrent mark-sweep generation total 393216K, used 140799K [0x00000000e8000000, 0x0000000100000000, 0x0000000100000000)
 Metaspace       used 41132K, capacity 42411K, committed 42560K, reserved 1087488K
  class space    used 5114K, capacity 5450K, committed 5476K, reserved 1048576K
}
2019-02-21T18:52:22.542-0700: 219.768: Total time for which application threads were stopped: 0.0148567 seconds, Stopping threads took: 0.0000679 seconds
{Heap before GC invocations=119 (full 8):
 par new generation   total 109248K, used 109248K [0x00000000e0000000, 0x00000000e8000000, 0x00000000e8000000)
  eden space 87424K, 100% used [0x00000000e0000000, 0x00000000e5560000, 0x00000000e5560000)
  from space 21824K, 100% used [0x00000000e6ab0000, 0x00000000e8000000, 0x00000000e8000000)
  to   space 21824K,   0% used [0x00000000e5560000, 0x00000000e5560000, 0x00000000e6ab0000)
 concurrent mark-sweep generation total 393216K, used 140799K [0x00000000e8000000, 0x0000000100000000, 0x0000000100000000)
 Metaspace       used 41132K, capacity 42411K, committed 42560K, reserved 1087488K
  class space    used 5114K, capacity 5450K, committed 5476K, reserved 1048576K
2019-02-21T18:52:23.043-0700: 220.270: [GC (Allocation Failure) 2019-02-21T18:52:23.043-0700: 220.270: [ParNew
Desired survivor size 20112992 bytes, new threshold 5 (max 8)
- age   1:    6489792 bytes,    6489792 total
- age   2:    5575736 bytes,   12065528 total
- age   3:    2267312 bytes,   14332840 total
- age   4:    5672768 bytes,   20005608 total
- age   5:    1706528 bytes,   21712136 total
: 109248K->21824K(109248K), 0.0137571 secs] 250047K->165869K(502464K), 0.0138507 secs] [Times: user=0.06 sys=0.00, real=0.01 secs] 
Heap after GC invocations=120 (full 8):
 par new generation   total 109248K, used 21824K [0x00000000e0000000, 0x00000000e8000000, 0x00000000e8000000)
  eden space 87424K,   0% used [0x00000000e0000000, 0x00000000e0000000, 0x00000000e5560000)
  from space 21824K, 100% used [0x00000000e5560000, 0x00000000e6ab0000, 0x00000000e6ab0000)
  to   space 21824K,   0% used [0x00000000e6ab0000, 0x00000000e6ab0000, 0x00000000e8000000)
 concurrent mark-sweep generation total 393216K, used 144045K [0x00000000e8000000, 0x0000000100000000, 0x0000000100000000)
 Metaspace       used 41132K, capacity 42411K, committed 42560K, reserved 1087488K
  class space    used 5114K, capacity 5450K, committed 5476K, reserved 1048576K
}
2019-02-21T18:52:23.057-0700: 220.284: Total time for which application threads were stopped: 0.0142465 seconds, Stopping threads took: 0.0001033 seconds
{Heap before GC invocations=120 (full 8):
 par new generation   total 109248K, used 109248K [0x00000000e0000000, 0x00000000e8000000, 0x00000000e8000000)
  eden space 87424K, 100% used [0x00000000e0000000, 0x00000000e5560000, 0x00000000e5560000)
  from space 21824K, 100% used [0x00000000e5560000, 0x00000000e6ab0000, 0x00000000e6ab0000)
  to   space 21824K,   0% used [0x00000000e6ab0000, 0x00000000e6ab0000, 0x00000000e8000000)
 concurrent mark-sweep generation total 393216K, used 144045K [0x00000000e8000000, 0x0000000100000000, 0x0000000100000000)
 Metaspace       used 41132K, capacity 42411K, committed 42560K, reserved 1087488K
  class space    used 5114K, capacity 5450K, committed 5476K, reserved 1048576K
2019-02-21T18:52:23.548-0700: 220.775: [GC (Allocation Failure) 2019-02-21T18:52:23.548-0700: 220.775: [ParNew
Desired survivor size 20112992 bytes, new threshold 5 (max 8)
- age   1:    8083952 bytes,    8083952 total
- age   2:    2806016 bytes,   10889968 total
- age   3:    3849824 bytes,   14739792 total
- age   4:    1978272 bytes,   16718064 total
- age   5:    5613104 bytes,   22331168 total
: 109248K->21824K(109248K), 0.0165223 secs] 253293K->171932K(502464K), 0.0166132 secs] [Times: user=0.00 sys=0.00, real=0.02 secs] 
Heap after GC invocations=121 (full 8):
 par new generation   total 109248K, used 21824K [0x00000000e0000000, 0x00000000e8000000, 0x00000000e8000000)
  eden space 87424K,   0% used [0x00000000e0000000, 0x00000000e0000000, 0x00000000e5560000)
  from space 21824K, 100% used [0x00000000e6ab0000, 0x00000000e8000000, 0x00000000e8000000)
  to   space 21824K,   0% used [0x00000000e5560000, 0x00000000e5560000, 0x00000000e6ab0000)
 concurrent mark-sweep generation total 393216K, used 150108K [0x00000000e8000000, 0x0000000100000000, 0x0000000100000000)
 Metaspace       used 41132K, capacity 42411K, committed 42560K, reserved 1087488K
  class space    used 5114K, capacity 5450K, committed 5476K, reserved 1048576K
}
2019-02-21T18:52:23.565-0700: 220.792: Total time for which application threads were stopped: 0.0169273 seconds, Stopping threads took: 0.0000319 seconds
2019-02-21T18:52:23.583-0700: 220.810: Total time for which application threads were stopped: 0.0003213 seconds, Stopping threads took: 0.0001702 seconds
{Heap before GC invocations=121 (full 8):
 par new generation   total 109248K, used 109216K [0x00000000e0000000, 0x00000000e8000000, 0x00000000e8000000)
  eden space 87424K,  99% used [0x00000000e0000000, 0x00000000e5558210, 0x00000000e5560000)
  from space 21824K, 100% used [0x00000000e6ab0000, 0x00000000e8000000, 0x00000000e8000000)
  to   space 21824K,   0% used [0x00000000e5560000, 0x00000000e5560000, 0x00000000e6ab0000)
 concurrent mark-sweep generation total 393216K, used 150108K [0x00000000e8000000, 0x0000000100000000, 0x0000000100000000)
 Metaspace       used 41133K, capacity 42411K, committed 42560K, reserved 1087488K
  class space    used 5114K, capacity 5450K, committed 5476K, reserved 1048576K
2019-02-21T18:52:23.722-0700: 220.949: [GC (Allocation Failure) 2019-02-21T18:52:23.722-0700: 220.949: [ParNew
Desired survivor size 20112992 bytes, new threshold 4 (max 8)
- age   1:    6131304 bytes,    6131304 total
- age   2:    7707136 bytes,   13838440 total
- age   3:    2741080 bytes,   16579520 total
- age   4:    3794664 bytes,   20374184 total
- age   5:    1941104 bytes,   22315288 total
: 109216K->21824K(109248K), 0.0233715 secs] 259324K->186299K(502464K), 0.0234774 secs] [Times: user=0.08 sys=0.00, real=0.02 secs] 
Heap after GC invocations=122 (full 8):
 par new generation   total 109248K, used 21824K [0x00000000e0000000, 0x00000000e8000000, 0x00000000e8000000)
  eden space 87424K,   0% used [0x00000000e0000000, 0x00000000e0000000, 0x00000000e5560000)
  from space 21824K, 100% used [0x00000000e5560000, 0x00000000e6ab0000, 0x00000000e6ab0000)
  to   space 21824K,   0% used [0x00000000e6ab0000, 0x00000000e6ab0000, 0x00000000e8000000)
 concurrent mark-sweep generation total 393216K, used 164475K [0x00000000e8000000, 0x0000000100000000, 0x0000000100000000)
 Metaspace       used 41133K, capacity 42411K, committed 42560K, reserved 1087488K
  class space    used 5114K, capacity 5450K, committed 5476K, reserved 1048576K
}
2019-02-21T18:52:23.746-0700: 220.973: Total time for which application threads were stopped: 0.0239483 seconds, Stopping threads took: 0.0001141 seconds
{Heap before GC invocations=122 (full 8):
 par new generation   total 109248K, used 109248K [0x00000000e0000000, 0x00000000e8000000, 0x00000000e8000000)
  eden space 87424K, 100% used [0x00000000e0000000, 0x00000000e5560000, 0x00000000e5560000)
  from space 21824K, 100% used [0x00000000e5560000, 0x00000000e6ab0000, 0x00000000e6ab0000)
  to   space 21824K,   0% used [0x00000000e6ab0000, 0x00000000e6ab0000, 0x00000000e8000000)
 concurrent mark-sweep generation total 393216K, used 164475K [0x00000000e8000000, 0x0000000100000000, 0x0000000100000000)
 Metaspace       used 41133K, capacity 42411K, committed 42560K, reserved 1087488K
  class space    used 5114K, capacity 5450K, committed 5476K, reserved 1048576K
2019-02-21T18:52:23.840-0700: 221.068: [GC (Allocation Failure) 2019-02-21T18:52:23.840-0700: 221.068: [ParNew
Desired survivor size 20112992 bytes, new threshold 8 (max 8)
- age   1:    3040208 bytes,    3040208 total
- age   2:    6070216 bytes,    9110424 total
- age   3:    7711568 bytes,   16821992 total
- age   4:    2741080 bytes,   19563072 total
: 109248K->21824K(109248K), 0.0143822 secs] 273723K->192258K(502464K), 0.0144712 secs] [Times: user=0.06 sys=0.00, real=0.02 secs] 
Heap after GC invocations=123 (full 8):
 par new generation   total 109248K, used 21824K [0x00000000e0000000, 0x00000000e8000000, 0x00000000e8000000)
  eden space 87424K,   0% used [0x00000000e0000000, 0x00000000e0000000, 0x00000000e5560000)
  from space 21824K, 100% used [0x00000000e6ab0000, 0x00000000e8000000, 0x00000000e8000000)
  to   space 21824K,   0% used [0x00000000e5560000, 0x00000000e5560000, 0x00000000e6ab0000)
 concurrent mark-sweep generation total 393216K, used 170434K [0x00000000e8000000, 0x0000000100000000, 0x0000000100000000)
 Metaspace       used 41133K, capacity 42411K, committed 42560K, reserved 1087488K
  class space    used 5114K, capacity 5450K, committed 5476K, reserved 1048576K
}
2019-02-21T18:52:23.855-0700: 221.082: Total time for which application threads were stopped: 0.0149066 seconds, Stopping threads took: 0.0001044 seconds
2019-02-21T18:52:23.901-0700: 221.128: Total time for which application threads were stopped: 0.0002113 seconds, Stopping threads took: 0.0000889 seconds
{Heap before GC invocations=123 (full 8):
 par new generation   total 109248K, used 109248K [0x00000000e0000000, 0x00000000e8000000, 0x00000000e8000000)
  eden space 87424K, 100% used [0x00000000e0000000, 0x00000000e5560000, 0x00000000e5560000)
  from space 21824K, 100% used [0x00000000e6ab0000, 0x00000000e8000000, 0x00000000e8000000)
  to   space 21824K,   0% used [0x00000000e5560000, 0x00000000e5560000, 0x00000000e6ab0000)
 concurrent mark-sweep generation total 393216K, used 170434K [0x00000000e8000000, 0x0000000100000000, 0x0000000100000000)
 Metaspace       used 41134K, capacity 42411K, committed 42560K, reserved 1087488K
  class space    used 5114K, capacity 5450K, committed 5476K, reserved 1048576K
2019-02-21T18:52:24.047-0700: 221.274: [GC (Allocation Failure) 2019-02-21T18:52:24.047-0700: 221.274: [ParNew
Desired survivor size 20112992 bytes, new threshold 5 (max 8)
- age   1:    4079360 bytes,    4079360 total
- age   2:    2038336 bytes,    6117696 total
- age   3:    5240808 bytes,   11358504 total
- age   4:    7720520 bytes,   19079024 total
- age   5:    2170880 bytes,   21249904 total
: 109248K->21824K(109248K), 0.0151713 secs] 279682K->194605K(502464K), 0.0153152 secs] [Times: user=0.03 sys=0.00, real=0.02 secs] 
Heap after GC invocations=124 (full 8):
 par new generation   total 109248K, used 21824K [0x00000000e0000000, 0x00000000e8000000, 0x00000000e8000000)
  eden space 87424K,   0% used [0x00000000e0000000, 0x00000000e0000000, 0x00000000e5560000)
  from space 21824K, 100% used [0x00000000e5560000, 0x00000000e6ab0000, 0x00000000e6ab0000)
  to   space 21824K,   0% used [0x00000000e6ab0000, 0x00000000e6ab0000, 0x00000000e8000000)
 concurrent mark-sweep generation total 393216K, used 172781K [0x00000000e8000000, 0x0000000100000000, 0x0000000100000000)
 Metaspace       used 41134K, capacity 42411K, committed 42560K, reserved 1087488K
  class space    used 5114K, capacity 5450K, committed 5476K, reserved 1048576K
}
2019-02-21T18:52:24.063-0700: 221.289: Total time for which application threads were stopped: 0.0157579 seconds, Stopping threads took: 0.0000689 seconds
2019-02-21T18:52:24.430-0700: 221.657: Total time for which application threads were stopped: 0.0002760 seconds, Stopping threads took: 0.0001599 seconds
2019-02-21T18:52:24.431-0700: 221.658: Total time for which application threads were stopped: 0.0001342 seconds, Stopping threads took: 0.0000493 seconds
2019-02-21T18:52:24.431-0700: 221.658: Total time for which application threads were stopped: 0.0000997 seconds, Stopping threads took: 0.0000339 seconds
2019-02-21T18:52:24.438-0700: 221.665: Total time for which application threads were stopped: 0.0001702 seconds, Stopping threads took: 0.0000483 seconds
{Heap before GC invocations=124 (full 8):
 par new generation   total 109248K, used 109192K [0x00000000e0000000, 0x00000000e8000000, 0x00000000e8000000)
  eden space 87424K,  99% used [0x00000000e0000000, 0x00000000e5552120, 0x00000000e5560000)
  from space 21824K, 100% used [0x00000000e5560000, 0x00000000e6ab0000, 0x00000000e6ab0000)
  to   space 21824K,   0% used [0x00000000e6ab0000, 0x00000000e6ab0000, 0x00000000e8000000)
 concurrent mark-sweep generation total 393216K, used 172781K [0x00000000e8000000, 0x0000000100000000, 0x0000000100000000)
 Metaspace       used 41152K, capacity 42411K, committed 42560K, reserved 1087488K
  class space    used 5115K, capacity 5450K, committed 5476K, reserved 1048576K
2019-02-21T18:52:24.452-0700: 221.678: [GC (Allocation Failure) 2019-02-21T18:52:24.452-0700: 221.678: [ParNew
Desired survivor size 20112992 bytes, new threshold 5 (max 8)
- age   1:    2948952 bytes,    2948952 total
- age   2:    3752288 bytes,    6701240 total
- age   3:    1557848 bytes,    8259088 total
- age   4:    5088160 bytes,   13347248 total
- age   5:    7628608 bytes,   20975856 total
: 109192K->21824K(109248K), 0.0145570 secs] 281973K->198172K(502464K), 0.0147303 secs] [Times: user=0.06 sys=0.00, real=0.01 secs] 
Heap after GC invocations=125 (full 8):
 par new generation   total 109248K, used 21824K [0x00000000e0000000, 0x00000000e8000000, 0x00000000e8000000)
  eden space 87424K,   0% used [0x00000000e0000000, 0x00000000e0000000, 0x00000000e5560000)
  from space 21824K, 100% used [0x00000000e6ab0000, 0x00000000e8000000, 0x00000000e8000000)
  to   space 21824K,   0% used [0x00000000e5560000, 0x00000000e5560000, 0x00000000e6ab0000)
 concurrent mark-sweep generation total 393216K, used 176348K [0x00000000e8000000, 0x0000000100000000, 0x0000000100000000)
 Metaspace       used 41152K, capacity 42411K, committed 42560K, reserved 1087488K
  class space    used 5115K, capacity 5450K, committed 5476K, reserved 1048576K
}
2019-02-21T18:52:24.466-0700: 221.693: Total time for which application threads were stopped: 0.0151996 seconds, Stopping threads took: 0.0001326 seconds
{Heap before GC invocations=125 (full 8):
 par new generation   total 109248K, used 109237K [0x00000000e0000000, 0x00000000e8000000, 0x00000000e8000000)
  eden space 87424K,  99% used [0x00000000e0000000, 0x00000000e555d678, 0x00000000e5560000)
  from space 21824K, 100% used [0x00000000e6ab0000, 0x00000000e8000000, 0x00000000e8000000)
  to   space 21824K,   0% used [0x00000000e5560000, 0x00000000e5560000, 0x00000000e6ab0000)
 concurrent mark-sweep generation total 393216K, used 176348K [0x00000000e8000000, 0x0000000100000000, 0x0000000100000000)
 Metaspace       used 41152K, capacity 42411K, committed 42560K, reserved 1087488K
  class space    used 5115K, capacity 5450K, committed 5476K, reserved 1048576K
2019-02-21T18:52:24.651-0700: 221.877: [GC (Allocation Failure) 2019-02-21T18:52:24.651-0700: 221.877: [ParNew
Desired survivor size 20112992 bytes, new threshold 8 (max 8)
- age   1:     512264 bytes,     512264 total
- age   2:    2913224 bytes,    3425488 total
- age   3:    3752288 bytes,    7177776 total
- age   4:    1557784 bytes,    8735560 total
- age   5:    5088160 bytes,   13823720 total
: 109237K->20434K(109248K), 0.0090422 secs] 285586K->204205K(502464K), 0.0091137 secs] [Times: user=0.08 sys=0.00, real=0.01 secs] 
Heap after GC invocations=126 (full 8):
 par new generation   total 109248K, used 20434K [0x00000000e0000000, 0x00000000e8000000, 0x00000000e8000000)
  eden space 87424K,   0% used [0x00000000e0000000, 0x00000000e0000000, 0x00000000e5560000)
  from space 21824K,  93% used [0x00000000e5560000, 0x00000000e6954a80, 0x00000000e6ab0000)
  to   space 21824K,   0% used [0x00000000e6ab0000, 0x00000000e6ab0000, 0x00000000e8000000)
 concurrent mark-sweep generation total 393216K, used 183770K [0x00000000e8000000, 0x0000000100000000, 0x0000000100000000)
 Metaspace       used 41152K, capacity 42411K, committed 42560K, reserved 1087488K
  class space    used 5115K, capacity 5450K, committed 5476K, reserved 1048576K
}
2019-02-21T18:52:24.660-0700: 221.886: Total time for which application threads were stopped: 0.0093789 seconds, Stopping threads took: 0.0000370 seconds
2019-02-21T18:52:24.679-0700: 221.906: Total time for which application threads were stopped: 0.0000838 seconds, Stopping threads took: 0.0000247 seconds
{Heap before GC invocations=126 (full 8):
 par new generation   total 109248K, used 107858K [0x00000000e0000000, 0x00000000e8000000, 0x00000000e8000000)
  eden space 87424K, 100% used [0x00000000e0000000, 0x00000000e5560000, 0x00000000e5560000)
  from space 21824K,  93% used [0x00000000e5560000, 0x00000000e6954a80, 0x00000000e6ab0000)
  to   space 21824K,   0% used [0x00000000e6ab0000, 0x00000000e6ab0000, 0x00000000e8000000)
 concurrent mark-sweep generation total 393216K, used 183770K [0x00000000e8000000, 0x0000000100000000, 0x0000000100000000)
 Metaspace       used 41152K, capacity 42411K, committed 42560K, reserved 1087488K
  class space    used 5115K, capacity 5450K, committed 5476K, reserved 1048576K
2019-02-21T18:52:24.796-0700: 222.023: [GC (Allocation Failure) 2019-02-21T18:52:24.796-0700: 222.023: [ParNew
Desired survivor size 20112992 bytes, new threshold 8 (max 8)
- age   1:     664936 bytes,     664936 total
- age   2:     155344 bytes,     820280 total
- age   3:    2909608 bytes,    3729888 total
- age   4:    3749024 bytes,    7478912 total
- age   5:    1557784 bytes,    9036696 total
- age   6:    5085232 bytes,   14121928 total
: 107858K->16967K(109248K), 0.0120392 secs] 291629K->200737K(502464K), 0.0121281 secs] [Times: user=0.06 sys=0.00, real=0.01 secs] 
Heap after GC invocations=127 (full 8):
 par new generation   total 109248K, used 16967K [0x00000000e0000000, 0x00000000e8000000, 0x00000000e8000000)
  eden space 87424K,   0% used [0x00000000e0000000, 0x00000000e0000000, 0x00000000e5560000)
  from space 21824K,  77% used [0x00000000e6ab0000, 0x00000000e7b41c80, 0x00000000e8000000)
  to   space 21824K,   0% used [0x00000000e5560000, 0x00000000e5560000, 0x00000000e6ab0000)
 concurrent mark-sweep generation total 393216K, used 183770K [0x00000000e8000000, 0x0000000100000000, 0x0000000100000000)
 Metaspace       used 41152K, capacity 42411K, committed 42560K, reserved 1087488K
  class space    used 5115K, capacity 5450K, committed 5476K, reserved 1048576K
}
2019-02-21T18:52:24.808-0700: 222.035: Total time for which application threads were stopped: 0.0124417 seconds, Stopping threads took: 0.0000375 seconds
2019-02-21T18:52:24.871-0700: 222.097: Total time for which application threads were stopped: 0.0001193 seconds, Stopping threads took: 0.0000350 seconds
{Heap before GC invocations=127 (full 8):
 par new generation   total 109248K, used 104391K [0x00000000e0000000, 0x00000000e8000000, 0x00000000e8000000)
  eden space 87424K, 100% used [0x00000000e0000000, 0x00000000e5560000, 0x00000000e5560000)
  from space 21824K,  77% used [0x00000000e6ab0000, 0x00000000e7b41c80, 0x00000000e8000000)
  to   space 21824K,   0% used [0x00000000e5560000, 0x00000000e5560000, 0x00000000e6ab0000)
 concurrent mark-sweep generation total 393216K, used 183770K [0x00000000e8000000, 0x0000000100000000, 0x0000000100000000)
 Metaspace       used 41152K, capacity 42411K, committed 42560K, reserved 1087488K
  class space    used 5115K, capacity 5450K, committed 5476K, reserved 1048576K
2019-02-21T18:52:24.929-0700: 222.156: [GC (Allocation Failure) 2019-02-21T18:52:24.929-0700: 222.156: [ParNew
Desired survivor size 20112992 bytes, new threshold 8 (max 8)
- age   1:     537296 bytes,     537296 total
- age   2:     335864 bytes,     873160 total
- age   3:     155344 bytes,    1028504 total
- age   4:    2909560 bytes,    3938064 total
- age   5:    3749024 bytes,    7687088 total
- age   6:    1557784 bytes,    9244872 total
- age   7:    5085184 bytes,   14330056 total
: 104391K->21812K(109248K), 0.0119723 secs] 288161K->205583K(502464K), 0.0120746 secs] [Times: user=0.08 sys=0.00, real=0.01 secs] 
Heap after GC invocations=128 (full 8):
 par new generation   total 109248K, used 21812K [0x00000000e0000000, 0x00000000e8000000, 0x00000000e8000000)
  eden space 87424K,   0% used [0x00000000e0000000, 0x00000000e0000000, 0x00000000e5560000)
  from space 21824K,  99% used [0x00000000e5560000, 0x00000000e6aad0e0, 0x00000000e6ab0000)
  to   space 21824K,   0% used [0x00000000e6ab0000, 0x00000000e6ab0000, 0x00000000e8000000)
 concurrent mark-sweep generation total 393216K, used 183770K [0x00000000e8000000, 0x0000000100000000, 0x0000000100000000)
 Metaspace       used 41152K, capacity 42411K, committed 42560K, reserved 1087488K
  class space    used 5115K, capacity 5450K, committed 5476K, reserved 1048576K
}
2019-02-21T18:52:24.941-0700: 222.168: Total time for which application threads were stopped: 0.0124211 seconds, Stopping threads took: 0.0000463 seconds
2019-02-21T18:52:25.001-0700: 222.227: Total time for which application threads were stopped: 0.0001480 seconds, Stopping threads took: 0.0000422 seconds
{Heap before GC invocations=128 (full 8):
 par new generation   total 109248K, used 109236K [0x00000000e0000000, 0x00000000e8000000, 0x00000000e8000000)
  eden space 87424K, 100% used [0x00000000e0000000, 0x00000000e5560000, 0x00000000e5560000)
  from space 21824K,  99% used [0x00000000e5560000, 0x00000000e6aad0e0, 0x00000000e6ab0000)
  to   space 21824K,   0% used [0x00000000e6ab0000, 0x00000000e6ab0000, 0x00000000e8000000)
 concurrent mark-sweep generation total 393216K, used 183770K [0x00000000e8000000, 0x0000000100000000, 0x0000000100000000)
 Metaspace       used 41152K, capacity 42411K, committed 42560K, reserved 1087488K
  class space    used 5115K, capacity 5450K, committed 5476K, reserved 1048576K
2019-02-21T18:52:25.043-0700: 222.269: [GC (Allocation Failure) 2019-02-21T18:52:25.043-0700: 222.269: [ParNew
Desired survivor size 20112992 bytes, new threshold 8 (max 8)
- age   1:     519232 bytes,     519232 total
- age   2:     324536 bytes,     843768 total
- age   3:     335864 bytes,    1179632 total
- age   4:     155344 bytes,    1334976 total
- age   5:    2842152 bytes,    4177128 total
- age   6:    3746336 bytes,    7923464 total
- age   7:    1540312 bytes,    9463776 total
- age   8:    5035408 bytes,   14499184 total
: 109236K->18190K(109248K), 0.0126864 secs] 293007K->201960K(502464K), 0.0127933 secs] [Times: user=0.06 sys=0.00, real=0.01 secs] 
Heap after GC invocations=129 (full 8):
 par new generation   total 109248K, used 18190K [0x00000000e0000000, 0x00000000e8000000, 0x00000000e8000000)
  eden space 87424K,   0% used [0x00000000e0000000, 0x00000000e0000000, 0x00000000e5560000)
  from space 21824K,  83% used [0x00000000e6ab0000, 0x00000000e7c73888, 0x00000000e8000000)
  to   space 21824K,   0% used [0x00000000e5560000, 0x00000000e5560000, 0x00000000e6ab0000)
 concurrent mark-sweep generation total 393216K, used 183770K [0x00000000e8000000, 0x0000000100000000, 0x0000000100000000)
 Metaspace       used 41152K, capacity 42411K, committed 42560K, reserved 1087488K
  class space    used 5115K, capacity 5450K, committed 5476K, reserved 1048576K
}
2019-02-21T18:52:25.056-0700: 222.282: Total time for which application threads were stopped: 0.0132076 seconds, Stopping threads took: 0.0000478 seconds
2019-02-21T18:52:25.089-0700: 222.316: Total time for which application threads were stopped: 0.0002041 seconds, Stopping threads took: 0.0001172 seconds
{Heap before GC invocations=129 (full 8):
 par new generation   total 109248K, used 105614K [0x00000000e0000000, 0x00000000e8000000, 0x00000000e8000000)
  eden space 87424K, 100% used [0x00000000e0000000, 0x00000000e5560000, 0x00000000e5560000)
  from space 21824K,  83% used [0x00000000e6ab0000, 0x00000000e7c73888, 0x00000000e8000000)
  to   space 21824K,   0% used [0x00000000e5560000, 0x00000000e5560000, 0x00000000e6ab0000)
 concurrent mark-sweep generation total 393216K, used 183770K [0x00000000e8000000, 0x0000000100000000, 0x0000000100000000)
 Metaspace       used 41153K, capacity 42411K, committed 42560K, reserved 1087488K
  class space    used 5115K, capacity 5450K, committed 5476K, reserved 1048576K
2019-02-21T18:52:25.183-0700: 222.409: [GC (Allocation Failure) 2019-02-21T18:52:25.183-0700: 222.409: [ParNew
Desired survivor size 20112992 bytes, new threshold 8 (max 8)
- age   1:     695288 bytes,     695288 total
- age   2:     311360 bytes,    1006648 total
- age   3:     324536 bytes,    1331184 total
- age   4:     335864 bytes,    1667048 total
- age   5:     155344 bytes,    1822392 total
- age   6:    2770880 bytes,    4593272 total
- age   7:    3746272 bytes,    8339544 total
- age   8:    1507176 bytes,    9846720 total
: 105614K->15341K(109248K), 0.0141638 secs] 289384K->204009K(502464K), 0.0142594 secs] [Times: user=0.09 sys=0.00, real=0.01 secs] 
Heap after GC invocations=130 (full 8):
 par new generation   total 109248K, used 15341K [0x00000000e0000000, 0x00000000e8000000, 0x00000000e8000000)
  eden space 87424K,   0% used [0x00000000e0000000, 0x00000000e0000000, 0x00000000e5560000)
  from space 21824K,  70% used [0x00000000e5560000, 0x00000000e645b5f0, 0x00000000e6ab0000)
  to   space 21824K,   0% used [0x00000000e6ab0000, 0x00000000e6ab0000, 0x00000000e8000000)
 concurrent mark-sweep generation total 393216K, used 188668K [0x00000000e8000000, 0x0000000100000000, 0x0000000100000000)
 Metaspace       used 41153K, capacity 42411K, committed 42560K, reserved 1087488K
  class space    used 5115K, capacity 5450K, committed 5476K, reserved 1048576K
}
2019-02-21T18:52:25.197-0700: 222.423: Total time for which application threads were stopped: 0.0145858 seconds, Stopping threads took: 0.0000601 seconds
2019-02-21T18:52:25.289-0700: 222.516: Total time for which application threads were stopped: 0.0001738 seconds, Stopping threads took: 0.0000535 seconds
{Heap before GC invocations=130 (full 8):
 par new generation   total 109248K, used 102541K [0x00000000e0000000, 0x00000000e8000000, 0x00000000e8000000)
  eden space 87424K,  99% used [0x00000000e0000000, 0x00000000e5527ee8, 0x00000000e5560000)
  from space 21824K,  70% used [0x00000000e5560000, 0x00000000e645b5f0, 0x00000000e6ab0000)
  to   space 21824K,   0% used [0x00000000e6ab0000, 0x00000000e6ab0000, 0x00000000e8000000)
 concurrent mark-sweep generation total 393216K, used 188668K [0x00000000e8000000, 0x0000000100000000, 0x0000000100000000)
 Metaspace       used 41153K, capacity 42411K, committed 42560K, reserved 1087488K
  class space    used 5115K, capacity 5450K, committed 5476K, reserved 1048576K
2019-02-21T18:52:25.305-0700: 222.532: [GC (Allocation Failure) 2019-02-21T18:52:25.305-0700: 222.532: [ParNew
Desired survivor size 20112992 bytes, new threshold 8 (max 8)
- age   1:     293984 bytes,     293984 total
- age   2:     407448 bytes,     701432 total
- age   3:     311360 bytes,    1012792 total
- age   4:     324536 bytes,    1337328 total
- age   5:     335864 bytes,    1673192 total
- age   6:     155344 bytes,    1828536 total
- age   7:    2800256 bytes,    4628792 total
- age   8:    3744544 bytes,    8373336 total
: 102541K->10944K(109248K), 0.0094853 secs] 291209K->201085K(502464K), 0.0095897 secs] [Times: user=0.08 sys=0.00, real=0.01 secs] 
Heap after GC invocations=131 (full 8):
 par new generation   total 109248K, used 10944K [0x00000000e0000000, 0x00000000e8000000, 0x00000000e8000000)
  eden space 87424K,   0% used [0x00000000e0000000, 0x00000000e0000000, 0x00000000e5560000)
  from space 21824K,  50% used [0x00000000e6ab0000, 0x00000000e7560240, 0x00000000e8000000)
  to   space 21824K,   0% used [0x00000000e5560000, 0x00000000e5560000, 0x00000000e6ab0000)
 concurrent mark-sweep generation total 393216K, used 190141K [0x00000000e8000000, 0x0000000100000000, 0x0000000100000000)
 Metaspace       used 41153K, capacity 42411K, committed 42560K, reserved 1087488K
  class space    used 5115K, capacity 5450K, committed 5476K, reserved 1048576K
}
2019-02-21T18:52:25.314-0700: 222.541: Total time for which application threads were stopped: 0.0099362 seconds, Stopping threads took: 0.0000499 seconds
{Heap before GC invocations=131 (full 8):
 par new generation   total 109248K, used 98368K [0x00000000e0000000, 0x00000000e8000000, 0x00000000e8000000)
  eden space 87424K, 100% used [0x00000000e0000000, 0x00000000e5560000, 0x00000000e5560000)
  from space 21824K,  50% used [0x00000000e6ab0000, 0x00000000e7560240, 0x00000000e8000000)
  to   space 21824K,   0% used [0x00000000e5560000, 0x00000000e5560000, 0x00000000e6ab0000)
 concurrent mark-sweep generation total 393216K, used 190141K [0x00000000e8000000, 0x0000000100000000, 0x0000000100000000)
 Metaspace       used 41153K, capacity 42411K, committed 42560K, reserved 1087488K
  class space    used 5115K, capacity 5450K, committed 5476K, reserved 1048576K
2019-02-21T18:52:25.454-0700: 222.681: [GC (Allocation Failure) 2019-02-21T18:52:25.454-0700: 222.681: [ParNew
Desired survivor size 20112992 bytes, new threshold 8 (max 8)
- age   1:     682192 bytes,     682192 total
- age   2:     253968 bytes,     936160 total
- age   3:     407448 bytes,    1343608 total
- age   4:     311360 bytes,    1654968 total
- age   5:     324536 bytes,    1979504 total
- age   6:     335864 bytes,    2315368 total
- age   7:     155344 bytes,    2470712 total
- age   8:    2767472 bytes,    5238184 total
: 98368K->7739K(109248K), 0.0112218 secs] 288509K->201548K(502464K), 0.0113231 secs] [Times: user=0.00 sys=0.00, real=0.01 secs] 
Heap after GC invocations=132 (full 8):
 par new generation   total 109248K, used 7739K [0x00000000e0000000, 0x00000000e8000000, 0x00000000e8000000)
  eden space 87424K,   0% used [0x00000000e0000000, 0x00000000e0000000, 0x00000000e5560000)
  from space 21824K,  35% used [0x00000000e5560000, 0x00000000e5ceed48, 0x00000000e6ab0000)
  to   space 21824K,   0% used [0x00000000e6ab0000, 0x00000000e6ab0000, 0x00000000e8000000)
 concurrent mark-sweep generation total 393216K, used 193809K [0x00000000e8000000, 0x0000000100000000, 0x0000000100000000)
 Metaspace       used 41153K, capacity 42411K, committed 42560K, reserved 1087488K
  class space    used 5115K, capacity 5450K, committed 5476K, reserved 1048576K
}
2019-02-21T18:52:25.465-0700: 222.692: Total time for which application threads were stopped: 0.0116649 seconds, Stopping threads took: 0.0000463 seconds
{Heap before GC invocations=132 (full 8):
 par new generation   total 109248K, used 95163K [0x00000000e0000000, 0x00000000e8000000, 0x00000000e8000000)
  eden space 87424K, 100% used [0x00000000e0000000, 0x00000000e5560000, 0x00000000e5560000)
  from space 21824K,  35% used [0x00000000e5560000, 0x00000000e5ceed48, 0x00000000e6ab0000)
  to   space 21824K,   0% used [0x00000000e6ab0000, 0x00000000e6ab0000, 0x00000000e8000000)
 concurrent mark-sweep generation total 393216K, used 193809K [0x00000000e8000000, 0x0000000100000000, 0x0000000100000000)
 Metaspace       used 41153K, capacity 42411K, committed 42560K, reserved 1087488K
  class space    used 5115K, capacity 5450K, committed 5476K, reserved 1048576K
2019-02-21T18:52:25.551-0700: 222.778: [GC (Allocation Failure) 2019-02-21T18:52:25.551-0700: 222.778: [ParNew
Desired survivor size 20112992 bytes, new threshold 8 (max 8)
- age   1:    2308144 bytes,    2308144 total
- age   2:     228216 bytes,    2536360 total
- age   3:     180456 bytes,    2716816 total
- age   4:     342904 bytes,    3059720 total
- age   5:     266008 bytes,    3325728 total
- age   6:     276400 bytes,    3602128 total
- age   7:     289056 bytes,    3891184 total
- age   8:     155344 bytes,    4046528 total
: 95163K->5365K(109248K), 0.0100570 secs] 288972K->201821K(502464K), 0.0101634 secs] [Times: user=0.00 sys=0.00, real=0.01 secs] 
Heap after GC invocations=133 (full 8):
 par new generation   total 109248K, used 5365K [0x00000000e0000000, 0x00000000e8000000, 0x00000000e8000000)
  eden space 87424K,   0% used [0x00000000e0000000, 0x00000000e0000000, 0x00000000e5560000)
  from space 21824K,  24% used [0x00000000e6ab0000, 0x00000000e6fed438, 0x00000000e8000000)
  to   space 21824K,   0% used [0x00000000e5560000, 0x00000000e5560000, 0x00000000e6ab0000)
 concurrent mark-sweep generation total 393216K, used 196456K [0x00000000e8000000, 0x0000000100000000, 0x0000000100000000)
 Metaspace       used 41153K, capacity 42411K, committed 42560K, reserved 1087488K
  class space    used 5115K, capacity 5450K, committed 5476K, reserved 1048576K
}
2019-02-21T18:52:25.561-0700: 222.789: Total time for which application threads were stopped: 0.0105191 seconds, Stopping threads took: 0.0000391 seconds
2019-02-21T18:52:25.625-0700: 222.852: Total time for which application threads were stopped: 0.0001696 seconds, Stopping threads took: 0.0000488 seconds
2019-02-21T18:52:25.625-0700: 222.852: Total time for which application threads were stopped: 0.0001121 seconds, Stopping threads took: 0.0000350 seconds
2019-02-21T18:52:25.626-0700: 222.852: Total time for which application threads were stopped: 0.0001362 seconds, Stopping threads took: 0.0000607 seconds
2019-02-21T18:52:25.626-0700: 222.853: Total time for which application threads were stopped: 0.0000987 seconds, Stopping threads took: 0.0000293 seconds
2019-02-21T18:52:25.626-0700: 222.853: Total time for which application threads were stopped: 0.0001085 seconds, Stopping threads took: 0.0000298 seconds
2019-02-21T18:52:25.626-0700: 222.853: Total time for which application threads were stopped: 0.0001254 seconds, Stopping threads took: 0.0000365 seconds
2019-02-21T18:52:25.631-0700: 222.857: Total time for which application threads were stopped: 0.0001650 seconds, Stopping threads took: 0.0000550 seconds
2019-02-21T18:52:25.631-0700: 222.857: Total time for which application threads were stopped: 0.0001116 seconds, Stopping threads took: 0.0000293 seconds
2019-02-21T18:52:25.631-0700: 222.858: Total time for which application threads were stopped: 0.0001023 seconds, Stopping threads took: 0.0000278 seconds
2019-02-21T18:52:25.631-0700: 222.858: Total time for which application threads were stopped: 0.0001008 seconds, Stopping threads took: 0.0000272 seconds
2019-02-21T18:52:25.631-0700: 222.858: Total time for which application threads were stopped: 0.0001049 seconds, Stopping threads took: 0.0000272 seconds
2019-02-21T18:52:25.631-0700: 222.858: Total time for which application threads were stopped: 0.0001085 seconds, Stopping threads took: 0.0000288 seconds
2019-02-21T18:52:25.632-0700: 222.858: Total time for which application threads were stopped: 0.0001116 seconds, Stopping threads took: 0.0000308 seconds
{Heap before GC invocations=133 (full 8):
 par new generation   total 109248K, used 92789K [0x00000000e0000000, 0x00000000e8000000, 0x00000000e8000000)
  eden space 87424K, 100% used [0x00000000e0000000, 0x00000000e5560000, 0x00000000e5560000)
  from space 21824K,  24% used [0x00000000e6ab0000, 0x00000000e6fed438, 0x00000000e8000000)
  to   space 21824K,   0% used [0x00000000e5560000, 0x00000000e5560000, 0x00000000e6ab0000)
 concurrent mark-sweep generation total 393216K, used 196456K [0x00000000e8000000, 0x0000000100000000, 0x0000000100000000)
 Metaspace       used 41155K, capacity 42411K, committed 42560K, reserved 1087488K
  class space    used 5115K, capacity 5450K, committed 5476K, reserved 1048576K
2019-02-21T18:52:25.661-0700: 222.888: [GC (Allocation Failure) 2019-02-21T18:52:25.662-0700: 222.888: [ParNew
Desired survivor size 20112992 bytes, new threshold 8 (max 8)
- age   1:    5679232 bytes,    5679232 total
- age   2:    2305896 bytes,    7985128 total
- age   3:     228216 bytes,    8213344 total
- age   4:     180456 bytes,    8393800 total
- age   5:     342904 bytes,    8736704 total
- age   6:     266008 bytes,    9002712 total
- age   7:     276400 bytes,    9279112 total
- age   8:     289056 bytes,    9568168 total
: 92789K->9869K(109248K), 0.0136348 secs] 289245K->206476K(502464K), 0.0137366 secs] [Times: user=0.06 sys=0.00, real=0.01 secs] 
Heap after GC invocations=134 (full 8):
 par new generation   total 109248K, used 9869K [0x00000000e0000000, 0x00000000e8000000, 0x00000000e8000000)
  eden space 87424K,   0% used [0x00000000e0000000, 0x00000000e0000000, 0x00000000e5560000)
  from space 21824K,  45% used [0x00000000e5560000, 0x00000000e5f03410, 0x00000000e6ab0000)
  to   space 21824K,   0% used [0x00000000e6ab0000, 0x00000000e6ab0000, 0x00000000e8000000)
 concurrent mark-sweep generation total 393216K, used 196607K [0x00000000e8000000, 0x0000000100000000, 0x0000000100000000)
 Metaspace       used 41155K, capacity 42411K, committed 42560K, reserved 1087488K
  class space    used 5115K, capacity 5450K, committed 5476K, reserved 1048576K
}
2019-02-21T18:52:25.675-0700: 222.902: Total time for which application threads were stopped: 0.0140527 seconds, Stopping threads took: 0.0000350 seconds
2019-02-21T18:52:25.682-0700: 222.909: Total time for which application threads were stopped: 0.0001424 seconds, Stopping threads took: 0.0000391 seconds
2019-02-21T18:52:25.683-0700: 222.909: Total time for which application threads were stopped: 0.0001064 seconds, Stopping threads took: 0.0000288 seconds
2019-02-21T18:52:25.683-0700: 222.909: Total time for which application threads were stopped: 0.0000689 seconds, Stopping threads took: 0.0000211 seconds
2019-02-21T18:52:25.683-0700: 222.909: Total time for which application threads were stopped: 0.0000648 seconds, Stopping threads took: 0.0000185 seconds
2019-02-21T18:52:25.683-0700: 222.909: Total time for which application threads were stopped: 0.0000622 seconds, Stopping threads took: 0.0000175 seconds
2019-02-21T18:52:25.684-0700: 222.911: Total time for which application threads were stopped: 0.0001090 seconds, Stopping threads took: 0.0000344 seconds
2019-02-21T18:52:25.684-0700: 222.911: Total time for which application threads were stopped: 0.0001229 seconds, Stopping threads took: 0.0000550 seconds
2019-02-21T18:52:25.685-0700: 222.911: Total time for which application threads were stopped: 0.0000889 seconds, Stopping threads took: 0.0000257 seconds
2019-02-21T18:52:25.685-0700: 222.911: Total time for which application threads were stopped: 0.0002766 seconds, Stopping threads took: 0.0000226 seconds
2019-02-21T18:52:25.686-0700: 222.913: Total time for which application threads were stopped: 0.0001311 seconds, Stopping threads took: 0.0000617 seconds
2019-02-21T18:52:25.688-0700: 222.914: Total time for which application threads were stopped: 0.0001820 seconds, Stopping threads took: 0.0000879 seconds
2019-02-21T18:52:25.690-0700: 222.916: Total time for which application threads were stopped: 0.0001151 seconds, Stopping threads took: 0.0000308 seconds
2019-02-21T18:52:25.691-0700: 222.917: Total time for which application threads were stopped: 0.0001727 seconds, Stopping threads took: 0.0000735 seconds
2019-02-21T18:52:25.692-0700: 222.918: Total time for which application threads were stopped: 0.0001537 seconds, Stopping threads took: 0.0000607 seconds
2019-02-21T18:52:25.693-0700: 222.919: Total time for which application threads were stopped: 0.0001347 seconds, Stopping threads took: 0.0000365 seconds
2019-02-21T18:52:25.694-0700: 222.920: Total time for which application threads were stopped: 0.0001064 seconds, Stopping threads took: 0.0000314 seconds
2019-02-21T18:52:25.695-0700: 222.921: Total time for which application threads were stopped: 0.0001635 seconds, Stopping threads took: 0.0000689 seconds
{Heap before GC invocations=134 (full 8):
 par new generation   total 109248K, used 97293K [0x00000000e0000000, 0x00000000e8000000, 0x00000000e8000000)
  eden space 87424K, 100% used [0x00000000e0000000, 0x00000000e5560000, 0x00000000e5560000)
  from space 21824K,  45% used [0x00000000e5560000, 0x00000000e5f03410, 0x00000000e6ab0000)
  to   space 21824K,   0% used [0x00000000e6ab0000, 0x00000000e6ab0000, 0x00000000e8000000)
 concurrent mark-sweep generation total 393216K, used 196607K [0x00000000e8000000, 0x0000000100000000, 0x0000000100000000)
 Metaspace       used 41235K, capacity 42497K, committed 42560K, reserved 1087488K
  class space    used 5126K, capacity 5453K, committed 5476K, reserved 1048576K
2019-02-21T18:52:25.957-0700: 223.184: [GC (Allocation Failure) 2019-02-21T18:52:25.958-0700: 223.184: [ParNew
Desired survivor size 20112992 bytes, new threshold 8 (max 8)
- age   1:    3799224 bytes,    3799224 total
- age   2:    3861680 bytes,    7660904 total
- age   3:    2302600 bytes,    9963504 total
- age   4:     228216 bytes,   10191720 total
- age   5:     180456 bytes,   10372176 total
- age   6:     342904 bytes,   10715080 total
- age   7:     266008 bytes,   10981088 total
- age   8:     276400 bytes,   11257488 total
: 97293K->15054K(109248K), 0.0133783 secs] 293900K->211953K(502464K), 0.0134713 secs] [Times: user=0.00 sys=0.00, real=0.01 secs] 
Heap after GC invocations=135 (full 8):
 par new generation   total 109248K, used 15054K [0x00000000e0000000, 0x00000000e8000000, 0x00000000e8000000)
  eden space 87424K,   0% used [0x00000000e0000000, 0x00000000e0000000, 0x00000000e5560000)
  from space 21824K,  68% used [0x00000000e6ab0000, 0x00000000e7963b00, 0x00000000e8000000)
  to   space 21824K,   0% used [0x00000000e5560000, 0x00000000e5560000, 0x00000000e6ab0000)
 concurrent mark-sweep generation total 393216K, used 196898K [0x00000000e8000000, 0x0000000100000000, 0x0000000100000000)
 Metaspace       used 41235K, capacity 42497K, committed 42560K, reserved 1087488K
  class space    used 5126K, capacity 5453K, committed 5476K, reserved 1048576K
}
2019-02-21T18:52:25.971-0700: 223.198: Total time for which application threads were stopped: 0.0138651 seconds, Stopping threads took: 0.0000375 seconds
2019-02-21T18:52:25.971-0700: 223.198: [GC (CMS Initial Mark) [1 CMS-initial-mark: 196898K(393216K)] 213085K(502464K), 0.0050136 secs] [Times: user=0.00 sys=0.00, real=0.01 secs] 
2019-02-21T18:52:25.976-0700: 223.203: Total time for which application threads were stopped: 0.0052207 seconds, Stopping threads took: 0.0000725 seconds
2019-02-21T18:52:25.976-0700: 223.203: [CMS-concurrent-mark-start]
2019-02-21T18:52:25.977-0700: 223.203: Total time for which application threads were stopped: 0.0004200 seconds, Stopping threads took: 0.0001717 seconds
2019-02-21T18:52:26.001-0700: 223.227: [CMS-concurrent-mark: 0.022/0.024 secs] [Times: user=0.14 sys=0.03, real=0.02 secs] 
2019-02-21T18:52:26.001-0700: 223.228: [CMS-concurrent-preclean-start]
2019-02-21T18:52:26.003-0700: 223.230: [CMS-concurrent-preclean: 0.002/0.002 secs] [Times: user=0.00 sys=0.00, real=0.00 secs] 
2019-02-21T18:52:26.003-0700: 223.230: [CMS-concurrent-abortable-preclean-start]
{Heap before GC invocations=135 (full 9):
 par new generation   total 109248K, used 102478K [0x00000000e0000000, 0x00000000e8000000, 0x00000000e8000000)
  eden space 87424K, 100% used [0x00000000e0000000, 0x00000000e5560000, 0x00000000e5560000)
  from space 21824K,  68% used [0x00000000e6ab0000, 0x00000000e7963b00, 0x00000000e8000000)
  to   space 21824K,   0% used [0x00000000e5560000, 0x00000000e5560000, 0x00000000e6ab0000)
 concurrent mark-sweep generation total 393216K, used 196898K [0x00000000e8000000, 0x0000000100000000, 0x0000000100000000)
 Metaspace       used 41243K, capacity 42497K, committed 42560K, reserved 1087488K
  class space    used 5126K, capacity 5453K, committed 5476K, reserved 1048576K
2019-02-21T18:52:26.192-0700: 223.418: [GC (Allocation Failure) 2019-02-21T18:52:26.192-0700: 223.419: [ParNew
Desired survivor size 20112992 bytes, new threshold 8 (max 8)
- age   1:     437160 bytes,     437160 total
- age   2:    3678288 bytes,    4115448 total
- age   3:    3861592 bytes,    7977040 total
- age   4:    2163480 bytes,   10140520 total
- age   5:     228216 bytes,   10368736 total
- age   6:      46416 bytes,   10415152 total
- age   7:     251720 bytes,   10666872 total
- age   8:     173936 bytes,   10840808 total
: 102478K->15011K(109248K), 0.0157897 secs] 299377K->212095K(502464K), 0.0158910 secs] [Times: user=0.06 sys=0.00, real=0.02 secs] 
Heap after GC invocations=136 (full 9):
 par new generation   total 109248K, used 15011K [0x00000000e0000000, 0x00000000e8000000, 0x00000000e8000000)
  eden space 87424K,   0% used [0x00000000e0000000, 0x00000000e0000000, 0x00000000e5560000)
  from space 21824K,  68% used [0x00000000e5560000, 0x00000000e6408cb0, 0x00000000e6ab0000)
  to   space 21824K,   0% used [0x00000000e6ab0000, 0x00000000e6ab0000, 0x00000000e8000000)
 concurrent mark-sweep generation total 393216K, used 197084K [0x00000000e8000000, 0x0000000100000000, 0x0000000100000000)
 Metaspace       used 41243K, capacity 42497K, committed 42560K, reserved 1087488K
  class space    used 5126K, capacity 5453K, committed 5476K, reserved 1048576K
}
2019-02-21T18:52:26.208-0700: 223.434: Total time for which application threads were stopped: 0.0162354 seconds, Stopping threads took: 0.0000391 seconds
2019-02-21T18:52:26.208-0700: 223.435: [CMS-concurrent-abortable-preclean: 0.110/0.205 secs] [Times: user=0.41 sys=0.06, real=0.20 secs] 
2019-02-21T18:52:26.208-0700: 223.435: [GC (CMS Final Remark) [YG occupancy: 16348 K (109248 K)]{Heap before GC invocations=136 (full 9):
 par new generation   total 109248K, used 16348K [0x00000000e0000000, 0x00000000e8000000, 0x00000000e8000000)
  eden space 87424K,   1% used [0x00000000e0000000, 0x00000000e014e690, 0x00000000e5560000)
  from space 21824K,  68% used [0x00000000e5560000, 0x00000000e6408cb0, 0x00000000e6ab0000)
  to   space 21824K,   0% used [0x00000000e6ab0000, 0x00000000e6ab0000, 0x00000000e8000000)
 concurrent mark-sweep generation total 393216K, used 197084K [0x00000000e8000000, 0x0000000100000000, 0x0000000100000000)
 Metaspace       used 41243K, capacity 42497K, committed 42560K, reserved 1087488K
  class space    used 5126K, capacity 5453K, committed 5476K, reserved 1048576K
2019-02-21T18:52:26.208-0700: 223.435: [GC (CMS Final Remark) 2019-02-21T18:52:26.208-0700: 223.435: [ParNew
Desired survivor size 20112992 bytes, new threshold 8 (max 8)
- age   1:       8624 bytes,       8624 total
- age   2:     432248 bytes,     440872 total
- age   3:    3674312 bytes,    4115184 total
- age   4:    3861592 bytes,    7976776 total
- age   5:    2163480 bytes,   10140256 total
- age   6:     228216 bytes,   10368472 total
- age   7:      46416 bytes,   10414888 total
- age   8:     251720 bytes,   10666608 total
: 16348K->12305K(109248K), 0.0178542 secs] 213433K->209566K(502464K), 0.0179282 secs] [Times: user=0.08 sys=0.00, real=0.02 secs] 
Heap after GC invocations=137 (full 9):
 par new generation   total 109248K, used 12305K [0x00000000e0000000, 0x00000000e8000000, 0x00000000e8000000)
  eden space 87424K,   0% used [0x00000000e0000000, 0x00000000e0000000, 0x00000000e5560000)
  from space 21824K,  56% used [0x00000000e6ab0000, 0x00000000e76b4428, 0x00000000e8000000)
  to   space 21824K,   0% used [0x00000000e5560000, 0x00000000e5560000, 0x00000000e6ab0000)
 concurrent mark-sweep generation total 393216K, used 197261K [0x00000000e8000000, 0x0000000100000000, 0x0000000100000000)
 Metaspace       used 41243K, capacity 42497K, committed 42560K, reserved 1087488K
  class space    used 5126K, capacity 5453K, committed 5476K, reserved 1048576K
}
2019-02-21T18:52:26.226-0700: 223.453: [Rescan (parallel) , 0.0052917 secs]2019-02-21T18:52:26.232-0700: 223.458: [weak refs processing, 0.0020675 secs]2019-02-21T18:52:26.234-0700: 223.460: [class unloading, 0.0098344 secs]2019-02-21T18:52:26.244-0700: 223.470: [scrub symbol table, 0.0073073 secs]2019-02-21T18:52:26.251-0700: 223.478: [scrub string table, 0.0007397 secs][1 CMS-remark: 197261K(393216K)] 209566K(502464K), 0.0439353 secs] [Times: user=0.11 sys=0.00, real=0.04 secs] 
2019-02-21T18:52:26.252-0700: 223.479: Total time for which application threads were stopped: 0.0441717 seconds, Stopping threads took: 0.0000751 seconds
2019-02-21T18:52:26.252-0700: 223.479: [CMS-concurrent-sweep-start]
2019-02-21T18:52:26.352-0700: 223.578: [CMS-concurrent-sweep: 0.099/0.099 secs] [Times: user=0.23 sys=0.00, real=0.10 secs] 
2019-02-21T18:52:26.352-0700: 223.579: [CMS-concurrent-reset-start]
2019-02-21T18:52:26.353-0700: 223.579: [CMS-concurrent-reset: 0.001/0.001 secs] [Times: user=0.00 sys=0.00, real=0.00 secs] 
{Heap before GC invocations=137 (full 9):
 par new generation   total 109248K, used 99729K [0x00000000e0000000, 0x00000000e8000000, 0x00000000e8000000)
  eden space 87424K, 100% used [0x00000000e0000000, 0x00000000e5560000, 0x00000000e5560000)
  from space 21824K,  56% used [0x00000000e6ab0000, 0x00000000e76b4428, 0x00000000e8000000)
  to   space 21824K,   0% used [0x00000000e5560000, 0x00000000e5560000, 0x00000000e6ab0000)
 concurrent mark-sweep generation total 393216K, used 37799K [0x00000000e8000000, 0x0000000100000000, 0x0000000100000000)
 Metaspace       used 41243K, capacity 42497K, committed 42560K, reserved 1087488K
  class space    used 5126K, capacity 5453K, committed 5476K, reserved 1048576K
2019-02-21T18:52:26.490-0700: 223.717: [GC (Allocation Failure) 2019-02-21T18:52:26.490-0700: 223.717: [ParNew
Desired survivor size 20112992 bytes, new threshold 8 (max 8)
- age   1:     192504 bytes,     192504 total
- age   3:     347000 bytes,     539504 total
- age   4:    3676840 bytes,    4216344 total
- age   5:    3861592 bytes,    8077936 total
- age   6:    2163480 bytes,   10241416 total
- age   7:     227344 bytes,   10468760 total
- age   8:      28184 bytes,   10496944 total
: 99729K->18356K(109248K), 0.0186875 secs] 137528K->56396K(502464K), 0.0188324 secs] [Times: user=0.06 sys=0.00, real=0.02 secs] 
Heap after GC invocations=138 (full 9):
 par new generation   total 109248K, used 18356K [0x00000000e0000000, 0x00000000e8000000, 0x00000000e8000000)
  eden space 87424K,   0% used [0x00000000e0000000, 0x00000000e0000000, 0x00000000e5560000)
  from space 21824K,  84% used [0x00000000e5560000, 0x00000000e674d140, 0x00000000e6ab0000)
  to   space 21824K,   0% used [0x00000000e6ab0000, 0x00000000e6ab0000, 0x00000000e8000000)
 concurrent mark-sweep generation total 393216K, used 38040K [0x00000000e8000000, 0x0000000100000000, 0x0000000100000000)
 Metaspace       used 41243K, capacity 42497K, committed 42560K, reserved 1087488K
  class space    used 5126K, capacity 5453K, committed 5476K, reserved 1048576K
}
2019-02-21T18:52:26.509-0700: 223.736: Total time for which application threads were stopped: 0.0193084 seconds, Stopping threads took: 0.0000535 seconds
2019-02-21T18:52:26.743-0700: 223.970: Total time for which application threads were stopped: 0.0002288 seconds, Stopping threads took: 0.0000894 seconds
2019-02-21T18:52:26.744-0700: 223.970: Total time for which application threads were stopped: 0.0001809 seconds, Stopping threads took: 0.0000828 seconds
{Heap before GC invocations=138 (full 9):
 par new generation   total 109248K, used 105780K [0x00000000e0000000, 0x00000000e8000000, 0x00000000e8000000)
  eden space 87424K, 100% used [0x00000000e0000000, 0x00000000e5560000, 0x00000000e5560000)
  from space 21824K,  84% used [0x00000000e5560000, 0x00000000e674d140, 0x00000000e6ab0000)
  to   space 21824K,   0% used [0x00000000e6ab0000, 0x00000000e6ab0000, 0x00000000e8000000)
 concurrent mark-sweep generation total 393216K, used 38040K [0x00000000e8000000, 0x0000000100000000, 0x0000000100000000)
 Metaspace       used 41244K, capacity 42497K, committed 42560K, reserved 1087488K
  class space    used 5126K, capacity 5453K, committed 5476K, reserved 1048576K
2019-02-21T18:52:26.759-0700: 223.986: [GC (Allocation Failure) 2019-02-21T18:52:26.759-0700: 223.986: [ParNew
Desired survivor size 20112992 bytes, new threshold 8 (max 8)
- age   1:    1771160 bytes,    1771160 total
- age   2:       1144 bytes,    1772304 total
- age   4:     325808 bytes,    2098112 total
- age   5:    3670952 bytes,    5769064 total
- age   6:    3860472 bytes,    9629536 total
- age   7:    2164128 bytes,   11793664 total
- age   8:     227344 bytes,   12021008 total
: 105780K->13354K(109248K), 0.0166035 secs] 143820K->51432K(502464K), 0.0167094 secs] [Times: user=0.06 sys=0.00, real=0.02 secs] 
Heap after GC invocations=139 (full 9):
 par new generation   total 109248K, used 13354K [0x00000000e0000000, 0x00000000e8000000, 0x00000000e8000000)
  eden space 87424K,   0% used [0x00000000e0000000, 0x00000000e0000000, 0x00000000e5560000)
  from space 21824K,  61% used [0x00000000e6ab0000, 0x00000000e77ba800, 0x00000000e8000000)
  to   space 21824K,   0% used [0x00000000e5560000, 0x00000000e5560000, 0x00000000e6ab0000)
 concurrent mark-sweep generation total 393216K, used 38078K [0x00000000e8000000, 0x0000000100000000, 0x0000000100000000)
 Metaspace       used 41244K, capacity 42497K, committed 42560K, reserved 1087488K
  class space    used 5126K, capacity 5453K, committed 5476K, reserved 1048576K
}
2019-02-21T18:52:26.776-0700: 224.003: Total time for which application threads were stopped: 0.0171072 seconds, Stopping threads took: 0.0000761 seconds
2019-02-21T18:52:26.798-0700: 224.025: Total time for which application threads were stopped: 0.0002586 seconds, Stopping threads took: 0.0001537 seconds
2019-02-21T18:52:26.819-0700: 224.045: Total time for which application threads were stopped: 0.0003105 seconds, Stopping threads took: 0.0001907 seconds
2019-02-21T18:52:26.819-0700: 224.046: Total time for which application threads were stopped: 0.0001378 seconds, Stopping threads took: 0.0000596 seconds
{Heap before GC invocations=139 (full 9):
 par new generation   total 109248K, used 100778K [0x00000000e0000000, 0x00000000e8000000, 0x00000000e8000000)
  eden space 87424K, 100% used [0x00000000e0000000, 0x00000000e5560000, 0x00000000e5560000)
  from space 21824K,  61% used [0x00000000e6ab0000, 0x00000000e77ba800, 0x00000000e8000000)
  to   space 21824K,   0% used [0x00000000e5560000, 0x00000000e5560000, 0x00000000e6ab0000)
 concurrent mark-sweep generation total 393216K, used 38078K [0x00000000e8000000, 0x0000000100000000, 0x0000000100000000)
 Metaspace       used 41285K, capacity 42515K, committed 42560K, reserved 1087488K
  class space    used 5131K, capacity 5457K, committed 5476K, reserved 1048576K
2019-02-21T18:52:27.000-0700: 224.227: [GC (Allocation Failure) 2019-02-21T18:52:27.000-0700: 224.227: [ParNew
Desired survivor size 20112992 bytes, new threshold 8 (max 8)
- age   1:     754896 bytes,     754896 total
- age   2:    1532800 bytes,    2287696 total
- age   3:         32 bytes,    2287728 total
- age   5:       1536 bytes,    2289264 total
- age   6:     354064 bytes,    2643328 total
- age   7:    3860472 bytes,    6503800 total
- age   8:    2163480 bytes,    8667280 total
: 100778K->10018K(109248K), 0.0147328 secs] 138856K->48318K(502464K), 0.0148408 secs] [Times: user=0.09 sys=0.00, real=0.02 secs] 
Heap after GC invocations=140 (full 9):
 par new generation   total 109248K, used 10018K [0x00000000e0000000, 0x00000000e8000000, 0x00000000e8000000)
  eden space 87424K,   0% used [0x00000000e0000000, 0x00000000e0000000, 0x00000000e5560000)
  from space 21824K,  45% used [0x00000000e5560000, 0x00000000e5f28800, 0x00000000e6ab0000)
  to   space 21824K,   0% used [0x00000000e6ab0000, 0x00000000e6ab0000, 0x00000000e8000000)
 concurrent mark-sweep generation total 393216K, used 38300K [0x00000000e8000000, 0x0000000100000000, 0x0000000100000000)
 Metaspace       used 41285K, capacity 42515K, committed 42560K, reserved 1087488K
  class space    used 5131K, capacity 5457K, committed 5476K, reserved 1048576K
}
2019-02-21T18:52:27.015-0700: 224.242: Total time for which application threads were stopped: 0.0152921 seconds, Stopping threads took: 0.0000458 seconds
2019-02-21T18:52:28.015-0700: 225.242: Total time for which application threads were stopped: 0.0002961 seconds, Stopping threads took: 0.0000524 seconds
2019-02-21T18:52:36.823-0700: 234.050: Total time for which application threads were stopped: 0.0003295 seconds, Stopping threads took: 0.0001167 seconds
2019-02-21T18:52:36.824-0700: 234.051: Total time for which application threads were stopped: 0.0002894 seconds, Stopping threads took: 0.0000730 seconds
2019-02-21T18:52:37.825-0700: 235.051: Total time for which application threads were stopped: 0.0002036 seconds, Stopping threads took: 0.0000658 seconds
2019-02-21T18:52:45.830-0700: 243.056: Total time for which application threads were stopped: 0.0002185 seconds, Stopping threads took: 0.0000627 seconds
2019-02-21T18:52:47.831-0700: 245.058: Total time for which application threads were stopped: 0.0002020 seconds, Stopping threads took: 0.0000601 seconds
2019-02-21T18:53:07.843-0700: 265.069: Total time for which application threads were stopped: 0.0002550 seconds, Stopping threads took: 0.0000864 seconds
2019-02-21T18:53:20.822-0700: 278.049: Total time for which application threads were stopped: 0.0002622 seconds, Stopping threads took: 0.0000689 seconds
2019-02-21T18:53:20.823-0700: 278.049: Total time for which application threads were stopped: 0.0003686 seconds, Stopping threads took: 0.0001743 seconds
2019-02-21T18:53:20.823-0700: 278.050: Total time for which application threads were stopped: 0.0002514 seconds, Stopping threads took: 0.0000889 seconds
2019-02-21T18:53:20.824-0700: 278.050: Total time for which application threads were stopped: 0.0003372 seconds, Stopping threads took: 0.0001110 seconds
2019-02-21T18:53:20.825-0700: 278.051: Total time for which application threads were stopped: 0.0004884 seconds, Stopping threads took: 0.0003028 seconds
2019-02-21T18:53:20.825-0700: 278.052: Total time for which application threads were stopped: 0.0003362 seconds, Stopping threads took: 0.0001835 seconds
2019-02-21T18:53:37.832-0700: 295.059: Total time for which application threads were stopped: 0.0002442 seconds, Stopping threads took: 0.0000751 seconds
2019-02-21T18:53:45.836-0700: 303.062: Total time for which application threads were stopped: 0.0002966 seconds, Stopping threads took: 0.0000838 seconds
2019-02-21T18:53:57.840-0700: 315.067: Total time for which application threads were stopped: 0.0002812 seconds, Stopping threads took: 0.0000828 seconds
2019-02-21T18:54:08.846-0700: 326.072: Total time for which application threads were stopped: 0.0002339 seconds, Stopping threads took: 0.0000776 seconds
2019-02-21T18:54:38.859-0700: 356.085: Total time for which application threads were stopped: 0.0002534 seconds, Stopping threads took: 0.0000725 seconds
2019-02-21T18:54:45.863-0700: 363.089: Total time for which application threads were stopped: 0.0002390 seconds, Stopping threads took: 0.0000704 seconds
2019-02-21T18:54:58.869-0700: 376.095: Total time for which application threads were stopped: 0.0002637 seconds, Stopping threads took: 0.0000848 seconds
2019-02-21T18:55:45.891-0700: 423.118: Total time for which application threads were stopped: 0.0005444 seconds, Stopping threads took: 0.0001480 seconds
2019-02-21T18:55:58.896-0700: 436.123: Total time for which application threads were stopped: 0.0002760 seconds, Stopping threads took: 0.0000797 seconds
2019-02-21T18:56:08.904-0700: 446.130: Total time for which application threads were stopped: 0.0002421 seconds, Stopping threads took: 0.0000576 seconds
2019-02-21T18:56:45.922-0700: 483.149: Total time for which application threads were stopped: 0.0005475 seconds, Stopping threads took: 0.0002246 seconds
2019-02-21T18:56:48.924-0700: 486.151: Total time for which application threads were stopped: 0.0002303 seconds, Stopping threads took: 0.0000756 seconds
2019-02-21T18:56:58.929-0700: 496.156: Total time for which application threads were stopped: 0.0003161 seconds, Stopping threads took: 0.0001090 seconds
2019-02-21T18:57:05.822-0700: 503.050: Total time for which application threads were stopped: 0.0000858 seconds, Stopping threads took: 0.0000272 seconds
2019-02-21T18:57:05.823-0700: 503.050: Total time for which application threads were stopped: 0.0000637 seconds, Stopping threads took: 0.0000164 seconds
2019-02-21T18:57:05.823-0700: 503.050: Total time for which application threads were stopped: 0.0001676 seconds, Stopping threads took: 0.0000154 seconds
2019-02-21T18:57:05.832-0700: 503.059: Total time for which application threads were stopped: 0.0001028 seconds, Stopping threads took: 0.0000334 seconds
2019-02-21T18:57:05.839-0700: 503.066: Total time for which application threads were stopped: 0.0000977 seconds, Stopping threads took: 0.0000236 seconds
2019-02-21T18:57:05.853-0700: 503.080: Total time for which application threads were stopped: 0.0001398 seconds, Stopping threads took: 0.0000447 seconds
2019-02-21T18:57:05.856-0700: 503.083: Total time for which application threads were stopped: 0.0000946 seconds, Stopping threads took: 0.0000308 seconds
2019-02-21T18:57:05.856-0700: 503.083: Total time for which application threads were stopped: 0.0000673 seconds, Stopping threads took: 0.0000175 seconds
2019-02-21T18:57:05.932-0700: 503.159: Total time for which application threads were stopped: 0.0008559 seconds, Stopping threads took: 0.0000380 seconds
2019-02-21T18:57:05.939-0700: 503.166: Total time for which application threads were stopped: 0.0001758 seconds, Stopping threads took: 0.0000576 seconds
2019-02-21T18:57:05.968-0700: 503.195: Total time for which application threads were stopped: 0.0002149 seconds, Stopping threads took: 0.0001059 seconds
2019-02-21T18:57:05.969-0700: 503.196: Total time for which application threads were stopped: 0.0003341 seconds, Stopping threads took: 0.0001984 seconds
2019-02-21T18:57:05.970-0700: 503.197: Total time for which application threads were stopped: 0.0002555 seconds, Stopping threads took: 0.0001588 seconds
2019-02-21T18:57:05.970-0700: 503.197: Total time for which application threads were stopped: 0.0001409 seconds, Stopping threads took: 0.0000576 seconds
2019-02-21T18:57:05.970-0700: 503.197: Total time for which application threads were stopped: 0.0001249 seconds, Stopping threads took: 0.0000468 seconds
2019-02-21T18:57:05.971-0700: 503.197: Total time for which application threads were stopped: 0.0002349 seconds, Stopping threads took: 0.0001542 seconds
2019-02-21T18:57:05.971-0700: 503.198: Total time for which application threads were stopped: 0.0001074 seconds, Stopping threads took: 0.0000375 seconds
2019-02-21T18:57:05.972-0700: 503.199: Total time for which application threads were stopped: 0.0006143 seconds, Stopping threads took: 0.0004904 seconds
2019-02-21T18:57:05.973-0700: 503.199: Total time for which application threads were stopped: 0.0002077 seconds, Stopping threads took: 0.0000951 seconds
2019-02-21T18:57:05.973-0700: 503.200: Total time for which application threads were stopped: 0.0001383 seconds, Stopping threads took: 0.0000622 seconds
2019-02-21T18:57:05.978-0700: 503.204: Total time for which application threads were stopped: 0.0030036 seconds, Stopping threads took: 0.0005428 seconds
2019-02-21T18:57:05.978-0700: 503.204: Total time for which application threads were stopped: 0.0002647 seconds, Stopping threads took: 0.0001064 seconds
2019-02-21T18:57:05.978-0700: 503.205: Total time for which application threads were stopped: 0.0005326 seconds, Stopping threads took: 0.0000643 seconds
2019-02-21T18:57:05.982-0700: 503.209: Total time for which application threads were stopped: 0.0002483 seconds, Stopping threads took: 0.0000761 seconds
2019-02-21T18:57:05.983-0700: 503.210: Total time for which application threads were stopped: 0.0009983 seconds, Stopping threads took: 0.0000427 seconds
2019-02-21T18:57:05.989-0700: 503.216: Total time for which application threads were stopped: 0.0005891 seconds, Stopping threads took: 0.0004436 seconds
2019-02-21T18:57:05.993-0700: 503.219: Total time for which application threads were stopped: 0.0016054 seconds, Stopping threads took: 0.0013607 seconds
2019-02-21T18:57:05.993-0700: 503.220: Total time for which application threads were stopped: 0.0003537 seconds, Stopping threads took: 0.0001167 seconds
2019-02-21T18:57:05.994-0700: 503.221: Total time for which application threads were stopped: 0.0007803 seconds, Stopping threads took: 0.0001547 seconds
2019-02-21T18:57:05.995-0700: 503.222: Total time for which application threads were stopped: 0.0003136 seconds, Stopping threads took: 0.0000982 seconds
2019-02-21T18:57:05.996-0700: 503.222: Total time for which application threads were stopped: 0.0003110 seconds, Stopping threads took: 0.0001028 seconds
2019-02-21T18:57:05.996-0700: 503.223: Total time for which application threads were stopped: 0.0002072 seconds, Stopping threads took: 0.0000673 seconds
2019-02-21T18:57:06.012-0700: 503.238: Total time for which application threads were stopped: 0.0010312 seconds, Stopping threads took: 0.0000817 seconds
2019-02-21T18:57:06.065-0700: 503.291: Total time for which application threads were stopped: 0.0008898 seconds, Stopping threads took: 0.0000391 seconds
2019-02-21T18:57:07.065-0700: 504.291: Total time for which application threads were stopped: 0.0001763 seconds, Stopping threads took: 0.0000437 seconds
2019-02-21T18:57:10.066-0700: 507.293: Total time for which application threads were stopped: 0.0003223 seconds, Stopping threads took: 0.0000792 seconds
2019-02-21T18:57:12.880-0700: 510.107: Total time for which application threads were stopped: 0.0005495 seconds, Stopping threads took: 0.0001933 seconds
2019-02-21T18:57:12.914-0700: 510.141: Total time for which application threads were stopped: 0.0002452 seconds, Stopping threads took: 0.0000627 seconds
2019-02-21T18:57:12.916-0700: 510.143: Total time for which application threads were stopped: 0.0003218 seconds, Stopping threads took: 0.0001182 seconds
2019-02-21T18:57:12.917-0700: 510.144: Total time for which application threads were stopped: 0.0001876 seconds, Stopping threads took: 0.0000473 seconds
2019-02-21T18:57:13.918-0700: 511.144: Total time for which application threads were stopped: 0.0002668 seconds, Stopping threads took: 0.0000514 seconds
2019-02-21T18:57:19.472-0700: 516.698: Total time for which application threads were stopped: 0.0003609 seconds, Stopping threads took: 0.0000802 seconds
2019-02-21T18:57:19.472-0700: 516.699: Total time for which application threads were stopped: 0.0003681 seconds, Stopping threads took: 0.0000874 seconds
2019-02-21T18:57:29.047-0700: 526.273: Total time for which application threads were stopped: 0.0001845 seconds, Stopping threads took: 0.0000463 seconds
2019-02-21T18:57:29.053-0700: 526.280: Total time for which application threads were stopped: 0.0001522 seconds, Stopping threads took: 0.0000422 seconds
2019-02-21T18:57:29.085-0700: 526.311: Total time for which application threads were stopped: 0.0002570 seconds, Stopping threads took: 0.0000925 seconds
2019-02-21T18:57:29.086-0700: 526.312: Total time for which application threads were stopped: 0.0001732 seconds, Stopping threads took: 0.0000380 seconds
2019-02-21T18:57:29.089-0700: 526.316: Total time for which application threads were stopped: 0.0001866 seconds, Stopping threads took: 0.0000792 seconds
2019-02-21T18:57:29.094-0700: 526.321: Total time for which application threads were stopped: 0.0005922 seconds, Stopping threads took: 0.0000879 seconds
2019-02-21T18:57:30.095-0700: 527.321: Total time for which application threads were stopped: 0.0002288 seconds, Stopping threads took: 0.0000848 seconds
2019-02-21T18:57:32.897-0700: 530.124: Total time for which application threads were stopped: 0.0006215 seconds, Stopping threads took: 0.0000673 seconds
2019-02-21T18:57:32.914-0700: 530.141: Total time for which application threads were stopped: 0.0002534 seconds, Stopping threads took: 0.0001198 seconds
2019-02-21T18:57:33.915-0700: 531.142: Total time for which application threads were stopped: 0.0003727 seconds, Stopping threads took: 0.0000972 seconds
2019-02-21T18:57:37.916-0700: 535.142: Total time for which application threads were stopped: 0.0002159 seconds, Stopping threads took: 0.0000751 seconds
2019-02-21T18:57:39.917-0700: 537.143: Total time for which application threads were stopped: 0.0003275 seconds, Stopping threads took: 0.0001080 seconds
2019-02-21T18:57:42.918-0700: 540.144: Total time for which application threads were stopped: 0.0001475 seconds, Stopping threads took: 0.0000380 seconds
2019-02-21T18:57:45.919-0700: 543.146: Total time for which application threads were stopped: 0.0001727 seconds, Stopping threads took: 0.0000488 seconds
2019-02-21T18:57:52.757-0700: 549.983: Total time for which application threads were stopped: 0.0015987 seconds, Stopping threads took: 0.0000884 seconds
2019-02-21T18:57:53.758-0700: 550.984: Total time for which application threads were stopped: 0.0003336 seconds, Stopping threads took: 0.0000874 seconds
2019-02-21T18:58:08.765-0700: 565.992: Total time for which application threads were stopped: 0.0002992 seconds, Stopping threads took: 0.0000817 seconds
{Heap before GC invocations=140 (full 9):
 par new generation   total 109248K, used 97442K [0x00000000e0000000, 0x00000000e8000000, 0x00000000e8000000)
  eden space 87424K, 100% used [0x00000000e0000000, 0x00000000e5560000, 0x00000000e5560000)
  from space 21824K,  45% used [0x00000000e5560000, 0x00000000e5f28800, 0x00000000e6ab0000)
  to   space 21824K,   0% used [0x00000000e6ab0000, 0x00000000e6ab0000, 0x00000000e8000000)
 concurrent mark-sweep generation total 393216K, used 38300K [0x00000000e8000000, 0x0000000100000000, 0x0000000100000000)
 Metaspace       used 42781K, capacity 44077K, committed 44352K, reserved 1087488K
  class space    used 5300K, capacity 5632K, committed 5732K, reserved 1048576K
2019-02-21T18:58:09.584-0700: 566.811: [GC (Allocation Failure) 2019-02-21T18:58:09.584-0700: 566.811: [ParNew
Desired survivor size 20112992 bytes, new threshold 8 (max 8)
- age   1:   11614984 bytes,   11614984 total
- age   2:     491504 bytes,   12106488 total
- age   3:    1532400 bytes,   13638888 total
- age   4:         32 bytes,   13638920 total
- age   6:       1272 bytes,   13640192 total
- age   7:      23744 bytes,   13663936 total
- age   8:    3220480 bytes,   16884416 total
: 97442K->17705K(109248K), 0.0327952 secs] 135742K->58130K(502464K), 0.0329813 secs] [Times: user=0.13 sys=0.00, real=0.03 secs] 
Heap after GC invocations=141 (full 9):
 par new generation   total 109248K, used 17705K [0x00000000e0000000, 0x00000000e8000000, 0x00000000e8000000)
  eden space 87424K,   0% used [0x00000000e0000000, 0x00000000e0000000, 0x00000000e5560000)
  from space 21824K,  81% used [0x00000000e6ab0000, 0x00000000e7bfa500, 0x00000000e8000000)
  to   space 21824K,   0% used [0x00000000e5560000, 0x00000000e5560000, 0x00000000e6ab0000)
 concurrent mark-sweep generation total 393216K, used 40425K [0x00000000e8000000, 0x0000000100000000, 0x0000000100000000)
 Metaspace       used 42781K, capacity 44077K, committed 44352K, reserved 1087488K
  class space    used 5300K, capacity 5632K, committed 5732K, reserved 1048576K
}
2019-02-21T18:58:09.617-0700: 566.844: Total time for which application threads were stopped: 0.0335010 seconds, Stopping threads took: 0.0000679 seconds
2019-02-21T18:58:10.618-0700: 567.844: Total time for which application threads were stopped: 0.0001979 seconds, Stopping threads took: 0.0000447 seconds
2019-02-21T18:58:21.624-0700: 578.850: Total time for which application threads were stopped: 0.0003018 seconds, Stopping threads took: 0.0000720 seconds
2019-02-21T18:58:22.117-0700: 579.343: Total time for which application threads were stopped: 0.0001126 seconds, Stopping threads took: 0.0000252 seconds
2019-02-21T18:58:23.117-0700: 580.344: Total time for which application threads were stopped: 0.0002940 seconds, Stopping threads took: 0.0000858 seconds
2019-02-21T18:58:30.122-0700: 587.348: Total time for which application threads were stopped: 0.0002539 seconds, Stopping threads took: 0.0000735 seconds
2019-02-21T18:58:46.132-0700: 603.358: Total time for which application threads were stopped: 0.0002524 seconds, Stopping threads took: 0.0000709 seconds
2019-02-21T18:59:10.143-0700: 627.370: Total time for which application threads were stopped: 0.0001820 seconds, Stopping threads took: 0.0000483 seconds
2019-02-21T18:59:46.162-0700: 663.389: Total time for which application threads were stopped: 0.0002488 seconds, Stopping threads took: 0.0000679 seconds
2019-02-21T19:00:28.183-0700: 705.410: Total time for which application threads were stopped: 0.0001655 seconds, Stopping threads took: 0.0000370 seconds
2019-02-21T19:00:38.953-0700: 716.179: Total time for which application threads were stopped: 0.0002627 seconds, Stopping threads took: 0.0000740 seconds
2019-02-21T19:00:39.954-0700: 717.180: Total time for which application threads were stopped: 0.0004452 seconds, Stopping threads took: 0.0000894 seconds
2019-02-21T19:01:46.987-0700: 784.213: Total time for which application threads were stopped: 0.0001959 seconds, Stopping threads took: 0.0000627 seconds
2019-02-21T19:01:49.988-0700: 787.215: Total time for which application threads were stopped: 0.0001614 seconds, Stopping threads took: 0.0000571 seconds
2019-02-21T19:03:30.036-0700: 887.262: Total time for which application threads were stopped: 0.0002257 seconds, Stopping threads took: 0.0000540 seconds
2019-02-21T19:03:47.042-0700: 904.269: Total time for which application threads were stopped: 0.0001198 seconds, Stopping threads took: 0.0000350 seconds
2019-02-21T19:04:30.064-0700: 947.291: Total time for which application threads were stopped: 0.0001516 seconds, Stopping threads took: 0.0000483 seconds
2019-02-21T19:04:47.074-0700: 964.300: Total time for which application threads were stopped: 0.0002406 seconds, Stopping threads took: 0.0000709 seconds
2019-02-21T19:06:47.131-0700: 1084.357: Total time for which application threads were stopped: 0.0002493 seconds, Stopping threads took: 0.0000776 seconds
2019-02-21T19:07:10.144-0700: 1107.371: Total time for which application threads were stopped: 0.0002437 seconds, Stopping threads took: 0.0000689 seconds
2019-02-21T19:07:30.155-0700: 1127.382: Total time for which application threads were stopped: 0.0002874 seconds, Stopping threads took: 0.0000925 seconds
2019-02-21T19:07:40.160-0700: 1137.386: Total time for which application threads were stopped: 0.0002575 seconds, Stopping threads took: 0.0000797 seconds
2019-02-21T19:07:47.164-0700: 1144.390: Total time for which application threads were stopped: 0.0002987 seconds, Stopping threads took: 0.0000761 seconds
2019-02-21T19:07:50.166-0700: 1147.392: Total time for which application threads were stopped: 0.0002827 seconds, Stopping threads took: 0.0000966 seconds
2019-02-21T19:08:10.174-0700: 1167.400: Total time for which application threads were stopped: 0.0003125 seconds, Stopping threads took: 0.0000951 seconds
2019-02-21T19:08:20.180-0700: 1177.406: Total time for which application threads were stopped: 0.0001311 seconds, Stopping threads took: 0.0000416 seconds
2019-02-21T19:08:21.181-0700: 1178.407: Total time for which application threads were stopped: 0.0001409 seconds, Stopping threads took: 0.0000519 seconds
2019-02-21T19:08:40.191-0700: 1197.417: Total time for which application threads were stopped: 0.0002390 seconds, Stopping threads took: 0.0000586 seconds
2019-02-21T19:08:50.193-0700: 1207.419: Total time for which application threads were stopped: 0.0002313 seconds, Stopping threads took: 0.0000617 seconds
2019-02-21T19:09:00.196-0700: 1217.422: Total time for which application threads were stopped: 0.0002802 seconds, Stopping threads took: 0.0000905 seconds
2019-02-21T19:09:41.216-0700: 1258.442: Total time for which application threads were stopped: 0.0002673 seconds, Stopping threads took: 0.0000838 seconds
2019-02-21T19:09:51.221-0700: 1268.447: Total time for which application threads were stopped: 0.0002426 seconds, Stopping threads took: 0.0000617 seconds
2019-02-21T19:10:21.233-0700: 1298.459: Total time for which application threads were stopped: 0.0002539 seconds, Stopping threads took: 0.0000828 seconds
2019-02-21T19:12:21.294-0700: 1418.520: Total time for which application threads were stopped: 0.0002360 seconds, Stopping threads took: 0.0000751 seconds
2019-02-21T19:13:47.337-0700: 1504.564: Total time for which application threads were stopped: 0.0002488 seconds, Stopping threads took: 0.0000766 seconds
2019-02-21T19:15:21.385-0700: 1598.611: Total time for which application threads were stopped: 0.0001044 seconds, Stopping threads took: 0.0000314 seconds
2019-02-21T19:16:11.411-0700: 1648.638: Total time for which application threads were stopped: 0.0002421 seconds, Stopping threads took: 0.0000684 seconds
2019-02-21T19:16:21.415-0700: 1658.642: Total time for which application threads were stopped: 0.0002658 seconds, Stopping threads took: 0.0000771 seconds
2019-02-21T19:17:11.438-0700: 1708.664: Total time for which application threads were stopped: 0.0002724 seconds, Stopping threads took: 0.0000920 seconds
2019-02-21T19:17:51.457-0700: 1748.684: Total time for which application threads were stopped: 0.0003259 seconds, Stopping threads took: 0.0000915 seconds
2019-02-21T19:18:21.474-0700: 1778.700: Total time for which application threads were stopped: 0.0003254 seconds, Stopping threads took: 0.0000869 seconds
2019-02-21T19:18:31.479-0700: 1788.706: Total time for which application threads were stopped: 0.0002586 seconds, Stopping threads took: 0.0000817 seconds
2019-02-21T19:18:47.487-0700: 1804.713: Total time for which application threads were stopped: 0.0003326 seconds, Stopping threads took: 0.0000997 seconds
2019-02-21T19:19:01.494-0700: 1818.721: Total time for which application threads were stopped: 0.0002971 seconds, Stopping threads took: 0.0000833 seconds
2019-02-21T19:20:21.535-0700: 1898.761: Total time for which application threads were stopped: 0.0002473 seconds, Stopping threads took: 0.0000751 seconds
2019-02-21T19:20:47.547-0700: 1924.774: Total time for which application threads were stopped: 0.0002683 seconds, Stopping threads took: 0.0000879 seconds
2019-02-21T19:21:01.555-0700: 1938.781: Total time for which application threads were stopped: 0.0002462 seconds, Stopping threads took: 0.0000699 seconds
2019-02-21T19:21:47.575-0700: 1984.801: Total time for which application threads were stopped: 0.0003218 seconds, Stopping threads took: 0.0000833 seconds
2019-02-21T19:22:41.601-0700: 2038.827: Total time for which application threads were stopped: 0.0002966 seconds, Stopping threads took: 0.0000833 seconds
2019-02-21T19:22:47.605-0700: 2044.831: Total time for which application threads were stopped: 0.0001542 seconds, Stopping threads took: 0.0000452 seconds
2019-02-21T19:23:01.611-0700: 2058.837: Total time for which application threads were stopped: 0.0002791 seconds, Stopping threads took: 0.0000761 seconds
2019-02-21T19:23:51.637-0700: 2108.864: Total time for which application threads were stopped: 0.0003506 seconds, Stopping threads took: 0.0001002 seconds
2019-02-21T19:24:45.665-0700: 2162.891: Total time for which application threads were stopped: 0.0003028 seconds, Stopping threads took: 0.0000910 seconds
2019-02-21T19:24:51.668-0700: 2168.894: Total time for which application threads were stopped: 0.0002421 seconds, Stopping threads took: 0.0000704 seconds
2019-02-21T19:25:31.690-0700: 2208.917: Total time for which application threads were stopped: 0.0003018 seconds, Stopping threads took: 0.0000961 seconds
2019-02-21T19:26:11.710-0700: 2248.937: Total time for which application threads were stopped: 0.0002570 seconds, Stopping threads took: 0.0000781 seconds
2019-02-21T19:26:41.728-0700: 2278.955: Total time for which application threads were stopped: 0.0002498 seconds, Stopping threads took: 0.0000720 seconds
2019-02-21T19:27:55.763-0700: 2352.990: Total time for which application threads were stopped: 0.0002401 seconds, Stopping threads took: 0.0000689 seconds
2019-02-21T19:28:11.771-0700: 2368.997: Total time for which application threads were stopped: 0.0002601 seconds, Stopping threads took: 0.0000822 seconds
2019-02-21T19:28:21.776-0700: 2379.002: Total time for which application threads were stopped: 0.0002735 seconds, Stopping threads took: 0.0000951 seconds
2019-02-21T19:28:51.789-0700: 2409.016: Total time for which application threads were stopped: 0.0002699 seconds, Stopping threads took: 0.0000848 seconds
2019-02-21T19:29:01.796-0700: 2419.022: Total time for which application threads were stopped: 0.0003136 seconds, Stopping threads took: 0.0001033 seconds
2019-02-21T19:29:11.801-0700: 2429.028: Total time for which application threads were stopped: 0.0002498 seconds, Stopping threads took: 0.0000730 seconds
2019-02-21T19:29:21.806-0700: 2439.032: Total time for which application threads were stopped: 0.0002539 seconds, Stopping threads took: 0.0000781 seconds
2019-02-21T19:29:41.816-0700: 2459.043: Total time for which application threads were stopped: 0.0003228 seconds, Stopping threads took: 0.0000946 seconds
2019-02-21T19:30:01.826-0700: 2479.053: Total time for which application threads were stopped: 0.0003167 seconds, Stopping threads took: 0.0001008 seconds
2019-02-21T19:30:41.846-0700: 2519.073: Total time for which application threads were stopped: 0.0002709 seconds, Stopping threads took: 0.0000812 seconds
2019-02-21T19:30:48.850-0700: 2526.076: Total time for which application threads were stopped: 0.0002632 seconds, Stopping threads took: 0.0000709 seconds
2019-02-21T19:31:01.855-0700: 2539.082: Total time for which application threads were stopped: 0.0002755 seconds, Stopping threads took: 0.0000822 seconds
2019-02-21T19:31:11.860-0700: 2549.087: Total time for which application threads were stopped: 0.0002606 seconds, Stopping threads took: 0.0000730 seconds
2019-02-21T19:31:21.867-0700: 2559.094: Total time for which application threads were stopped: 0.0002246 seconds, Stopping threads took: 0.0000658 seconds
2019-02-21T19:31:31.874-0700: 2569.100: Total time for which application threads were stopped: 0.0003382 seconds, Stopping threads took: 0.0000941 seconds
2019-02-21T19:32:31.922-0700: 2629.149: Total time for which application threads were stopped: 0.0002550 seconds, Stopping threads took: 0.0000751 seconds
2019-02-21T19:33:11.942-0700: 2669.168: Total time for which application threads were stopped: 0.0002642 seconds, Stopping threads took: 0.0000838 seconds
2019-02-21T19:33:41.956-0700: 2699.183: Total time for which application threads were stopped: 0.0002375 seconds, Stopping threads took: 0.0000699 seconds
2019-02-21T19:35:22.004-0700: 2799.230: Total time for which application threads were stopped: 0.0002190 seconds, Stopping threads took: 0.0000617 seconds
2019-02-21T19:36:43.037-0700: 2880.264: Total time for which application threads were stopped: 0.0002010 seconds, Stopping threads took: 0.0000581 seconds
2019-02-21T19:37:23.057-0700: 2920.284: Total time for which application threads were stopped: 0.0002483 seconds, Stopping threads took: 0.0000709 seconds
2019-02-21T19:37:33.062-0700: 2930.289: Total time for which application threads were stopped: 0.0002940 seconds, Stopping threads took: 0.0001223 seconds
2019-02-21T19:38:32.092-0700: 2989.318: Total time for which application threads were stopped: 0.0002267 seconds, Stopping threads took: 0.0000607 seconds
2019-02-21T19:39:43.134-0700: 3060.361: Total time for which application threads were stopped: 0.0003151 seconds, Stopping threads took: 0.0000864 seconds
2019-02-21T19:40:43.170-0700: 3120.396: Total time for which application threads were stopped: 0.0003233 seconds, Stopping threads took: 0.0001141 seconds
2019-02-21T19:40:49.173-0700: 3126.399: Total time for which application threads were stopped: 0.0002678 seconds, Stopping threads took: 0.0000771 seconds
2019-02-21T19:41:33.199-0700: 3170.426: Total time for which application threads were stopped: 0.0001938 seconds, Stopping threads took: 0.0000529 seconds
2019-02-21T19:41:43.205-0700: 3180.432: Total time for which application threads were stopped: 0.0003311 seconds, Stopping threads took: 0.0000930 seconds
2019-02-21T19:41:49.209-0700: 3186.435: Total time for which application threads were stopped: 0.0003048 seconds, Stopping threads took: 0.0001018 seconds
2019-02-21T19:42:23.224-0700: 3220.451: Total time for which application threads were stopped: 0.0003131 seconds, Stopping threads took: 0.0000874 seconds
2019-02-21T19:44:23.288-0700: 3340.515: Total time for which application threads were stopped: 0.0001321 seconds, Stopping threads took: 0.0000355 seconds
2019-02-21T19:44:49.302-0700: 3366.528: Total time for which application threads were stopped: 0.0002663 seconds, Stopping threads took: 0.0000833 seconds
2019-02-21T19:46:53.366-0700: 3490.592: Total time for which application threads were stopped: 0.0002976 seconds, Stopping threads took: 0.0000905 seconds
2019-02-21T19:47:03.370-0700: 3500.597: Total time for which application threads were stopped: 0.0002719 seconds, Stopping threads took: 0.0000828 seconds
2019-02-21T19:48:53.425-0700: 3610.651: Total time for which application threads were stopped: 0.0002951 seconds, Stopping threads took: 0.0000848 seconds
2019-02-21T19:50:13.464-0700: 3690.690: Total time for which application threads were stopped: 0.0002802 seconds, Stopping threads took: 0.0000987 seconds
2019-02-21T19:51:49.495-0700: 3786.721: Total time for which application threads were stopped: 0.0002622 seconds, Stopping threads took: 0.0000864 seconds
2019-02-21T19:52:53.515-0700: 3850.742: Total time for which application threads were stopped: 0.0002781 seconds, Stopping threads took: 0.0000751 seconds
2019-02-21T19:55:49.572-0700: 4026.799: Total time for which application threads were stopped: 0.0002673 seconds, Stopping threads took: 0.0000715 seconds
2019-02-21T19:58:53.632-0700: 4210.858: Total time for which application threads were stopped: 0.0001558 seconds, Stopping threads took: 0.0000396 seconds
2019-02-21T19:59:33.645-0700: 4250.871: Total time for which application threads were stopped: 0.0002221 seconds, Stopping threads took: 0.0000591 seconds
2019-02-21T19:59:35.645-0700: 4252.872: Total time for which application threads were stopped: 0.0002766 seconds, Stopping threads took: 0.0000797 seconds
2019-02-21T20:00:25.662-0700: 4302.888: Total time for which application threads were stopped: 0.0000966 seconds, Stopping threads took: 0.0000293 seconds
2019-02-21T20:01:15.678-0700: 4352.904: Total time for which application threads were stopped: 0.0000961 seconds, Stopping threads took: 0.0000283 seconds
2019-02-21T20:01:44.687-0700: 4381.914: Total time for which application threads were stopped: 0.0004637 seconds, Stopping threads took: 0.0000807 seconds
{Heap before GC invocations=141 (full 9):
 par new generation   total 109248K, used 105129K [0x00000000e0000000, 0x00000000e8000000, 0x00000000e8000000)
  eden space 87424K, 100% used [0x00000000e0000000, 0x00000000e5560000, 0x00000000e5560000)
  from space 21824K,  81% used [0x00000000e6ab0000, 0x00000000e7bfa500, 0x00000000e8000000)
  to   space 21824K,   0% used [0x00000000e5560000, 0x00000000e5560000, 0x00000000e6ab0000)
 concurrent mark-sweep generation total 393216K, used 40425K [0x00000000e8000000, 0x0000000100000000, 0x0000000100000000)
 Metaspace       used 43402K, capacity 44745K, committed 44864K, reserved 1089536K
  class space    used 5308K, capacity 5634K, committed 5732K, reserved 1048576K
2019-02-21T20:01:49.641-0700: 4386.867: [GC (Allocation Failure) 2019-02-21T20:01:49.641-0700: 4386.867: [ParNew
Desired survivor size 20112992 bytes, new threshold 8 (max 8)
- age   1:    1037592 bytes,    1037592 total
- age   2:   10494240 bytes,   11531832 total
- age   3:     420392 bytes,   11952224 total
- age   4:    1532400 bytes,   13484624 total
- age   5:         32 bytes,   13484656 total
- age   7:       1272 bytes,   13485928 total
- age   8:      23648 bytes,   13509576 total
: 105129K->21824K(109248K), 0.0285589 secs] 145554K->65468K(502464K), 0.0286848 secs] [Times: user=0.05 sys=0.01, real=0.03 secs] 
Heap after GC invocations=142 (full 9):
 par new generation   total 109248K, used 21824K [0x00000000e0000000, 0x00000000e8000000, 0x00000000e8000000)
  eden space 87424K,   0% used [0x00000000e0000000, 0x00000000e0000000, 0x00000000e5560000)
  from space 21824K, 100% used [0x00000000e5560000, 0x00000000e6ab0000, 0x00000000e6ab0000)
  to   space 21824K,   0% used [0x00000000e6ab0000, 0x00000000e6ab0000, 0x00000000e8000000)
 concurrent mark-sweep generation total 393216K, used 43644K [0x00000000e8000000, 0x0000000100000000, 0x0000000100000000)
 Metaspace       used 43402K, capacity 44745K, committed 44864K, reserved 1089536K
  class space    used 5308K, capacity 5634K, committed 5732K, reserved 1048576K
}
2019-02-21T20:01:49.670-0700: 4386.896: Total time for which application threads were stopped: 0.0290210 seconds, Stopping threads took: 0.0000396 seconds
2019-02-21T20:02:04.674-0700: 4401.901: Total time for which application threads were stopped: 0.0000915 seconds, Stopping threads took: 0.0000370 seconds
2019-02-21T20:02:05.675-0700: 4402.901: Total time for which application threads were stopped: 0.0002565 seconds, Stopping threads took: 0.0000740 seconds
2019-02-21T20:03:34.704-0700: 4491.930: Total time for which application threads were stopped: 0.0003233 seconds, Stopping threads took: 0.0001131 seconds
2019-02-21T20:03:44.707-0700: 4501.933: Total time for which application threads were stopped: 0.0001702 seconds, Stopping threads took: 0.0000483 seconds
2019-02-21T20:04:35.728-0700: 4552.955: Total time for which application threads were stopped: 0.0002313 seconds, Stopping threads took: 0.0000735 seconds
2019-02-21T20:05:04.738-0700: 4581.964: Total time for which application threads were stopped: 0.0002406 seconds, Stopping threads took: 0.0000684 seconds
2019-02-21T20:05:44.751-0700: 4621.977: Total time for which application threads were stopped: 0.0003018 seconds, Stopping threads took: 0.0000915 seconds
2019-02-21T20:08:24.802-0700: 4782.029: Total time for which application threads were stopped: 0.0002534 seconds, Stopping threads took: 0.0000720 seconds
2019-02-21T20:09:04.815-0700: 4822.042: Total time for which application threads were stopped: 0.0002760 seconds, Stopping threads took: 0.0000797 seconds
2019-02-21T20:09:50.830-0700: 4868.056: Total time for which application threads were stopped: 0.0001578 seconds, Stopping threads took: 0.0000437 seconds
2019-02-21T20:11:04.854-0700: 4942.080: Total time for which application threads were stopped: 0.0002462 seconds, Stopping threads took: 0.0000720 seconds
2019-02-21T20:11:34.863-0700: 4972.090: Total time for which application threads were stopped: 0.0002596 seconds, Stopping threads took: 0.0000781 seconds
2019-02-21T20:15:50.947-0700: 5228.174: Total time for which application threads were stopped: 0.0002524 seconds, Stopping threads took: 0.0000715 seconds
2019-02-21T20:19:15.019-0700: 5432.245: Total time for which application threads were stopped: 0.0001948 seconds, Stopping threads took: 0.0000478 seconds
2019-02-21T20:19:25.022-0700: 5442.249: Total time for which application threads were stopped: 0.0001095 seconds, Stopping threads took: 0.0000267 seconds
2019-02-21T20:22:51.090-0700: 5648.317: Total time for which application threads were stopped: 0.0002817 seconds, Stopping threads took: 0.0000802 seconds
2019-02-21T20:24:51.134-0700: 5768.360: Total time for which application threads were stopped: 0.0001712 seconds, Stopping threads took: 0.0000473 seconds
2019-02-21T20:27:06.177-0700: 5903.404: Total time for which application threads were stopped: 0.0003501 seconds, Stopping threads took: 0.0000838 seconds
2019-02-21T20:27:36.187-0700: 5933.414: Total time for which application threads were stopped: 0.0002915 seconds, Stopping threads took: 0.0000776 seconds
2019-02-21T20:29:51.231-0700: 6068.457: Total time for which application threads were stopped: 0.0001624 seconds, Stopping threads took: 0.0000483 seconds
2019-02-21T20:38:51.408-0700: 6608.635: Total time for which application threads were stopped: 0.0004148 seconds, Stopping threads took: 0.0001331 seconds
2019-02-21T20:39:06.413-0700: 6623.640: Total time for which application threads were stopped: 0.0001439 seconds, Stopping threads took: 0.0000504 seconds
2019-02-21T20:45:06.268-0700: 6983.495: Total time for which application threads were stopped: 0.0001866 seconds, Stopping threads took: 0.0000278 seconds
2019-02-21T20:45:57.285-0700: 7034.511: Total time for which application threads were stopped: 0.0000951 seconds, Stopping threads took: 0.0000272 seconds
2019-02-21T20:48:07.327-0700: 7164.554: Total time for which application threads were stopped: 0.0003655 seconds, Stopping threads took: 0.0001023 seconds
2019-02-21T20:48:27.334-0700: 7184.560: Total time for which application threads were stopped: 0.0001475 seconds, Stopping threads took: 0.0000396 seconds
2019-02-21T21:06:07.683-0700: 8244.910: Total time for which application threads were stopped: 0.0001948 seconds, Stopping threads took: 0.0000504 seconds
2019-02-21T21:06:57.699-0700: 8294.926: Total time for which application threads were stopped: 0.0001270 seconds, Stopping threads took: 0.0000350 seconds
2019-02-21T21:09:47.782-0700: 8465.008: Total time for which application threads were stopped: 0.0002786 seconds, Stopping threads took: 0.0000730 seconds
2019-02-21T21:12:03.617-0700: 8600.844: Total time for which application threads were stopped: 0.0004174 seconds, Stopping threads took: 0.0001470 seconds
2019-02-21T21:12:03.617-0700: 8600.844: Total time for which application threads were stopped: 0.0001568 seconds, Stopping threads took: 0.0000427 seconds
2019-02-21T21:12:03.617-0700: 8600.844: Total time for which application threads were stopped: 0.0001748 seconds, Stopping threads took: 0.0000709 seconds
2019-02-21T21:12:03.617-0700: 8600.844: Total time for which application threads were stopped: 0.0001753 seconds, Stopping threads took: 0.0000900 seconds
2019-02-21T21:12:03.618-0700: 8600.845: Total time for which application threads were stopped: 0.0001414 seconds, Stopping threads took: 0.0000689 seconds
2019-02-21T21:12:03.619-0700: 8600.846: Total time for which application threads were stopped: 0.0002632 seconds, Stopping threads took: 0.0000730 seconds
2019-02-21T21:12:03.619-0700: 8600.846: Total time for which application threads were stopped: 0.0003588 seconds, Stopping threads took: 0.0002020 seconds
2019-02-21T21:12:03.620-0700: 8600.847: Total time for which application threads were stopped: 0.0002390 seconds, Stopping threads took: 0.0001203 seconds
2019-02-21T21:12:03.620-0700: 8600.847: Total time for which application threads were stopped: 0.0001409 seconds, Stopping threads took: 0.0000447 seconds
2019-02-21T21:12:03.620-0700: 8600.847: Total time for which application threads were stopped: 0.0001414 seconds, Stopping threads took: 0.0000406 seconds
2019-02-21T21:12:03.620-0700: 8600.847: Total time for which application threads were stopped: 0.0001640 seconds, Stopping threads took: 0.0000822 seconds
2019-02-21T21:12:03.620-0700: 8600.848: Total time for which application threads were stopped: 0.0002159 seconds, Stopping threads took: 0.0001383 seconds
2019-02-21T21:12:03.621-0700: 8600.848: Total time for which application threads were stopped: 0.0001239 seconds, Stopping threads took: 0.0000278 seconds
2019-02-21T21:12:04.622-0700: 8601.848: Total time for which application threads were stopped: 0.0003059 seconds, Stopping threads took: 0.0000776 seconds
2019-02-21T21:12:13.520-0700: 8610.746: Total time for which application threads were stopped: 0.0016157 seconds, Stopping threads took: 0.0000200 seconds
2019-02-21T21:12:14.520-0700: 8611.747: Total time for which application threads were stopped: 0.0001619 seconds, Stopping threads took: 0.0000427 seconds
2019-02-21T21:12:19.522-0700: 8616.748: Total time for which application threads were stopped: 0.0001835 seconds, Stopping threads took: 0.0000478 seconds
2019-02-21T21:15:53.591-0700: 8830.818: Total time for which application threads were stopped: 0.0003963 seconds, Stopping threads took: 0.0001157 seconds
2019-02-21T21:16:53.611-0700: 8890.837: Total time for which application threads were stopped: 0.0005562 seconds, Stopping threads took: 0.0000822 seconds
2019-02-21T21:17:53.630-0700: 8950.856: Total time for which application threads were stopped: 0.0002663 seconds, Stopping threads took: 0.0000715 seconds
2019-02-21T21:19:57.670-0700: 9074.897: Total time for which application threads were stopped: 0.0001311 seconds, Stopping threads took: 0.0000324 seconds
2019-02-21T21:27:25.823-0700: 9523.050: Total time for which application threads were stopped: 0.0004015 seconds, Stopping threads took: 0.0001110 seconds
2019-02-21T21:29:35.169-0700: 9652.395: Total time for which application threads were stopped: 0.0002036 seconds, Stopping threads took: 0.0000365 seconds
2019-02-21T21:38:16.341-0700: 10173.568: Total time for which application threads were stopped: 0.0002442 seconds, Stopping threads took: 0.0000344 seconds
2019-02-21T21:38:19.261-0700: 10176.487: Total time for which application threads were stopped: 0.0003239 seconds, Stopping threads took: 0.0000535 seconds
2019-02-21T21:38:20.070-0700: 10177.297: Total time for which application threads were stopped: 0.0002370 seconds, Stopping threads took: 0.0000370 seconds
{Heap before GC invocations=142 (full 9):
 par new generation   total 109248K, used 109248K [0x00000000e0000000, 0x00000000e8000000, 0x00000000e8000000)
  eden space 87424K, 100% used [0x00000000e0000000, 0x00000000e5560000, 0x00000000e5560000)
  from space 21824K, 100% used [0x00000000e5560000, 0x00000000e6ab0000, 0x00000000e6ab0000)
  to   space 21824K,   0% used [0x00000000e6ab0000, 0x00000000e6ab0000, 0x00000000e8000000)
 concurrent mark-sweep generation total 393216K, used 43644K [0x00000000e8000000, 0x0000000100000000, 0x0000000100000000)
 Metaspace       used 43789K, capacity 45087K, committed 45376K, reserved 1089536K
  class space    used 5320K, capacity 5637K, committed 5732K, reserved 1048576K
2019-02-21T21:38:20.074-0700: 10177.301: [GC (Allocation Failure) 2019-02-21T21:38:20.074-0700: 10177.301: [ParNew
Desired survivor size 20112992 bytes, new threshold 8 (max 8)
- age   1:    6309392 bytes,    6309392 total
- age   2:     736040 bytes,    7045432 total
- age   3:   10450648 bytes,   17496080 total
- age   4:     420112 bytes,   17916192 total
- age   5:    1532400 bytes,   19448592 total
- age   6:         32 bytes,   19448624 total
- age   8:       1272 bytes,   19449896 total
: 109248K->21824K(109248K), 0.0613119 secs] 152892K->65492K(502464K), 0.0614553 secs] [Times: user=0.08 sys=0.14, real=0.06 secs] 
Heap after GC invocations=143 (full 9):
 par new generation   total 109248K, used 21824K [0x00000000e0000000, 0x00000000e8000000, 0x00000000e8000000)
  eden space 87424K,   0% used [0x00000000e0000000, 0x00000000e0000000, 0x00000000e5560000)
  from space 21824K, 100% used [0x00000000e6ab0000, 0x00000000e8000000, 0x00000000e8000000)
  to   space 21824K,   0% used [0x00000000e5560000, 0x00000000e5560000, 0x00000000e6ab0000)
 concurrent mark-sweep generation total 393216K, used 43668K [0x00000000e8000000, 0x0000000100000000, 0x0000000100000000)
 Metaspace       used 43789K, capacity 45087K, committed 45376K, reserved 1089536K
  class space    used 5320K, capacity 5637K, committed 5732K, reserved 1048576K
}
2019-02-21T21:38:20.135-0700: 10177.362: Total time for which application threads were stopped: 0.0618455 seconds, Stopping threads took: 0.0000375 seconds
2019-02-21T21:38:22.677-0700: 10179.904: Total time for which application threads were stopped: 0.0001676 seconds, Stopping threads took: 0.0000411 seconds
2019-02-21T21:38:25.679-0700: 10182.905: Total time for which application threads were stopped: 0.0000833 seconds, Stopping threads took: 0.0000236 seconds
2019-02-21T21:38:54.688-0700: 10211.914: Total time for which application threads were stopped: 0.0000936 seconds, Stopping threads took: 0.0000252 seconds
2019-02-21T21:39:54.707-0700: 10271.934: Total time for which application threads were stopped: 0.0002807 seconds, Stopping threads took: 0.0000817 seconds
2019-02-22T11:21:20.539-0700: 59567.382: Total time for which application threads were stopped: 0.0001943 seconds, Stopping threads took: 0.0000869 seconds
2019-02-22T11:21:21.539-0700: 59568.382: Total time for which application threads were stopped: 0.0001450 seconds, Stopping threads took: 0.0000308 seconds
2019-02-22T11:21:31.542-0700: 59578.385: Total time for which application threads were stopped: 0.0001522 seconds, Stopping threads took: 0.0000499 seconds
2019-02-22T11:22:03.483-0700: 59610.326: Total time for which application threads were stopped: 0.0001825 seconds, Stopping threads took: 0.0000236 seconds
2019-02-22T11:22:04.483-0700: 59611.326: Total time for which application threads were stopped: 0.0001080 seconds, Stopping threads took: 0.0000334 seconds
2019-02-22T11:24:37.556-0700: 59764.399: Total time for which application threads were stopped: 0.0002473 seconds, Stopping threads took: 0.0000632 seconds
2019-02-22T11:27:48.655-0700: 59955.498: Total time for which application threads were stopped: 0.0002195 seconds, Stopping threads took: 0.0000591 seconds
2019-02-22T11:40:50.055-0700: 60736.898: Total time for which application threads were stopped: 0.0002493 seconds, Stopping threads took: 0.0000704 seconds
2019-02-22T11:41:39.076-0700: 60785.919: Total time for which application threads were stopped: 0.0002257 seconds, Stopping threads took: 0.0000648 seconds
2019-02-22T11:42:50.114-0700: 60856.956: Total time for which application threads were stopped: 0.0002550 seconds, Stopping threads took: 0.0000720 seconds
2019-02-22T11:43:50.141-0700: 60916.984: Total time for which application threads were stopped: 0.0002858 seconds, Stopping threads took: 0.0000663 seconds
2019-02-22T11:44:50.169-0700: 60977.012: Total time for which application threads were stopped: 0.0002601 seconds, Stopping threads took: 0.0000797 seconds
2019-02-22T16:51:24.592-0700: 79380.957: Total time for which application threads were stopped: 0.0004210 seconds, Stopping threads took: 0.0001182 seconds
2019-02-22T16:55:11.710-0700: 79608.075: Total time for which application threads were stopped: 0.0004256 seconds, Stopping threads took: 0.0001275 seconds
2019-02-22T16:58:24.800-0700: 79801.165: Total time for which application threads were stopped: 0.0003963 seconds, Stopping threads took: 0.0001121 seconds
2019-02-22T17:12:26.217-0700: 80642.582: Total time for which application threads were stopped: 0.0003573 seconds, Stopping threads took: 0.0001002 seconds
2019-02-22T17:25:26.608-0700: 81422.973: Total time for which application threads were stopped: 0.0001424 seconds, Stopping threads took: 0.0000386 seconds
2019-02-22T17:26:00.414-0700: 81456.780: Total time for which application threads were stopped: 0.0005490 seconds, Stopping threads took: 0.0000427 seconds
2019-02-22T17:26:01.350-0700: 81457.715: Total time for which application threads were stopped: 0.0008096 seconds, Stopping threads took: 0.0000370 seconds
2019-02-22T17:26:01.492-0700: 81457.857: Total time for which application threads were stopped: 0.0002303 seconds, Stopping threads took: 0.0000242 seconds
2019-02-22T17:26:01.493-0700: 81457.858: Total time for which application threads were stopped: 0.0001398 seconds, Stopping threads took: 0.0000180 seconds
2019-02-22T17:26:01.493-0700: 81457.858: Total time for which application threads were stopped: 0.0000745 seconds, Stopping threads took: 0.0000154 seconds
2019-02-22T17:26:02.493-0700: 81458.858: Total time for which application threads were stopped: 0.0001393 seconds, Stopping threads took: 0.0000437 seconds
{Heap before GC invocations=143 (full 9):
 par new generation   total 109248K, used 109223K [0x00000000e0000000, 0x00000000e8000000, 0x00000000e8000000)
  eden space 87424K,  99% used [0x00000000e0000000, 0x00000000e5559f40, 0x00000000e5560000)
  from space 21824K, 100% used [0x00000000e6ab0000, 0x00000000e8000000, 0x00000000e8000000)
  to   space 21824K,   0% used [0x00000000e5560000, 0x00000000e5560000, 0x00000000e6ab0000)
 concurrent mark-sweep generation total 393216K, used 43668K [0x00000000e8000000, 0x0000000100000000, 0x0000000100000000)
 Metaspace       used 43891K, capacity 45169K, committed 45376K, reserved 1089536K
  class space    used 5324K, capacity 5638K, committed 5732K, reserved 1048576K
2019-02-22T17:26:02.711-0700: 81459.076: [GC (Allocation Failure) 2019-02-22T17:26:02.711-0700: 81459.076: [ParNew
Desired survivor size 20112992 bytes, new threshold 4 (max 8)
- age   1:    5611048 bytes,    5611048 total
- age   2:    4651672 bytes,   10262720 total
- age   3:     515232 bytes,   10777952 total
- age   4:    9609960 bytes,   20387912 total
- age   5:     420048 bytes,   20807960 total
- age   6:    1531872 bytes,   22339832 total
- age   7:         32 bytes,   22339864 total
: 109223K->21824K(109248K), 0.1012848 secs] 152891K->67907K(502464K), 0.1014827 secs] [Times: user=0.13 sys=0.20, real=0.10 secs] 
Heap after GC invocations=144 (full 9):
 par new generation   total 109248K, used 21824K [0x00000000e0000000, 0x00000000e8000000, 0x00000000e8000000)
  eden space 87424K,   0% used [0x00000000e0000000, 0x00000000e0000000, 0x00000000e5560000)
  from space 21824K, 100% used [0x00000000e5560000, 0x00000000e6ab0000, 0x00000000e6ab0000)
  to   space 21824K,   0% used [0x00000000e6ab0000, 0x00000000e6ab0000, 0x00000000e8000000)
 concurrent mark-sweep generation total 393216K, used 46083K [0x00000000e8000000, 0x0000000100000000, 0x0000000100000000)
 Metaspace       used 43891K, capacity 45169K, committed 45376K, reserved 1089536K
  class space    used 5324K, capacity 5638K, committed 5732K, reserved 1048576K
}
2019-02-22T17:26:02.812-0700: 81459.177: Total time for which application threads were stopped: 0.1026486 seconds, Stopping threads took: 0.0000560 seconds
2019-02-22T17:26:02.913-0700: 81459.279: Total time for which application threads were stopped: 0.0002848 seconds, Stopping threads took: 0.0000571 seconds
2019-02-22T17:26:02.940-0700: 81459.306: Total time for which application threads were stopped: 0.0003753 seconds, Stopping threads took: 0.0000637 seconds
2019-02-22T17:26:02.941-0700: 81459.307: Total time for which application threads were stopped: 0.0002704 seconds, Stopping threads took: 0.0000396 seconds
{Heap before GC invocations=144 (full 9):
 par new generation   total 109248K, used 109248K [0x00000000e0000000, 0x00000000e8000000, 0x00000000e8000000)
  eden space 87424K, 100% used [0x00000000e0000000, 0x00000000e5560000, 0x00000000e5560000)
  from space 21824K, 100% used [0x00000000e5560000, 0x00000000e6ab0000, 0x00000000e6ab0000)
  to   space 21824K,   0% used [0x00000000e6ab0000, 0x00000000e6ab0000, 0x00000000e8000000)
 concurrent mark-sweep generation total 393216K, used 46083K [0x00000000e8000000, 0x0000000100000000, 0x0000000100000000)
 Metaspace       used 43893K, capacity 45169K, committed 45376K, reserved 1089536K
  class space    used 5324K, capacity 5638K, committed 5732K, reserved 1048576K
2019-02-22T17:26:03.724-0700: 81460.090: [GC (Allocation Failure) 2019-02-22T17:26:03.725-0700: 81460.090: [ParNew
Desired survivor size 20112992 bytes, new threshold 3 (max 8)
- age   1:   12797960 bytes,   12797960 total
- age   2:    4344408 bytes,   17142368 total
- age   3:    4651480 bytes,   21793848 total
- age   4:     515232 bytes,   22309080 total
: 109248K->21824K(109248K), 0.0805535 secs] 155331K->87220K(502464K), 0.0807576 secs] [Times: user=0.11 sys=0.11, real=0.08 secs] 
Heap after GC invocations=145 (full 9):
 par new generation   total 109248K, used 21824K [0x00000000e0000000, 0x00000000e8000000, 0x00000000e8000000)
  eden space 87424K,   0% used [0x00000000e0000000, 0x00000000e0000000, 0x00000000e5560000)
  from space 21824K, 100% used [0x00000000e6ab0000, 0x00000000e8000000, 0x00000000e8000000)
  to   space 21824K,   0% used [0x00000000e5560000, 0x00000000e5560000, 0x00000000e6ab0000)
 concurrent mark-sweep generation total 393216K, used 65396K [0x00000000e8000000, 0x0000000100000000, 0x0000000100000000)
 Metaspace       used 43893K, capacity 45169K, committed 45376K, reserved 1089536K
  class space    used 5324K, capacity 5638K, committed 5732K, reserved 1048576K
}
2019-02-22T17:26:03.806-0700: 81460.171: Total time for which application threads were stopped: 0.0813667 seconds, Stopping threads took: 0.0000735 seconds
{Heap before GC invocations=145 (full 9):
 par new generation   total 109248K, used 109248K [0x00000000e0000000, 0x00000000e8000000, 0x00000000e8000000)
  eden space 87424K, 100% used [0x00000000e0000000, 0x00000000e5560000, 0x00000000e5560000)
  from space 21824K, 100% used [0x00000000e6ab0000, 0x00000000e8000000, 0x00000000e8000000)
  to   space 21824K,   0% used [0x00000000e5560000, 0x00000000e5560000, 0x00000000e6ab0000)
 concurrent mark-sweep generation total 393216K, used 65396K [0x00000000e8000000, 0x0000000100000000, 0x0000000100000000)
 Metaspace       used 43893K, capacity 45169K, committed 45376K, reserved 1089536K
  class space    used 5324K, capacity 5638K, committed 5732K, reserved 1048576K
2019-02-22T17:26:04.549-0700: 81460.914: [GC (Allocation Failure) 2019-02-22T17:26:04.549-0700: 81460.914: [ParNew
Desired survivor size 20112992 bytes, new threshold 8 (max 8)
- age   1:    4544024 bytes,    4544024 total
- age   2:    9790568 bytes,   14334592 total
- age   3:    4306832 bytes,   18641424 total
: 109248K->21824K(109248K), 0.0321192 secs] 174644K->94367K(502464K), 0.0322189 secs] [Times: user=0.05 sys=0.03, real=0.03 secs] 
Heap after GC invocations=146 (full 9):
 par new generation   total 109248K, used 21824K [0x00000000e0000000, 0x00000000e8000000, 0x00000000e8000000)
  eden space 87424K,   0% used [0x00000000e0000000, 0x00000000e0000000, 0x00000000e5560000)
  from space 21824K, 100% used [0x00000000e5560000, 0x00000000e6ab0000, 0x00000000e6ab0000)
  to   space 21824K,   0% used [0x00000000e6ab0000, 0x00000000e6ab0000, 0x00000000e8000000)
 concurrent mark-sweep generation total 393216K, used 72543K [0x00000000e8000000, 0x0000000100000000, 0x0000000100000000)
 Metaspace       used 43893K, capacity 45169K, committed 45376K, reserved 1089536K
  class space    used 5324K, capacity 5638K, committed 5732K, reserved 1048576K
}
2019-02-22T17:26:04.581-0700: 81460.946: Total time for which application threads were stopped: 0.0326646 seconds, Stopping threads took: 0.0000411 seconds
{Heap before GC invocations=146 (full 9):
 par new generation   total 109248K, used 109248K [0x00000000e0000000, 0x00000000e8000000, 0x00000000e8000000)
  eden space 87424K, 100% used [0x00000000e0000000, 0x00000000e5560000, 0x00000000e5560000)
  from space 21824K, 100% used [0x00000000e5560000, 0x00000000e6ab0000, 0x00000000e6ab0000)
  to   space 21824K,   0% used [0x00000000e6ab0000, 0x00000000e6ab0000, 0x00000000e8000000)
 concurrent mark-sweep generation total 393216K, used 72543K [0x00000000e8000000, 0x0000000100000000, 0x0000000100000000)
 Metaspace       used 43893K, capacity 45169K, committed 45376K, reserved 1089536K
  class space    used 5324K, capacity 5638K, committed 5732K, reserved 1048576K
2019-02-22T17:26:05.086-0700: 81461.451: [GC (Allocation Failure) 2019-02-22T17:26:05.086-0700: 81461.451: [ParNew
Desired survivor size 20112992 bytes, new threshold 4 (max 8)
- age   1:    4691936 bytes,    4691936 total
- age   2:    2386848 bytes,    7078784 total
- age   3:    9533848 bytes,   16612632 total
- age   4:    4273560 bytes,   20886192 total
: 109248K->21824K(109248K), 0.0122443 secs] 181791K->94644K(502464K), 0.0123589 secs] [Times: user=0.06 sys=0.00, real=0.01 secs] 
Heap after GC invocations=147 (full 9):
 par new generation   total 109248K, used 21824K [0x00000000e0000000, 0x00000000e8000000, 0x00000000e8000000)
  eden space 87424K,   0% used [0x00000000e0000000, 0x00000000e0000000, 0x00000000e5560000)
  from space 21824K, 100% used [0x00000000e6ab0000, 0x00000000e8000000, 0x00000000e8000000)
  to   space 21824K,   0% used [0x00000000e5560000, 0x00000000e5560000, 0x00000000e6ab0000)
 concurrent mark-sweep generation total 393216K, used 72820K [0x00000000e8000000, 0x0000000100000000, 0x0000000100000000)
 Metaspace       used 43893K, capacity 45169K, committed 45376K, reserved 1089536K
  class space    used 5324K, capacity 5638K, committed 5732K, reserved 1048576K
}
2019-02-22T17:26:05.099-0700: 81461.464: Total time for which application threads were stopped: 0.0128041 seconds, Stopping threads took: 0.0000478 seconds
{Heap before GC invocations=147 (full 9):
 par new generation   total 109248K, used 109248K [0x00000000e0000000, 0x00000000e8000000, 0x00000000e8000000)
  eden space 87424K, 100% used [0x00000000e0000000, 0x00000000e5560000, 0x00000000e5560000)
  from space 21824K, 100% used [0x00000000e6ab0000, 0x00000000e8000000, 0x00000000e8000000)
  to   space 21824K,   0% used [0x00000000e5560000, 0x00000000e5560000, 0x00000000e6ab0000)
 concurrent mark-sweep generation total 393216K, used 72820K [0x00000000e8000000, 0x0000000100000000, 0x0000000100000000)
 Metaspace       used 43893K, capacity 45169K, committed 45376K, reserved 1089536K
  class space    used 5324K, capacity 5638K, committed 5732K, reserved 1048576K
2019-02-22T17:26:05.583-0700: 81461.949: [GC (Allocation Failure) 2019-02-22T17:26:05.583-0700: 81461.949: [ParNew
Desired survivor size 20112992 bytes, new threshold 8 (max 8)
- age   1:    5477352 bytes,    5477352 total
- age   2:    1925840 bytes,    7403192 total
- age   3:    2092376 bytes,    9495568 total
- age   4:    9104864 bytes,   18600432 total
: 109248K->21824K(109248K), 0.0198096 secs] 182068K->99227K(502464K), 0.0199561 secs] [Times: user=0.05 sys=0.03, real=0.02 secs] 
Heap after GC invocations=148 (full 9):
 par new generation   total 109248K, used 21824K [0x00000000e0000000, 0x00000000e8000000, 0x00000000e8000000)
  eden space 87424K,   0% used [0x00000000e0000000, 0x00000000e0000000, 0x00000000e5560000)
  from space 21824K, 100% used [0x00000000e5560000, 0x00000000e6ab0000, 0x00000000e6ab0000)
  to   space 21824K,   0% used [0x00000000e6ab0000, 0x00000000e6ab0000, 0x00000000e8000000)
 concurrent mark-sweep generation total 393216K, used 77403K [0x00000000e8000000, 0x0000000100000000, 0x0000000100000000)
 Metaspace       used 43893K, capacity 45169K, committed 45376K, reserved 1089536K
  class space    used 5324K, capacity 5638K, committed 5732K, reserved 1048576K
}
2019-02-22T17:26:05.603-0700: 81461.969: Total time for which application threads were stopped: 0.0204275 seconds, Stopping threads took: 0.0000601 seconds
{Heap before GC invocations=148 (full 9):
 par new generation   total 109248K, used 109248K [0x00000000e0000000, 0x00000000e8000000, 0x00000000e8000000)
  eden space 87424K, 100% used [0x00000000e0000000, 0x00000000e5560000, 0x00000000e5560000)
  from space 21824K, 100% used [0x00000000e5560000, 0x00000000e6ab0000, 0x00000000e6ab0000)
  to   space 21824K,   0% used [0x00000000e6ab0000, 0x00000000e6ab0000, 0x00000000e8000000)
 concurrent mark-sweep generation total 393216K, used 77403K [0x00000000e8000000, 0x0000000100000000, 0x0000000100000000)
 Metaspace       used 43893K, capacity 45169K, committed 45376K, reserved 1089536K
  class space    used 5324K, capacity 5638K, committed 5732K, reserved 1048576K
2019-02-22T17:26:06.078-0700: 81462.443: [GC (Allocation Failure) 2019-02-22T17:26:06.078-0700: 81462.443: [ParNew
Desired survivor size 20112992 bytes, new threshold 5 (max 8)
- age   1:    6666448 bytes,    6666448 total
- age   2:    2066512 bytes,    8732960 total
- age   3:    1500640 bytes,   10233600 total
- age   4:    1935032 bytes,   12168632 total
- age   5:    8942680 bytes,   21111312 total
: 109248K->21824K(109248K), 0.0091127 secs] 186651K->99458K(502464K), 0.0092088 secs] [Times: user=0.00 sys=0.00, real=0.01 secs] 
Heap after GC invocations=149 (full 9):
 par new generation   total 109248K, used 21824K [0x00000000e0000000, 0x00000000e8000000, 0x00000000e8000000)
  eden space 87424K,   0% used [0x00000000e0000000, 0x00000000e0000000, 0x00000000e5560000)
  from space 21824K, 100% used [0x00000000e6ab0000, 0x00000000e8000000, 0x00000000e8000000)
  to   space 21824K,   0% used [0x00000000e5560000, 0x00000000e5560000, 0x00000000e6ab0000)
 concurrent mark-sweep generation total 393216K, used 77634K [0x00000000e8000000, 0x0000000100000000, 0x0000000100000000)
 Metaspace       used 43893K, capacity 45169K, committed 45376K, reserved 1089536K
  class space    used 5324K, capacity 5638K, committed 5732K, reserved 1048576K
}
2019-02-22T17:26:06.087-0700: 81462.453: Total time for which application threads were stopped: 0.0095337 seconds, Stopping threads took: 0.0000458 seconds
{Heap before GC invocations=149 (full 9):
 par new generation   total 109248K, used 109248K [0x00000000e0000000, 0x00000000e8000000, 0x00000000e8000000)
  eden space 87424K, 100% used [0x00000000e0000000, 0x00000000e5560000, 0x00000000e5560000)
  from space 21824K, 100% used [0x00000000e6ab0000, 0x00000000e8000000, 0x00000000e8000000)
  to   space 21824K,   0% used [0x00000000e5560000, 0x00000000e5560000, 0x00000000e6ab0000)
 concurrent mark-sweep generation total 393216K, used 77634K [0x00000000e8000000, 0x0000000100000000, 0x0000000100000000)
 Metaspace       used 43893K, capacity 45169K, committed 45376K, reserved 1089536K
  class space    used 5324K, capacity 5638K, committed 5732K, reserved 1048576K
2019-02-22T17:26:06.613-0700: 81462.979: [GC (Allocation Failure) 2019-02-22T17:26:06.613-0700: 81462.979: [ParNew
Desired survivor size 20112992 bytes, new threshold 8 (max 8)
- age   1:    9093032 bytes,    9093032 total
- age   2:    2415368 bytes,   11508400 total
- age   3:    2054568 bytes,   13562968 total
- age   4:    1477952 bytes,   15040920 total
- age   5:    1891824 bytes,   16932744 total
: 109248K->21824K(109248K), 0.0292811 secs] 186882K->108383K(502464K), 0.0293891 secs] [Times: user=0.09 sys=0.02, real=0.03 secs] 
Heap after GC invocations=150 (full 9):
 par new generation   total 109248K, used 21824K [0x00000000e0000000, 0x00000000e8000000, 0x00000000e8000000)
  eden space 87424K,   0% used [0x00000000e0000000, 0x00000000e0000000, 0x00000000e5560000)
  from space 21824K, 100% used [0x00000000e5560000, 0x00000000e6ab0000, 0x00000000e6ab0000)
  to   space 21824K,   0% used [0x00000000e6ab0000, 0x00000000e6ab0000, 0x00000000e8000000)
 concurrent mark-sweep generation total 393216K, used 86559K [0x00000000e8000000, 0x0000000100000000, 0x0000000100000000)
 Metaspace       used 43893K, capacity 45169K, committed 45376K, reserved 1089536K
  class space    used 5324K, capacity 5638K, committed 5732K, reserved 1048576K
}
2019-02-22T17:26:06.643-0700: 81463.008: Total time for which application threads were stopped: 0.0299710 seconds, Stopping threads took: 0.0002164 seconds
{Heap before GC invocations=150 (full 9):
 par new generation   total 109248K, used 109248K [0x00000000e0000000, 0x00000000e8000000, 0x00000000e8000000)
  eden space 87424K, 100% used [0x00000000e0000000, 0x00000000e5560000, 0x00000000e5560000)
  from space 21824K, 100% used [0x00000000e5560000, 0x00000000e6ab0000, 0x00000000e6ab0000)
  to   space 21824K,   0% used [0x00000000e6ab0000, 0x00000000e6ab0000, 0x00000000e8000000)
 concurrent mark-sweep generation total 393216K, used 86559K [0x00000000e8000000, 0x0000000100000000, 0x0000000100000000)
 Metaspace       used 43893K, capacity 45169K, committed 45376K, reserved 1089536K
  class space    used 5324K, capacity 5638K, committed 5732K, reserved 1048576K
2019-02-22T17:26:07.197-0700: 81463.562: [GC (Allocation Failure) 2019-02-22T17:26:07.197-0700: 81463.562: [ParNew
Desired survivor size 20112992 bytes, new threshold 8 (max 8)
- age   1:    8148816 bytes,    8148816 total
- age   2:    4270784 bytes,   12419600 total
- age   3:    2297384 bytes,   14716984 total
- age   4:    1884800 bytes,   16601784 total
- age   5:    1425760 bytes,   18027544 total
- age   6:    1887736 bytes,   19915280 total
: 109248K->21824K(109248K), 0.0087780 secs] 195807K->108450K(502464K), 0.0088633 secs] [Times: user=0.06 sys=0.00, real=0.01 secs] 
Heap after GC invocations=151 (full 9):
 par new generation   total 109248K, used 21824K [0x00000000e0000000, 0x00000000e8000000, 0x00000000e8000000)
  eden space 87424K,   0% used [0x00000000e0000000, 0x00000000e0000000, 0x00000000e5560000)
  from space 21824K, 100% used [0x00000000e6ab0000, 0x00000000e8000000, 0x00000000e8000000)
  to   space 21824K,   0% used [0x00000000e5560000, 0x00000000e5560000, 0x00000000e6ab0000)
 concurrent mark-sweep generation total 393216K, used 86626K [0x00000000e8000000, 0x0000000100000000, 0x0000000100000000)
 Metaspace       used 43893K, capacity 45169K, committed 45376K, reserved 1089536K
  class space    used 5324K, capacity 5638K, committed 5732K, reserved 1048576K
}
2019-02-22T17:26:07.206-0700: 81463.571: Total time for which application threads were stopped: 0.0092772 seconds, Stopping threads took: 0.0000380 seconds
{Heap before GC invocations=151 (full 9):
 par new generation   total 109248K, used 109248K [0x00000000e0000000, 0x00000000e8000000, 0x00000000e8000000)
  eden space 87424K, 100% used [0x00000000e0000000, 0x00000000e5560000, 0x00000000e5560000)
  from space 21824K, 100% used [0x00000000e6ab0000, 0x00000000e8000000, 0x00000000e8000000)
  to   space 21824K,   0% used [0x00000000e5560000, 0x00000000e5560000, 0x00000000e6ab0000)
 concurrent mark-sweep generation total 393216K, used 86626K [0x00000000e8000000, 0x0000000100000000, 0x0000000100000000)
 Metaspace       used 43893K, capacity 45169K, committed 45376K, reserved 1089536K
  class space    used 5324K, capacity 5638K, committed 5732K, reserved 1048576K
2019-02-22T17:26:07.664-0700: 81464.029: [GC (Allocation Failure) 2019-02-22T17:26:07.664-0700: 81464.029: [ParNew
Desired survivor size 20112992 bytes, new threshold 7 (max 8)
- age   1:    7888208 bytes,    7888208 total
- age   2:    2934336 bytes,   10822544 total
- age   3:    3836624 bytes,   14659168 total
- age   4:    2078392 bytes,   16737560 total
- age   5:    1514056 bytes,   18251616 total
- age   6:    1410368 bytes,   19661984 total
- age   7:    1724912 bytes,   21386896 total
: 109248K->21824K(109248K), 0.0117606 secs] 195874K->109906K(502464K), 0.0118896 secs] [Times: user=0.05 sys=0.03, real=0.01 secs] 
Heap after GC invocations=152 (full 9):
 par new generation   total 109248K, used 21824K [0x00000000e0000000, 0x00000000e8000000, 0x00000000e8000000)
  eden space 87424K,   0% used [0x00000000e0000000, 0x00000000e0000000, 0x00000000e5560000)
  from space 21824K, 100% used [0x00000000e5560000, 0x00000000e6ab0000, 0x00000000e6ab0000)
  to   space 21824K,   0% used [0x00000000e6ab0000, 0x00000000e6ab0000, 0x00000000e8000000)
 concurrent mark-sweep generation total 393216K, used 88082K [0x00000000e8000000, 0x0000000100000000, 0x0000000100000000)
 Metaspace       used 43893K, capacity 45169K, committed 45376K, reserved 1089536K
  class space    used 5324K, capacity 5638K, committed 5732K, reserved 1048576K
}
2019-02-22T17:26:07.676-0700: 81464.041: Total time for which application threads were stopped: 0.0123733 seconds, Stopping threads took: 0.0000545 seconds
2019-02-22T17:26:07.796-0700: 81464.162: Total time for which application threads were stopped: 0.0008867 seconds, Stopping threads took: 0.0005094 seconds
{Heap before GC invocations=152 (full 9):
 par new generation   total 109248K, used 109248K [0x00000000e0000000, 0x00000000e8000000, 0x00000000e8000000)
  eden space 87424K, 100% used [0x00000000e0000000, 0x00000000e5560000, 0x00000000e5560000)
  from space 21824K, 100% used [0x00000000e5560000, 0x00000000e6ab0000, 0x00000000e6ab0000)
  to   space 21824K,   0% used [0x00000000e6ab0000, 0x00000000e6ab0000, 0x00000000e8000000)
 concurrent mark-sweep generation total 393216K, used 88082K [0x00000000e8000000, 0x0000000100000000, 0x0000000100000000)
 Metaspace       used 43894K, capacity 45169K, committed 45376K, reserved 1089536K
  class space    used 5324K, capacity 5638K, committed 5732K, reserved 1048576K
2019-02-22T17:26:07.814-0700: 81464.179: [GC (Allocation Failure) 2019-02-22T17:26:07.814-0700: 81464.179: [ParNew
Desired survivor size 20112992 bytes, new threshold 6 (max 8)
- age   1:    8270336 bytes,    8270336 total
- age   2:    3515400 bytes,   11785736 total
- age   3:    2684160 bytes,   14469896 total
- age   4:    3643816 bytes,   18113712 total
- age   5:    1491968 bytes,   19605680 total
- age   6:    1334912 bytes,   20940592 total
- age   7:    1379632 bytes,   22320224 total
: 109248K->21824K(109248K), 0.1296247 secs] 197330K->167422K(502464K), 0.1297635 secs] [Times: user=0.09 sys=0.16, real=0.13 secs] 
Heap after GC invocations=153 (full 9):
 par new generation   total 109248K, used 21824K [0x00000000e0000000, 0x00000000e8000000, 0x00000000e8000000)
  eden space 87424K,   0% used [0x00000000e0000000, 0x00000000e0000000, 0x00000000e5560000)
  from space 21824K, 100% used [0x00000000e6ab0000, 0x00000000e8000000, 0x00000000e8000000)
  to   space 21824K,   0% used [0x00000000e5560000, 0x00000000e5560000, 0x00000000e6ab0000)
 concurrent mark-sweep generation total 393216K, used 145598K [0x00000000e8000000, 0x0000000100000000, 0x0000000100000000)
 Metaspace       used 43894K, capacity 45169K, committed 45376K, reserved 1089536K
  class space    used 5324K, capacity 5638K, committed 5732K, reserved 1048576K
}
2019-02-22T17:26:07.943-0700: 81464.309: Total time for which application threads were stopped: 0.1304225 seconds, Stopping threads took: 0.0000941 seconds
{Heap before GC invocations=153 (full 9):
 par new generation   total 109248K, used 109248K [0x00000000e0000000, 0x00000000e8000000, 0x00000000e8000000)
  eden space 87424K, 100% used [0x00000000e0000000, 0x00000000e5560000, 0x00000000e5560000)
  from space 21824K, 100% used [0x00000000e6ab0000, 0x00000000e8000000, 0x00000000e8000000)
  to   space 21824K,   0% used [0x00000000e5560000, 0x00000000e5560000, 0x00000000e6ab0000)
 concurrent mark-sweep generation total 393216K, used 145598K [0x00000000e8000000, 0x0000000100000000, 0x0000000100000000)
 Metaspace       used 43894K, capacity 45169K, committed 45376K, reserved 1089536K
  class space    used 5324K, capacity 5638K, committed 5732K, reserved 1048576K
2019-02-22T17:26:08.190-0700: 81464.555: [GC (Allocation Failure) 2019-02-22T17:26:08.190-0700: 81464.555: [ParNew
Desired survivor size 20112992 bytes, new threshold 5 (max 8)
- age   1:    5955944 bytes,    5955944 total
- age   2:    6974928 bytes,   12930872 total
- age   3:    3153496 bytes,   16084368 total
- age   4:    2220528 bytes,   18304896 total
- age   5:    2727840 bytes,   21032736 total
- age   6:    1294592 bytes,   22327328 total
: 109248K->21824K(109248K), 0.0189183 secs] 254846K->173333K(502464K), 0.0190144 secs] [Times: user=0.03 sys=0.02, real=0.02 secs] 
Heap after GC invocations=154 (full 9):
 par new generation   total 109248K, used 21824K [0x00000000e0000000, 0x00000000e8000000, 0x00000000e8000000)
  eden space 87424K,   0% used [0x00000000e0000000, 0x00000000e0000000, 0x00000000e5560000)
  from space 21824K, 100% used [0x00000000e5560000, 0x00000000e6ab0000, 0x00000000e6ab0000)
  to   space 21824K,   0% used [0x00000000e6ab0000, 0x00000000e6ab0000, 0x00000000e8000000)
 concurrent mark-sweep generation total 393216K, used 151509K [0x00000000e8000000, 0x0000000100000000, 0x0000000100000000)
 Metaspace       used 43894K, capacity 45169K, committed 45376K, reserved 1089536K
  class space    used 5324K, capacity 5638K, committed 5732K, reserved 1048576K
}
2019-02-22T17:26:08.209-0700: 81464.575: Total time for which application threads were stopped: 0.0194128 seconds, Stopping threads took: 0.0000339 seconds
{Heap before GC invocations=154 (full 9):
 par new generation   total 109248K, used 109248K [0x00000000e0000000, 0x00000000e8000000, 0x00000000e8000000)
  eden space 87424K, 100% used [0x00000000e0000000, 0x00000000e5560000, 0x00000000e5560000)
  from space 21824K, 100% used [0x00000000e5560000, 0x00000000e6ab0000, 0x00000000e6ab0000)
  to   space 21824K,   0% used [0x00000000e6ab0000, 0x00000000e6ab0000, 0x00000000e8000000)
 concurrent mark-sweep generation total 393216K, used 151509K [0x00000000e8000000, 0x0000000100000000, 0x0000000100000000)
 Metaspace       used 43894K, capacity 45169K, committed 45376K, reserved 1089536K
  class space    used 5324K, capacity 5638K, committed 5732K, reserved 1048576K
2019-02-22T17:26:08.474-0700: 81464.839: [GC (Allocation Failure) 2019-02-22T17:26:08.474-0700: 81464.839: [ParNew
Desired survivor size 20112992 bytes, new threshold 4 (max 8)
- age   1:    7852048 bytes,    7852048 total
- age   2:    3822552 bytes,   11674600 total
- age   3:    5657664 bytes,   17332264 total
- age   4:    3153496 bytes,   20485760 total
- age   5:    1827648 bytes,   22313408 total
: 109248K->21824K(109248K), 0.0230286 secs] 260757K->181441K(502464K), 0.0231361 secs] [Times: user=0.03 sys=0.02, real=0.02 secs] 
Heap after GC invocations=155 (full 9):
 par new generation   total 109248K, used 21824K [0x00000000e0000000, 0x00000000e8000000, 0x00000000e8000000)
  eden space 87424K,   0% used [0x00000000e0000000, 0x00000000e0000000, 0x00000000e5560000)
  from space 21824K, 100% used [0x00000000e6ab0000, 0x00000000e8000000, 0x00000000e8000000)
  to   space 21824K,   0% used [0x00000000e5560000, 0x00000000e5560000, 0x00000000e6ab0000)
 concurrent mark-sweep generation total 393216K, used 159617K [0x00000000e8000000, 0x0000000100000000, 0x0000000100000000)
 Metaspace       used 43894K, capacity 45169K, committed 45376K, reserved 1089536K
  class space    used 5324K, capacity 5638K, committed 5732K, reserved 1048576K
}
2019-02-22T17:26:08.497-0700: 81464.862: Total time for which application threads were stopped: 0.0235144 seconds, Stopping threads took: 0.0000684 seconds
{Heap before GC invocations=155 (full 9):
 par new generation   total 109248K, used 109248K [0x00000000e0000000, 0x00000000e8000000, 0x00000000e8000000)
  eden space 87424K, 100% used [0x00000000e0000000, 0x00000000e5560000, 0x00000000e5560000)
  from space 21824K, 100% used [0x00000000e6ab0000, 0x00000000e8000000, 0x00000000e8000000)
  to   space 21824K,   0% used [0x00000000e5560000, 0x00000000e5560000, 0x00000000e6ab0000)
 concurrent mark-sweep generation total 393216K, used 159617K [0x00000000e8000000, 0x0000000100000000, 0x0000000100000000)
 Metaspace       used 43894K, capacity 45169K, committed 45376K, reserved 1089536K
  class space    used 5324K, capacity 5638K, committed 5732K, reserved 1048576K
2019-02-22T17:26:08.858-0700: 81465.223: [GC (Allocation Failure) 2019-02-22T17:26:08.858-0700: 81465.223: [ParNew
Desired survivor size 20112992 bytes, new threshold 4 (max 8)
- age   1:    6499648 bytes,    6499648 total
- age   2:    5543032 bytes,   12042680 total
- age   3:    3500480 bytes,   15543160 total
- age   4:    5234600 bytes,   20777760 total
: 109248K->21824K(109248K), 0.0211960 secs] 268865K->188051K(502464K), 0.0212927 secs] [Times: user=0.11 sys=0.02, real=0.02 secs] 
Heap after GC invocations=156 (full 9):
 par new generation   total 109248K, used 21824K [0x00000000e0000000, 0x00000000e8000000, 0x00000000e8000000)
  eden space 87424K,   0% used [0x00000000e0000000, 0x00000000e0000000, 0x00000000e5560000)
  from space 21824K, 100% used [0x00000000e5560000, 0x00000000e6ab0000, 0x00000000e6ab0000)
  to   space 21824K,   0% used [0x00000000e6ab0000, 0x00000000e6ab0000, 0x00000000e8000000)
 concurrent mark-sweep generation total 393216K, used 166227K [0x00000000e8000000, 0x0000000100000000, 0x0000000100000000)
 Metaspace       used 43894K, capacity 45169K, committed 45376K, reserved 1089536K
  class space    used 5324K, capacity 5638K, committed 5732K, reserved 1048576K
}
2019-02-22T17:26:08.879-0700: 81465.245: Total time for which application threads were stopped: 0.0216340 seconds, Stopping threads took: 0.0000391 seconds
{Heap before GC invocations=156 (full 9):
 par new generation   total 109248K, used 109248K [0x00000000e0000000, 0x00000000e8000000, 0x00000000e8000000)
  eden space 87424K, 100% used [0x00000000e0000000, 0x00000000e5560000, 0x00000000e5560000)
  from space 21824K, 100% used [0x00000000e5560000, 0x00000000e6ab0000, 0x00000000e6ab0000)
  to   space 21824K,   0% used [0x00000000e6ab0000, 0x00000000e6ab0000, 0x00000000e8000000)
 concurrent mark-sweep generation total 393216K, used 166227K [0x00000000e8000000, 0x0000000100000000, 0x0000000100000000)
 Metaspace       used 43894K, capacity 45169K, committed 45376K, reserved 1089536K
  class space    used 5324K, capacity 5638K, committed 5732K, reserved 1048576K
2019-02-22T17:26:09.019-0700: 81465.385: [GC (Allocation Failure) 2019-02-22T17:26:09.019-0700: 81465.385: [ParNew
Desired survivor size 20112992 bytes, new threshold 8 (max 8)
- age   1:    4336248 bytes,    4336248 total
- age   2:    6004496 bytes,   10340744 total
- age   3:    5556904 bytes,   15897648 total
- age   4:    3287648 bytes,   19185296 total
: 109248K->21824K(109248K), 0.0206784 secs] 275475K->193582K(502464K), 0.0208357 secs] [Times: user=0.08 sys=0.01, real=0.02 secs] 
Heap after GC invocations=157 (full 9):
 par new generation   total 109248K, used 21824K [0x00000000e0000000, 0x00000000e8000000, 0x00000000e8000000)
  eden space 87424K,   0% used [0x00000000e0000000, 0x00000000e0000000, 0x00000000e5560000)
  from space 21824K, 100% used [0x00000000e6ab0000, 0x00000000e8000000, 0x00000000e8000000)
  to   space 21824K,   0% used [0x00000000e5560000, 0x00000000e5560000, 0x00000000e6ab0000)
 concurrent mark-sweep generation total 393216K, used 171758K [0x00000000e8000000, 0x0000000100000000, 0x0000000100000000)
 Metaspace       used 43894K, capacity 45169K, committed 45376K, reserved 1089536K
  class space    used 5324K, capacity 5638K, committed 5732K, reserved 1048576K
}
2019-02-22T17:26:09.040-0700: 81465.406: Total time for which application threads were stopped: 0.0219214 seconds, Stopping threads took: 0.0001198 seconds
{Heap before GC invocations=157 (full 9):
 par new generation   total 109248K, used 109248K [0x00000000e0000000, 0x00000000e8000000, 0x00000000e8000000)
  eden space 87424K, 100% used [0x00000000e0000000, 0x00000000e5560000, 0x00000000e5560000)
  from space 21824K, 100% used [0x00000000e6ab0000, 0x00000000e8000000, 0x00000000e8000000)
  to   space 21824K,   0% used [0x00000000e5560000, 0x00000000e5560000, 0x00000000e6ab0000)
 concurrent mark-sweep generation total 393216K, used 171758K [0x00000000e8000000, 0x0000000100000000, 0x0000000100000000)
 Metaspace       used 43894K, capacity 45169K, committed 45376K, reserved 1089536K
  class space    used 5324K, capacity 5638K, committed 5732K, reserved 1048576K
2019-02-22T17:26:09.101-0700: 81465.467: [GC (Allocation Failure) 2019-02-22T17:26:09.102-0700: 81465.467: [ParNew
Desired survivor size 20112992 bytes, new threshold 8 (max 8)
- age   1:    1443632 bytes,    1443632 total
- age   2:    3576968 bytes,    5020600 total
- age   3:    5586456 bytes,   10607056 total
- age   4:    5555632 bytes,   16162688 total
- age   5:    3261448 bytes,   19424136 total
: 109248K->21824K(109248K), 0.0103202 secs] 281006K->193654K(502464K), 0.0104708 secs] [Times: user=0.11 sys=0.00, real=0.01 secs] 
Heap after GC invocations=158 (full 9):
 par new generation   total 109248K, used 21824K [0x00000000e0000000, 0x00000000e8000000, 0x00000000e8000000)
  eden space 87424K,   0% used [0x00000000e0000000, 0x00000000e0000000, 0x00000000e5560000)
  from space 21824K, 100% used [0x00000000e5560000, 0x00000000e6ab0000, 0x00000000e6ab0000)
  to   space 21824K,   0% used [0x00000000e6ab0000, 0x00000000e6ab0000, 0x00000000e8000000)
 concurrent mark-sweep generation total 393216K, used 171830K [0x00000000e8000000, 0x0000000100000000, 0x0000000100000000)
 Metaspace       used 43894K, capacity 45169K, committed 45376K, reserved 1089536K
  class space    used 5324K, capacity 5638K, committed 5732K, reserved 1048576K
}
2019-02-22T17:26:09.112-0700: 81465.477: Total time for which application threads were stopped: 0.0110152 seconds, Stopping threads took: 0.0000787 seconds
{Heap before GC invocations=158 (full 9):
 par new generation   total 109248K, used 109248K [0x00000000e0000000, 0x00000000e8000000, 0x00000000e8000000)
  eden space 87424K, 100% used [0x00000000e0000000, 0x00000000e5560000, 0x00000000e5560000)
  from space 21824K, 100% used [0x00000000e5560000, 0x00000000e6ab0000, 0x00000000e6ab0000)
  to   space 21824K,   0% used [0x00000000e6ab0000, 0x00000000e6ab0000, 0x00000000e8000000)
 concurrent mark-sweep generation total 393216K, used 171830K [0x00000000e8000000, 0x0000000100000000, 0x0000000100000000)
 Metaspace       used 43894K, capacity 45169K, committed 45376K, reserved 1089536K
  class space    used 5324K, capacity 5638K, committed 5732K, reserved 1048576K
2019-02-22T17:26:09.320-0700: 81465.685: [GC (Allocation Failure) 2019-02-22T17:26:09.320-0700: 81465.685: [ParNew
Desired survivor size 20112992 bytes, new threshold 6 (max 8)
- age   1:    3209768 bytes,    3209768 total
- age   2:     779960 bytes,    3989728 total
- age   3:    2992984 bytes,    6982712 total
- age   4:    4683864 bytes,   11666576 total
- age   5:    5436568 bytes,   17103144 total
- age   6:    3109576 bytes,   20212720 total
: 109248K->21824K(109248K), 0.0134528 secs] 281078K->194212K(502464K), 0.0135885 secs] [Times: user=0.08 sys=0.00, real=0.01 secs] 
Heap after GC invocations=159 (full 9):
 par new generation   total 109248K, used 21824K [0x00000000e0000000, 0x00000000e8000000, 0x00000000e8000000)
  eden space 87424K,   0% used [0x00000000e0000000, 0x00000000e0000000, 0x00000000e5560000)
  from space 21824K, 100% used [0x00000000e6ab0000, 0x00000000e8000000, 0x00000000e8000000)
  to   space 21824K,   0% used [0x00000000e5560000, 0x00000000e5560000, 0x00000000e6ab0000)
 concurrent mark-sweep generation total 393216K, used 172388K [0x00000000e8000000, 0x0000000100000000, 0x0000000100000000)
 Metaspace       used 43894K, capacity 45169K, committed 45376K, reserved 1089536K
  class space    used 5324K, capacity 5638K, committed 5732K, reserved 1048576K
}
2019-02-22T17:26:09.333-0700: 81465.699: Total time for which application threads were stopped: 0.0141571 seconds, Stopping threads took: 0.0000925 seconds
{Heap before GC invocations=159 (full 9):
 par new generation   total 109248K, used 109248K [0x00000000e0000000, 0x00000000e8000000, 0x00000000e8000000)
  eden space 87424K, 100% used [0x00000000e0000000, 0x00000000e5560000, 0x00000000e5560000)
  from space 21824K, 100% used [0x00000000e6ab0000, 0x00000000e8000000, 0x00000000e8000000)
  to   space 21824K,   0% used [0x00000000e5560000, 0x00000000e5560000, 0x00000000e6ab0000)
 concurrent mark-sweep generation total 393216K, used 172388K [0x00000000e8000000, 0x0000000100000000, 0x0000000100000000)
 Metaspace       used 43894K, capacity 45169K, committed 45376K, reserved 1089536K
  class space    used 5324K, capacity 5638K, committed 5732K, reserved 1048576K
2019-02-22T17:26:09.416-0700: 81465.782: [GC (Allocation Failure) 2019-02-22T17:26:09.416-0700: 81465.782: [ParNew
Desired survivor size 20112992 bytes, new threshold 8 (max 8)
- age   1:    2103720 bytes,    2103720 total
- age   2:    2404928 bytes,    4508648 total
- age   3:     321280 bytes,    4829928 total
- age   4:    2949344 bytes,    7779272 total
- age   5:    4628440 bytes,   12407712 total
- age   6:    5498024 bytes,   17905736 total
: 109248K->21824K(109248K), 0.0165721 secs] 281636K->197250K(502464K), 0.0166682 secs] [Times: user=0.06 sys=0.02, real=0.02 secs] 
Heap after GC invocations=160 (full 9):
 par new generation   total 109248K, used 21824K [0x00000000e0000000, 0x00000000e8000000, 0x00000000e8000000)
  eden space 87424K,   0% used [0x00000000e0000000, 0x00000000e0000000, 0x00000000e5560000)
  from space 21824K, 100% used [0x00000000e5560000, 0x00000000e6ab0000, 0x00000000e6ab0000)
  to   space 21824K,   0% used [0x00000000e6ab0000, 0x00000000e6ab0000, 0x00000000e8000000)
 concurrent mark-sweep generation total 393216K, used 175426K [0x00000000e8000000, 0x0000000100000000, 0x0000000100000000)
 Metaspace       used 43894K, capacity 45169K, committed 45376K, reserved 1089536K
  class space    used 5324K, capacity 5638K, committed 5732K, reserved 1048576K
}
2019-02-22T17:26:09.433-0700: 81465.799: Total time for which application threads were stopped: 0.0173062 seconds, Stopping threads took: 0.0000869 seconds
{Heap before GC invocations=160 (full 9):
 par new generation   total 109248K, used 109248K [0x00000000e0000000, 0x00000000e8000000, 0x00000000e8000000)
  eden space 87424K, 100% used [0x00000000e0000000, 0x00000000e5560000, 0x00000000e5560000)
  from space 21824K, 100% used [0x00000000e5560000, 0x00000000e6ab0000, 0x00000000e6ab0000)
  to   space 21824K,   0% used [0x00000000e6ab0000, 0x00000000e6ab0000, 0x00000000e8000000)
 concurrent mark-sweep generation total 393216K, used 175426K [0x00000000e8000000, 0x0000000100000000, 0x0000000100000000)
 Metaspace       used 43894K, capacity 45169K, committed 45376K, reserved 1089536K
  class space    used 5324K, capacity 5638K, committed 5732K, reserved 1048576K
2019-02-22T17:26:09.555-0700: 81465.921: [GC (Allocation Failure) 2019-02-22T17:26:09.555-0700: 81465.921: [ParNew
Desired survivor size 20112992 bytes, new threshold 8 (max 8)
- age   1:    3380024 bytes,    3380024 total
- age   2:    1125936 bytes,    4505960 total
- age   3:    1042736 bytes,    5548696 total
- age   4:     290032 bytes,    5838728 total
- age   5:    2825648 bytes,    8664376 total
- age   6:    4597528 bytes,   13261904 total
- age   7:    5432456 bytes,   18694360 total
: 109248K->21824K(109248K), 0.0156427 secs] 284674K->197381K(502464K), 0.0157728 secs] [Times: user=0.06 sys=0.00, real=0.02 secs] 
Heap after GC invocations=161 (full 9):
 par new generation   total 109248K, used 21824K [0x00000000e0000000, 0x00000000e8000000, 0x00000000e8000000)
  eden space 87424K,   0% used [0x00000000e0000000, 0x00000000e0000000, 0x00000000e5560000)
  from space 21824K, 100% used [0x00000000e6ab0000, 0x00000000e8000000, 0x00000000e8000000)
  to   space 21824K,   0% used [0x00000000e5560000, 0x00000000e5560000, 0x00000000e6ab0000)
 concurrent mark-sweep generation total 393216K, used 175557K [0x00000000e8000000, 0x0000000100000000, 0x0000000100000000)
 Metaspace       used 43894K, capacity 45169K, committed 45376K, reserved 1089536K
  class space    used 5324K, capacity 5638K, committed 5732K, reserved 1048576K
}
2019-02-22T17:26:09.571-0700: 81465.937: Total time for which application threads were stopped: 0.0162822 seconds, Stopping threads took: 0.0000689 seconds
{Heap before GC invocations=161 (full 9):
 par new generation   total 109248K, used 109248K [0x00000000e0000000, 0x00000000e8000000, 0x00000000e8000000)
  eden space 87424K, 100% used [0x00000000e0000000, 0x00000000e5560000, 0x00000000e5560000)
  from space 21824K, 100% used [0x00000000e6ab0000, 0x00000000e8000000, 0x00000000e8000000)
  to   space 21824K,   0% used [0x00000000e5560000, 0x00000000e5560000, 0x00000000e6ab0000)
 concurrent mark-sweep generation total 393216K, used 175557K [0x00000000e8000000, 0x0000000100000000, 0x0000000100000000)
 Metaspace       used 43894K, capacity 45169K, committed 45376K, reserved 1089536K
  class space    used 5324K, capacity 5638K, committed 5732K, reserved 1048576K
2019-02-22T17:26:09.735-0700: 81466.100: [GC (Allocation Failure) 2019-02-22T17:26:09.735-0700: 81466.100: [ParNew
Desired survivor size 20112992 bytes, new threshold 8 (max 8)
- age   1:    2774672 bytes,    2774672 total
- age   2:    1617872 bytes,    4392544 total
- age   3:     758320 bytes,    5150864 total
- age   4:    1001136 bytes,    6152000 total
- age   5:     289624 bytes,    6441624 total
- age   6:    2734512 bytes,    9176136 total
- age   7:    4505512 bytes,   13681648 total
- age   8:    5413432 bytes,   19095080 total
: 109248K->21824K(109248K), 0.0106091 secs] 284805K->197531K(502464K), 0.0108090 secs] [Times: user=0.00 sys=0.00, real=0.01 secs] 
Heap after GC invocations=162 (full 9):
 par new generation   total 109248K, used 21824K [0x00000000e0000000, 0x00000000e8000000, 0x00000000e8000000)
  eden space 87424K,   0% used [0x00000000e0000000, 0x00000000e0000000, 0x00000000e5560000)
  from space 21824K, 100% used [0x00000000e5560000, 0x00000000e6ab0000, 0x00000000e6ab0000)
  to   space 21824K,   0% used [0x00000000e6ab0000, 0x00000000e6ab0000, 0x00000000e8000000)
 concurrent mark-sweep generation total 393216K, used 175707K [0x00000000e8000000, 0x0000000100000000, 0x0000000100000000)
 Metaspace       used 43894K, capacity 45169K, committed 45376K, reserved 1089536K
  class space    used 5324K, capacity 5638K, committed 5732K, reserved 1048576K
}
2019-02-22T17:26:09.745-0700: 81466.111: Total time for which application threads were stopped: 0.0114382 seconds, Stopping threads took: 0.0001784 seconds
{Heap before GC invocations=162 (full 9):
 par new generation   total 109248K, used 109248K [0x00000000e0000000, 0x00000000e8000000, 0x00000000e8000000)
  eden space 87424K, 100% used [0x00000000e0000000, 0x00000000e5560000, 0x00000000e5560000)
  from space 21824K, 100% used [0x00000000e5560000, 0x00000000e6ab0000, 0x00000000e6ab0000)
  to   space 21824K,   0% used [0x00000000e6ab0000, 0x00000000e6ab0000, 0x00000000e8000000)
 concurrent mark-sweep generation total 393216K, used 175707K [0x00000000e8000000, 0x0000000100000000, 0x0000000100000000)
 Metaspace       used 43894K, capacity 45169K, committed 45376K, reserved 1089536K
  class space    used 5324K, capacity 5638K, committed 5732K, reserved 1048576K
2019-02-22T17:26:09.949-0700: 81466.315: [GC (Allocation Failure) 2019-02-22T17:26:09.949-0700: 81466.315: [ParNew
Desired survivor size 20112992 bytes, new threshold 8 (max 8)
- age   1:    5227384 bytes,    5227384 total
- age   2:    1586864 bytes,    6814248 total
- age   3:     766592 bytes,    7580840 total
- age   4:     506240 bytes,    8087080 total
- age   5:     794208 bytes,    8881288 total
- age   6:     255856 bytes,    9137144 total
- age   7:    2377920 bytes,   11515064 total
- age   8:    4340296 bytes,   15855360 total
: 109248K->21824K(109248K), 0.0227038 secs] 284955K->203474K(502464K), 0.0229371 secs] [Times: user=0.09 sys=0.03, real=0.02 secs] 
Heap after GC invocations=163 (full 9):
 par new generation   total 109248K, used 21824K [0x00000000e0000000, 0x00000000e8000000, 0x00000000e8000000)
  eden space 87424K,   0% used [0x00000000e0000000, 0x00000000e0000000, 0x00000000e5560000)
  from space 21824K, 100% used [0x00000000e6ab0000, 0x00000000e8000000, 0x00000000e8000000)
  to   space 21824K,   0% used [0x00000000e5560000, 0x00000000e5560000, 0x00000000e6ab0000)
 concurrent mark-sweep generation total 393216K, used 181650K [0x00000000e8000000, 0x0000000100000000, 0x0000000100000000)
 Metaspace       used 43894K, capacity 45169K, committed 45376K, reserved 1089536K
  class space    used 5324K, capacity 5638K, committed 5732K, reserved 1048576K
}
2019-02-22T17:26:09.973-0700: 81466.338: Total time for which application threads were stopped: 0.0233690 seconds, Stopping threads took: 0.0000776 seconds
{Heap before GC invocations=163 (full 9):
 par new generation   total 109248K, used 109248K [0x00000000e0000000, 0x00000000e8000000, 0x00000000e8000000)
  eden space 87424K, 100% used [0x00000000e0000000, 0x00000000e5560000, 0x00000000e5560000)
  from space 21824K, 100% used [0x00000000e6ab0000, 0x00000000e8000000, 0x00000000e8000000)
  to   space 21824K,   0% used [0x00000000e5560000, 0x00000000e5560000, 0x00000000e6ab0000)
 concurrent mark-sweep generation total 393216K, used 181650K [0x00000000e8000000, 0x0000000100000000, 0x0000000100000000)
 Metaspace       used 43894K, capacity 45169K, committed 45376K, reserved 1089536K
  class space    used 5324K, capacity 5638K, committed 5732K, reserved 1048576K
2019-02-22T17:26:10.225-0700: 81466.590: [GC (Allocation Failure) 2019-02-22T17:26:10.225-0700: 81466.590: [ParNew
Desired survivor size 20112992 bytes, new threshold 5 (max 8)
- age   1:   16106064 bytes,   16106064 total
- age   2:    1945288 bytes,   18051352 total
- age   3:    1326232 bytes,   19377584 total
- age   4:     639864 bytes,   20017448 total
- age   5:     419424 bytes,   20436872 total
- age   6:     625416 bytes,   21062288 total
- age   7:     222984 bytes,   21285272 total
- age   8:    1035592 bytes,   22320864 total
: 109248K->21824K(109248K), 0.0545212 secs] 290898K->219492K(502464K), 0.0546225 secs] [Times: user=0.16 sys=0.03, real=0.06 secs] 
Heap after GC invocations=164 (full 9):
 par new generation   total 109248K, used 21824K [0x00000000e0000000, 0x00000000e8000000, 0x00000000e8000000)
  eden space 87424K,   0% used [0x00000000e0000000, 0x00000000e0000000, 0x00000000e5560000)
  from space 21824K, 100% used [0x00000000e5560000, 0x00000000e6ab0000, 0x00000000e6ab0000)
  to   space 21824K,   0% used [0x00000000e6ab0000, 0x00000000e6ab0000, 0x00000000e8000000)
 concurrent mark-sweep generation total 393216K, used 197668K [0x00000000e8000000, 0x0000000100000000, 0x0000000100000000)
 Metaspace       used 43894K, capacity 45169K, committed 45376K, reserved 1089536K
  class space    used 5324K, capacity 5638K, committed 5732K, reserved 1048576K
}
2019-02-22T17:26:10.280-0700: 81466.645: Total time for which application threads were stopped: 0.0550471 seconds, Stopping threads took: 0.0000375 seconds
2019-02-22T17:26:10.281-0700: 81466.646: [GC (CMS Initial Mark) [1 CMS-initial-mark: 197668K(393216K)] 219853K(502464K), 0.0042379 secs] [Times: user=0.03 sys=0.03, real=0.00 secs] 
2019-02-22T17:26:10.285-0700: 81466.650: Total time for which application threads were stopped: 0.0049298 seconds, Stopping threads took: 0.0003161 seconds
2019-02-22T17:26:10.285-0700: 81466.650: [CMS-concurrent-mark-start]
2019-02-22T17:26:10.352-0700: 81466.717: [CMS-concurrent-mark: 0.066/0.066 secs] [Times: user=0.34 sys=0.05, real=0.07 secs] 
2019-02-22T17:26:10.352-0700: 81466.717: [CMS-concurrent-preclean-start]
2019-02-22T17:26:10.364-0700: 81466.729: [CMS-concurrent-preclean: 0.012/0.013 secs] [Times: user=0.06 sys=0.00, real=0.01 secs] 
2019-02-22T17:26:10.364-0700: 81466.730: [CMS-concurrent-abortable-preclean-start]
{Heap before GC invocations=164 (full 10):
 par new generation   total 109248K, used 109248K [0x00000000e0000000, 0x00000000e8000000, 0x00000000e8000000)
  eden space 87424K, 100% used [0x00000000e0000000, 0x00000000e5560000, 0x00000000e5560000)
  from space 21824K, 100% used [0x00000000e5560000, 0x00000000e6ab0000, 0x00000000e6ab0000)
  to   space 21824K,   0% used [0x00000000e6ab0000, 0x00000000e6ab0000, 0x00000000e8000000)
 concurrent mark-sweep generation total 393216K, used 197668K [0x00000000e8000000, 0x0000000100000000, 0x0000000100000000)
 Metaspace       used 43894K, capacity 45169K, committed 45376K, reserved 1089536K
  class space    used 5324K, capacity 5638K, committed 5732K, reserved 1048576K
2019-02-22T17:26:10.696-0700: 81467.061: [GC (Allocation Failure) 2019-02-22T17:26:10.696-0700: 81467.061: [ParNew
Desired survivor size 20112992 bytes, new threshold 3 (max 8)
- age   1:    6531104 bytes,    6531104 total
- age   2:   13260392 bytes,   19791496 total
- age   3:    1302120 bytes,   21093616 total
- age   4:     612048 bytes,   21705664 total
- age   5:     624312 bytes,   22329976 total
: 109248K->21824K(109248K), 0.0208604 secs] 306916K->224496K(502464K), 0.0209596 secs] [Times: user=0.08 sys=0.00, real=0.02 secs] 
Heap after GC invocations=165 (full 10):
 par new generation   total 109248K, used 21824K [0x00000000e0000000, 0x00000000e8000000, 0x00000000e8000000)
  eden space 87424K,   0% used [0x00000000e0000000, 0x00000000e0000000, 0x00000000e5560000)
  from space 21824K, 100% used [0x00000000e6ab0000, 0x00000000e8000000, 0x00000000e8000000)
  to   space 21824K,   0% used [0x00000000e5560000, 0x00000000e5560000, 0x00000000e6ab0000)
 concurrent mark-sweep generation total 393216K, used 202672K [0x00000000e8000000, 0x0000000100000000, 0x0000000100000000)
 Metaspace       used 43894K, capacity 45169K, committed 45376K, reserved 1089536K
  class space    used 5324K, capacity 5638K, committed 5732K, reserved 1048576K
}
2019-02-22T17:26:10.717-0700: 81467.082: Total time for which application threads were stopped: 0.0214238 seconds, Stopping threads took: 0.0000977 seconds
2019-02-22T17:26:10.897-0700: 81467.262: [CMS-concurrent-abortable-preclean: 0.508/0.533 secs] [Times: user=1.56 sys=0.05, real=0.53 secs] 
2019-02-22T17:26:10.897-0700: 81467.263: [GC (CMS Final Remark) [YG occupancy: 67329 K (109248 K)]{Heap before GC invocations=165 (full 10):
 par new generation   total 109248K, used 67329K [0x00000000e0000000, 0x00000000e8000000, 0x00000000e8000000)
  eden space 87424K,  52% used [0x00000000e0000000, 0x00000000e2c706b8, 0x00000000e5560000)
  from space 21824K, 100% used [0x00000000e6ab0000, 0x00000000e8000000, 0x00000000e8000000)
  to   space 21824K,   0% used [0x00000000e5560000, 0x00000000e5560000, 0x00000000e6ab0000)
 concurrent mark-sweep generation total 393216K, used 202672K [0x00000000e8000000, 0x0000000100000000, 0x0000000100000000)
 Metaspace       used 43894K, capacity 45169K, committed 45376K, reserved 1089536K
  class space    used 5324K, capacity 5638K, committed 5732K, reserved 1048576K
2019-02-22T17:26:10.897-0700: 81467.263: [GC (CMS Final Remark) 2019-02-22T17:26:10.897-0700: 81467.263: [ParNew
Desired survivor size 20112992 bytes, new threshold 3 (max 8)
- age   1:    4579272 bytes,    4579272 total
- age   2:    5287456 bytes,    9866728 total
- age   3:   10795864 bytes,   20662592 total
: 67329K->21824K(109248K), 0.0162123 secs] 270002K->228305K(502464K), 0.0163305 secs] [Times: user=0.05 sys=0.02, real=0.02 secs] 
Heap after GC invocations=166 (full 10):
 par new generation   total 109248K, used 21824K [0x00000000e0000000, 0x00000000e8000000, 0x00000000e8000000)
  eden space 87424K,   0% used [0x00000000e0000000, 0x00000000e0000000, 0x00000000e5560000)
  from space 21824K, 100% used [0x00000000e5560000, 0x00000000e6ab0000, 0x00000000e6ab0000)
  to   space 21824K,   0% used [0x00000000e6ab0000, 0x00000000e6ab0000, 0x00000000e8000000)
 concurrent mark-sweep generation total 393216K, used 206481K [0x00000000e8000000, 0x0000000100000000, 0x0000000100000000)
 Metaspace       used 43894K, capacity 45169K, committed 45376K, reserved 1089536K
  class space    used 5324K, capacity 5638K, committed 5732K, reserved 1048576K
}
2019-02-22T17:26:10.914-0700: 81467.279: [Rescan (parallel) , 0.0054526 secs]2019-02-22T17:26:10.920-0700: 81467.285: [weak refs processing, 0.0004945 secs]2019-02-22T17:26:10.920-0700: 81467.285: [class unloading, 0.0830523 secs]2019-02-22T17:26:11.003-0700: 81467.368: [scrub symbol table, 0.0257238 secs]2019-02-22T17:26:11.029-0700: 81467.394: [scrub string table, 0.0007911 secs][1 CMS-remark: 206481K(393216K)] 228305K(502464K), 0.1325805 secs] [Times: user=0.06 sys=0.11, real=0.13 secs] 
2019-02-22T17:26:11.030-0700: 81467.395: Total time for which application threads were stopped: 0.1328761 seconds, Stopping threads took: 0.0000689 seconds
2019-02-22T17:26:11.030-0700: 81467.395: [CMS-concurrent-sweep-start]
2019-02-22T17:26:11.085-0700: 81467.451: [CMS-concurrent-sweep: 0.055/0.055 secs] [Times: user=0.28 sys=0.03, real=0.06 secs] 
2019-02-22T17:26:11.085-0700: 81467.451: [CMS-concurrent-reset-start]
2019-02-22T17:26:11.087-0700: 81467.453: [CMS-concurrent-reset: 0.002/0.002 secs] [Times: user=0.00 sys=0.00, real=0.00 secs] 
{Heap before GC invocations=166 (full 10):
 par new generation   total 109248K, used 109248K [0x00000000e0000000, 0x00000000e8000000, 0x00000000e8000000)
  eden space 87424K, 100% used [0x00000000e0000000, 0x00000000e5560000, 0x00000000e5560000)
  from space 21824K, 100% used [0x00000000e5560000, 0x00000000e6ab0000, 0x00000000e6ab0000)
  to   space 21824K,   0% used [0x00000000e6ab0000, 0x00000000e6ab0000, 0x00000000e8000000)
 concurrent mark-sweep generation total 393216K, used 181820K [0x00000000e8000000, 0x0000000100000000, 0x0000000100000000)
 Metaspace       used 43830K, capacity 45067K, committed 45376K, reserved 1089536K
  class space    used 5312K, capacity 5615K, committed 5732K, reserved 1048576K
2019-02-22T17:26:11.259-0700: 81467.625: [GC (Allocation Failure) 2019-02-22T17:26:11.259-0700: 81467.625: [ParNew
Desired survivor size 20112992 bytes, new threshold 8 (max 8)
- age   1:    6059984 bytes,    6059984 total
- age   2:    2651216 bytes,    8711200 total
- age   3:    3738584 bytes,   12449784 total
: 109248K->20407K(109248K), 0.0144167 secs] 291068K->212740K(502464K), 0.0145246 secs] [Times: user=0.06 sys=0.00, real=0.01 secs] 
Heap after GC invocations=167 (full 10):
 par new generation   total 109248K, used 20407K [0x00000000e0000000, 0x00000000e8000000, 0x00000000e8000000)
  eden space 87424K,   0% used [0x00000000e0000000, 0x00000000e0000000, 0x00000000e5560000)
  from space 21824K,  93% used [0x00000000e6ab0000, 0x00000000e7e9dd60, 0x00000000e8000000)
  to   space 21824K,   0% used [0x00000000e5560000, 0x00000000e5560000, 0x00000000e6ab0000)
 concurrent mark-sweep generation total 393216K, used 192333K [0x00000000e8000000, 0x0000000100000000, 0x0000000100000000)
 Metaspace       used 43830K, capacity 45067K, committed 45376K, reserved 1089536K
  class space    used 5312K, capacity 5615K, committed 5732K, reserved 1048576K
}
2019-02-22T17:26:11.274-0700: 81467.639: Total time for which application threads were stopped: 0.0152222 seconds, Stopping threads took: 0.0000684 seconds
{Heap before GC invocations=167 (full 10):
 par new generation   total 109248K, used 107831K [0x00000000e0000000, 0x00000000e8000000, 0x00000000e8000000)
  eden space 87424K, 100% used [0x00000000e0000000, 0x00000000e5560000, 0x00000000e5560000)
  from space 21824K,  93% used [0x00000000e6ab0000, 0x00000000e7e9dd60, 0x00000000e8000000)
  to   space 21824K,   0% used [0x00000000e5560000, 0x00000000e5560000, 0x00000000e6ab0000)
 concurrent mark-sweep generation total 393216K, used 192333K [0x00000000e8000000, 0x0000000100000000, 0x0000000100000000)
 Metaspace       used 43830K, capacity 45067K, committed 45376K, reserved 1089536K
  class space    used 5312K, capacity 5615K, committed 5732K, reserved 1048576K
2019-02-22T17:26:11.700-0700: 81468.066: [GC (Allocation Failure) 2019-02-22T17:26:11.700-0700: 81468.066: [ParNew
Desired survivor size 20112992 bytes, new threshold 8 (max 8)
- age   1:    6954552 bytes,    6954552 total
- age   2:    3908776 bytes,   10863328 total
- age   3:    2585208 bytes,   13448536 total
- age   4:    2683888 bytes,   16132424 total
: 107831K->20313K(109248K), 0.0095604 secs] 300164K->212646K(502464K), 0.0096468 secs] [Times: user=0.06 sys=0.00, real=0.01 secs] 
Heap after GC invocations=168 (full 10):
 par new generation   total 109248K, used 20313K [0x00000000e0000000, 0x00000000e8000000, 0x00000000e8000000)
  eden space 87424K,   0% used [0x00000000e0000000, 0x00000000e0000000, 0x00000000e5560000)
  from space 21824K,  93% used [0x00000000e5560000, 0x00000000e6936520, 0x00000000e6ab0000)
  to   space 21824K,   0% used [0x00000000e6ab0000, 0x00000000e6ab0000, 0x00000000e8000000)
 concurrent mark-sweep generation total 393216K, used 192333K [0x00000000e8000000, 0x0000000100000000, 0x0000000100000000)
 Metaspace       used 43830K, capacity 45067K, committed 45376K, reserved 1089536K
  class space    used 5312K, capacity 5615K, committed 5732K, reserved 1048576K
}
2019-02-22T17:26:11.710-0700: 81468.075: Total time for which application threads were stopped: 0.0100056 seconds, Stopping threads took: 0.0000648 seconds
{Heap before GC invocations=168 (full 10):
 par new generation   total 109248K, used 107737K [0x00000000e0000000, 0x00000000e8000000, 0x00000000e8000000)
  eden space 87424K, 100% used [0x00000000e0000000, 0x00000000e5560000, 0x00000000e5560000)
  from space 21824K,  93% used [0x00000000e5560000, 0x00000000e6936520, 0x00000000e6ab0000)
  to   space 21824K,   0% used [0x00000000e6ab0000, 0x00000000e6ab0000, 0x00000000e8000000)
 concurrent mark-sweep generation total 393216K, used 192333K [0x00000000e8000000, 0x0000000100000000, 0x0000000100000000)
 Metaspace       used 43830K, capacity 45067K, committed 45376K, reserved 1089536K
  class space    used 5312K, capacity 5615K, committed 5732K, reserved 1048576K
2019-02-22T17:26:12.120-0700: 81468.485: [GC (Allocation Failure) 2019-02-22T17:26:12.120-0700: 81468.485: [ParNew
Desired survivor size 20112992 bytes, new threshold 8 (max 8)
- age   1:    7434640 bytes,    7434640 total
- age   2:    3788616 bytes,   11223256 total
- age   3:    3170528 bytes,   14393784 total
- age   4:    1404168 bytes,   15797952 total
- age   5:    2683888 bytes,   18481840 total
: 107737K->21824K(109248K), 0.0091610 secs] 300070K->214202K(502464K), 0.0092545 secs] [Times: user=0.05 sys=0.00, real=0.01 secs] 
Heap after GC invocations=169 (full 10):
 par new generation   total 109248K, used 21824K [0x00000000e0000000, 0x00000000e8000000, 0x00000000e8000000)
  eden space 87424K,   0% used [0x00000000e0000000, 0x00000000e0000000, 0x00000000e5560000)
  from space 21824K, 100% used [0x00000000e6ab0000, 0x00000000e8000000, 0x00000000e8000000)
  to   space 21824K,   0% used [0x00000000e5560000, 0x00000000e5560000, 0x00000000e6ab0000)
 concurrent mark-sweep generation total 393216K, used 192378K [0x00000000e8000000, 0x0000000100000000, 0x0000000100000000)
 Metaspace       used 43830K, capacity 45067K, committed 45376K, reserved 1089536K
  class space    used 5312K, capacity 5615K, committed 5732K, reserved 1048576K
}
2019-02-22T17:26:12.129-0700: 81468.494: Total time for which application threads were stopped: 0.0097100 seconds, Stopping threads took: 0.0000725 seconds
{Heap before GC invocations=169 (full 10):
 par new generation   total 109248K, used 109209K [0x00000000e0000000, 0x00000000e8000000, 0x00000000e8000000)
  eden space 87424K,  99% used [0x00000000e0000000, 0x00000000e55566b0, 0x00000000e5560000)
  from space 21824K, 100% used [0x00000000e6ab0000, 0x00000000e8000000, 0x00000000e8000000)
  to   space 21824K,   0% used [0x00000000e5560000, 0x00000000e5560000, 0x00000000e6ab0000)
 concurrent mark-sweep generation total 393216K, used 192378K [0x00000000e8000000, 0x0000000100000000, 0x0000000100000000)
 Metaspace       used 43831K, capacity 45067K, committed 45376K, reserved 1089536K
  class space    used 5312K, capacity 5615K, committed 5732K, reserved 1048576K
2019-02-22T17:26:12.333-0700: 81468.699: [GC (Allocation Failure) 2019-02-22T17:26:12.333-0700: 81468.699: [ParNew
Desired survivor size 20112992 bytes, new threshold 6 (max 8)
- age   1:   12808624 bytes,   12808624 total
- age   2:    3111096 bytes,   15919720 total
- age   3:    1561528 bytes,   17481248 total
- age   4:    1846032 bytes,   19327280 total
- age   5:     768496 bytes,   20095776 total
- age   6:    2221648 bytes,   22317424 total
: 109209K->21824K(109248K), 0.0180238 secs] 301587K->224668K(502464K), 0.0181025 secs] [Times: user=0.06 sys=0.00, real=0.02 secs] 
Heap after GC invocations=170 (full 10):
 par new generation   total 109248K, used 21824K [0x00000000e0000000, 0x00000000e8000000, 0x00000000e8000000)
  eden space 87424K,   0% used [0x00000000e0000000, 0x00000000e0000000, 0x00000000e5560000)
  from space 21824K, 100% used [0x00000000e5560000, 0x00000000e6ab0000, 0x00000000e6ab0000)
  to   space 21824K,   0% used [0x00000000e6ab0000, 0x00000000e6ab0000, 0x00000000e8000000)
 concurrent mark-sweep generation total 393216K, used 202844K [0x00000000e8000000, 0x0000000100000000, 0x0000000100000000)
 Metaspace       used 43831K, capacity 45067K, committed 45376K, reserved 1089536K
  class space    used 5312K, capacity 5615K, committed 5732K, reserved 1048576K
}
2019-02-22T17:26:12.351-0700: 81468.717: Total time for which application threads were stopped: 0.0185528 seconds, Stopping threads took: 0.0000709 seconds
2019-02-22T17:26:12.352-0700: 81468.717: [GC (CMS Initial Mark) [1 CMS-initial-mark: 202844K(393216K)] 225639K(502464K), 0.0020994 secs] [Times: user=0.00 sys=0.00, real=0.00 secs] 
2019-02-22T17:26:12.354-0700: 81468.719: Total time for which application threads were stopped: 0.0024572 seconds, Stopping threads took: 0.0001208 seconds
2019-02-22T17:26:12.354-0700: 81468.719: [CMS-concurrent-mark-start]
{Heap before GC invocations=170 (full 11):
 par new generation   total 109248K, used 109146K [0x00000000e0000000, 0x00000000e8000000, 0x00000000e8000000)
  eden space 87424K,  99% used [0x00000000e0000000, 0x00000000e5546a50, 0x00000000e5560000)
  from space 21824K, 100% used [0x00000000e5560000, 0x00000000e6ab0000, 0x00000000e6ab0000)
  to   space 21824K,   0% used [0x00000000e6ab0000, 0x00000000e6ab0000, 0x00000000e8000000)
 concurrent mark-sweep generation total 393216K, used 202844K [0x00000000e8000000, 0x0000000100000000, 0x0000000100000000)
 Metaspace       used 43831K, capacity 45067K, committed 45376K, reserved 1089536K
  class space    used 5312K, capacity 5615K, committed 5732K, reserved 1048576K
2019-02-22T17:26:12.377-0700: 81468.742: [GC (Allocation Failure) 2019-02-22T17:26:12.377-0700: 81468.742: [ParNew
Desired survivor size 20112992 bytes, new threshold 8 (max 8)
- age   1:    1010480 bytes,    1010480 total
- age   2:   11503120 bytes,   12513600 total
- age   3:    2890504 bytes,   15404104 total
- age   4:    1561528 bytes,   16965632 total
- age   5:    1840864 bytes,   18806496 total
- age   6:     768496 bytes,   19574992 total
: 109146K->21824K(109248K), 0.0121934 secs] 311990K->226796K(502464K), 0.0123116 secs] [Times: user=0.00 sys=0.00, real=0.01 secs] 
Heap after GC invocations=171 (full 11):
 par new generation   total 109248K, used 21824K [0x00000000e0000000, 0x00000000e8000000, 0x00000000e8000000)
  eden space 87424K,   0% used [0x00000000e0000000, 0x00000000e0000000, 0x00000000e5560000)
  from space 21824K, 100% used [0x00000000e6ab0000, 0x00000000e8000000, 0x00000000e8000000)
  to   space 21824K,   0% used [0x00000000e5560000, 0x00000000e5560000, 0x00000000e6ab0000)
 concurrent mark-sweep generation total 393216K, used 204972K [0x00000000e8000000, 0x0000000100000000, 0x0000000100000000)
 Metaspace       used 43831K, capacity 45067K, committed 45376K, reserved 1089536K
  class space    used 5312K, capacity 5615K, committed 5732K, reserved 1048576K
}
2019-02-22T17:26:12.389-0700: 81468.755: Total time for which application threads were stopped: 0.0128786 seconds, Stopping threads took: 0.0001044 seconds
2019-02-22T17:26:12.421-0700: 81468.786: [CMS-concurrent-mark: 0.054/0.066 secs] [Times: user=0.39 sys=0.00, real=0.07 secs] 
2019-02-22T17:26:12.421-0700: 81468.786: [CMS-concurrent-preclean-start]
{Heap before GC invocations=171 (full 11):
 par new generation   total 109248K, used 108884K [0x00000000e0000000, 0x00000000e8000000, 0x00000000e8000000)
  eden space 87424K,  99% used [0x00000000e0000000, 0x00000000e5505318, 0x00000000e5560000)
  from space 21824K, 100% used [0x00000000e6ab0000, 0x00000000e8000000, 0x00000000e8000000)
  to   space 21824K,   0% used [0x00000000e5560000, 0x00000000e5560000, 0x00000000e6ab0000)
 concurrent mark-sweep generation total 393216K, used 204972K [0x00000000e8000000, 0x0000000100000000, 0x0000000100000000)
 Metaspace       used 43831K, capacity 45067K, committed 45376K, reserved 1089536K
  class space    used 5312K, capacity 5615K, committed 5732K, reserved 1048576K
2019-02-22T17:26:12.436-0700: 81468.801: [GC (Allocation Failure) 2019-02-22T17:26:12.436-0700: 81468.801: [ParNew
Desired survivor size 20112992 bytes, new threshold 8 (max 8)
- age   1:      65584 bytes,      65584 total
- age   2:     628992 bytes,     694576 total
- age   3:   10239808 bytes,   10934384 total
- age   4:    2873040 bytes,   13807424 total
- age   5:    1561528 bytes,   15368952 total
- age   6:    1869568 bytes,   17238520 total
- age   7:     768496 bytes,   18007016 total
: 108884K->19486K(109248K), 0.0106440 secs] 313856K->224458K(502464K), 0.0107360 secs] [Times: user=0.06 sys=0.00, real=0.01 secs] 
Heap after GC invocations=172 (full 11):
 par new generation   total 109248K, used 19486K [0x00000000e0000000, 0x00000000e8000000, 0x00000000e8000000)
  eden space 87424K,   0% used [0x00000000e0000000, 0x00000000e0000000, 0x00000000e5560000)
  from space 21824K,  89% used [0x00000000e5560000, 0x00000000e6867800, 0x00000000e6ab0000)
  to   space 21824K,   0% used [0x00000000e6ab0000, 0x00000000e6ab0000, 0x00000000e8000000)
 concurrent mark-sweep generation total 393216K, used 204972K [0x00000000e8000000, 0x0000000100000000, 0x0000000100000000)
 Metaspace       used 43831K, capacity 45067K, committed 45376K, reserved 1089536K
  class space    used 5312K, capacity 5615K, committed 5732K, reserved 1048576K
}
2019-02-22T17:26:12.447-0700: 81468.812: Total time for which application threads were stopped: 0.0110835 seconds, Stopping threads took: 0.0000308 seconds
2019-02-22T17:26:12.448-0700: 81468.813: [CMS-concurrent-preclean: 0.015/0.027 secs] [Times: user=0.13 sys=0.00, real=0.03 secs] 
2019-02-22T17:26:12.448-0700: 81468.813: [CMS-concurrent-abortable-preclean-start]
2019-02-22T17:26:12.553-0700: 81468.918: [CMS-concurrent-abortable-preclean: 0.103/0.105 secs] [Times: user=0.25 sys=0.00, real=0.11 secs] 
2019-02-22T17:26:12.554-0700: 81468.919: [GC (CMS Final Remark) [YG occupancy: 66167 K (109248 K)]{Heap before GC invocations=172 (full 11):
 par new generation   total 109248K, used 66167K [0x00000000e0000000, 0x00000000e8000000, 0x00000000e8000000)
  eden space 87424K,  53% used [0x00000000e0000000, 0x00000000e2d96498, 0x00000000e5560000)
  from space 21824K,  89% used [0x00000000e5560000, 0x00000000e6867800, 0x00000000e6ab0000)
  to   space 21824K,   0% used [0x00000000e6ab0000, 0x00000000e6ab0000, 0x00000000e8000000)
 concurrent mark-sweep generation total 393216K, used 204972K [0x00000000e8000000, 0x0000000100000000, 0x0000000100000000)
 Metaspace       used 43831K, capacity 45067K, committed 45376K, reserved 1089536K
  class space    used 5312K, capacity 5615K, committed 5732K, reserved 1048576K
2019-02-22T17:26:12.554-0700: 81468.919: [GC (CMS Final Remark) 2019-02-22T17:26:12.554-0700: 81468.919: [ParNew
Desired survivor size 20112992 bytes, new threshold 8 (max 8)
- age   1:    3023872 bytes,    3023872 total
- age   2:      47784 bytes,    3071656 total
- age   3:     608384 bytes,    3680040 total
- age   4:    7917888 bytes,   11597928 total
- age   5:    2664496 bytes,   14262424 total
- age   6:    1394656 bytes,   15657080 total
- age   7:    1429040 bytes,   17086120 total
- age   8:     729344 bytes,   17815464 total
: 66167K->21824K(109248K), 0.0129192 secs] 271139K->227489K(502464K), 0.0129963 secs] [Times: user=0.05 sys=0.00, real=0.01 secs] 
Heap after GC invocations=173 (full 11):
 par new generation   total 109248K, used 21824K [0x00000000e0000000, 0x00000000e8000000, 0x00000000e8000000)
  eden space 87424K,   0% used [0x00000000e0000000, 0x00000000e0000000, 0x00000000e5560000)
  from space 21824K, 100% used [0x00000000e6ab0000, 0x00000000e8000000, 0x00000000e8000000)
  to   space 21824K,   0% used [0x00000000e5560000, 0x00000000e5560000, 0x00000000e6ab0000)
 concurrent mark-sweep generation total 393216K, used 205665K [0x00000000e8000000, 0x0000000100000000, 0x0000000100000000)
 Metaspace       used 43831K, capacity 45067K, committed 45376K, reserved 1089536K
  class space    used 5312K, capacity 5615K, committed 5732K, reserved 1048576K
}
2019-02-22T17:26:12.567-0700: 81468.932: [Rescan (parallel) , 0.0050521 secs]2019-02-22T17:26:12.572-0700: 81468.937: [weak refs processing, 0.0004925 secs]2019-02-22T17:26:12.572-0700: 81468.937: [class unloading, 0.0137541 secs]2019-02-22T17:26:12.585-0700: 81468.951: [scrub symbol table, 0.0120520 secs]2019-02-22T17:26:12.598-0700: 81468.963: [scrub string table, 0.0005264 secs][1 CMS-remark: 205665K(393216K)] 227489K(502464K), 0.0452718 secs] [Times: user=0.08 sys=0.00, real=0.04 secs] 
2019-02-22T17:26:12.598-0700: 81468.964: Total time for which application threads were stopped: 0.0456630 seconds, Stopping threads took: 0.0000853 seconds
2019-02-22T17:26:12.598-0700: 81468.964: [CMS-concurrent-sweep-start]
2019-02-22T17:26:12.660-0700: 81469.026: [CMS-concurrent-sweep: 0.062/0.062 secs] [Times: user=0.17 sys=0.00, real=0.06 secs] 
2019-02-22T17:26:12.660-0700: 81469.026: [CMS-concurrent-reset-start]
2019-02-22T17:26:12.660-0700: 81469.026: [CMS-concurrent-reset: 0.001/0.001 secs] [Times: user=0.00 sys=0.00, real=0.00 secs] 
{Heap before GC invocations=173 (full 11):
 par new generation   total 109248K, used 109248K [0x00000000e0000000, 0x00000000e8000000, 0x00000000e8000000)
  eden space 87424K, 100% used [0x00000000e0000000, 0x00000000e5560000, 0x00000000e5560000)
  from space 21824K, 100% used [0x00000000e6ab0000, 0x00000000e8000000, 0x00000000e8000000)
  to   space 21824K,   0% used [0x00000000e5560000, 0x00000000e5560000, 0x00000000e6ab0000)
 concurrent mark-sweep generation total 393216K, used 169256K [0x00000000e8000000, 0x0000000100000000, 0x0000000100000000)
 Metaspace       used 43831K, capacity 45067K, committed 45376K, reserved 1089536K
  class space    used 5312K, capacity 5615K, committed 5732K, reserved 1048576K
2019-02-22T17:26:12.674-0700: 81469.040: [GC (Allocation Failure) 2019-02-22T17:26:12.674-0700: 81469.040: [ParNew
Desired survivor size 20112992 bytes, new threshold 8 (max 8)
- age   1:    1866288 bytes,    1866288 total
- age   2:    2320928 bytes,    4187216 total
- age   3:      46936 bytes,    4234152 total
- age   4:     602952 bytes,    4837104 total
- age   5:    7735144 bytes,   12572248 total
- age   6:    2539736 bytes,   15111984 total
- age   7:    1388496 bytes,   16500480 total
- age   8:    1376104 bytes,   17876584 total
: 109248K->21824K(109248K), 0.0120536 secs] 278504K->192597K(502464K), 0.0121651 secs] [Times: user=0.00 sys=0.00, real=0.01 secs] 
Heap after GC invocations=174 (full 11):
 par new generation   total 109248K, used 21824K [0x00000000e0000000, 0x00000000e8000000, 0x00000000e8000000)
  eden space 87424K,   0% used [0x00000000e0000000, 0x00000000e0000000, 0x00000000e5560000)
  from space 21824K, 100% used [0x00000000e5560000, 0x00000000e6ab0000, 0x00000000e6ab0000)
  to   space 21824K,   0% used [0x00000000e6ab0000, 0x00000000e6ab0000, 0x00000000e8000000)
 concurrent mark-sweep generation total 393216K, used 170773K [0x00000000e8000000, 0x0000000100000000, 0x0000000100000000)
 Metaspace       used 43831K, capacity 45067K, committed 45376K, reserved 1089536K
  class space    used 5312K, capacity 5615K, committed 5732K, reserved 1048576K
}
2019-02-22T17:26:12.687-0700: 81469.052: Total time for which application threads were stopped: 0.0127218 seconds, Stopping threads took: 0.0000653 seconds
{Heap before GC invocations=174 (full 11):
 par new generation   total 109248K, used 109248K [0x00000000e0000000, 0x00000000e8000000, 0x00000000e8000000)
  eden space 87424K, 100% used [0x00000000e0000000, 0x00000000e5560000, 0x00000000e5560000)
  from space 21824K, 100% used [0x00000000e5560000, 0x00000000e6ab0000, 0x00000000e6ab0000)
  to   space 21824K,   0% used [0x00000000e6ab0000, 0x00000000e6ab0000, 0x00000000e8000000)
 concurrent mark-sweep generation total 393216K, used 170773K [0x00000000e8000000, 0x0000000100000000, 0x0000000100000000)
 Metaspace       used 43831K, capacity 45067K, committed 45376K, reserved 1089536K
  class space    used 5312K, capacity 5615K, committed 5732K, reserved 1048576K
2019-02-22T17:26:12.801-0700: 81469.166: [GC (Allocation Failure) 2019-02-22T17:26:12.801-0700: 81469.166: [ParNew
Desired survivor size 20112992 bytes, new threshold 8 (max 8)
- age   1:    3527472 bytes,    3527472 total
- age   2:    1415872 bytes,    4943344 total
- age   3:    2020528 bytes,    6963872 total
- age   4:      46792 bytes,    7010664 total
- age   5:     570168 bytes,    7580832 total
- age   6:    7506176 bytes,   15087008 total
- age   7:    2123960 bytes,   17210968 total
- age   8:    1367760 bytes,   18578728 total
: 109248K->21824K(109248K), 0.0116192 secs] 280021K->194104K(502464K), 0.0117976 secs] [Times: user=0.02 sys=0.00, real=0.01 secs] 
Heap after GC invocations=175 (full 11):
 par new generation   total 109248K, used 21824K [0x00000000e0000000, 0x00000000e8000000, 0x00000000e8000000)
  eden space 87424K,   0% used [0x00000000e0000000, 0x00000000e0000000, 0x00000000e5560000)
  from space 21824K, 100% used [0x00000000e6ab0000, 0x00000000e8000000, 0x00000000e8000000)
  to   space 21824K,   0% used [0x00000000e5560000, 0x00000000e5560000, 0x00000000e6ab0000)
 concurrent mark-sweep generation total 393216K, used 172280K [0x00000000e8000000, 0x0000000100000000, 0x0000000100000000)
 Metaspace       used 43831K, capacity 45067K, committed 45376K, reserved 1089536K
  class space    used 5312K, capacity 5615K, committed 5732K, reserved 1048576K
}
2019-02-22T17:26:12.813-0700: 81469.178: Total time for which application threads were stopped: 0.0123589 seconds, Stopping threads took: 0.0000643 seconds
{Heap before GC invocations=175 (full 11):
 par new generation   total 109248K, used 109248K [0x00000000e0000000, 0x00000000e8000000, 0x00000000e8000000)
  eden space 87424K, 100% used [0x00000000e0000000, 0x00000000e5560000, 0x00000000e5560000)
  from space 21824K, 100% used [0x00000000e6ab0000, 0x00000000e8000000, 0x00000000e8000000)
  to   space 21824K,   0% used [0x00000000e5560000, 0x00000000e5560000, 0x00000000e6ab0000)
 concurrent mark-sweep generation total 393216K, used 172280K [0x00000000e8000000, 0x0000000100000000, 0x0000000100000000)
 Metaspace       used 43831K, capacity 45067K, committed 45376K, reserved 1089536K
  class space    used 5312K, capacity 5615K, committed 5732K, reserved 1048576K
2019-02-22T17:26:13.061-0700: 81469.426: [GC (Allocation Failure) 2019-02-22T17:26:13.061-0700: 81469.426: [ParNew
Desired survivor size 20112992 bytes, new threshold 8 (max 8)
- age   1:    7053712 bytes,    7053712 total
- age   2:    2344256 bytes,    9397968 total
- age   3:     837072 bytes,   10235040 total
- age   4:     959552 bytes,   11194592 total
- age   5:      36336 bytes,   11230928 total
- age   6:      88144 bytes,   11319072 total
- age   7:    7490288 bytes,   18809360 total
- age   8:    1974560 bytes,   20783920 total
: 109248K->21824K(109248K), 0.0146053 secs] 281528K->197172K(502464K), 0.0148012 secs] [Times: user=0.06 sys=0.00, real=0.01 secs] 
Heap after GC invocations=176 (full 11):
 par new generation   total 109248K, used 21824K [0x00000000e0000000, 0x00000000e8000000, 0x00000000e8000000)
  eden space 87424K,   0% used [0x00000000e0000000, 0x00000000e0000000, 0x00000000e5560000)
  from space 21824K, 100% used [0x00000000e5560000, 0x00000000e6ab0000, 0x00000000e6ab0000)
  to   space 21824K,   0% used [0x00000000e6ab0000, 0x00000000e6ab0000, 0x00000000e8000000)
 concurrent mark-sweep generation total 393216K, used 175348K [0x00000000e8000000, 0x0000000100000000, 0x0000000100000000)
 Metaspace       used 43831K, capacity 45067K, committed 45376K, reserved 1089536K
  class space    used 5312K, capacity 5615K, committed 5732K, reserved 1048576K
}
2019-02-22T17:26:13.076-0700: 81469.441: Total time for which application threads were stopped: 0.0154458 seconds, Stopping threads took: 0.0000648 seconds
{Heap before GC invocations=176 (full 11):
 par new generation   total 109248K, used 109248K [0x00000000e0000000, 0x00000000e8000000, 0x00000000e8000000)
  eden space 87424K, 100% used [0x00000000e0000000, 0x00000000e5560000, 0x00000000e5560000)
  from space 21824K, 100% used [0x00000000e5560000, 0x00000000e6ab0000, 0x00000000e6ab0000)
  to   space 21824K,   0% used [0x00000000e6ab0000, 0x00000000e6ab0000, 0x00000000e8000000)
 concurrent mark-sweep generation total 393216K, used 175348K [0x00000000e8000000, 0x0000000100000000, 0x0000000100000000)
 Metaspace       used 43831K, capacity 45067K, committed 45376K, reserved 1089536K
  class space    used 5312K, capacity 5615K, committed 5732K, reserved 1048576K
2019-02-22T17:26:13.352-0700: 81469.718: [GC (Allocation Failure) 2019-02-22T17:26:13.352-0700: 81469.718: [ParNew
Desired survivor size 20112992 bytes, new threshold 8 (max 8)
- age   1:    9938480 bytes,    9938480 total
- age   2:    4279040 bytes,   14217520 total
- age   3:    1197728 bytes,   15415248 total
- age   4:     493304 bytes,   15908552 total
- age   5:     614400 bytes,   16522952 total
- age   6:      31648 bytes,   16554600 total
- age   7:      79368 bytes,   16633968 total
- age   8:    5708016 bytes,   22341984 total
: 109248K->21824K(109248K), 0.0250155 secs] 284596K->219247K(502464K), 0.0251394 secs] [Times: user=0.06 sys=0.00, real=0.03 secs] 
Heap after GC invocations=177 (full 11):
 par new generation   total 109248K, used 21824K [0x00000000e0000000, 0x00000000e8000000, 0x00000000e8000000)
  eden space 87424K,   0% used [0x00000000e0000000, 0x00000000e0000000, 0x00000000e5560000)
  from space 21824K, 100% used [0x00000000e6ab0000, 0x00000000e8000000, 0x00000000e8000000)
  to   space 21824K,   0% used [0x00000000e5560000, 0x00000000e5560000, 0x00000000e6ab0000)
 concurrent mark-sweep generation total 393216K, used 197423K [0x00000000e8000000, 0x0000000100000000, 0x0000000100000000)
 Metaspace       used 43831K, capacity 45067K, committed 45376K, reserved 1089536K
  class space    used 5312K, capacity 5615K, committed 5732K, reserved 1048576K
}
2019-02-22T17:26:13.378-0700: 81469.743: Total time for which application threads were stopped: 0.0255773 seconds, Stopping threads took: 0.0000679 seconds
2019-02-22T17:26:13.378-0700: 81469.743: [GC (CMS Initial Mark) [1 CMS-initial-mark: 197423K(393216K)] 219498K(502464K), 0.0024012 secs] [Times: user=0.00 sys=0.00, real=0.00 secs] 
2019-02-22T17:26:13.381-0700: 81469.746: Total time for which application threads were stopped: 0.0028155 seconds, Stopping threads took: 0.0001136 seconds
2019-02-22T17:26:13.381-0700: 81469.746: [CMS-concurrent-mark-start]
2019-02-22T17:26:13.435-0700: 81469.801: [CMS-concurrent-mark: 0.055/0.055 secs] [Times: user=0.25 sys=0.02, real=0.05 secs] 
2019-02-22T17:26:13.435-0700: 81469.801: [CMS-concurrent-preclean-start]
2019-02-22T17:26:13.448-0700: 81469.813: [CMS-concurrent-preclean: 0.012/0.013 secs] [Times: user=0.02 sys=0.00, real=0.01 secs] 
2019-02-22T17:26:13.448-0700: 81469.813: [CMS-concurrent-abortable-preclean-start]
{Heap before GC invocations=177 (full 12):
 par new generation   total 109248K, used 109248K [0x00000000e0000000, 0x00000000e8000000, 0x00000000e8000000)
  eden space 87424K, 100% used [0x00000000e0000000, 0x00000000e5560000, 0x00000000e5560000)
  from space 21824K, 100% used [0x00000000e6ab0000, 0x00000000e8000000, 0x00000000e8000000)
  to   space 21824K,   0% used [0x00000000e5560000, 0x00000000e5560000, 0x00000000e6ab0000)
 concurrent mark-sweep generation total 393216K, used 197423K [0x00000000e8000000, 0x0000000100000000, 0x0000000100000000)
 Metaspace       used 43831K, capacity 45067K, committed 45376K, reserved 1089536K
  class space    used 5312K, capacity 5615K, committed 5732K, reserved 1048576K
2019-02-22T17:26:13.723-0700: 81470.088: [GC (Allocation Failure) 2019-02-22T17:26:13.723-0700: 81470.088: [ParNew
Desired survivor size 20112992 bytes, new threshold 8 (max 8)
- age   1:    7081168 bytes,    7081168 total
- age   2:    8397760 bytes,   15478928 total
- age   3:    2582784 bytes,   18061712 total
- age   4:    1041200 bytes,   19102912 total
- age   5:     390984 bytes,   19493896 total
- age   6:     518288 bytes,   20012184 total
- age   7:      19400 bytes,   20031584 total
- age   8:      73032 bytes,   20104616 total
: 109248K->21824K(109248K), 0.0197356 secs] 306671K->228280K(502464K), 0.0198610 secs] [Times: user=0.06 sys=0.00, real=0.02 secs] 
Heap after GC invocations=178 (full 12):
 par new generation   total 109248K, used 21824K [0x00000000e0000000, 0x00000000e8000000, 0x00000000e8000000)
  eden space 87424K,   0% used [0x00000000e0000000, 0x00000000e0000000, 0x00000000e5560000)
  from space 21824K, 100% used [0x00000000e5560000, 0x00000000e6ab0000, 0x00000000e6ab0000)
  to   space 21824K,   0% used [0x00000000e6ab0000, 0x00000000e6ab0000, 0x00000000e8000000)
 concurrent mark-sweep generation total 393216K, used 206456K [0x00000000e8000000, 0x0000000100000000, 0x0000000100000000)
 Metaspace       used 43831K, capacity 45067K, committed 45376K, reserved 1089536K
  class space    used 5312K, capacity 5615K, committed 5732K, reserved 1048576K
}
2019-02-22T17:26:13.743-0700: 81470.108: Total time for which application threads were stopped: 0.0202497 seconds, Stopping threads took: 0.0000365 seconds
2019-02-22T17:26:13.891-0700: 81470.257: [CMS-concurrent-abortable-preclean: 0.418/0.443 secs] [Times: user=1.08 sys=0.02, real=0.44 secs] 
2019-02-22T17:26:13.891-0700: 81470.257: [GC (CMS Final Remark) [YG occupancy: 68606 K (109248 K)]{Heap before GC invocations=178 (full 12):
 par new generation   total 109248K, used 68606K [0x00000000e0000000, 0x00000000e8000000, 0x00000000e8000000)
  eden space 87424K,  53% used [0x00000000e0000000, 0x00000000e2dafb88, 0x00000000e5560000)
  from space 21824K, 100% used [0x00000000e5560000, 0x00000000e6ab0000, 0x00000000e6ab0000)
  to   space 21824K,   0% used [0x00000000e6ab0000, 0x00000000e6ab0000, 0x00000000e8000000)
 concurrent mark-sweep generation total 393216K, used 206456K [0x00000000e8000000, 0x0000000100000000, 0x0000000100000000)
 Metaspace       used 43831K, capacity 45067K, committed 45376K, reserved 1089536K
  class space    used 5312K, capacity 5615K, committed 5732K, reserved 1048576K
2019-02-22T17:26:13.892-0700: 81470.257: [GC (CMS Final Remark) 2019-02-22T17:26:13.892-0700: 81470.257: [ParNew
Desired survivor size 20112992 bytes, new threshold 7 (max 8)
- age   1:    2617016 bytes,    2617016 total
- age   2:    6293680 bytes,    8910696 total
- age   3:    7615240 bytes,   16525936 total
- age   4:    2023648 bytes,   18549584 total
- age   5:     935920 bytes,   19485504 total
- age   6:     273472 bytes,   19758976 total
- age   7:     435752 bytes,   20194728 total
- age   8:      17168 bytes,   20211896 total
: 68606K->21824K(109248K), 0.0162986 secs] 275062K->230585K(502464K), 0.0163752 secs] [Times: user=0.05 sys=0.00, real=0.02 secs] 
Heap after GC invocations=179 (full 12):
 par new generation   total 109248K, used 21824K [0x00000000e0000000, 0x00000000e8000000, 0x00000000e8000000)
  eden space 87424K,   0% used [0x00000000e0000000, 0x00000000e0000000, 0x00000000e5560000)
  from space 21824K, 100% used [0x00000000e6ab0000, 0x00000000e8000000, 0x00000000e8000000)
  to   space 21824K,   0% used [0x00000000e5560000, 0x00000000e5560000, 0x00000000e6ab0000)
 concurrent mark-sweep generation total 393216K, used 208761K [0x00000000e8000000, 0x0000000100000000, 0x0000000100000000)
 Metaspace       used 43831K, capacity 45067K, committed 45376K, reserved 1089536K
  class space    used 5312K, capacity 5615K, committed 5732K, reserved 1048576K
}
2019-02-22T17:26:13.908-0700: 81470.273: [Rescan (parallel) , 0.0063121 secs]2019-02-22T17:26:13.914-0700: 81470.280: [weak refs processing, 0.0011659 secs]2019-02-22T17:26:13.916-0700: 81470.281: [class unloading, 0.0116012 secs]2019-02-22T17:26:13.927-0700: 81470.293: [scrub symbol table, 0.0091070 secs]2019-02-22T17:26:13.936-0700: 81470.302: [scrub string table, 0.0008595 secs][1 CMS-remark: 208761K(393216K)] 230585K(502464K), 0.0460501 secs] [Times: user=0.06 sys=0.02, real=0.05 secs] 
2019-02-22T17:26:13.938-0700: 81470.303: Total time for which application threads were stopped: 0.0463513 seconds, Stopping threads took: 0.0000637 seconds
2019-02-22T17:26:13.938-0700: 81470.303: [CMS-concurrent-sweep-start]
2019-02-22T17:26:13.992-0700: 81470.357: [CMS-concurrent-sweep: 0.054/0.054 secs] [Times: user=0.16 sys=0.00, real=0.05 secs] 
2019-02-22T17:26:13.992-0700: 81470.357: [CMS-concurrent-reset-start]
2019-02-22T17:26:13.993-0700: 81470.358: [CMS-concurrent-reset: 0.001/0.001 secs] [Times: user=0.00 sys=0.00, real=0.00 secs] 
{Heap before GC invocations=179 (full 12):
 par new generation   total 109248K, used 108888K [0x00000000e0000000, 0x00000000e8000000, 0x00000000e8000000)
  eden space 87424K,  99% used [0x00000000e0000000, 0x00000000e5506138, 0x00000000e5560000)
  from space 21824K, 100% used [0x00000000e6ab0000, 0x00000000e8000000, 0x00000000e8000000)
  to   space 21824K,   0% used [0x00000000e5560000, 0x00000000e5560000, 0x00000000e6ab0000)
 concurrent mark-sweep generation total 393216K, used 193522K [0x00000000e8000000, 0x0000000100000000, 0x0000000100000000)
 Metaspace       used 43831K, capacity 45067K, committed 45376K, reserved 1089536K
  class space    used 5312K, capacity 5615K, committed 5732K, reserved 1048576K
2019-02-22T17:26:14.100-0700: 81470.465: [GC (Allocation Failure) 2019-02-22T17:26:14.100-0700: 81470.465: [ParNew
Desired survivor size 20112992 bytes, new threshold 5 (max 8)
- age   1:    4177664 bytes,    4177664 total
- age   2:    1532072 bytes,    5709736 total
- age   3:    5787344 bytes,   11497080 total
- age   4:    7263304 bytes,   18760384 total
- age   5:    1838096 bytes,   20598480 total
- age   6:     884056 bytes,   21482536 total
- age   7:     184368 bytes,   21666904 total
: 108888K->21824K(109248K), 0.0161835 secs] 302410K->217387K(502464K), 0.0162688 secs] [Times: user=0.06 sys=0.00, real=0.02 secs] 
Heap after GC invocations=180 (full 12):
 par new generation   total 109248K, used 21824K [0x00000000e0000000, 0x00000000e8000000, 0x00000000e8000000)
  eden space 87424K,   0% used [0x00000000e0000000, 0x00000000e0000000, 0x00000000e5560000)
  from space 21824K, 100% used [0x00000000e5560000, 0x00000000e6ab0000, 0x00000000e6ab0000)
  to   space 21824K,   0% used [0x00000000e6ab0000, 0x00000000e6ab0000, 0x00000000e8000000)
 concurrent mark-sweep generation total 393216K, used 195563K [0x00000000e8000000, 0x0000000100000000, 0x0000000100000000)
 Metaspace       used 43831K, capacity 45067K, committed 45376K, reserved 1089536K
  class space    used 5312K, capacity 5615K, committed 5732K, reserved 1048576K
}
2019-02-22T17:26:14.115-0700: 81470.481: Total time for which application threads were stopped: 0.0167592 seconds, Stopping threads took: 0.0000977 seconds
{Heap before GC invocations=180 (full 12):
 par new generation   total 109248K, used 109248K [0x00000000e0000000, 0x00000000e8000000, 0x00000000e8000000)
  eden space 87424K, 100% used [0x00000000e0000000, 0x00000000e5560000, 0x00000000e5560000)
  from space 21824K, 100% used [0x00000000e5560000, 0x00000000e6ab0000, 0x00000000e6ab0000)
  to   space 21824K,   0% used [0x00000000e6ab0000, 0x00000000e6ab0000, 0x00000000e8000000)
 concurrent mark-sweep generation total 393216K, used 195563K [0x00000000e8000000, 0x0000000100000000, 0x0000000100000000)
 Metaspace       used 43831K, capacity 45067K, committed 45376K, reserved 1089536K
  class space    used 5312K, capacity 5615K, committed 5732K, reserved 1048576K
2019-02-22T17:26:14.134-0700: 81470.499: [GC (Allocation Failure) 2019-02-22T17:26:14.134-0700: 81470.500: [ParNew
Desired survivor size 20112992 bytes, new threshold 8 (max 8)
- age   1:      97760 bytes,      97760 total
- age   2:    3631992 bytes,    3729752 total
- age   3:    1299136 bytes,    5028888 total
- age   4:    5429840 bytes,   10458728 total
- age   5:    6725376 bytes,   17184104 total
: 109248K->21824K(109248K), 0.0153790 secs] 304811K->221739K(502464K), 0.0154705 secs] [Times: user=0.06 sys=0.00, real=0.01 secs] 
Heap after GC invocations=181 (full 12):
 par new generation   total 109248K, used 21824K [0x00000000e0000000, 0x00000000e8000000, 0x00000000e8000000)
  eden space 87424K,   0% used [0x00000000e0000000, 0x00000000e0000000, 0x00000000e5560000)
  from space 21824K, 100% used [0x00000000e6ab0000, 0x00000000e8000000, 0x00000000e8000000)
  to   space 21824K,   0% used [0x00000000e5560000, 0x00000000e5560000, 0x00000000e6ab0000)
 concurrent mark-sweep generation total 393216K, used 199915K [0x00000000e8000000, 0x0000000100000000, 0x0000000100000000)
 Metaspace       used 43831K, capacity 45067K, committed 45376K, reserved 1089536K
  class space    used 5312K, capacity 5615K, committed 5732K, reserved 1048576K
}
2019-02-22T17:26:14.149-0700: 81470.515: Total time for which application threads were stopped: 0.0158889 seconds, Stopping threads took: 0.0000571 seconds
2019-02-22T17:26:14.150-0700: 81470.515: [GC (CMS Initial Mark) [1 CMS-initial-mark: 199915K(393216K)] 222253K(502464K), 0.0021827 secs] [Times: user=0.00 sys=0.00, real=0.00 secs] 
2019-02-22T17:26:14.152-0700: 81470.518: Total time for which application threads were stopped: 0.0024423 seconds, Stopping threads took: 0.0000483 seconds
2019-02-22T17:26:14.152-0700: 81470.518: [CMS-concurrent-mark-start]
2019-02-22T17:26:14.206-0700: 81470.572: [CMS-concurrent-mark: 0.054/0.054 secs] [Times: user=0.34 sys=0.00, real=0.05 secs] 
2019-02-22T17:26:14.206-0700: 81470.572: [CMS-concurrent-preclean-start]
2019-02-22T17:26:14.214-0700: 81470.580: [CMS-concurrent-preclean: 0.008/0.008 secs] [Times: user=0.00 sys=0.00, real=0.01 secs] 
2019-02-22T17:26:14.215-0700: 81470.580: [CMS-concurrent-abortable-preclean-start]
{Heap before GC invocations=181 (full 13):
 par new generation   total 109248K, used 109248K [0x00000000e0000000, 0x00000000e8000000, 0x00000000e8000000)
  eden space 87424K, 100% used [0x00000000e0000000, 0x00000000e5560000, 0x00000000e5560000)
  from space 21824K, 100% used [0x00000000e6ab0000, 0x00000000e8000000, 0x00000000e8000000)
  to   space 21824K,   0% used [0x00000000e5560000, 0x00000000e5560000, 0x00000000e6ab0000)
 concurrent mark-sweep generation total 393216K, used 199915K [0x00000000e8000000, 0x0000000100000000, 0x0000000100000000)
 Metaspace       used 43831K, capacity 45067K, committed 45376K, reserved 1089536K
  class space    used 5312K, capacity 5615K, committed 5732K, reserved 1048576K
2019-02-22T17:26:14.284-0700: 81470.650: [GC (Allocation Failure) 2019-02-22T17:26:14.284-0700: 81470.650: [ParNew
Desired survivor size 20112992 bytes, new threshold 8 (max 8)
- age   1:    2506688 bytes,    2506688 total
- age   2:      80120 bytes,    2586808 total
- age   3:    3051728 bytes,    5638536 total
- age   4:    1291592 bytes,    6930128 total
- age   5:    5331040 bytes,   12261168 total
- age   6:    6378600 bytes,   18639768 total
: 109248K->21824K(109248K), 0.0124011 secs] 309163K->222052K(502464K), 0.0125774 secs] [Times: user=0.00 sys=0.02, real=0.01 secs] 
Heap after GC invocations=182 (full 13):
 par new generation   total 109248K, used 21824K [0x00000000e0000000, 0x00000000e8000000, 0x00000000e8000000)
  eden space 87424K,   0% used [0x00000000e0000000, 0x00000000e0000000, 0x00000000e5560000)
  from space 21824K, 100% used [0x00000000e5560000, 0x00000000e6ab0000, 0x00000000e6ab0000)
  to   space 21824K,   0% used [0x00000000e6ab0000, 0x00000000e6ab0000, 0x00000000e8000000)
 concurrent mark-sweep generation total 393216K, used 200228K [0x00000000e8000000, 0x0000000100000000, 0x0000000100000000)
 Metaspace       used 43831K, capacity 45067K, committed 45376K, reserved 1089536K
  class space    used 5312K, capacity 5615K, committed 5732K, reserved 1048576K
}
2019-02-22T17:26:14.297-0700: 81470.662: Total time for which application threads were stopped: 0.0131017 seconds, Stopping threads took: 0.0000673 seconds
2019-02-22T17:26:14.368-0700: 81470.733: [CMS-concurrent-abortable-preclean: 0.138/0.153 secs] [Times: user=0.38 sys=0.02, real=0.15 secs] 
2019-02-22T17:26:14.369-0700: 81470.734: [GC (CMS Final Remark) [YG occupancy: 104847 K (109248 K)]{Heap before GC invocations=182 (full 13):
 par new generation   total 109248K, used 104847K [0x00000000e0000000, 0x00000000e8000000, 0x00000000e8000000)
  eden space 87424K,  94% used [0x00000000e0000000, 0x00000000e5113e60, 0x00000000e5560000)
  from space 21824K, 100% used [0x00000000e5560000, 0x00000000e6ab0000, 0x00000000e6ab0000)
  to   space 21824K,   0% used [0x00000000e6ab0000, 0x00000000e6ab0000, 0x00000000e8000000)
 concurrent mark-sweep generation total 393216K, used 200228K [0x00000000e8000000, 0x0000000100000000, 0x0000000100000000)
 Metaspace       used 43831K, capacity 45067K, committed 45376K, reserved 1089536K
  class space    used 5312K, capacity 5615K, committed 5732K, reserved 1048576K
2019-02-22T17:26:14.369-0700: 81470.734: [GC (CMS Final Remark) 2019-02-22T17:26:14.369-0700: 81470.734: [ParNew
Desired survivor size 20112992 bytes, new threshold 7 (max 8)
- age   1:    3721056 bytes,    3721056 total
- age   2:    1388352 bytes,    5109408 total
- age   3:      80120 bytes,    5189528 total
- age   4:    2810224 bytes,    7999752 total
- age   5:    1151928 bytes,    9151680 total
- age   6:    4674016 bytes,   13825696 total
- age   7:    6323064 bytes,   20148760 total
: 104847K->21824K(109248K), 0.0118135 secs] 305075K->223211K(502464K), 0.0118983 secs] [Times: user=0.06 sys=0.00, real=0.01 secs] 
Heap after GC invocations=183 (full 13):
 par new generation   total 109248K, used 21824K [0x00000000e0000000, 0x00000000e8000000, 0x00000000e8000000)
  eden space 87424K,   0% used [0x00000000e0000000, 0x00000000e0000000, 0x00000000e5560000)
  from space 21824K, 100% used [0x00000000e6ab0000, 0x00000000e8000000, 0x00000000e8000000)
  to   space 21824K,   0% used [0x00000000e5560000, 0x00000000e5560000, 0x00000000e6ab0000)
 concurrent mark-sweep generation total 393216K, used 201387K [0x00000000e8000000, 0x0000000100000000, 0x0000000100000000)
 Metaspace       used 43831K, capacity 45067K, committed 45376K, reserved 1089536K
  class space    used 5312K, capacity 5615K, committed 5732K, reserved 1048576K
}
2019-02-22T17:26:14.381-0700: 81470.746: [Rescan (parallel) , 0.0059014 secs]2019-02-22T17:26:14.387-0700: 81470.752: [weak refs processing, 0.0005552 secs]2019-02-22T17:26:14.387-0700: 81470.752: [class unloading, 0.0108790 secs]2019-02-22T17:26:14.398-0700: 81470.763: [scrub symbol table, 0.0099295 secs]2019-02-22T17:26:14.408-0700: 81470.773: [scrub string table, 0.0005706 secs][1 CMS-remark: 201387K(393216K)] 223211K(502464K), 0.0402017 secs] [Times: user=0.09 sys=0.00, real=0.04 secs] 
2019-02-22T17:26:14.409-0700: 81470.774: Total time for which application threads were stopped: 0.0406649 seconds, Stopping threads took: 0.0000889 seconds
2019-02-22T17:26:14.409-0700: 81470.774: [CMS-concurrent-sweep-start]
2019-02-22T17:26:14.469-0700: 81470.835: [CMS-concurrent-sweep: 0.060/0.060 secs] [Times: user=0.25 sys=0.00, real=0.06 secs] 
2019-02-22T17:26:14.469-0700: 81470.835: [CMS-concurrent-reset-start]
2019-02-22T17:26:14.470-0700: 81470.835: [CMS-concurrent-reset: 0.001/0.001 secs] [Times: user=0.00 sys=0.00, real=0.00 secs] 
{Heap before GC invocations=183 (full 13):
 par new generation   total 109248K, used 109248K [0x00000000e0000000, 0x00000000e8000000, 0x00000000e8000000)
  eden space 87424K, 100% used [0x00000000e0000000, 0x00000000e5560000, 0x00000000e5560000)
  from space 21824K, 100% used [0x00000000e6ab0000, 0x00000000e8000000, 0x00000000e8000000)
  to   space 21824K,   0% used [0x00000000e5560000, 0x00000000e5560000, 0x00000000e6ab0000)
 concurrent mark-sweep generation total 393216K, used 161107K [0x00000000e8000000, 0x0000000100000000, 0x0000000100000000)
 Metaspace       used 43831K, capacity 45067K, committed 45376K, reserved 1089536K
  class space    used 5312K, capacity 5615K, committed 5732K, reserved 1048576K
2019-02-22T17:26:14.494-0700: 81470.859: [GC (Allocation Failure) 2019-02-22T17:26:14.494-0700: 81470.859: [ParNew
Desired survivor size 20112992 bytes, new threshold 8 (max 8)
- age   1:    4319736 bytes,    4319736 total
- age   2:    2959264 bytes,    7279000 total
- age   3:    1299936 bytes,    8578936 total
- age   4:      69528 bytes,    8648464 total
- age   5:    2226152 bytes,   10874616 total
- age   6:    1132232 bytes,   12006848 total
- age   7:    3872488 bytes,   15879336 total
: 109248K->21824K(109248K), 0.0115796 secs] 270355K->189027K(502464K), 0.0116505 secs] [Times: user=0.06 sys=0.00, real=0.01 secs] 
Heap after GC invocations=184 (full 13):
 par new generation   total 109248K, used 21824K [0x00000000e0000000, 0x00000000e8000000, 0x00000000e8000000)
  eden space 87424K,   0% used [0x00000000e0000000, 0x00000000e0000000, 0x00000000e5560000)
  from space 21824K, 100% used [0x00000000e5560000, 0x00000000e6ab0000, 0x00000000e6ab0000)
  to   space 21824K,   0% used [0x00000000e6ab0000, 0x00000000e6ab0000, 0x00000000e8000000)
 concurrent mark-sweep generation total 393216K, used 167203K [0x00000000e8000000, 0x0000000100000000, 0x0000000100000000)
 Metaspace       used 43831K, capacity 45067K, committed 45376K, reserved 1089536K
  class space    used 5312K, capacity 5615K, committed 5732K, reserved 1048576K
}
2019-02-22T17:26:14.505-0700: 81470.871: Total time for which application threads were stopped: 0.0120058 seconds, Stopping threads took: 0.0000607 seconds
2019-02-22T17:26:14.518-0700: 81470.883: Total time for which application threads were stopped: 0.0002776 seconds, Stopping threads took: 0.0000653 seconds
{Heap before GC invocations=184 (full 13):
 par new generation   total 109248K, used 109248K [0x00000000e0000000, 0x00000000e8000000, 0x00000000e8000000)
  eden space 87424K, 100% used [0x00000000e0000000, 0x00000000e5560000, 0x00000000e5560000)
  from space 21824K, 100% used [0x00000000e5560000, 0x00000000e6ab0000, 0x00000000e6ab0000)
  to   space 21824K,   0% used [0x00000000e6ab0000, 0x00000000e6ab0000, 0x00000000e8000000)
 concurrent mark-sweep generation total 393216K, used 167203K [0x00000000e8000000, 0x0000000100000000, 0x0000000100000000)
 Metaspace       used 43832K, capacity 45067K, committed 45376K, reserved 1089536K
  class space    used 5312K, capacity 5615K, committed 5732K, reserved 1048576K
2019-02-22T17:26:14.691-0700: 81471.056: [GC (Allocation Failure) 2019-02-22T17:26:14.691-0700: 81471.056: [ParNew
Desired survivor size 20112992 bytes, new threshold 8 (max 8)
- age   1:    6348272 bytes,    6348272 total
- age   2:    3503952 bytes,    9852224 total
- age   3:    2229616 bytes,   12081840 total
- age   4:     737168 bytes,   12819008 total
- age   5:      69528 bytes,   12888536 total
- age   6:    1663648 bytes,   14552184 total
- age   7:    1074976 bytes,   15627160 total
- age   8:    3655056 bytes,   19282216 total
: 109248K->21824K(109248K), 0.0130889 secs] 276451K->189458K(502464K), 0.0131958 secs] [Times: user=0.05 sys=0.01, real=0.01 secs] 
Heap after GC invocations=185 (full 13):
 par new generation   total 109248K, used 21824K [0x00000000e0000000, 0x00000000e8000000, 0x00000000e8000000)
  eden space 87424K,   0% used [0x00000000e0000000, 0x00000000e0000000, 0x00000000e5560000)
  from space 21824K, 100% used [0x00000000e6ab0000, 0x00000000e8000000, 0x00000000e8000000)
  to   space 21824K,   0% used [0x00000000e5560000, 0x00000000e5560000, 0x00000000e6ab0000)
 concurrent mark-sweep generation total 393216K, used 167634K [0x00000000e8000000, 0x0000000100000000, 0x0000000100000000)
 Metaspace       used 43832K, capacity 45067K, committed 45376K, reserved 1089536K
  class space    used 5312K, capacity 5615K, committed 5732K, reserved 1048576K
}
2019-02-22T17:26:14.704-0700: 81471.069: Total time for which application threads were stopped: 0.0137762 seconds, Stopping threads took: 0.0000350 seconds
{Heap before GC invocations=185 (full 13):
 par new generation   total 109248K, used 109248K [0x00000000e0000000, 0x00000000e8000000, 0x00000000e8000000)
  eden space 87424K, 100% used [0x00000000e0000000, 0x00000000e5560000, 0x00000000e5560000)
  from space 21824K, 100% used [0x00000000e6ab0000, 0x00000000e8000000, 0x00000000e8000000)
  to   space 21824K,   0% used [0x00000000e5560000, 0x00000000e5560000, 0x00000000e6ab0000)
 concurrent mark-sweep generation total 393216K, used 167634K [0x00000000e8000000, 0x0000000100000000, 0x0000000100000000)
 Metaspace       used 43832K, capacity 45067K, committed 45376K, reserved 1089536K
  class space    used 5312K, capacity 5615K, committed 5732K, reserved 1048576K
2019-02-22T17:26:15.055-0700: 81471.420: [GC (Allocation Failure) 2019-02-22T17:26:15.055-0700: 81471.420: [ParNew
Desired survivor size 20112992 bytes, new threshold 8 (max 8)
- age   1:    6037520 bytes,    6037520 total
- age   2:    4755624 bytes,   10793144 total
- age   3:    2627392 bytes,   13420536 total
- age   4:    2139400 bytes,   15559936 total
- age   5:     696600 bytes,   16256536 total
- age   6:      42824 bytes,   16299360 total
- age   7:    1609304 bytes,   17908664 total
- age   8:    1073128 bytes,   18981792 total
: 109248K->21824K(109248K), 0.0129156 secs] 276882K->192903K(502464K), 0.0130030 secs] [Times: user=0.06 sys=0.00, real=0.01 secs] 
Heap after GC invocations=186 (full 13):
 par new generation   total 109248K, used 21824K [0x00000000e0000000, 0x00000000e8000000, 0x00000000e8000000)
  eden space 87424K,   0% used [0x00000000e0000000, 0x00000000e0000000, 0x00000000e5560000)
  from space 21824K, 100% used [0x00000000e5560000, 0x00000000e6ab0000, 0x00000000e6ab0000)
  to   space 21824K,   0% used [0x00000000e6ab0000, 0x00000000e6ab0000, 0x00000000e8000000)
 concurrent mark-sweep generation total 393216K, used 171079K [0x00000000e8000000, 0x0000000100000000, 0x0000000100000000)
 Metaspace       used 43832K, capacity 45067K, committed 45376K, reserved 1089536K
  class space    used 5312K, capacity 5615K, committed 5732K, reserved 1048576K
}
2019-02-22T17:26:15.068-0700: 81471.433: Total time for which application threads were stopped: 0.0133521 seconds, Stopping threads took: 0.0000365 seconds
{Heap before GC invocations=186 (full 13):
 par new generation   total 109248K, used 109248K [0x00000000e0000000, 0x00000000e8000000, 0x00000000e8000000)
  eden space 87424K, 100% used [0x00000000e0000000, 0x00000000e5560000, 0x00000000e5560000)
  from space 21824K, 100% used [0x00000000e5560000, 0x00000000e6ab0000, 0x00000000e6ab0000)
  to   space 21824K,   0% used [0x00000000e6ab0000, 0x00000000e6ab0000, 0x00000000e8000000)
 concurrent mark-sweep generation total 393216K, used 171079K [0x00000000e8000000, 0x0000000100000000, 0x0000000100000000)
 Metaspace       used 43833K, capacity 45067K, committed 45376K, reserved 1089536K
  class space    used 5312K, capacity 5615K, committed 5732K, reserved 1048576K
2019-02-22T17:26:15.450-0700: 81471.815: [GC (Allocation Failure) 2019-02-22T17:26:15.450-0700: 81471.815: [ParNew
Desired survivor size 20112992 bytes, new threshold 8 (max 8)
- age   1:    7270296 bytes,    7270296 total
- age   2:    2888752 bytes,   10159048 total
- age   3:    3676696 bytes,   13835744 total
- age   4:    2083280 bytes,   15919024 total
- age   5:    1466776 bytes,   17385800 total
- age   6:     687712 bytes,   18073512 total
- age   7:      42824 bytes,   18116336 total
- age   8:    1602544 bytes,   19718880 total
: 109248K->21824K(109248K), 0.0144501 secs] 280327K->195640K(502464K), 0.0145786 secs] [Times: user=0.06 sys=0.00, real=0.01 secs] 
Heap after GC invocations=187 (full 13):
 par new generation   total 109248K, used 21824K [0x00000000e0000000, 0x00000000e8000000, 0x00000000e8000000)
  eden space 87424K,   0% used [0x00000000e0000000, 0x00000000e0000000, 0x00000000e5560000)
  from space 21824K, 100% used [0x00000000e6ab0000, 0x00000000e8000000, 0x00000000e8000000)
  to   space 21824K,   0% used [0x00000000e5560000, 0x00000000e5560000, 0x00000000e6ab0000)
 concurrent mark-sweep generation total 393216K, used 173816K [0x00000000e8000000, 0x0000000100000000, 0x0000000100000000)
 Metaspace       used 43833K, capacity 45067K, committed 45376K, reserved 1089536K
  class space    used 5312K, capacity 5615K, committed 5732K, reserved 1048576K
}
2019-02-22T17:26:15.465-0700: 81471.830: Total time for which application threads were stopped: 0.0150706 seconds, Stopping threads took: 0.0000874 seconds
{Heap before GC invocations=187 (full 13):
 par new generation   total 109248K, used 109248K [0x00000000e0000000, 0x00000000e8000000, 0x00000000e8000000)
  eden space 87424K, 100% used [0x00000000e0000000, 0x00000000e5560000, 0x00000000e5560000)
  from space 21824K, 100% used [0x00000000e6ab0000, 0x00000000e8000000, 0x00000000e8000000)
  to   space 21824K,   0% used [0x00000000e5560000, 0x00000000e5560000, 0x00000000e6ab0000)
 concurrent mark-sweep generation total 393216K, used 173816K [0x00000000e8000000, 0x0000000100000000, 0x0000000100000000)
 Metaspace       used 43833K, capacity 45067K, committed 45376K, reserved 1089536K
  class space    used 5312K, capacity 5615K, committed 5732K, reserved 1048576K
2019-02-22T17:26:15.870-0700: 81472.236: [GC (Allocation Failure) 2019-02-22T17:26:15.871-0700: 81472.236: [ParNew
Desired survivor size 20112992 bytes, new threshold 6 (max 8)
- age   1:   10016160 bytes,   10016160 total
- age   2:    3425248 bytes,   13441408 total
- age   3:    1778048 bytes,   15219456 total
- age   4:    3165752 bytes,   18385208 total
- age   5:     907328 bytes,   19292536 total
- age   6:    1277920 bytes,   20570456 total
- age   7:     651360 bytes,   21221816 total
- age   8:      42776 bytes,   21264592 total
: 109248K->21824K(109248K), 0.0157450 secs] 283064K->198754K(502464K), 0.0158483 secs] [Times: user=0.06 sys=0.00, real=0.02 secs] 
Heap after GC invocations=188 (full 13):
 par new generation   total 109248K, used 21824K [0x00000000e0000000, 0x00000000e8000000, 0x00000000e8000000)
  eden space 87424K,   0% used [0x00000000e0000000, 0x00000000e0000000, 0x00000000e5560000)
  from space 21824K, 100% used [0x00000000e5560000, 0x00000000e6ab0000, 0x00000000e6ab0000)
  to   space 21824K,   0% used [0x00000000e6ab0000, 0x00000000e6ab0000, 0x00000000e8000000)
 concurrent mark-sweep generation total 393216K, used 176930K [0x00000000e8000000, 0x0000000100000000, 0x0000000100000000)
 Metaspace       used 43833K, capacity 45067K, committed 45376K, reserved 1089536K
  class space    used 5312K, capacity 5615K, committed 5732K, reserved 1048576K
}
2019-02-22T17:26:15.886-0700: 81472.252: Total time for which application threads were stopped: 0.0163356 seconds, Stopping threads took: 0.0001434 seconds
{Heap before GC invocations=188 (full 13):
 par new generation   total 109248K, used 108877K [0x00000000e0000000, 0x00000000e8000000, 0x00000000e8000000)
  eden space 87424K,  99% used [0x00000000e0000000, 0x00000000e5503750, 0x00000000e5560000)
  from space 21824K, 100% used [0x00000000e5560000, 0x00000000e6ab0000, 0x00000000e6ab0000)
  to   space 21824K,   0% used [0x00000000e6ab0000, 0x00000000e6ab0000, 0x00000000e8000000)
 concurrent mark-sweep generation total 393216K, used 176930K [0x00000000e8000000, 0x0000000100000000, 0x0000000100000000)
 Metaspace       used 43833K, capacity 45067K, committed 45376K, reserved 1089536K
  class space    used 5312K, capacity 5615K, committed 5732K, reserved 1048576K
2019-02-22T17:26:15.965-0700: 81472.330: [GC (Allocation Failure) 2019-02-22T17:26:15.965-0700: 81472.330: [ParNew
Desired survivor size 20112992 bytes, new threshold 5 (max 8)
- age   1:    5660064 bytes,    5660064 total
- age   2:    8442536 bytes,   14102600 total
- age   3:    2697704 bytes,   16800304 total
- age   4:    1679552 bytes,   18479856 total
- age   5:    3058920 bytes,   21538776 total
- age   6:     803688 bytes,   22342464 total
: 108877K->21824K(109248K), 0.0347722 secs] 285808K->228483K(502464K), 0.0348905 secs] [Times: user=0.08 sys=0.02, real=0.04 secs] 
Heap after GC invocations=189 (full 13):
 par new generation   total 109248K, used 21824K [0x00000000e0000000, 0x00000000e8000000, 0x00000000e8000000)
  eden space 87424K,   0% used [0x00000000e0000000, 0x00000000e0000000, 0x00000000e5560000)
  from space 21824K, 100% used [0x00000000e6ab0000, 0x00000000e8000000, 0x00000000e8000000)
  to   space 21824K,   0% used [0x00000000e5560000, 0x00000000e5560000, 0x00000000e6ab0000)
 concurrent mark-sweep generation total 393216K, used 206659K [0x00000000e8000000, 0x0000000100000000, 0x0000000100000000)
 Metaspace       used 43833K, capacity 45067K, committed 45376K, reserved 1089536K
  class space    used 5312K, capacity 5615K, committed 5732K, reserved 1048576K
}
2019-02-22T17:26:16.000-0700: 81472.365: Total time for which application threads were stopped: 0.0353778 seconds, Stopping threads took: 0.0000463 seconds
2019-02-22T17:26:16.000-0700: 81472.365: [GC (CMS Initial Mark) [1 CMS-initial-mark: 206659K(393216K)] 229000K(502464K), 0.0028839 secs] [Times: user=0.06 sys=0.00, real=0.00 secs] 
2019-02-22T17:26:16.003-0700: 81472.368: Total time for which application threads were stopped: 0.0032972 seconds, Stopping threads took: 0.0001830 seconds
2019-02-22T17:26:16.003-0700: 81472.368: [CMS-concurrent-mark-start]
{Heap before GC invocations=189 (full 14):
 par new generation   total 109248K, used 109248K [0x00000000e0000000, 0x00000000e8000000, 0x00000000e8000000)
  eden space 87424K, 100% used [0x00000000e0000000, 0x00000000e5560000, 0x00000000e5560000)
  from space 21824K, 100% used [0x00000000e6ab0000, 0x00000000e8000000, 0x00000000e8000000)
  to   space 21824K,   0% used [0x00000000e5560000, 0x00000000e5560000, 0x00000000e6ab0000)
 concurrent mark-sweep generation total 393216K, used 206659K [0x00000000e8000000, 0x0000000100000000, 0x0000000100000000)
 Metaspace       used 43833K, capacity 45067K, committed 45376K, reserved 1089536K
  class space    used 5312K, capacity 5615K, committed 5732K, reserved 1048576K
2019-02-22T17:26:16.028-0700: 81472.393: [GC (Allocation Failure) 2019-02-22T17:26:16.028-0700: 81472.393: [ParNew
Desired survivor size 20112992 bytes, new threshold 8 (max 8)
- age   1:    1137904 bytes,    1137904 total
- age   2:    5583056 bytes,    6720960 total
- age   3:    6787552 bytes,   13508512 total
- age   4:    2071840 bytes,   15580352 total
- age   5:    1603960 bytes,   17184312 total
: 109248K->21824K(109248K), 0.0205360 secs] 315907K->234369K(502464K), 0.0206630 secs] [Times: user=0.06 sys=0.02, real=0.02 secs] 
Heap after GC invocations=190 (full 14):
 par new generation   total 109248K, used 21824K [0x00000000e0000000, 0x00000000e8000000, 0x00000000e8000000)
  eden space 87424K,   0% used [0x00000000e0000000, 0x00000000e0000000, 0x00000000e5560000)
  from space 21824K, 100% used [0x00000000e5560000, 0x00000000e6ab0000, 0x00000000e6ab0000)
  to   space 21824K,   0% used [0x00000000e6ab0000, 0x00000000e6ab0000, 0x00000000e8000000)
 concurrent mark-sweep generation total 393216K, used 212545K [0x00000000e8000000, 0x0000000100000000, 0x0000000100000000)
 Metaspace       used 43833K, capacity 45067K, committed 45376K, reserved 1089536K
  class space    used 5312K, capacity 5615K, committed 5732K, reserved 1048576K
}
2019-02-22T17:26:16.048-0700: 81472.414: Total time for which application threads were stopped: 0.0218576 seconds, Stopping threads took: 0.0007238 seconds
2019-02-22T17:26:16.088-0700: 81472.454: [CMS-concurrent-mark: 0.064/0.086 secs] [Times: user=0.36 sys=0.02, real=0.09 secs] 
2019-02-22T17:26:16.088-0700: 81472.454: [CMS-concurrent-preclean-start]
{Heap before GC invocations=190 (full 14):
 par new generation   total 109248K, used 109248K [0x00000000e0000000, 0x00000000e8000000, 0x00000000e8000000)
  eden space 87424K, 100% used [0x00000000e0000000, 0x00000000e5560000, 0x00000000e5560000)
  from space 21824K, 100% used [0x00000000e5560000, 0x00000000e6ab0000, 0x00000000e6ab0000)
  to   space 21824K,   0% used [0x00000000e6ab0000, 0x00000000e6ab0000, 0x00000000e8000000)
 concurrent mark-sweep generation total 393216K, used 212545K [0x00000000e8000000, 0x0000000100000000, 0x0000000100000000)
 Metaspace       used 43833K, capacity 45067K, committed 45376K, reserved 1089536K
  class space    used 5312K, capacity 5615K, committed 5732K, reserved 1048576K
2019-02-22T17:26:16.119-0700: 81472.484: [GC (Allocation Failure) 2019-02-22T17:26:16.119-0700: 81472.484: [ParNew
Desired survivor size 20112992 bytes, new threshold 8 (max 8)
- age   1:    2831736 bytes,    2831736 total
- age   2:     341856 bytes,    3173592 total
- age   3:    5524800 bytes,    8698392 total
- age   4:    5565384 bytes,   14263776 total
- age   5:    1452848 bytes,   15716624 total
- age   6:    1589080 bytes,   17305704 total
: 109248K->21824K(109248K), 0.0144743 secs] 321793K->235125K(502464K), 0.0145555 secs] [Times: user=0.06 sys=0.00, real=0.01 secs] 
Heap after GC invocations=191 (full 14):
 par new generation   total 109248K, used 21824K [0x00000000e0000000, 0x00000000e8000000, 0x00000000e8000000)
  eden space 87424K,   0% used [0x00000000e0000000, 0x00000000e0000000, 0x00000000e5560000)
  from space 21824K, 100% used [0x00000000e6ab0000, 0x00000000e8000000, 0x00000000e8000000)
  to   space 21824K,   0% used [0x00000000e5560000, 0x00000000e5560000, 0x00000000e6ab0000)
 concurrent mark-sweep generation total 393216K, used 213301K [0x00000000e8000000, 0x0000000100000000, 0x0000000100000000)
 Metaspace       used 43833K, capacity 45067K, committed 45376K, reserved 1089536K
  class space    used 5312K, capacity 5615K, committed 5732K, reserved 1048576K
}
2019-02-22T17:26:16.133-0700: 81472.499: Total time for which application threads were stopped: 0.0149719 seconds, Stopping threads took: 0.0000529 seconds
2019-02-22T17:26:16.134-0700: 81472.500: [CMS-concurrent-preclean: 0.029/0.046 secs] [Times: user=0.16 sys=0.02, real=0.05 secs] 
2019-02-22T17:26:16.135-0700: 81472.501: [GC (CMS Final Remark) [YG occupancy: 24120 K (109248 K)]{Heap before GC invocations=191 (full 14):
 par new generation   total 109248K, used 24120K [0x00000000e0000000, 0x00000000e8000000, 0x00000000e8000000)
  eden space 87424K,   2% used [0x00000000e0000000, 0x00000000e023e0d8, 0x00000000e5560000)
  from space 21824K, 100% used [0x00000000e6ab0000, 0x00000000e8000000, 0x00000000e8000000)
  to   space 21824K,   0% used [0x00000000e5560000, 0x00000000e5560000, 0x00000000e6ab0000)
 concurrent mark-sweep generation total 393216K, used 213301K [0x00000000e8000000, 0x0000000100000000, 0x0000000100000000)
 Metaspace       used 43833K, capacity 45067K, committed 45376K, reserved 1089536K
  class space    used 5312K, capacity 5615K, committed 5732K, reserved 1048576K
2019-02-22T17:26:16.135-0700: 81472.501: [GC (CMS Final Remark) 2019-02-22T17:26:16.135-0700: 81472.501: [ParNew
Desired survivor size 20112992 bytes, new threshold 8 (max 8)
- age   1:     637568 bytes,     637568 total
- age   2:    2809936 bytes,    3447504 total
- age   3:     341856 bytes,    3789360 total
- age   4:    5524856 bytes,    9314216 total
- age   5:    5563896 bytes,   14878112 total
- age   6:    1452848 bytes,   16330960 total
- age   7:    1589080 bytes,   17920040 total
: 24120K->20807K(109248K), 0.0112002 secs] 237421K->234109K(502464K), 0.0112501 secs] [Times: user=0.06 sys=0.00, real=0.01 secs] 
Heap after GC invocations=192 (full 14):
 par new generation   total 109248K, used 20807K [0x00000000e0000000, 0x00000000e8000000, 0x00000000e8000000)
  eden space 87424K,   0% used [0x00000000e0000000, 0x00000000e0000000, 0x00000000e5560000)
  from space 21824K,  95% used [0x00000000e5560000, 0x00000000e69b1e98, 0x00000000e6ab0000)
  to   space 21824K,   0% used [0x00000000e6ab0000, 0x00000000e6ab0000, 0x00000000e8000000)
 concurrent mark-sweep generation total 393216K, used 213301K [0x00000000e8000000, 0x0000000100000000, 0x0000000100000000)
 Metaspace       used 43833K, capacity 45067K, committed 45376K, reserved 1089536K
  class space    used 5312K, capacity 5615K, committed 5732K, reserved 1048576K
}
2019-02-22T17:26:16.146-0700: 81472.512: [Rescan (parallel) , 0.0061486 secs]2019-02-22T17:26:16.152-0700: 81472.518: [weak refs processing, 0.0005403 secs]2019-02-22T17:26:16.153-0700: 81472.519: [class unloading, 0.0136112 secs]2019-02-22T17:26:16.167-0700: 81472.532: [scrub symbol table, 0.0128272 secs]2019-02-22T17:26:16.179-0700: 81472.545: [scrub string table, 0.0005475 secs][1 CMS-remark: 213301K(393216K)] 234109K(502464K), 0.0453016 secs] [Times: user=0.09 sys=0.00, real=0.05 secs] 
2019-02-22T17:26:16.180-0700: 81472.546: Total time for which application threads were stopped: 0.0455386 seconds, Stopping threads took: 0.0000751 seconds
2019-02-22T17:26:16.180-0700: 81472.546: [CMS-concurrent-sweep-start]
2019-02-22T17:26:16.235-0700: 81472.600: [CMS-concurrent-sweep: 0.054/0.054 secs] [Times: user=0.28 sys=0.00, real=0.05 secs] 
2019-02-22T17:26:16.235-0700: 81472.600: [CMS-concurrent-reset-start]
2019-02-22T17:26:16.235-0700: 81472.601: [CMS-concurrent-reset: 0.001/0.001 secs] [Times: user=0.00 sys=0.00, real=0.00 secs] 
{Heap before GC invocations=192 (full 14):
 par new generation   total 109248K, used 108231K [0x00000000e0000000, 0x00000000e8000000, 0x00000000e8000000)
  eden space 87424K, 100% used [0x00000000e0000000, 0x00000000e5560000, 0x00000000e5560000)
  from space 21824K,  95% used [0x00000000e5560000, 0x00000000e69b1e98, 0x00000000e6ab0000)
  to   space 21824K,   0% used [0x00000000e6ab0000, 0x00000000e6ab0000, 0x00000000e8000000)
 concurrent mark-sweep generation total 393216K, used 181126K [0x00000000e8000000, 0x0000000100000000, 0x0000000100000000)
 Metaspace       used 43833K, capacity 45067K, committed 45376K, reserved 1089536K
  class space    used 5312K, capacity 5615K, committed 5732K, reserved 1048576K
2019-02-22T17:26:16.275-0700: 81472.641: [GC (Allocation Failure) 2019-02-22T17:26:16.275-0700: 81472.641: [ParNew
Desired survivor size 20112992 bytes, new threshold 8 (max 8)
- age   1:    2450384 bytes,    2450384 total
- age   2:       2344 bytes,    2452728 total
- age   3:    2350536 bytes,    4803264 total
- age   4:     335064 bytes,    5138328 total
- age   5:    5520912 bytes,   10659240 total
- age   6:    4922080 bytes,   15581320 total
- age   7:    1299944 bytes,   16881264 total
- age   8:    1548384 bytes,   18429648 total
: 108231K->21824K(109248K), 0.0098755 secs] 289357K->202962K(502464K), 0.0099542 secs] [Times: user=0.06 sys=0.00, real=0.01 secs] 
Heap after GC invocations=193 (full 14):
 par new generation   total 109248K, used 21824K [0x00000000e0000000, 0x00000000e8000000, 0x00000000e8000000)
  eden space 87424K,   0% used [0x00000000e0000000, 0x00000000e0000000, 0x00000000e5560000)
  from space 21824K, 100% used [0x00000000e6ab0000, 0x00000000e8000000, 0x00000000e8000000)
  to   space 21824K,   0% used [0x00000000e5560000, 0x00000000e5560000, 0x00000000e6ab0000)
 concurrent mark-sweep generation total 393216K, used 181138K [0x00000000e8000000, 0x0000000100000000, 0x0000000100000000)
 Metaspace       used 43833K, capacity 45067K, committed 45376K, reserved 1089536K
  class space    used 5312K, capacity 5615K, committed 5732K, reserved 1048576K
}
2019-02-22T17:26:16.286-0700: 81472.651: Total time for which application threads were stopped: 0.0103695 seconds, Stopping threads took: 0.0000355 seconds
{Heap before GC invocations=193 (full 14):
 par new generation   total 109248K, used 109248K [0x00000000e0000000, 0x00000000e8000000, 0x00000000e8000000)
  eden space 87424K, 100% used [0x00000000e0000000, 0x00000000e5560000, 0x00000000e5560000)
  from space 21824K, 100% used [0x00000000e6ab0000, 0x00000000e8000000, 0x00000000e8000000)
  to   space 21824K,   0% used [0x00000000e5560000, 0x00000000e5560000, 0x00000000e6ab0000)
 concurrent mark-sweep generation total 393216K, used 181138K [0x00000000e8000000, 0x0000000100000000, 0x0000000100000000)
 Metaspace       used 43833K, capacity 45067K, committed 45376K, reserved 1089536K
  class space    used 5312K, capacity 5615K, committed 5732K, reserved 1048576K
2019-02-22T17:26:16.357-0700: 81472.722: [GC (Allocation Failure) 2019-02-22T17:26:16.357-0700: 81472.722: [ParNew
Desired survivor size 20112992 bytes, new threshold 8 (max 8)
- age   1:    4243064 bytes,    4243064 total
- age   2:    2215912 bytes,    6458976 total
- age   3:       2344 bytes,    6461320 total
- age   4:    2349680 bytes,    8811000 total
- age   5:     335064 bytes,    9146064 total
- age   6:    5409208 bytes,   14555272 total
- age   7:    4509176 bytes,   19064448 total
- age   8:    1299944 bytes,   20364392 total
: 109248K->21636K(109248K), 0.0143673 secs] 290386K->204287K(502464K), 0.0144465 secs] [Times: user=0.05 sys=0.00, real=0.01 secs] 
Heap after GC invocations=194 (full 14):
 par new generation   total 109248K, used 21636K [0x00000000e0000000, 0x00000000e8000000, 0x00000000e8000000)
  eden space 87424K,   0% used [0x00000000e0000000, 0x00000000e0000000, 0x00000000e5560000)
  from space 21824K,  99% used [0x00000000e5560000, 0x00000000e6a813a8, 0x00000000e6ab0000)
  to   space 21824K,   0% used [0x00000000e6ab0000, 0x00000000e6ab0000, 0x00000000e8000000)
 concurrent mark-sweep generation total 393216K, used 182650K [0x00000000e8000000, 0x0000000100000000, 0x0000000100000000)
 Metaspace       used 43833K, capacity 45067K, committed 45376K, reserved 1089536K
  class space    used 5312K, capacity 5615K, committed 5732K, reserved 1048576K
}
2019-02-22T17:26:16.371-0700: 81472.737: Total time for which application threads were stopped: 0.0148058 seconds, Stopping threads took: 0.0000509 seconds
2019-02-22T17:26:16.431-0700: 81472.796: Total time for which application threads were stopped: 0.0002678 seconds, Stopping threads took: 0.0000997 seconds
{Heap before GC invocations=194 (full 14):
 par new generation   total 109248K, used 109060K [0x00000000e0000000, 0x00000000e8000000, 0x00000000e8000000)
  eden space 87424K, 100% used [0x00000000e0000000, 0x00000000e5560000, 0x00000000e5560000)
  from space 21824K,  99% used [0x00000000e5560000, 0x00000000e6a813a8, 0x00000000e6ab0000)
  to   space 21824K,   0% used [0x00000000e6ab0000, 0x00000000e6ab0000, 0x00000000e8000000)
 concurrent mark-sweep generation total 393216K, used 182650K [0x00000000e8000000, 0x0000000100000000, 0x0000000100000000)
 Metaspace       used 43833K, capacity 45067K, committed 45376K, reserved 1089536K
  class space    used 5312K, capacity 5615K, committed 5732K, reserved 1048576K
2019-02-22T17:26:16.443-0700: 81472.808: [GC (Allocation Failure) 2019-02-22T17:26:16.443-0700: 81472.808: [ParNew
Desired survivor size 20112992 bytes, new threshold 8 (max 8)
- age   1:    3279000 bytes,    3279000 total
- age   2:    3195896 bytes,    6474896 total
- age   3:    1823080 bytes,    8297976 total
- age   4:       2344 bytes,    8300320 total
- age   5:    2267536 bytes,   10567856 total
- age   6:     333616 bytes,   10901472 total
- age   7:    4853376 bytes,   15754848 total
- age   8:    4516304 bytes,   20271152 total
: 109060K->21824K(109248K), 0.0128108 secs] 291711K->206207K(502464K), 0.0129079 secs] [Times: user=0.06 sys=0.00, real=0.01 secs] 
Heap after GC invocations=195 (full 14):
 par new generation   total 109248K, used 21824K [0x00000000e0000000, 0x00000000e8000000, 0x00000000e8000000)
  eden space 87424K,   0% used [0x00000000e0000000, 0x00000000e0000000, 0x00000000e5560000)
  from space 21824K, 100% used [0x00000000e6ab0000, 0x00000000e8000000, 0x00000000e8000000)
  to   space 21824K,   0% used [0x00000000e5560000, 0x00000000e5560000, 0x00000000e6ab0000)
 concurrent mark-sweep generation total 393216K, used 184383K [0x00000000e8000000, 0x0000000100000000, 0x0000000100000000)
 Metaspace       used 43833K, capacity 45067K, committed 45376K, reserved 1089536K
  class space    used 5312K, capacity 5615K, committed 5732K, reserved 1048576K
}
2019-02-22T17:26:16.456-0700: 81472.821: Total time for which application threads were stopped: 0.0133459 seconds, Stopping threads took: 0.0000725 seconds
{Heap before GC invocations=195 (full 14):
 par new generation   total 109248K, used 108829K [0x00000000e0000000, 0x00000000e8000000, 0x00000000e8000000)
  eden space 87424K,  99% used [0x00000000e0000000, 0x00000000e54f7538, 0x00000000e5560000)
  from space 21824K, 100% used [0x00000000e6ab0000, 0x00000000e8000000, 0x00000000e8000000)
  to   space 21824K,   0% used [0x00000000e5560000, 0x00000000e5560000, 0x00000000e6ab0000)
 concurrent mark-sweep generation total 393216K, used 184383K [0x00000000e8000000, 0x0000000100000000, 0x0000000100000000)
 Metaspace       used 43833K, capacity 45067K, committed 45376K, reserved 1089536K
  class space    used 5312K, capacity 5615K, committed 5732K, reserved 1048576K
2019-02-22T17:26:16.641-0700: 81473.007: [GC (Allocation Failure) 2019-02-22T17:26:16.641-0700: 81473.007: [ParNew
Desired survivor size 20112992 bytes, new threshold 8 (max 8)
- age   1:    7180352 bytes,    7180352 total
- age   2:    2345144 bytes,    9525496 total
- age   3:    3114080 bytes,   12639576 total
- age   4:    1265552 bytes,   13905128 total
- age   5:       2344 bytes,   13907472 total
- age   6:     478656 bytes,   14386128 total
- age   7:      58736 bytes,   14444864 total
- age   8:    4691056 bytes,   19135920 total
: 108829K->21824K(109248K), 0.0201762 secs] 293212K->210581K(502464K), 0.0204280 secs] [Times: user=0.06 sys=0.00, real=0.02 secs] 
Heap after GC invocations=196 (full 14):
 par new generation   total 109248K, used 21824K [0x00000000e0000000, 0x00000000e8000000, 0x00000000e8000000)
  eden space 87424K,   0% used [0x00000000e0000000, 0x00000000e0000000, 0x00000000e5560000)
  from space 21824K, 100% used [0x00000000e5560000, 0x00000000e6ab0000, 0x00000000e6ab0000)
  to   space 21824K,   0% used [0x00000000e6ab0000, 0x00000000e6ab0000, 0x00000000e8000000)
 concurrent mark-sweep generation total 393216K, used 188757K [0x00000000e8000000, 0x0000000100000000, 0x0000000100000000)
 Metaspace       used 43833K, capacity 45067K, committed 45376K, reserved 1089536K
  class space    used 5312K, capacity 5615K, committed 5732K, reserved 1048576K
}
2019-02-22T17:26:16.662-0700: 81473.028: Total time for which application threads were stopped: 0.0219167 seconds, Stopping threads took: 0.0000483 seconds
{Heap before GC invocations=196 (full 14):
 par new generation   total 109248K, used 108923K [0x00000000e0000000, 0x00000000e8000000, 0x00000000e8000000)
  eden space 87424K,  99% used [0x00000000e0000000, 0x00000000e550eef8, 0x00000000e5560000)
  from space 21824K, 100% used [0x00000000e5560000, 0x00000000e6ab0000, 0x00000000e6ab0000)
  to   space 21824K,   0% used [0x00000000e6ab0000, 0x00000000e6ab0000, 0x00000000e8000000)
 concurrent mark-sweep generation total 393216K, used 188757K [0x00000000e8000000, 0x0000000100000000, 0x0000000100000000)
 Metaspace       used 43833K, capacity 45067K, committed 45376K, reserved 1089536K
  class space    used 5312K, capacity 5615K, committed 5732K, reserved 1048576K
2019-02-22T17:26:16.673-0700: 81473.038: [GC (Allocation Failure) 2019-02-22T17:26:16.673-0700: 81473.038: [ParNew
Desired survivor size 20112992 bytes, new threshold 4 (max 8)
- age   1:    9166624 bytes,    9166624 total
- age   2:    7063056 bytes,   16229680 total
- age   3:    2344984 bytes,   18574664 total
- age   4:    1861336 bytes,   20436000 total
- age   5:    1265552 bytes,   21701552 total
- age   6:       2344 bytes,   21703896 total
- age   7:     478656 bytes,   22182552 total
- age   8:      58736 bytes,   22241288 total
: 108923K->21824K(109248K), 0.0203987 secs] 297681K->217767K(502464K), 0.0207169 secs] [Times: user=0.06 sys=0.00, real=0.02 secs] 
Heap after GC invocations=197 (full 14):
 par new generation   total 109248K, used 21824K [0x00000000e0000000, 0x00000000e8000000, 0x00000000e8000000)
  eden space 87424K,   0% used [0x00000000e0000000, 0x00000000e0000000, 0x00000000e5560000)
  from space 21824K, 100% used [0x00000000e6ab0000, 0x00000000e8000000, 0x00000000e8000000)
  to   space 21824K,   0% used [0x00000000e5560000, 0x00000000e5560000, 0x00000000e6ab0000)
 concurrent mark-sweep generation total 393216K, used 195943K [0x00000000e8000000, 0x0000000100000000, 0x0000000100000000)
 Metaspace       used 43833K, capacity 45067K, committed 45376K, reserved 1089536K
  class space    used 5312K, capacity 5615K, committed 5732K, reserved 1048576K
}
2019-02-22T17:26:16.694-0700: 81473.059: Total time for which application threads were stopped: 0.0219090 seconds, Stopping threads took: 0.0004097 seconds
{Heap before GC invocations=197 (full 14):
 par new generation   total 109248K, used 109248K [0x00000000e0000000, 0x00000000e8000000, 0x00000000e8000000)
  eden space 87424K, 100% used [0x00000000e0000000, 0x00000000e5560000, 0x00000000e5560000)
  from space 21824K, 100% used [0x00000000e6ab0000, 0x00000000e8000000, 0x00000000e8000000)
  to   space 21824K,   0% used [0x00000000e5560000, 0x00000000e5560000, 0x00000000e6ab0000)
 concurrent mark-sweep generation total 393216K, used 195943K [0x00000000e8000000, 0x0000000100000000, 0x0000000100000000)
 Metaspace       used 43833K, capacity 45067K, committed 45376K, reserved 1089536K
  class space    used 5312K, capacity 5615K, committed 5732K, reserved 1048576K
2019-02-22T17:26:16.703-0700: 81473.068: [GC (Allocation Failure) 2019-02-22T17:26:16.703-0700: 81473.068: [ParNew
Desired survivor size 20112992 bytes, new threshold 4 (max 8)
- age   1:    7974480 bytes,    7974480 total
- age   2:    4938784 bytes,   12913264 total
- age   3:    7063056 bytes,   19976320 total
- age   4:    2344984 bytes,   22321304 total
: 109248K->21824K(109248K), 0.0252036 secs] 305191K->235270K(502464K), 0.0253162 secs] [Times: user=0.06 sys=0.00, real=0.02 secs] 
Heap after GC invocations=198 (full 14):
 par new generation   total 109248K, used 21824K [0x00000000e0000000, 0x00000000e8000000, 0x00000000e8000000)
  eden space 87424K,   0% used [0x00000000e0000000, 0x00000000e0000000, 0x00000000e5560000)
  from space 21824K, 100% used [0x00000000e5560000, 0x00000000e6ab0000, 0x00000000e6ab0000)
  to   space 21824K,   0% used [0x00000000e6ab0000, 0x00000000e6ab0000, 0x00000000e8000000)
 concurrent mark-sweep generation total 393216K, used 213446K [0x00000000e8000000, 0x0000000100000000, 0x0000000100000000)
 Metaspace       used 43833K, capacity 45067K, committed 45376K, reserved 1089536K
  class space    used 5312K, capacity 5615K, committed 5732K, reserved 1048576K
}
2019-02-22T17:26:16.728-0700: 81473.094: Total time for which application threads were stopped: 0.0259038 seconds, Stopping threads took: 0.0000663 seconds
2019-02-22T17:26:16.729-0700: 81473.094: [GC (CMS Initial Mark) [1 CMS-initial-mark: 213446K(393216K)] 235914K(502464K), 0.0032812 secs] [Times: user=0.00 sys=0.00, real=0.00 secs] 
2019-02-22T17:26:16.732-0700: 81473.098: Total time for which application threads were stopped: 0.0037130 seconds, Stopping threads took: 0.0001707 seconds
2019-02-22T17:26:16.732-0700: 81473.098: [CMS-concurrent-mark-start]
2019-02-22T17:26:16.738-0700: 81473.103: Total time for which application threads were stopped: 0.0007947 seconds, Stopping threads took: 0.0001136 seconds
2019-02-22T17:26:16.738-0700: 81473.104: Total time for which application threads were stopped: 0.0003110 seconds, Stopping threads took: 0.0000797 seconds
{Heap before GC invocations=198 (full 15):
 par new generation   total 109248K, used 109009K [0x00000000e0000000, 0x00000000e8000000, 0x00000000e8000000)
  eden space 87424K,  99% used [0x00000000e0000000, 0x00000000e55244f0, 0x00000000e5560000)
  from space 21824K, 100% used [0x00000000e5560000, 0x00000000e6ab0000, 0x00000000e6ab0000)
  to   space 21824K,   0% used [0x00000000e6ab0000, 0x00000000e6ab0000, 0x00000000e8000000)
 concurrent mark-sweep generation total 393216K, used 213446K [0x00000000e8000000, 0x0000000100000000, 0x0000000100000000)
 Metaspace       used 43833K, capacity 45067K, committed 45376K, reserved 1089536K
  class space    used 5312K, capacity 5615K, committed 5732K, reserved 1048576K
2019-02-22T17:26:16.750-0700: 81473.115: [GC (Allocation Failure) 2019-02-22T17:26:16.750-0700: 81473.115: [ParNew
Desired survivor size 20112992 bytes, new threshold 4 (max 8)
- age   1:    7742240 bytes,    7742240 total
- age   2:    5582672 bytes,   13324912 total
- age   3:    4101840 bytes,   17426752 total
- age   4:    4935064 bytes,   22361816 total
: 109009K->21824K(109248K), 0.0206645 secs] 322456K->246729K(502464K), 0.0207699 secs] [Times: user=0.09 sys=0.00, real=0.02 secs] 
Heap after GC invocations=199 (full 15):
 par new generation   total 109248K, used 21824K [0x00000000e0000000, 0x00000000e8000000, 0x00000000e8000000)
  eden space 87424K,   0% used [0x00000000e0000000, 0x00000000e0000000, 0x00000000e5560000)
  from space 21824K, 100% used [0x00000000e6ab0000, 0x00000000e8000000, 0x00000000e8000000)
  to   space 21824K,   0% used [0x00000000e5560000, 0x00000000e5560000, 0x00000000e6ab0000)
 concurrent mark-sweep generation total 393216K, used 224905K [0x00000000e8000000, 0x0000000100000000, 0x0000000100000000)
 Metaspace       used 43833K, capacity 45067K, committed 45376K, reserved 1089536K
  class space    used 5312K, capacity 5615K, committed 5732K, reserved 1048576K
}
2019-02-22T17:26:16.771-0700: 81473.136: Total time for which application threads were stopped: 0.0221131 seconds, Stopping threads took: 0.0004380 seconds
{Heap before GC invocations=199 (full 15):
 par new generation   total 109248K, used 109248K [0x00000000e0000000, 0x00000000e8000000, 0x00000000e8000000)
  eden space 87424K, 100% used [0x00000000e0000000, 0x00000000e5560000, 0x00000000e5560000)
  from space 21824K, 100% used [0x00000000e6ab0000, 0x00000000e8000000, 0x00000000e8000000)
  to   space 21824K,   0% used [0x00000000e5560000, 0x00000000e5560000, 0x00000000e6ab0000)
 concurrent mark-sweep generation total 393216K, used 224905K [0x00000000e8000000, 0x0000000100000000, 0x0000000100000000)
 Metaspace       used 43833K, capacity 45067K, committed 45376K, reserved 1089536K
  class space    used 5312K, capacity 5615K, committed 5732K, reserved 1048576K
2019-02-22T17:26:16.782-0700: 81473.148: [GC (Allocation Failure) 2019-02-22T17:26:16.782-0700: 81473.148: [ParNew
Desired survivor size 20112992 bytes, new threshold 8 (max 8)
- age   1:     492912 bytes,     492912 total
- age   2:    5898616 bytes,    6391528 total
- age   3:    4868736 bytes,   11260264 total
- age   4:    3768304 bytes,   15028568 total
: 109248K->21824K(109248K), 0.0127290 secs] 334153K->253511K(502464K), 0.0128277 secs] [Times: user=0.00 sys=0.00, real=0.01 secs] 
Heap after GC invocations=200 (full 15):
 par new generation   total 109248K, used 21824K [0x00000000e0000000, 0x00000000e8000000, 0x00000000e8000000)
  eden space 87424K,   0% used [0x00000000e0000000, 0x00000000e0000000, 0x00000000e5560000)
  from space 21824K, 100% used [0x00000000e5560000, 0x00000000e6ab0000, 0x00000000e6ab0000)
  to   space 21824K,   0% used [0x00000000e6ab0000, 0x00000000e6ab0000, 0x00000000e8000000)
 concurrent mark-sweep generation total 393216K, used 231687K [0x00000000e8000000, 0x0000000100000000, 0x0000000100000000)
 Metaspace       used 43833K, capacity 45067K, committed 45376K, reserved 1089536K
  class space    used 5312K, capacity 5615K, committed 5732K, reserved 1048576K
}
2019-02-22T17:26:16.795-0700: 81473.161: Total time for which application threads were stopped: 0.0134420 seconds, Stopping threads took: 0.0001897 seconds
{Heap before GC invocations=200 (full 15):
 par new generation   total 109248K, used 108856K [0x00000000e0000000, 0x00000000e8000000, 0x00000000e8000000)
  eden space 87424K,  99% used [0x00000000e0000000, 0x00000000e54fe018, 0x00000000e5560000)
  from space 21824K, 100% used [0x00000000e5560000, 0x00000000e6ab0000, 0x00000000e6ab0000)
  to   space 21824K,   0% used [0x00000000e6ab0000, 0x00000000e6ab0000, 0x00000000e8000000)
 concurrent mark-sweep generation total 393216K, used 231687K [0x00000000e8000000, 0x0000000100000000, 0x0000000100000000)
 Metaspace       used 43833K, capacity 45067K, committed 45376K, reserved 1089536K
  class space    used 5312K, capacity 5615K, committed 5732K, reserved 1048576K
2019-02-22T17:26:16.813-0700: 81473.178: [GC (Allocation Failure) 2019-02-22T17:26:16.813-0700: 81473.178: [ParNew
Desired survivor size 20112992 bytes, new threshold 8 (max 8)
- age   1:     901672 bytes,     901672 total
- age   2:     295184 bytes,    1196856 total
- age   3:    5860904 bytes,    7057760 total
- age   4:    4862064 bytes,   11919824 total
- age   5:    3763752 bytes,   15683576 total
: 108856K->19127K(109248K), 0.0084310 secs] 340543K->250815K(502464K), 0.0085138 secs] [Times: user=0.00 sys=0.00, real=0.01 secs] 
Heap after GC invocations=201 (full 15):
 par new generation   total 109248K, used 19127K [0x00000000e0000000, 0x00000000e8000000, 0x00000000e8000000)
  eden space 87424K,   0% used [0x00000000e0000000, 0x00000000e0000000, 0x00000000e5560000)
  from space 21824K,  87% used [0x00000000e6ab0000, 0x00000000e7d5dee0, 0x00000000e8000000)
  to   space 21824K,   0% used [0x00000000e5560000, 0x00000000e5560000, 0x00000000e6ab0000)
 concurrent mark-sweep generation total 393216K, used 231687K [0x00000000e8000000, 0x0000000100000000, 0x0000000100000000)
 Metaspace       used 43833K, capacity 45067K, committed 45376K, reserved 1089536K
  class space    used 5312K, capacity 5615K, committed 5732K, reserved 1048576K
}
2019-02-22T17:26:16.821-0700: 81473.187: Total time for which application threads were stopped: 0.0089795 seconds, Stopping threads took: 0.0000925 seconds
{Heap before GC invocations=201 (full 15):
 par new generation   total 109248K, used 106083K [0x00000000e0000000, 0x00000000e8000000, 0x00000000e8000000)
  eden space 87424K,  99% used [0x00000000e0000000, 0x00000000e54eb000, 0x00000000e5560000)
  from space 21824K,  87% used [0x00000000e6ab0000, 0x00000000e7d5dee0, 0x00000000e8000000)
  to   space 21824K,   0% used [0x00000000e5560000, 0x00000000e5560000, 0x00000000e6ab0000)
 concurrent mark-sweep generation total 393216K, used 231687K [0x00000000e8000000, 0x0000000100000000, 0x0000000100000000)
 Metaspace       used 43833K, capacity 45067K, committed 45376K, reserved 1089536K
  class space    used 5312K, capacity 5615K, committed 5732K, reserved 1048576K
2019-02-22T17:26:16.842-0700: 81473.207: [GC (Allocation Failure) 2019-02-22T17:26:16.842-0700: 81473.208: [ParNew
Desired survivor size 20112992 bytes, new threshold 8 (max 8)
- age   1:    1296472 bytes,    1296472 total
- age   2:     382568 bytes,    1679040 total
- age   3:     293304 bytes,    1972344 total
- age   4:    5923856 bytes,    7896200 total
- age   5:    4861528 bytes,   12757728 total
- age   6:    3763168 bytes,   16520896 total
: 106083K->21824K(109248K), 0.0094273 secs] 337771K->253511K(502464K), 0.0095213 secs] [Times: user=0.08 sys=0.00, real=0.01 secs] 
Heap after GC invocations=202 (full 15):
 par new generation   total 109248K, used 21824K [0x00000000e0000000, 0x00000000e8000000, 0x00000000e8000000)
  eden space 87424K,   0% used [0x00000000e0000000, 0x00000000e0000000, 0x00000000e5560000)
  from space 21824K, 100% used [0x00000000e5560000, 0x00000000e6ab0000, 0x00000000e6ab0000)
  to   space 21824K,   0% used [0x00000000e6ab0000, 0x00000000e6ab0000, 0x00000000e8000000)
 concurrent mark-sweep generation total 393216K, used 231687K [0x00000000e8000000, 0x0000000100000000, 0x0000000100000000)
 Metaspace       used 43833K, capacity 45067K, committed 45376K, reserved 1089536K
  class space    used 5312K, capacity 5615K, committed 5732K, reserved 1048576K
}
2019-02-22T17:26:16.852-0700: 81473.217: Total time for which application threads were stopped: 0.0108049 seconds, Stopping threads took: 0.0008621 seconds
2019-02-22T17:26:16.857-0700: 81473.222: [CMS-concurrent-mark: 0.067/0.124 secs] [Times: user=0.72 sys=0.00, real=0.13 secs] 
2019-02-22T17:26:16.857-0700: 81473.222: [CMS-concurrent-preclean-start]
2019-02-22T17:26:16.863-0700: 81473.228: Total time for which application threads were stopped: 0.0004981 seconds, Stopping threads took: 0.0000900 seconds
2019-02-22T17:26:16.863-0700: 81473.229: Total time for which application threads were stopped: 0.0002421 seconds, Stopping threads took: 0.0000519 seconds
2019-02-22T17:26:16.897-0700: 81473.262: [CMS-concurrent-preclean: 0.037/0.040 secs] [Times: user=0.24 sys=0.00, real=0.04 secs] 
2019-02-22T17:26:16.897-0700: 81473.262: [CMS-concurrent-abortable-preclean-start]
{Heap before GC invocations=202 (full 15):
 par new generation   total 109248K, used 109248K [0x00000000e0000000, 0x00000000e8000000, 0x00000000e8000000)
  eden space 87424K, 100% used [0x00000000e0000000, 0x00000000e5560000, 0x00000000e5560000)
  from space 21824K, 100% used [0x00000000e5560000, 0x00000000e6ab0000, 0x00000000e6ab0000)
  to   space 21824K,   0% used [0x00000000e6ab0000, 0x00000000e6ab0000, 0x00000000e8000000)
 concurrent mark-sweep generation total 393216K, used 231687K [0x00000000e8000000, 0x0000000100000000, 0x0000000100000000)
 Metaspace       used 43833K, capacity 45067K, committed 45376K, reserved 1089536K
  class space    used 5312K, capacity 5615K, committed 5732K, reserved 1048576K
2019-02-22T17:26:16.904-0700: 81473.269: [GC (Allocation Failure) 2019-02-22T17:26:16.904-0700: 81473.269: [ParNew
Desired survivor size 20112992 bytes, new threshold 8 (max 8)
- age   1:    1912952 bytes,    1912952 total
- age   2:     160368 bytes,    2073320 total
- age   3:     333176 bytes,    2406496 total
- age   4:     347064 bytes,    2753560 total
- age   5:    5853024 bytes,    8606584 total
- age   6:    4844864 bytes,   13451448 total
- age   7:    3729832 bytes,   17181280 total
: 109248K->21824K(109248K), 0.0124407 secs] 340935K->253511K(502464K), 0.0125465 secs] [Times: user=0.06 sys=0.00, real=0.01 secs] 
Heap after GC invocations=203 (full 15):
 par new generation   total 109248K, used 21824K [0x00000000e0000000, 0x00000000e8000000, 0x00000000e8000000)
  eden space 87424K,   0% used [0x00000000e0000000, 0x00000000e0000000, 0x00000000e5560000)
  from space 21824K, 100% used [0x00000000e6ab0000, 0x00000000e8000000, 0x00000000e8000000)
  to   space 21824K,   0% used [0x00000000e5560000, 0x00000000e5560000, 0x00000000e6ab0000)
 concurrent mark-sweep generation total 393216K, used 231687K [0x00000000e8000000, 0x0000000100000000, 0x0000000100000000)
 Metaspace       used 43833K, capacity 45067K, committed 45376K, reserved 1089536K
  class space    used 5312K, capacity 5615K, committed 5732K, reserved 1048576K
}
2019-02-22T17:26:16.917-0700: 81473.282: Total time for which application threads were stopped: 0.0130591 seconds, Stopping threads took: 0.0000807 seconds
{Heap before GC invocations=203 (full 15):
 par new generation   total 109248K, used 109248K [0x00000000e0000000, 0x00000000e8000000, 0x00000000e8000000)
  eden space 87424K, 100% used [0x00000000e0000000, 0x00000000e5560000, 0x00000000e5560000)
  from space 21824K, 100% used [0x00000000e6ab0000, 0x00000000e8000000, 0x00000000e8000000)
  to   space 21824K,   0% used [0x00000000e5560000, 0x00000000e5560000, 0x00000000e6ab0000)
 concurrent mark-sweep generation total 393216K, used 231687K [0x00000000e8000000, 0x0000000100000000, 0x0000000100000000)
 Metaspace       used 43833K, capacity 45067K, committed 45376K, reserved 1089536K
  class space    used 5312K, capacity 5615K, committed 5732K, reserved 1048576K
2019-02-22T17:26:16.973-0700: 81473.338: [GC (Allocation Failure) 2019-02-22T17:26:16.973-0700: 81473.339: [ParNew
Desired survivor size 20112992 bytes, new threshold 8 (max 8)
- age   1:    1551576 bytes,    1551576 total
- age   2:    1269920 bytes,    2821496 total
- age   3:     142800 bytes,    2964296 total
- age   4:     300080 bytes,    3264376 total
- age   5:     281496 bytes,    3545872 total
- age   6:    5760984 bytes,    9306856 total
- age   7:    4844864 bytes,   14151720 total
- age   8:    3729808 bytes,   17881528 total
: 109248K->21824K(109248K), 0.0130745 secs] 340935K->253575K(502464K), 0.0131701 secs] [Times: user=0.06 sys=0.00, real=0.01 secs] 
Heap after GC invocations=204 (full 15):
 par new generation   total 109248K, used 21824K [0x00000000e0000000, 0x00000000e8000000, 0x00000000e8000000)
  eden space 87424K,   0% used [0x00000000e0000000, 0x00000000e0000000, 0x00000000e5560000)
  from space 21824K, 100% used [0x00000000e5560000, 0x00000000e6ab0000, 0x00000000e6ab0000)
  to   space 21824K,   0% used [0x00000000e6ab0000, 0x00000000e6ab0000, 0x00000000e8000000)
 concurrent mark-sweep generation total 393216K, used 231751K [0x00000000e8000000, 0x0000000100000000, 0x0000000100000000)
 Metaspace       used 43833K, capacity 45067K, committed 45376K, reserved 1089536K
  class space    used 5312K, capacity 5615K, committed 5732K, reserved 1048576K
}
2019-02-22T17:26:16.987-0700: 81473.352: Total time for which application threads were stopped: 0.0137042 seconds, Stopping threads took: 0.0001064 seconds
2019-02-22T17:26:17.011-0700: 81473.376: [CMS-concurrent-abortable-preclean: 0.085/0.114 secs] [Times: user=0.42 sys=0.03, real=0.11 secs] 
2019-02-22T17:26:17.012-0700: 81473.378: [GC (CMS Final Remark) [YG occupancy: 65944 K (109248 K)]{Heap before GC invocations=204 (full 15):
 par new generation   total 109248K, used 65944K [0x00000000e0000000, 0x00000000e8000000, 0x00000000e8000000)
  eden space 87424K,  50% used [0x00000000e0000000, 0x00000000e2b16108, 0x00000000e5560000)
  from space 21824K, 100% used [0x00000000e5560000, 0x00000000e6ab0000, 0x00000000e6ab0000)
  to   space 21824K,   0% used [0x00000000e6ab0000, 0x00000000e6ab0000, 0x00000000e8000000)
 concurrent mark-sweep generation total 393216K, used 231751K [0x00000000e8000000, 0x0000000100000000, 0x0000000100000000)
 Metaspace       used 43833K, capacity 45067K, committed 45376K, reserved 1089536K
  class space    used 5312K, capacity 5615K, committed 5732K, reserved 1048576K
2019-02-22T17:26:17.012-0700: 81473.378: [GC (CMS Final Remark) 2019-02-22T17:26:17.012-0700: 81473.378: [ParNew
Desired survivor size 20112992 bytes, new threshold 8 (max 8)
- age   1:    9246112 bytes,    9246112 total
- age   2:     885368 bytes,   10131480 total
- age   3:     835216 bytes,   10966696 total
- age   4:     142104 bytes,   11108800 total
- age   5:     294976 bytes,   11403776 total
- age   6:     280920 bytes,   11684696 total
- age   7:    5759544 bytes,   17444240 total
- age   8:    4843688 bytes,   22287928 total
: 65944K->21824K(109248K), 0.0254735 secs] 297696K->268431K(502464K), 0.0255635 secs] [Times: user=0.08 sys=0.03, real=0.02 secs] 
Heap after GC invocations=205 (full 15):
 par new generation   total 109248K, used 21824K [0x00000000e0000000, 0x00000000e8000000, 0x00000000e8000000)
  eden space 87424K,   0% used [0x00000000e0000000, 0x00000000e0000000, 0x00000000e5560000)
  from space 21824K, 100% used [0x00000000e6ab0000, 0x00000000e8000000, 0x00000000e8000000)
  to   space 21824K,   0% used [0x00000000e5560000, 0x00000000e5560000, 0x00000000e6ab0000)
 concurrent mark-sweep generation total 393216K, used 246607K [0x00000000e8000000, 0x0000000100000000, 0x0000000100000000)
 Metaspace       used 43833K, capacity 45067K, committed 45376K, reserved 1089536K
  class space    used 5312K, capacity 5615K, committed 5732K, reserved 1048576K
}
2019-02-22T17:26:17.038-0700: 81473.403: [Rescan (parallel) , 0.0082943 secs]2019-02-22T17:26:17.046-0700: 81473.412: [weak refs processing, 0.0007613 secs]2019-02-22T17:26:17.047-0700: 81473.413: [class unloading, 0.0137443 secs]2019-02-22T17:26:17.061-0700: 81473.426: [scrub symbol table, 0.0094925 secs]2019-02-22T17:26:17.070-0700: 81473.436: [scrub string table, 0.0005696 secs][1 CMS-remark: 246607K(393216K)] 268431K(502464K), 0.0589364 secs] [Times: user=0.13 sys=0.03, real=0.06 secs] 
2019-02-22T17:26:17.071-0700: 81473.437: Total time for which application threads were stopped: 0.0599975 seconds, Stopping threads took: 0.0002282 seconds
2019-02-22T17:26:17.071-0700: 81473.437: [CMS-concurrent-sweep-start]
2019-02-22T17:26:17.071-0700: 81473.437: Total time for which application threads were stopped: 0.0003413 seconds, Stopping threads took: 0.0000694 seconds
{Heap before GC invocations=205 (full 15):
 par new generation   total 109248K, used 109248K [0x00000000e0000000, 0x00000000e8000000, 0x00000000e8000000)
  eden space 87424K, 100% used [0x00000000e0000000, 0x00000000e5560000, 0x00000000e5560000)
  from space 21824K, 100% used [0x00000000e6ab0000, 0x00000000e8000000, 0x00000000e8000000)
  to   space 21824K,   0% used [0x00000000e5560000, 0x00000000e5560000, 0x00000000e6ab0000)
 concurrent mark-sweep generation total 393216K, used 213247K [0x00000000e8000000, 0x0000000100000000, 0x0000000100000000)
 Metaspace       used 43833K, capacity 45067K, committed 45376K, reserved 1089536K
  class space    used 5312K, capacity 5615K, committed 5732K, reserved 1048576K
2019-02-22T17:26:17.111-0700: 81473.477: [GC (Allocation Failure) 2019-02-22T17:26:17.111-0700: 81473.477: [ParNew
Desired survivor size 20112992 bytes, new threshold 8 (max 8)
- age   1:    2289704 bytes,    2289704 total
- age   2:    8005400 bytes,   10295104 total
- age   3:     757728 bytes,   11052832 total
- age   4:     746456 bytes,   11799288 total
- age   5:     125856 bytes,   11925144 total
- age   6:     287704 bytes,   12212848 total
- age   7:     274944 bytes,   12487792 total
- age   8:    5753472 bytes,   18241264 total
: 109248K->21824K(109248K), 0.0117354 secs] 322495K->240800K(502464K), 0.0118048 secs] [Times: user=0.00 sys=0.00, real=0.01 secs] 
Heap after GC invocations=206 (full 15):
 par new generation   total 109248K, used 21824K [0x00000000e0000000, 0x00000000e8000000, 0x00000000e8000000)
  eden space 87424K,   0% used [0x00000000e0000000, 0x00000000e0000000, 0x00000000e5560000)
  from space 21824K, 100% used [0x00000000e5560000, 0x00000000e6ab0000, 0x00000000e6ab0000)
  to   space 21824K,   0% used [0x00000000e6ab0000, 0x00000000e6ab0000, 0x00000000e8000000)
 concurrent mark-sweep generation total 393216K, used 218976K [0x00000000e8000000, 0x0000000100000000, 0x0000000100000000)
 Metaspace       used 43833K, capacity 45067K, committed 45376K, reserved 1089536K
  class space    used 5312K, capacity 5615K, committed 5732K, reserved 1048576K
}
2019-02-22T17:26:17.123-0700: 81473.489: Total time for which application threads were stopped: 0.0122201 seconds, Stopping threads took: 0.0000807 seconds
2019-02-22T17:26:17.143-0700: 81473.508: [CMS-concurrent-sweep: 0.059/0.072 secs] [Times: user=0.41 sys=0.00, real=0.07 secs] 
2019-02-22T17:26:17.143-0700: 81473.508: [CMS-concurrent-reset-start]
2019-02-22T17:26:17.143-0700: 81473.509: [CMS-concurrent-reset: 0.001/0.001 secs] [Times: user=0.00 sys=0.00, real=0.00 secs] 
{Heap before GC invocations=206 (full 15):
 par new generation   total 109248K, used 109248K [0x00000000e0000000, 0x00000000e8000000, 0x00000000e8000000)
  eden space 87424K, 100% used [0x00000000e0000000, 0x00000000e5560000, 0x00000000e5560000)
  from space 21824K, 100% used [0x00000000e5560000, 0x00000000e6ab0000, 0x00000000e6ab0000)
  to   space 21824K,   0% used [0x00000000e6ab0000, 0x00000000e6ab0000, 0x00000000e8000000)
 concurrent mark-sweep generation total 393216K, used 198089K [0x00000000e8000000, 0x0000000100000000, 0x0000000100000000)
 Metaspace       used 43833K, capacity 45067K, committed 45376K, reserved 1089536K
  class space    used 5312K, capacity 5615K, committed 5732K, reserved 1048576K
2019-02-22T17:26:17.178-0700: 81473.543: [GC (Allocation Failure) 2019-02-22T17:26:17.178-0700: 81473.543: [ParNew
Desired survivor size 20112992 bytes, new threshold 8 (max 8)
- age   1:    4192320 bytes,    4192320 total
- age   2:     879248 bytes,    5071568 total
- age   3:    7938208 bytes,   13009776 total
- age   4:     401712 bytes,   13411488 total
- age   5:     664736 bytes,   14076224 total
- age   6:     120896 bytes,   14197120 total
- age   7:     287048 bytes,   14484168 total
- age   8:     274832 bytes,   14759000 total
: 109248K->21824K(109248K), 0.0115683 secs] 307337K->225792K(502464K), 0.0116598 secs] [Times: user=0.06 sys=0.00, real=0.01 secs] 
Heap after GC invocations=207 (full 15):
 par new generation   total 109248K, used 21824K [0x00000000e0000000, 0x00000000e8000000, 0x00000000e8000000)
  eden space 87424K,   0% used [0x00000000e0000000, 0x00000000e0000000, 0x00000000e5560000)
  from space 21824K, 100% used [0x00000000e6ab0000, 0x00000000e8000000, 0x00000000e8000000)
  to   space 21824K,   0% used [0x00000000e5560000, 0x00000000e5560000, 0x00000000e6ab0000)
 concurrent mark-sweep generation total 393216K, used 203968K [0x00000000e8000000, 0x0000000100000000, 0x0000000100000000)
 Metaspace       used 43833K, capacity 45067K, committed 45376K, reserved 1089536K
  class space    used 5312K, capacity 5615K, committed 5732K, reserved 1048576K
}
2019-02-22T17:26:17.190-0700: 81473.555: Total time for which application threads were stopped: 0.0120674 seconds, Stopping threads took: 0.0000992 seconds
2019-02-22T17:26:17.190-0700: 81473.555: [GC (CMS Initial Mark) [1 CMS-initial-mark: 203968K(393216K)] 226509K(502464K), 0.0019755 secs] [Times: user=0.00 sys=0.00, real=0.00 secs] 
2019-02-22T17:26:17.192-0700: 81473.557: Total time for which application threads were stopped: 0.0022058 seconds, Stopping threads took: 0.0000735 seconds
2019-02-22T17:26:17.192-0700: 81473.557: [CMS-concurrent-mark-start]
2019-02-22T17:26:17.240-0700: 81473.606: [CMS-concurrent-mark: 0.048/0.048 secs] [Times: user=0.28 sys=0.00, real=0.05 secs] 
2019-02-22T17:26:17.240-0700: 81473.606: [CMS-concurrent-preclean-start]
2019-02-22T17:26:17.247-0700: 81473.612: [CMS-concurrent-preclean: 0.006/0.007 secs] [Times: user=0.00 sys=0.00, real=0.01 secs] 
2019-02-22T17:26:17.247-0700: 81473.612: [CMS-concurrent-abortable-preclean-start]
{Heap before GC invocations=207 (full 16):
 par new generation   total 109248K, used 109248K [0x00000000e0000000, 0x00000000e8000000, 0x00000000e8000000)
  eden space 87424K, 100% used [0x00000000e0000000, 0x00000000e5560000, 0x00000000e5560000)
  from space 21824K, 100% used [0x00000000e6ab0000, 0x00000000e8000000, 0x00000000e8000000)
  to   space 21824K,   0% used [0x00000000e5560000, 0x00000000e5560000, 0x00000000e6ab0000)
 concurrent mark-sweep generation total 393216K, used 203968K [0x00000000e8000000, 0x0000000100000000, 0x0000000100000000)
 Metaspace       used 43833K, capacity 45067K, committed 45376K, reserved 1089536K
  class space    used 5312K, capacity 5615K, committed 5732K, reserved 1048576K
2019-02-22T17:26:17.279-0700: 81473.644: [GC (Allocation Failure) 2019-02-22T17:26:17.279-0700: 81473.645: [ParNew
Desired survivor size 20112992 bytes, new threshold 8 (max 8)
- age   1:    3127752 bytes,    3127752 total
- age   2:    2822464 bytes,    5950216 total
- age   3:     532088 bytes,    6482304 total
- age   4:    7729480 bytes,   14211784 total
- age   5:     426032 bytes,   14637816 total
- age   6:     528600 bytes,   15166416 total
- age   7:     120896 bytes,   15287312 total
- age   8:     286744 bytes,   15574056 total
: 109248K->18453K(109248K), 0.0085719 secs] 313216K->222690K(502464K), 0.0086336 secs] [Times: user=0.06 sys=0.00, real=0.01 secs] 
Heap after GC invocations=208 (full 16):
 par new generation   total 109248K, used 18453K [0x00000000e0000000, 0x00000000e8000000, 0x00000000e8000000)
  eden space 87424K,   0% used [0x00000000e0000000, 0x00000000e0000000, 0x00000000e5560000)
  from space 21824K,  84% used [0x00000000e5560000, 0x00000000e6765658, 0x00000000e6ab0000)
  to   space 21824K,   0% used [0x00000000e6ab0000, 0x00000000e6ab0000, 0x00000000e8000000)
 concurrent mark-sweep generation total 393216K, used 204237K [0x00000000e8000000, 0x0000000100000000, 0x0000000100000000)
 Metaspace       used 43833K, capacity 45067K, committed 45376K, reserved 1089536K
  class space    used 5312K, capacity 5615K, committed 5732K, reserved 1048576K
}
2019-02-22T17:26:17.288-0700: 81473.653: Total time for which application threads were stopped: 0.0089548 seconds, Stopping threads took: 0.0000478 seconds
2019-02-22T17:26:17.293-0700: 81473.658: Total time for which application threads were stopped: 0.0001640 seconds, Stopping threads took: 0.0000401 seconds
2019-02-22T17:26:17.401-0700: 81473.767: [CMS-concurrent-abortable-preclean: 0.144/0.154 secs] [Times: user=0.44 sys=0.09, real=0.15 secs] 
2019-02-22T17:26:17.401-0700: 81473.767: [GC (CMS Final Remark) [YG occupancy: 75909 K (109248 K)]{Heap before GC invocations=208 (full 16):
 par new generation   total 109248K, used 75909K [0x00000000e0000000, 0x00000000e8000000, 0x00000000e8000000)
  eden space 87424K,  65% used [0x00000000e0000000, 0x00000000e381bf48, 0x00000000e5560000)
  from space 21824K,  84% used [0x00000000e5560000, 0x00000000e6765658, 0x00000000e6ab0000)
  to   space 21824K,   0% used [0x00000000e6ab0000, 0x00000000e6ab0000, 0x00000000e8000000)
 concurrent mark-sweep generation total 393216K, used 204237K [0x00000000e8000000, 0x0000000100000000, 0x0000000100000000)
 Metaspace       used 43833K, capacity 45067K, committed 45376K, reserved 1089536K
  class space    used 5312K, capacity 5615K, committed 5732K, reserved 1048576K
2019-02-22T17:26:17.401-0700: 81473.767: [GC (CMS Final Remark) 2019-02-22T17:26:17.401-0700: 81473.767: [ParNew
Desired survivor size 20112992 bytes, new threshold 8 (max 8)
- age   1:    3918384 bytes,    3918384 total
- age   2:    2134360 bytes,    6052744 total
- age   3:    2335752 bytes,    8388496 total
- age   4:     520384 bytes,    8908880 total
- age   5:    7501848 bytes,   16410728 total
- age   6:     373264 bytes,   16783992 total
- age   7:     523512 bytes,   17307504 total
- age   8:     120600 bytes,   17428104 total
: 75909K->20113K(109248K), 0.0110167 secs] 280146K->224630K(502464K), 0.0110769 secs] [Times: user=0.06 sys=0.00, real=0.01 secs] 
Heap after GC invocations=209 (full 16):
 par new generation   total 109248K, used 20113K [0x00000000e0000000, 0x00000000e8000000, 0x00000000e8000000)
  eden space 87424K,   0% used [0x00000000e0000000, 0x00000000e0000000, 0x00000000e5560000)
  from space 21824K,  92% used [0x00000000e6ab0000, 0x00000000e7e54720, 0x00000000e8000000)
  to   space 21824K,   0% used [0x00000000e5560000, 0x00000000e5560000, 0x00000000e6ab0000)
 concurrent mark-sweep generation total 393216K, used 204517K [0x00000000e8000000, 0x0000000100000000, 0x0000000100000000)
 Metaspace       used 43833K, capacity 45067K, committed 45376K, reserved 1089536K
  class space    used 5312K, capacity 5615K, committed 5732K, reserved 1048576K
}
2019-02-22T17:26:17.413-0700: 81473.778: [Rescan (parallel) , 0.0048979 secs]2019-02-22T17:26:17.418-0700: 81473.783: [weak refs processing, 0.0007531 secs]2019-02-22T17:26:17.418-0700: 81473.784: [class unloading, 0.0113390 secs]2019-02-22T17:26:17.430-0700: 81473.796: [scrub symbol table, 0.0084264 secs]2019-02-22T17:26:17.438-0700: 81473.804: [scrub string table, 0.0007803 secs][1 CMS-remark: 204517K(393216K)] 224630K(502464K), 0.0376931 secs] [Times: user=0.09 sys=0.00, real=0.04 secs] 
2019-02-22T17:26:17.439-0700: 81473.805: Total time for which application threads were stopped: 0.0379830 seconds, Stopping threads took: 0.0000709 seconds
2019-02-22T17:26:17.439-0700: 81473.805: [CMS-concurrent-sweep-start]
2019-02-22T17:26:17.510-0700: 81473.876: [CMS-concurrent-sweep: 0.071/0.071 secs] [Times: user=0.19 sys=0.03, real=0.07 secs] 
2019-02-22T17:26:17.510-0700: 81473.876: [CMS-concurrent-reset-start]
2019-02-22T17:26:17.511-0700: 81473.876: [CMS-concurrent-reset: 0.001/0.001 secs] [Times: user=0.00 sys=0.00, real=0.00 secs] 
{Heap before GC invocations=209 (full 16):
 par new generation   total 109248K, used 107537K [0x00000000e0000000, 0x00000000e8000000, 0x00000000e8000000)
  eden space 87424K, 100% used [0x00000000e0000000, 0x00000000e5560000, 0x00000000e5560000)
  from space 21824K,  92% used [0x00000000e6ab0000, 0x00000000e7e54720, 0x00000000e8000000)
  to   space 21824K,   0% used [0x00000000e5560000, 0x00000000e5560000, 0x00000000e6ab0000)
 concurrent mark-sweep generation total 393216K, used 151064K [0x00000000e8000000, 0x0000000100000000, 0x0000000100000000)
 Metaspace       used 43833K, capacity 45067K, committed 45376K, reserved 1089536K
  class space    used 5312K, capacity 5615K, committed 5732K, reserved 1048576K
2019-02-22T17:26:17.711-0700: 81474.076: [GC (Allocation Failure) 2019-02-22T17:26:17.711-0700: 81474.076: [ParNew
Desired survivor size 20112992 bytes, new threshold 6 (max 8)
- age   1:    7393264 bytes,    7393264 total
- age   2:    1991120 bytes,    9384384 total
- age   3:    2000368 bytes,   11384752 total
- age   4:    2228504 bytes,   13613256 total
- age   5:     481088 bytes,   14094344 total
- age   6:    7439176 bytes,   21533520 total
- age   7:     318608 bytes,   21852128 total
- age   8:     414544 bytes,   22266672 total
: 107537K->21824K(109248K), 0.0231469 secs] 258602K->191883K(502464K), 0.0232368 secs] [Times: user=0.06 sys=0.00, real=0.02 secs] 
Heap after GC invocations=210 (full 16):
 par new generation   total 109248K, used 21824K [0x00000000e0000000, 0x00000000e8000000, 0x00000000e8000000)
  eden space 87424K,   0% used [0x00000000e0000000, 0x00000000e0000000, 0x00000000e5560000)
  from space 21824K, 100% used [0x00000000e5560000, 0x00000000e6ab0000, 0x00000000e6ab0000)
  to   space 21824K,   0% used [0x00000000e6ab0000, 0x00000000e6ab0000, 0x00000000e8000000)
 concurrent mark-sweep generation total 393216K, used 170059K [0x00000000e8000000, 0x0000000100000000, 0x0000000100000000)
 Metaspace       used 43833K, capacity 45067K, committed 45376K, reserved 1089536K
  class space    used 5312K, capacity 5615K, committed 5732K, reserved 1048576K
}
2019-02-22T17:26:17.733-0700: 81474.099: Total time for which application threads were stopped: 0.0235838 seconds, Stopping threads took: 0.0000334 seconds
{Heap before GC invocations=210 (full 16):
 par new generation   total 109248K, used 109047K [0x00000000e0000000, 0x00000000e8000000, 0x00000000e8000000)
  eden space 87424K,  99% used [0x00000000e0000000, 0x00000000e552dee0, 0x00000000e5560000)
  from space 21824K, 100% used [0x00000000e5560000, 0x00000000e6ab0000, 0x00000000e6ab0000)
  to   space 21824K,   0% used [0x00000000e6ab0000, 0x00000000e6ab0000, 0x00000000e8000000)
 concurrent mark-sweep generation total 393216K, used 170059K [0x00000000e8000000, 0x0000000100000000, 0x0000000100000000)
 Metaspace       used 43834K, capacity 45067K, committed 45376K, reserved 1089536K
  class space    used 5312K, capacity 5615K, committed 5732K, reserved 1048576K
2019-02-22T17:26:17.792-0700: 81474.157: [GC (Allocation Failure) 2019-02-22T17:26:17.792-0700: 81474.157: [ParNew
Desired survivor size 20112992 bytes, new threshold 8 (max 8)
- age   1:    2383104 bytes,    2383104 total
- age   2:    6655024 bytes,    9038128 total
- age   3:    1749944 bytes,   10788072 total
- age   4:    1929168 bytes,   12717240 total
- age   5:    2136800 bytes,   14854040 total
- age   6:     431216 bytes,   15285256 total
: 109047K->21824K(109248K), 0.0165356 secs] 279107K->199672K(502464K), 0.0166482 secs] [Times: user=0.06 sys=0.00, real=0.02 secs] 
Heap after GC invocations=211 (full 16):
 par new generation   total 109248K, used 21824K [0x00000000e0000000, 0x00000000e8000000, 0x00000000e8000000)
  eden space 87424K,   0% used [0x00000000e0000000, 0x00000000e0000000, 0x00000000e5560000)
  from space 21824K, 100% used [0x00000000e6ab0000, 0x00000000e8000000, 0x00000000e8000000)
  to   space 21824K,   0% used [0x00000000e5560000, 0x00000000e5560000, 0x00000000e6ab0000)
 concurrent mark-sweep generation total 393216K, used 177848K [0x00000000e8000000, 0x0000000100000000, 0x0000000100000000)
 Metaspace       used 43834K, capacity 45067K, committed 45376K, reserved 1089536K
  class space    used 5312K, capacity 5615K, committed 5732K, reserved 1048576K
}
2019-02-22T17:26:17.808-0700: 81474.174: Total time for which application threads were stopped: 0.0171222 seconds, Stopping threads took: 0.0000560 seconds
{Heap before GC invocations=211 (full 16):
 par new generation   total 109248K, used 109193K [0x00000000e0000000, 0x00000000e8000000, 0x00000000e8000000)
  eden space 87424K,  99% used [0x00000000e0000000, 0x00000000e5552640, 0x00000000e5560000)
  from space 21824K, 100% used [0x00000000e6ab0000, 0x00000000e8000000, 0x00000000e8000000)
  to   space 21824K,   0% used [0x00000000e5560000, 0x00000000e5560000, 0x00000000e6ab0000)
 concurrent mark-sweep generation total 393216K, used 177848K [0x00000000e8000000, 0x0000000100000000, 0x0000000100000000)
 Metaspace       used 43834K, capacity 45067K, committed 45376K, reserved 1089536K
  class space    used 5312K, capacity 5615K, committed 5732K, reserved 1048576K
2019-02-22T17:26:17.819-0700: 81474.184: [GC (Allocation Failure) 2019-02-22T17:26:17.819-0700: 81474.184: [ParNew
Desired survivor size 20112992 bytes, new threshold 8 (max 8)
- age   1:    2804440 bytes,    2804440 total
- age   2:    2348056 bytes,    5152496 total
- age   3:    6638248 bytes,   11790744 total
- age   4:    1699424 bytes,   13490168 total
- age   5:    1945536 bytes,   15435704 total
- age   6:    2136800 bytes,   17572504 total
- age   7:     431216 bytes,   18003720 total
: 109193K->21824K(109248K), 0.0146912 secs] 287041K->199672K(502464K), 0.0147889 secs] [Times: user=0.06 sys=0.00, real=0.01 secs] 
Heap after GC invocations=212 (full 16):
 par new generation   total 109248K, used 21824K [0x00000000e0000000, 0x00000000e8000000, 0x00000000e8000000)
  eden space 87424K,   0% used [0x00000000e0000000, 0x00000000e0000000, 0x00000000e5560000)
  from space 21824K, 100% used [0x00000000e5560000, 0x00000000e6ab0000, 0x00000000e6ab0000)
  to   space 21824K,   0% used [0x00000000e6ab0000, 0x00000000e6ab0000, 0x00000000e8000000)
 concurrent mark-sweep generation total 393216K, used 177848K [0x00000000e8000000, 0x0000000100000000, 0x0000000100000000)
 Metaspace       used 43834K, capacity 45067K, committed 45376K, reserved 1089536K
  class space    used 5312K, capacity 5615K, committed 5732K, reserved 1048576K
}
2019-02-22T17:26:17.833-0700: 81474.198: Total time for which application threads were stopped: 0.0155173 seconds, Stopping threads took: 0.0000843 seconds
{Heap before GC invocations=212 (full 16):
 par new generation   total 109248K, used 109246K [0x00000000e0000000, 0x00000000e8000000, 0x00000000e8000000)
  eden space 87424K,  99% used [0x00000000e0000000, 0x00000000e555fb48, 0x00000000e5560000)
  from space 21824K, 100% used [0x00000000e5560000, 0x00000000e6ab0000, 0x00000000e6ab0000)
  to   space 21824K,   0% used [0x00000000e6ab0000, 0x00000000e6ab0000, 0x00000000e8000000)
 concurrent mark-sweep generation total 393216K, used 177848K [0x00000000e8000000, 0x0000000100000000, 0x0000000100000000)
 Metaspace       used 43834K, capacity 45067K, committed 45376K, reserved 1089536K
  class space    used 5312K, capacity 5615K, committed 5732K, reserved 1048576K
2019-02-22T17:26:17.847-0700: 81474.212: [GC (Allocation Failure) 2019-02-22T17:26:17.847-0700: 81474.212: [ParNew
Desired survivor size 20112992 bytes, new threshold 7 (max 8)
- age   1:    6004424 bytes,    6004424 total
- age   2:    2376048 bytes,    8380472 total
- age   3:    2324552 bytes,   10705024 total
- age   4:    5448376 bytes,   16153400 total
- age   5:    1699424 bytes,   17852824 total
- age   6:    1912752 bytes,   19765576 total
- age   7:    2136800 bytes,   21902376 total
- age   8:     431216 bytes,   22333592 total
: 109246K->21824K(109248K), 0.0183060 secs] 287094K->207746K(502464K), 0.0183729 secs] [Times: user=0.06 sys=0.00, real=0.02 secs] 
Heap after GC invocations=213 (full 16):
 par new generation   total 109248K, used 21824K [0x00000000e0000000, 0x00000000e8000000, 0x00000000e8000000)
  eden space 87424K,   0% used [0x00000000e0000000, 0x00000000e0000000, 0x00000000e5560000)
  from space 21824K, 100% used [0x00000000e6ab0000, 0x00000000e8000000, 0x00000000e8000000)
  to   space 21824K,   0% used [0x00000000e5560000, 0x00000000e5560000, 0x00000000e6ab0000)
 concurrent mark-sweep generation total 393216K, used 185922K [0x00000000e8000000, 0x0000000100000000, 0x0000000100000000)
 Metaspace       used 43834K, capacity 45067K, committed 45376K, reserved 1089536K
  class space    used 5312K, capacity 5615K, committed 5732K, reserved 1048576K
}
2019-02-22T17:26:17.865-0700: 81474.230: Total time for which application threads were stopped: 0.0190118 seconds, Stopping threads took: 0.0002185 seconds
{Heap before GC invocations=213 (full 16):
 par new generation   total 109248K, used 108989K [0x00000000e0000000, 0x00000000e8000000, 0x00000000e8000000)
  eden space 87424K,  99% used [0x00000000e0000000, 0x00000000e551f7e0, 0x00000000e5560000)
  from space 21824K, 100% used [0x00000000e6ab0000, 0x00000000e8000000, 0x00000000e8000000)
  to   space 21824K,   0% used [0x00000000e5560000, 0x00000000e5560000, 0x00000000e6ab0000)
 concurrent mark-sweep generation total 393216K, used 185922K [0x00000000e8000000, 0x0000000100000000, 0x0000000100000000)
 Metaspace       used 43834K, capacity 45067K, committed 45376K, reserved 1089536K
  class space    used 5312K, capacity 5615K, committed 5732K, reserved 1048576K
2019-02-22T17:26:17.876-0700: 81474.241: [GC (Allocation Failure) 2019-02-22T17:26:17.876-0700: 81474.241: [ParNew
Desired survivor size 20112992 bytes, new threshold 7 (max 8)
- age   1:    2306880 bytes,    2306880 total
- age   2:    5523144 bytes,    7830024 total
- age   3:    2248712 bytes,   10078736 total
- age   4:    2219288 bytes,   12298024 total
- age   5:    5218240 bytes,   17516264 total
- age   6:    1676288 bytes,   19192552 total
- age   7:    1849984 bytes,   21042536 total
: 108989K->21824K(109248K), 0.0209071 secs] 294912K->214435K(502464K), 0.0213857 secs] [Times: user=0.08 sys=0.00, real=0.02 secs] 
Heap after GC invocations=214 (full 16):
 par new generation   total 109248K, used 21824K [0x00000000e0000000, 0x00000000e8000000, 0x00000000e8000000)
  eden space 87424K,   0% used [0x00000000e0000000, 0x00000000e0000000, 0x00000000e5560000)
  from space 21824K, 100% used [0x00000000e5560000, 0x00000000e6ab0000, 0x00000000e6ab0000)
  to   space 21824K,   0% used [0x00000000e6ab0000, 0x00000000e6ab0000, 0x00000000e8000000)
 concurrent mark-sweep generation total 393216K, used 192611K [0x00000000e8000000, 0x0000000100000000, 0x0000000100000000)
 Metaspace       used 43834K, capacity 45067K, committed 45376K, reserved 1089536K
  class space    used 5312K, capacity 5615K, committed 5732K, reserved 1048576K
}
2019-02-22T17:26:17.897-0700: 81474.262: Total time for which application threads were stopped: 0.0221794 seconds, Stopping threads took: 0.0001064 seconds
{Heap before GC invocations=214 (full 16):
 par new generation   total 109248K, used 108778K [0x00000000e0000000, 0x00000000e8000000, 0x00000000e8000000)
  eden space 87424K,  99% used [0x00000000e0000000, 0x00000000e54eaa18, 0x00000000e5560000)
  from space 21824K, 100% used [0x00000000e5560000, 0x00000000e6ab0000, 0x00000000e6ab0000)
  to   space 21824K,   0% used [0x00000000e6ab0000, 0x00000000e6ab0000, 0x00000000e8000000)
 concurrent mark-sweep generation total 393216K, used 192611K [0x00000000e8000000, 0x0000000100000000, 0x0000000100000000)
 Metaspace       used 43834K, capacity 45067K, committed 45376K, reserved 1089536K
  class space    used 5312K, capacity 5615K, committed 5732K, reserved 1048576K
2019-02-22T17:26:17.906-0700: 81474.271: [GC (Allocation Failure) 2019-02-22T17:26:17.906-0700: 81474.271: [ParNew
Desired survivor size 20112992 bytes, new threshold 8 (max 8)
- age   1:     259824 bytes,     259824 total
- age   2:    2195640 bytes,    2455464 total
- age   3:    4851824 bytes,    7307288 total
- age   4:    2086312 bytes,    9393600 total
- age   5:    2182296 bytes,   11575896 total
- age   6:    5096808 bytes,   16672704 total
- age   7:    1648088 bytes,   18320792 total
: 108778K->21824K(109248K), 0.0191136 secs] 301389K->217165K(502464K), 0.0192149 secs] [Times: user=0.06 sys=0.00, real=0.02 secs] 
Heap after GC invocations=215 (full 16):
 par new generation   total 109248K, used 21824K [0x00000000e0000000, 0x00000000e8000000, 0x00000000e8000000)
  eden space 87424K,   0% used [0x00000000e0000000, 0x00000000e0000000, 0x00000000e5560000)
  from space 21824K, 100% used [0x00000000e6ab0000, 0x00000000e8000000, 0x00000000e8000000)
  to   space 21824K,   0% used [0x00000000e5560000, 0x00000000e5560000, 0x00000000e6ab0000)
 concurrent mark-sweep generation total 393216K, used 195341K [0x00000000e8000000, 0x0000000100000000, 0x0000000100000000)
 Metaspace       used 43834K, capacity 45067K, committed 45376K, reserved 1089536K
  class space    used 5312K, capacity 5615K, committed 5732K, reserved 1048576K
}
2019-02-22T17:26:17.925-0700: 81474.290: Total time for which application threads were stopped: 0.0201772 seconds, Stopping threads took: 0.0004683 seconds
{Heap before GC invocations=215 (full 16):
 par new generation   total 109248K, used 109248K [0x00000000e0000000, 0x00000000e8000000, 0x00000000e8000000)
  eden space 87424K, 100% used [0x00000000e0000000, 0x00000000e5560000, 0x00000000e5560000)
  from space 21824K, 100% used [0x00000000e6ab0000, 0x00000000e8000000, 0x00000000e8000000)
  to   space 21824K,   0% used [0x00000000e5560000, 0x00000000e5560000, 0x00000000e6ab0000)
 concurrent mark-sweep generation total 393216K, used 195341K [0x00000000e8000000, 0x0000000100000000, 0x0000000100000000)
 Metaspace       used 43834K, capacity 45067K, committed 45376K, reserved 1089536K
  class space    used 5312K, capacity 5615K, committed 5732K, reserved 1048576K
2019-02-22T17:26:17.936-0700: 81474.302: [GC (Allocation Failure) 2019-02-22T17:26:17.936-0700: 81474.302: [ParNew
Desired survivor size 20112992 bytes, new threshold 8 (max 8)
- age   1:     106888 bytes,     106888 total
- age   2:      61648 bytes,     168536 total
- age   3:    1881328 bytes,    2049864 total
- age   4:    4846496 bytes,    6896360 total
- age   5:    2036104 bytes,    8932464 total
- age   6:    2087856 bytes,   11020320 total
- age   7:    4947648 bytes,   15967968 total
- age   8:    1615080 bytes,   17583048 total
: 109248K->21824K(109248K), 0.0143756 secs] 304589K->217395K(502464K), 0.0144840 secs] [Times: user=0.08 sys=0.00, real=0.01 secs] 
Heap after GC invocations=216 (full 16):
 par new generation   total 109248K, used 21824K [0x00000000e0000000, 0x00000000e8000000, 0x00000000e8000000)
  eden space 87424K,   0% used [0x00000000e0000000, 0x00000000e0000000, 0x00000000e5560000)
  from space 21824K, 100% used [0x00000000e5560000, 0x00000000e6ab0000, 0x00000000e6ab0000)
  to   space 21824K,   0% used [0x00000000e6ab0000, 0x00000000e6ab0000, 0x00000000e8000000)
 concurrent mark-sweep generation total 393216K, used 195571K [0x00000000e8000000, 0x0000000100000000, 0x0000000100000000)
 Metaspace       used 43834K, capacity 45067K, committed 45376K, reserved 1089536K
  class space    used 5312K, capacity 5615K, committed 5732K, reserved 1048576K
}
2019-02-22T17:26:17.951-0700: 81474.316: Total time for which application threads were stopped: 0.0151297 seconds, Stopping threads took: 0.0001187 seconds
{Heap before GC invocations=216 (full 16):
 par new generation   total 109248K, used 109227K [0x00000000e0000000, 0x00000000e8000000, 0x00000000e8000000)
  eden space 87424K,  99% used [0x00000000e0000000, 0x00000000e555aea8, 0x00000000e5560000)
  from space 21824K, 100% used [0x00000000e5560000, 0x00000000e6ab0000, 0x00000000e6ab0000)
  to   space 21824K,   0% used [0x00000000e6ab0000, 0x00000000e6ab0000, 0x00000000e8000000)
 concurrent mark-sweep generation total 393216K, used 195571K [0x00000000e8000000, 0x0000000100000000, 0x0000000100000000)
 Metaspace       used 43834K, capacity 45067K, committed 45376K, reserved 1089536K
  class space    used 5312K, capacity 5615K, committed 5732K, reserved 1048576K
2019-02-22T17:26:18.001-0700: 81474.367: [GC (Allocation Failure) 2019-02-22T17:26:18.001-0700: 81474.367: [ParNew
Desired survivor size 20112992 bytes, new threshold 8 (max 8)
- age   1:    2201008 bytes,    2201008 total
- age   2:      55336 bytes,    2256344 total
- age   3:      38896 bytes,    2295240 total
- age   4:    1872168 bytes,    4167408 total
- age   5:    4828200 bytes,    8995608 total
- age   6:    2029392 bytes,   11025000 total
- age   7:    2087808 bytes,   13112808 total
- age   8:    4914600 bytes,   18027408 total
: 109227K->21824K(109248K), 0.0156633 secs] 304798K->218974K(502464K), 0.0158046 secs] [Times: user=0.02 sys=0.00, real=0.02 secs] 
Heap after GC invocations=217 (full 16):
 par new generation   total 109248K, used 21824K [0x00000000e0000000, 0x00000000e8000000, 0x00000000e8000000)
  eden space 87424K,   0% used [0x00000000e0000000, 0x00000000e0000000, 0x00000000e5560000)
  from space 21824K, 100% used [0x00000000e6ab0000, 0x00000000e8000000, 0x00000000e8000000)
  to   space 21824K,   0% used [0x00000000e5560000, 0x00000000e5560000, 0x00000000e6ab0000)
 concurrent mark-sweep generation total 393216K, used 197150K [0x00000000e8000000, 0x0000000100000000, 0x0000000100000000)
 Metaspace       used 43834K, capacity 45067K, committed 45376K, reserved 1089536K
  class space    used 5312K, capacity 5615K, committed 5732K, reserved 1048576K
}
2019-02-22T17:26:18.017-0700: 81474.383: Total time for which application threads were stopped: 0.0167315 seconds, Stopping threads took: 0.0001938 seconds
2019-02-22T17:26:18.017-0700: 81474.383: [GC (CMS Initial Mark) [1 CMS-initial-mark: 197150K(393216K)] 220237K(502464K), 0.0034025 secs] [Times: user=0.00 sys=0.00, real=0.00 secs] 
2019-02-22T17:26:18.021-0700: 81474.387: Total time for which application threads were stopped: 0.0039192 seconds, Stopping threads took: 0.0002190 seconds
2019-02-22T17:26:18.021-0700: 81474.387: [CMS-concurrent-mark-start]
{Heap before GC invocations=217 (full 17):
 par new generation   total 109248K, used 109248K [0x00000000e0000000, 0x00000000e8000000, 0x00000000e8000000)
  eden space 87424K, 100% used [0x00000000e0000000, 0x00000000e5560000, 0x00000000e5560000)
  from space 21824K, 100% used [0x00000000e6ab0000, 0x00000000e8000000, 0x00000000e8000000)
  to   space 21824K,   0% used [0x00000000e5560000, 0x00000000e5560000, 0x00000000e6ab0000)
 concurrent mark-sweep generation total 393216K, used 197150K [0x00000000e8000000, 0x0000000100000000, 0x0000000100000000)
 Metaspace       used 43834K, capacity 45067K, committed 45376K, reserved 1089536K
  class space    used 5312K, capacity 5615K, committed 5732K, reserved 1048576K
2019-02-22T17:26:18.081-0700: 81474.446: [GC (Allocation Failure) 2019-02-22T17:26:18.081-0700: 81474.446: [ParNew
Desired survivor size 20112992 bytes, new threshold 8 (max 8)
- age   1:     570592 bytes,     570592 total
- age   2:    2004792 bytes,    2575384 total
- age   3:      54616 bytes,    2630000 total
- age   4:      37536 bytes,    2667536 total
- age   5:    1871624 bytes,    4539160 total
- age   6:    4827976 bytes,    9367136 total
- age   7:    2028776 bytes,   11395912 total
- age   8:    1851320 bytes,   13247232 total
: 109248K->21824K(109248K), 0.0133598 secs] 306398K->224026K(502464K), 0.0134431 secs] [Times: user=0.02 sys=0.00, real=0.01 secs] 
Heap after GC invocations=218 (full 17):
 par new generation   total 109248K, used 21824K [0x00000000e0000000, 0x00000000e8000000, 0x00000000e8000000)
  eden space 87424K,   0% used [0x00000000e0000000, 0x00000000e0000000, 0x00000000e5560000)
  from space 21824K, 100% used [0x00000000e5560000, 0x00000000e6ab0000, 0x00000000e6ab0000)
  to   space 21824K,   0% used [0x00000000e6ab0000, 0x00000000e6ab0000, 0x00000000e8000000)
 concurrent mark-sweep generation total 393216K, used 202202K [0x00000000e8000000, 0x0000000100000000, 0x0000000100000000)
 Metaspace       used 43834K, capacity 45067K, committed 45376K, reserved 1089536K
  class space    used 5312K, capacity 5615K, committed 5732K, reserved 1048576K
}
2019-02-22T17:26:18.094-0700: 81474.460: Total time for which application threads were stopped: 0.0139170 seconds, Stopping threads took: 0.0000586 seconds
2019-02-22T17:26:18.098-0700: 81474.463: [CMS-concurrent-mark: 0.062/0.076 secs] [Times: user=0.34 sys=0.00, real=0.08 secs] 
2019-02-22T17:26:18.098-0700: 81474.463: [CMS-concurrent-preclean-start]
2019-02-22T17:26:18.111-0700: 81474.476: Total time for which application threads were stopped: 0.0003156 seconds, Stopping threads took: 0.0000740 seconds
{Heap before GC invocations=218 (full 17):
 par new generation   total 109248K, used 109248K [0x00000000e0000000, 0x00000000e8000000, 0x00000000e8000000)
  eden space 87424K, 100% used [0x00000000e0000000, 0x00000000e5560000, 0x00000000e5560000)
  from space 21824K, 100% used [0x00000000e5560000, 0x00000000e6ab0000, 0x00000000e6ab0000)
  to   space 21824K,   0% used [0x00000000e6ab0000, 0x00000000e6ab0000, 0x00000000e8000000)
 concurrent mark-sweep generation total 393216K, used 202202K [0x00000000e8000000, 0x0000000100000000, 0x0000000100000000)
 Metaspace       used 43835K, capacity 45071K, committed 45376K, reserved 1089536K
  class space    used 5312K, capacity 5615K, committed 5732K, reserved 1048576K
2019-02-22T17:26:18.125-0700: 81474.490: [GC (Allocation Failure) 2019-02-22T17:26:18.125-0700: 81474.490: [ParNew
Desired survivor size 20112992 bytes, new threshold 7 (max 8)
- age   1:   12525952 bytes,   12525952 total
- age   2:     207112 bytes,   12733064 total
- age   3:    1423176 bytes,   14156240 total
- age   4:      54616 bytes,   14210856 total
- age   5:      37128 bytes,   14247984 total
- age   6:    1298392 bytes,   15546376 total
- age   7:    4815016 bytes,   20361392 total
- age   8:    1914096 bytes,   22275488 total
: 109248K->21824K(109248K), 0.0188427 secs] 311450K->236021K(502464K), 0.0189429 secs] [Times: user=0.05 sys=0.00, real=0.02 secs] 
Heap after GC invocations=219 (full 17):
 par new generation   total 109248K, used 21824K [0x00000000e0000000, 0x00000000e8000000, 0x00000000e8000000)
  eden space 87424K,   0% used [0x00000000e0000000, 0x00000000e0000000, 0x00000000e5560000)
  from space 21824K, 100% used [0x00000000e6ab0000, 0x00000000e8000000, 0x00000000e8000000)
  to   space 21824K,   0% used [0x00000000e5560000, 0x00000000e5560000, 0x00000000e6ab0000)
 concurrent mark-sweep generation total 393216K, used 214197K [0x00000000e8000000, 0x0000000100000000, 0x0000000100000000)
 Metaspace       used 43835K, capacity 45071K, committed 45376K, reserved 1089536K
  class space    used 5312K, capacity 5615K, committed 5732K, reserved 1048576K
}
2019-02-22T17:26:18.144-0700: 81474.509: Total time for which application threads were stopped: 0.0195639 seconds, Stopping threads took: 0.0001475 seconds
2019-02-22T17:26:18.145-0700: 81474.510: [CMS-concurrent-preclean: 0.026/0.047 secs] [Times: user=0.16 sys=0.02, real=0.05 secs] 
2019-02-22T17:26:18.145-0700: 81474.510: [GC (CMS Final Remark) [YG occupancy: 23207 K (109248 K)]{Heap before GC invocations=219 (full 17):
 par new generation   total 109248K, used 23207K [0x00000000e0000000, 0x00000000e8000000, 0x00000000e8000000)
  eden space 87424K,   1% used [0x00000000e0000000, 0x00000000e0159f68, 0x00000000e5560000)
  from space 21824K, 100% used [0x00000000e6ab0000, 0x00000000e8000000, 0x00000000e8000000)
  to   space 21824K,   0% used [0x00000000e5560000, 0x00000000e5560000, 0x00000000e6ab0000)
 concurrent mark-sweep generation total 393216K, used 214197K [0x00000000e8000000, 0x0000000100000000, 0x0000000100000000)
 Metaspace       used 43835K, capacity 45071K, committed 45376K, reserved 1089536K
  class space    used 5312K, capacity 5615K, committed 5732K, reserved 1048576K
2019-02-22T17:26:18.145-0700: 81474.511: [GC (CMS Final Remark) 2019-02-22T17:26:18.145-0700: 81474.511: [ParNew
Desired survivor size 20112992 bytes, new threshold 8 (max 8)
- age   1:     347456 bytes,     347456 total
- age   2:   12232520 bytes,   12579976 total
- age   3:     197264 bytes,   12777240 total
- age   4:    1377576 bytes,   14154816 total
- age   5:      54616 bytes,   14209432 total
- age   6:      37128 bytes,   14246560 total
- age   7:     683000 bytes,   14929560 total
: 23207K->21824K(109248K), 0.0143545 secs] 237405K->243527K(502464K), 0.0144295 secs] [Times: user=0.06 sys=0.00, real=0.01 secs] 
Heap after GC invocations=220 (full 17):
 par new generation   total 109248K, used 21824K [0x00000000e0000000, 0x00000000e8000000, 0x00000000e8000000)
  eden space 87424K,   0% used [0x00000000e0000000, 0x00000000e0000000, 0x00000000e5560000)
  from space 21824K, 100% used [0x00000000e5560000, 0x00000000e6ab0000, 0x00000000e6ab0000)
  to   space 21824K,   0% used [0x00000000e6ab0000, 0x00000000e6ab0000, 0x00000000e8000000)
 concurrent mark-sweep generation total 393216K, used 221703K [0x00000000e8000000, 0x0000000100000000, 0x0000000100000000)
 Metaspace       used 43835K, capacity 45071K, committed 45376K, reserved 1089536K
  class space    used 5312K, capacity 5615K, committed 5732K, reserved 1048576K
}
2019-02-22T17:26:18.159-0700: 81474.525: [Rescan (parallel) , 0.0071186 secs]2019-02-22T17:26:18.167-0700: 81474.532: [weak refs processing, 0.0007037 secs]2019-02-22T17:26:18.167-0700: 81474.533: [class unloading, 0.0101521 secs]2019-02-22T17:26:18.178-0700: 81474.543: [scrub symbol table, 0.0080614 secs]2019-02-22T17:26:18.186-0700: 81474.551: [scrub string table, 0.0007315 secs][1 CMS-remark: 221703K(393216K)] 243527K(502464K), 0.0416503 secs] [Times: user=0.08 sys=0.00, real=0.04 secs] 
2019-02-22T17:26:18.187-0700: 81474.552: Total time for which application threads were stopped: 0.0420574 seconds, Stopping threads took: 0.0001311 seconds
2019-02-22T17:26:18.187-0700: 81474.552: [CMS-concurrent-sweep-start]
{Heap before GC invocations=220 (full 17):
 par new generation   total 109248K, used 109248K [0x00000000e0000000, 0x00000000e8000000, 0x00000000e8000000)
  eden space 87424K, 100% used [0x00000000e0000000, 0x00000000e5560000, 0x00000000e5560000)
  from space 21824K, 100% used [0x00000000e5560000, 0x00000000e6ab0000, 0x00000000e6ab0000)
  to   space 21824K,   0% used [0x00000000e6ab0000, 0x00000000e6ab0000, 0x00000000e8000000)
 concurrent mark-sweep generation total 393216K, used 203743K [0x00000000e8000000, 0x0000000100000000, 0x0000000100000000)
 Metaspace       used 43835K, capacity 45071K, committed 45376K, reserved 1089536K
  class space    used 5312K, capacity 5615K, committed 5732K, reserved 1048576K
2019-02-22T17:26:18.220-0700: 81474.585: [GC (Allocation Failure) 2019-02-22T17:26:18.220-0700: 81474.585: [ParNew
Desired survivor size 20112992 bytes, new threshold 3 (max 8)
- age   1:    9683296 bytes,    9683296 total
- age   2:      52112 bytes,    9735408 total
- age   3:   10502992 bytes,   20238400 total
- age   4:     102040 bytes,   20340440 total
- age   5:    1140048 bytes,   21480488 total
- age   6:      52016 bytes,   21532504 total
- age   7:      34664 bytes,   21567168 total
- age   8:     680504 bytes,   22247672 total
: 109248K->21824K(109248K), 0.0269283 secs] 312991K->257631K(502464K), 0.0270074 secs] [Times: user=0.05 sys=0.00, real=0.03 secs] 
Heap after GC invocations=221 (full 17):
 par new generation   total 109248K, used 21824K [0x00000000e0000000, 0x00000000e8000000, 0x00000000e8000000)
  eden space 87424K,   0% used [0x00000000e0000000, 0x00000000e0000000, 0x00000000e5560000)
  from space 21824K, 100% used [0x00000000e6ab0000, 0x00000000e8000000, 0x00000000e8000000)
  to   space 21824K,   0% used [0x00000000e5560000, 0x00000000e5560000, 0x00000000e6ab0000)
 concurrent mark-sweep generation total 393216K, used 235807K [0x00000000e8000000, 0x0000000100000000, 0x0000000100000000)
 Metaspace       used 43835K, capacity 45071K, committed 45376K, reserved 1089536K
  class space    used 5312K, capacity 5615K, committed 5732K, reserved 1048576K
}
2019-02-22T17:26:18.247-0700: 81474.612: Total time for which application threads were stopped: 0.0274577 seconds, Stopping threads took: 0.0000920 seconds
2019-02-22T17:26:18.287-0700: 81474.652: [CMS-concurrent-sweep: 0.072/0.100 secs] [Times: user=0.55 sys=0.00, real=0.10 secs] 
2019-02-22T17:26:18.287-0700: 81474.652: [CMS-concurrent-reset-start]
2019-02-22T17:26:18.287-0700: 81474.653: [CMS-concurrent-reset: 0.001/0.001 secs] [Times: user=0.00 sys=0.00, real=0.00 secs] 
{Heap before GC invocations=221 (full 17):
 par new generation   total 109248K, used 109248K [0x00000000e0000000, 0x00000000e8000000, 0x00000000e8000000)
  eden space 87424K, 100% used [0x00000000e0000000, 0x00000000e5560000, 0x00000000e5560000)
  from space 21824K, 100% used [0x00000000e6ab0000, 0x00000000e8000000, 0x00000000e8000000)
  to   space 21824K,   0% used [0x00000000e5560000, 0x00000000e5560000, 0x00000000e6ab0000)
 concurrent mark-sweep generation total 393216K, used 185291K [0x00000000e8000000, 0x0000000100000000, 0x0000000100000000)
 Metaspace       used 43836K, capacity 45071K, committed 45376K, reserved 1089536K
  class space    used 5312K, capacity 5615K, committed 5732K, reserved 1048576K
2019-02-22T17:26:18.301-0700: 81474.667: [GC (Allocation Failure) 2019-02-22T17:26:18.301-0700: 81474.667: [ParNew
Desired survivor size 20112992 bytes, new threshold 8 (max 8)
- age   1:   13565000 bytes,   13565000 total
- age   2:    6448696 bytes,   20013696 total
- age   3:      51704 bytes,   20065400 total
: 109248K->21824K(109248K), 0.0199752 secs] 294539K->223129K(502464K), 0.0200718 secs] [Times: user=0.06 sys=0.00, real=0.02 secs] 
Heap after GC invocations=222 (full 17):
 par new generation   total 109248K, used 21824K [0x00000000e0000000, 0x00000000e8000000, 0x00000000e8000000)
  eden space 87424K,   0% used [0x00000000e0000000, 0x00000000e0000000, 0x00000000e5560000)
  from space 21824K, 100% used [0x00000000e5560000, 0x00000000e6ab0000, 0x00000000e6ab0000)
  to   space 21824K,   0% used [0x00000000e6ab0000, 0x00000000e6ab0000, 0x00000000e8000000)
 concurrent mark-sweep generation total 393216K, used 201305K [0x00000000e8000000, 0x0000000100000000, 0x0000000100000000)
 Metaspace       used 43836K, capacity 45071K, committed 45376K, reserved 1089536K
  class space    used 5312K, capacity 5615K, committed 5732K, reserved 1048576K
}
2019-02-22T17:26:18.322-0700: 81474.687: Total time for which application threads were stopped: 0.0205180 seconds, Stopping threads took: 0.0000869 seconds
2019-02-22T17:26:18.322-0700: 81474.687: [GC (CMS Initial Mark) [1 CMS-initial-mark: 201305K(393216K)] 223752K(502464K), 0.0029383 secs] [Times: user=0.00 sys=0.00, real=0.00 secs] 
2019-02-22T17:26:18.325-0700: 81474.690: Total time for which application threads were stopped: 0.0031969 seconds, Stopping threads took: 0.0000668 seconds
2019-02-22T17:26:18.325-0700: 81474.690: [CMS-concurrent-mark-start]
2019-02-22T17:26:18.377-0700: 81474.742: [CMS-concurrent-mark: 0.052/0.052 secs] [Times: user=0.42 sys=0.00, real=0.05 secs] 
2019-02-22T17:26:18.377-0700: 81474.743: [CMS-concurrent-preclean-start]
2019-02-22T17:26:18.392-0700: 81474.757: [CMS-concurrent-preclean: 0.014/0.015 secs] [Times: user=0.05 sys=0.00, real=0.01 secs] 
2019-02-22T17:26:18.392-0700: 81474.757: [CMS-concurrent-abortable-preclean-start]
{Heap before GC invocations=222 (full 18):
 par new generation   total 109248K, used 109248K [0x00000000e0000000, 0x00000000e8000000, 0x00000000e8000000)
  eden space 87424K, 100% used [0x00000000e0000000, 0x00000000e5560000, 0x00000000e5560000)
  from space 21824K, 100% used [0x00000000e5560000, 0x00000000e6ab0000, 0x00000000e6ab0000)
  to   space 21824K,   0% used [0x00000000e6ab0000, 0x00000000e6ab0000, 0x00000000e8000000)
 concurrent mark-sweep generation total 393216K, used 201305K [0x00000000e8000000, 0x0000000100000000, 0x0000000100000000)
 Metaspace       used 43836K, capacity 45071K, committed 45376K, reserved 1089536K
  class space    used 5312K, capacity 5615K, committed 5732K, reserved 1048576K
2019-02-22T17:26:18.396-0700: 81474.761: [GC (Allocation Failure) 2019-02-22T17:26:18.396-0700: 81474.762: [ParNew
Desired survivor size 20112992 bytes, new threshold 8 (max 8)
- age   1:    4507784 bytes,    4507784 total
- age   2:   11777640 bytes,   16285424 total
- age   3:    3603400 bytes,   19888824 total
- age   4:      51704 bytes,   19940528 total
: 109248K->21824K(109248K), 0.0155826 secs] 310553K->225998K(502464K), 0.0156710 secs] [Times: user=0.06 sys=0.00, real=0.02 secs] 
Heap after GC invocations=223 (full 18):
 par new generation   total 109248K, used 21824K [0x00000000e0000000, 0x00000000e8000000, 0x00000000e8000000)
  eden space 87424K,   0% used [0x00000000e0000000, 0x00000000e0000000, 0x00000000e5560000)
  from space 21824K, 100% used [0x00000000e6ab0000, 0x00000000e8000000, 0x00000000e8000000)
  to   space 21824K,   0% used [0x00000000e5560000, 0x00000000e5560000, 0x00000000e6ab0000)
 concurrent mark-sweep generation total 393216K, used 204174K [0x00000000e8000000, 0x0000000100000000, 0x0000000100000000)
 Metaspace       used 43836K, capacity 45071K, committed 45376K, reserved 1089536K
  class space    used 5312K, capacity 5615K, committed 5732K, reserved 1048576K
}
2019-02-22T17:26:18.412-0700: 81474.777: Total time for which application threads were stopped: 0.0160267 seconds, Stopping threads took: 0.0000401 seconds
2019-02-22T17:26:18.448-0700: 81474.814: [CMS-concurrent-abortable-preclean: 0.039/0.057 secs] [Times: user=0.17 sys=0.02, real=0.06 secs] 
2019-02-22T17:26:18.449-0700: 81474.815: [GC (CMS Final Remark) [YG occupancy: 105002 K (109248 K)]{Heap before GC invocations=223 (full 18):
 par new generation   total 109248K, used 105002K [0x00000000e0000000, 0x00000000e8000000, 0x00000000e8000000)
  eden space 87424K,  95% used [0x00000000e0000000, 0x00000000e513a868, 0x00000000e5560000)
  from space 21824K, 100% used [0x00000000e6ab0000, 0x00000000e8000000, 0x00000000e8000000)
  to   space 21824K,   0% used [0x00000000e5560000, 0x00000000e5560000, 0x00000000e6ab0000)
 concurrent mark-sweep generation total 393216K, used 204174K [0x00000000e8000000, 0x0000000100000000, 0x0000000100000000)
 Metaspace       used 43839K, capacity 45071K, committed 45376K, reserved 1089536K
  class space    used 5312K, capacity 5615K, committed 5732K, reserved 1048576K
2019-02-22T17:26:18.449-0700: 81474.815: [GC (CMS Final Remark) 2019-02-22T17:26:18.449-0700: 81474.815: [ParNew
Desired survivor size 20112992 bytes, new threshold 4 (max 8)
- age   1:    3331248 bytes,    3331248 total
- age   2:    4129816 bytes,    7461064 total
- age   3:   11523192 bytes,   18984256 total
- age   4:    3378488 bytes,   22362744 total
- age   5:      43496 bytes,   22406240 total
: 105002K->21824K(109248K), 0.0284925 secs] 309176K->239662K(502464K), 0.0285918 secs] [Times: user=0.13 sys=0.00, real=0.03 secs] 
Heap after GC invocations=224 (full 18):
 par new generation   total 109248K, used 21824K [0x00000000e0000000, 0x00000000e8000000, 0x00000000e8000000)
  eden space 87424K,   0% used [0x00000000e0000000, 0x00000000e0000000, 0x00000000e5560000)
  from space 21824K, 100% used [0x00000000e5560000, 0x00000000e6ab0000, 0x00000000e6ab0000)
  to   space 21824K,   0% used [0x00000000e6ab0000, 0x00000000e6ab0000, 0x00000000e8000000)
 concurrent mark-sweep generation total 393216K, used 217838K [0x00000000e8000000, 0x0000000100000000, 0x0000000100000000)
 Metaspace       used 43839K, capacity 45071K, committed 45376K, reserved 1089536K
  class space    used 5312K, capacity 5615K, committed 5732K, reserved 1048576K
}
2019-02-22T17:26:18.478-0700: 81474.843: [Rescan (parallel) , 0.0083925 secs]2019-02-22T17:26:18.486-0700: 81474.852: [weak refs processing, 0.0004616 secs]2019-02-22T17:26:18.487-0700: 81474.852: [class unloading, 0.0120890 secs]2019-02-22T17:26:18.499-0700: 81474.864: [scrub symbol table, 0.0117611 secs]2019-02-22T17:26:18.511-0700: 81474.876: [scrub string table, 0.0005141 secs][1 CMS-remark: 217838K(393216K)] 239662K(502464K), 0.0622074 secs] [Times: user=0.20 sys=0.00, real=0.06 secs] 
2019-02-22T17:26:18.511-0700: 81474.877: Total time for which application threads were stopped: 0.0625060 seconds, Stopping threads took: 0.0000555 seconds
2019-02-22T17:26:18.511-0700: 81474.877: [CMS-concurrent-sweep-start]
2019-02-22T17:26:18.559-0700: 81474.924: Total time for which application threads were stopped: 0.0002041 seconds, Stopping threads took: 0.0000406 seconds
2019-02-22T17:26:18.591-0700: 81474.956: [CMS-concurrent-sweep: 0.079/0.079 secs] [Times: user=0.34 sys=0.00, real=0.08 secs] 
2019-02-22T17:26:18.591-0700: 81474.957: [CMS-concurrent-reset-start]
2019-02-22T17:26:18.592-0700: 81474.957: [CMS-concurrent-reset: 0.001/0.001 secs] [Times: user=0.00 sys=0.00, real=0.00 secs] 
{Heap before GC invocations=224 (full 18):
 par new generation   total 109248K, used 109248K [0x00000000e0000000, 0x00000000e8000000, 0x00000000e8000000)
  eden space 87424K, 100% used [0x00000000e0000000, 0x00000000e5560000, 0x00000000e5560000)
  from space 21824K, 100% used [0x00000000e5560000, 0x00000000e6ab0000, 0x00000000e6ab0000)
  to   space 21824K,   0% used [0x00000000e6ab0000, 0x00000000e6ab0000, 0x00000000e8000000)
 concurrent mark-sweep generation total 393216K, used 168545K [0x00000000e8000000, 0x0000000100000000, 0x0000000100000000)
 Metaspace       used 43840K, capacity 45071K, committed 45376K, reserved 1089536K
  class space    used 5312K, capacity 5615K, committed 5732K, reserved 1048576K
2019-02-22T17:26:18.838-0700: 81475.203: [GC (Allocation Failure) 2019-02-22T17:26:18.838-0700: 81475.203: [ParNew
Desired survivor size 20112992 bytes, new threshold 4 (max 8)
- age   1:    6249904 bytes,    6249904 total
- age   2:    1840992 bytes,    8090896 total
- age   3:    3139128 bytes,   11230024 total
- age   4:   10243408 bytes,   21473432 total
: 109248K->21824K(109248K), 0.0297479 secs] 277793K->196455K(502464K), 0.0298291 secs] [Times: user=0.13 sys=0.00, real=0.03 secs] 
Heap after GC invocations=225 (full 18):
 par new generation   total 109248K, used 21824K [0x00000000e0000000, 0x00000000e8000000, 0x00000000e8000000)
  eden space 87424K,   0% used [0x00000000e0000000, 0x00000000e0000000, 0x00000000e5560000)
  from space 21824K, 100% used [0x00000000e6ab0000, 0x00000000e8000000, 0x00000000e8000000)
  to   space 21824K,   0% used [0x00000000e5560000, 0x00000000e5560000, 0x00000000e6ab0000)
 concurrent mark-sweep generation total 393216K, used 174631K [0x00000000e8000000, 0x0000000100000000, 0x0000000100000000)
 Metaspace       used 43840K, capacity 45071K, committed 45376K, reserved 1089536K
  class space    used 5312K, capacity 5615K, committed 5732K, reserved 1048576K
}
2019-02-22T17:26:18.867-0700: 81475.233: Total time for which application threads were stopped: 0.0302537 seconds, Stopping threads took: 0.0000339 seconds
{Heap before GC invocations=225 (full 18):
 par new generation   total 109248K, used 109248K [0x00000000e0000000, 0x00000000e8000000, 0x00000000e8000000)
  eden space 87424K, 100% used [0x00000000e0000000, 0x00000000e5560000, 0x00000000e5560000)
  from space 21824K, 100% used [0x00000000e6ab0000, 0x00000000e8000000, 0x00000000e8000000)
  to   space 21824K,   0% used [0x00000000e5560000, 0x00000000e5560000, 0x00000000e6ab0000)
 concurrent mark-sweep generation total 393216K, used 174631K [0x00000000e8000000, 0x0000000100000000, 0x0000000100000000)
 Metaspace       used 43840K, capacity 45071K, committed 45376K, reserved 1089536K
  class space    used 5312K, capacity 5615K, committed 5732K, reserved 1048576K
2019-02-22T17:26:19.265-0700: 81475.631: [GC (Allocation Failure) 2019-02-22T17:26:19.265-0700: 81475.631: [ParNew
Desired survivor size 20112992 bytes, new threshold 8 (max 8)
- age   1:    8122888 bytes,    8122888 total
- age   2:    5504000 bytes,   13626888 total
- age   3:    1600544 bytes,   15227432 total
- age   4:    3061560 bytes,   18288992 total
: 109248K->21824K(109248K), 0.0242680 secs] 283879K->212976K(502464K), 0.0243570 secs] [Times: user=0.06 sys=0.00, real=0.02 secs] 
Heap after GC invocations=226 (full 18):
 par new generation   total 109248K, used 21824K [0x00000000e0000000, 0x00000000e8000000, 0x00000000e8000000)
  eden space 87424K,   0% used [0x00000000e0000000, 0x00000000e0000000, 0x00000000e5560000)
  from space 21824K, 100% used [0x00000000e5560000, 0x00000000e6ab0000, 0x00000000e6ab0000)
  to   space 21824K,   0% used [0x00000000e6ab0000, 0x00000000e6ab0000, 0x00000000e8000000)
 concurrent mark-sweep generation total 393216K, used 191152K [0x00000000e8000000, 0x0000000100000000, 0x0000000100000000)
 Metaspace       used 43840K, capacity 45071K, committed 45376K, reserved 1089536K
  class space    used 5312K, capacity 5615K, committed 5732K, reserved 1048576K
}
2019-02-22T17:26:19.290-0700: 81475.656: Total time for which application threads were stopped: 0.0247543 seconds, Stopping threads took: 0.0000756 seconds
{Heap before GC invocations=226 (full 18):
 par new generation   total 109248K, used 108792K [0x00000000e0000000, 0x00000000e8000000, 0x00000000e8000000)
  eden space 87424K,  99% used [0x00000000e0000000, 0x00000000e54ee150, 0x00000000e5560000)
  from space 21824K, 100% used [0x00000000e5560000, 0x00000000e6ab0000, 0x00000000e6ab0000)
  to   space 21824K,   0% used [0x00000000e6ab0000, 0x00000000e6ab0000, 0x00000000e8000000)
 concurrent mark-sweep generation total 393216K, used 191152K [0x00000000e8000000, 0x0000000100000000, 0x0000000100000000)
 Metaspace       used 43840K, capacity 45071K, committed 45376K, reserved 1089536K
  class space    used 5312K, capacity 5615K, committed 5732K, reserved 1048576K
2019-02-22T17:26:19.311-0700: 81475.677: [GC (Allocation Failure) 2019-02-22T17:26:19.311-0700: 81475.677: [ParNew
Desired survivor size 20112992 bytes, new threshold 5 (max 8)
- age   1:    6047480 bytes,    6047480 total
- age   2:    6090600 bytes,   12138080 total
- age   3:    4958936 bytes,   17097016 total
- age   4:    1589864 bytes,   18686880 total
- age   5:    3061480 bytes,   21748360 total
: 108792K->21824K(109248K), 0.0144573 secs] 299944K->214850K(502464K), 0.0145293 secs] [Times: user=0.06 sys=0.00, real=0.01 secs] 
Heap after GC invocations=227 (full 18):
 par new generation   total 109248K, used 21824K [0x00000000e0000000, 0x00000000e8000000, 0x00000000e8000000)
  eden space 87424K,   0% used [0x00000000e0000000, 0x00000000e0000000, 0x00000000e5560000)
  from space 21824K, 100% used [0x00000000e6ab0000, 0x00000000e8000000, 0x00000000e8000000)
  to   space 21824K,   0% used [0x00000000e5560000, 0x00000000e5560000, 0x00000000e6ab0000)
 concurrent mark-sweep generation total 393216K, used 193026K [0x00000000e8000000, 0x0000000100000000, 0x0000000100000000)
 Metaspace       used 43840K, capacity 45071K, committed 45376K, reserved 1089536K
  class space    used 5312K, capacity 5615K, committed 5732K, reserved 1048576K
}
2019-02-22T17:26:19.326-0700: 81475.691: Total time for which application threads were stopped: 0.0148783 seconds, Stopping threads took: 0.0000596 seconds
{Heap before GC invocations=227 (full 18):
 par new generation   total 109248K, used 109052K [0x00000000e0000000, 0x00000000e8000000, 0x00000000e8000000)
  eden space 87424K,  99% used [0x00000000e0000000, 0x00000000e552f0f8, 0x00000000e5560000)
  from space 21824K, 100% used [0x00000000e6ab0000, 0x00000000e8000000, 0x00000000e8000000)
  to   space 21824K,   0% used [0x00000000e5560000, 0x00000000e5560000, 0x00000000e6ab0000)
 concurrent mark-sweep generation total 393216K, used 193026K [0x00000000e8000000, 0x0000000100000000, 0x0000000100000000)
 Metaspace       used 43840K, capacity 45071K, committed 45376K, reserved 1089536K
  class space    used 5312K, capacity 5615K, committed 5732K, reserved 1048576K
2019-02-22T17:26:19.335-0700: 81475.701: [GC (Allocation Failure) 2019-02-22T17:26:19.335-0700: 81475.701: [ParNew
Desired survivor size 20112992 bytes, new threshold 8 (max 8)
- age   1:     730984 bytes,     730984 total
- age   2:    4118176 bytes,    4849160 total
- age   3:    5642632 bytes,   10491792 total
- age   4:    4956352 bytes,   15448144 total
- age   5:    1577552 bytes,   17025696 total
: 109052K->21824K(109248K), 0.0165284 secs] 302078K->219314K(502464K), 0.0166153 secs] [Times: user=0.06 sys=0.00, real=0.02 secs] 
Heap after GC invocations=228 (full 18):
 par new generation   total 109248K, used 21824K [0x00000000e0000000, 0x00000000e8000000, 0x00000000e8000000)
  eden space 87424K,   0% used [0x00000000e0000000, 0x00000000e0000000, 0x00000000e5560000)
  from space 21824K, 100% used [0x00000000e5560000, 0x00000000e6ab0000, 0x00000000e6ab0000)
  to   space 21824K,   0% used [0x00000000e6ab0000, 0x00000000e6ab0000, 0x00000000e8000000)
 concurrent mark-sweep generation total 393216K, used 197490K [0x00000000e8000000, 0x0000000100000000, 0x0000000100000000)
 Metaspace       used 43840K, capacity 45071K, committed 45376K, reserved 1089536K
  class space    used 5312K, capacity 5615K, committed 5732K, reserved 1048576K
}
2019-02-22T17:26:19.352-0700: 81475.718: Total time for which application threads were stopped: 0.0169998 seconds, Stopping threads took: 0.0000540 seconds
2019-02-22T17:26:19.352-0700: 81475.718: [GC (CMS Initial Mark) [1 CMS-initial-mark: 197490K(393216K)] 220947K(502464K), 0.0032668 secs] [Times: user=0.00 sys=0.00, real=0.00 secs] 
2019-02-22T17:26:19.356-0700: 81475.721: Total time for which application threads were stopped: 0.0036323 seconds, Stopping threads took: 0.0001275 seconds
2019-02-22T17:26:19.356-0700: 81475.721: [CMS-concurrent-mark-start]
2019-02-22T17:26:19.410-0700: 81475.775: [CMS-concurrent-mark: 0.054/0.054 secs] [Times: user=0.36 sys=0.00, real=0.05 secs] 
2019-02-22T17:26:19.410-0700: 81475.775: [CMS-concurrent-preclean-start]
{Heap before GC invocations=228 (full 19):
 par new generation   total 109248K, used 109248K [0x00000000e0000000, 0x00000000e8000000, 0x00000000e8000000)
  eden space 87424K, 100% used [0x00000000e0000000, 0x00000000e5560000, 0x00000000e5560000)
  from space 21824K, 100% used [0x00000000e5560000, 0x00000000e6ab0000, 0x00000000e6ab0000)
  to   space 21824K,   0% used [0x00000000e6ab0000, 0x00000000e6ab0000, 0x00000000e8000000)
 concurrent mark-sweep generation total 393216K, used 197490K [0x00000000e8000000, 0x0000000100000000, 0x0000000100000000)
 Metaspace       used 43840K, capacity 45071K, committed 45376K, reserved 1089536K
  class space    used 5312K, capacity 5615K, committed 5732K, reserved 1048576K
2019-02-22T17:26:19.414-0700: 81475.779: [GC (Allocation Failure) 2019-02-22T17:26:19.414-0700: 81475.779: [ParNew
Desired survivor size 20112992 bytes, new threshold 8 (max 8)
- age   1:    2499184 bytes,    2499184 total
- age   2:     334904 bytes,    2834088 total
- age   3:    2850240 bytes,    5684328 total
- age   4:    5062800 bytes,   10747128 total
- age   5:    4339624 bytes,   15086752 total
- age   6:    1577504 bytes,   16664256 total
: 109248K->21824K(109248K), 0.0123749 secs] 306738K->219314K(502464K), 0.0124386 secs] [Times: user=0.06 sys=0.00, real=0.01 secs] 
Heap after GC invocations=229 (full 19):
 par new generation   total 109248K, used 21824K [0x00000000e0000000, 0x00000000e8000000, 0x00000000e8000000)
  eden space 87424K,   0% used [0x00000000e0000000, 0x00000000e0000000, 0x00000000e5560000)
  from space 21824K, 100% used [0x00000000e6ab0000, 0x00000000e8000000, 0x00000000e8000000)
  to   space 21824K,   0% used [0x00000000e5560000, 0x00000000e5560000, 0x00000000e6ab0000)
 concurrent mark-sweep generation total 393216K, used 197490K [0x00000000e8000000, 0x0000000100000000, 0x0000000100000000)
 Metaspace       used 43840K, capacity 45071K, committed 45376K, reserved 1089536K
  class space    used 5312K, capacity 5615K, committed 5732K, reserved 1048576K
}
2019-02-22T17:26:19.426-0700: 81475.792: Total time for which application threads were stopped: 0.0127249 seconds, Stopping threads took: 0.0000278 seconds
2019-02-22T17:26:19.427-0700: 81475.793: [CMS-concurrent-preclean: 0.005/0.018 secs] [Times: user=0.06 sys=0.00, real=0.02 secs] 
2019-02-22T17:26:19.427-0700: 81475.793: [CMS-concurrent-abortable-preclean-start]
2019-02-22T17:26:19.472-0700: 81475.838: Total time for which application threads were stopped: 0.0002324 seconds, Stopping threads took: 0.0000869 seconds
2019-02-22T17:26:19.472-0700: 81475.838: Total time for which application threads were stopped: 0.0001254 seconds, Stopping threads took: 0.0000334 seconds
2019-02-22T17:26:19.473-0700: 81475.839: Total time for which application threads were stopped: 0.0001090 seconds, Stopping threads took: 0.0000200 seconds
2019-02-22T17:26:19.474-0700: 81475.839: Total time for which application threads were stopped: 0.0000977 seconds, Stopping threads took: 0.0000139 seconds
{Heap before GC invocations=229 (full 19):
 par new generation   total 109248K, used 109248K [0x00000000e0000000, 0x00000000e8000000, 0x00000000e8000000)
  eden space 87424K, 100% used [0x00000000e0000000, 0x00000000e5560000, 0x00000000e5560000)
  from space 21824K, 100% used [0x00000000e6ab0000, 0x00000000e8000000, 0x00000000e8000000)
  to   space 21824K,   0% used [0x00000000e5560000, 0x00000000e5560000, 0x00000000e6ab0000)
 concurrent mark-sweep generation total 393216K, used 197490K [0x00000000e8000000, 0x0000000100000000, 0x0000000100000000)
 Metaspace       used 43842K, capacity 45071K, committed 45376K, reserved 1089536K
  class space    used 5312K, capacity 5615K, committed 5732K, reserved 1048576K
2019-02-22T17:26:19.482-0700: 81475.848: [GC (Allocation Failure) 2019-02-22T17:26:19.482-0700: 81475.848: [ParNew
Desired survivor size 20112992 bytes, new threshold 8 (max 8)
- age   1:    2961552 bytes,    2961552 total
- age   2:    1082560 bytes,    4044112 total
- age   3:     334448 bytes,    4378560 total
- age   4:    2642400 bytes,    7020960 total
- age   5:    5113120 bytes,   12134080 total
- age   6:    4289136 bytes,   16423216 total
- age   7:    1577424 bytes,   18000640 total
: 109248K->17890K(109248K), 0.0134384 secs] 306738K->215381K(502464K), 0.0135366 secs] [Times: user=0.06 sys=0.00, real=0.01 secs] 
Heap after GC invocations=230 (full 19):
 par new generation   total 109248K, used 17890K [0x00000000e0000000, 0x00000000e8000000, 0x00000000e8000000)
  eden space 87424K,   0% used [0x00000000e0000000, 0x00000000e0000000, 0x00000000e5560000)
  from space 21824K,  81% used [0x00000000e5560000, 0x00000000e66d8ac0, 0x00000000e6ab0000)
  to   space 21824K,   0% used [0x00000000e6ab0000, 0x00000000e6ab0000, 0x00000000e8000000)
 concurrent mark-sweep generation total 393216K, used 197490K [0x00000000e8000000, 0x0000000100000000, 0x0000000100000000)
 Metaspace       used 43842K, capacity 45071K, committed 45376K, reserved 1089536K
  class space    used 5312K, capacity 5615K, committed 5732K, reserved 1048576K
}
2019-02-22T17:26:19.496-0700: 81475.861: Total time for which application threads were stopped: 0.0139499 seconds, Stopping threads took: 0.0000905 seconds
2019-02-22T17:26:19.496-0700: 81475.861: [CMS-concurrent-abortable-preclean: 0.046/0.069 secs] [Times: user=0.20 sys=0.00, real=0.07 secs] 
2019-02-22T17:26:19.496-0700: 81475.862: [GC (CMS Final Remark) [YG occupancy: 19376 K (109248 K)]{Heap before GC invocations=230 (full 19):
 par new generation   total 109248K, used 19376K [0x00000000e0000000, 0x00000000e8000000, 0x00000000e8000000)
  eden space 87424K,   1% used [0x00000000e0000000, 0x00000000e0173620, 0x00000000e5560000)
  from space 21824K,  81% used [0x00000000e5560000, 0x00000000e66d8ac0, 0x00000000e6ab0000)
  to   space 21824K,   0% used [0x00000000e6ab0000, 0x00000000e6ab0000, 0x00000000e8000000)
 concurrent mark-sweep generation total 393216K, used 197490K [0x00000000e8000000, 0x0000000100000000, 0x0000000100000000)
 Metaspace       used 43842K, capacity 45071K, committed 45376K, reserved 1089536K
  class space    used 5312K, capacity 5615K, committed 5732K, reserved 1048576K
2019-02-22T17:26:19.496-0700: 81475.862: [GC (CMS Final Remark) 2019-02-22T17:26:19.496-0700: 81475.862: [ParNew
Desired survivor size 20112992 bytes, new threshold 8 (max 8)
- age   1:        232 bytes,        232 total
- age   2:    2545960 bytes,    2546192 total
- age   3:    1082560 bytes,    3628752 total
- age   4:     334448 bytes,    3963200 total
- age   5:    2609616 bytes,    6572816 total
- age   6:    5047552 bytes,   11620368 total
- age   7:    4321920 bytes,   15942288 total
- age   8:    1577424 bytes,   17519712 total
: 19376K->21824K(109248K), 0.0124879 secs] 216867K->219720K(502464K), 0.0125851 secs] [Times: user=0.06 sys=0.00, real=0.01 secs] 
Heap after GC invocations=231 (full 19):
 par new generation   total 109248K, used 21824K [0x00000000e0000000, 0x00000000e8000000, 0x00000000e8000000)
  eden space 87424K,   0% used [0x00000000e0000000, 0x00000000e0000000, 0x00000000e5560000)
  from space 21824K, 100% used [0x00000000e6ab0000, 0x00000000e8000000, 0x00000000e8000000)
  to   space 21824K,   0% used [0x00000000e5560000, 0x00000000e5560000, 0x00000000e6ab0000)
 concurrent mark-sweep generation total 393216K, used 197896K [0x00000000e8000000, 0x0000000100000000, 0x0000000100000000)
 Metaspace       used 43842K, capacity 45071K, committed 45376K, reserved 1089536K
  class space    used 5312K, capacity 5615K, committed 5732K, reserved 1048576K
}
2019-02-22T17:26:19.509-0700: 81475.874: [Rescan (parallel) , 0.0063332 secs]2019-02-22T17:26:19.515-0700: 81475.881: [weak refs processing, 0.0005639 secs]2019-02-22T17:26:19.516-0700: 81475.881: [class unloading, 0.0136836 secs]2019-02-22T17:26:19.529-0700: 81475.895: [scrub symbol table, 0.0175653 secs]2019-02-22T17:26:19.547-0700: 81475.913: [scrub string table, 0.0007485 secs][1 CMS-remark: 197896K(393216K)] 219720K(502464K), 0.0519576 secs] [Times: user=0.11 sys=0.00, real=0.05 secs] 
2019-02-22T17:26:19.548-0700: 81475.914: Total time for which application threads were stopped: 0.0522234 seconds, Stopping threads took: 0.0000828 seconds
2019-02-22T17:26:19.548-0700: 81475.914: [CMS-concurrent-sweep-start]
2019-02-22T17:26:19.577-0700: 81475.942: Total time for which application threads were stopped: 0.0003285 seconds, Stopping threads took: 0.0001187 seconds
2019-02-22T17:26:19.619-0700: 81475.984: [CMS-concurrent-sweep: 0.070/0.071 secs] [Times: user=0.26 sys=0.02, real=0.07 secs] 
2019-02-22T17:26:19.619-0700: 81475.984: [CMS-concurrent-reset-start]
2019-02-22T17:26:19.619-0700: 81475.985: [CMS-concurrent-reset: 0.001/0.001 secs] [Times: user=0.00 sys=0.00, real=0.00 secs] 
{Heap before GC invocations=231 (full 19):
 par new generation   total 109248K, used 109248K [0x00000000e0000000, 0x00000000e8000000, 0x00000000e8000000)
  eden space 87424K, 100% used [0x00000000e0000000, 0x00000000e5560000, 0x00000000e5560000)
  from space 21824K, 100% used [0x00000000e6ab0000, 0x00000000e8000000, 0x00000000e8000000)
  to   space 21824K,   0% used [0x00000000e5560000, 0x00000000e5560000, 0x00000000e6ab0000)
 concurrent mark-sweep generation total 393216K, used 182768K [0x00000000e8000000, 0x0000000100000000, 0x0000000100000000)
 Metaspace       used 43842K, capacity 45071K, committed 45376K, reserved 1089536K
  class space    used 5312K, capacity 5615K, committed 5732K, reserved 1048576K
2019-02-22T17:26:19.631-0700: 81475.997: [GC (Allocation Failure) 2019-02-22T17:26:19.631-0700: 81475.997: [ParNew
Desired survivor size 20112992 bytes, new threshold 8 (max 8)
- age   1:   12034712 bytes,   12034712 total
- age   2:         96 bytes,   12034808 total
- age   3:    1465376 bytes,   13500184 total
- age   4:     705832 bytes,   14206016 total
- age   5:     311768 bytes,   14517784 total
- age   6:    1020832 bytes,   15538616 total
- age   7:    2914664 bytes,   18453280 total
- age   8:    3930776 bytes,   22384056 total
: 109248K->21824K(109248K), 0.0304238 secs] 292016K->222925K(502464K), 0.0305143 secs] [Times: user=0.08 sys=0.00, real=0.03 secs] 
Heap after GC invocations=232 (full 19):
 par new generation   total 109248K, used 21824K [0x00000000e0000000, 0x00000000e8000000, 0x00000000e8000000)
  eden space 87424K,   0% used [0x00000000e0000000, 0x00000000e0000000, 0x00000000e5560000)
  from space 21824K, 100% used [0x00000000e5560000, 0x00000000e6ab0000, 0x00000000e6ab0000)
  to   space 21824K,   0% used [0x00000000e6ab0000, 0x00000000e6ab0000, 0x00000000e8000000)
 concurrent mark-sweep generation total 393216K, used 201101K [0x00000000e8000000, 0x0000000100000000, 0x0000000100000000)
 Metaspace       used 43842K, capacity 45071K, committed 45376K, reserved 1089536K
  class space    used 5312K, capacity 5615K, committed 5732K, reserved 1048576K
}
2019-02-22T17:26:19.662-0700: 81476.028: Total time for which application threads were stopped: 0.0309878 seconds, Stopping threads took: 0.0000735 seconds
2019-02-22T17:26:19.662-0700: 81476.028: [GC (CMS Initial Mark) [1 CMS-initial-mark: 201101K(393216K)] 223055K(502464K), 0.0037711 secs] [Times: user=0.00 sys=0.00, real=0.00 secs] 
2019-02-22T17:26:19.666-0700: 81476.032: Total time for which application threads were stopped: 0.0040148 seconds, Stopping threads took: 0.0000653 seconds
2019-02-22T17:26:19.666-0700: 81476.032: [CMS-concurrent-mark-start]
2019-02-22T17:26:19.728-0700: 81476.094: [CMS-concurrent-mark: 0.062/0.062 secs] [Times: user=0.36 sys=0.00, real=0.06 secs] 
2019-02-22T17:26:19.729-0700: 81476.094: [CMS-concurrent-preclean-start]
2019-02-22T17:26:19.744-0700: 81476.110: [CMS-concurrent-preclean: 0.015/0.016 secs] [Times: user=0.06 sys=0.00, real=0.01 secs] 
2019-02-22T17:26:19.744-0700: 81476.110: [CMS-concurrent-abortable-preclean-start]
{Heap before GC invocations=232 (full 20):
 par new generation   total 109248K, used 109248K [0x00000000e0000000, 0x00000000e8000000, 0x00000000e8000000)
  eden space 87424K, 100% used [0x00000000e0000000, 0x00000000e5560000, 0x00000000e5560000)
  from space 21824K, 100% used [0x00000000e5560000, 0x00000000e6ab0000, 0x00000000e6ab0000)
  to   space 21824K,   0% used [0x00000000e6ab0000, 0x00000000e6ab0000, 0x00000000e8000000)
 concurrent mark-sweep generation total 393216K, used 201101K [0x00000000e8000000, 0x0000000100000000, 0x0000000100000000)
 Metaspace       used 43842K, capacity 45071K, committed 45376K, reserved 1089536K
  class space    used 5312K, capacity 5615K, committed 5732K, reserved 1048576K
2019-02-22T17:26:19.834-0700: 81476.199: [GC (Allocation Failure) 2019-02-22T17:26:19.834-0700: 81476.200: [ParNew
Desired survivor size 20112992 bytes, new threshold 8 (max 8)
- age   1:    8709664 bytes,    8709664 total
- age   2:    8378840 bytes,   17088504 total
- age   3:         96 bytes,   17088600 total
- age   4:    1001824 bytes,   18090424 total
- age   5:     573104 bytes,   18663528 total
- age   6:     302904 bytes,   18966432 total
- age   7:     760248 bytes,   19726680 total
- age   8:    2258896 bytes,   21985576 total
: 109248K->21824K(109248K), 0.0214063 secs] 310349K->232198K(502464K), 0.0215343 secs] [Times: user=0.06 sys=0.00, real=0.02 secs] 
Heap after GC invocations=233 (full 20):
 par new generation   total 109248K, used 21824K [0x00000000e0000000, 0x00000000e8000000, 0x00000000e8000000)
  eden space 87424K,   0% used [0x00000000e0000000, 0x00000000e0000000, 0x00000000e5560000)
  from space 21824K, 100% used [0x00000000e6ab0000, 0x00000000e8000000, 0x00000000e8000000)
  to   space 21824K,   0% used [0x00000000e5560000, 0x00000000e5560000, 0x00000000e6ab0000)
 concurrent mark-sweep generation total 393216K, used 210374K [0x00000000e8000000, 0x0000000100000000, 0x0000000100000000)
 Metaspace       used 43842K, capacity 45071K, committed 45376K, reserved 1089536K
  class space    used 5312K, capacity 5615K, committed 5732K, reserved 1048576K
}
2019-02-22T17:26:19.855-0700: 81476.221: Total time for which application threads were stopped: 0.0220807 seconds, Stopping threads took: 0.0000699 seconds
{Heap before GC invocations=233 (full 20):
 par new generation   total 109248K, used 109248K [0x00000000e0000000, 0x00000000e8000000, 0x00000000e8000000)
  eden space 87424K, 100% used [0x00000000e0000000, 0x00000000e5560000, 0x00000000e5560000)
  from space 21824K, 100% used [0x00000000e6ab0000, 0x00000000e8000000, 0x00000000e8000000)
  to   space 21824K,   0% used [0x00000000e5560000, 0x00000000e5560000, 0x00000000e6ab0000)
 concurrent mark-sweep generation total 393216K, used 210374K [0x00000000e8000000, 0x0000000100000000, 0x0000000100000000)
 Metaspace       used 43842K, capacity 45071K, committed 45376K, reserved 1089536K
  class space    used 5312K, capacity 5615K, committed 5732K, reserved 1048576K
2019-02-22T17:26:19.989-0700: 81476.354: [GC (Allocation Failure) 2019-02-22T17:26:19.989-0700: 81476.354: [ParNew
Desired survivor size 20112992 bytes, new threshold 8 (max 8)
- age   1:    2621160 bytes,    2621160 total
- age   2:    7076840 bytes,    9698000 total
- age   3:    7634896 bytes,   17332896 total
- age   4:         96 bytes,   17332992 total
- age   5:     811336 bytes,   18144328 total
- age   6:     469320 bytes,   18613648 total
- age   7:      76416 bytes,   18690064 total
- age   8:     639960 bytes,   19330024 total
: 109248K->21824K(109248K), 0.0216088 secs] 319622K->236678K(502464K), 0.0217831 secs] [Times: user=0.06 sys=0.00, real=0.02 secs] 
Heap after GC invocations=234 (full 20):
 par new generation   total 109248K, used 21824K [0x00000000e0000000, 0x00000000e8000000, 0x00000000e8000000)
  eden space 87424K,   0% used [0x00000000e0000000, 0x00000000e0000000, 0x00000000e5560000)
  from space 21824K, 100% used [0x00000000e5560000, 0x00000000e6ab0000, 0x00000000e6ab0000)
  to   space 21824K,   0% used [0x00000000e6ab0000, 0x00000000e6ab0000, 0x00000000e8000000)
 concurrent mark-sweep generation total 393216K, used 214854K [0x00000000e8000000, 0x0000000100000000, 0x0000000100000000)
 Metaspace       used 43842K, capacity 45071K, committed 45376K, reserved 1089536K
  class space    used 5312K, capacity 5615K, committed 5732K, reserved 1048576K
}
2019-02-22T17:26:20.010-0700: 81476.376: Total time for which application threads were stopped: 0.0227279 seconds, Stopping threads took: 0.0001773 seconds
2019-02-22T17:26:20.010-0700: 81476.376: [CMS-concurrent-abortable-preclean: 0.218/0.266 secs] [Times: user=1.05 sys=0.00, real=0.27 secs] 
2019-02-22T17:26:20.012-0700: 81476.378: [GC (CMS Final Remark) [YG occupancy: 24941 K (109248 K)]{Heap before GC invocations=234 (full 20):
 par new generation   total 109248K, used 24941K [0x00000000e0000000, 0x00000000e8000000, 0x00000000e8000000)
  eden space 87424K,   3% used [0x00000000e0000000, 0x00000000e030b4f0, 0x00000000e5560000)
  from space 21824K, 100% used [0x00000000e5560000, 0x00000000e6ab0000, 0x00000000e6ab0000)
  to   space 21824K,   0% used [0x00000000e6ab0000, 0x00000000e6ab0000, 0x00000000e8000000)
 concurrent mark-sweep generation total 393216K, used 214854K [0x00000000e8000000, 0x0000000100000000, 0x0000000100000000)
 Metaspace       used 43842K, capacity 45071K, committed 45376K, reserved 1089536K
  class space    used 5312K, capacity 5615K, committed 5732K, reserved 1048576K
2019-02-22T17:26:20.013-0700: 81476.378: [GC (CMS Final Remark) 2019-02-22T17:26:20.013-0700: 81476.379: [ParNew
Desired survivor size 20112992 bytes, new threshold 8 (max 8)
- age   1:     951640 bytes,     951640 total
- age   2:    2595432 bytes,    3547072 total
- age   3:    7075496 bytes,   10622568 total
- age   4:    7667680 bytes,   18290248 total
- age   5:         96 bytes,   18290344 total
- age   6:     811336 bytes,   19101680 total
- age   7:     469320 bytes,   19571000 total
- age   8:      76416 bytes,   19647416 total
: 24941K->21824K(109248K), 0.0150716 secs] 239795K->237303K(502464K), 0.0151770 secs] [Times: user=0.06 sys=0.00, real=0.02 secs] 
Heap after GC invocations=235 (full 20):
 par new generation   total 109248K, used 21824K [0x00000000e0000000, 0x00000000e8000000, 0x00000000e8000000)
  eden space 87424K,   0% used [0x00000000e0000000, 0x00000000e0000000, 0x00000000e5560000)
  from space 21824K, 100% used [0x00000000e6ab0000, 0x00000000e8000000, 0x00000000e8000000)
  to   space 21824K,   0% used [0x00000000e5560000, 0x00000000e5560000, 0x00000000e6ab0000)
 concurrent mark-sweep generation total 393216K, used 215479K [0x00000000e8000000, 0x0000000100000000, 0x0000000100000000)
 Metaspace       used 43842K, capacity 45071K, committed 45376K, reserved 1089536K
  class space    used 5312K, capacity 5615K, committed 5732K, reserved 1048576K
}
2019-02-22T17:26:20.028-0700: 81476.394: [Rescan (parallel) , 0.0116058 secs]2019-02-22T17:26:20.039-0700: 81476.405: [weak refs processing, 0.0004914 secs]2019-02-22T17:26:20.040-0700: 81476.406: [class unloading, 0.0136513 secs]2019-02-22T17:26:20.054-0700: 81476.420: [scrub symbol table, 0.0121389 secs]2019-02-22T17:26:20.066-0700: 81476.432: [scrub string table, 0.0007860 secs][1 CMS-remark: 215479K(393216K)] 237303K(502464K), 0.0544215 secs] [Times: user=0.16 sys=0.00, real=0.05 secs] 
2019-02-22T17:26:20.067-0700: 81476.433: Total time for which application threads were stopped: 0.0550635 seconds, Stopping threads took: 0.0001743 seconds
2019-02-22T17:26:20.068-0700: 81476.433: [CMS-concurrent-sweep-start]
{Heap before GC invocations=235 (full 20):
 par new generation   total 109248K, used 108817K [0x00000000e0000000, 0x00000000e8000000, 0x00000000e8000000)
  eden space 87424K,  99% used [0x00000000e0000000, 0x00000000e54f44f0, 0x00000000e5560000)
  from space 21824K, 100% used [0x00000000e6ab0000, 0x00000000e8000000, 0x00000000e8000000)
  to   space 21824K,   0% used [0x00000000e5560000, 0x00000000e5560000, 0x00000000e6ab0000)
 concurrent mark-sweep generation total 393216K, used 215069K [0x00000000e8000000, 0x0000000100000000, 0x0000000100000000)
 Metaspace       used 43842K, capacity 45071K, committed 45376K, reserved 1089536K
  class space    used 5312K, capacity 5615K, committed 5732K, reserved 1048576K
2019-02-22T17:26:20.098-0700: 81476.463: [GC (Allocation Failure) 2019-02-22T17:26:20.098-0700: 81476.463: [ParNew
Desired survivor size 20112992 bytes, new threshold 8 (max 8)
- age   1:    1886696 bytes,    1886696 total
- age   2:       8232 bytes,    1894928 total
- age   3:    1934432 bytes,    3829360 total
- age   4:    6769592 bytes,   10598952 total
- age   5:    7021008 bytes,   17619960 total
- age   6:         96 bytes,   17620056 total
- age   7:     736400 bytes,   18356456 total
- age   8:     468664 bytes,   18825120 total
: 108817K->21824K(109248K), 0.0128894 secs] 323886K->237387K(502464K), 0.0129660 secs] [Times: user=0.06 sys=0.00, real=0.01 secs] 
Heap after GC invocations=236 (full 20):
 par new generation   total 109248K, used 21824K [0x00000000e0000000, 0x00000000e8000000, 0x00000000e8000000)
  eden space 87424K,   0% used [0x00000000e0000000, 0x00000000e0000000, 0x00000000e5560000)
  from space 21824K, 100% used [0x00000000e5560000, 0x00000000e6ab0000, 0x00000000e6ab0000)
  to   space 21824K,   0% used [0x00000000e6ab0000, 0x00000000e6ab0000, 0x00000000e8000000)
 concurrent mark-sweep generation total 393216K, used 215563K [0x00000000e8000000, 0x0000000100000000, 0x0000000100000000)
 Metaspace       used 43842K, capacity 45071K, committed 45376K, reserved 1089536K
  class space    used 5312K, capacity 5615K, committed 5732K, reserved 1048576K
}
2019-02-22T17:26:20.111-0700: 81476.477: Total time for which application threads were stopped: 0.0133017 seconds, Stopping threads took: 0.0000535 seconds
{Heap before GC invocations=236 (full 20):
 par new generation   total 109248K, used 109085K [0x00000000e0000000, 0x00000000e8000000, 0x00000000e8000000)
  eden space 87424K,  99% used [0x00000000e0000000, 0x00000000e55374f8, 0x00000000e5560000)
  from space 21824K, 100% used [0x00000000e5560000, 0x00000000e6ab0000, 0x00000000e6ab0000)
  to   space 21824K,   0% used [0x00000000e6ab0000, 0x00000000e6ab0000, 0x00000000e8000000)
 concurrent mark-sweep generation total 393216K, used 214791K [0x00000000e8000000, 0x0000000100000000, 0x0000000100000000)
 Metaspace       used 43842K, capacity 45071K, committed 45376K, reserved 1089536K
  class space    used 5312K, capacity 5615K, committed 5732K, reserved 1048576K
2019-02-22T17:26:20.126-0700: 81476.491: [GC (Allocation Failure) 2019-02-22T17:26:20.126-0700: 81476.491: [ParNew
Desired survivor size 20112992 bytes, new threshold 8 (max 8)
- age   1:    1359736 bytes,    1359736 total
- age   2:    1779808 bytes,    3139544 total
- age   3:       8232 bytes,    3147776 total
- age   4:    1914048 bytes,    5061824 total
- age   5:    6725368 bytes,   11787192 total
- age   6:    6833280 bytes,   18620472 total
- age   7:         96 bytes,   18620568 total
- age   8:     736400 bytes,   19356968 total
: 109085K->21824K(109248K), 0.0130678 secs] 323877K->237256K(502464K), 0.0131665 secs] [Times: user=0.00 sys=0.00, real=0.01 secs] 
Heap after GC invocations=237 (full 20):
 par new generation   total 109248K, used 21824K [0x00000000e0000000, 0x00000000e8000000, 0x00000000e8000000)
  eden space 87424K,   0% used [0x00000000e0000000, 0x00000000e0000000, 0x00000000e5560000)
  from space 21824K, 100% used [0x00000000e6ab0000, 0x00000000e8000000, 0x00000000e8000000)
  to   space 21824K,   0% used [0x00000000e5560000, 0x00000000e5560000, 0x00000000e6ab0000)
 concurrent mark-sweep generation total 393216K, used 215432K [0x00000000e8000000, 0x0000000100000000, 0x0000000100000000)
 Metaspace       used 43842K, capacity 45071K, committed 45376K, reserved 1089536K
  class space    used 5312K, capacity 5615K, committed 5732K, reserved 1048576K
}
2019-02-22T17:26:20.139-0700: 81476.504: Total time for which application threads were stopped: 0.0136692 seconds, Stopping threads took: 0.0000848 seconds
{Heap before GC invocations=237 (full 20):
 par new generation   total 109248K, used 109248K [0x00000000e0000000, 0x00000000e8000000, 0x00000000e8000000)
  eden space 87424K, 100% used [0x00000000e0000000, 0x00000000e5560000, 0x00000000e5560000)
  from space 21824K, 100% used [0x00000000e6ab0000, 0x00000000e8000000, 0x00000000e8000000)
  to   space 21824K,   0% used [0x00000000e5560000, 0x00000000e5560000, 0x00000000e6ab0000)
 concurrent mark-sweep generation total 393216K, used 214641K [0x00000000e8000000, 0x0000000100000000, 0x0000000100000000)
 Metaspace       used 43842K, capacity 45071K, committed 45376K, reserved 1089536K
  class space    used 5312K, capacity 5615K, committed 5732K, reserved 1048576K
2019-02-22T17:26:20.158-0700: 81476.523: [GC (Allocation Failure) 2019-02-22T17:26:20.158-0700: 81476.523: [ParNew
Desired survivor size 20112992 bytes, new threshold 8 (max 8)
- age   1:     749336 bytes,     749336 total
- age   2:     348664 bytes,    1098000 total
- age   3:    1648056 bytes,    2746056 total
- age   4:       8232 bytes,    2754288 total
- age   5:    1913008 bytes,    4667296 total
- age   6:    6005200 bytes,   10672496 total
- age   7:    6812120 bytes,   17484616 total
- age   8:         96 bytes,   17484712 total
: 109248K->21824K(109248K), 0.0131120 secs] 323889K->237682K(502464K), 0.0132102 secs] [Times: user=0.00 sys=0.00, real=0.01 secs] 
Heap after GC invocations=238 (full 20):
 par new generation   total 109248K, used 21824K [0x00000000e0000000, 0x00000000e8000000, 0x00000000e8000000)
  eden space 87424K,   0% used [0x00000000e0000000, 0x00000000e0000000, 0x00000000e5560000)
  from space 21824K, 100% used [0x00000000e5560000, 0x00000000e6ab0000, 0x00000000e6ab0000)
  to   space 21824K,   0% used [0x00000000e6ab0000, 0x00000000e6ab0000, 0x00000000e8000000)
 concurrent mark-sweep generation total 393216K, used 215858K [0x00000000e8000000, 0x0000000100000000, 0x0000000100000000)
 Metaspace       used 43842K, capacity 45071K, committed 45376K, reserved 1089536K
  class space    used 5312K, capacity 5615K, committed 5732K, reserved 1048576K
}
2019-02-22T17:26:20.171-0700: 81476.536: Total time for which application threads were stopped: 0.0137078 seconds, Stopping threads took: 0.0001331 seconds
2019-02-22T17:26:20.180-0700: 81476.545: [CMS-concurrent-sweep: 0.071/0.112 secs] [Times: user=0.45 sys=0.02, real=0.11 secs] 
2019-02-22T17:26:20.180-0700: 81476.545: [CMS-concurrent-reset-start]
2019-02-22T17:26:20.180-0700: 81476.546: [CMS-concurrent-reset: 0.001/0.001 secs] [Times: user=0.00 sys=0.00, real=0.00 secs] 
{Heap before GC invocations=238 (full 20):
 par new generation   total 109248K, used 109248K [0x00000000e0000000, 0x00000000e8000000, 0x00000000e8000000)
  eden space 87424K, 100% used [0x00000000e0000000, 0x00000000e5560000, 0x00000000e5560000)
  from space 21824K, 100% used [0x00000000e5560000, 0x00000000e6ab0000, 0x00000000e6ab0000)
  to   space 21824K,   0% used [0x00000000e6ab0000, 0x00000000e6ab0000, 0x00000000e8000000)
 concurrent mark-sweep generation total 393216K, used 214693K [0x00000000e8000000, 0x0000000100000000, 0x0000000100000000)
 Metaspace       used 43842K, capacity 45071K, committed 45376K, reserved 1089536K
  class space    used 5312K, capacity 5615K, committed 5732K, reserved 1048576K
2019-02-22T17:26:20.219-0700: 81476.585: [GC (Allocation Failure) 2019-02-22T17:26:20.219-0700: 81476.585: [ParNew
Desired survivor size 20112992 bytes, new threshold 8 (max 8)
- age   1:    2352560 bytes,    2352560 total
- age   2:     594536 bytes,    2947096 total
- age   3:     348296 bytes,    3295392 total
- age   4:    1403640 bytes,    4699032 total
- age   5:       8232 bytes,    4707264 total
- age   6:    1902600 bytes,    6609864 total
- age   7:    5692976 bytes,   12302840 total
- age   8:    6799208 bytes,   19102048 total
: 109248K->21824K(109248K), 0.0121014 secs] 323941K->236517K(502464K), 0.0122402 secs] [Times: user=0.00 sys=0.00, real=0.01 secs] 
Heap after GC invocations=239 (full 20):
 par new generation   total 109248K, used 21824K [0x00000000e0000000, 0x00000000e8000000, 0x00000000e8000000)
  eden space 87424K,   0% used [0x00000000e0000000, 0x00000000e0000000, 0x00000000e5560000)
  from space 21824K, 100% used [0x00000000e6ab0000, 0x00000000e8000000, 0x00000000e8000000)
  to   space 21824K,   0% used [0x00000000e5560000, 0x00000000e5560000, 0x00000000e6ab0000)
 concurrent mark-sweep generation total 393216K, used 214693K [0x00000000e8000000, 0x0000000100000000, 0x0000000100000000)
 Metaspace       used 43842K, capacity 45071K, committed 45376K, reserved 1089536K
  class space    used 5312K, capacity 5615K, committed 5732K, reserved 1048576K
}
2019-02-22T17:26:20.232-0700: 81476.597: Total time for which application threads were stopped: 0.0127059 seconds, Stopping threads took: 0.0000972 seconds
2019-02-22T17:26:20.232-0700: 81476.598: [GC (CMS Initial Mark) [1 CMS-initial-mark: 214693K(393216K)] 238075K(502464K), 0.0032637 secs] [Times: user=0.06 sys=0.00, real=0.00 secs] 
2019-02-22T17:26:20.236-0700: 81476.601: Total time for which application threads were stopped: 0.0035747 seconds, Stopping threads took: 0.0001100 seconds
2019-02-22T17:26:20.236-0700: 81476.601: [CMS-concurrent-mark-start]
2019-02-22T17:26:20.300-0700: 81476.665: [CMS-concurrent-mark: 0.064/0.064 secs] [Times: user=0.36 sys=0.00, real=0.06 secs] 
2019-02-22T17:26:20.300-0700: 81476.665: [CMS-concurrent-preclean-start]
2019-02-22T17:26:20.309-0700: 81476.674: [CMS-concurrent-preclean: 0.009/0.009 secs] [Times: user=0.00 sys=0.00, real=0.01 secs] 
2019-02-22T17:26:20.309-0700: 81476.674: [CMS-concurrent-abortable-preclean-start]
2019-02-22T17:26:20.310-0700: 81476.675: Total time for which application threads were stopped: 0.0002539 seconds, Stopping threads took: 0.0000704 seconds
{Heap before GC invocations=239 (full 21):
 par new generation   total 109248K, used 109219K [0x00000000e0000000, 0x00000000e8000000, 0x00000000e8000000)
  eden space 87424K,  99% used [0x00000000e0000000, 0x00000000e5558f60, 0x00000000e5560000)
  from space 21824K, 100% used [0x00000000e6ab0000, 0x00000000e8000000, 0x00000000e8000000)
  to   space 21824K,   0% used [0x00000000e5560000, 0x00000000e5560000, 0x00000000e6ab0000)
 concurrent mark-sweep generation total 393216K, used 214693K [0x00000000e8000000, 0x0000000100000000, 0x0000000100000000)
 Metaspace       used 43844K, capacity 45071K, committed 45376K, reserved 1089536K
  class space    used 5312K, capacity 5615K, committed 5732K, reserved 1048576K
2019-02-22T17:26:20.336-0700: 81476.701: [GC (Allocation Failure) 2019-02-22T17:26:20.336-0700: 81476.701: [ParNew
Desired survivor size 20112992 bytes, new threshold 8 (max 8)
- age   1:    2589288 bytes,    2589288 total
- age   2:    1370224 bytes,    3959512 total
- age   3:     230208 bytes,    4189720 total
- age   4:     310216 bytes,    4499936 total
- age   5:     846432 bytes,    5346368 total
- age   6:       8232 bytes,    5354600 total
- age   7:    1612128 bytes,    6966728 total
- age   8:    5569648 bytes,   12536376 total
: 109219K->18367K(109248K), 0.0147339 secs] 323913K->239706K(502464K), 0.0148999 secs] [Times: user=0.06 sys=0.00, real=0.02 secs] 
Heap after GC invocations=240 (full 21):
 par new generation   total 109248K, used 18367K [0x00000000e0000000, 0x00000000e8000000, 0x00000000e8000000)
  eden space 87424K,   0% used [0x00000000e0000000, 0x00000000e0000000, 0x00000000e5560000)
  from space 21824K,  84% used [0x00000000e5560000, 0x00000000e674fc60, 0x00000000e6ab0000)
  to   space 21824K,   0% used [0x00000000e6ab0000, 0x00000000e6ab0000, 0x00000000e8000000)
 concurrent mark-sweep generation total 393216K, used 221339K [0x00000000e8000000, 0x0000000100000000, 0x0000000100000000)
 Metaspace       used 43844K, capacity 45071K, committed 45376K, reserved 1089536K
  class space    used 5312K, capacity 5615K, committed 5732K, reserved 1048576K
}
2019-02-22T17:26:20.351-0700: 81476.716: Total time for which application threads were stopped: 0.0153255 seconds, Stopping threads took: 0.0000735 seconds
2019-02-22T17:26:20.384-0700: 81476.750: [CMS-concurrent-abortable-preclean: 0.059/0.076 secs] [Times: user=0.36 sys=0.00, real=0.08 secs] 
2019-02-22T17:26:20.384-0700: 81476.750: [GC (CMS Final Remark) [YG occupancy: 67176 K (109248 K)]{Heap before GC invocations=240 (full 21):
 par new generation   total 109248K, used 67176K [0x00000000e0000000, 0x00000000e8000000, 0x00000000e8000000)
  eden space 87424K,  55% used [0x00000000e0000000, 0x00000000e2faa658, 0x00000000e5560000)
  from space 21824K,  84% used [0x00000000e5560000, 0x00000000e674fc60, 0x00000000e6ab0000)
  to   space 21824K,   0% used [0x00000000e6ab0000, 0x00000000e6ab0000, 0x00000000e8000000)
 concurrent mark-sweep generation total 393216K, used 221339K [0x00000000e8000000, 0x0000000100000000, 0x0000000100000000)
 Metaspace       used 43844K, capacity 45071K, committed 45376K, reserved 1089536K
  class space    used 5312K, capacity 5615K, committed 5732K, reserved 1048576K
2019-02-22T17:26:20.385-0700: 81476.750: [GC (CMS Final Remark) 2019-02-22T17:26:20.385-0700: 81476.750: [ParNew
Desired survivor size 20112992 bytes, new threshold 6 (max 8)
- age   1:   16339784 bytes,   16339784 total
- age   2:    2189760 bytes,   18529544 total
- age   3:    1270984 bytes,   19800528 total
- age   4:      70968 bytes,   19871496 total
- age   5:     217040 bytes,   20088536 total
- age   6:     672128 bytes,   20760664 total
- age   7:       8232 bytes,   20768896 total
- age   8:    1568120 bytes,   22337016 total
: 67176K->21824K(109248K), 0.0173118 secs] 288516K->253706K(502464K), 0.0173843 secs] [Times: user=0.06 sys=0.00, real=0.02 secs] 
Heap after GC invocations=241 (full 21):
 par new generation   total 109248K, used 21824K [0x00000000e0000000, 0x00000000e8000000, 0x00000000e8000000)
  eden space 87424K,   0% used [0x00000000e0000000, 0x00000000e0000000, 0x00000000e5560000)
  from space 21824K, 100% used [0x00000000e6ab0000, 0x00000000e8000000, 0x00000000e8000000)
  to   space 21824K,   0% used [0x00000000e5560000, 0x00000000e5560000, 0x00000000e6ab0000)
 concurrent mark-sweep generation total 393216K, used 231882K [0x00000000e8000000, 0x0000000100000000, 0x0000000100000000)
 Metaspace       used 43844K, capacity 45071K, committed 45376K, reserved 1089536K
  class space    used 5312K, capacity 5615K, committed 5732K, reserved 1048576K
}
2019-02-22T17:26:20.402-0700: 81476.768: [Rescan (parallel) , 0.0071438 secs]2019-02-22T17:26:20.409-0700: 81476.775: [weak refs processing, 0.0004920 secs]2019-02-22T17:26:20.410-0700: 81476.775: [class unloading, 0.0115570 secs]2019-02-22T17:26:20.421-0700: 81476.787: [scrub symbol table, 0.0101577 secs]2019-02-22T17:26:20.432-0700: 81476.797: [scrub string table, 0.0004873 secs][1 CMS-remark: 231882K(393216K)] 253706K(502464K), 0.0476010 secs] [Times: user=0.14 sys=0.00, real=0.05 secs] 
2019-02-22T17:26:20.432-0700: 81476.798: Total time for which application threads were stopped: 0.0478385 seconds, Stopping threads took: 0.0000591 seconds
2019-02-22T17:26:20.432-0700: 81476.798: [CMS-concurrent-sweep-start]
2019-02-22T17:26:20.504-0700: 81476.869: [CMS-concurrent-sweep: 0.071/0.071 secs] [Times: user=0.31 sys=0.00, real=0.07 secs] 
2019-02-22T17:26:20.504-0700: 81476.869: [CMS-concurrent-reset-start]
2019-02-22T17:26:20.504-0700: 81476.869: [CMS-concurrent-reset: 0.001/0.001 secs] [Times: user=0.00 sys=0.00, real=0.00 secs] 
{Heap before GC invocations=241 (full 21):
 par new generation   total 109248K, used 109248K [0x00000000e0000000, 0x00000000e8000000, 0x00000000e8000000)
  eden space 87424K, 100% used [0x00000000e0000000, 0x00000000e5560000, 0x00000000e5560000)
  from space 21824K, 100% used [0x00000000e6ab0000, 0x00000000e8000000, 0x00000000e8000000)
  to   space 21824K,   0% used [0x00000000e5560000, 0x00000000e5560000, 0x00000000e6ab0000)
 concurrent mark-sweep generation total 393216K, used 192328K [0x00000000e8000000, 0x0000000100000000, 0x0000000100000000)
 Metaspace       used 43845K, capacity 45071K, committed 45376K, reserved 1089536K
  class space    used 5312K, capacity 5615K, committed 5732K, reserved 1048576K
2019-02-22T17:26:20.543-0700: 81476.909: [GC (Allocation Failure) 2019-02-22T17:26:20.543-0700: 81476.909: [ParNew
Desired survivor size 20112992 bytes, new threshold 4 (max 8)
- age   1:    3500048 bytes,    3500048 total
- age   2:   14473056 bytes,   17973104 total
- age   3:    2062832 bytes,   20035936 total
- age   4:     629240 bytes,   20665176 total
- age   5:      63600 bytes,   20728776 total
- age   6:     210208 bytes,   20938984 total
: 109248K->21824K(109248K), 0.0126170 secs] 301576K->217079K(502464K), 0.0127095 secs] [Times: user=0.06 sys=0.00, real=0.01 secs] 
Heap after GC invocations=242 (full 21):
 par new generation   total 109248K, used 21824K [0x00000000e0000000, 0x00000000e8000000, 0x00000000e8000000)
  eden space 87424K,   0% used [0x00000000e0000000, 0x00000000e0000000, 0x00000000e5560000)
  from space 21824K, 100% used [0x00000000e5560000, 0x00000000e6ab0000, 0x00000000e6ab0000)
  to   space 21824K,   0% used [0x00000000e6ab0000, 0x00000000e6ab0000, 0x00000000e8000000)
 concurrent mark-sweep generation total 393216K, used 195255K [0x00000000e8000000, 0x0000000100000000, 0x0000000100000000)
 Metaspace       used 43845K, capacity 45071K, committed 45376K, reserved 1089536K
  class space    used 5312K, capacity 5615K, committed 5732K, reserved 1048576K
}
2019-02-22T17:26:20.556-0700: 81476.922: Total time for which application threads were stopped: 0.0130925 seconds, Stopping threads took: 0.0000612 seconds
{Heap before GC invocations=242 (full 21):
 par new generation   total 109248K, used 109248K [0x00000000e0000000, 0x00000000e8000000, 0x00000000e8000000)
  eden space 87424K, 100% used [0x00000000e0000000, 0x00000000e5560000, 0x00000000e5560000)
  from space 21824K, 100% used [0x00000000e5560000, 0x00000000e6ab0000, 0x00000000e6ab0000)
  to   space 21824K,   0% used [0x00000000e6ab0000, 0x00000000e6ab0000, 0x00000000e8000000)
 concurrent mark-sweep generation total 393216K, used 195255K [0x00000000e8000000, 0x0000000100000000, 0x0000000100000000)
 Metaspace       used 43845K, capacity 45071K, committed 45376K, reserved 1089536K
  class space    used 5312K, capacity 5615K, committed 5732K, reserved 1048576K
2019-02-22T17:26:20.670-0700: 81477.035: [GC (Allocation Failure) 2019-02-22T17:26:20.671-0700: 81477.036: [ParNew
Desired survivor size 20112992 bytes, new threshold 8 (max 8)
- age   1:    2744960 bytes,    2744960 total
- age   2:    2216672 bytes,    4961632 total
- age   3:   13793440 bytes,   18755072 total
- age   4:    1087600 bytes,   19842672 total
: 109248K->21824K(109248K), 0.0130041 secs] 304503K->219169K(502464K), 0.0131079 secs] [Times: user=0.06 sys=0.00, real=0.01 secs] 
Heap after GC invocations=243 (full 21):
 par new generation   total 109248K, used 21824K [0x00000000e0000000, 0x00000000e8000000, 0x00000000e8000000)
  eden space 87424K,   0% used [0x00000000e0000000, 0x00000000e0000000, 0x00000000e5560000)
  from space 21824K, 100% used [0x00000000e6ab0000, 0x00000000e8000000, 0x00000000e8000000)
  to   space 21824K,   0% used [0x00000000e5560000, 0x00000000e5560000, 0x00000000e6ab0000)
 concurrent mark-sweep generation total 393216K, used 197345K [0x00000000e8000000, 0x0000000100000000, 0x0000000100000000)
 Metaspace       used 43845K, capacity 45071K, committed 45376K, reserved 1089536K
  class space    used 5312K, capacity 5615K, committed 5732K, reserved 1048576K
}
2019-02-22T17:26:20.684-0700: 81477.049: Total time for which application threads were stopped: 0.0135572 seconds, Stopping threads took: 0.0000807 seconds
2019-02-22T17:26:20.684-0700: 81477.049: [GC (CMS Initial Mark) [1 CMS-initial-mark: 197345K(393216K)] 219414K(502464K), 0.0018845 secs] [Times: user=0.00 sys=0.00, real=0.00 secs] 
2019-02-22T17:26:20.686-0700: 81477.051: Total time for which application threads were stopped: 0.0022588 seconds, Stopping threads took: 0.0001362 seconds
2019-02-22T17:26:20.686-0700: 81477.051: [CMS-concurrent-mark-start]
2019-02-22T17:26:20.740-0700: 81477.106: [CMS-concurrent-mark: 0.054/0.054 secs] [Times: user=0.34 sys=0.00, real=0.05 secs] 
2019-02-22T17:26:20.740-0700: 81477.106: [CMS-concurrent-preclean-start]
2019-02-22T17:26:20.752-0700: 81477.118: [CMS-concurrent-preclean: 0.012/0.012 secs] [Times: user=0.05 sys=0.00, real=0.01 secs] 
2019-02-22T17:26:20.752-0700: 81477.118: [CMS-concurrent-abortable-preclean-start]
{Heap before GC invocations=243 (full 22):
 par new generation   total 109248K, used 109248K [0x00000000e0000000, 0x00000000e8000000, 0x00000000e8000000)
  eden space 87424K, 100% used [0x00000000e0000000, 0x00000000e5560000, 0x00000000e5560000)
  from space 21824K, 100% used [0x00000000e6ab0000, 0x00000000e8000000, 0x00000000e8000000)
  to   space 21824K,   0% used [0x00000000e5560000, 0x00000000e5560000, 0x00000000e6ab0000)
 concurrent mark-sweep generation total 393216K, used 197345K [0x00000000e8000000, 0x0000000100000000, 0x0000000100000000)
 Metaspace       used 43845K, capacity 45071K, committed 45376K, reserved 1089536K
  class space    used 5312K, capacity 5615K, committed 5732K, reserved 1048576K
2019-02-22T17:26:20.902-0700: 81477.268: [GC (Allocation Failure) 2019-02-22T17:26:20.902-0700: 81477.268: [ParNew
Desired survivor size 20112992 bytes, new threshold 5 (max 8)
- age   1:    2505352 bytes,    2505352 total
- age   2:    1386864 bytes,    3892216 total
- age   3:    1781224 bytes,    5673440 total
- age   4:   13413312 bytes,   19086752 total
- age   5:    1074648 bytes,   20161400 total
: 109248K->21824K(109248K), 0.0121178 secs] 306593K->219656K(502464K), 0.0122021 secs] [Times: user=0.06 sys=0.00, real=0.01 secs] 
Heap after GC invocations=244 (full 22):
 par new generation   total 109248K, used 21824K [0x00000000e0000000, 0x00000000e8000000, 0x00000000e8000000)
  eden space 87424K,   0% used [0x00000000e0000000, 0x00000000e0000000, 0x00000000e5560000)
  from space 21824K, 100% used [0x00000000e5560000, 0x00000000e6ab0000, 0x00000000e6ab0000)
  to   space 21824K,   0% used [0x00000000e6ab0000, 0x00000000e6ab0000, 0x00000000e8000000)
 concurrent mark-sweep generation total 393216K, used 197832K [0x00000000e8000000, 0x0000000100000000, 0x0000000100000000)
 Metaspace       used 43845K, capacity 45071K, committed 45376K, reserved 1089536K
  class space    used 5312K, capacity 5615K, committed 5732K, reserved 1048576K
}
2019-02-22T17:26:20.914-0700: 81477.280: Total time for which application threads were stopped: 0.0125892 seconds, Stopping threads took: 0.0000529 seconds
2019-02-22T17:26:21.016-0700: 81477.381: [CMS-concurrent-abortable-preclean: 0.249/0.264 secs] [Times: user=0.77 sys=0.01, real=0.26 secs] 
2019-02-22T17:26:21.017-0700: 81477.382: [GC (CMS Final Remark) [YG occupancy: 68506 K (109248 K)]{Heap before GC invocations=244 (full 22):
 par new generation   total 109248K, used 68506K [0x00000000e0000000, 0x00000000e8000000, 0x00000000e8000000)
  eden space 87424K,  53% used [0x00000000e0000000, 0x00000000e2d96870, 0x00000000e5560000)
  from space 21824K, 100% used [0x00000000e5560000, 0x00000000e6ab0000, 0x00000000e6ab0000)
  to   space 21824K,   0% used [0x00000000e6ab0000, 0x00000000e6ab0000, 0x00000000e8000000)
 concurrent mark-sweep generation total 393216K, used 197832K [0x00000000e8000000, 0x0000000100000000, 0x0000000100000000)
 Metaspace       used 43845K, capacity 45071K, committed 45376K, reserved 1089536K
  class space    used 5312K, capacity 5615K, committed 5732K, reserved 1048576K
2019-02-22T17:26:21.017-0700: 81477.382: [GC (CMS Final Remark) 2019-02-22T17:26:21.017-0700: 81477.382: [ParNew
Desired survivor size 20112992 bytes, new threshold 8 (max 8)
- age   1:    1534480 bytes,    1534480 total
- age   2:    2032200 bytes,    3566680 total
- age   3:    1248872 bytes,    4815552 total
- age   4:    1713328 bytes,    6528880 total
- age   5:   13446040 bytes,   19974920 total
: 68506K->21824K(109248K), 0.0135562 secs] 266338K->220720K(502464K), 0.0139144 secs] [Times: user=0.00 sys=0.00, real=0.01 secs] 
Heap after GC invocations=245 (full 22):
 par new generation   total 109248K, used 21824K [0x00000000e0000000, 0x00000000e8000000, 0x00000000e8000000)
  eden space 87424K,   0% used [0x00000000e0000000, 0x00000000e0000000, 0x00000000e5560000)
  from space 21824K, 100% used [0x00000000e6ab0000, 0x00000000e8000000, 0x00000000e8000000)
  to   space 21824K,   0% used [0x00000000e5560000, 0x00000000e5560000, 0x00000000e6ab0000)
 concurrent mark-sweep generation total 393216K, used 198896K [0x00000000e8000000, 0x0000000100000000, 0x0000000100000000)
 Metaspace       used 43845K, capacity 45071K, committed 45376K, reserved 1089536K
  class space    used 5312K, capacity 5615K, committed 5732K, reserved 1048576K
}
2019-02-22T17:26:21.030-0700: 81477.396: [Rescan (parallel) , 0.0048517 secs]2019-02-22T17:26:21.035-0700: 81477.401: [weak refs processing, 0.0005177 secs]2019-02-22T17:26:21.036-0700: 81477.401: [class unloading, 0.0208398 secs]2019-02-22T17:26:21.057-0700: 81477.422: [scrub symbol table, 0.0182443 secs]2019-02-22T17:26:21.075-0700: 81477.441: [scrub string table, 0.0009196 secs][1 CMS-remark: 198896K(393216K)] 220720K(502464K), 0.0598566 secs] [Times: user=0.09 sys=0.00, real=0.06 secs] 
2019-02-22T17:26:21.077-0700: 81477.442: Total time for which application threads were stopped: 0.0603187 seconds, Stopping threads took: 0.0001409 seconds
2019-02-22T17:26:21.077-0700: 81477.442: [CMS-concurrent-sweep-start]
2019-02-22T17:26:21.151-0700: 81477.516: [CMS-concurrent-sweep: 0.074/0.074 secs] [Times: user=0.28 sys=0.00, real=0.07 secs] 
2019-02-22T17:26:21.151-0700: 81477.516: [CMS-concurrent-reset-start]
2019-02-22T17:26:21.152-0700: 81477.517: [CMS-concurrent-reset: 0.001/0.001 secs] [Times: user=0.00 sys=0.00, real=0.00 secs] 
{Heap before GC invocations=245 (full 22):
 par new generation   total 109248K, used 109248K [0x00000000e0000000, 0x00000000e8000000, 0x00000000e8000000)
  eden space 87424K, 100% used [0x00000000e0000000, 0x00000000e5560000, 0x00000000e5560000)
  from space 21824K, 100% used [0x00000000e6ab0000, 0x00000000e8000000, 0x00000000e8000000)
  to   space 21824K,   0% used [0x00000000e5560000, 0x00000000e5560000, 0x00000000e6ab0000)
 concurrent mark-sweep generation total 393216K, used 180108K [0x00000000e8000000, 0x0000000100000000, 0x0000000100000000)
 Metaspace       used 43845K, capacity 45071K, committed 45376K, reserved 1089536K
  class space    used 5312K, capacity 5615K, committed 5732K, reserved 1048576K
2019-02-22T17:26:21.202-0700: 81477.568: [GC (Allocation Failure) 2019-02-22T17:26:21.202-0700: 81477.568: [ParNew
Desired survivor size 20112992 bytes, new threshold 6 (max 8)
- age   1:    3116944 bytes,    3116944 total
- age   2:     471408 bytes,    3588352 total
- age   3:    1601064 bytes,    5189416 total
- age   4:     888240 bytes,    6077656 total
- age   5:    1623360 bytes,    7701016 total
- age   6:   12459952 bytes,   20160968 total
: 109248K->21824K(109248K), 0.0099022 secs] 289356K->203409K(502464K), 0.0099835 secs] [Times: user=0.01 sys=0.00, real=0.01 secs] 
Heap after GC invocations=246 (full 22):
 par new generation   total 109248K, used 21824K [0x00000000e0000000, 0x00000000e8000000, 0x00000000e8000000)
  eden space 87424K,   0% used [0x00000000e0000000, 0x00000000e0000000, 0x00000000e5560000)
  from space 21824K, 100% used [0x00000000e5560000, 0x00000000e6ab0000, 0x00000000e6ab0000)
  to   space 21824K,   0% used [0x00000000e6ab0000, 0x00000000e6ab0000, 0x00000000e8000000)
 concurrent mark-sweep generation total 393216K, used 181585K [0x00000000e8000000, 0x0000000100000000, 0x0000000100000000)
 Metaspace       used 43845K, capacity 45071K, committed 45376K, reserved 1089536K
  class space    used 5312K, capacity 5615K, committed 5732K, reserved 1048576K
}
2019-02-22T17:26:21.213-0700: 81477.578: Total time for which application threads were stopped: 0.0105196 seconds, Stopping threads took: 0.0000900 seconds
{Heap before GC invocations=246 (full 22):
 par new generation   total 109248K, used 109248K [0x00000000e0000000, 0x00000000e8000000, 0x00000000e8000000)
  eden space 87424K, 100% used [0x00000000e0000000, 0x00000000e5560000, 0x00000000e5560000)
  from space 21824K, 100% used [0x00000000e5560000, 0x00000000e6ab0000, 0x00000000e6ab0000)
  to   space 21824K,   0% used [0x00000000e6ab0000, 0x00000000e6ab0000, 0x00000000e8000000)
 concurrent mark-sweep generation total 393216K, used 181585K [0x00000000e8000000, 0x0000000100000000, 0x0000000100000000)
 Metaspace       used 43846K, capacity 45071K, committed 45376K, reserved 1089536K
  class space    used 5312K, capacity 5615K, committed 5732K, reserved 1048576K
2019-02-22T17:26:21.345-0700: 81477.711: [GC (Allocation Failure) 2019-02-22T17:26:21.345-0700: 81477.711: [ParNew
Desired survivor size 20112992 bytes, new threshold 8 (max 8)
- age   1:    8188304 bytes,    8188304 total
- age   2:    1804048 bytes,    9992352 total
- age   3:     466760 bytes,   10459112 total
- age   4:     750624 bytes,   11209736 total
- age   5:     882912 bytes,   12092648 total
- age   6:    1590160 bytes,   13682808 total
: 109248K->19575K(109248K), 0.0173396 secs] 290833K->213184K(502464K), 0.0174111 secs] [Times: user=0.06 sys=0.00, real=0.02 secs] 
Heap after GC invocations=247 (full 22):
 par new generation   total 109248K, used 19575K [0x00000000e0000000, 0x00000000e8000000, 0x00000000e8000000)
  eden space 87424K,   0% used [0x00000000e0000000, 0x00000000e0000000, 0x00000000e5560000)
  from space 21824K,  89% used [0x00000000e6ab0000, 0x00000000e7dcdee0, 0x00000000e8000000)
  to   space 21824K,   0% used [0x00000000e5560000, 0x00000000e5560000, 0x00000000e6ab0000)
 concurrent mark-sweep generation total 393216K, used 193608K [0x00000000e8000000, 0x0000000100000000, 0x0000000100000000)
 Metaspace       used 43846K, capacity 45071K, committed 45376K, reserved 1089536K
  class space    used 5312K, capacity 5615K, committed 5732K, reserved 1048576K
}
2019-02-22T17:26:21.363-0700: 81477.728: Total time for which application threads were stopped: 0.0177483 seconds, Stopping threads took: 0.0000643 seconds
2019-02-22T17:26:21.418-0700: 81477.783: Total time for which application threads were stopped: 0.0003984 seconds, Stopping threads took: 0.0000555 seconds
{Heap before GC invocations=247 (full 22):
 par new generation   total 109248K, used 106999K [0x00000000e0000000, 0x00000000e8000000, 0x00000000e8000000)
  eden space 87424K, 100% used [0x00000000e0000000, 0x00000000e5560000, 0x00000000e5560000)
  from space 21824K,  89% used [0x00000000e6ab0000, 0x00000000e7dcdee0, 0x00000000e8000000)
  to   space 21824K,   0% used [0x00000000e5560000, 0x00000000e5560000, 0x00000000e6ab0000)
 concurrent mark-sweep generation total 393216K, used 193608K [0x00000000e8000000, 0x0000000100000000, 0x0000000100000000)
 Metaspace       used 43849K, capacity 45071K, committed 45376K, reserved 1089536K
  class space    used 5312K, capacity 5615K, committed 5732K, reserved 1048576K
2019-02-22T17:26:21.467-0700: 81477.833: [GC (Allocation Failure) 2019-02-22T17:26:21.467-0700: 81477.833: [ParNew
Desired survivor size 20112992 bytes, new threshold 8 (max 8)
- age   1:    5464312 bytes,    5464312 total
- age   2:    7300464 bytes,   12764776 total
- age   3:    1301984 bytes,   14066760 total
- age   4:     466240 bytes,   14533000 total
- age   5:     750168 bytes,   15283168 total
- age   6:     875880 bytes,   16159048 total
- age   7:    1213864 bytes,   17372912 total
: 106999K->21824K(109248K), 0.0131413 secs] 300608K->215432K(502464K), 0.0132451 secs] [Times: user=0.08 sys=0.00, real=0.01 secs] 
Heap after GC invocations=248 (full 22):
 par new generation   total 109248K, used 21824K [0x00000000e0000000, 0x00000000e8000000, 0x00000000e8000000)
  eden space 87424K,   0% used [0x00000000e0000000, 0x00000000e0000000, 0x00000000e5560000)
  from space 21824K, 100% used [0x00000000e5560000, 0x00000000e6ab0000, 0x00000000e6ab0000)
  to   space 21824K,   0% used [0x00000000e6ab0000, 0x00000000e6ab0000, 0x00000000e8000000)
 concurrent mark-sweep generation total 393216K, used 193608K [0x00000000e8000000, 0x0000000100000000, 0x0000000100000000)
 Metaspace       used 43849K, capacity 45071K, committed 45376K, reserved 1089536K
  class space    used 5312K, capacity 5615K, committed 5732K, reserved 1048576K
}
2019-02-22T17:26:21.481-0700: 81477.846: Total time for which application threads were stopped: 0.0139180 seconds, Stopping threads took: 0.0001110 seconds
{Heap before GC invocations=248 (full 22):
 par new generation   total 109248K, used 109248K [0x00000000e0000000, 0x00000000e8000000, 0x00000000e8000000)
  eden space 87424K, 100% used [0x00000000e0000000, 0x00000000e5560000, 0x00000000e5560000)
  from space 21824K, 100% used [0x00000000e5560000, 0x00000000e6ab0000, 0x00000000e6ab0000)
  to   space 21824K,   0% used [0x00000000e6ab0000, 0x00000000e6ab0000, 0x00000000e8000000)
 concurrent mark-sweep generation total 393216K, used 193608K [0x00000000e8000000, 0x0000000100000000, 0x0000000100000000)
 Metaspace       used 43852K, capacity 45071K, committed 45376K, reserved 1089536K
  class space    used 5312K, capacity 5615K, committed 5732K, reserved 1048576K
2019-02-22T17:26:21.526-0700: 81477.891: [GC (Allocation Failure) 2019-02-22T17:26:21.526-0700: 81477.891: [ParNew
Desired survivor size 20112992 bytes, new threshold 8 (max 8)
- age   1:     994096 bytes,     994096 total
- age   2:    4397912 bytes,    5392008 total
- age   3:    7246904 bytes,   12638912 total
- age   4:    1289248 bytes,   13928160 total
- age   5:     465072 bytes,   14393232 total
- age   6:     748104 bytes,   15141336 total
- age   7:     866472 bytes,   16007808 total
- age   8:    1225992 bytes,   17233800 total
: 109248K->19859K(109248K), 0.0118500 secs] 302856K->213467K(502464K), 0.0119580 secs] [Times: user=0.06 sys=0.00, real=0.01 secs] 
Heap after GC invocations=249 (full 22):
 par new generation   total 109248K, used 19859K [0x00000000e0000000, 0x00000000e8000000, 0x00000000e8000000)
  eden space 87424K,   0% used [0x00000000e0000000, 0x00000000e0000000, 0x00000000e5560000)
  from space 21824K,  90% used [0x00000000e6ab0000, 0x00000000e7e14cd0, 0x00000000e8000000)
  to   space 21824K,   0% used [0x00000000e5560000, 0x00000000e5560000, 0x00000000e6ab0000)
 concurrent mark-sweep generation total 393216K, used 193608K [0x00000000e8000000, 0x0000000100000000, 0x0000000100000000)
 Metaspace       used 43852K, capacity 45071K, committed 45376K, reserved 1089536K
  class space    used 5312K, capacity 5615K, committed 5732K, reserved 1048576K
}
2019-02-22T17:26:21.538-0700: 81477.903: Total time for which application threads were stopped: 0.0124977 seconds, Stopping threads took: 0.0000730 seconds
{Heap before GC invocations=249 (full 22):
 par new generation   total 109248K, used 106775K [0x00000000e0000000, 0x00000000e8000000, 0x00000000e8000000)
  eden space 87424K,  99% used [0x00000000e0000000, 0x00000000e54e10e8, 0x00000000e5560000)
  from space 21824K,  90% used [0x00000000e6ab0000, 0x00000000e7e14cd0, 0x00000000e8000000)
  to   space 21824K,   0% used [0x00000000e5560000, 0x00000000e5560000, 0x00000000e6ab0000)
 concurrent mark-sweep generation total 393216K, used 193608K [0x00000000e8000000, 0x0000000100000000, 0x0000000100000000)
 Metaspace       used 43852K, capacity 45071K, committed 45376K, reserved 1089536K
  class space    used 5312K, capacity 5615K, committed 5732K, reserved 1048576K
2019-02-22T17:26:21.571-0700: 81477.937: [GC (Allocation Failure) 2019-02-22T17:26:21.572-0700: 81477.937: [ParNew
Desired survivor size 20112992 bytes, new threshold 8 (max 8)
- age   1:    1831552 bytes,    1831552 total
- age   2:     696896 bytes,    2528448 total
- age   3:    4201160 bytes,    6729608 total
- age   4:    7172784 bytes,   13902392 total
- age   5:    1268392 bytes,   15170784 total
- age   6:     434416 bytes,   15605200 total
- age   7:     732760 bytes,   16337960 total
- age   8:     859560 bytes,   17197520 total
: 106775K->21824K(109248K), 0.0135325 secs] 300384K->216847K(502464K), 0.0136600 secs] [Times: user=0.06 sys=0.00, real=0.01 secs] 
Heap after GC invocations=250 (full 22):
 par new generation   total 109248K, used 21824K [0x00000000e0000000, 0x00000000e8000000, 0x00000000e8000000)
  eden space 87424K,   0% used [0x00000000e0000000, 0x00000000e0000000, 0x00000000e5560000)
  from space 21824K, 100% used [0x00000000e5560000, 0x00000000e6ab0000, 0x00000000e6ab0000)
  to   space 21824K,   0% used [0x00000000e6ab0000, 0x00000000e6ab0000, 0x00000000e8000000)
 concurrent mark-sweep generation total 393216K, used 195023K [0x00000000e8000000, 0x0000000100000000, 0x0000000100000000)
 Metaspace       used 43852K, capacity 45071K, committed 45376K, reserved 1089536K
  class space    used 5312K, capacity 5615K, committed 5732K, reserved 1048576K
}
2019-02-22T17:26:21.585-0700: 81477.951: Total time for which application threads were stopped: 0.0143756 seconds, Stopping threads took: 0.0002411 seconds
{Heap before GC invocations=250 (full 22):
 par new generation   total 109248K, used 109248K [0x00000000e0000000, 0x00000000e8000000, 0x00000000e8000000)
  eden space 87424K, 100% used [0x00000000e0000000, 0x00000000e5560000, 0x00000000e5560000)
  from space 21824K, 100% used [0x00000000e5560000, 0x00000000e6ab0000, 0x00000000e6ab0000)
  to   space 21824K,   0% used [0x00000000e6ab0000, 0x00000000e6ab0000, 0x00000000e8000000)
 concurrent mark-sweep generation total 393216K, used 195023K [0x00000000e8000000, 0x0000000100000000, 0x0000000100000000)
 Metaspace       used 43853K, capacity 45071K, committed 45376K, reserved 1089536K
  class space    used 5312K, capacity 5615K, committed 5732K, reserved 1048576K
2019-02-22T17:26:21.609-0700: 81477.975: [GC (Allocation Failure) 2019-02-22T17:26:21.609-0700: 81477.975: [ParNew
Desired survivor size 20112992 bytes, new threshold 8 (max 8)
- age   1:    3054248 bytes,    3054248 total
- age   2:     503760 bytes,    3558008 total
- age   3:     696464 bytes,    4254472 total
- age   4:    1769336 bytes,    6023808 total
- age   5:    7172760 bytes,   13196568 total
- age   6:    1268416 bytes,   14464984 total
- age   7:     429664 bytes,   14894648 total
- age   8:     765544 bytes,   15660192 total
: 109248K->19998K(109248K), 0.0096714 secs] 304271K->215753K(502464K), 0.0098704 secs] [Times: user=0.06 sys=0.02, real=0.01 secs] 
Heap after GC invocations=251 (full 22):
 par new generation   total 109248K, used 19998K [0x00000000e0000000, 0x00000000e8000000, 0x00000000e8000000)
  eden space 87424K,   0% used [0x00000000e0000000, 0x00000000e0000000, 0x00000000e5560000)
  from space 21824K,  91% used [0x00000000e6ab0000, 0x00000000e7e37900, 0x00000000e8000000)
  to   space 21824K,   0% used [0x00000000e5560000, 0x00000000e5560000, 0x00000000e6ab0000)
 concurrent mark-sweep generation total 393216K, used 195755K [0x00000000e8000000, 0x0000000100000000, 0x0000000100000000)
 Metaspace       used 43853K, capacity 45071K, committed 45376K, reserved 1089536K
  class space    used 5312K, capacity 5615K, committed 5732K, reserved 1048576K
}
2019-02-22T17:26:21.619-0700: 81477.985: Total time for which application threads were stopped: 0.0103520 seconds, Stopping threads took: 0.0000493 seconds
{Heap before GC invocations=251 (full 22):
 par new generation   total 109248K, used 107413K [0x00000000e0000000, 0x00000000e8000000, 0x00000000e8000000)
  eden space 87424K,  99% used [0x00000000e0000000, 0x00000000e555dc68, 0x00000000e5560000)
  from space 21824K,  91% used [0x00000000e6ab0000, 0x00000000e7e37900, 0x00000000e8000000)
  to   space 21824K,   0% used [0x00000000e5560000, 0x00000000e5560000, 0x00000000e6ab0000)
 concurrent mark-sweep generation total 393216K, used 195755K [0x00000000e8000000, 0x0000000100000000, 0x0000000100000000)
 Metaspace       used 43854K, capacity 45071K, committed 45376K, reserved 1089536K
  class space    used 5312K, capacity 5615K, committed 5732K, reserved 1048576K
2019-02-22T17:26:21.969-0700: 81478.334: [GC (Allocation Failure) 2019-02-22T17:26:21.969-0700: 81478.335: [ParNew
Desired survivor size 20112992 bytes, new threshold 8 (max 8)
- age   1:    5526432 bytes,    5526432 total
- age   2:    1913272 bytes,    7439704 total
- age   3:     320544 bytes,    7760248 total
- age   4:     173104 bytes,    7933352 total
- age   5:     901928 bytes,    8835280 total
- age   6:    7172064 bytes,   16007344 total
- age   7:    1179664 bytes,   17187008 total
- age   8:     427064 bytes,   17614072 total
: 107413K->20556K(109248K), 0.0108090 secs] 303168K->217027K(502464K), 0.0109432 secs] [Times: user=0.00 sys=0.00, real=0.01 secs] 
Heap after GC invocations=252 (full 22):
 par new generation   total 109248K, used 20556K [0x00000000e0000000, 0x00000000e8000000, 0x00000000e8000000)
  eden space 87424K,   0% used [0x00000000e0000000, 0x00000000e0000000, 0x00000000e5560000)
  from space 21824K,  94% used [0x00000000e5560000, 0x00000000e69732e0, 0x00000000e6ab0000)
  to   space 21824K,   0% used [0x00000000e6ab0000, 0x00000000e6ab0000, 0x00000000e8000000)
 concurrent mark-sweep generation total 393216K, used 196470K [0x00000000e8000000, 0x0000000100000000, 0x0000000100000000)
 Metaspace       used 43854K, capacity 45071K, committed 45376K, reserved 1089536K
  class space    used 5312K, capacity 5615K, committed 5732K, reserved 1048576K
}
2019-02-22T17:26:21.980-0700: 81478.346: Total time for which application threads were stopped: 0.0116099 seconds, Stopping threads took: 0.0000848 seconds
{Heap before GC invocations=252 (full 22):
 par new generation   total 109248K, used 107753K [0x00000000e0000000, 0x00000000e8000000, 0x00000000e8000000)
  eden space 87424K,  99% used [0x00000000e0000000, 0x00000000e5527298, 0x00000000e5560000)
  from space 21824K,  94% used [0x00000000e5560000, 0x00000000e69732e0, 0x00000000e6ab0000)
  to   space 21824K,   0% used [0x00000000e6ab0000, 0x00000000e6ab0000, 0x00000000e8000000)
 concurrent mark-sweep generation total 393216K, used 196470K [0x00000000e8000000, 0x0000000100000000, 0x0000000100000000)
 Metaspace       used 43854K, capacity 45071K, committed 45376K, reserved 1089536K
  class space    used 5312K, capacity 5615K, committed 5732K, reserved 1048576K
2019-02-22T17:26:22.022-0700: 81478.388: [GC (Allocation Failure) 2019-02-22T17:26:22.022-0700: 81478.388: [ParNew
Desired survivor size 20112992 bytes, new threshold 8 (max 8)
- age   1:     976944 bytes,     976944 total
- age   2:    4944256 bytes,    5921200 total
- age   3:    1913272 bytes,    7834472 total
- age   4:     320240 bytes,    8154712 total
- age   5:     173104 bytes,    8327816 total
- age   6:     880976 bytes,    9208792 total
- age   7:    7129280 bytes,   16338072 total
- age   8:    1033872 bytes,   17371944 total
: 107753K->21824K(109248K), 0.0115426 secs] 304223K->219080K(502464K), 0.0116768 secs] [Times: user=0.08 sys=0.00, real=0.01 secs] 
Heap after GC invocations=253 (full 22):
 par new generation   total 109248K, used 21824K [0x00000000e0000000, 0x00000000e8000000, 0x00000000e8000000)
  eden space 87424K,   0% used [0x00000000e0000000, 0x00000000e0000000, 0x00000000e5560000)
  from space 21824K, 100% used [0x00000000e6ab0000, 0x00000000e8000000, 0x00000000e8000000)
  to   space 21824K,   0% used [0x00000000e5560000, 0x00000000e5560000, 0x00000000e6ab0000)
 concurrent mark-sweep generation total 393216K, used 197256K [0x00000000e8000000, 0x0000000100000000, 0x0000000100000000)
 Metaspace       used 43854K, capacity 45071K, committed 45376K, reserved 1089536K
  class space    used 5312K, capacity 5615K, committed 5732K, reserved 1048576K
}
2019-02-22T17:26:22.034-0700: 81478.399: Total time for which application threads were stopped: 0.0127871 seconds, Stopping threads took: 0.0006025 seconds
2019-02-22T17:26:22.034-0700: 81478.400: [GC (CMS Initial Mark) [1 CMS-initial-mark: 197256K(393216K)] 219727K(502464K), 0.0024680 secs] [Times: user=0.00 sys=0.00, real=0.00 secs] 
2019-02-22T17:26:22.036-0700: 81478.402: Total time for which application threads were stopped: 0.0027954 seconds, Stopping threads took: 0.0000529 seconds
2019-02-22T17:26:22.036-0700: 81478.402: [CMS-concurrent-mark-start]
{Heap before GC invocations=253 (full 23):
 par new generation   total 109248K, used 108892K [0x00000000e0000000, 0x00000000e8000000, 0x00000000e8000000)
  eden space 87424K,  99% used [0x00000000e0000000, 0x00000000e5507380, 0x00000000e5560000)
  from space 21824K, 100% used [0x00000000e6ab0000, 0x00000000e8000000, 0x00000000e8000000)
  to   space 21824K,   0% used [0x00000000e5560000, 0x00000000e5560000, 0x00000000e6ab0000)
 concurrent mark-sweep generation total 393216K, used 197256K [0x00000000e8000000, 0x0000000100000000, 0x0000000100000000)
 Metaspace       used 43854K, capacity 45071K, committed 45376K, reserved 1089536K
  class space    used 5312K, capacity 5615K, committed 5732K, reserved 1048576K
2019-02-22T17:26:22.055-0700: 81478.420: [GC (Allocation Failure) 2019-02-22T17:26:22.055-0700: 81478.420: [ParNew
Desired survivor size 20112992 bytes, new threshold 8 (max 8)
- age   1:     531200 bytes,     531200 total
- age   2:     522112 bytes,    1053312 total
- age   3:    4905960 bytes,    5959272 total
- age   4:    1910472 bytes,    7869744 total
- age   5:     320240 bytes,    8189984 total
- age   6:     173104 bytes,    8363088 total
- age   7:     880976 bytes,    9244064 total
- age   8:    7162064 bytes,   16406128 total
: 108892K->20550K(109248K), 0.0101824 secs] 306148K->218816K(502464K), 0.0102898 secs] [Times: user=0.08 sys=0.00, real=0.01 secs] 
Heap after GC invocations=254 (full 23):
 par new generation   total 109248K, used 20550K [0x00000000e0000000, 0x00000000e8000000, 0x00000000e8000000)
  eden space 87424K,   0% used [0x00000000e0000000, 0x00000000e0000000, 0x00000000e5560000)
  from space 21824K,  94% used [0x00000000e5560000, 0x00000000e6971a90, 0x00000000e6ab0000)
  to   space 21824K,   0% used [0x00000000e6ab0000, 0x00000000e6ab0000, 0x00000000e8000000)
 concurrent mark-sweep generation total 393216K, used 198265K [0x00000000e8000000, 0x0000000100000000, 0x0000000100000000)
 Metaspace       used 43854K, capacity 45071K, committed 45376K, reserved 1089536K
  class space    used 5312K, capacity 5615K, committed 5732K, reserved 1048576K
}
2019-02-22T17:26:22.064-0700: 81478.430: Total time for which application threads were stopped: 0.0108342 seconds, Stopping threads took: 0.0001002 seconds
2019-02-22T17:26:22.113-0700: 81478.479: [CMS-concurrent-mark: 0.066/0.077 secs] [Times: user=0.47 sys=0.00, real=0.08 secs] 
2019-02-22T17:26:22.114-0700: 81478.479: [CMS-concurrent-preclean-start]
2019-02-22T17:26:22.136-0700: 81478.502: [CMS-concurrent-preclean: 0.021/0.022 secs] [Times: user=0.05 sys=0.02, real=0.02 secs] 
2019-02-22T17:26:22.136-0700: 81478.502: [CMS-concurrent-abortable-preclean-start]
{Heap before GC invocations=254 (full 23):
 par new generation   total 109248K, used 107974K [0x00000000e0000000, 0x00000000e8000000, 0x00000000e8000000)
  eden space 87424K, 100% used [0x00000000e0000000, 0x00000000e5560000, 0x00000000e5560000)
  from space 21824K,  94% used [0x00000000e5560000, 0x00000000e6971a90, 0x00000000e6ab0000)
  to   space 21824K,   0% used [0x00000000e6ab0000, 0x00000000e6ab0000, 0x00000000e8000000)
 concurrent mark-sweep generation total 393216K, used 198265K [0x00000000e8000000, 0x0000000100000000, 0x0000000100000000)
 Metaspace       used 43855K, capacity 45071K, committed 45376K, reserved 1089536K
  class space    used 5313K, capacity 5615K, committed 5732K, reserved 1048576K
2019-02-22T17:26:22.239-0700: 81478.605: [GC (Allocation Failure) 2019-02-22T17:26:22.239-0700: 81478.605: [ParNew
Desired survivor size 20112992 bytes, new threshold 8 (max 8)
- age   1:    2837592 bytes,    2837592 total
- age   2:      69240 bytes,    2906832 total
- age   3:     335248 bytes,    3242080 total
- age   4:    4091984 bytes,    7334064 total
- age   5:    1904872 bytes,    9238936 total
- age   6:     320240 bytes,    9559176 total
- age   7:     173104 bytes,    9732280 total
- age   8:     880448 bytes,   10612728 total
: 107974K->14683K(109248K), 0.0142393 secs] 306240K->219913K(502464K), 0.0143612 secs] [Times: user=0.08 sys=0.00, real=0.01 secs] 
Heap after GC invocations=255 (full 23):
 par new generation   total 109248K, used 14683K [0x00000000e0000000, 0x00000000e8000000, 0x00000000e8000000)
  eden space 87424K,   0% used [0x00000000e0000000, 0x00000000e0000000, 0x00000000e5560000)
  from space 21824K,  67% used [0x00000000e6ab0000, 0x00000000e7906d80, 0x00000000e8000000)
  to   space 21824K,   0% used [0x00000000e5560000, 0x00000000e5560000, 0x00000000e6ab0000)
 concurrent mark-sweep generation total 393216K, used 205230K [0x00000000e8000000, 0x0000000100000000, 0x0000000100000000)
 Metaspace       used 43855K, capacity 45071K, committed 45376K, reserved 1089536K
  class space    used 5313K, capacity 5615K, committed 5732K, reserved 1048576K
}
2019-02-22T17:26:22.254-0700: 81478.619: Total time for which application threads were stopped: 0.0150443 seconds, Stopping threads took: 0.0002077 seconds
2019-02-22T17:26:22.323-0700: 81478.688: [CMS-concurrent-abortable-preclean: 0.168/0.186 secs] [Times: user=0.64 sys=0.05, real=0.19 secs] 
2019-02-22T17:26:22.323-0700: 81478.688: [GC (CMS Final Remark) [YG occupancy: 90908 K (109248 K)]{Heap before GC invocations=255 (full 23):
 par new generation   total 109248K, used 90908K [0x00000000e0000000, 0x00000000e8000000, 0x00000000e8000000)
  eden space 87424K,  87% used [0x00000000e0000000, 0x00000000e4a70440, 0x00000000e5560000)
  from space 21824K,  67% used [0x00000000e6ab0000, 0x00000000e7906d80, 0x00000000e8000000)
  to   space 21824K,   0% used [0x00000000e5560000, 0x00000000e5560000, 0x00000000e6ab0000)
 concurrent mark-sweep generation total 393216K, used 205230K [0x00000000e8000000, 0x0000000100000000, 0x0000000100000000)
 Metaspace       used 43855K, capacity 45071K, committed 45376K, reserved 1089536K
  class space    used 5313K, capacity 5615K, committed 5732K, reserved 1048576K
2019-02-22T17:26:22.323-0700: 81478.688: [GC (CMS Final Remark) 2019-02-22T17:26:22.323-0700: 81478.689: [ParNew
Desired survivor size 20112992 bytes, new threshold 8 (max 8)
- age   1:    1472960 bytes,    1472960 total
- age   2:    2387512 bytes,    3860472 total
- age   3:      45504 bytes,    3905976 total
- age   4:     332640 bytes,    4238616 total
- age   5:    4074176 bytes,    8312792 total
- age   6:    1904824 bytes,   10217616 total
- age   7:     319736 bytes,   10537352 total
- age   8:     172960 bytes,   10710312 total
: 90908K->11968K(109248K), 0.0101937 secs] 296138K->218055K(502464K), 0.0102945 secs] [Times: user=0.08 sys=0.00, real=0.01 secs] 
Heap after GC invocations=256 (full 23):
 par new generation   total 109248K, used 11968K [0x00000000e0000000, 0x00000000e8000000, 0x00000000e8000000)
  eden space 87424K,   0% used [0x00000000e0000000, 0x00000000e0000000, 0x00000000e5560000)
  from space 21824K,  54% used [0x00000000e5560000, 0x00000000e6110100, 0x00000000e6ab0000)
  to   space 21824K,   0% used [0x00000000e6ab0000, 0x00000000e6ab0000, 0x00000000e8000000)
 concurrent mark-sweep generation total 393216K, used 206087K [0x00000000e8000000, 0x0000000100000000, 0x0000000100000000)
 Metaspace       used 43855K, capacity 45071K, committed 45376K, reserved 1089536K
  class space    used 5313K, capacity 5615K, committed 5732K, reserved 1048576K
}
2019-02-22T17:26:22.333-0700: 81478.699: [Rescan (parallel) , 0.0066694 secs]2019-02-22T17:26:22.340-0700: 81478.706: [weak refs processing, 0.0005598 secs]2019-02-22T17:26:22.341-0700: 81478.706: [class unloading, 0.0118073 secs]2019-02-22T17:26:22.353-0700: 81478.718: [scrub symbol table, 0.0114280 secs]2019-02-22T17:26:22.365-0700: 81478.730: [scrub string table, 0.0005228 secs][1 CMS-remark: 206087K(393216K)] 218055K(502464K), 0.0417099 secs] [Times: user=0.14 sys=0.00, real=0.04 secs] 
2019-02-22T17:26:22.365-0700: 81478.730: Total time for which application threads were stopped: 0.0419423 seconds, Stopping threads took: 0.0000607 seconds
2019-02-22T17:26:22.365-0700: 81478.730: [CMS-concurrent-sweep-start]
2019-02-22T17:26:22.366-0700: 81478.731: Total time for which application threads were stopped: 0.0005948 seconds, Stopping threads took: 0.0000925 seconds
2019-02-22T17:26:22.401-0700: 81478.766: Total time for which application threads were stopped: 0.0002431 seconds, Stopping threads took: 0.0000817 seconds
2019-02-22T17:26:22.435-0700: 81478.800: [CMS-concurrent-sweep: 0.069/0.070 secs] [Times: user=0.20 sys=0.00, real=0.07 secs] 
2019-02-22T17:26:22.435-0700: 81478.800: [CMS-concurrent-reset-start]
2019-02-22T17:26:22.435-0700: 81478.801: [CMS-concurrent-reset: 0.001/0.001 secs] [Times: user=0.00 sys=0.00, real=0.00 secs] 
{Heap before GC invocations=256 (full 23):
 par new generation   total 109248K, used 99392K [0x00000000e0000000, 0x00000000e8000000, 0x00000000e8000000)
  eden space 87424K, 100% used [0x00000000e0000000, 0x00000000e5560000, 0x00000000e5560000)
  from space 21824K,  54% used [0x00000000e5560000, 0x00000000e6110100, 0x00000000e6ab0000)
  to   space 21824K,   0% used [0x00000000e6ab0000, 0x00000000e6ab0000, 0x00000000e8000000)
 concurrent mark-sweep generation total 393216K, used 191420K [0x00000000e8000000, 0x0000000100000000, 0x0000000100000000)
 Metaspace       used 43864K, capacity 45071K, committed 45376K, reserved 1089536K
  class space    used 5313K, capacity 5615K, committed 5732K, reserved 1048576K
2019-02-22T17:26:22.445-0700: 81478.811: [GC (Allocation Failure) 2019-02-22T17:26:22.445-0700: 81478.811: [ParNew
Desired survivor size 20112992 bytes, new threshold 8 (max 8)
- age   1:    5994400 bytes,    5994400 total
- age   2:     495008 bytes,    6489408 total
- age   3:    1116768 bytes,    7606176 total
- age   4:      28048 bytes,    7634224 total
- age   5:     287448 bytes,    7921672 total
- age   6:    4019544 bytes,   11941216 total
- age   7:    1904792 bytes,   13846008 total
- age   8:     315864 bytes,   14161872 total
: 99392K->18585K(109248K), 0.0142064 secs] 290812K->210155K(502464K), 0.0142810 secs] [Times: user=0.06 sys=0.00, real=0.02 secs] 
Heap after GC invocations=257 (full 23):
 par new generation   total 109248K, used 18585K [0x00000000e0000000, 0x00000000e8000000, 0x00000000e8000000)
  eden space 87424K,   0% used [0x00000000e0000000, 0x00000000e0000000, 0x00000000e5560000)
  from space 21824K,  85% used [0x00000000e6ab0000, 0x00000000e7cd6400, 0x00000000e8000000)
  to   space 21824K,   0% used [0x00000000e5560000, 0x00000000e5560000, 0x00000000e6ab0000)
 concurrent mark-sweep generation total 393216K, used 191570K [0x00000000e8000000, 0x0000000100000000, 0x0000000100000000)
 Metaspace       used 43864K, capacity 45071K, committed 45376K, reserved 1089536K
  class space    used 5313K, capacity 5615K, committed 5732K, reserved 1048576K
}
2019-02-22T17:26:22.460-0700: 81478.825: Total time for which application threads were stopped: 0.0146382 seconds, Stopping threads took: 0.0000807 seconds
{Heap before GC invocations=257 (full 23):
 par new generation   total 109248K, used 106009K [0x00000000e0000000, 0x00000000e8000000, 0x00000000e8000000)
  eden space 87424K, 100% used [0x00000000e0000000, 0x00000000e5560000, 0x00000000e5560000)
  from space 21824K,  85% used [0x00000000e6ab0000, 0x00000000e7cd6400, 0x00000000e8000000)
  to   space 21824K,   0% used [0x00000000e5560000, 0x00000000e5560000, 0x00000000e6ab0000)
 concurrent mark-sweep generation total 393216K, used 191570K [0x00000000e8000000, 0x0000000100000000, 0x0000000100000000)
 Metaspace       used 43864K, capacity 45071K, committed 45376K, reserved 1089536K
  class space    used 5313K, capacity 5615K, committed 5732K, reserved 1048576K
2019-02-22T17:26:22.710-0700: 81479.076: [GC (Allocation Failure) 2019-02-22T17:26:22.710-0700: 81479.076: [ParNew
Desired survivor size 20112992 bytes, new threshold 8 (max 8)
- age   1:    7370296 bytes,    7370296 total
- age   2:    3780168 bytes,   11150464 total
- age   3:     292872 bytes,   11443336 total
- age   4:     704808 bytes,   12148144 total
- age   5:      27240 bytes,   12175384 total
- age   6:     251288 bytes,   12426672 total
- age   7:    4000064 bytes,   16426736 total
- age   8:    1894392 bytes,   18321128 total
: 106009K->21824K(109248K), 0.0136960 secs] 297579K->213641K(502464K), 0.0138492 secs] [Times: user=0.06 sys=0.00, real=0.01 secs] 
Heap after GC invocations=258 (full 23):
 par new generation   total 109248K, used 21824K [0x00000000e0000000, 0x00000000e8000000, 0x00000000e8000000)
  eden space 87424K,   0% used [0x00000000e0000000, 0x00000000e0000000, 0x00000000e5560000)
  from space 21824K, 100% used [0x00000000e5560000, 0x00000000e6ab0000, 0x00000000e6ab0000)
  to   space 21824K,   0% used [0x00000000e6ab0000, 0x00000000e6ab0000, 0x00000000e8000000)
 concurrent mark-sweep generation total 393216K, used 191817K [0x00000000e8000000, 0x0000000100000000, 0x0000000100000000)
 Metaspace       used 43864K, capacity 45071K, committed 45376K, reserved 1089536K
  class space    used 5313K, capacity 5615K, committed 5732K, reserved 1048576K
}
2019-02-22T17:26:22.724-0700: 81479.090: Total time for which application threads were stopped: 0.0142542 seconds, Stopping threads took: 0.0000499 seconds
{Heap before GC invocations=258 (full 23):
 par new generation   total 109248K, used 109248K [0x00000000e0000000, 0x00000000e8000000, 0x00000000e8000000)
  eden space 87424K, 100% used [0x00000000e0000000, 0x00000000e5560000, 0x00000000e5560000)
  from space 21824K, 100% used [0x00000000e5560000, 0x00000000e6ab0000, 0x00000000e6ab0000)
  to   space 21824K,   0% used [0x00000000e6ab0000, 0x00000000e6ab0000, 0x00000000e8000000)
 concurrent mark-sweep generation total 393216K, used 191817K [0x00000000e8000000, 0x0000000100000000, 0x0000000100000000)
 Metaspace       used 43864K, capacity 45071K, committed 45376K, reserved 1089536K
  class space    used 5313K, capacity 5615K, committed 5732K, reserved 1048576K
2019-02-22T17:26:23.144-0700: 81479.509: [GC (Allocation Failure) 2019-02-22T17:26:23.144-0700: 81479.509: [ParNew
Desired survivor size 20112992 bytes, new threshold 8 (max 8)
- age   1:    6085272 bytes,    6085272 total
- age   2:    3827704 bytes,    9912976 total
- age   3:    3760392 bytes,   13673368 total
- age   4:     277120 bytes,   13950488 total
- age   5:     695640 bytes,   14646128 total
- age   6:      27240 bytes,   14673368 total
- age   7:     251288 bytes,   14924656 total
- age   8:    3797288 bytes,   18721944 total
: 109248K->21824K(109248K), 0.0125707 secs] 301065K->215815K(502464K), 0.0126514 secs] [Times: user=0.00 sys=0.00, real=0.01 secs] 
Heap after GC invocations=259 (full 23):
 par new generation   total 109248K, used 21824K [0x00000000e0000000, 0x00000000e8000000, 0x00000000e8000000)
  eden space 87424K,   0% used [0x00000000e0000000, 0x00000000e0000000, 0x00000000e5560000)
  from space 21824K, 100% used [0x00000000e6ab0000, 0x00000000e8000000, 0x00000000e8000000)
  to   space 21824K,   0% used [0x00000000e5560000, 0x00000000e5560000, 0x00000000e6ab0000)
 concurrent mark-sweep generation total 393216K, used 193991K [0x00000000e8000000, 0x0000000100000000, 0x0000000100000000)
 Metaspace       used 43864K, capacity 45071K, committed 45376K, reserved 1089536K
  class space    used 5313K, capacity 5615K, committed 5732K, reserved 1048576K
}
2019-02-22T17:26:23.156-0700: 81479.522: Total time for which application threads were stopped: 0.0130262 seconds, Stopping threads took: 0.0000329 seconds
{Heap before GC invocations=259 (full 23):
 par new generation   total 109248K, used 109248K [0x00000000e0000000, 0x00000000e8000000, 0x00000000e8000000)
  eden space 87424K, 100% used [0x00000000e0000000, 0x00000000e5560000, 0x00000000e5560000)
  from space 21824K, 100% used [0x00000000e6ab0000, 0x00000000e8000000, 0x00000000e8000000)
  to   space 21824K,   0% used [0x00000000e5560000, 0x00000000e5560000, 0x00000000e6ab0000)
 concurrent mark-sweep generation total 393216K, used 193991K [0x00000000e8000000, 0x0000000100000000, 0x0000000100000000)
 Metaspace       used 43864K, capacity 45071K, committed 45376K, reserved 1089536K
  class space    used 5313K, capacity 5615K, committed 5732K, reserved 1048576K
2019-02-22T17:26:23.407-0700: 81479.773: [GC (Allocation Failure) 2019-02-22T17:26:23.407-0700: 81479.773: [ParNew
Desired survivor size 20112992 bytes, new threshold 4 (max 8)
- age   1:   10089680 bytes,   10089680 total
- age   2:    4239864 bytes,   14329544 total
- age   3:    3550656 bytes,   17880200 total
- age   4:    3411640 bytes,   21291840 total
- age   5:     276776 bytes,   21568616 total
- age   6:     653392 bytes,   22222008 total
- age   7:      27128 bytes,   22249136 total
- age   8:      95008 bytes,   22344144 total
: 109248K->21824K(109248K), 0.0236476 secs] 303239K->234047K(502464K), 0.0237365 secs] [Times: user=0.05 sys=0.00, real=0.02 secs] 
Heap after GC invocations=260 (full 23):
 par new generation   total 109248K, used 21824K [0x00000000e0000000, 0x00000000e8000000, 0x00000000e8000000)
  eden space 87424K,   0% used [0x00000000e0000000, 0x00000000e0000000, 0x00000000e5560000)
  from space 21824K, 100% used [0x00000000e5560000, 0x00000000e6ab0000, 0x00000000e6ab0000)
  to   space 21824K,   0% used [0x00000000e6ab0000, 0x00000000e6ab0000, 0x00000000e8000000)
 concurrent mark-sweep generation total 393216K, used 212223K [0x00000000e8000000, 0x0000000100000000, 0x0000000100000000)
 Metaspace       used 43864K, capacity 45071K, committed 45376K, reserved 1089536K
  class space    used 5313K, capacity 5615K, committed 5732K, reserved 1048576K
}
2019-02-22T17:26:23.431-0700: 81479.797: Total time for which application threads were stopped: 0.0240907 seconds, Stopping threads took: 0.0000272 seconds
2019-02-22T17:26:23.431-0700: 81479.797: [GC (CMS Initial Mark) [1 CMS-initial-mark: 212223K(393216K)] 234479K(502464K), 0.0027615 secs] [Times: user=0.00 sys=0.00, real=0.00 secs] 
2019-02-22T17:26:23.434-0700: 81479.800: Total time for which application threads were stopped: 0.0030509 seconds, Stopping threads took: 0.0000442 seconds
2019-02-22T17:26:23.435-0700: 81479.800: [CMS-concurrent-mark-start]
2019-02-22T17:26:23.497-0700: 81479.862: [CMS-concurrent-mark: 0.062/0.062 secs] [Times: user=0.30 sys=0.00, real=0.06 secs] 
2019-02-22T17:26:23.497-0700: 81479.862: [CMS-concurrent-preclean-start]
2019-02-22T17:26:23.507-0700: 81479.872: [CMS-concurrent-preclean: 0.010/0.010 secs] [Times: user=0.01 sys=0.00, real=0.01 secs] 
2019-02-22T17:26:23.507-0700: 81479.872: [CMS-concurrent-abortable-preclean-start]
2019-02-22T17:26:23.715-0700: 81480.081: [CMS-concurrent-abortable-preclean: 0.207/0.209 secs] [Times: user=0.47 sys=0.00, real=0.21 secs] 
2019-02-22T17:26:23.716-0700: 81480.081: [GC (CMS Final Remark) [YG occupancy: 72221 K (109248 K)]{Heap before GC invocations=260 (full 24):
 par new generation   total 109248K, used 72221K [0x00000000e0000000, 0x00000000e8000000, 0x00000000e8000000)
  eden space 87424K,  57% used [0x00000000e0000000, 0x00000000e31377d0, 0x00000000e5560000)
  from space 21824K, 100% used [0x00000000e5560000, 0x00000000e6ab0000, 0x00000000e6ab0000)
  to   space 21824K,   0% used [0x00000000e6ab0000, 0x00000000e6ab0000, 0x00000000e8000000)
 concurrent mark-sweep generation total 393216K, used 212223K [0x00000000e8000000, 0x0000000100000000, 0x0000000100000000)
 Metaspace       used 43864K, capacity 45071K, committed 45376K, reserved 1089536K
  class space    used 5313K, capacity 5615K, committed 5732K, reserved 1048576K
2019-02-22T17:26:23.716-0700: 81480.082: [GC (CMS Final Remark) 2019-02-22T17:26:23.716-0700: 81480.082: [ParNew
Desired survivor size 20112992 bytes, new threshold 4 (max 8)
- age   1:    6093656 bytes,    6093656 total
- age   2:    7940432 bytes,   14034088 total
- age   3:    3476720 bytes,   17510808 total
- age   4:    3550656 bytes,   21061464 total
: 72221K->21824K(109248K), 0.0223198 secs] 284445K->239132K(502464K), 0.0225711 secs] [Times: user=0.06 sys=0.02, real=0.02 secs] 
Heap after GC invocations=261 (full 24):
 par new generation   total 109248K, used 21824K [0x00000000e0000000, 0x00000000e8000000, 0x00000000e8000000)
  eden space 87424K,   0% used [0x00000000e0000000, 0x00000000e0000000, 0x00000000e5560000)
  from space 21824K, 100% used [0x00000000e6ab0000, 0x00000000e8000000, 0x00000000e8000000)
  to   space 21824K,   0% used [0x00000000e5560000, 0x00000000e5560000, 0x00000000e6ab0000)
 concurrent mark-sweep generation total 393216K, used 217308K [0x00000000e8000000, 0x0000000100000000, 0x0000000100000000)
 Metaspace       used 43864K, capacity 45071K, committed 45376K, reserved 1089536K
  class space    used 5313K, capacity 5615K, committed 5732K, reserved 1048576K
}
2019-02-22T17:26:23.739-0700: 81480.104: [Rescan (parallel) , 0.0086973 secs]2019-02-22T17:26:23.747-0700: 81480.113: [weak refs processing, 0.0004822 secs]2019-02-22T17:26:23.748-0700: 81480.114: [class unloading, 0.0157023 secs]2019-02-22T17:26:23.764-0700: 81480.129: [scrub symbol table, 0.0130837 secs]2019-02-22T17:26:23.777-0700: 81480.143: [scrub string table, 0.0005089 secs][1 CMS-remark: 217308K(393216K)] 239132K(502464K), 0.0616614 secs] [Times: user=0.09 sys=0.02, real=0.06 secs] 
2019-02-22T17:26:23.778-0700: 81480.143: Total time for which application threads were stopped: 0.0619622 seconds, Stopping threads took: 0.0001187 seconds
2019-02-22T17:26:23.778-0700: 81480.143: [CMS-concurrent-sweep-start]
2019-02-22T17:26:23.858-0700: 81480.223: [CMS-concurrent-sweep: 0.080/0.080 secs] [Times: user=0.23 sys=0.00, real=0.08 secs] 
2019-02-22T17:26:23.858-0700: 81480.223: [CMS-concurrent-reset-start]
2019-02-22T17:26:23.858-0700: 81480.223: [CMS-concurrent-reset: 0.001/0.001 secs] [Times: user=0.00 sys=0.00, real=0.00 secs] 
{Heap before GC invocations=261 (full 24):
 par new generation   total 109248K, used 109248K [0x00000000e0000000, 0x00000000e8000000, 0x00000000e8000000)
  eden space 87424K, 100% used [0x00000000e0000000, 0x00000000e5560000, 0x00000000e5560000)
  from space 21824K, 100% used [0x00000000e6ab0000, 0x00000000e8000000, 0x00000000e8000000)
  to   space 21824K,   0% used [0x00000000e5560000, 0x00000000e5560000, 0x00000000e6ab0000)
 concurrent mark-sweep generation total 393216K, used 184739K [0x00000000e8000000, 0x0000000100000000, 0x0000000100000000)
 Metaspace       used 43864K, capacity 45071K, committed 45376K, reserved 1089536K
  class space    used 5313K, capacity 5615K, committed 5732K, reserved 1048576K
2019-02-22T17:26:24.107-0700: 81480.473: [GC (Allocation Failure) 2019-02-22T17:26:24.107-0700: 81480.473: [ParNew
Desired survivor size 20112992 bytes, new threshold 4 (max 8)
- age   1:    6052776 bytes,    6052776 total
- age   2:    4579576 bytes,   10632352 total
- age   3:    7655032 bytes,   18287384 total
- age   4:    3415224 bytes,   21702608 total
: 109248K->21824K(109248K), 0.0129999 secs] 293987K->208708K(502464K), 0.0130914 secs] [Times: user=0.06 sys=0.00, real=0.01 secs] 
Heap after GC invocations=262 (full 24):
 par new generation   total 109248K, used 21824K [0x00000000e0000000, 0x00000000e8000000, 0x00000000e8000000)
  eden space 87424K,   0% used [0x00000000e0000000, 0x00000000e0000000, 0x00000000e5560000)
  from space 21824K, 100% used [0x00000000e5560000, 0x00000000e6ab0000, 0x00000000e6ab0000)
  to   space 21824K,   0% used [0x00000000e6ab0000, 0x00000000e6ab0000, 0x00000000e8000000)
 concurrent mark-sweep generation total 393216K, used 186884K [0x00000000e8000000, 0x0000000100000000, 0x0000000100000000)
 Metaspace       used 43864K, capacity 45071K, committed 45376K, reserved 1089536K
  class space    used 5313K, capacity 5615K, committed 5732K, reserved 1048576K
}
2019-02-22T17:26:24.120-0700: 81480.486: Total time for which application threads were stopped: 0.0135227 seconds, Stopping threads took: 0.0000488 seconds
{Heap before GC invocations=262 (full 24):
 par new generation   total 109248K, used 109248K [0x00000000e0000000, 0x00000000e8000000, 0x00000000e8000000)
  eden space 87424K, 100% used [0x00000000e0000000, 0x00000000e5560000, 0x00000000e5560000)
  from space 21824K, 100% used [0x00000000e5560000, 0x00000000e6ab0000, 0x00000000e6ab0000)
  to   space 21824K,   0% used [0x00000000e6ab0000, 0x00000000e6ab0000, 0x00000000e8000000)
 concurrent mark-sweep generation total 393216K, used 186884K [0x00000000e8000000, 0x0000000100000000, 0x0000000100000000)
 Metaspace       used 43864K, capacity 45071K, committed 45376K, reserved 1089536K
  class space    used 5313K, capacity 5615K, committed 5732K, reserved 1048576K
2019-02-22T17:26:24.445-0700: 81480.811: [GC (Allocation Failure) 2019-02-22T17:26:24.445-0700: 81480.811: [ParNew
Desired survivor size 20112992 bytes, new threshold 8 (max 8)
- age   1:    7562832 bytes,    7562832 total
- age   2:    3170264 bytes,   10733096 total
- age   3:    2370144 bytes,   13103240 total
- age   4:    6893352 bytes,   19996592 total
: 109248K->21824K(109248K), 0.0139669 secs] 296132K->212576K(502464K), 0.0140733 secs] [Times: user=0.05 sys=0.02, real=0.02 secs] 
Heap after GC invocations=263 (full 24):
 par new generation   total 109248K, used 21824K [0x00000000e0000000, 0x00000000e8000000, 0x00000000e8000000)
  eden space 87424K,   0% used [0x00000000e0000000, 0x00000000e0000000, 0x00000000e5560000)
  from space 21824K, 100% used [0x00000000e6ab0000, 0x00000000e8000000, 0x00000000e8000000)
  to   space 21824K,   0% used [0x00000000e5560000, 0x00000000e5560000, 0x00000000e6ab0000)
 concurrent mark-sweep generation total 393216K, used 190752K [0x00000000e8000000, 0x0000000100000000, 0x0000000100000000)
 Metaspace       used 43864K, capacity 45071K, committed 45376K, reserved 1089536K
  class space    used 5313K, capacity 5615K, committed 5732K, reserved 1048576K
}
2019-02-22T17:26:24.460-0700: 81480.825: Total time for which application threads were stopped: 0.0144578 seconds, Stopping threads took: 0.0000319 seconds
{Heap before GC invocations=263 (full 24):
 par new generation   total 109248K, used 108984K [0x00000000e0000000, 0x00000000e8000000, 0x00000000e8000000)
  eden space 87424K,  99% used [0x00000000e0000000, 0x00000000e551e010, 0x00000000e5560000)
  from space 21824K, 100% used [0x00000000e6ab0000, 0x00000000e8000000, 0x00000000e8000000)
  to   space 21824K,   0% used [0x00000000e5560000, 0x00000000e5560000, 0x00000000e6ab0000)
 concurrent mark-sweep generation total 393216K, used 190752K [0x00000000e8000000, 0x0000000100000000, 0x0000000100000000)
 Metaspace       used 43864K, capacity 45071K, committed 45376K, reserved 1089536K
  class space    used 5313K, capacity 5615K, committed 5732K, reserved 1048576K
2019-02-22T17:26:24.511-0700: 81480.877: [GC (Allocation Failure) 2019-02-22T17:26:24.511-0700: 81480.877: [ParNew
Desired survivor size 20112992 bytes, new threshold 5 (max 8)
- age   1:    3305192 bytes,    3305192 total
- age   2:    5693176 bytes,    8998368 total
- age   3:    2898784 bytes,   11897152 total
- age   4:    2293376 bytes,   14190528 total
- age   5:    6924064 bytes,   21114592 total
: 108984K->21824K(109248K), 0.0123404 secs] 299736K->212637K(502464K), 0.0124422 secs] [Times: user=0.06 sys=0.00, real=0.01 secs] 
Heap after GC invocations=264 (full 24):
 par new generation   total 109248K, used 21824K [0x00000000e0000000, 0x00000000e8000000, 0x00000000e8000000)
  eden space 87424K,   0% used [0x00000000e0000000, 0x00000000e0000000, 0x00000000e5560000)
  from space 21824K, 100% used [0x00000000e5560000, 0x00000000e6ab0000, 0x00000000e6ab0000)
  to   space 21824K,   0% used [0x00000000e6ab0000, 0x00000000e6ab0000, 0x00000000e8000000)
 concurrent mark-sweep generation total 393216K, used 190813K [0x00000000e8000000, 0x0000000100000000, 0x0000000100000000)
 Metaspace       used 43864K, capacity 45071K, committed 45376K, reserved 1089536K
  class space    used 5313K, capacity 5615K, committed 5732K, reserved 1048576K
}
2019-02-22T17:26:24.523-0700: 81480.889: Total time for which application threads were stopped: 0.0129912 seconds, Stopping threads took: 0.0000437 seconds
{Heap before GC invocations=264 (full 24):
 par new generation   total 109248K, used 108834K [0x00000000e0000000, 0x00000000e8000000, 0x00000000e8000000)
  eden space 87424K,  99% used [0x00000000e0000000, 0x00000000e54f8a70, 0x00000000e5560000)
  from space 21824K, 100% used [0x00000000e5560000, 0x00000000e6ab0000, 0x00000000e6ab0000)
  to   space 21824K,   0% used [0x00000000e6ab0000, 0x00000000e6ab0000, 0x00000000e8000000)
 concurrent mark-sweep generation total 393216K, used 190813K [0x00000000e8000000, 0x0000000100000000, 0x0000000100000000)
 Metaspace       used 43864K, capacity 45071K, committed 45376K, reserved 1089536K
  class space    used 5313K, capacity 5615K, committed 5732K, reserved 1048576K
2019-02-22T17:26:24.539-0700: 81480.904: [GC (Allocation Failure) 2019-02-22T17:26:24.539-0700: 81480.904: [ParNew
Desired survivor size 20112992 bytes, new threshold 8 (max 8)
- age   1:     163160 bytes,     163160 total
- age   2:    3065832 bytes,    3228992 total
- age   3:    5663208 bytes,    8892200 total
- age   4:    2934248 bytes,   11826448 total
- age   5:    2293376 bytes,   14119824 total
: 108834K->20411K(109248K), 0.0132966 secs] 299648K->217960K(502464K), 0.0133932 secs] [Times: user=0.06 sys=0.00, real=0.01 secs] 
Heap after GC invocations=265 (full 24):
 par new generation   total 109248K, used 20411K [0x00000000e0000000, 0x00000000e8000000, 0x00000000e8000000)
  eden space 87424K,   0% used [0x00000000e0000000, 0x00000000e0000000, 0x00000000e5560000)
  from space 21824K,  93% used [0x00000000e6ab0000, 0x00000000e7e9ef20, 0x00000000e8000000)
  to   space 21824K,   0% used [0x00000000e5560000, 0x00000000e5560000, 0x00000000e6ab0000)
 concurrent mark-sweep generation total 393216K, used 197548K [0x00000000e8000000, 0x0000000100000000, 0x0000000100000000)
 Metaspace       used 43864K, capacity 45071K, committed 45376K, reserved 1089536K
  class space    used 5313K, capacity 5615K, committed 5732K, reserved 1048576K
}
2019-02-22T17:26:24.553-0700: 81480.918: Total time for which application threads were stopped: 0.0138111 seconds, Stopping threads took: 0.0000350 seconds
2019-02-22T17:26:24.553-0700: 81480.918: [GC (CMS Initial Mark) [1 CMS-initial-mark: 197548K(393216K)] 218478K(502464K), 0.0015483 secs] [Times: user=0.00 sys=0.00, real=0.00 secs] 
2019-02-22T17:26:24.555-0700: 81480.920: Total time for which application threads were stopped: 0.0017915 seconds, Stopping threads took: 0.0000817 seconds
2019-02-22T17:26:24.555-0700: 81480.920: [CMS-concurrent-mark-start]
2019-02-22T17:26:24.620-0700: 81480.985: [CMS-concurrent-mark: 0.065/0.065 secs] [Times: user=0.30 sys=0.01, real=0.06 secs] 
2019-02-22T17:26:24.620-0700: 81480.985: [CMS-concurrent-preclean-start]
2019-02-22T17:26:24.627-0700: 81480.993: [CMS-concurrent-preclean: 0.008/0.008 secs] [Times: user=0.05 sys=0.00, real=0.01 secs] 
2019-02-22T17:26:24.627-0700: 81480.993: [CMS-concurrent-abortable-preclean-start]
{Heap before GC invocations=265 (full 25):
 par new generation   total 109248K, used 107835K [0x00000000e0000000, 0x00000000e8000000, 0x00000000e8000000)
  eden space 87424K, 100% used [0x00000000e0000000, 0x00000000e5560000, 0x00000000e5560000)
  from space 21824K,  93% used [0x00000000e6ab0000, 0x00000000e7e9ef20, 0x00000000e8000000)
  to   space 21824K,   0% used [0x00000000e5560000, 0x00000000e5560000, 0x00000000e6ab0000)
 concurrent mark-sweep generation total 393216K, used 197548K [0x00000000e8000000, 0x0000000100000000, 0x0000000100000000)
 Metaspace       used 43864K, capacity 45071K, committed 45376K, reserved 1089536K
  class space    used 5313K, capacity 5615K, committed 5732K, reserved 1048576K
2019-02-22T17:26:24.667-0700: 81481.033: [GC (Allocation Failure) 2019-02-22T17:26:24.667-0700: 81481.033: [ParNew
Desired survivor size 20112992 bytes, new threshold 8 (max 8)
- age   1:    3394576 bytes,    3394576 total
- age   2:     126056 bytes,    3520632 total
- age   3:    3014280 bytes,    6534912 total
- age   4:    5417088 bytes,   11952000 total
- age   5:    2835680 bytes,   14787680 total
- age   6:    2292400 bytes,   17080080 total
: 107835K->20427K(109248K), 0.0089153 secs] 305384K->217976K(502464K), 0.0089985 secs] [Times: user=0.06 sys=0.00, real=0.01 secs] 
Heap after GC invocations=266 (full 25):
 par new generation   total 109248K, used 20427K [0x00000000e0000000, 0x00000000e8000000, 0x00000000e8000000)
  eden space 87424K,   0% used [0x00000000e0000000, 0x00000000e0000000, 0x00000000e5560000)
  from space 21824K,  93% used [0x00000000e5560000, 0x00000000e6952e00, 0x00000000e6ab0000)
  to   space 21824K,   0% used [0x00000000e6ab0000, 0x00000000e6ab0000, 0x00000000e8000000)
 concurrent mark-sweep generation total 393216K, used 197548K [0x00000000e8000000, 0x0000000100000000, 0x0000000100000000)
 Metaspace       used 43864K, capacity 45071K, committed 45376K, reserved 1089536K
  class space    used 5313K, capacity 5615K, committed 5732K, reserved 1048576K
}
2019-02-22T17:26:24.676-0700: 81481.042: Total time for which application threads were stopped: 0.0093944 seconds, Stopping threads took: 0.0000617 seconds
2019-02-22T17:26:24.737-0700: 81481.102: [CMS-concurrent-abortable-preclean: 0.097/0.109 secs] [Times: user=0.30 sys=0.03, real=0.11 secs] 
2019-02-22T17:26:24.737-0700: 81481.103: [GC (CMS Final Remark) [YG occupancy: 85882 K (109248 K)]{Heap before GC invocations=266 (full 25):
 par new generation   total 109248K, used 85882K [0x00000000e0000000, 0x00000000e8000000, 0x00000000e8000000)
  eden space 87424K,  74% used [0x00000000e0000000, 0x00000000e3febaa8, 0x00000000e5560000)
  from space 21824K,  93% used [0x00000000e5560000, 0x00000000e6952e00, 0x00000000e6ab0000)
  to   space 21824K,   0% used [0x00000000e6ab0000, 0x00000000e6ab0000, 0x00000000e8000000)
 concurrent mark-sweep generation total 393216K, used 197548K [0x00000000e8000000, 0x0000000100000000, 0x0000000100000000)
 Metaspace       used 43864K, capacity 45071K, committed 45376K, reserved 1089536K
  class space    used 5313K, capacity 5615K, committed 5732K, reserved 1048576K
2019-02-22T17:26:24.737-0700: 81481.103: [GC (CMS Final Remark) 2019-02-22T17:26:24.737-0700: 81481.103: [ParNew
Desired survivor size 20112992 bytes, new threshold 8 (max 8)
- age   1:    2650352 bytes,    2650352 total
- age   2:    2966224 bytes,    5616576 total
- age   3:     126056 bytes,    5742632 total
- age   4:    2907200 bytes,    8649832 total
- age   5:    4278976 bytes,   12928808 total
- age   6:    2353344 bytes,   15282152 total
- age   7:    2283608 bytes,   17565760 total
: 85882K->21824K(109248K), 0.0097758 secs] 283430K->219496K(502464K), 0.0098524 secs] [Times: user=0.00 sys=0.00, real=0.01 secs] 
Heap after GC invocations=267 (full 25):
 par new generation   total 109248K, used 21824K [0x00000000e0000000, 0x00000000e8000000, 0x00000000e8000000)
  eden space 87424K,   0% used [0x00000000e0000000, 0x00000000e0000000, 0x00000000e5560000)
  from space 21824K, 100% used [0x00000000e6ab0000, 0x00000000e8000000, 0x00000000e8000000)
  to   space 21824K,   0% used [0x00000000e5560000, 0x00000000e5560000, 0x00000000e6ab0000)
 concurrent mark-sweep generation total 393216K, used 197672K [0x00000000e8000000, 0x0000000100000000, 0x0000000100000000)
 Metaspace       used 43864K, capacity 45071K, committed 45376K, reserved 1089536K
  class space    used 5313K, capacity 5615K, committed 5732K, reserved 1048576K
}
2019-02-22T17:26:24.747-0700: 81481.113: [Rescan (parallel) , 0.0056762 secs]2019-02-22T17:26:24.753-0700: 81481.118: [weak refs processing, 0.0004812 secs]2019-02-22T17:26:24.754-0700: 81481.119: [class unloading, 0.0104492 secs]2019-02-22T17:26:24.764-0700: 81481.129: [scrub symbol table, 0.0096920 secs]2019-02-22T17:26:24.773-0700: 81481.139: [scrub string table, 0.0009808 secs][1 CMS-remark: 197672K(393216K)] 219496K(502464K), 0.0376294 secs] [Times: user=0.08 sys=0.00, real=0.04 secs] 
2019-02-22T17:26:24.774-0700: 81481.140: Total time for which application threads were stopped: 0.0380128 seconds, Stopping threads took: 0.0001352 seconds
2019-02-22T17:26:24.774-0700: 81481.140: [CMS-concurrent-sweep-start]
2019-02-22T17:26:24.848-0700: 81481.214: [CMS-concurrent-sweep: 0.074/0.074 secs] [Times: user=0.25 sys=0.02, real=0.07 secs] 
2019-02-22T17:26:24.848-0700: 81481.214: [CMS-concurrent-reset-start]
2019-02-22T17:26:24.849-0700: 81481.215: [CMS-concurrent-reset: 0.001/0.001 secs] [Times: user=0.00 sys=0.00, real=0.00 secs] 
2019-02-22T17:26:24.853-0700: 81481.218: Total time for which application threads were stopped: 0.0003089 seconds, Stopping threads took: 0.0000673 seconds
{Heap before GC invocations=267 (full 25):
 par new generation   total 109248K, used 109248K [0x00000000e0000000, 0x00000000e8000000, 0x00000000e8000000)
  eden space 87424K, 100% used [0x00000000e0000000, 0x00000000e5560000, 0x00000000e5560000)
  from space 21824K, 100% used [0x00000000e6ab0000, 0x00000000e8000000, 0x00000000e8000000)
  to   space 21824K,   0% used [0x00000000e5560000, 0x00000000e5560000, 0x00000000e6ab0000)
 concurrent mark-sweep generation total 393216K, used 184461K [0x00000000e8000000, 0x0000000100000000, 0x0000000100000000)
 Metaspace       used 43864K, capacity 45071K, committed 45376K, reserved 1089536K
  class space    used 5313K, capacity 5615K, committed 5732K, reserved 1048576K
2019-02-22T17:26:24.861-0700: 81481.226: [GC (Allocation Failure) 2019-02-22T17:26:24.861-0700: 81481.226: [ParNew
Desired survivor size 20112992 bytes, new threshold 8 (max 8)
- age   1:    3183488 bytes,    3183488 total
- age   2:    2016064 bytes,    5199552 total
- age   3:    2293744 bytes,    7493296 total
- age   4:     116896 bytes,    7610192 total
- age   5:    2537288 bytes,   10147480 total
- age   6:    4148416 bytes,   14295896 total
- age   7:    1907320 bytes,   16203216 total
- age   8:    2279960 bytes,   18483176 total
: 109248K->21824K(109248K), 0.0117508 secs] 293709K->206924K(502464K), 0.0118428 secs] [Times: user=0.00 sys=0.00, real=0.01 secs] 
Heap after GC invocations=268 (full 25):
 par new generation   total 109248K, used 21824K [0x00000000e0000000, 0x00000000e8000000, 0x00000000e8000000)
  eden space 87424K,   0% used [0x00000000e0000000, 0x00000000e0000000, 0x00000000e5560000)
  from space 21824K, 100% used [0x00000000e5560000, 0x00000000e6ab0000, 0x00000000e6ab0000)
  to   space 21824K,   0% used [0x00000000e6ab0000, 0x00000000e6ab0000, 0x00000000e8000000)
 concurrent mark-sweep generation total 393216K, used 185100K [0x00000000e8000000, 0x0000000100000000, 0x0000000100000000)
 Metaspace       used 43864K, capacity 45071K, committed 45376K, reserved 1089536K
  class space    used 5313K, capacity 5615K, committed 5732K, reserved 1048576K
}
2019-02-22T17:26:24.872-0700: 81481.238: Total time for which application threads were stopped: 0.0123846 seconds, Stopping threads took: 0.0001357 seconds
{Heap before GC invocations=268 (full 25):
 par new generation   total 109248K, used 109248K [0x00000000e0000000, 0x00000000e8000000, 0x00000000e8000000)
  eden space 87424K, 100% used [0x00000000e0000000, 0x00000000e5560000, 0x00000000e5560000)
  from space 21824K, 100% used [0x00000000e5560000, 0x00000000e6ab0000, 0x00000000e6ab0000)
  to   space 21824K,   0% used [0x00000000e6ab0000, 0x00000000e6ab0000, 0x00000000e8000000)
 concurrent mark-sweep generation total 393216K, used 185100K [0x00000000e8000000, 0x0000000100000000, 0x0000000100000000)
 Metaspace       used 43864K, capacity 45071K, committed 45376K, reserved 1089536K
  class space    used 5313K, capacity 5615K, committed 5732K, reserved 1048576K
2019-02-22T17:26:24.931-0700: 81481.297: [GC (Allocation Failure) 2019-02-22T17:26:24.931-0700: 81481.297: [ParNew
Desired survivor size 20112992 bytes, new threshold 7 (max 8)
- age   1:   12491432 bytes,   12491432 total
- age   2:    1924560 bytes,   14415992 total
- age   3:    1243696 bytes,   15659688 total
- age   4:    1292344 bytes,   16952032 total
- age   5:      52856 bytes,   17004888 total
- age   6:    1556720 bytes,   18561608 total
- age   7:    2557968 bytes,   21119576 total
- age   8:    1219816 bytes,   22339392 total
: 109248K->21824K(109248K), 0.0294929 secs] 294348K->234586K(502464K), 0.0296636 secs] [Times: user=0.14 sys=0.00, real=0.03 secs] 
Heap after GC invocations=269 (full 25):
 par new generation   total 109248K, used 21824K [0x00000000e0000000, 0x00000000e8000000, 0x00000000e8000000)
  eden space 87424K,   0% used [0x00000000e0000000, 0x00000000e0000000, 0x00000000e5560000)
  from space 21824K, 100% used [0x00000000e6ab0000, 0x00000000e8000000, 0x00000000e8000000)
  to   space 21824K,   0% used [0x00000000e5560000, 0x00000000e5560000, 0x00000000e6ab0000)
 concurrent mark-sweep generation total 393216K, used 212762K [0x00000000e8000000, 0x0000000100000000, 0x0000000100000000)
 Metaspace       used 43864K, capacity 45071K, committed 45376K, reserved 1089536K
  class space    used 5313K, capacity 5615K, committed 5732K, reserved 1048576K
}
2019-02-22T17:26:24.962-0700: 81481.327: Total time for which application threads were stopped: 0.0301735 seconds, Stopping threads took: 0.0000709 seconds
2019-02-22T17:26:24.962-0700: 81481.327: [GC (CMS Initial Mark) [1 CMS-initial-mark: 212762K(393216K)] 235103K(502464K), 0.0020732 secs] [Times: user=0.00 sys=0.00, real=0.00 secs] 
2019-02-22T17:26:24.964-0700: 81481.329: Total time for which application threads were stopped: 0.0024664 seconds, Stopping threads took: 0.0001157 seconds
2019-02-22T17:26:24.964-0700: 81481.329: [CMS-concurrent-mark-start]
{Heap before GC invocations=269 (full 26):
 par new generation   total 109248K, used 109248K [0x00000000e0000000, 0x00000000e8000000, 0x00000000e8000000)
  eden space 87424K, 100% used [0x00000000e0000000, 0x00000000e5560000, 0x00000000e5560000)
  from space 21824K, 100% used [0x00000000e6ab0000, 0x00000000e8000000, 0x00000000e8000000)
  to   space 21824K,   0% used [0x00000000e5560000, 0x00000000e5560000, 0x00000000e6ab0000)
 concurrent mark-sweep generation total 393216K, used 212762K [0x00000000e8000000, 0x0000000100000000, 0x0000000100000000)
 Metaspace       used 43864K, capacity 45071K, committed 45376K, reserved 1089536K
  class space    used 5313K, capacity 5615K, committed 5732K, reserved 1048576K
2019-02-22T17:26:24.995-0700: 81481.360: [GC (Allocation Failure) 2019-02-22T17:26:24.995-0700: 81481.360: [ParNew
Desired survivor size 20112992 bytes, new threshold 8 (max 8)
- age   1:     556024 bytes,     556024 total
- age   2:   11687400 bytes,   12243424 total
- age   3:    1924536 bytes,   14167960 total
- age   4:    1239272 bytes,   15407232 total
- age   5:    1278088 bytes,   16685320 total
- age   6:      52856 bytes,   16738176 total
- age   7:    1556600 bytes,   18294776 total
: 109248K->21824K(109248K), 0.0143905 secs] 322010K->238326K(502464K), 0.0145087 secs] [Times: user=0.08 sys=0.00, real=0.01 secs] 
Heap after GC invocations=270 (full 26):
 par new generation   total 109248K, used 21824K [0x00000000e0000000, 0x00000000e8000000, 0x00000000e8000000)
  eden space 87424K,   0% used [0x00000000e0000000, 0x00000000e0000000, 0x00000000e5560000)
  from space 21824K, 100% used [0x00000000e5560000, 0x00000000e6ab0000, 0x00000000e6ab0000)
  to   space 21824K,   0% used [0x00000000e6ab0000, 0x00000000e6ab0000, 0x00000000e8000000)
 concurrent mark-sweep generation total 393216K, used 216502K [0x00000000e8000000, 0x0000000100000000, 0x0000000100000000)
 Metaspace       used 43864K, capacity 45071K, committed 45376K, reserved 1089536K
  class space    used 5313K, capacity 5615K, committed 5732K, reserved 1048576K
}
2019-02-22T17:26:25.009-0700: 81481.375: Total time for which application threads were stopped: 0.0168924 seconds, Stopping threads took: 0.0019606 seconds
2019-02-22T17:26:25.057-0700: 81481.422: [CMS-concurrent-mark: 0.075/0.092 secs] [Times: user=0.55 sys=0.00, real=0.09 secs] 
2019-02-22T17:26:25.057-0700: 81481.422: [CMS-concurrent-preclean-start]
{Heap before GC invocations=270 (full 26):
 par new generation   total 109248K, used 109103K [0x00000000e0000000, 0x00000000e8000000, 0x00000000e8000000)
  eden space 87424K,  99% used [0x00000000e0000000, 0x00000000e553bca0, 0x00000000e5560000)
  from space 21824K, 100% used [0x00000000e5560000, 0x00000000e6ab0000, 0x00000000e6ab0000)
  to   space 21824K,   0% used [0x00000000e6ab0000, 0x00000000e6ab0000, 0x00000000e8000000)
 concurrent mark-sweep generation total 393216K, used 216502K [0x00000000e8000000, 0x0000000100000000, 0x0000000100000000)
 Metaspace       used 43864K, capacity 45071K, committed 45376K, reserved 1089536K
  class space    used 5313K, capacity 5615K, committed 5732K, reserved 1048576K
2019-02-22T17:26:25.071-0700: 81481.436: [GC (Allocation Failure) 2019-02-22T17:26:25.071-0700: 81481.436: [ParNew
Desired survivor size 20112992 bytes, new threshold 8 (max 8)
- age   1:     942352 bytes,     942352 total
- age   2:     249416 bytes,    1191768 total
- age   3:   10705504 bytes,   11897272 total
- age   4:    1924560 bytes,   13821832 total
- age   5:    1239272 bytes,   15061104 total
- age   6:    1278088 bytes,   16339192 total
- age   7:      52856 bytes,   16392048 total
- age   8:    1556600 bytes,   17948648 total
: 109103K->21824K(109248K), 0.0108851 secs] 325605K->238326K(502464K), 0.0109998 secs] [Times: user=0.06 sys=0.00, real=0.01 secs] 
Heap after GC invocations=271 (full 26):
 par new generation   total 109248K, used 21824K [0x00000000e0000000, 0x00000000e8000000, 0x00000000e8000000)
  eden space 87424K,   0% used [0x00000000e0000000, 0x00000000e0000000, 0x00000000e5560000)
  from space 21824K, 100% used [0x00000000e6ab0000, 0x00000000e8000000, 0x00000000e8000000)
  to   space 21824K,   0% used [0x00000000e5560000, 0x00000000e5560000, 0x00000000e6ab0000)
 concurrent mark-sweep generation total 393216K, used 216502K [0x00000000e8000000, 0x0000000100000000, 0x0000000100000000)
 Metaspace       used 43864K, capacity 45071K, committed 45376K, reserved 1089536K
  class space    used 5313K, capacity 5615K, committed 5732K, reserved 1048576K
}
2019-02-22T17:26:25.082-0700: 81481.447: Total time for which application threads were stopped: 0.0122756 seconds, Stopping threads took: 0.0008554 seconds
2019-02-22T17:26:25.112-0700: 81481.477: [CMS-concurrent-preclean: 0.040/0.054 secs] [Times: user=0.24 sys=0.02, real=0.06 secs] 
2019-02-22T17:26:25.112-0700: 81481.477: [CMS-concurrent-abortable-preclean-start]
{Heap before GC invocations=271 (full 26):
 par new generation   total 109248K, used 109248K [0x00000000e0000000, 0x00000000e8000000, 0x00000000e8000000)
  eden space 87424K, 100% used [0x00000000e0000000, 0x00000000e5560000, 0x00000000e5560000)
  from space 21824K, 100% used [0x00000000e6ab0000, 0x00000000e8000000, 0x00000000e8000000)
  to   space 21824K,   0% used [0x00000000e5560000, 0x00000000e5560000, 0x00000000e6ab0000)
 concurrent mark-sweep generation total 393216K, used 216502K [0x00000000e8000000, 0x0000000100000000, 0x0000000100000000)
 Metaspace       used 43864K, capacity 45071K, committed 45376K, reserved 1089536K
  class space    used 5313K, capacity 5615K, committed 5732K, reserved 1048576K
2019-02-22T17:26:25.157-0700: 81481.522: [GC (Allocation Failure) 2019-02-22T17:26:25.157-0700: 81481.522: [ParNew
Desired survivor size 20112992 bytes, new threshold 8 (max 8)
- age   1:    1535496 bytes,    1535496 total
- age   2:      64832 bytes,    1600328 total
- age   3:     249272 bytes,    1849600 total
- age   4:    7889896 bytes,    9739496 total
- age   5:    1858544 bytes,   11598040 total
- age   6:    1239272 bytes,   12837312 total
- age   7:    1276504 bytes,   14113816 total
- age   8:      52856 bytes,   14166672 total
: 109248K->21824K(109248K), 0.0107612 secs] 325750K->239645K(502464K), 0.0108584 secs] [Times: user=0.00 sys=0.00, real=0.01 secs] 
Heap after GC invocations=272 (full 26):
 par new generation   total 109248K, used 21824K [0x00000000e0000000, 0x00000000e8000000, 0x00000000e8000000)
  eden space 87424K,   0% used [0x00000000e0000000, 0x00000000e0000000, 0x00000000e5560000)
  from space 21824K, 100% used [0x00000000e5560000, 0x00000000e6ab0000, 0x00000000e6ab0000)
  to   space 21824K,   0% used [0x00000000e6ab0000, 0x00000000e6ab0000, 0x00000000e8000000)
 concurrent mark-sweep generation total 393216K, used 217821K [0x00000000e8000000, 0x0000000100000000, 0x0000000100000000)
 Metaspace       used 43864K, capacity 45071K, committed 45376K, reserved 1089536K
  class space    used 5313K, capacity 5615K, committed 5732K, reserved 1048576K
}
2019-02-22T17:26:25.168-0700: 81481.533: Total time for which application threads were stopped: 0.0115673 seconds, Stopping threads took: 0.0002596 seconds
2019-02-22T17:26:25.198-0700: 81481.563: [CMS-concurrent-abortable-preclean: 0.073/0.086 secs] [Times: user=0.26 sys=0.01, real=0.09 secs] 
2019-02-22T17:26:25.198-0700: 81481.563: [GC (CMS Final Remark) [YG occupancy: 30837 K (109248 K)]{Heap before GC invocations=272 (full 26):
 par new generation   total 109248K, used 30837K [0x00000000e0000000, 0x00000000e8000000, 0x00000000e8000000)
  eden space 87424K,  10% used [0x00000000e0000000, 0x00000000e08cd470, 0x00000000e5560000)
  from space 21824K, 100% used [0x00000000e5560000, 0x00000000e6ab0000, 0x00000000e6ab0000)
  to   space 21824K,   0% used [0x00000000e6ab0000, 0x00000000e6ab0000, 0x00000000e8000000)
 concurrent mark-sweep generation total 393216K, used 217821K [0x00000000e8000000, 0x0000000100000000, 0x0000000100000000)
 Metaspace       used 43864K, capacity 45071K, committed 45376K, reserved 1089536K
  class space    used 5313K, capacity 5615K, committed 5732K, reserved 1048576K
2019-02-22T17:26:25.198-0700: 81481.563: [GC (CMS Final Remark) 2019-02-22T17:26:25.198-0700: 81481.563: [ParNew
Desired survivor size 20112992 bytes, new threshold 8 (max 8)
- age   1:    1593624 bytes,    1593624 total
- age   2:    1152360 bytes,    2745984 total
- age   3:      64584 bytes,    2810568 total
- age   4:     249272 bytes,    3059840 total
- age   5:    7884304 bytes,   10944144 total
- age   6:    1858520 bytes,   12802664 total
- age   7:    1196576 bytes,   13999240 total
- age   8:    1275400 bytes,   15274640 total
: 30837K->19768K(109248K), 0.0116942 secs] 248658K->237641K(502464K), 0.0117508 secs] [Times: user=0.06 sys=0.00, real=0.01 secs] 
Heap after GC invocations=273 (full 26):
 par new generation   total 109248K, used 19768K [0x00000000e0000000, 0x00000000e8000000, 0x00000000e8000000)
  eden space 87424K,   0% used [0x00000000e0000000, 0x00000000e0000000, 0x00000000e5560000)
  from space 21824K,  90% used [0x00000000e6ab0000, 0x00000000e7dfe080, 0x00000000e8000000)
  to   space 21824K,   0% used [0x00000000e5560000, 0x00000000e5560000, 0x00000000e6ab0000)
 concurrent mark-sweep generation total 393216K, used 217873K [0x00000000e8000000, 0x0000000100000000, 0x0000000100000000)
 Metaspace       used 43864K, capacity 45071K, committed 45376K, reserved 1089536K
  class space    used 5313K, capacity 5615K, committed 5732K, reserved 1048576K
}
2019-02-22T17:26:25.209-0700: 81481.575: [Rescan (parallel) , 0.0069536 secs]2019-02-22T17:26:25.216-0700: 81481.582: [weak refs processing, 0.0006950 secs]2019-02-22T17:26:25.217-0700: 81481.583: [class unloading, 0.0140635 secs]2019-02-22T17:26:25.231-0700: 81481.597: [scrub symbol table, 0.0108851 secs]2019-02-22T17:26:25.242-0700: 81481.608: [scrub string table, 0.0010646 secs][1 CMS-remark: 217873K(393216K)] 237641K(502464K), 0.0459252 secs] [Times: user=0.09 sys=0.00, real=0.05 secs] 
2019-02-22T17:26:25.243-0700: 81481.609: Total time for which application threads were stopped: 0.0462465 seconds, Stopping threads took: 0.0000643 seconds
2019-02-22T17:26:25.243-0700: 81481.609: [CMS-concurrent-sweep-start]
{Heap before GC invocations=273 (full 26):
 par new generation   total 109248K, used 107192K [0x00000000e0000000, 0x00000000e8000000, 0x00000000e8000000)
  eden space 87424K, 100% used [0x00000000e0000000, 0x00000000e5560000, 0x00000000e5560000)
  from space 21824K,  90% used [0x00000000e6ab0000, 0x00000000e7dfe080, 0x00000000e8000000)
  to   space 21824K,   0% used [0x00000000e5560000, 0x00000000e5560000, 0x00000000e6ab0000)
 concurrent mark-sweep generation total 393216K, used 205521K [0x00000000e8000000, 0x0000000100000000, 0x0000000100000000)
 Metaspace       used 43866K, capacity 45135K, committed 45376K, reserved 1089536K
  class space    used 5313K, capacity 5615K, committed 5732K, reserved 1048576K
2019-02-22T17:26:25.303-0700: 81481.669: [GC (Allocation Failure) 2019-02-22T17:26:25.303-0700: 81481.669: [ParNew
Desired survivor size 20112992 bytes, new threshold 8 (max 8)
- age   1:    3779736 bytes,    3779736 total
- age   2:     562192 bytes,    4341928 total
- age   3:    1089832 bytes,    5431760 total
- age   4:      64232 bytes,    5495992 total
- age   5:     247048 bytes,    5743040 total
- age   6:    7883376 bytes,   13626416 total
- age   7:    1844824 bytes,   15471240 total
- age   8:    1088320 bytes,   16559560 total
: 107192K->20818K(109248K), 0.0133181 secs] 312713K->227585K(502464K), 0.0134261 secs] [Times: user=0.06 sys=0.00, real=0.01 secs] 
Heap after GC invocations=274 (full 26):
 par new generation   total 109248K, used 20818K [0x00000000e0000000, 0x00000000e8000000, 0x00000000e8000000)
  eden space 87424K,   0% used [0x00000000e0000000, 0x00000000e0000000, 0x00000000e5560000)
  from space 21824K,  95% used [0x00000000e5560000, 0x00000000e69b4bd8, 0x00000000e6ab0000)
  to   space 21824K,   0% used [0x00000000e6ab0000, 0x00000000e6ab0000, 0x00000000e8000000)
 concurrent mark-sweep generation total 393216K, used 206766K [0x00000000e8000000, 0x0000000100000000, 0x0000000100000000)
 Metaspace       used 43866K, capacity 45135K, committed 45376K, reserved 1089536K
  class space    used 5313K, capacity 5615K, committed 5732K, reserved 1048576K
}
2019-02-22T17:26:25.317-0700: 81481.682: Total time for which application threads were stopped: 0.0139751 seconds, Stopping threads took: 0.0000715 seconds
2019-02-22T17:26:25.329-0700: 81481.695: [CMS-concurrent-sweep: 0.072/0.086 secs] [Times: user=0.38 sys=0.00, real=0.09 secs] 
2019-02-22T17:26:25.329-0700: 81481.695: [CMS-concurrent-reset-start]
2019-02-22T17:26:25.330-0700: 81481.696: [CMS-concurrent-reset: 0.001/0.001 secs] [Times: user=0.00 sys=0.00, real=0.00 secs] 
2019-02-22T17:26:25.409-0700: 81481.774: Total time for which application threads were stopped: 0.0002925 seconds, Stopping threads took: 0.0000673 seconds
{Heap before GC invocations=274 (full 26):
 par new generation   total 109248K, used 108242K [0x00000000e0000000, 0x00000000e8000000, 0x00000000e8000000)
  eden space 87424K, 100% used [0x00000000e0000000, 0x00000000e5560000, 0x00000000e5560000)
  from space 21824K,  95% used [0x00000000e5560000, 0x00000000e69b4bd8, 0x00000000e6ab0000)
  to   space 21824K,   0% used [0x00000000e6ab0000, 0x00000000e6ab0000, 0x00000000e8000000)
 concurrent mark-sweep generation total 393216K, used 197562K [0x00000000e8000000, 0x0000000100000000, 0x0000000100000000)
 Metaspace       used 43867K, capacity 45135K, committed 45376K, reserved 1089536K
  class space    used 5313K, capacity 5615K, committed 5732K, reserved 1048576K
2019-02-22T17:26:25.415-0700: 81481.780: [GC (Allocation Failure) 2019-02-22T17:26:25.415-0700: 81481.780: [ParNew
Desired survivor size 20112992 bytes, new threshold 8 (max 8)
- age   1:    3995272 bytes,    3995272 total
- age   2:    2522312 bytes,    6517584 total
- age   3:     543072 bytes,    7060656 total
- age   4:    1018224 bytes,    8078880 total
- age   5:      64232 bytes,    8143112 total
- age   6:     247048 bytes,    8390160 total
- age   7:    7877080 bytes,   16267240 total
- age   8:    1588880 bytes,   17856120 total
: 108242K->21031K(109248K), 0.0131824 secs] 305805K->218873K(502464K), 0.0132786 secs] [Times: user=0.06 sys=0.00, real=0.01 secs] 
Heap after GC invocations=275 (full 26):
 par new generation   total 109248K, used 21031K [0x00000000e0000000, 0x00000000e8000000, 0x00000000e8000000)
  eden space 87424K,   0% used [0x00000000e0000000, 0x00000000e0000000, 0x00000000e5560000)
  from space 21824K,  96% used [0x00000000e6ab0000, 0x00000000e7f39f50, 0x00000000e8000000)
  to   space 21824K,   0% used [0x00000000e5560000, 0x00000000e5560000, 0x00000000e6ab0000)
 concurrent mark-sweep generation total 393216K, used 197841K [0x00000000e8000000, 0x0000000100000000, 0x0000000100000000)
 Metaspace       used 43867K, capacity 45135K, committed 45376K, reserved 1089536K
  class space    used 5313K, capacity 5615K, committed 5732K, reserved 1048576K
}
2019-02-22T17:26:25.428-0700: 81481.794: Total time for which application threads were stopped: 0.0138291 seconds, Stopping threads took: 0.0000951 seconds
2019-02-22T17:26:25.428-0700: 81481.794: [GC (CMS Initial Mark) [1 CMS-initial-mark: 197841K(393216K)] 220438K(502464K), 0.0022624 secs] [Times: user=0.00 sys=0.00, real=0.00 secs] 
2019-02-22T17:26:25.431-0700: 81481.797: Total time for which application threads were stopped: 0.0030088 seconds, Stopping threads took: 0.0005464 seconds
2019-02-22T17:26:25.431-0700: 81481.797: [CMS-concurrent-mark-start]
2019-02-22T17:26:25.498-0700: 81481.863: [CMS-concurrent-mark: 0.067/0.067 secs] [Times: user=0.30 sys=0.02, real=0.07 secs] 
2019-02-22T17:26:25.498-0700: 81481.864: [CMS-concurrent-preclean-start]
2019-02-22T17:26:25.508-0700: 81481.874: [CMS-concurrent-preclean: 0.010/0.011 secs] [Times: user=0.05 sys=0.00, real=0.01 secs] 
2019-02-22T17:26:25.508-0700: 81481.874: [CMS-concurrent-abortable-preclean-start]
{Heap before GC invocations=275 (full 27):
 par new generation   total 109248K, used 108455K [0x00000000e0000000, 0x00000000e8000000, 0x00000000e8000000)
  eden space 87424K, 100% used [0x00000000e0000000, 0x00000000e5560000, 0x00000000e5560000)
  from space 21824K,  96% used [0x00000000e6ab0000, 0x00000000e7f39f50, 0x00000000e8000000)
  to   space 21824K,   0% used [0x00000000e5560000, 0x00000000e5560000, 0x00000000e6ab0000)
 concurrent mark-sweep generation total 393216K, used 197841K [0x00000000e8000000, 0x0000000100000000, 0x0000000100000000)
 Metaspace       used 43879K, capacity 45159K, committed 45376K, reserved 1089536K
  class space    used 5313K, capacity 5615K, committed 5732K, reserved 1048576K
2019-02-22T17:26:25.688-0700: 81482.054: [GC (Allocation Failure) 2019-02-22T17:26:25.689-0700: 81482.054: [ParNew
Desired survivor size 20112992 bytes, new threshold 8 (max 8)
- age   1:    6192120 bytes,    6192120 total
- age   2:    2570096 bytes,    8762216 total
- age   3:    1802376 bytes,   10564592 total
- age   4:     522768 bytes,   11087360 total
- age   5:     301992 bytes,   11389352 total
- age   6:      64232 bytes,   11453584 total
- age   7:     171792 bytes,   11625376 total
- age   8:    7672080 bytes,   19297456 total
: 108455K->21824K(109248K), 0.0147261 secs] 306297K->221105K(502464K), 0.0148408 secs] [Times: user=0.00 sys=0.00, real=0.02 secs] 
Heap after GC invocations=276 (full 27):
 par new generation   total 109248K, used 21824K [0x00000000e0000000, 0x00000000e8000000, 0x00000000e8000000)
  eden space 87424K,   0% used [0x00000000e0000000, 0x00000000e0000000, 0x00000000e5560000)
  from space 21824K, 100% used [0x00000000e5560000, 0x00000000e6ab0000, 0x00000000e6ab0000)
  to   space 21824K,   0% used [0x00000000e6ab0000, 0x00000000e6ab0000, 0x00000000e8000000)
 concurrent mark-sweep generation total 393216K, used 199281K [0x00000000e8000000, 0x0000000100000000, 0x0000000100000000)
 Metaspace       used 43879K, capacity 45159K, committed 45376K, reserved 1089536K
  class space    used 5313K, capacity 5615K, committed 5732K, reserved 1048576K
}
2019-02-22T17:26:25.704-0700: 81482.069: Total time for which application threads were stopped: 0.0151842 seconds, Stopping threads took: 0.0000365 seconds
2019-02-22T17:26:25.915-0700: 81482.281: [CMS-concurrent-abortable-preclean: 0.387/0.407 secs] [Times: user=0.88 sys=0.01, real=0.41 secs] 
2019-02-22T17:26:25.915-0700: 81482.281: [GC (CMS Final Remark) [YG occupancy: 74963 K (109248 K)]{Heap before GC invocations=276 (full 27):
 par new generation   total 109248K, used 74963K [0x00000000e0000000, 0x00000000e8000000, 0x00000000e8000000)
  eden space 87424K,  60% used [0x00000000e0000000, 0x00000000e33e4dc8, 0x00000000e5560000)
  from space 21824K, 100% used [0x00000000e5560000, 0x00000000e6ab0000, 0x00000000e6ab0000)
  to   space 21824K,   0% used [0x00000000e6ab0000, 0x00000000e6ab0000, 0x00000000e8000000)
 concurrent mark-sweep generation total 393216K, used 199281K [0x00000000e8000000, 0x0000000100000000, 0x0000000100000000)
 Metaspace       used 43879K, capacity 45159K, committed 45376K, reserved 1089536K
  class space    used 5313K, capacity 5615K, committed 5732K, reserved 1048576K
2019-02-22T17:26:25.915-0700: 81482.281: [GC (CMS Final Remark) 2019-02-22T17:26:25.915-0700: 81482.281: [ParNew
Desired survivor size 20112992 bytes, new threshold 8 (max 8)
- age   1:    5375856 bytes,    5375856 total
- age   2:    4601776 bytes,    9977632 total
- age   3:    1479576 bytes,   11457208 total
- age   4:    1632032 bytes,   13089240 total
- age   5:     223208 bytes,   13312448 total
- age   6:     291888 bytes,   13604336 total
- age   7:      64232 bytes,   13668568 total
- age   8:     171792 bytes,   13840360 total
: 74963K->21824K(109248K), 0.0181117 secs] 274244K->228606K(502464K), 0.0181862 secs] [Times: user=0.06 sys=0.00, real=0.02 secs] 
Heap after GC invocations=277 (full 27):
 par new generation   total 109248K, used 21824K [0x00000000e0000000, 0x00000000e8000000, 0x00000000e8000000)
  eden space 87424K,   0% used [0x00000000e0000000, 0x00000000e0000000, 0x00000000e5560000)
  from space 21824K, 100% used [0x00000000e6ab0000, 0x00000000e8000000, 0x00000000e8000000)
  to   space 21824K,   0% used [0x00000000e5560000, 0x00000000e5560000, 0x00000000e6ab0000)
 concurrent mark-sweep generation total 393216K, used 206782K [0x00000000e8000000, 0x0000000100000000, 0x0000000100000000)
 Metaspace       used 43879K, capacity 45159K, committed 45376K, reserved 1089536K
  class space    used 5313K, capacity 5615K, committed 5732K, reserved 1048576K
}
2019-02-22T17:26:25.935-0700: 81482.300: [Rescan (parallel) , 0.0090525 secs]2019-02-22T17:26:25.943-0700: 81482.309: [weak refs processing, 0.0007886 secs]2019-02-22T17:26:25.944-0700: 81482.309: [class unloading, 0.0146773 secs]2019-02-22T17:26:25.959-0700: 81482.324: [scrub symbol table, 0.0132822 secs]2019-02-22T17:26:25.972-0700: 81482.337: [scrub string table, 0.0005629 secs][1 CMS-remark: 206782K(393216K)] 228606K(502464K), 0.0569763 secs] [Times: user=0.16 sys=0.00, real=0.06 secs] 
2019-02-22T17:26:25.973-0700: 81482.338: Total time for which application threads were stopped: 0.0572226 seconds, Stopping threads took: 0.0000565 seconds
2019-02-22T17:26:25.973-0700: 81482.338: [CMS-concurrent-sweep-start]
2019-02-22T17:26:26.043-0700: 81482.409: [CMS-concurrent-sweep: 0.071/0.071 secs] [Times: user=0.17 sys=0.00, real=0.07 secs] 
2019-02-22T17:26:26.043-0700: 81482.409: [CMS-concurrent-reset-start]
2019-02-22T17:26:26.044-0700: 81482.410: [CMS-concurrent-reset: 0.001/0.001 secs] [Times: user=0.00 sys=0.00, real=0.00 secs] 
{Heap before GC invocations=277 (full 27):
 par new generation   total 109248K, used 109248K [0x00000000e0000000, 0x00000000e8000000, 0x00000000e8000000)
  eden space 87424K, 100% used [0x00000000e0000000, 0x00000000e5560000, 0x00000000e5560000)
  from space 21824K, 100% used [0x00000000e6ab0000, 0x00000000e8000000, 0x00000000e8000000)
  to   space 21824K,   0% used [0x00000000e5560000, 0x00000000e5560000, 0x00000000e6ab0000)
 concurrent mark-sweep generation total 393216K, used 190672K [0x00000000e8000000, 0x0000000100000000, 0x0000000100000000)
 Metaspace       used 43882K, capacity 45159K, committed 45376K, reserved 1089536K
  class space    used 5313K, capacity 5615K, committed 5732K, reserved 1048576K
2019-02-22T17:26:26.233-0700: 81482.598: [GC (Allocation Failure) 2019-02-22T17:26:26.233-0700: 81482.598: [ParNew
Desired survivor size 20112992 bytes, new threshold 4 (max 8)
- age   1:   12548704 bytes,   12548704 total
- age   2:    3310616 bytes,   15859320 total
- age   3:    3365096 bytes,   19224416 total
- age   4:    1208160 bytes,   20432576 total
- age   5:    1437008 bytes,   21869584 total
- age   6:     159376 bytes,   22028960 total
- age   7:     238424 bytes,   22267384 total
- age   8:      58448 bytes,   22325832 total
: 109248K->21824K(109248K), 0.0193449 secs] 299920K->225728K(502464K), 0.0194359 secs] [Times: user=0.11 sys=0.00, real=0.02 secs] 
Heap after GC invocations=278 (full 27):
 par new generation   total 109248K, used 21824K [0x00000000e0000000, 0x00000000e8000000, 0x00000000e8000000)
  eden space 87424K,   0% used [0x00000000e0000000, 0x00000000e0000000, 0x00000000e5560000)
  from space 21824K, 100% used [0x00000000e5560000, 0x00000000e6ab0000, 0x00000000e6ab0000)
  to   space 21824K,   0% used [0x00000000e6ab0000, 0x00000000e6ab0000, 0x00000000e8000000)
 concurrent mark-sweep generation total 393216K, used 203904K [0x00000000e8000000, 0x0000000100000000, 0x0000000100000000)
 Metaspace       used 43882K, capacity 45159K, committed 45376K, reserved 1089536K
  class space    used 5313K, capacity 5615K, committed 5732K, reserved 1048576K
}
2019-02-22T17:26:26.253-0700: 81482.618: Total time for which application threads were stopped: 0.0198513 seconds, Stopping threads took: 0.0000329 seconds
2019-02-22T17:26:26.253-0700: 81482.618: [GC (CMS Initial Mark) [1 CMS-initial-mark: 203904K(393216K)] 226411K(502464K), 0.0020783 secs] [Times: user=0.00 sys=0.00, real=0.00 secs] 
2019-02-22T17:26:26.255-0700: 81482.620: Total time for which application threads were stopped: 0.0023636 seconds, Stopping threads took: 0.0000941 seconds
2019-02-22T17:26:26.255-0700: 81482.620: [CMS-concurrent-mark-start]
2019-02-22T17:26:26.325-0700: 81482.691: [CMS-concurrent-mark: 0.070/0.070 secs] [Times: user=0.26 sys=0.00, real=0.07 secs] 
2019-02-22T17:26:26.325-0700: 81482.691: [CMS-concurrent-preclean-start]
2019-02-22T17:26:26.342-0700: 81482.707: [CMS-concurrent-preclean: 0.016/0.017 secs] [Times: user=0.02 sys=0.00, real=0.02 secs] 
2019-02-22T17:26:26.342-0700: 81482.707: [CMS-concurrent-abortable-preclean-start]
2019-02-22T17:26:26.484-0700: 81482.849: [CMS-concurrent-abortable-preclean: 0.140/0.141 secs] [Times: user=0.36 sys=0.00, real=0.14 secs] 
2019-02-22T17:26:26.484-0700: 81482.849: [GC (CMS Final Remark) [YG occupancy: 76158 K (109248 K)]{Heap before GC invocations=278 (full 28):
 par new generation   total 109248K, used 76158K [0x00000000e0000000, 0x00000000e8000000, 0x00000000e8000000)
  eden space 87424K,  62% used [0x00000000e0000000, 0x00000000e350f9c0, 0x00000000e5560000)
  from space 21824K, 100% used [0x00000000e5560000, 0x00000000e6ab0000, 0x00000000e6ab0000)
  to   space 21824K,   0% used [0x00000000e6ab0000, 0x00000000e6ab0000, 0x00000000e8000000)
 concurrent mark-sweep generation total 393216K, used 203904K [0x00000000e8000000, 0x0000000100000000, 0x0000000100000000)
 Metaspace       used 43882K, capacity 45159K, committed 45376K, reserved 1089536K
  class space    used 5313K, capacity 5615K, committed 5732K, reserved 1048576K
2019-02-22T17:26:26.484-0700: 81482.849: [GC (CMS Final Remark) 2019-02-22T17:26:26.484-0700: 81482.849: [ParNew
Desired survivor size 20112992 bytes, new threshold 4 (max 8)
- age   1:    6850088 bytes,    6850088 total
- age   2:   10394056 bytes,   17244144 total
- age   3:    2343048 bytes,   19587192 total
- age   4:    1933312 bytes,   21520504 total
: 76158K->21824K(109248K), 0.0182927 secs] 280062K->231367K(502464K), 0.0183677 secs] [Times: user=0.13 sys=0.00, real=0.02 secs] 
Heap after GC invocations=279 (full 28):
 par new generation   total 109248K, used 21824K [0x00000000e0000000, 0x00000000e8000000, 0x00000000e8000000)
  eden space 87424K,   0% used [0x00000000e0000000, 0x00000000e0000000, 0x00000000e5560000)
  from space 21824K, 100% used [0x00000000e6ab0000, 0x00000000e8000000, 0x00000000e8000000)
  to   space 21824K,   0% used [0x00000000e5560000, 0x00000000e5560000, 0x00000000e6ab0000)
 concurrent mark-sweep generation total 393216K, used 209543K [0x00000000e8000000, 0x0000000100000000, 0x0000000100000000)
 Metaspace       used 43882K, capacity 45159K, committed 45376K, reserved 1089536K
  class space    used 5313K, capacity 5615K, committed 5732K, reserved 1048576K
}
2019-02-22T17:26:26.502-0700: 81482.868: [Rescan (parallel) , 0.0074101 secs]2019-02-22T17:26:26.509-0700: 81482.875: [weak refs processing, 0.0007181 secs]2019-02-22T17:26:26.510-0700: 81482.876: [class unloading, 0.0106240 secs]2019-02-22T17:26:26.521-0700: 81482.886: [scrub symbol table, 0.0082311 secs]2019-02-22T17:26:26.529-0700: 81482.895: [scrub string table, 0.0005835 secs][1 CMS-remark: 209543K(393216K)] 231367K(502464K), 0.0463873 secs] [Times: user=0.14 sys=0.00, real=0.05 secs] 
2019-02-22T17:26:26.531-0700: 81482.896: Total time for which application threads were stopped: 0.0466778 seconds, Stopping threads took: 0.0000632 seconds
2019-02-22T17:26:26.531-0700: 81482.896: [CMS-concurrent-sweep-start]
2019-02-22T17:26:26.599-0700: 81482.965: [CMS-concurrent-sweep: 0.069/0.069 secs] [Times: user=0.20 sys=0.00, real=0.07 secs] 
2019-02-22T17:26:26.599-0700: 81482.965: [CMS-concurrent-reset-start]
2019-02-22T17:26:26.600-0700: 81482.965: [CMS-concurrent-reset: 0.001/0.001 secs] [Times: user=0.00 sys=0.00, real=0.00 secs] 
{Heap before GC invocations=279 (full 28):
 par new generation   total 109248K, used 109248K [0x00000000e0000000, 0x00000000e8000000, 0x00000000e8000000)
  eden space 87424K, 100% used [0x00000000e0000000, 0x00000000e5560000, 0x00000000e5560000)
  from space 21824K, 100% used [0x00000000e6ab0000, 0x00000000e8000000, 0x00000000e8000000)
  to   space 21824K,   0% used [0x00000000e5560000, 0x00000000e5560000, 0x00000000e6ab0000)
 concurrent mark-sweep generation total 393216K, used 185039K [0x00000000e8000000, 0x0000000100000000, 0x0000000100000000)
 Metaspace       used 43882K, capacity 45159K, committed 45376K, reserved 1089536K
  class space    used 5313K, capacity 5615K, committed 5732K, reserved 1048576K
2019-02-22T17:26:26.736-0700: 81483.102: [GC (Allocation Failure) 2019-02-22T17:26:26.736-0700: 81483.102: [ParNew
Desired survivor size 20112992 bytes, new threshold 3 (max 8)
- age   1:   14412560 bytes,   14412560 total
- age   2:    3018184 bytes,   17430744 total
- age   3:    3235216 bytes,   20665960 total
- age   4:    1644264 bytes,   22310224 total
: 109248K->21824K(109248K), 0.0230528 secs] 294287K->224148K(502464K), 0.0231181 secs] [Times: user=0.06 sys=0.00, real=0.02 secs] 
Heap after GC invocations=280 (full 28):
 par new generation   total 109248K, used 21824K [0x00000000e0000000, 0x00000000e8000000, 0x00000000e8000000)
  eden space 87424K,   0% used [0x00000000e0000000, 0x00000000e0000000, 0x00000000e5560000)
  from space 21824K, 100% used [0x00000000e5560000, 0x00000000e6ab0000, 0x00000000e6ab0000)
  to   space 21824K,   0% used [0x00000000e6ab0000, 0x00000000e6ab0000, 0x00000000e8000000)
 concurrent mark-sweep generation total 393216K, used 202324K [0x00000000e8000000, 0x0000000100000000, 0x0000000100000000)
 Metaspace       used 43882K, capacity 45159K, committed 45376K, reserved 1089536K
  class space    used 5313K, capacity 5615K, committed 5732K, reserved 1048576K
}
2019-02-22T17:26:26.759-0700: 81483.125: Total time for which application threads were stopped: 0.0234677 seconds, Stopping threads took: 0.0000725 seconds
2019-02-22T17:26:26.760-0700: 81483.125: [GC (CMS Initial Mark) [1 CMS-initial-mark: 202324K(393216K)] 225524K(502464K), 0.0017200 secs] [Times: user=0.00 sys=0.00, real=0.00 secs] 
2019-02-22T17:26:26.762-0700: 81483.127: Total time for which application threads were stopped: 0.0020973 seconds, Stopping threads took: 0.0000941 seconds
2019-02-22T17:26:26.762-0700: 81483.127: [CMS-concurrent-mark-start]
{Heap before GC invocations=280 (full 29):
 par new generation   total 109248K, used 108840K [0x00000000e0000000, 0x00000000e8000000, 0x00000000e8000000)
  eden space 87424K,  99% used [0x00000000e0000000, 0x00000000e54fa1e0, 0x00000000e5560000)
  from space 21824K, 100% used [0x00000000e5560000, 0x00000000e6ab0000, 0x00000000e6ab0000)
  to   space 21824K,   0% used [0x00000000e6ab0000, 0x00000000e6ab0000, 0x00000000e8000000)
 concurrent mark-sweep generation total 393216K, used 202324K [0x00000000e8000000, 0x0000000100000000, 0x0000000100000000)
 Metaspace       used 43882K, capacity 45159K, committed 45376K, reserved 1089536K
  class space    used 5313K, capacity 5615K, committed 5732K, reserved 1048576K
2019-02-22T17:26:26.779-0700: 81483.144: [GC (Allocation Failure) 2019-02-22T17:26:26.779-0700: 81483.144: [ParNew
Desired survivor size 20112992 bytes, new threshold 8 (max 8)
- age   1:    1095248 bytes,    1095248 total
- age   2:   12356440 bytes,   13451688 total
- age   3:    2836664 bytes,   16288352 total
: 108840K->21824K(109248K), 0.0137921 secs] 311164K->229483K(502464K), 0.0139011 secs] [Times: user=0.06 sys=0.00, real=0.01 secs] 
Heap after GC invocations=281 (full 29):
 par new generation   total 109248K, used 21824K [0x00000000e0000000, 0x00000000e8000000, 0x00000000e8000000)
  eden space 87424K,   0% used [0x00000000e0000000, 0x00000000e0000000, 0x00000000e5560000)
  from space 21824K, 100% used [0x00000000e6ab0000, 0x00000000e8000000, 0x00000000e8000000)
  to   space 21824K,   0% used [0x00000000e5560000, 0x00000000e5560000, 0x00000000e6ab0000)
 concurrent mark-sweep generation total 393216K, used 207659K [0x00000000e8000000, 0x0000000100000000, 0x0000000100000000)
 Metaspace       used 43882K, capacity 45159K, committed 45376K, reserved 1089536K
  class space    used 5313K, capacity 5615K, committed 5732K, reserved 1048576K
}
2019-02-22T17:26:26.793-0700: 81483.158: Total time for which application threads were stopped: 0.0145169 seconds, Stopping threads took: 0.0001398 seconds
{Heap before GC invocations=281 (full 29):
 par new generation   total 109248K, used 109161K [0x00000000e0000000, 0x00000000e8000000, 0x00000000e8000000)
  eden space 87424K,  99% used [0x00000000e0000000, 0x00000000e554a6e0, 0x00000000e5560000)
  from space 21824K, 100% used [0x00000000e6ab0000, 0x00000000e8000000, 0x00000000e8000000)
  to   space 21824K,   0% used [0x00000000e5560000, 0x00000000e5560000, 0x00000000e6ab0000)
 concurrent mark-sweep generation total 393216K, used 207659K [0x00000000e8000000, 0x0000000100000000, 0x0000000100000000)
 Metaspace       used 43882K, capacity 45159K, committed 45376K, reserved 1089536K
  class space    used 5313K, capacity 5615K, committed 5732K, reserved 1048576K
2019-02-22T17:26:26.810-0700: 81483.175: [GC (Allocation Failure) 2019-02-22T17:26:26.810-0700: 81483.175: [ParNew
Desired survivor size 20112992 bytes, new threshold 8 (max 8)
- age   1:    1226560 bytes,    1226560 total
- age   2:     964768 bytes,    2191328 total
- age   3:   11756416 bytes,   13947744 total
- age   4:    2834816 bytes,   16782560 total
: 109161K->19813K(109248K), 0.0101603 secs] 316821K->227472K(502464K), 0.0102307 secs] [Times: user=0.06 sys=0.00, real=0.01 secs] 
Heap after GC invocations=282 (full 29):
 par new generation   total 109248K, used 19813K [0x00000000e0000000, 0x00000000e8000000, 0x00000000e8000000)
  eden space 87424K,   0% used [0x00000000e0000000, 0x00000000e0000000, 0x00000000e5560000)
  from space 21824K,  90% used [0x00000000e5560000, 0x00000000e68b9440, 0x00000000e6ab0000)
  to   space 21824K,   0% used [0x00000000e6ab0000, 0x00000000e6ab0000, 0x00000000e8000000)
 concurrent mark-sweep generation total 393216K, used 207659K [0x00000000e8000000, 0x0000000100000000, 0x0000000100000000)
 Metaspace       used 43882K, capacity 45159K, committed 45376K, reserved 1089536K
  class space    used 5313K, capacity 5615K, committed 5732K, reserved 1048576K
}
2019-02-22T17:26:26.820-0700: 81483.185: Total time for which application threads were stopped: 0.0107391 seconds, Stopping threads took: 0.0000972 seconds
{Heap before GC invocations=282 (full 29):
 par new generation   total 109248K, used 107237K [0x00000000e0000000, 0x00000000e8000000, 0x00000000e8000000)
  eden space 87424K, 100% used [0x00000000e0000000, 0x00000000e5560000, 0x00000000e5560000)
  from space 21824K,  90% used [0x00000000e5560000, 0x00000000e68b9440, 0x00000000e6ab0000)
  to   space 21824K,   0% used [0x00000000e6ab0000, 0x00000000e6ab0000, 0x00000000e8000000)
 concurrent mark-sweep generation total 393216K, used 207659K [0x00000000e8000000, 0x0000000100000000, 0x0000000100000000)
 Metaspace       used 43882K, capacity 45159K, committed 45376K, reserved 1089536K
  class space    used 5313K, capacity 5615K, committed 5732K, reserved 1048576K
2019-02-22T17:26:26.843-0700: 81483.208: [GC (Allocation Failure) 2019-02-22T17:26:26.843-0700: 81483.208: [ParNew
Desired survivor size 20112992 bytes, new threshold 8 (max 8)
- age   1:    1014392 bytes,    1014392 total
- age   2:     420656 bytes,    1435048 total
- age   3:     860040 bytes,    2295088 total
- age   4:   10771768 bytes,   13066856 total
- age   5:    2831872 bytes,   15898728 total
: 107237K->21824K(109248K), 0.0110697 secs] 314896K->229483K(502464K), 0.0111689 secs] [Times: user=0.06 sys=0.00, real=0.01 secs] 
Heap after GC invocations=283 (full 29):
 par new generation   total 109248K, used 21824K [0x00000000e0000000, 0x00000000e8000000, 0x00000000e8000000)
  eden space 87424K,   0% used [0x00000000e0000000, 0x00000000e0000000, 0x00000000e5560000)
  from space 21824K, 100% used [0x00000000e6ab0000, 0x00000000e8000000, 0x00000000e8000000)
  to   space 21824K,   0% used [0x00000000e5560000, 0x00000000e5560000, 0x00000000e6ab0000)
 concurrent mark-sweep generation total 393216K, used 207659K [0x00000000e8000000, 0x0000000100000000, 0x0000000100000000)
 Metaspace       used 43882K, capacity 45159K, committed 45376K, reserved 1089536K
  class space    used 5313K, capacity 5615K, committed 5732K, reserved 1048576K
}
2019-02-22T17:26:26.854-0700: 81483.219: Total time for which application threads were stopped: 0.0116588 seconds, Stopping threads took: 0.0000812 seconds
2019-02-22T17:26:26.881-0700: 81483.246: [CMS-concurrent-mark: 0.082/0.119 secs] [Times: user=0.73 sys=0.00, real=0.12 secs] 
2019-02-22T17:26:26.881-0700: 81483.246: [CMS-concurrent-preclean-start]
2019-02-22T17:26:26.918-0700: 81483.283: [CMS-concurrent-preclean: 0.035/0.037 secs] [Times: user=0.08 sys=0.00, real=0.04 secs] 
2019-02-22T17:26:26.918-0700: 81483.283: [CMS-concurrent-abortable-preclean-start]
{Heap before GC invocations=283 (full 29):
 par new generation   total 109248K, used 109244K [0x00000000e0000000, 0x00000000e8000000, 0x00000000e8000000)
  eden space 87424K,  99% used [0x00000000e0000000, 0x00000000e555f268, 0x00000000e5560000)
  from space 21824K, 100% used [0x00000000e6ab0000, 0x00000000e8000000, 0x00000000e8000000)
  to   space 21824K,   0% used [0x00000000e5560000, 0x00000000e5560000, 0x00000000e6ab0000)
 concurrent mark-sweep generation total 393216K, used 207659K [0x00000000e8000000, 0x0000000100000000, 0x0000000100000000)
 Metaspace       used 43882K, capacity 45159K, committed 45376K, reserved 1089536K
  class space    used 5313K, capacity 5615K, committed 5732K, reserved 1048576K
2019-02-22T17:26:26.943-0700: 81483.308: [GC (Allocation Failure) 2019-02-22T17:26:26.943-0700: 81483.308: [ParNew
Desired survivor size 20112992 bytes, new threshold 8 (max 8)
- age   1:    1841384 bytes,    1841384 total
- age   2:     202680 bytes,    2044064 total
- age   3:     362248 bytes,    2406312 total
- age   4:     842296 bytes,    3248608 total
- age   5:    8525168 bytes,   11773776 total
- age   6:    2810208 bytes,   14583984 total
: 109244K->19169K(109248K), 0.0105793 secs] 316904K->226829K(502464K), 0.0106636 secs] [Times: user=0.00 sys=0.00, real=0.01 secs] 
Heap after GC invocations=284 (full 29):
 par new generation   total 109248K, used 19169K [0x00000000e0000000, 0x00000000e8000000, 0x00000000e8000000)
  eden space 87424K,   0% used [0x00000000e0000000, 0x00000000e0000000, 0x00000000e5560000)
  from space 21824K,  87% used [0x00000000e5560000, 0x00000000e6818700, 0x00000000e6ab0000)
  to   space 21824K,   0% used [0x00000000e6ab0000, 0x00000000e6ab0000, 0x00000000e8000000)
 concurrent mark-sweep generation total 393216K, used 207659K [0x00000000e8000000, 0x0000000100000000, 0x0000000100000000)
 Metaspace       used 43882K, capacity 45159K, committed 45376K, reserved 1089536K
  class space    used 5313K, capacity 5615K, committed 5732K, reserved 1048576K
}
2019-02-22T17:26:26.954-0700: 81483.319: Total time for which application threads were stopped: 0.0109679 seconds, Stopping threads took: 0.0000288 seconds
2019-02-22T17:26:26.993-0700: 81483.358: [CMS-concurrent-abortable-preclean: 0.062/0.075 secs] [Times: user=0.17 sys=0.00, real=0.08 secs] 
2019-02-22T17:26:26.994-0700: 81483.359: [GC (CMS Final Remark) [YG occupancy: 81337 K (109248 K)]{Heap before GC invocations=284 (full 29):
 par new generation   total 109248K, used 81337K [0x00000000e0000000, 0x00000000e8000000, 0x00000000e8000000)
  eden space 87424K,  71% used [0x00000000e0000000, 0x00000000e3cb5e98, 0x00000000e5560000)
  from space 21824K,  87% used [0x00000000e5560000, 0x00000000e6818700, 0x00000000e6ab0000)
  to   space 21824K,   0% used [0x00000000e6ab0000, 0x00000000e6ab0000, 0x00000000e8000000)
 concurrent mark-sweep generation total 393216K, used 207659K [0x00000000e8000000, 0x0000000100000000, 0x0000000100000000)
 Metaspace       used 43882K, capacity 45159K, committed 45376K, reserved 1089536K
  class space    used 5313K, capacity 5615K, committed 5732K, reserved 1048576K
2019-02-22T17:26:26.994-0700: 81483.359: [GC (CMS Final Remark) 2019-02-22T17:26:26.994-0700: 81483.359: [ParNew
Desired survivor size 20112992 bytes, new threshold 8 (max 8)
- age   1:     517904 bytes,     517904 total
- age   2:    1758232 bytes,    2276136 total
- age   3:     196920 bytes,    2473056 total
- age   4:     361920 bytes,    2834976 total
- age   5:     840328 bytes,    3675304 total
- age   6:    8525168 bytes,   12200472 total
- age   7:    2808624 bytes,   15009096 total
: 81337K->17381K(109248K), 0.0108563 secs] 288997K->225040K(502464K), 0.0109514 secs] [Times: user=0.06 sys=0.00, real=0.01 secs] 
Heap after GC invocations=285 (full 29):
 par new generation   total 109248K, used 17381K [0x00000000e0000000, 0x00000000e8000000, 0x00000000e8000000)
  eden space 87424K,   0% used [0x00000000e0000000, 0x00000000e0000000, 0x00000000e5560000)
  from space 21824K,  79% used [0x00000000e6ab0000, 0x00000000e7ba9500, 0x00000000e8000000)
  to   space 21824K,   0% used [0x00000000e5560000, 0x00000000e5560000, 0x00000000e6ab0000)
 concurrent mark-sweep generation total 393216K, used 207659K [0x00000000e8000000, 0x0000000100000000, 0x0000000100000000)
 Metaspace       used 43882K, capacity 45159K, committed 45376K, reserved 1089536K
  class space    used 5313K, capacity 5615K, committed 5732K, reserved 1048576K
}
2019-02-22T17:26:27.005-0700: 81483.370: [Rescan (parallel) , 0.0080398 secs]2019-02-22T17:26:27.013-0700: 81483.378: [weak refs processing, 0.0004786 secs]2019-02-22T17:26:27.014-0700: 81483.379: [class unloading, 0.0122551 secs]2019-02-22T17:26:27.026-0700: 81483.391: [scrub symbol table, 0.0106466 secs]2019-02-22T17:26:27.037-0700: 81483.402: [scrub string table, 0.0006189 secs][1 CMS-remark: 207659K(393216K)] 225040K(502464K), 0.0435801 secs] [Times: user=0.09 sys=0.00, real=0.04 secs] 
2019-02-22T17:26:27.037-0700: 81483.402: Total time for which application threads were stopped: 0.0439204 seconds, Stopping threads took: 0.0000946 seconds
2019-02-22T17:26:27.037-0700: 81483.403: [CMS-concurrent-sweep-start]
2019-02-22T17:26:27.099-0700: 81483.464: [CMS-concurrent-sweep: 0.062/0.062 secs] [Times: user=0.20 sys=0.00, real=0.06 secs] 
2019-02-22T17:26:27.099-0700: 81483.464: [CMS-concurrent-reset-start]
2019-02-22T17:26:27.099-0700: 81483.465: [CMS-concurrent-reset: 0.001/0.001 secs] [Times: user=0.00 sys=0.00, real=0.00 secs] 
{Heap before GC invocations=285 (full 29):
 par new generation   total 109248K, used 104805K [0x00000000e0000000, 0x00000000e8000000, 0x00000000e8000000)
  eden space 87424K, 100% used [0x00000000e0000000, 0x00000000e5560000, 0x00000000e5560000)
  from space 21824K,  79% used [0x00000000e6ab0000, 0x00000000e7ba9500, 0x00000000e8000000)
  to   space 21824K,   0% used [0x00000000e5560000, 0x00000000e5560000, 0x00000000e6ab0000)
 concurrent mark-sweep generation total 393216K, used 202264K [0x00000000e8000000, 0x0000000100000000, 0x0000000100000000)
 Metaspace       used 43882K, capacity 45159K, committed 45376K, reserved 1089536K
  class space    used 5313K, capacity 5615K, committed 5732K, reserved 1048576K
2019-02-22T17:26:27.119-0700: 81483.484: [GC (Allocation Failure) 2019-02-22T17:26:27.119-0700: 81483.484: [ParNew
Desired survivor size 20112992 bytes, new threshold 8 (max 8)
- age   1:    3769936 bytes,    3769936 total
- age   2:     411136 bytes,    4181072 total
- age   3:    1349144 bytes,    5530216 total
- age   4:     180664 bytes,    5710880 total
- age   5:     360200 bytes,    6071080 total
- age   6:     582600 bytes,    6653680 total
- age   7:    8354368 bytes,   15008048 total
- age   8:    2685208 bytes,   17693256 total
: 104805K->21824K(109248K), 0.0117811 secs] 307069K->224630K(502464K), 0.0118551 secs] [Times: user=0.06 sys=0.00, real=0.01 secs] 
Heap after GC invocations=286 (full 29):
 par new generation   total 109248K, used 21824K [0x00000000e0000000, 0x00000000e8000000, 0x00000000e8000000)
  eden space 87424K,   0% used [0x00000000e0000000, 0x00000000e0000000, 0x00000000e5560000)
  from space 21824K, 100% used [0x00000000e5560000, 0x00000000e6ab0000, 0x00000000e6ab0000)
  to   space 21824K,   0% used [0x00000000e6ab0000, 0x00000000e6ab0000, 0x00000000e8000000)
 concurrent mark-sweep generation total 393216K, used 202806K [0x00000000e8000000, 0x0000000100000000, 0x0000000100000000)
 Metaspace       used 43882K, capacity 45159K, committed 45376K, reserved 1089536K
  class space    used 5313K, capacity 5615K, committed 5732K, reserved 1048576K
}
2019-02-22T17:26:27.130-0700: 81483.496: Total time for which application threads were stopped: 0.0122499 seconds, Stopping threads took: 0.0000514 seconds
2019-02-22T17:26:27.131-0700: 81483.496: [GC (CMS Initial Mark) [1 CMS-initial-mark: 202806K(393216K)] 226124K(502464K), 0.0022701 secs] [Times: user=0.00 sys=0.00, real=0.00 secs] 
2019-02-22T17:26:27.133-0700: 81483.498: Total time for which application threads were stopped: 0.0025276 seconds, Stopping threads took: 0.0000617 seconds
2019-02-22T17:26:27.133-0700: 81483.498: [CMS-concurrent-mark-start]
2019-02-22T17:26:27.167-0700: 81483.532: Total time for which application threads were stopped: 0.0003125 seconds, Stopping threads took: 0.0000720 seconds
2019-02-22T17:26:27.201-0700: 81483.567: [CMS-concurrent-mark: 0.066/0.068 secs] [Times: user=0.33 sys=0.00, real=0.07 secs] 
2019-02-22T17:26:27.201-0700: 81483.567: [CMS-concurrent-preclean-start]
2019-02-22T17:26:27.215-0700: 81483.581: [CMS-concurrent-preclean: 0.013/0.014 secs] [Times: user=0.08 sys=0.00, real=0.01 secs] 
2019-02-22T17:26:27.215-0700: 81483.581: [CMS-concurrent-abortable-preclean-start]
{Heap before GC invocations=286 (full 30):
 par new generation   total 109248K, used 109248K [0x00000000e0000000, 0x00000000e8000000, 0x00000000e8000000)
  eden space 87424K, 100% used [0x00000000e0000000, 0x00000000e5560000, 0x00000000e5560000)
  from space 21824K, 100% used [0x00000000e5560000, 0x00000000e6ab0000, 0x00000000e6ab0000)
  to   space 21824K,   0% used [0x00000000e6ab0000, 0x00000000e6ab0000, 0x00000000e8000000)
 concurrent mark-sweep generation total 393216K, used 202806K [0x00000000e8000000, 0x0000000100000000, 0x0000000100000000)
 Metaspace       used 43883K, capacity 45159K, committed 45376K, reserved 1089536K
  class space    used 5313K, capacity 5615K, committed 5732K, reserved 1048576K
2019-02-22T17:26:27.242-0700: 81483.607: [GC (Allocation Failure) 2019-02-22T17:26:27.242-0700: 81483.607: [ParNew
Desired survivor size 20112992 bytes, new threshold 8 (max 8)
- age   1:    8537096 bytes,    8537096 total
- age   2:    3245712 bytes,   11782808 total
- age   3:     124320 bytes,   11907128 total
- age   4:    1003224 bytes,   12910352 total
- age   5:     180392 bytes,   13090744 total
- age   6:     358152 bytes,   13448896 total
- age   7:     563872 bytes,   14012768 total
- age   8:    8352048 bytes,   22364816 total
: 109248K->21824K(109248K), 0.0275904 secs] 312054K->242397K(502464K), 0.0277009 secs] [Times: user=0.14 sys=0.00, real=0.03 secs] 
Heap after GC invocations=287 (full 30):
 par new generation   total 109248K, used 21824K [0x00000000e0000000, 0x00000000e8000000, 0x00000000e8000000)
  eden space 87424K,   0% used [0x00000000e0000000, 0x00000000e0000000, 0x00000000e5560000)
  from space 21824K, 100% used [0x00000000e6ab0000, 0x00000000e8000000, 0x00000000e8000000)
  to   space 21824K,   0% used [0x00000000e5560000, 0x00000000e5560000, 0x00000000e6ab0000)
 concurrent mark-sweep generation total 393216K, used 220573K [0x00000000e8000000, 0x0000000100000000, 0x0000000100000000)
 Metaspace       used 43883K, capacity 45159K, committed 45376K, reserved 1089536K
  class space    used 5313K, capacity 5615K, committed 5732K, reserved 1048576K
}
2019-02-22T17:26:27.269-0700: 81483.635: Total time for which application threads were stopped: 0.0281384 seconds, Stopping threads took: 0.0000797 seconds
2019-02-22T17:26:27.397-0700: 81483.762: [CMS-concurrent-abortable-preclean: 0.149/0.181 secs] [Times: user=0.63 sys=0.03, real=0.18 secs] 
2019-02-22T17:26:27.397-0700: 81483.762: [GC (CMS Final Remark) [YG occupancy: 71800 K (109248 K)]{Heap before GC invocations=287 (full 30):
 par new generation   total 109248K, used 71800K [0x00000000e0000000, 0x00000000e8000000, 0x00000000e8000000)
  eden space 87424K,  57% used [0x00000000e0000000, 0x00000000e30ce250, 0x00000000e5560000)
  from space 21824K, 100% used [0x00000000e6ab0000, 0x00000000e8000000, 0x00000000e8000000)
  to   space 21824K,   0% used [0x00000000e5560000, 0x00000000e5560000, 0x00000000e6ab0000)
 concurrent mark-sweep generation total 393216K, used 220573K [0x00000000e8000000, 0x0000000100000000, 0x0000000100000000)
 Metaspace       used 43883K, capacity 45159K, committed 45376K, reserved 1089536K
  class space    used 5313K, capacity 5615K, committed 5732K, reserved 1048576K
2019-02-22T17:26:27.397-0700: 81483.762: [GC (CMS Final Remark) 2019-02-22T17:26:27.397-0700: 81483.762: [ParNew
Desired survivor size 20112992 bytes, new threshold 8 (max 8)
- age   1:    5200632 bytes,    5200632 total
- age   2:    7439888 bytes,   12640520 total
- age   3:    2534592 bytes,   15175112 total
- age   4:     106384 bytes,   15281496 total
- age   5:     736208 bytes,   16017704 total
- age   6:     178328 bytes,   16196032 total
- age   7:     357112 bytes,   16553144 total
- age   8:     562816 bytes,   17115960 total
: 71800K->21824K(109248K), 0.0174337 secs] 292374K->250780K(502464K), 0.0175154 secs] [Times: user=0.06 sys=0.00, real=0.02 secs] 
Heap after GC invocations=288 (full 30):
 par new generation   total 109248K, used 21824K [0x00000000e0000000, 0x00000000e8000000, 0x00000000e8000000)
  eden space 87424K,   0% used [0x00000000e0000000, 0x00000000e0000000, 0x00000000e5560000)
  from space 21824K, 100% used [0x00000000e5560000, 0x00000000e6ab0000, 0x00000000e6ab0000)
  to   space 21824K,   0% used [0x00000000e6ab0000, 0x00000000e6ab0000, 0x00000000e8000000)
 concurrent mark-sweep generation total 393216K, used 228956K [0x00000000e8000000, 0x0000000100000000, 0x0000000100000000)
 Metaspace       used 43883K, capacity 45159K, committed 45376K, reserved 1089536K
  class space    used 5313K, capacity 5615K, committed 5732K, reserved 1048576K
}
2019-02-22T17:26:27.415-0700: 81483.780: [Rescan (parallel) , 0.0103150 secs]2019-02-22T17:26:27.425-0700: 81483.790: [weak refs processing, 0.0005876 secs]2019-02-22T17:26:27.426-0700: 81483.791: [class unloading, 0.0126920 secs]2019-02-22T17:26:27.438-0700: 81483.803: [scrub symbol table, 0.0101444 secs]2019-02-22T17:26:27.449-0700: 81483.814: [scrub string table, 0.0006971 secs][1 CMS-remark: 228956K(393216K)] 250780K(502464K), 0.0524049 secs] [Times: user=0.14 sys=0.00, real=0.05 secs] 
2019-02-22T17:26:27.449-0700: 81483.814: Total time for which application threads were stopped: 0.0526588 seconds, Stopping threads took: 0.0000632 seconds
2019-02-22T17:26:27.450-0700: 81483.815: [CMS-concurrent-sweep-start]
2019-02-22T17:26:27.505-0700: 81483.870: [CMS-concurrent-sweep: 0.056/0.056 secs] [Times: user=0.22 sys=0.00, real=0.06 secs] 
2019-02-22T17:26:27.505-0700: 81483.870: [CMS-concurrent-reset-start]
2019-02-22T17:26:27.505-0700: 81483.871: [CMS-concurrent-reset: 0.001/0.001 secs] [Times: user=0.00 sys=0.00, real=0.00 secs] 
{Heap before GC invocations=288 (full 30):
 par new generation   total 109248K, used 109248K [0x00000000e0000000, 0x00000000e8000000, 0x00000000e8000000)
  eden space 87424K, 100% used [0x00000000e0000000, 0x00000000e5560000, 0x00000000e5560000)
  from space 21824K, 100% used [0x00000000e5560000, 0x00000000e6ab0000, 0x00000000e6ab0000)
  to   space 21824K,   0% used [0x00000000e6ab0000, 0x00000000e6ab0000, 0x00000000e8000000)
 concurrent mark-sweep generation total 393216K, used 217270K [0x00000000e8000000, 0x0000000100000000, 0x0000000100000000)
 Metaspace       used 43883K, capacity 45159K, committed 45376K, reserved 1089536K
  class space    used 5313K, capacity 5615K, committed 5732K, reserved 1048576K
2019-02-22T17:26:27.707-0700: 81484.072: [GC (Allocation Failure) 2019-02-22T17:26:27.707-0700: 81484.072: [ParNew
Desired survivor size 20112992 bytes, new threshold 8 (max 8)
- age   1:    7292968 bytes,    7292968 total
- age   2:    4179208 bytes,   11472176 total
- age   3:    6475912 bytes,   17948088 total
- age   4:     909720 bytes,   18857808 total
- age   5:     101640 bytes,   18959448 total
- age   6:     709888 bytes,   19669336 total
- age   7:      82936 bytes,   19752272 total
- age   8:      36016 bytes,   19788288 total
: 109248K->21824K(109248K), 0.0125126 secs] 326518K->239835K(502464K), 0.0125841 secs] [Times: user=0.00 sys=0.00, real=0.01 secs] 
Heap after GC invocations=289 (full 30):
 par new generation   total 109248K, used 21824K [0x00000000e0000000, 0x00000000e8000000, 0x00000000e8000000)
  eden space 87424K,   0% used [0x00000000e0000000, 0x00000000e0000000, 0x00000000e5560000)
  from space 21824K, 100% used [0x00000000e6ab0000, 0x00000000e8000000, 0x00000000e8000000)
  to   space 21824K,   0% used [0x00000000e5560000, 0x00000000e5560000, 0x00000000e6ab0000)
 concurrent mark-sweep generation total 393216K, used 218011K [0x00000000e8000000, 0x0000000100000000, 0x0000000100000000)
 Metaspace       used 43883K, capacity 45159K, committed 45376K, reserved 1089536K
  class space    used 5313K, capacity 5615K, committed 5732K, reserved 1048576K
}
2019-02-22T17:26:27.719-0700: 81484.085: Total time for which application threads were stopped: 0.0128689 seconds, Stopping threads took: 0.0000293 seconds
2019-02-22T17:26:27.720-0700: 81484.085: [GC (CMS Initial Mark) [1 CMS-initial-mark: 218011K(393216K)] 240156K(502464K), 0.0025086 secs] [Times: user=0.00 sys=0.00, real=0.00 secs] 
2019-02-22T17:26:27.722-0700: 81484.088: Total time for which application threads were stopped: 0.0028268 seconds, Stopping threads took: 0.0000992 seconds
2019-02-22T17:26:27.722-0700: 81484.088: [CMS-concurrent-mark-start]
2019-02-22T17:26:27.790-0700: 81484.155: [CMS-concurrent-mark: 0.067/0.067 secs] [Times: user=0.31 sys=0.00, real=0.07 secs] 
2019-02-22T17:26:27.790-0700: 81484.155: [CMS-concurrent-preclean-start]
2019-02-22T17:26:27.801-0700: 81484.167: [CMS-concurrent-preclean: 0.011/0.012 secs] [Times: user=0.03 sys=0.00, real=0.01 secs] 
2019-02-22T17:26:27.801-0700: 81484.167: [CMS-concurrent-abortable-preclean-start]
{Heap before GC invocations=289 (full 31):
 par new generation   total 109248K, used 109032K [0x00000000e0000000, 0x00000000e8000000, 0x00000000e8000000)
  eden space 87424K,  99% used [0x00000000e0000000, 0x00000000e552a2b8, 0x00000000e5560000)
  from space 21824K, 100% used [0x00000000e6ab0000, 0x00000000e8000000, 0x00000000e8000000)
  to   space 21824K,   0% used [0x00000000e5560000, 0x00000000e5560000, 0x00000000e6ab0000)
 concurrent mark-sweep generation total 393216K, used 218011K [0x00000000e8000000, 0x0000000100000000, 0x0000000100000000)
 Metaspace       used 43883K, capacity 45159K, committed 45376K, reserved 1089536K
  class space    used 5313K, capacity 5615K, committed 5732K, reserved 1048576K
2019-02-22T17:26:27.998-0700: 81484.363: [GC (Allocation Failure) 2019-02-22T17:26:27.998-0700: 81484.363: [ParNew
Desired survivor size 20112992 bytes, new threshold 4 (max 8)
- age   1:   12772496 bytes,   12772496 total
- age   2:    4218976 bytes,   16991472 total
- age   3:    1874336 bytes,   18865808 total
- age   4:    2207136 bytes,   21072944 total
- age   5:     616360 bytes,   21689304 total
- age   6:      99032 bytes,   21788336 total
- age   7:     441912 bytes,   22230248 total
- age   8:      72592 bytes,   22302840 total
: 109032K->21824K(109248K), 0.0254889 secs] 327044K->254749K(502464K), 0.0256508 secs] [Times: user=0.11 sys=0.01, real=0.02 secs] 
Heap after GC invocations=290 (full 31):
 par new generation   total 109248K, used 21824K [0x00000000e0000000, 0x00000000e8000000, 0x00000000e8000000)
  eden space 87424K,   0% used [0x00000000e0000000, 0x00000000e0000000, 0x00000000e5560000)
  from space 21824K, 100% used [0x00000000e5560000, 0x00000000e6ab0000, 0x00000000e6ab0000)
  to   space 21824K,   0% used [0x00000000e6ab0000, 0x00000000e6ab0000, 0x00000000e8000000)
 concurrent mark-sweep generation total 393216K, used 232925K [0x00000000e8000000, 0x0000000100000000, 0x0000000100000000)
 Metaspace       used 43883K, capacity 45159K, committed 45376K, reserved 1089536K
  class space    used 5313K, capacity 5615K, committed 5732K, reserved 1048576K
}
2019-02-22T17:26:28.023-0700: 81484.388: Total time for which application threads were stopped: 0.0261176 seconds, Stopping threads took: 0.0000653 seconds
{Heap before GC invocations=290 (full 31):
 par new generation   total 109248K, used 109128K [0x00000000e0000000, 0x00000000e8000000, 0x00000000e8000000)
  eden space 87424K,  99% used [0x00000000e0000000, 0x00000000e55422d0, 0x00000000e5560000)
  from space 21824K, 100% used [0x00000000e5560000, 0x00000000e6ab0000, 0x00000000e6ab0000)
  to   space 21824K,   0% used [0x00000000e6ab0000, 0x00000000e6ab0000, 0x00000000e8000000)
 concurrent mark-sweep generation total 393216K, used 232925K [0x00000000e8000000, 0x0000000100000000, 0x0000000100000000)
 Metaspace       used 43883K, capacity 45159K, committed 45376K, reserved 1089536K
  class space    used 5313K, capacity 5615K, committed 5732K, reserved 1048576K
2019-02-22T17:26:28.039-0700: 81484.404: [GC (Allocation Failure) 2019-02-22T17:26:28.039-0700: 81484.404: [ParNew
Desired survivor size 20112992 bytes, new threshold 8 (max 8)
- age   1:     639144 bytes,     639144 total
- age   2:   11313200 bytes,   11952344 total
- age   3:    3980832 bytes,   15933176 total
- age   4:    1696864 bytes,   17630040 total
: 109128K->21824K(109248K), 0.0170893 secs] 342054K->258959K(502464K), 0.0171756 secs] [Times: user=0.06 sys=0.00, real=0.02 secs] 
Heap after GC invocations=291 (full 31):
 par new generation   total 109248K, used 21824K [0x00000000e0000000, 0x00000000e8000000, 0x00000000e8000000)
  eden space 87424K,   0% used [0x00000000e0000000, 0x00000000e0000000, 0x00000000e5560000)
  from space 21824K, 100% used [0x00000000e6ab0000, 0x00000000e8000000, 0x00000000e8000000)
  to   space 21824K,   0% used [0x00000000e5560000, 0x00000000e5560000, 0x00000000e6ab0000)
 concurrent mark-sweep generation total 393216K, used 237135K [0x00000000e8000000, 0x0000000100000000, 0x0000000100000000)
 Metaspace       used 43883K, capacity 45159K, committed 45376K, reserved 1089536K
  class space    used 5313K, capacity 5615K, committed 5732K, reserved 1048576K
}
2019-02-22T17:26:28.056-0700: 81484.421: Total time for which application threads were stopped: 0.0176085 seconds, Stopping threads took: 0.0000715 seconds
{Heap before GC invocations=291 (full 31):
 par new generation   total 109248K, used 109140K [0x00000000e0000000, 0x00000000e8000000, 0x00000000e8000000)
  eden space 87424K,  99% used [0x00000000e0000000, 0x00000000e5545060, 0x00000000e5560000)
  from space 21824K, 100% used [0x00000000e6ab0000, 0x00000000e8000000, 0x00000000e8000000)
  to   space 21824K,   0% used [0x00000000e5560000, 0x00000000e5560000, 0x00000000e6ab0000)
 concurrent mark-sweep generation total 393216K, used 237135K [0x00000000e8000000, 0x0000000100000000, 0x0000000100000000)
 Metaspace       used 43883K, capacity 45159K, committed 45376K, reserved 1089536K
  class space    used 5313K, capacity 5615K, committed 5732K, reserved 1048576K
2019-02-22T17:26:28.071-0700: 81484.436: [GC (Allocation Failure) 2019-02-22T17:26:28.071-0700: 81484.436: [ParNew
Desired survivor size 20112992 bytes, new threshold 8 (max 8)
- age   1:    1146440 bytes,    1146440 total
- age   2:     492384 bytes,    1638824 total
- age   3:   10124288 bytes,   11763112 total
- age   4:    3560496 bytes,   15323608 total
- age   5:    1478072 bytes,   16801680 total
: 109140K->21824K(109248K), 0.0115282 secs] 346275K->259337K(502464K), 0.0116490 secs] [Times: user=0.05 sys=0.00, real=0.01 secs] 
Heap after GC invocations=292 (full 31):
 par new generation   total 109248K, used 21824K [0x00000000e0000000, 0x00000000e8000000, 0x00000000e8000000)
  eden space 87424K,   0% used [0x00000000e0000000, 0x00000000e0000000, 0x00000000e5560000)
  from space 21824K, 100% used [0x00000000e5560000, 0x00000000e6ab0000, 0x00000000e6ab0000)
  to   space 21824K,   0% used [0x00000000e6ab0000, 0x00000000e6ab0000, 0x00000000e8000000)
 concurrent mark-sweep generation total 393216K, used 237513K [0x00000000e8000000, 0x0000000100000000, 0x0000000100000000)
 Metaspace       used 43883K, capacity 45159K, committed 45376K, reserved 1089536K
  class space    used 5313K, capacity 5615K, committed 5732K, reserved 1048576K
}
2019-02-22T17:26:28.083-0700: 81484.448: Total time for which application threads were stopped: 0.0121816 seconds, Stopping threads took: 0.0001002 seconds
2019-02-22T17:26:28.140-0700: 81484.505: [CMS-concurrent-abortable-preclean: 0.276/0.338 secs] [Times: user=0.94 sys=0.03, real=0.34 secs] 
2019-02-22T17:26:28.140-0700: 81484.505: [GC (CMS Final Remark) [YG occupancy: 95041 K (109248 K)]{Heap before GC invocations=292 (full 31):
 par new generation   total 109248K, used 95041K [0x00000000e0000000, 0x00000000e8000000, 0x00000000e8000000)
  eden space 87424K,  83% used [0x00000000e0000000, 0x00000000e4780718, 0x00000000e5560000)
  from space 21824K, 100% used [0x00000000e5560000, 0x00000000e6ab0000, 0x00000000e6ab0000)
  to   space 21824K,   0% used [0x00000000e6ab0000, 0x00000000e6ab0000, 0x00000000e8000000)
 concurrent mark-sweep generation total 393216K, used 237513K [0x00000000e8000000, 0x0000000100000000, 0x0000000100000000)
 Metaspace       used 43883K, capacity 45159K, committed 45376K, reserved 1089536K
  class space    used 5313K, capacity 5615K, committed 5732K, reserved 1048576K
2019-02-22T17:26:28.140-0700: 81484.505: [GC (CMS Final Remark) 2019-02-22T17:26:28.140-0700: 81484.506: [ParNew
Desired survivor size 20112992 bytes, new threshold 8 (max 8)
- age   1:    1549912 bytes,    1549912 total
- age   2:     951560 bytes,    2501472 total
- age   3:     490304 bytes,    2991776 total
- age   4:    7295360 bytes,   10287136 total
- age   5:    3420976 bytes,   13708112 total
- age   6:    1470744 bytes,   15178856 total
: 95041K->21321K(109248K), 0.0107875 secs] 332554K->258834K(502464K), 0.0108589 secs] [Times: user=0.00 sys=0.00, real=0.01 secs] 
Heap after GC invocations=293 (full 31):
 par new generation   total 109248K, used 21321K [0x00000000e0000000, 0x00000000e8000000, 0x00000000e8000000)
  eden space 87424K,   0% used [0x00000000e0000000, 0x00000000e0000000, 0x00000000e5560000)
  from space 21824K,  97% used [0x00000000e6ab0000, 0x00000000e7f82680, 0x00000000e8000000)
  to   space 21824K,   0% used [0x00000000e5560000, 0x00000000e5560000, 0x00000000e6ab0000)
 concurrent mark-sweep generation total 393216K, used 237513K [0x00000000e8000000, 0x0000000100000000, 0x0000000100000000)
 Metaspace       used 43883K, capacity 45159K, committed 45376K, reserved 1089536K
  class space    used 5313K, capacity 5615K, committed 5732K, reserved 1048576K
}
2019-02-22T17:26:28.150-0700: 81484.516: [Rescan (parallel) , 0.0066462 secs]2019-02-22T17:26:28.157-0700: 81484.523: [weak refs processing, 0.0006071 secs]2019-02-22T17:26:28.158-0700: 81484.524: [class unloading, 0.0111668 secs]2019-02-22T17:26:28.170-0700: 81484.535: [scrub symbol table, 0.0111607 secs]2019-02-22T17:26:28.181-0700: 81484.546: [scrub string table, 0.0007192 secs][1 CMS-remark: 237513K(393216K)] 258834K(502464K), 0.0415927 secs] [Times: user=0.08 sys=0.00, real=0.04 secs] 
2019-02-22T17:26:28.182-0700: 81484.547: Total time for which application threads were stopped: 0.0419592 seconds, Stopping threads took: 0.0000822 seconds
2019-02-22T17:26:28.182-0700: 81484.547: [CMS-concurrent-sweep-start]
2019-02-22T17:26:28.254-0700: 81484.619: [CMS-concurrent-sweep: 0.072/0.072 secs] [Times: user=0.34 sys=0.00, real=0.07 secs] 
2019-02-22T17:26:28.254-0700: 81484.619: [CMS-concurrent-reset-start]
2019-02-22T17:26:28.254-0700: 81484.620: [CMS-concurrent-reset: 0.001/0.001 secs] [Times: user=0.00 sys=0.00, real=0.00 secs] 
{Heap before GC invocations=293 (full 31):
 par new generation   total 109248K, used 108745K [0x00000000e0000000, 0x00000000e8000000, 0x00000000e8000000)
  eden space 87424K, 100% used [0x00000000e0000000, 0x00000000e5560000, 0x00000000e5560000)
  from space 21824K,  97% used [0x00000000e6ab0000, 0x00000000e7f82680, 0x00000000e8000000)
  to   space 21824K,   0% used [0x00000000e5560000, 0x00000000e5560000, 0x00000000e6ab0000)
 concurrent mark-sweep generation total 393216K, used 210164K [0x00000000e8000000, 0x0000000100000000, 0x0000000100000000)
 Metaspace       used 43887K, capacity 45159K, committed 45376K, reserved 1089536K
  class space    used 5313K, capacity 5615K, committed 5732K, reserved 1048576K
2019-02-22T17:26:28.314-0700: 81484.679: [GC (Allocation Failure) 2019-02-22T17:26:28.314-0700: 81484.679: [ParNew
Desired survivor size 20112992 bytes, new threshold 8 (max 8)
- age   1:    3795648 bytes,    3795648 total
- age   2:     967104 bytes,    4762752 total
- age   3:     501232 bytes,    5263984 total
- age   4:     358072 bytes,    5622056 total
- age   5:    7024440 bytes,   12646496 total
- age   6:    3251848 bytes,   15898344 total
- age   7:    1142088 bytes,   17040432 total
: 108745K->21824K(109248K), 0.0137834 secs] 318910K->231988K(502464K), 0.0138929 secs] [Times: user=0.00 sys=0.00, real=0.01 secs] 
Heap after GC invocations=294 (full 31):
 par new generation   total 109248K, used 21824K [0x00000000e0000000, 0x00000000e8000000, 0x00000000e8000000)
  eden space 87424K,   0% used [0x00000000e0000000, 0x00000000e0000000, 0x00000000e5560000)
  from space 21824K, 100% used [0x00000000e5560000, 0x00000000e6ab0000, 0x00000000e6ab0000)
  to   space 21824K,   0% used [0x00000000e6ab0000, 0x00000000e6ab0000, 0x00000000e8000000)
 concurrent mark-sweep generation total 393216K, used 210164K [0x00000000e8000000, 0x0000000100000000, 0x0000000100000000)
 Metaspace       used 43887K, capacity 45159K, committed 45376K, reserved 1089536K
  class space    used 5313K, capacity 5615K, committed 5732K, reserved 1048576K
}
2019-02-22T17:26:28.328-0700: 81484.693: Total time for which application threads were stopped: 0.0143653 seconds, Stopping threads took: 0.0000483 seconds
2019-02-22T17:26:28.328-0700: 81484.693: [GC (CMS Initial Mark) [1 CMS-initial-mark: 210164K(393216K)] 233231K(502464K), 0.0026057 secs] [Times: user=0.06 sys=0.00, real=0.00 secs] 
2019-02-22T17:26:28.331-0700: 81484.696: Total time for which application threads were stopped: 0.0030185 seconds, Stopping threads took: 0.0001167 seconds
2019-02-22T17:26:28.331-0700: 81484.696: [CMS-concurrent-mark-start]
2019-02-22T17:26:28.409-0700: 81484.774: [CMS-concurrent-mark: 0.078/0.078 secs] [Times: user=0.38 sys=0.00, real=0.08 secs] 
2019-02-22T17:26:28.409-0700: 81484.774: [CMS-concurrent-preclean-start]
2019-02-22T17:26:28.416-0700: 81484.782: [CMS-concurrent-preclean: 0.007/0.007 secs] [Times: user=0.00 sys=0.00, real=0.01 secs] 
2019-02-22T17:26:28.417-0700: 81484.782: [CMS-concurrent-abortable-preclean-start]
{Heap before GC invocations=294 (full 32):
 par new generation   total 109248K, used 109248K [0x00000000e0000000, 0x00000000e8000000, 0x00000000e8000000)
  eden space 87424K, 100% used [0x00000000e0000000, 0x00000000e5560000, 0x00000000e5560000)
  from space 21824K, 100% used [0x00000000e5560000, 0x00000000e6ab0000, 0x00000000e6ab0000)
  to   space 21824K,   0% used [0x00000000e6ab0000, 0x00000000e6ab0000, 0x00000000e8000000)
 concurrent mark-sweep generation total 393216K, used 210164K [0x00000000e8000000, 0x0000000100000000, 0x0000000100000000)
 Metaspace       used 43887K, capacity 45159K, committed 45376K, reserved 1089536K
  class space    used 5313K, capacity 5615K, committed 5732K, reserved 1048576K
2019-02-22T17:26:28.494-0700: 81484.860: [GC (Allocation Failure) 2019-02-22T17:26:28.494-0700: 81484.860: [ParNew
Desired survivor size 20112992 bytes, new threshold 8 (max 8)
- age   1:    2148976 bytes,    2148976 total
- age   2:    2594400 bytes,    4743376 total
- age   3:     863896 bytes,    5607272 total
- age   4:     403536 bytes,    6010808 total
- age   5:     357928 bytes,    6368736 total
- age   6:    7057080 bytes,   13425816 total
- age   7:    3237352 bytes,   16663168 total
- age   8:    1133864 bytes,   17797032 total
: 109248K->21824K(109248K), 0.0125327 secs] 319412K->231988K(502464K), 0.0126442 secs] [Times: user=0.06 sys=0.00, real=0.01 secs] 
Heap after GC invocations=295 (full 32):
 par new generation   total 109248K, used 21824K [0x00000000e0000000, 0x00000000e8000000, 0x00000000e8000000)
  eden space 87424K,   0% used [0x00000000e0000000, 0x00000000e0000000, 0x00000000e5560000)
  from space 21824K, 100% used [0x00000000e6ab0000, 0x00000000e8000000, 0x00000000e8000000)
  to   space 21824K,   0% used [0x00000000e5560000, 0x00000000e5560000, 0x00000000e6ab0000)
 concurrent mark-sweep generation total 393216K, used 210164K [0x00000000e8000000, 0x0000000100000000, 0x0000000100000000)
 Metaspace       used 43887K, capacity 45159K, committed 45376K, reserved 1089536K
  class space    used 5313K, capacity 5615K, committed 5732K, reserved 1048576K
}
2019-02-22T17:26:28.507-0700: 81484.873: Total time for which application threads were stopped: 0.0131994 seconds, Stopping threads took: 0.0001013 seconds
2019-02-22T17:26:28.594-0700: 81484.960: [CMS-concurrent-abortable-preclean: 0.162/0.178 secs] [Times: user=0.52 sys=0.01, real=0.18 secs] 
2019-02-22T17:26:28.594-0700: 81484.960: [GC (CMS Final Remark) [YG occupancy: 98015 K (109248 K)]{Heap before GC invocations=295 (full 32):
 par new generation   total 109248K, used 98015K [0x00000000e0000000, 0x00000000e8000000, 0x00000000e8000000)
  eden space 87424K,  87% used [0x00000000e0000000, 0x00000000e4a67e98, 0x00000000e5560000)
  from space 21824K, 100% used [0x00000000e6ab0000, 0x00000000e8000000, 0x00000000e8000000)
  to   space 21824K,   0% used [0x00000000e5560000, 0x00000000e5560000, 0x00000000e6ab0000)
 concurrent mark-sweep generation total 393216K, used 210164K [0x00000000e8000000, 0x0000000100000000, 0x0000000100000000)
 Metaspace       used 43887K, capacity 45159K, committed 45376K, reserved 1089536K
  class space    used 5313K, capacity 5615K, committed 5732K, reserved 1048576K
2019-02-22T17:26:28.594-0700: 81484.960: [GC (CMS Final Remark) 2019-02-22T17:26:28.594-0700: 81484.960: [ParNew
Desired survivor size 20112992 bytes, new threshold 8 (max 8)
- age   1:    2642488 bytes,    2642488 total
- age   2:    1023392 bytes,    3665880 total
- age   3:    2104432 bytes,    5770312 total
- age   4:     863896 bytes,    6634208 total
- age   5:     403536 bytes,    7037744 total
- age   6:     357120 bytes,    7394864 total
- age   7:    7057080 bytes,   14451944 total
- age   8:    3235128 bytes,   17687072 total
: 98015K->21824K(109248K), 0.0126113 secs] 308180K->233212K(502464K), 0.0126781 secs] [Times: user=0.00 sys=0.00, real=0.01 secs] 
Heap after GC invocations=296 (full 32):
 par new generation   total 109248K, used 21824K [0x00000000e0000000, 0x00000000e8000000, 0x00000000e8000000)
  eden space 87424K,   0% used [0x00000000e0000000, 0x00000000e0000000, 0x00000000e5560000)
  from space 21824K, 100% used [0x00000000e5560000, 0x00000000e6ab0000, 0x00000000e6ab0000)
  to   space 21824K,   0% used [0x00000000e6ab0000, 0x00000000e6ab0000, 0x00000000e8000000)
 concurrent mark-sweep generation total 393216K, used 211388K [0x00000000e8000000, 0x0000000100000000, 0x0000000100000000)
 Metaspace       used 43887K, capacity 45159K, committed 45376K, reserved 1089536K
  class space    used 5313K, capacity 5615K, committed 5732K, reserved 1048576K
}
2019-02-22T17:26:28.608-0700: 81484.973: [Rescan (parallel) , 0.0073335 secs]2019-02-22T17:26:28.615-0700: 81484.980: [weak refs processing, 0.0007973 secs]2019-02-22T17:26:28.615-0700: 81484.981: [class unloading, 0.0116228 secs]2019-02-22T17:26:28.627-0700: 81484.993: [scrub symbol table, 0.0116351 secs]2019-02-22T17:26:28.638-0700: 81485.004: [scrub string table, 0.0006611 secs][1 CMS-remark: 211388K(393216K)] 233212K(502464K), 0.0451644 secs] [Times: user=0.08 sys=0.00, real=0.04 secs] 
2019-02-22T17:26:28.639-0700: 81485.005: Total time for which application threads were stopped: 0.0454553 seconds, Stopping threads took: 0.0000776 seconds
2019-02-22T17:26:28.639-0700: 81485.005: [CMS-concurrent-sweep-start]
2019-02-22T17:26:28.696-0700: 81485.062: Total time for which application threads were stopped: 0.0002838 seconds, Stopping threads took: 0.0000493 seconds
2019-02-22T17:26:28.715-0700: 81485.080: [CMS-concurrent-sweep: 0.075/0.075 secs] [Times: user=0.24 sys=0.02, real=0.08 secs] 
2019-02-22T17:26:28.715-0700: 81485.080: [CMS-concurrent-reset-start]
2019-02-22T17:26:28.716-0700: 81485.081: [CMS-concurrent-reset: 0.001/0.001 secs] [Times: user=0.00 sys=0.00, real=0.00 secs] 
{Heap before GC invocations=296 (full 32):
 par new generation   total 109248K, used 109248K [0x00000000e0000000, 0x00000000e8000000, 0x00000000e8000000)
  eden space 87424K, 100% used [0x00000000e0000000, 0x00000000e5560000, 0x00000000e5560000)
  from space 21824K, 100% used [0x00000000e5560000, 0x00000000e6ab0000, 0x00000000e6ab0000)
  to   space 21824K,   0% used [0x00000000e6ab0000, 0x00000000e6ab0000, 0x00000000e8000000)
 concurrent mark-sweep generation total 393216K, used 195550K [0x00000000e8000000, 0x0000000100000000, 0x0000000100000000)
 Metaspace       used 43904K, capacity 45159K, committed 45376K, reserved 1089536K
  class space    used 5313K, capacity 5615K, committed 5732K, reserved 1048576K
2019-02-22T17:26:28.718-0700: 81485.084: [GC (Allocation Failure) 2019-02-22T17:26:28.718-0700: 81485.084: [ParNew
Desired survivor size 20112992 bytes, new threshold 8 (max 8)
- age   1:    5510064 bytes,    5510064 total
- age   2:    1872984 bytes,    7383048 total
- age   3:     486808 bytes,    7869856 total
- age   4:    1266064 bytes,    9135920 total
- age   5:     783856 bytes,    9919776 total
- age   6:     398488 bytes,   10318264 total
- age   7:     351464 bytes,   10669728 total
- age   8:    6779192 bytes,   17448920 total
: 109248K->20876K(109248K), 0.0160190 secs] 304798K->219391K(502464K), 0.0161192 secs] [Times: user=0.08 sys=0.02, real=0.02 secs] 
Heap after GC invocations=297 (full 32):
 par new generation   total 109248K, used 20876K [0x00000000e0000000, 0x00000000e8000000, 0x00000000e8000000)
  eden space 87424K,   0% used [0x00000000e0000000, 0x00000000e0000000, 0x00000000e5560000)
  from space 21824K,  95% used [0x00000000e6ab0000, 0x00000000e7f13330, 0x00000000e8000000)
  to   space 21824K,   0% used [0x00000000e5560000, 0x00000000e5560000, 0x00000000e6ab0000)
 concurrent mark-sweep generation total 393216K, used 198514K [0x00000000e8000000, 0x0000000100000000, 0x0000000100000000)
 Metaspace       used 43904K, capacity 45159K, committed 45376K, reserved 1089536K
  class space    used 5313K, capacity 5615K, committed 5732K, reserved 1048576K
}
2019-02-22T17:26:28.735-0700: 81485.100: Total time for which application threads were stopped: 0.0166266 seconds, Stopping threads took: 0.0000787 seconds
2019-02-22T17:26:28.735-0700: 81485.100: [GC (CMS Initial Mark) [1 CMS-initial-mark: 198514K(393216K)] 220995K(502464K), 0.0028088 secs] [Times: user=0.00 sys=0.00, real=0.00 secs] 
2019-02-22T17:26:28.738-0700: 81485.103: Total time for which application threads were stopped: 0.0031342 seconds, Stopping threads took: 0.0000992 seconds
2019-02-22T17:26:28.738-0700: 81485.103: [CMS-concurrent-mark-start]
2019-02-22T17:26:28.815-0700: 81485.180: [CMS-concurrent-mark: 0.077/0.077 secs] [Times: user=0.41 sys=0.00, real=0.08 secs] 
2019-02-22T17:26:28.815-0700: 81485.180: [CMS-concurrent-preclean-start]
2019-02-22T17:26:28.834-0700: 81485.199: [CMS-concurrent-preclean: 0.018/0.019 secs] [Times: user=0.05 sys=0.00, real=0.02 secs] 
2019-02-22T17:26:28.834-0700: 81485.199: [CMS-concurrent-abortable-preclean-start]
{Heap before GC invocations=297 (full 33):
 par new generation   total 109248K, used 108300K [0x00000000e0000000, 0x00000000e8000000, 0x00000000e8000000)
  eden space 87424K, 100% used [0x00000000e0000000, 0x00000000e5560000, 0x00000000e5560000)
  from space 21824K,  95% used [0x00000000e6ab0000, 0x00000000e7f13330, 0x00000000e8000000)
  to   space 21824K,   0% used [0x00000000e5560000, 0x00000000e5560000, 0x00000000e6ab0000)
 concurrent mark-sweep generation total 393216K, used 198514K [0x00000000e8000000, 0x0000000100000000, 0x0000000100000000)
 Metaspace       used 43904K, capacity 45159K, committed 45376K, reserved 1089536K
  class space    used 5313K, capacity 5615K, committed 5732K, reserved 1048576K
2019-02-22T17:26:28.955-0700: 81485.320: [GC (Allocation Failure) 2019-02-22T17:26:28.955-0700: 81485.320: [ParNew
Desired survivor size 20112992 bytes, new threshold 4 (max 8)
- age   1:   14320192 bytes,   14320192 total
- age   2:    4734648 bytes,   19054840 total
- age   3:     819808 bytes,   19874648 total
- age   4:     386392 bytes,   20261040 total
- age   5:    1067432 bytes,   21328472 total
- age   6:     249600 bytes,   21578072 total
- age   7:     398488 bytes,   21976560 total
- age   8:     309624 bytes,   22286184 total
: 108300K->21824K(109248K), 0.0266640 secs] 306815K->240665K(502464K), 0.0267843 secs] [Times: user=0.06 sys=0.00, real=0.03 secs] 
Heap after GC invocations=298 (full 33):
 par new generation   total 109248K, used 21824K [0x00000000e0000000, 0x00000000e8000000, 0x00000000e8000000)
  eden space 87424K,   0% used [0x00000000e0000000, 0x00000000e0000000, 0x00000000e5560000)
  from space 21824K, 100% used [0x00000000e5560000, 0x00000000e6ab0000, 0x00000000e6ab0000)
  to   space 21824K,   0% used [0x00000000e6ab0000, 0x00000000e6ab0000, 0x00000000e8000000)
 concurrent mark-sweep generation total 393216K, used 218841K [0x00000000e8000000, 0x0000000100000000, 0x0000000100000000)
 Metaspace       used 43904K, capacity 45159K, committed 45376K, reserved 1089536K
  class space    used 5313K, capacity 5615K, committed 5732K, reserved 1048576K
}
2019-02-22T17:26:28.982-0700: 81485.347: Total time for which application threads were stopped: 0.0273097 seconds, Stopping threads took: 0.0000776 seconds
2019-02-22T17:26:29.127-0700: 81485.493: [CMS-concurrent-abortable-preclean: 0.262/0.294 secs] [Times: user=0.89 sys=0.00, real=0.29 secs] 
2019-02-22T17:26:29.128-0700: 81485.493: [GC (CMS Final Remark) [YG occupancy: 81414 K (109248 K)]{Heap before GC invocations=298 (full 33):
 par new generation   total 109248K, used 81414K [0x00000000e0000000, 0x00000000e8000000, 0x00000000e8000000)
  eden space 87424K,  68% used [0x00000000e0000000, 0x00000000e3a31958, 0x00000000e5560000)
  from space 21824K, 100% used [0x00000000e5560000, 0x00000000e6ab0000, 0x00000000e6ab0000)
  to   space 21824K,   0% used [0x00000000e6ab0000, 0x00000000e6ab0000, 0x00000000e8000000)
 concurrent mark-sweep generation total 393216K, used 218841K [0x00000000e8000000, 0x0000000100000000, 0x0000000100000000)
 Metaspace       used 43904K, capacity 45159K, committed 45376K, reserved 1089536K
  class space    used 5313K, capacity 5615K, committed 5732K, reserved 1048576K
2019-02-22T17:26:29.128-0700: 81485.493: [GC (CMS Final Remark) 2019-02-22T17:26:29.128-0700: 81485.493: [ParNew
Desired survivor size 20112992 bytes, new threshold 3 (max 8)
- age   1:   11108992 bytes,   11108992 total
- age   2:    6517224 bytes,   17626216 total
- age   3:    4117272 bytes,   21743488 total
- age   4:     538664 bytes,   22282152 total
: 81414K->21824K(109248K), 0.0230266 secs] 300255K->252007K(502464K), 0.0230909 secs] [Times: user=0.06 sys=0.00, real=0.02 secs] 
Heap after GC invocations=299 (full 33):
 par new generation   total 109248K, used 21824K [0x00000000e0000000, 0x00000000e8000000, 0x00000000e8000000)
  eden space 87424K,   0% used [0x00000000e0000000, 0x00000000e0000000, 0x00000000e5560000)
  from space 21824K, 100% used [0x00000000e6ab0000, 0x00000000e8000000, 0x00000000e8000000)
  to   space 21824K,   0% used [0x00000000e5560000, 0x00000000e5560000, 0x00000000e6ab0000)
 concurrent mark-sweep generation total 393216K, used 230183K [0x00000000e8000000, 0x0000000100000000, 0x0000000100000000)
 Metaspace       used 43904K, capacity 45159K, committed 45376K, reserved 1089536K
  class space    used 5313K, capacity 5615K, committed 5732K, reserved 1048576K
}
2019-02-22T17:26:29.151-0700: 81485.516: [Rescan (parallel) , 0.0095193 secs]2019-02-22T17:26:29.161-0700: 81485.526: [weak refs processing, 0.0014306 secs]2019-02-22T17:26:29.162-0700: 81485.527: [class unloading, 0.0130375 secs]2019-02-22T17:26:29.175-0700: 81485.540: [scrub symbol table, 0.0115734 secs]2019-02-22T17:26:29.187-0700: 81485.552: [scrub string table, 0.0007634 secs][1 CMS-remark: 230183K(393216K)] 252007K(502464K), 0.0598602 secs] [Times: user=0.16 sys=0.00, real=0.06 secs] 
2019-02-22T17:26:29.188-0700: 81485.553: Total time for which application threads were stopped: 0.0601039 seconds, Stopping threads took: 0.0000648 seconds
2019-02-22T17:26:29.188-0700: 81485.553: [CMS-concurrent-sweep-start]
2019-02-22T17:26:29.251-0700: 81485.616: [CMS-concurrent-sweep: 0.063/0.063 secs] [Times: user=0.20 sys=0.00, real=0.06 secs] 
2019-02-22T17:26:29.251-0700: 81485.616: [CMS-concurrent-reset-start]
2019-02-22T17:26:29.251-0700: 81485.617: [CMS-concurrent-reset: 0.000/0.000 secs] [Times: user=0.00 sys=0.00, real=0.00 secs] 
{Heap before GC invocations=299 (full 33):
 par new generation   total 109248K, used 109248K [0x00000000e0000000, 0x00000000e8000000, 0x00000000e8000000)
  eden space 87424K, 100% used [0x00000000e0000000, 0x00000000e5560000, 0x00000000e5560000)
  from space 21824K, 100% used [0x00000000e6ab0000, 0x00000000e8000000, 0x00000000e8000000)
  to   space 21824K,   0% used [0x00000000e5560000, 0x00000000e5560000, 0x00000000e6ab0000)
 concurrent mark-sweep generation total 393216K, used 228335K [0x00000000e8000000, 0x0000000100000000, 0x0000000100000000)
 Metaspace       used 43904K, capacity 45159K, committed 45376K, reserved 1089536K
  class space    used 5313K, capacity 5615K, committed 5732K, reserved 1048576K
2019-02-22T17:26:29.481-0700: 81485.847: [GC (Allocation Failure) 2019-02-22T17:26:29.481-0700: 81485.847: [ParNew
Desired survivor size 20112992 bytes, new threshold 3 (max 8)
- age   1:    6012480 bytes,    6012480 total
- age   2:    9035448 bytes,   15047928 total
- age   3:    5459040 bytes,   20506968 total
: 109248K->21824K(109248K), 0.0202065 secs] 337583K->256502K(502464K), 0.0202934 secs] [Times: user=0.08 sys=0.00, real=0.02 secs] 
Heap after GC invocations=300 (full 33):
 par new generation   total 109248K, used 21824K [0x00000000e0000000, 0x00000000e8000000, 0x00000000e8000000)
  eden space 87424K,   0% used [0x00000000e0000000, 0x00000000e0000000, 0x00000000e5560000)
  from space 21824K, 100% used [0x00000000e5560000, 0x00000000e6ab0000, 0x00000000e6ab0000)
  to   space 21824K,   0% used [0x00000000e6ab0000, 0x00000000e6ab0000, 0x00000000e8000000)
 concurrent mark-sweep generation total 393216K, used 234678K [0x00000000e8000000, 0x0000000100000000, 0x0000000100000000)
 Metaspace       used 43904K, capacity 45159K, committed 45376K, reserved 1089536K
  class space    used 5313K, capacity 5615K, committed 5732K, reserved 1048576K
}
2019-02-22T17:26:29.502-0700: 81485.868: Total time for which application threads were stopped: 0.0206604 seconds, Stopping threads took: 0.0000370 seconds
2019-02-22T17:26:29.502-0700: 81485.868: [GC (CMS Initial Mark) [1 CMS-initial-mark: 234678K(393216K)] 257301K(502464K), 0.0018249 secs] [Times: user=0.00 sys=0.00, real=0.00 secs] 
2019-02-22T17:26:29.504-0700: 81485.870: Total time for which application threads were stopped: 0.0021133 seconds, Stopping threads took: 0.0001275 seconds
2019-02-22T17:26:29.504-0700: 81485.870: [CMS-concurrent-mark-start]
{Heap before GC invocations=300 (full 34):
 par new generation   total 109248K, used 109248K [0x00000000e0000000, 0x00000000e8000000, 0x00000000e8000000)
  eden space 87424K, 100% used [0x00000000e0000000, 0x00000000e5560000, 0x00000000e5560000)
  from space 21824K, 100% used [0x00000000e5560000, 0x00000000e6ab0000, 0x00000000e6ab0000)
  to   space 21824K,   0% used [0x00000000e6ab0000, 0x00000000e6ab0000, 0x00000000e8000000)
 concurrent mark-sweep generation total 393216K, used 234678K [0x00000000e8000000, 0x0000000100000000, 0x0000000100000000)
 Metaspace       used 43904K, capacity 45159K, committed 45376K, reserved 1089536K
  class space    used 5313K, capacity 5615K, committed 5732K, reserved 1048576K
2019-02-22T17:26:29.542-0700: 81485.908: [GC (Allocation Failure) 2019-02-22T17:26:29.543-0700: 81485.908: [ParNew
Desired survivor size 20112992 bytes, new threshold 8 (max 8)
- age   1:    2366688 bytes,    2366688 total
- age   2:    5833144 bytes,    8199832 total
- age   3:    7293128 bytes,   15492960 total
: 109248K->20360K(109248K), 0.0148881 secs] 343926K->260323K(502464K), 0.0150048 secs] [Times: user=0.06 sys=0.00, real=0.02 secs] 
Heap after GC invocations=301 (full 34):
 par new generation   total 109248K, used 20360K [0x00000000e0000000, 0x00000000e8000000, 0x00000000e8000000)
  eden space 87424K,   0% used [0x00000000e0000000, 0x00000000e0000000, 0x00000000e5560000)
  from space 21824K,  93% used [0x00000000e6ab0000, 0x00000000e7e92340, 0x00000000e8000000)
  to   space 21824K,   0% used [0x00000000e5560000, 0x00000000e5560000, 0x00000000e6ab0000)
 concurrent mark-sweep generation total 393216K, used 239963K [0x00000000e8000000, 0x0000000100000000, 0x0000000100000000)
 Metaspace       used 43904K, capacity 45159K, committed 45376K, reserved 1089536K
  class space    used 5313K, capacity 5615K, committed 5732K, reserved 1048576K
}
2019-02-22T17:26:29.558-0700: 81485.923: Total time for which application threads were stopped: 0.0154242 seconds, Stopping threads took: 0.0000422 seconds
{Heap before GC invocations=301 (full 34):
 par new generation   total 109248K, used 107278K [0x00000000e0000000, 0x00000000e8000000, 0x00000000e8000000)
  eden space 87424K,  99% used [0x00000000e0000000, 0x00000000e54e1588, 0x00000000e5560000)
  from space 21824K,  93% used [0x00000000e6ab0000, 0x00000000e7e92340, 0x00000000e8000000)
  to   space 21824K,   0% used [0x00000000e5560000, 0x00000000e5560000, 0x00000000e6ab0000)
 concurrent mark-sweep generation total 393216K, used 239963K [0x00000000e8000000, 0x0000000100000000, 0x0000000100000000)
 Metaspace       used 43904K, capacity 45159K, committed 45376K, reserved 1089536K
  class space    used 5313K, capacity 5615K, committed 5732K, reserved 1048576K
2019-02-22T17:26:29.573-0700: 81485.938: [GC (Allocation Failure) 2019-02-22T17:26:29.573-0700: 81485.938: [ParNew
Desired survivor size 20112992 bytes, new threshold 8 (max 8)
- age   1:     807784 bytes,     807784 total
- age   2:    2364856 bytes,    3172640 total
- age   3:    5860048 bytes,    9032688 total
- age   4:    6816880 bytes,   15849568 total
: 107278K->21503K(109248K), 0.0098236 secs] 347241K->261466K(502464K), 0.0099233 secs] [Times: user=0.06 sys=0.00, real=0.01 secs] 
Heap after GC invocations=302 (full 34):
 par new generation   total 109248K, used 21503K [0x00000000e0000000, 0x00000000e8000000, 0x00000000e8000000)
  eden space 87424K,   0% used [0x00000000e0000000, 0x00000000e0000000, 0x00000000e5560000)
  from space 21824K,  98% used [0x00000000e5560000, 0x00000000e6a5ff40, 0x00000000e6ab0000)
  to   space 21824K,   0% used [0x00000000e6ab0000, 0x00000000e6ab0000, 0x00000000e8000000)
 concurrent mark-sweep generation total 393216K, used 239963K [0x00000000e8000000, 0x0000000100000000, 0x0000000100000000)
 Metaspace       used 43904K, capacity 45159K, committed 45376K, reserved 1089536K
  class space    used 5313K, capacity 5615K, committed 5732K, reserved 1048576K
}
2019-02-22T17:26:29.583-0700: 81485.948: Total time for which application threads were stopped: 0.0103829 seconds, Stopping threads took: 0.0000956 seconds
2019-02-22T17:26:29.613-0700: 81485.979: [CMS-concurrent-mark: 0.083/0.109 secs] [Times: user=0.56 sys=0.02, real=0.11 secs] 
2019-02-22T17:26:29.613-0700: 81485.979: [CMS-concurrent-preclean-start]
2019-02-22T17:26:29.657-0700: 81486.023: [CMS-concurrent-preclean: 0.041/0.044 secs] [Times: user=0.20 sys=0.02, real=0.04 secs] 
2019-02-22T17:26:29.657-0700: 81486.023: [CMS-concurrent-abortable-preclean-start]
{Heap before GC invocations=302 (full 34):
 par new generation   total 109248K, used 108927K [0x00000000e0000000, 0x00000000e8000000, 0x00000000e8000000)
  eden space 87424K, 100% used [0x00000000e0000000, 0x00000000e5560000, 0x00000000e5560000)
  from space 21824K,  98% used [0x00000000e5560000, 0x00000000e6a5ff40, 0x00000000e6ab0000)
  to   space 21824K,   0% used [0x00000000e6ab0000, 0x00000000e6ab0000, 0x00000000e8000000)
 concurrent mark-sweep generation total 393216K, used 239963K [0x00000000e8000000, 0x0000000100000000, 0x0000000100000000)
 Metaspace       used 43904K, capacity 45159K, committed 45376K, reserved 1089536K
  class space    used 5313K, capacity 5615K, committed 5732K, reserved 1048576K
2019-02-22T17:26:29.666-0700: 81486.032: [GC (Allocation Failure) 2019-02-22T17:26:29.666-0700: 81486.032: [ParNew
Desired survivor size 20112992 bytes, new threshold 8 (max 8)
- age   1:    2812616 bytes,    2812616 total
- age   2:     185872 bytes,    2998488 total
- age   3:    2338568 bytes,    5337056 total
- age   4:    5593160 bytes,   10930216 total
- age   5:    4998448 bytes,   15928664 total
: 108927K->19053K(109248K), 0.0091080 secs] 348890K->259016K(502464K), 0.0092129 secs] [Times: user=0.08 sys=0.00, real=0.01 secs] 
Heap after GC invocations=303 (full 34):
 par new generation   total 109248K, used 19053K [0x00000000e0000000, 0x00000000e8000000, 0x00000000e8000000)
  eden space 87424K,   0% used [0x00000000e0000000, 0x00000000e0000000, 0x00000000e5560000)
  from space 21824K,  87% used [0x00000000e6ab0000, 0x00000000e7d4b640, 0x00000000e8000000)
  to   space 21824K,   0% used [0x00000000e5560000, 0x00000000e5560000, 0x00000000e6ab0000)
 concurrent mark-sweep generation total 393216K, used 239963K [0x00000000e8000000, 0x0000000100000000, 0x0000000100000000)
 Metaspace       used 43904K, capacity 45159K, committed 45376K, reserved 1089536K
  class space    used 5313K, capacity 5615K, committed 5732K, reserved 1048576K
}
2019-02-22T17:26:29.676-0700: 81486.041: Total time for which application threads were stopped: 0.0096627 seconds, Stopping threads took: 0.0000637 seconds
2019-02-22T17:26:29.707-0700: 81486.072: [CMS-concurrent-abortable-preclean: 0.038/0.050 secs] [Times: user=0.16 sys=0.02, real=0.05 secs] 
2019-02-22T17:26:29.707-0700: 81486.073: [GC (CMS Final Remark) [YG occupancy: 81952 K (109248 K)]{Heap before GC invocations=303 (full 34):
 par new generation   total 109248K, used 81952K [0x00000000e0000000, 0x00000000e8000000, 0x00000000e8000000)
  eden space 87424K,  71% used [0x00000000e0000000, 0x00000000e3d6cb20, 0x00000000e5560000)
  from space 21824K,  87% used [0x00000000e6ab0000, 0x00000000e7d4b640, 0x00000000e8000000)
  to   space 21824K,   0% used [0x00000000e5560000, 0x00000000e5560000, 0x00000000e6ab0000)
 concurrent mark-sweep generation total 393216K, used 239963K [0x00000000e8000000, 0x0000000100000000, 0x0000000100000000)
 Metaspace       used 43904K, capacity 45159K, committed 45376K, reserved 1089536K
  class space    used 5313K, capacity 5615K, committed 5732K, reserved 1048576K
2019-02-22T17:26:29.707-0700: 81486.073: [GC (CMS Final Remark) 2019-02-22T17:26:29.707-0700: 81486.073: [ParNew
Desired survivor size 20112992 bytes, new threshold 8 (max 8)
- age   1:     920232 bytes,     920232 total
- age   2:    2362576 bytes,    3282808 total
- age   3:     183304 bytes,    3466112 total
- age   4:    2189888 bytes,    5656000 total
- age   5:    5374200 bytes,   11030200 total
- age   6:    4998448 bytes,   16028648 total
: 81952K->21824K(109248K), 0.0114336 secs] 321915K->261787K(502464K), 0.0114927 secs] [Times: user=0.02 sys=0.00, real=0.01 secs] 
Heap after GC invocations=304 (full 34):
 par new generation   total 109248K, used 21824K [0x00000000e0000000, 0x00000000e8000000, 0x00000000e8000000)
  eden space 87424K,   0% used [0x00000000e0000000, 0x00000000e0000000, 0x00000000e5560000)
  from space 21824K, 100% used [0x00000000e5560000, 0x00000000e6ab0000, 0x00000000e6ab0000)
  to   space 21824K,   0% used [0x00000000e6ab0000, 0x00000000e6ab0000, 0x00000000e8000000)
 concurrent mark-sweep generation total 393216K, used 239963K [0x00000000e8000000, 0x0000000100000000, 0x0000000100000000)
 Metaspace       used 43904K, capacity 45159K, committed 45376K, reserved 1089536K
  class space    used 5313K, capacity 5615K, committed 5732K, reserved 1048576K
}
2019-02-22T17:26:29.719-0700: 81486.084: [Rescan (parallel) , 0.0054089 secs]2019-02-22T17:26:29.724-0700: 81486.090: [weak refs processing, 0.0004842 secs]2019-02-22T17:26:29.725-0700: 81486.090: [class unloading, 0.0101300 secs]2019-02-22T17:26:29.735-0700: 81486.100: [scrub symbol table, 0.0106260 secs]2019-02-22T17:26:29.745-0700: 81486.111: [scrub string table, 0.0005578 secs][1 CMS-remark: 239963K(393216K)] 261787K(502464K), 0.0390651 secs] [Times: user=0.03 sys=0.00, real=0.04 secs] 
2019-02-22T17:26:29.746-0700: 81486.112: Total time for which application threads were stopped: 0.0393504 seconds, Stopping threads took: 0.0000648 seconds
2019-02-22T17:26:29.746-0700: 81486.112: [CMS-concurrent-sweep-start]
{Heap before GC invocations=304 (full 34):
 par new generation   total 109248K, used 109248K [0x00000000e0000000, 0x00000000e8000000, 0x00000000e8000000)
  eden space 87424K, 100% used [0x00000000e0000000, 0x00000000e5560000, 0x00000000e5560000)
  from space 21824K, 100% used [0x00000000e5560000, 0x00000000e6ab0000, 0x00000000e6ab0000)
  to   space 21824K,   0% used [0x00000000e6ab0000, 0x00000000e6ab0000, 0x00000000e8000000)
 concurrent mark-sweep generation total 393216K, used 204206K [0x00000000e8000000, 0x0000000100000000, 0x0000000100000000)
 Metaspace       used 43904K, capacity 45159K, committed 45376K, reserved 1089536K
  class space    used 5313K, capacity 5615K, committed 5732K, reserved 1048576K
2019-02-22T17:26:29.817-0700: 81486.182: [GC (Allocation Failure) 2019-02-22T17:26:29.817-0700: 81486.182: [ParNew
Desired survivor size 20112992 bytes, new threshold 8 (max 8)
- age   1:    4861728 bytes,    4861728 total
- age   2:     390992 bytes,    5252720 total
- age   3:    1758176 bytes,    7010896 total
- age   4:     168664 bytes,    7179560 total
- age   5:    2027152 bytes,    9206712 total
- age   6:    4306240 bytes,   13512952 total
- age   7:    4629776 bytes,   18142728 total
: 109248K->20919K(109248K), 0.0107648 secs] 313454K->225126K(502464K), 0.0108630 secs] [Times: user=0.00 sys=0.00, real=0.01 secs] 
Heap after GC invocations=305 (full 34):
 par new generation   total 109248K, used 20919K [0x00000000e0000000, 0x00000000e8000000, 0x00000000e8000000)
  eden space 87424K,   0% used [0x00000000e0000000, 0x00000000e0000000, 0x00000000e5560000)
  from space 21824K,  95% used [0x00000000e6ab0000, 0x00000000e7f1df78, 0x00000000e8000000)
  to   space 21824K,   0% used [0x00000000e5560000, 0x00000000e5560000, 0x00000000e6ab0000)
 concurrent mark-sweep generation total 393216K, used 204206K [0x00000000e8000000, 0x0000000100000000, 0x0000000100000000)
 Metaspace       used 43904K, capacity 45159K, committed 45376K, reserved 1089536K
  class space    used 5313K, capacity 5615K, committed 5732K, reserved 1048576K
}
2019-02-22T17:26:29.828-0700: 81486.193: Total time for which application threads were stopped: 0.0112640 seconds, Stopping threads took: 0.0000555 seconds
2019-02-22T17:26:29.832-0700: 81486.197: [CMS-concurrent-sweep: 0.074/0.085 secs] [Times: user=0.34 sys=0.00, real=0.09 secs] 
2019-02-22T17:26:29.832-0700: 81486.197: [CMS-concurrent-reset-start]
2019-02-22T17:26:29.833-0700: 81486.198: [CMS-concurrent-reset: 0.001/0.001 secs] [Times: user=0.00 sys=0.00, real=0.00 secs] 
{Heap before GC invocations=305 (full 34):
 par new generation   total 109248K, used 108343K [0x00000000e0000000, 0x00000000e8000000, 0x00000000e8000000)
  eden space 87424K, 100% used [0x00000000e0000000, 0x00000000e5560000, 0x00000000e5560000)
  from space 21824K,  95% used [0x00000000e6ab0000, 0x00000000e7f1df78, 0x00000000e8000000)
  to   space 21824K,   0% used [0x00000000e5560000, 0x00000000e5560000, 0x00000000e6ab0000)
 concurrent mark-sweep generation total 393216K, used 201184K [0x00000000e8000000, 0x0000000100000000, 0x0000000100000000)
 Metaspace       used 43909K, capacity 45159K, committed 45376K, reserved 1089536K
  class space    used 5313K, capacity 5615K, committed 5732K, reserved 1048576K
2019-02-22T17:26:30.040-0700: 81486.406: [GC (Allocation Failure) 2019-02-22T17:26:30.040-0700: 81486.406: [ParNew
Desired survivor size 20112992 bytes, new threshold 8 (max 8)
- age   1:    7310376 bytes,    7310376 total
- age   2:    2424928 bytes,    9735304 total
- age   3:     158136 bytes,    9893440 total
- age   4:     861768 bytes,   10755208 total
- age   5:     163648 bytes,   10918856 total
- age   6:    1366944 bytes,   12285800 total
- age   7:    3640168 bytes,   15925968 total
- age   8:    4234216 bytes,   20160184 total
: 108343K->21824K(109248K), 0.0145215 secs] 309528K->223893K(502464K), 0.0146136 secs] [Times: user=0.06 sys=0.00, real=0.02 secs] 
Heap after GC invocations=306 (full 34):
 par new generation   total 109248K, used 21824K [0x00000000e0000000, 0x00000000e8000000, 0x00000000e8000000)
  eden space 87424K,   0% used [0x00000000e0000000, 0x00000000e0000000, 0x00000000e5560000)
  from space 21824K, 100% used [0x00000000e5560000, 0x00000000e6ab0000, 0x00000000e6ab0000)
  to   space 21824K,   0% used [0x00000000e6ab0000, 0x00000000e6ab0000, 0x00000000e8000000)
 concurrent mark-sweep generation total 393216K, used 202069K [0x00000000e8000000, 0x0000000100000000, 0x0000000100000000)
 Metaspace       used 43909K, capacity 45159K, committed 45376K, reserved 1089536K
  class space    used 5313K, capacity 5615K, committed 5732K, reserved 1048576K
}
2019-02-22T17:26:30.055-0700: 81486.420: Total time for which application threads were stopped: 0.0150593 seconds, Stopping threads took: 0.0000735 seconds
2019-02-22T17:26:30.055-0700: 81486.421: [GC (CMS Initial Mark) [1 CMS-initial-mark: 202069K(393216K)] 224100K(502464K), 0.0022115 secs] [Times: user=0.00 sys=0.00, real=0.00 secs] 
2019-02-22T17:26:30.058-0700: 81486.423: Total time for which application threads were stopped: 0.0024829 seconds, Stopping threads took: 0.0001049 seconds
2019-02-22T17:26:30.058-0700: 81486.423: [CMS-concurrent-mark-start]
2019-02-22T17:26:30.125-0700: 81486.491: [CMS-concurrent-mark: 0.068/0.068 secs] [Times: user=0.45 sys=0.00, real=0.07 secs] 
2019-02-22T17:26:30.125-0700: 81486.491: [CMS-concurrent-preclean-start]
2019-02-22T17:26:30.137-0700: 81486.502: [CMS-concurrent-preclean: 0.010/0.011 secs] [Times: user=0.00 sys=0.00, real=0.01 secs] 
2019-02-22T17:26:30.137-0700: 81486.502: [CMS-concurrent-abortable-preclean-start]
{Heap before GC invocations=306 (full 35):
 par new generation   total 109248K, used 109248K [0x00000000e0000000, 0x00000000e8000000, 0x00000000e8000000)
  eden space 87424K, 100% used [0x00000000e0000000, 0x00000000e5560000, 0x00000000e5560000)
  from space 21824K, 100% used [0x00000000e5560000, 0x00000000e6ab0000, 0x00000000e6ab0000)
  to   space 21824K,   0% used [0x00000000e6ab0000, 0x00000000e6ab0000, 0x00000000e8000000)
 concurrent mark-sweep generation total 393216K, used 202069K [0x00000000e8000000, 0x0000000100000000, 0x0000000100000000)
 Metaspace       used 43909K, capacity 45159K, committed 45376K, reserved 1089536K
  class space    used 5313K, capacity 5615K, committed 5732K, reserved 1048576K
2019-02-22T17:26:30.279-0700: 81486.645: [GC (Allocation Failure) 2019-02-22T17:26:30.279-0700: 81486.645: [ParNew
Desired survivor size 20112992 bytes, new threshold 8 (max 8)
- age   1:    7977664 bytes,    7977664 total
- age   2:    6357568 bytes,   14335232 total
- age   3:    1853960 bytes,   16189192 total
- age   4:     138360 bytes,   16327552 total
- age   5:     794680 bytes,   17122232 total
- age   6:     162328 bytes,   17284560 total
- age   7:    1357312 bytes,   18641872 total
- age   8:    3639968 bytes,   22281840 total
: 109248K->21824K(109248K), 0.0260544 secs] 311317K->244204K(502464K), 0.0261361 secs] [Times: user=0.13 sys=0.00, real=0.03 secs] 
Heap after GC invocations=307 (full 35):
 par new generation   total 109248K, used 21824K [0x00000000e0000000, 0x00000000e8000000, 0x00000000e8000000)
  eden space 87424K,   0% used [0x00000000e0000000, 0x00000000e0000000, 0x00000000e5560000)
  from space 21824K, 100% used [0x00000000e6ab0000, 0x00000000e8000000, 0x00000000e8000000)
  to   space 21824K,   0% used [0x00000000e5560000, 0x00000000e5560000, 0x00000000e6ab0000)
 concurrent mark-sweep generation total 393216K, used 222380K [0x00000000e8000000, 0x0000000100000000, 0x0000000100000000)
 Metaspace       used 43909K, capacity 45159K, committed 45376K, reserved 1089536K
  class space    used 5313K, capacity 5615K, committed 5732K, reserved 1048576K
}
2019-02-22T17:26:30.305-0700: 81486.671: Total time for which application threads were stopped: 0.0265998 seconds, Stopping threads took: 0.0001295 seconds
2019-02-22T17:26:30.469-0700: 81486.834: [CMS-concurrent-abortable-preclean: 0.300/0.332 secs] [Times: user=0.89 sys=0.00, real=0.33 secs] 
2019-02-22T17:26:30.469-0700: 81486.834: [GC (CMS Final Remark) [YG occupancy: 77413 K (109248 K)]{Heap before GC invocations=307 (full 35):
 par new generation   total 109248K, used 77413K [0x00000000e0000000, 0x00000000e8000000, 0x00000000e8000000)
  eden space 87424K,  63% used [0x00000000e0000000, 0x00000000e36497d0, 0x00000000e5560000)
  from space 21824K, 100% used [0x00000000e6ab0000, 0x00000000e8000000, 0x00000000e8000000)
  to   space 21824K,   0% used [0x00000000e5560000, 0x00000000e5560000, 0x00000000e6ab0000)
 concurrent mark-sweep generation total 393216K, used 222380K [0x00000000e8000000, 0x0000000100000000, 0x0000000100000000)
 Metaspace       used 43909K, capacity 45159K, committed 45376K, reserved 1089536K
  class space    used 5313K, capacity 5615K, committed 5732K, reserved 1048576K
2019-02-22T17:26:30.469-0700: 81486.834: [GC (CMS Final Remark) 2019-02-22T17:26:30.469-0700: 81486.834: [ParNew
Desired survivor size 20112992 bytes, new threshold 8 (max 8)
- age   1:    7080000 bytes,    7080000 total
- age   2:    6702416 bytes,   13782416 total
- age   3:    3221376 bytes,   17003792 total
- age   4:    1799968 bytes,   18803760 total
- age   5:     137112 bytes,   18940872 total
- age   6:     561400 bytes,   19502272 total
- age   7:     158168 bytes,   19660440 total
- age   8:    1216896 bytes,   20877336 total
: 77413K->21824K(109248K), 0.0175894 secs] 299794K->249854K(502464K), 0.0176485 secs] [Times: user=0.00 sys=0.01, real=0.02 secs] 
Heap after GC invocations=308 (full 35):
 par new generation   total 109248K, used 21824K [0x00000000e0000000, 0x00000000e8000000, 0x00000000e8000000)
  eden space 87424K,   0% used [0x00000000e0000000, 0x00000000e0000000, 0x00000000e5560000)
  from space 21824K, 100% used [0x00000000e5560000, 0x00000000e6ab0000, 0x00000000e6ab0000)
  to   space 21824K,   0% used [0x00000000e6ab0000, 0x00000000e6ab0000, 0x00000000e8000000)
 concurrent mark-sweep generation total 393216K, used 228030K [0x00000000e8000000, 0x0000000100000000, 0x0000000100000000)
 Metaspace       used 43909K, capacity 45159K, committed 45376K, reserved 1089536K
  class space    used 5313K, capacity 5615K, committed 5732K, reserved 1048576K
}
2019-02-22T17:26:30.487-0700: 81486.852: [Rescan (parallel) , 0.0093697 secs]2019-02-22T17:26:30.496-0700: 81486.861: [weak refs processing, 0.0013237 secs]2019-02-22T17:26:30.498-0700: 81486.863: [class unloading, 0.0098781 secs]2019-02-22T17:26:30.507-0700: 81486.872: [scrub symbol table, 0.0089271 secs]2019-02-22T17:26:30.515-0700: 81486.881: [scrub string table, 0.0007243 secs][1 CMS-remark: 228030K(393216K)] 249854K(502464K), 0.0484775 secs] [Times: user=0.03 sys=0.01, real=0.05 secs] 
2019-02-22T17:26:30.517-0700: 81486.883: Total time for which application threads were stopped: 0.0487484 seconds, Stopping threads took: 0.0000915 seconds
2019-02-22T17:26:30.517-0700: 81486.883: [CMS-concurrent-sweep-start]
2019-02-22T17:26:30.581-0700: 81486.946: [CMS-concurrent-sweep: 0.064/0.064 secs] [Times: user=0.22 sys=0.00, real=0.06 secs] 
2019-02-22T17:26:30.581-0700: 81486.946: [CMS-concurrent-reset-start]
2019-02-22T17:26:30.581-0700: 81486.947: [CMS-concurrent-reset: 0.001/0.001 secs] [Times: user=0.00 sys=0.00, real=0.00 secs] 
{Heap before GC invocations=308 (full 35):
 par new generation   total 109248K, used 109248K [0x00000000e0000000, 0x00000000e8000000, 0x00000000e8000000)
  eden space 87424K, 100% used [0x00000000e0000000, 0x00000000e5560000, 0x00000000e5560000)
  from space 21824K, 100% used [0x00000000e5560000, 0x00000000e6ab0000, 0x00000000e6ab0000)
  to   space 21824K,   0% used [0x00000000e6ab0000, 0x00000000e6ab0000, 0x00000000e8000000)
 concurrent mark-sweep generation total 393216K, used 218020K [0x00000000e8000000, 0x0000000100000000, 0x0000000100000000)
 Metaspace       used 43909K, capacity 45159K, committed 45376K, reserved 1089536K
  class space    used 5313K, capacity 5615K, committed 5732K, reserved 1048576K
2019-02-22T17:26:30.790-0700: 81487.156: [GC (Allocation Failure) 2019-02-22T17:26:30.790-0700: 81487.156: [ParNew
Desired survivor size 20112992 bytes, new threshold 5 (max 8)
- age   1:    6498288 bytes,    6498288 total
- age   2:    3590264 bytes,   10088552 total
- age   3:    6449208 bytes,   16537760 total
- age   4:    2302616 bytes,   18840376 total
- age   5:    1717960 bytes,   20558336 total
- age   6:     130872 bytes,   20689208 total
- age   7:     508320 bytes,   21197528 total
- age   8:     148632 bytes,   21346160 total
: 109248K->21824K(109248K), 0.0162061 secs] 327268K->242324K(502464K), 0.0162873 secs] [Times: user=0.06 sys=0.00, real=0.02 secs] 
Heap after GC invocations=309 (full 35):
 par new generation   total 109248K, used 21824K [0x00000000e0000000, 0x00000000e8000000, 0x00000000e8000000)
  eden space 87424K,   0% used [0x00000000e0000000, 0x00000000e0000000, 0x00000000e5560000)
  from space 21824K, 100% used [0x00000000e6ab0000, 0x00000000e8000000, 0x00000000e8000000)
  to   space 21824K,   0% used [0x00000000e5560000, 0x00000000e5560000, 0x00000000e6ab0000)
 concurrent mark-sweep generation total 393216K, used 220500K [0x00000000e8000000, 0x0000000100000000, 0x0000000100000000)
 Metaspace       used 43909K, capacity 45159K, committed 45376K, reserved 1089536K
  class space    used 5313K, capacity 5615K, committed 5732K, reserved 1048576K
}
2019-02-22T17:26:30.807-0700: 81487.173: Total time for which application threads were stopped: 0.0166873 seconds, Stopping threads took: 0.0000339 seconds
2019-02-22T17:26:30.807-0700: 81487.173: [GC (CMS Initial Mark) [1 CMS-initial-mark: 220500K(393216K)] 242669K(502464K), 0.0023760 secs] [Times: user=0.00 sys=0.00, real=0.00 secs] 
2019-02-22T17:26:30.810-0700: 81487.175: Total time for which application threads were stopped: 0.0026114 seconds, Stopping threads took: 0.0000571 seconds
2019-02-22T17:26:30.810-0700: 81487.176: [CMS-concurrent-mark-start]
2019-02-22T17:26:30.881-0700: 81487.247: [CMS-concurrent-mark: 0.071/0.071 secs] [Times: user=0.39 sys=0.00, real=0.07 secs] 
2019-02-22T17:26:30.881-0700: 81487.247: [CMS-concurrent-preclean-start]
2019-02-22T17:26:30.898-0700: 81487.264: [CMS-concurrent-preclean: 0.016/0.017 secs] [Times: user=0.03 sys=0.00, real=0.02 secs] 
2019-02-22T17:26:30.899-0700: 81487.264: [CMS-concurrent-abortable-preclean-start]
{Heap before GC invocations=309 (full 36):
 par new generation   total 109248K, used 109248K [0x00000000e0000000, 0x00000000e8000000, 0x00000000e8000000)
  eden space 87424K, 100% used [0x00000000e0000000, 0x00000000e5560000, 0x00000000e5560000)
  from space 21824K, 100% used [0x00000000e6ab0000, 0x00000000e8000000, 0x00000000e8000000)
  to   space 21824K,   0% used [0x00000000e5560000, 0x00000000e5560000, 0x00000000e6ab0000)
 concurrent mark-sweep generation total 393216K, used 220500K [0x00000000e8000000, 0x0000000100000000, 0x0000000100000000)
 Metaspace       used 43909K, capacity 45159K, committed 45376K, reserved 1089536K
  class space    used 5313K, capacity 5615K, committed 5732K, reserved 1048576K
2019-02-22T17:26:31.263-0700: 81487.628: [GC (Allocation Failure) 2019-02-22T17:26:31.263-0700: 81487.628: [ParNew
Desired survivor size 20112992 bytes, new threshold 5 (max 8)
- age   1:    6148832 bytes,    6148832 total
- age   2:    4233144 bytes,   10381976 total
- age   3:    3155920 bytes,   13537896 total
- age   4:    5596320 bytes,   19134216 total
- age   5:    2208632 bytes,   21342848 total
: 109248K->21824K(109248K), 0.0232307 secs] 329748K->247357K(502464K), 0.0232980 secs] [Times: user=0.13 sys=0.00, real=0.02 secs] 
Heap after GC invocations=310 (full 36):
 par new generation   total 109248K, used 21824K [0x00000000e0000000, 0x00000000e8000000, 0x00000000e8000000)
  eden space 87424K,   0% used [0x00000000e0000000, 0x00000000e0000000, 0x00000000e5560000)
  from space 21824K, 100% used [0x00000000e5560000, 0x00000000e6ab0000, 0x00000000e6ab0000)
  to   space 21824K,   0% used [0x00000000e6ab0000, 0x00000000e6ab0000, 0x00000000e8000000)
 concurrent mark-sweep generation total 393216K, used 225533K [0x00000000e8000000, 0x0000000100000000, 0x0000000100000000)
 Metaspace       used 43909K, capacity 45159K, committed 45376K, reserved 1089536K
  class space    used 5313K, capacity 5615K, committed 5732K, reserved 1048576K
}
2019-02-22T17:26:31.286-0700: 81487.652: Total time for which application threads were stopped: 0.0235823 seconds, Stopping threads took: 0.0000360 seconds
2019-02-22T17:26:31.456-0700: 81487.821: [CMS-concurrent-abortable-preclean: 0.526/0.557 secs] [Times: user=1.36 sys=0.02, real=0.56 secs] 
2019-02-22T17:26:31.456-0700: 81487.822: [GC (CMS Final Remark) [YG occupancy: 66966 K (109248 K)]{Heap before GC invocations=310 (full 36):
 par new generation   total 109248K, used 66966K [0x00000000e0000000, 0x00000000e8000000, 0x00000000e8000000)
  eden space 87424K,  51% used [0x00000000e0000000, 0x00000000e2c15878, 0x00000000e5560000)
  from space 21824K, 100% used [0x00000000e5560000, 0x00000000e6ab0000, 0x00000000e6ab0000)
  to   space 21824K,   0% used [0x00000000e6ab0000, 0x00000000e6ab0000, 0x00000000e8000000)
 concurrent mark-sweep generation total 393216K, used 225533K [0x00000000e8000000, 0x0000000100000000, 0x0000000100000000)
 Metaspace       used 43909K, capacity 45159K, committed 45376K, reserved 1089536K
  class space    used 5313K, capacity 5615K, committed 5732K, reserved 1048576K
2019-02-22T17:26:31.456-0700: 81487.822: [GC (CMS Final Remark) 2019-02-22T17:26:31.456-0700: 81487.822: [ParNew
Desired survivor size 20112992 bytes, new threshold 5 (max 8)
- age   1:    6048216 bytes,    6048216 total
- age   2:    3658320 bytes,    9706536 total
- age   3:    3937096 bytes,   13643632 total
- age   4:    3093824 bytes,   16737456 total
- age   5:    5559672 bytes,   22297128 total
: 66966K->21824K(109248K), 0.0220458 secs] 292499K->259371K(502464K), 0.0221506 secs] [Times: user=0.06 sys=0.00, real=0.02 secs] 
Heap after GC invocations=311 (full 36):
 par new generation   total 109248K, used 21824K [0x00000000e0000000, 0x00000000e8000000, 0x00000000e8000000)
  eden space 87424K,   0% used [0x00000000e0000000, 0x00000000e0000000, 0x00000000e5560000)
  from space 21824K, 100% used [0x00000000e6ab0000, 0x00000000e8000000, 0x00000000e8000000)
  to   space 21824K,   0% used [0x00000000e5560000, 0x00000000e5560000, 0x00000000e6ab0000)
 concurrent mark-sweep generation total 393216K, used 237547K [0x00000000e8000000, 0x0000000100000000, 0x0000000100000000)
 Metaspace       used 43909K, capacity 45159K, committed 45376K, reserved 1089536K
  class space    used 5313K, capacity 5615K, committed 5732K, reserved 1048576K
}
2019-02-22T17:26:31.478-0700: 81487.844: [Rescan (parallel) , 0.0112871 secs]2019-02-22T17:26:31.490-0700: 81487.855: [weak refs processing, 0.0005043 secs]2019-02-22T17:26:31.490-0700: 81487.856: [class unloading, 0.0139124 secs]2019-02-22T17:26:31.504-0700: 81487.870: [scrub symbol table, 0.0137674 secs]2019-02-22T17:26:31.518-0700: 81487.884: [scrub string table, 0.0007814 secs][1 CMS-remark: 237547K(393216K)] 259371K(502464K), 0.0628525 secs] [Times: user=0.16 sys=0.00, real=0.06 secs] 
2019-02-22T17:26:31.519-0700: 81487.884: Total time for which application threads were stopped: 0.0632052 seconds, Stopping threads took: 0.0000488 seconds
2019-02-22T17:26:31.519-0700: 81487.885: [CMS-concurrent-sweep-start]
{Heap before GC invocations=311 (full 36):
 par new generation   total 109248K, used 109159K [0x00000000e0000000, 0x00000000e8000000, 0x00000000e8000000)
  eden space 87424K,  99% used [0x00000000e0000000, 0x00000000e5549c58, 0x00000000e5560000)
  from space 21824K, 100% used [0x00000000e6ab0000, 0x00000000e8000000, 0x00000000e8000000)
  to   space 21824K,   0% used [0x00000000e5560000, 0x00000000e5560000, 0x00000000e6ab0000)
 concurrent mark-sweep generation total 393216K, used 225769K [0x00000000e8000000, 0x0000000100000000, 0x0000000100000000)
 Metaspace       used 43909K, capacity 45159K, committed 45376K, reserved 1089536K
  class space    used 5313K, capacity 5615K, committed 5732K, reserved 1048576K
2019-02-22T17:26:31.576-0700: 81487.941: [GC (Allocation Failure) 2019-02-22T17:26:31.576-0700: 81487.941: [ParNew
Desired survivor size 20112992 bytes, new threshold 8 (max 8)
- age   1:    2866400 bytes,    2866400 total
- age   2:    5429464 bytes,    8295864 total
- age   3:    3535928 bytes,   11831792 total
- age   4:    2878448 bytes,   14710240 total
- age   5:    3066208 bytes,   17776448 total
: 109159K->21824K(109248K), 0.0196220 secs] 334928K->253686K(502464K), 0.0197356 secs] [Times: user=0.14 sys=0.00, real=0.02 secs] 
Heap after GC invocations=312 (full 36):
 par new generation   total 109248K, used 21824K [0x00000000e0000000, 0x00000000e8000000, 0x00000000e8000000)
  eden space 87424K,   0% used [0x00000000e0000000, 0x00000000e0000000, 0x00000000e5560000)
  from space 21824K, 100% used [0x00000000e5560000, 0x00000000e6ab0000, 0x00000000e6ab0000)
  to   space 21824K,   0% used [0x00000000e6ab0000, 0x00000000e6ab0000, 0x00000000e8000000)
 concurrent mark-sweep generation total 393216K, used 231862K [0x00000000e8000000, 0x0000000100000000, 0x0000000100000000)
 Metaspace       used 43909K, capacity 45159K, committed 45376K, reserved 1089536K
  class space    used 5313K, capacity 5615K, committed 5732K, reserved 1048576K
}
2019-02-22T17:26:31.596-0700: 81487.961: Total time for which application threads were stopped: 0.0203180 seconds, Stopping threads took: 0.0000961 seconds
{Heap before GC invocations=312 (full 36):
 par new generation   total 109248K, used 109224K [0x00000000e0000000, 0x00000000e8000000, 0x00000000e8000000)
  eden space 87424K,  99% used [0x00000000e0000000, 0x00000000e555a2f0, 0x00000000e5560000)
  from space 21824K, 100% used [0x00000000e5560000, 0x00000000e6ab0000, 0x00000000e6ab0000)
  to   space 21824K,   0% used [0x00000000e6ab0000, 0x00000000e6ab0000, 0x00000000e8000000)
 concurrent mark-sweep generation total 393216K, used 229243K [0x00000000e8000000, 0x0000000100000000, 0x0000000100000000)
 Metaspace       used 43909K, capacity 45159K, committed 45376K, reserved 1089536K
  class space    used 5313K, capacity 5615K, committed 5732K, reserved 1048576K
2019-02-22T17:26:31.617-0700: 81487.982: [GC (Allocation Failure) 2019-02-22T17:26:31.617-0700: 81487.982: [ParNew
Desired survivor size 20112992 bytes, new threshold 8 (max 8)
- age   1:     704288 bytes,     704288 total
- age   2:    2278440 bytes,    2982728 total
- age   3:    5261544 bytes,    8244272 total
- age   4:    3466416 bytes,   11710688 total
- age   5:    2868064 bytes,   14578752 total
- age   6:    3066208 bytes,   17644960 total
: 109224K->21824K(109248K), 0.0120315 secs] 338468K->251067K(502464K), 0.0122535 secs] [Times: user=0.06 sys=0.00, real=0.01 secs] 
Heap after GC invocations=313 (full 36):
 par new generation   total 109248K, used 21824K [0x00000000e0000000, 0x00000000e8000000, 0x00000000e8000000)
  eden space 87424K,   0% used [0x00000000e0000000, 0x00000000e0000000, 0x00000000e5560000)
  from space 21824K, 100% used [0x00000000e6ab0000, 0x00000000e8000000, 0x00000000e8000000)
  to   space 21824K,   0% used [0x00000000e5560000, 0x00000000e5560000, 0x00000000e6ab0000)
 concurrent mark-sweep generation total 393216K, used 229243K [0x00000000e8000000, 0x0000000100000000, 0x0000000100000000)
 Metaspace       used 43909K, capacity 45159K, committed 45376K, reserved 1089536K
  class space    used 5313K, capacity 5615K, committed 5732K, reserved 1048576K
}
2019-02-22T17:26:31.629-0700: 81487.994: Total time for which application threads were stopped: 0.0143272 seconds, Stopping threads took: 0.0008158 seconds
{Heap before GC invocations=313 (full 36):
 par new generation   total 109248K, used 109212K [0x00000000e0000000, 0x00000000e8000000, 0x00000000e8000000)
  eden space 87424K,  99% used [0x00000000e0000000, 0x00000000e55572f8, 0x00000000e5560000)
  from space 21824K, 100% used [0x00000000e6ab0000, 0x00000000e8000000, 0x00000000e8000000)
  to   space 21824K,   0% used [0x00000000e5560000, 0x00000000e5560000, 0x00000000e6ab0000)
 concurrent mark-sweep generation total 393216K, used 225594K [0x00000000e8000000, 0x0000000100000000, 0x0000000100000000)
 Metaspace       used 43909K, capacity 45159K, committed 45376K, reserved 1089536K
  class space    used 5313K, capacity 5615K, committed 5732K, reserved 1048576K
2019-02-22T17:26:31.650-0700: 81488.016: [GC (Allocation Failure) 2019-02-22T17:26:31.650-0700: 81488.016: [ParNew
Desired survivor size 20112992 bytes, new threshold 7 (max 8)
- age   1:    5458456 bytes,    5458456 total
- age   2:     345472 bytes,    5803928 total
- age   3:    2179800 bytes,    7983728 total
- age   4:    5044296 bytes,   13028024 total
- age   5:    3409888 bytes,   16437912 total
- age   6:    2867776 bytes,   19305688 total
- age   7:    3098544 bytes,   22404232 total
: 109212K->21824K(109248K), 0.0219764 secs] 334807K->260198K(502464K), 0.0221008 secs] [Times: user=0.08 sys=0.00, real=0.02 secs] 
Heap after GC invocations=314 (full 36):
 par new generation   total 109248K, used 21824K [0x00000000e0000000, 0x00000000e8000000, 0x00000000e8000000)
  eden space 87424K,   0% used [0x00000000e0000000, 0x00000000e0000000, 0x00000000e5560000)
  from space 21824K, 100% used [0x00000000e5560000, 0x00000000e6ab0000, 0x00000000e6ab0000)
  to   space 21824K,   0% used [0x00000000e6ab0000, 0x00000000e6ab0000, 0x00000000e8000000)
 concurrent mark-sweep generation total 393216K, used 238374K [0x00000000e8000000, 0x0000000100000000, 0x0000000100000000)
 Metaspace       used 43909K, capacity 45159K, committed 45376K, reserved 1089536K
  class space    used 5313K, capacity 5615K, committed 5732K, reserved 1048576K
}
2019-02-22T17:26:31.673-0700: 81488.038: Total time for which application threads were stopped: 0.0251311 seconds, Stopping threads took: 0.0013479 seconds
2019-02-22T17:26:31.680-0700: 81488.045: [CMS-concurrent-sweep: 0.101/0.161 secs] [Times: user=0.61 sys=0.00, real=0.16 secs] 
2019-02-22T17:26:31.680-0700: 81488.045: [CMS-concurrent-reset-start]
2019-02-22T17:26:31.681-0700: 81488.046: [CMS-concurrent-reset: 0.001/0.001 secs] [Times: user=0.00 sys=0.00, real=0.00 secs] 
2019-02-22T17:26:31.689-0700: 81488.054: Total time for which application threads were stopped: 0.0004380 seconds, Stopping threads took: 0.0000514 seconds
{Heap before GC invocations=314 (full 36):
 par new generation   total 109248K, used 109143K [0x00000000e0000000, 0x00000000e8000000, 0x00000000e8000000)
  eden space 87424K,  99% used [0x00000000e0000000, 0x00000000e5545eb0, 0x00000000e5560000)
  from space 21824K, 100% used [0x00000000e5560000, 0x00000000e6ab0000, 0x00000000e6ab0000)
  to   space 21824K,   0% used [0x00000000e6ab0000, 0x00000000e6ab0000, 0x00000000e8000000)
 concurrent mark-sweep generation total 393216K, used 234528K [0x00000000e8000000, 0x0000000100000000, 0x0000000100000000)
 Metaspace       used 43909K, capacity 45159K, committed 45376K, reserved 1089536K
  class space    used 5313K, capacity 5615K, committed 5732K, reserved 1048576K
2019-02-22T17:26:31.710-0700: 81488.075: [GC (Allocation Failure) 2019-02-22T17:26:31.710-0700: 81488.075: [ParNew
Desired survivor size 20112992 bytes, new threshold 7 (max 8)
- age   1:    3358512 bytes,    3358512 total
- age   2:    4885032 bytes,    8243544 total
- age   3:     345264 bytes,    8588808 total
- age   4:    2161176 bytes,   10749984 total
- age   5:    4605080 bytes,   15355064 total
- age   6:    3409888 bytes,   18764952 total
- age   7:    2867776 bytes,   21632728 total
: 109143K->21824K(109248K), 0.0161033 secs] 343671K->260228K(502464K), 0.0162195 secs] [Times: user=0.06 sys=0.00, real=0.02 secs] 
Heap after GC invocations=315 (full 36):
 par new generation   total 109248K, used 21824K [0x00000000e0000000, 0x00000000e8000000, 0x00000000e8000000)
  eden space 87424K,   0% used [0x00000000e0000000, 0x00000000e0000000, 0x00000000e5560000)
  from space 21824K, 100% used [0x00000000e6ab0000, 0x00000000e8000000, 0x00000000e8000000)
  to   space 21824K,   0% used [0x00000000e5560000, 0x00000000e5560000, 0x00000000e6ab0000)
 concurrent mark-sweep generation total 393216K, used 238404K [0x00000000e8000000, 0x0000000100000000, 0x0000000100000000)
 Metaspace       used 43909K, capacity 45159K, committed 45376K, reserved 1089536K
  class space    used 5313K, capacity 5615K, committed 5732K, reserved 1048576K
}
2019-02-22T17:26:31.726-0700: 81488.092: Total time for which application threads were stopped: 0.0167089 seconds, Stopping threads took: 0.0000771 seconds
2019-02-22T17:26:31.727-0700: 81488.092: [GC (CMS Initial Mark) [1 CMS-initial-mark: 238404K(393216K)] 260834K(502464K), 0.0023184 secs] [Times: user=0.00 sys=0.00, real=0.00 secs] 
2019-02-22T17:26:31.729-0700: 81488.095: Total time for which application threads were stopped: 0.0028787 seconds, Stopping threads took: 0.0002807 seconds
2019-02-22T17:26:31.729-0700: 81488.095: [CMS-concurrent-mark-start]
{Heap before GC invocations=315 (full 37):
 par new generation   total 109248K, used 109085K [0x00000000e0000000, 0x00000000e8000000, 0x00000000e8000000)
  eden space 87424K,  99% used [0x00000000e0000000, 0x00000000e5537608, 0x00000000e5560000)
  from space 21824K, 100% used [0x00000000e6ab0000, 0x00000000e8000000, 0x00000000e8000000)
  to   space 21824K,   0% used [0x00000000e5560000, 0x00000000e5560000, 0x00000000e6ab0000)
 concurrent mark-sweep generation total 393216K, used 238404K [0x00000000e8000000, 0x0000000100000000, 0x0000000100000000)
 Metaspace       used 43909K, capacity 45159K, committed 45376K, reserved 1089536K
  class space    used 5313K, capacity 5615K, committed 5732K, reserved 1048576K
2019-02-22T17:26:31.759-0700: 81488.124: [GC (Allocation Failure) 2019-02-22T17:26:31.759-0700: 81488.124: [ParNew
Desired survivor size 20112992 bytes, new threshold 8 (max 8)
- age   1:     954768 bytes,     954768 total
- age   2:    2615848 bytes,    3570616 total
- age   3:    4847904 bytes,    8418520 total
- age   4:     328136 bytes,    8746656 total
- age   5:    2018456 bytes,   10765112 total
- age   6:    4333928 bytes,   15099040 total
- age   7:    3179808 bytes,   18278848 total
: 109085K->21824K(109248K), 0.0167161 secs] 347490K->265008K(502464K), 0.0168168 secs] [Times: user=0.06 sys=0.00, real=0.02 secs] 
Heap after GC invocations=316 (full 37):
 par new generation   total 109248K, used 21824K [0x00000000e0000000, 0x00000000e8000000, 0x00000000e8000000)
  eden space 87424K,   0% used [0x00000000e0000000, 0x00000000e0000000, 0x00000000e5560000)
  from space 21824K, 100% used [0x00000000e5560000, 0x00000000e6ab0000, 0x00000000e6ab0000)
  to   space 21824K,   0% used [0x00000000e6ab0000, 0x00000000e6ab0000, 0x00000000e8000000)
 concurrent mark-sweep generation total 393216K, used 243184K [0x00000000e8000000, 0x0000000100000000, 0x0000000100000000)
 Metaspace       used 43909K, capacity 45159K, committed 45376K, reserved 1089536K
  class space    used 5313K, capacity 5615K, committed 5732K, reserved 1048576K
}
2019-02-22T17:26:31.776-0700: 81488.141: Total time for which application threads were stopped: 0.0173154 seconds, Stopping threads took: 0.0000632 seconds
{Heap before GC invocations=316 (full 37):
 par new generation   total 109248K, used 109236K [0x00000000e0000000, 0x00000000e8000000, 0x00000000e8000000)
  eden space 87424K,  99% used [0x00000000e0000000, 0x00000000e555d020, 0x00000000e5560000)
  from space 21824K, 100% used [0x00000000e5560000, 0x00000000e6ab0000, 0x00000000e6ab0000)
  to   space 21824K,   0% used [0x00000000e6ab0000, 0x00000000e6ab0000, 0x00000000e8000000)
 concurrent mark-sweep generation total 393216K, used 243184K [0x00000000e8000000, 0x0000000100000000, 0x0000000100000000)
 Metaspace       used 43909K, capacity 45159K, committed 45376K, reserved 1089536K
  class space    used 5313K, capacity 5615K, committed 5732K, reserved 1048576K
2019-02-22T17:26:31.791-0700: 81488.156: [GC (Allocation Failure) 2019-02-22T17:26:31.791-0700: 81488.156: [ParNew
Desired survivor size 20112992 bytes, new threshold 8 (max 8)
- age   1:     121928 bytes,     121928 total
- age   2:     904368 bytes,    1026296 total
- age   3:    2526464 bytes,    3552760 total
- age   4:    4847928 bytes,    8400688 total
- age   5:     328136 bytes,    8728824 total
- age   6:    2018456 bytes,   10747280 total
- age   7:    4333352 bytes,   15080632 total
- age   8:    3179808 bytes,   18260440 total
: 109236K->21824K(109248K), 0.0144599 secs] 352420K->265008K(502464K), 0.0145699 secs] [Times: user=0.05 sys=0.00, real=0.02 secs] 
Heap after GC invocations=317 (full 37):
 par new generation   total 109248K, used 21824K [0x00000000e0000000, 0x00000000e8000000, 0x00000000e8000000)
  eden space 87424K,   0% used [0x00000000e0000000, 0x00000000e0000000, 0x00000000e5560000)
  from space 21824K, 100% used [0x00000000e6ab0000, 0x00000000e8000000, 0x00000000e8000000)
  to   space 21824K,   0% used [0x00000000e5560000, 0x00000000e5560000, 0x00000000e6ab0000)
 concurrent mark-sweep generation total 393216K, used 243184K [0x00000000e8000000, 0x0000000100000000, 0x0000000100000000)
 Metaspace       used 43909K, capacity 45159K, committed 45376K, reserved 1089536K
  class space    used 5313K, capacity 5615K, committed 5732K, reserved 1048576K
}
2019-02-22T17:26:31.806-0700: 81488.171: Total time for which application threads were stopped: 0.0150983 seconds, Stopping threads took: 0.0000627 seconds
{Heap before GC invocations=317 (full 37):
 par new generation   total 109248K, used 109056K [0x00000000e0000000, 0x00000000e8000000, 0x00000000e8000000)
  eden space 87424K,  99% used [0x00000000e0000000, 0x00000000e5530068, 0x00000000e5560000)
  from space 21824K, 100% used [0x00000000e6ab0000, 0x00000000e8000000, 0x00000000e8000000)
  to   space 21824K,   0% used [0x00000000e5560000, 0x00000000e5560000, 0x00000000e6ab0000)
 concurrent mark-sweep generation total 393216K, used 243184K [0x00000000e8000000, 0x0000000100000000, 0x0000000100000000)
 Metaspace       used 43909K, capacity 45159K, committed 45376K, reserved 1089536K
  class space    used 5313K, capacity 5615K, committed 5732K, reserved 1048576K
2019-02-22T17:26:31.821-0700: 81488.186: [GC (Allocation Failure) 2019-02-22T17:26:31.821-0700: 81488.186: [ParNew
Desired survivor size 20112992 bytes, new threshold 8 (max 8)
- age   1:      37824 bytes,      37824 total
- age   2:      99368 bytes,     137192 total
- age   3:     904368 bytes,    1041560 total
- age   4:    2526464 bytes,    3568024 total
- age   5:    4847904 bytes,    8415928 total
- age   6:     328136 bytes,    8744064 total
- age   7:    2018456 bytes,   10762520 total
- age   8:    4333352 bytes,   15095872 total
: 109056K->21824K(109248K), 0.0135669 secs] 352240K->268115K(502464K), 0.0136780 secs] [Times: user=0.06 sys=0.00, real=0.01 secs] 
Heap after GC invocations=318 (full 37):
 par new generation   total 109248K, used 21824K [0x00000000e0000000, 0x00000000e8000000, 0x00000000e8000000)
  eden space 87424K,   0% used [0x00000000e0000000, 0x00000000e0000000, 0x00000000e5560000)
  from space 21824K, 100% used [0x00000000e5560000, 0x00000000e6ab0000, 0x00000000e6ab0000)
  to   space 21824K,   0% used [0x00000000e6ab0000, 0x00000000e6ab0000, 0x00000000e8000000)
 concurrent mark-sweep generation total 393216K, used 246291K [0x00000000e8000000, 0x0000000100000000, 0x0000000100000000)
 Metaspace       used 43909K, capacity 45159K, committed 45376K, reserved 1089536K
  class space    used 5313K, capacity 5615K, committed 5732K, reserved 1048576K
}
2019-02-22T17:26:31.835-0700: 81488.200: Total time for which application threads were stopped: 0.0143406 seconds, Stopping threads took: 0.0001676 seconds
{Heap before GC invocations=318 (full 37):
 par new generation   total 109248K, used 109084K [0x00000000e0000000, 0x00000000e8000000, 0x00000000e8000000)
  eden space 87424K,  99% used [0x00000000e0000000, 0x00000000e5537330, 0x00000000e5560000)
  from space 21824K, 100% used [0x00000000e5560000, 0x00000000e6ab0000, 0x00000000e6ab0000)
  to   space 21824K,   0% used [0x00000000e6ab0000, 0x00000000e6ab0000, 0x00000000e8000000)
 concurrent mark-sweep generation total 393216K, used 246291K [0x00000000e8000000, 0x0000000100000000, 0x0000000100000000)
 Metaspace       used 43910K, capacity 45159K, committed 45376K, reserved 1089536K
  class space    used 5313K, capacity 5615K, committed 5732K, reserved 1048576K
2019-02-22T17:26:31.871-0700: 81488.236: [GC (Allocation Failure) 2019-02-22T17:26:31.871-0700: 81488.236: [ParNew
Desired survivor size 20112992 bytes, new threshold 8 (max 8)
- age   1:     573104 bytes,     573104 total
- age   2:      20064 bytes,     593168 total
- age   3:      99368 bytes,     692536 total
- age   4:     758688 bytes,    1451224 total
- age   5:    2481200 bytes,    3932424 total
- age   6:    4843216 bytes,    8775640 total
- age   7:     328136 bytes,    9103776 total
- age   8:    2018456 bytes,   11122232 total
: 109084K->15019K(109248K), 0.0144455 secs] 355376K->265512K(502464K), 0.0145719 secs] [Times: user=0.03 sys=0.01, real=0.01 secs] 
Heap after GC invocations=319 (full 37):
 par new generation   total 109248K, used 15019K [0x00000000e0000000, 0x00000000e8000000, 0x00000000e8000000)
  eden space 87424K,   0% used [0x00000000e0000000, 0x00000000e0000000, 0x00000000e5560000)
  from space 21824K,  68% used [0x00000000e6ab0000, 0x00000000e795ac80, 0x00000000e8000000)
  to   space 21824K,   0% used [0x00000000e5560000, 0x00000000e5560000, 0x00000000e6ab0000)
 concurrent mark-sweep generation total 393216K, used 250493K [0x00000000e8000000, 0x0000000100000000, 0x0000000100000000)
 Metaspace       used 43910K, capacity 45159K, committed 45376K, reserved 1089536K
  class space    used 5313K, capacity 5615K, committed 5732K, reserved 1048576K
}
2019-02-22T17:26:31.885-0700: 81488.251: Total time for which application threads were stopped: 0.0152731 seconds, Stopping threads took: 0.0001151 seconds
2019-02-22T17:26:31.895-0700: 81488.261: [CMS-concurrent-mark: 0.104/0.166 secs] [Times: user=0.83 sys=0.01, real=0.17 secs] 
2019-02-22T17:26:31.896-0700: 81488.261: [CMS-concurrent-preclean-start]
2019-02-22T17:26:31.928-0700: 81488.294: [CMS-concurrent-preclean: 0.031/0.033 secs] [Times: user=0.11 sys=0.02, real=0.03 secs] 
2019-02-22T17:26:31.929-0700: 81488.294: [CMS-concurrent-abortable-preclean-start]
{Heap before GC invocations=319 (full 37):
 par new generation   total 109248K, used 102443K [0x00000000e0000000, 0x00000000e8000000, 0x00000000e8000000)
  eden space 87424K, 100% used [0x00000000e0000000, 0x00000000e5560000, 0x00000000e5560000)
  from space 21824K,  68% used [0x00000000e6ab0000, 0x00000000e795ac80, 0x00000000e8000000)
  to   space 21824K,   0% used [0x00000000e5560000, 0x00000000e5560000, 0x00000000e6ab0000)
 concurrent mark-sweep generation total 393216K, used 250493K [0x00000000e8000000, 0x0000000100000000, 0x0000000100000000)
 Metaspace       used 43910K, capacity 45159K, committed 45376K, reserved 1089536K
  class space    used 5313K, capacity 5615K, committed 5732K, reserved 1048576K
2019-02-22T17:26:32.012-0700: 81488.377: [GC (Allocation Failure) 2019-02-22T17:26:32.012-0700: 81488.377: [ParNew
Desired survivor size 20112992 bytes, new threshold 8 (max 8)
- age   1:     975472 bytes,     975472 total
- age   2:     364208 bytes,    1339680 total
- age   3:      19784 bytes,    1359464 total
- age   4:      90752 bytes,    1450216 total
- age   5:     720952 bytes,    2171168 total
- age   6:    2472080 bytes,    4643248 total
- age   7:    4843136 bytes,    9486384 total
- age   8:     328136 bytes,    9814520 total
: 102443K->13152K(109248K), 0.0130200 secs] 352936K->265617K(502464K), 0.0131598 secs] [Times: user=0.09 sys=0.00, real=0.01 secs] 
Heap after GC invocations=320 (full 37):
 par new generation   total 109248K, used 13152K [0x00000000e0000000, 0x00000000e8000000, 0x00000000e8000000)
  eden space 87424K,   0% used [0x00000000e0000000, 0x00000000e0000000, 0x00000000e5560000)
  from space 21824K,  60% used [0x00000000e5560000, 0x00000000e6238200, 0x00000000e6ab0000)
  to   space 21824K,   0% used [0x00000000e6ab0000, 0x00000000e6ab0000, 0x00000000e8000000)
 concurrent mark-sweep generation total 393216K, used 252464K [0x00000000e8000000, 0x0000000100000000, 0x0000000100000000)
 Metaspace       used 43910K, capacity 45159K, committed 45376K, reserved 1089536K
  class space    used 5313K, capacity 5615K, committed 5732K, reserved 1048576K
}
2019-02-22T17:26:32.025-0700: 81488.391: Total time for which application threads were stopped: 0.0148773 seconds, Stopping threads took: 0.0012317 seconds
2019-02-22T17:26:32.094-0700: 81488.460: [CMS-concurrent-abortable-preclean: 0.148/0.166 secs] [Times: user=0.70 sys=0.03, real=0.17 secs] 
2019-02-22T17:26:32.096-0700: 81488.462: [GC (CMS Final Remark) [YG occupancy: 62690 K (109248 K)]{Heap before GC invocations=320 (full 37):
 par new generation   total 109248K, used 62690K [0x00000000e0000000, 0x00000000e8000000, 0x00000000e8000000)
  eden space 87424K,  56% used [0x00000000e0000000, 0x00000000e3060698, 0x00000000e5560000)
  from space 21824K,  60% used [0x00000000e5560000, 0x00000000e6238200, 0x00000000e6ab0000)
  to   space 21824K,   0% used [0x00000000e6ab0000, 0x00000000e6ab0000, 0x00000000e8000000)
 concurrent mark-sweep generation total 393216K, used 252464K [0x00000000e8000000, 0x0000000100000000, 0x0000000100000000)
 Metaspace       used 43915K, capacity 45159K, committed 45376K, reserved 1089536K
  class space    used 5313K, capacity 5615K, committed 5732K, reserved 1048576K
2019-02-22T17:26:32.096-0700: 81488.462: [GC (CMS Final Remark) 2019-02-22T17:26:32.096-0700: 81488.462: [ParNew
Desired survivor size 20112992 bytes, new threshold 8 (max 8)
- age   1:    1483560 bytes,    1483560 total
- age   2:     738064 bytes,    2221624 total
- age   3:     358528 bytes,    2580152 total
- age   4:      19784 bytes,    2599936 total
- age   5:      90752 bytes,    2690688 total
- age   6:     719744 bytes,    3410432 total
- age   7:    2471256 bytes,    5881688 total
- age   8:    4843136 bytes,   10724824 total
: 62690K->11786K(109248K), 0.0137494 secs] 315155K->264571K(502464K), 0.0138358 secs] [Times: user=0.08 sys=0.00, real=0.01 secs] 
Heap after GC invocations=321 (full 37):
 par new generation   total 109248K, used 11786K [0x00000000e0000000, 0x00000000e8000000, 0x00000000e8000000)
  eden space 87424K,   0% used [0x00000000e0000000, 0x00000000e0000000, 0x00000000e5560000)
  from space 21824K,  54% used [0x00000000e6ab0000, 0x00000000e7632840, 0x00000000e8000000)
  to   space 21824K,   0% used [0x00000000e5560000, 0x00000000e5560000, 0x00000000e6ab0000)
 concurrent mark-sweep generation total 393216K, used 252785K [0x00000000e8000000, 0x0000000100000000, 0x0000000100000000)
 Metaspace       used 43915K, capacity 45159K, committed 45376K, reserved 1089536K
  class space    used 5313K, capacity 5615K, committed 5732K, reserved 1048576K
}
2019-02-22T17:26:32.110-0700: 81488.476: [Rescan (parallel) , 0.0082352 secs]2019-02-22T17:26:32.118-0700: 81488.484: [weak refs processing, 0.0010471 secs]2019-02-22T17:26:32.119-0700: 81488.485: [class unloading, 0.0155121 secs]2019-02-22T17:26:32.135-0700: 81488.501: [scrub symbol table, 0.0108476 secs]2019-02-22T17:26:32.147-0700: 81488.512: [scrub string table, 0.0005670 secs][1 CMS-remark: 252785K(393216K)] 264571K(502464K), 0.0507702 secs] [Times: user=0.13 sys=0.00, real=0.05 secs] 
2019-02-22T17:26:32.148-0700: 81488.513: Total time for which application threads were stopped: 0.0526943 seconds, Stopping threads took: 0.0013026 seconds
2019-02-22T17:26:32.149-0700: 81488.514: [CMS-concurrent-sweep-start]
{Heap before GC invocations=321 (full 37):
 par new generation   total 109248K, used 99210K [0x00000000e0000000, 0x00000000e8000000, 0x00000000e8000000)
  eden space 87424K, 100% used [0x00000000e0000000, 0x00000000e5560000, 0x00000000e5560000)
  from space 21824K,  54% used [0x00000000e6ab0000, 0x00000000e7632840, 0x00000000e8000000)
  to   space 21824K,   0% used [0x00000000e5560000, 0x00000000e5560000, 0x00000000e6ab0000)
 concurrent mark-sweep generation total 393216K, used 245709K [0x00000000e8000000, 0x0000000100000000, 0x0000000100000000)
 Metaspace       used 43915K, capacity 45159K, committed 45376K, reserved 1089536K
  class space    used 5313K, capacity 5615K, committed 5732K, reserved 1048576K
2019-02-22T17:26:32.178-0700: 81488.543: [GC (Allocation Failure) 2019-02-22T17:26:32.178-0700: 81488.543: [ParNew
Desired survivor size 20112992 bytes, new threshold 8 (max 8)
- age   1:     808032 bytes,     808032 total
- age   2:     946592 bytes,    1754624 total
- age   3:     732936 bytes,    2487560 total
- age   4:     387608 bytes,    2875168 total
- age   5:      17208 bytes,    2892376 total
- age   6:      87848 bytes,    2980224 total
- age   7:     779968 bytes,    3760192 total
- age   8:    2497432 bytes,    6257624 total
: 99210K->11455K(109248K), 0.0133490 secs] 344919K->261894K(502464K), 0.0134261 secs] [Times: user=0.06 sys=0.00, real=0.01 secs] 
Heap after GC invocations=322 (full 37):
 par new generation   total 109248K, used 11455K [0x00000000e0000000, 0x00000000e8000000, 0x00000000e8000000)
  eden space 87424K,   0% used [0x00000000e0000000, 0x00000000e0000000, 0x00000000e5560000)
  from space 21824K,  52% used [0x00000000e5560000, 0x00000000e608ff70, 0x00000000e6ab0000)
  to   space 21824K,   0% used [0x00000000e6ab0000, 0x00000000e6ab0000, 0x00000000e8000000)
 concurrent mark-sweep generation total 393216K, used 250439K [0x00000000e8000000, 0x0000000100000000, 0x0000000100000000)
 Metaspace       used 43915K, capacity 45159K, committed 45376K, reserved 1089536K
  class space    used 5313K, capacity 5615K, committed 5732K, reserved 1048576K
}
2019-02-22T17:26:32.191-0700: 81488.557: Total time for which application threads were stopped: 0.0140589 seconds, Stopping threads took: 0.0002252 seconds
{Heap before GC invocations=322 (full 37):
 par new generation   total 109248K, used 98879K [0x00000000e0000000, 0x00000000e8000000, 0x00000000e8000000)
  eden space 87424K, 100% used [0x00000000e0000000, 0x00000000e5560000, 0x00000000e5560000)
  from space 21824K,  52% used [0x00000000e5560000, 0x00000000e608ff70, 0x00000000e6ab0000)
  to   space 21824K,   0% used [0x00000000e6ab0000, 0x00000000e6ab0000, 0x00000000e8000000)
 concurrent mark-sweep generation total 393216K, used 233482K [0x00000000e8000000, 0x0000000100000000, 0x0000000100000000)
 Metaspace       used 43915K, capacity 45159K, committed 45376K, reserved 1089536K
  class space    used 5313K, capacity 5615K, committed 5732K, reserved 1048576K
2019-02-22T17:26:32.237-0700: 81488.603: [GC (Allocation Failure) 2019-02-22T17:26:32.237-0700: 81488.603: [ParNew
Desired survivor size 20112992 bytes, new threshold 8 (max 8)
- age   1:     710616 bytes,     710616 total
- age   2:     725912 bytes,    1436528 total
- age   3:     901880 bytes,    2338408 total
- age   4:     732688 bytes,    3071096 total
- age   5:     321608 bytes,    3392704 total
- age   6:      17208 bytes,    3409912 total
- age   7:      87848 bytes,    3497760 total
- age   8:     714400 bytes,    4212160 total
: 98879K->5962K(109248K), 0.0092062 secs] 332362K->241852K(502464K), 0.0093023 secs] [Times: user=0.00 sys=0.00, real=0.01 secs] 
Heap after GC invocations=323 (full 37):
 par new generation   total 109248K, used 5962K [0x00000000e0000000, 0x00000000e8000000, 0x00000000e8000000)
  eden space 87424K,   0% used [0x00000000e0000000, 0x00000000e0000000, 0x00000000e5560000)
  from space 21824K,  27% used [0x00000000e6ab0000, 0x00000000e7082890, 0x00000000e8000000)
  to   space 21824K,   0% used [0x00000000e5560000, 0x00000000e5560000, 0x00000000e6ab0000)
 concurrent mark-sweep generation total 393216K, used 235890K [0x00000000e8000000, 0x0000000100000000, 0x0000000100000000)
 Metaspace       used 43915K, capacity 45159K, committed 45376K, reserved 1089536K
  class space    used 5313K, capacity 5615K, committed 5732K, reserved 1048576K
}
2019-02-22T17:26:32.247-0700: 81488.612: Total time for which application threads were stopped: 0.0098241 seconds, Stopping threads took: 0.0000864 seconds
2019-02-22T17:26:32.262-0700: 81488.627: [CMS-concurrent-sweep: 0.089/0.113 secs] [Times: user=0.53 sys=0.02, real=0.11 secs] 
2019-02-22T17:26:32.262-0700: 81488.627: [CMS-concurrent-reset-start]
2019-02-22T17:26:32.263-0700: 81488.628: [CMS-concurrent-reset: 0.001/0.001 secs] [Times: user=0.00 sys=0.00, real=0.00 secs] 
2019-02-22T17:26:32.275-0700: 81488.641: Total time for which application threads were stopped: 0.0003640 seconds, Stopping threads took: 0.0001177 seconds
2019-02-22T17:26:32.276-0700: 81488.641: Total time for which application threads were stopped: 0.0005033 seconds, Stopping threads took: 0.0000504 seconds
2019-02-22T17:26:32.277-0700: 81488.642: Total time for which application threads were stopped: 0.0002226 seconds, Stopping threads took: 0.0000571 seconds
2019-02-22T17:26:32.277-0700: 81488.642: Total time for which application threads were stopped: 0.0001964 seconds, Stopping threads took: 0.0000545 seconds
2019-02-22T17:26:32.278-0700: 81488.643: Total time for which application threads were stopped: 0.0001773 seconds, Stopping threads took: 0.0000416 seconds
{Heap before GC invocations=323 (full 37):
 par new generation   total 109248K, used 93386K [0x00000000e0000000, 0x00000000e8000000, 0x00000000e8000000)
  eden space 87424K, 100% used [0x00000000e0000000, 0x00000000e5560000, 0x00000000e5560000)
  from space 21824K,  27% used [0x00000000e6ab0000, 0x00000000e7082890, 0x00000000e8000000)
  to   space 21824K,   0% used [0x00000000e5560000, 0x00000000e5560000, 0x00000000e6ab0000)
 concurrent mark-sweep generation total 393216K, used 228288K [0x00000000e8000000, 0x0000000100000000, 0x0000000100000000)
 Metaspace       used 43915K, capacity 45159K, committed 45376K, reserved 1089536K
  class space    used 5313K, capacity 5615K, committed 5732K, reserved 1048576K
2019-02-22T17:26:32.292-0700: 81488.657: [GC (Allocation Failure) 2019-02-22T17:26:32.292-0700: 81488.657: [ParNew
Desired survivor size 20112992 bytes, new threshold 3 (max 8)
- age   1:   19273976 bytes,   19273976 total
- age   2:     598336 bytes,   19872312 total
- age   3:     397072 bytes,   20269384 total
- age   4:     742168 bytes,   21011552 total
- age   5:     687880 bytes,   21699432 total
- age   6:     320960 bytes,   22020392 total
- age   7:      17208 bytes,   22037600 total
- age   8:      87848 bytes,   22125448 total
: 93386K->21824K(109248K), 0.0149806 secs] 321674K->251872K(502464K), 0.0150562 secs] [Times: user=0.03 sys=0.00, real=0.01 secs] 
Heap after GC invocations=324 (full 37):
 par new generation   total 109248K, used 21824K [0x00000000e0000000, 0x00000000e8000000, 0x00000000e8000000)
  eden space 87424K,   0% used [0x00000000e0000000, 0x00000000e0000000, 0x00000000e5560000)
  from space 21824K, 100% used [0x00000000e5560000, 0x00000000e6ab0000, 0x00000000e6ab0000)
  to   space 21824K,   0% used [0x00000000e6ab0000, 0x00000000e6ab0000, 0x00000000e8000000)
 concurrent mark-sweep generation total 393216K, used 230048K [0x00000000e8000000, 0x0000000100000000, 0x0000000100000000)
 Metaspace       used 43915K, capacity 45159K, committed 45376K, reserved 1089536K
  class space    used 5313K, capacity 5615K, committed 5732K, reserved 1048576K
}
2019-02-22T17:26:32.307-0700: 81488.672: Total time for which application threads were stopped: 0.0155527 seconds, Stopping threads took: 0.0001270 seconds
2019-02-22T17:26:32.307-0700: 81488.672: [GC (CMS Initial Mark) [1 CMS-initial-mark: 230048K(393216K)] 253617K(502464K), 0.0027656 secs] [Times: user=0.00 sys=0.00, real=0.00 secs] 
2019-02-22T17:26:32.310-0700: 81488.675: Total time for which application threads were stopped: 0.0031034 seconds, Stopping threads took: 0.0000828 seconds
2019-02-22T17:26:32.310-0700: 81488.675: [CMS-concurrent-mark-start]
{Heap before GC invocations=324 (full 38):
 par new generation   total 109248K, used 109248K [0x00000000e0000000, 0x00000000e8000000, 0x00000000e8000000)
  eden space 87424K, 100% used [0x00000000e0000000, 0x00000000e5560000, 0x00000000e5560000)
  from space 21824K, 100% used [0x00000000e5560000, 0x00000000e6ab0000, 0x00000000e6ab0000)
  to   space 21824K,   0% used [0x00000000e6ab0000, 0x00000000e6ab0000, 0x00000000e8000000)
 concurrent mark-sweep generation total 393216K, used 230048K [0x00000000e8000000, 0x0000000100000000, 0x0000000100000000)
 Metaspace       used 43915K, capacity 45159K, committed 45376K, reserved 1089536K
  class space    used 5313K, capacity 5615K, committed 5732K, reserved 1048576K
2019-02-22T17:26:32.399-0700: 81488.765: [GC (Allocation Failure) 2019-02-22T17:26:32.399-0700: 81488.765: [ParNew
Desired survivor size 20112992 bytes, new threshold 8 (max 8)
- age   1:    1995744 bytes,    1995744 total
- age   2:   16846464 bytes,   18842208 total
- age   3:     596048 bytes,   19438256 total
: 109248K->21824K(109248K), 0.0196117 secs] 339296K->255800K(502464K), 0.0197269 secs] [Times: user=0.06 sys=0.00, real=0.02 secs] 
Heap after GC invocations=325 (full 38):
 par new generation   total 109248K, used 21824K [0x00000000e0000000, 0x00000000e8000000, 0x00000000e8000000)
  eden space 87424K,   0% used [0x00000000e0000000, 0x00000000e0000000, 0x00000000e5560000)
  from space 21824K, 100% used [0x00000000e6ab0000, 0x00000000e8000000, 0x00000000e8000000)
  to   space 21824K,   0% used [0x00000000e5560000, 0x00000000e5560000, 0x00000000e6ab0000)
 concurrent mark-sweep generation total 393216K, used 233976K [0x00000000e8000000, 0x0000000100000000, 0x0000000100000000)
 Metaspace       used 43915K, capacity 45159K, committed 45376K, reserved 1089536K
  class space    used 5313K, capacity 5615K, committed 5732K, reserved 1048576K
}
2019-02-22T17:26:32.419-0700: 81488.785: Total time for which application threads were stopped: 0.0224509 seconds, Stopping threads took: 0.0015355 seconds
2019-02-22T17:26:32.427-0700: 81488.792: [CMS-concurrent-mark: 0.094/0.117 secs] [Times: user=0.76 sys=0.00, real=0.12 secs] 
2019-02-22T17:26:32.427-0700: 81488.792: [CMS-concurrent-preclean-start]
2019-02-22T17:26:32.463-0700: 81488.828: Total time for which application threads were stopped: 0.0008857 seconds, Stopping threads took: 0.0003588 seconds
2019-02-22T17:26:32.467-0700: 81488.832: [CMS-concurrent-preclean: 0.037/0.040 secs] [Times: user=0.13 sys=0.00, real=0.04 secs] 
2019-02-22T17:26:32.467-0700: 81488.832: [CMS-concurrent-abortable-preclean-start]
{Heap before GC invocations=325 (full 38):
 par new generation   total 109248K, used 109248K [0x00000000e0000000, 0x00000000e8000000, 0x00000000e8000000)
  eden space 87424K, 100% used [0x00000000e0000000, 0x00000000e5560000, 0x00000000e5560000)
  from space 21824K, 100% used [0x00000000e6ab0000, 0x00000000e8000000, 0x00000000e8000000)
  to   space 21824K,   0% used [0x00000000e5560000, 0x00000000e5560000, 0x00000000e6ab0000)
 concurrent mark-sweep generation total 393216K, used 233976K [0x00000000e8000000, 0x0000000100000000, 0x0000000100000000)
 Metaspace       used 43915K, capacity 45159K, committed 45376K, reserved 1089536K
  class space    used 5313K, capacity 5615K, committed 5732K, reserved 1048576K
2019-02-22T17:26:32.494-0700: 81488.859: [GC (Allocation Failure) 2019-02-22T17:26:32.494-0700: 81488.859: [ParNew
Desired survivor size 20112992 bytes, new threshold 8 (max 8)
- age   1:    2959760 bytes,    2959760 total
- age   2:     919376 bytes,    3879136 total
- age   3:   15640504 bytes,   19519640 total
- age   4:     366880 bytes,   19886520 total
: 109248K->21824K(109248K), 0.0151065 secs] 343224K->256924K(502464K), 0.0152505 secs] [Times: user=0.05 sys=0.00, real=0.02 secs] 
Heap after GC invocations=326 (full 38):
 par new generation   total 109248K, used 21824K [0x00000000e0000000, 0x00000000e8000000, 0x00000000e8000000)
  eden space 87424K,   0% used [0x00000000e0000000, 0x00000000e0000000, 0x00000000e5560000)
  from space 21824K, 100% used [0x00000000e5560000, 0x00000000e6ab0000, 0x00000000e6ab0000)
  to   space 21824K,   0% used [0x00000000e6ab0000, 0x00000000e6ab0000, 0x00000000e8000000)
 concurrent mark-sweep generation total 393216K, used 235100K [0x00000000e8000000, 0x0000000100000000, 0x0000000100000000)
 Metaspace       used 43915K, capacity 45159K, committed 45376K, reserved 1089536K
  class space    used 5313K, capacity 5615K, committed 5732K, reserved 1048576K
}
2019-02-22T17:26:32.509-0700: 81488.874: Total time for which application threads were stopped: 0.0157979 seconds, Stopping threads took: 0.0001151 seconds
2019-02-22T17:26:32.522-0700: 81488.887: Total time for which application threads were stopped: 0.0002951 seconds, Stopping threads took: 0.0001008 seconds
2019-02-22T17:26:32.536-0700: 81488.902: [CMS-concurrent-abortable-preclean: 0.053/0.070 secs] [Times: user=0.25 sys=0.00, real=0.07 secs] 
2019-02-22T17:26:32.539-0700: 81488.904: [GC (CMS Final Remark) [YG occupancy: 59537 K (109248 K)]{Heap before GC invocations=326 (full 38):
 par new generation   total 109248K, used 59537K [0x00000000e0000000, 0x00000000e8000000, 0x00000000e8000000)
  eden space 87424K,  43% used [0x00000000e0000000, 0x00000000e24d4618, 0x00000000e5560000)
  from space 21824K, 100% used [0x00000000e5560000, 0x00000000e6ab0000, 0x00000000e6ab0000)
  to   space 21824K,   0% used [0x00000000e6ab0000, 0x00000000e6ab0000, 0x00000000e8000000)
 concurrent mark-sweep generation total 393216K, used 235100K [0x00000000e8000000, 0x0000000100000000, 0x0000000100000000)
 Metaspace       used 43922K, capacity 45159K, committed 45376K, reserved 1089536K
  class space    used 5313K, capacity 5615K, committed 5732K, reserved 1048576K
2019-02-22T17:26:32.539-0700: 81488.905: [GC (CMS Final Remark) 2019-02-22T17:26:32.539-0700: 81488.905: [ParNew
Desired survivor size 20112992 bytes, new threshold 4 (max 8)
- age   1:    6946832 bytes,    6946832 total
- age   2:    2144512 bytes,    9091344 total
- age   3:     902832 bytes,    9994176 total
- age   4:   11922264 bytes,   21916440 total
- age   5:     366880 bytes,   22283320 total
: 59537K->21824K(109248K), 0.0201998 secs] 294638K->268863K(502464K), 0.0202980 secs] [Times: user=0.06 sys=0.00, real=0.02 secs] 
Heap after GC invocations=327 (full 38):
 par new generation   total 109248K, used 21824K [0x00000000e0000000, 0x00000000e8000000, 0x00000000e8000000)
  eden space 87424K,   0% used [0x00000000e0000000, 0x00000000e0000000, 0x00000000e5560000)
  from space 21824K, 100% used [0x00000000e6ab0000, 0x00000000e8000000, 0x00000000e8000000)
  to   space 21824K,   0% used [0x00000000e5560000, 0x00000000e5560000, 0x00000000e6ab0000)
 concurrent mark-sweep generation total 393216K, used 247039K [0x00000000e8000000, 0x0000000100000000, 0x0000000100000000)
 Metaspace       used 43922K, capacity 45159K, committed 45376K, reserved 1089536K
  class space    used 5313K, capacity 5615K, committed 5732K, reserved 1048576K
}
2019-02-22T17:26:32.559-0700: 81488.925: [Rescan (parallel) , 0.0084372 secs]2019-02-22T17:26:32.568-0700: 81488.933: [weak refs processing, 0.0005984 secs]2019-02-22T17:26:32.568-0700: 81488.934: [class unloading, 0.0176270 secs]2019-02-22T17:26:32.586-0700: 81488.952: [scrub symbol table, 0.0134225 secs]2019-02-22T17:26:32.600-0700: 81488.965: [scrub string table, 0.0005372 secs][1 CMS-remark: 247039K(393216K)] 268863K(502464K), 0.0614743 secs] [Times: user=0.16 sys=0.00, real=0.06 secs] 
2019-02-22T17:26:32.600-0700: 81488.966: Total time for which application threads were stopped: 0.0626299 seconds, Stopping threads took: 0.0008230 seconds
2019-02-22T17:26:32.600-0700: 81488.966: [CMS-concurrent-sweep-start]
{Heap before GC invocations=327 (full 38):
 par new generation   total 109248K, used 109248K [0x00000000e0000000, 0x00000000e8000000, 0x00000000e8000000)
  eden space 87424K, 100% used [0x00000000e0000000, 0x00000000e5560000, 0x00000000e5560000)
  from space 21824K, 100% used [0x00000000e6ab0000, 0x00000000e8000000, 0x00000000e8000000)
  to   space 21824K,   0% used [0x00000000e5560000, 0x00000000e5560000, 0x00000000e6ab0000)
 concurrent mark-sweep generation total 393216K, used 230849K [0x00000000e8000000, 0x0000000100000000, 0x0000000100000000)
 Metaspace       used 43924K, capacity 45159K, committed 45376K, reserved 1089536K
  class space    used 5313K, capacity 5615K, committed 5732K, reserved 1048576K
2019-02-22T17:26:32.659-0700: 81489.024: [GC (Allocation Failure) 2019-02-22T17:26:32.659-0700: 81489.025: [ParNew
Desired survivor size 20112992 bytes, new threshold 3 (max 8)
- age   1:   13608448 bytes,   13608448 total
- age   2:    5386856 bytes,   18995304 total
- age   3:    1695656 bytes,   20690960 total
- age   4:     867816 bytes,   21558776 total
: 109248K->21824K(109248K), 0.0344268 secs] 340097K->283406K(502464K), 0.0345162 secs] [Times: user=0.13 sys=0.00, real=0.03 secs] 
Heap after GC invocations=328 (full 38):
 par new generation   total 109248K, used 21824K [0x00000000e0000000, 0x00000000e8000000, 0x00000000e8000000)
  eden space 87424K,   0% used [0x00000000e0000000, 0x00000000e0000000, 0x00000000e5560000)
  from space 21824K, 100% used [0x00000000e5560000, 0x00000000e6ab0000, 0x00000000e6ab0000)
  to   space 21824K,   0% used [0x00000000e6ab0000, 0x00000000e6ab0000, 0x00000000e8000000)
 concurrent mark-sweep generation total 393216K, used 261582K [0x00000000e8000000, 0x0000000100000000, 0x0000000100000000)
 Metaspace       used 43924K, capacity 45159K, committed 45376K, reserved 1089536K
  class space    used 5313K, capacity 5615K, committed 5732K, reserved 1048576K
}
2019-02-22T17:26:32.693-0700: 81489.059: Total time for which application threads were stopped: 0.0349702 seconds, Stopping threads took: 0.0000653 seconds
2019-02-22T17:26:32.728-0700: 81489.093: [CMS-concurrent-sweep: 0.092/0.127 secs] [Times: user=0.56 sys=0.01, real=0.13 secs] 
2019-02-22T17:26:32.728-0700: 81489.093: [CMS-concurrent-reset-start]
2019-02-22T17:26:32.729-0700: 81489.094: [CMS-concurrent-reset: 0.001/0.001 secs] [Times: user=0.00 sys=0.00, real=0.00 secs] 
{Heap before GC invocations=328 (full 38):
 par new generation   total 109248K, used 109248K [0x00000000e0000000, 0x00000000e8000000, 0x00000000e8000000)
  eden space 87424K, 100% used [0x00000000e0000000, 0x00000000e5560000, 0x00000000e5560000)
  from space 21824K, 100% used [0x00000000e5560000, 0x00000000e6ab0000, 0x00000000e6ab0000)
  to   space 21824K,   0% used [0x00000000e6ab0000, 0x00000000e6ab0000, 0x00000000e8000000)
 concurrent mark-sweep generation total 393216K, used 244824K [0x00000000e8000000, 0x0000000100000000, 0x0000000100000000)
 Metaspace       used 43925K, capacity 45159K, committed 45376K, reserved 1089536K
  class space    used 5313K, capacity 5615K, committed 5732K, reserved 1048576K
2019-02-22T17:26:32.893-0700: 81489.259: [GC (Allocation Failure) 2019-02-22T17:26:32.893-0700: 81489.259: [ParNew
Desired survivor size 20112992 bytes, new threshold 8 (max 8)
- age   1:    6321312 bytes,    6321312 total
- age   2:    7970552 bytes,   14291864 total
- age   3:    5133600 bytes,   19425464 total
: 109248K->21824K(109248K), 0.0230009 secs] 354072K->273013K(502464K), 0.0231022 secs] [Times: user=0.06 sys=0.00, real=0.02 secs] 
Heap after GC invocations=329 (full 38):
 par new generation   total 109248K, used 21824K [0x00000000e0000000, 0x00000000e8000000, 0x00000000e8000000)
  eden space 87424K,   0% used [0x00000000e0000000, 0x00000000e0000000, 0x00000000e5560000)
  from space 21824K, 100% used [0x00000000e6ab0000, 0x00000000e8000000, 0x00000000e8000000)
  to   space 21824K,   0% used [0x00000000e5560000, 0x00000000e5560000, 0x00000000e6ab0000)
 concurrent mark-sweep generation total 393216K, used 251189K [0x00000000e8000000, 0x0000000100000000, 0x0000000100000000)
 Metaspace       used 43925K, capacity 45159K, committed 45376K, reserved 1089536K
  class space    used 5313K, capacity 5615K, committed 5732K, reserved 1048576K
}
2019-02-22T17:26:32.917-0700: 81489.282: Total time for which application threads were stopped: 0.0235165 seconds, Stopping threads took: 0.0000386 seconds
2019-02-22T17:26:32.917-0700: 81489.283: [GC (CMS Initial Mark) [1 CMS-initial-mark: 251189K(393216K)] 273611K(502464K), 0.0024335 secs] [Times: user=0.00 sys=0.00, real=0.00 secs] 
2019-02-22T17:26:32.920-0700: 81489.285: Total time for which application threads were stopped: 0.0027147 seconds, Stopping threads took: 0.0000915 seconds
2019-02-22T17:26:32.920-0700: 81489.285: [CMS-concurrent-mark-start]
2019-02-22T17:26:33.008-0700: 81489.373: [CMS-concurrent-mark: 0.088/0.088 secs] [Times: user=0.53 sys=0.00, real=0.09 secs] 
2019-02-22T17:26:33.008-0700: 81489.373: [CMS-concurrent-preclean-start]
2019-02-22T17:26:33.027-0700: 81489.392: [CMS-concurrent-preclean: 0.018/0.019 secs] [Times: user=0.02 sys=0.00, real=0.02 secs] 
2019-02-22T17:26:33.027-0700: 81489.392: [CMS-concurrent-abortable-preclean-start]
2019-02-22T17:26:33.920-0700: 81490.285: Total time for which application threads were stopped: 0.0001917 seconds, Stopping threads took: 0.0000391 seconds
{Heap before GC invocations=329 (full 39):
 par new generation   total 109248K, used 109248K [0x00000000e0000000, 0x00000000e8000000, 0x00000000e8000000)
  eden space 87424K, 100% used [0x00000000e0000000, 0x00000000e5560000, 0x00000000e5560000)
  from space 21824K, 100% used [0x00000000e6ab0000, 0x00000000e8000000, 0x00000000e8000000)
  to   space 21824K,   0% used [0x00000000e5560000, 0x00000000e5560000, 0x00000000e6ab0000)
 concurrent mark-sweep generation total 393216K, used 251189K [0x00000000e8000000, 0x0000000100000000, 0x0000000100000000)
 Metaspace       used 43925K, capacity 45159K, committed 45376K, reserved 1089536K
  class space    used 5313K, capacity 5615K, committed 5732K, reserved 1048576K
2019-02-22T17:26:34.787-0700: 81491.153: [GC (Allocation Failure) 2019-02-22T17:26:34.787-0700: 81491.153: [ParNew
Desired survivor size 20112992 bytes, new threshold 4 (max 8)
- age   1:    8458112 bytes,    8458112 total
- age   2:    3267784 bytes,   11725896 total
- age   3:    6765704 bytes,   18491600 total
- age   4:    3839824 bytes,   22331424 total
: 109248K->21824K(109248K), 0.0275544 secs] 360437K->285007K(502464K), 0.0277251 secs] [Times: user=0.06 sys=0.00, real=0.03 secs] 
Heap after GC invocations=330 (full 39):
 par new generation   total 109248K, used 21824K [0x00000000e0000000, 0x00000000e8000000, 0x00000000e8000000)
  eden space 87424K,   0% used [0x00000000e0000000, 0x00000000e0000000, 0x00000000e5560000)
  from space 21824K, 100% used [0x00000000e5560000, 0x00000000e6ab0000, 0x00000000e6ab0000)
  to   space 21824K,   0% used [0x00000000e6ab0000, 0x00000000e6ab0000, 0x00000000e8000000)
 concurrent mark-sweep generation total 393216K, used 263183K [0x00000000e8000000, 0x0000000100000000, 0x0000000100000000)
 Metaspace       used 43925K, capacity 45159K, committed 45376K, reserved 1089536K
  class space    used 5313K, capacity 5615K, committed 5732K, reserved 1048576K
}
2019-02-22T17:26:34.815-0700: 81491.181: Total time for which application threads were stopped: 0.0281281 seconds, Stopping threads took: 0.0000365 seconds
2019-02-22T17:26:35.058-0700: 81491.424: Total time for which application threads were stopped: 0.0002951 seconds, Stopping threads took: 0.0001002 seconds
2019-02-22T17:26:35.063-0700: 81491.428: [CMS-concurrent-abortable-preclean: 1.402/2.035 secs] [Times: user=2.06 sys=0.02, real=2.04 secs] 
2019-02-22T17:26:35.064-0700: 81491.429: [GC (CMS Final Remark) [YG occupancy: 75821 K (109248 K)]{Heap before GC invocations=330 (full 39):
 par new generation   total 109248K, used 75821K [0x00000000e0000000, 0x00000000e8000000, 0x00000000e8000000)
  eden space 87424K,  61% used [0x00000000e0000000, 0x00000000e34bb760, 0x00000000e5560000)
  from space 21824K, 100% used [0x00000000e5560000, 0x00000000e6ab0000, 0x00000000e6ab0000)
  to   space 21824K,   0% used [0x00000000e6ab0000, 0x00000000e6ab0000, 0x00000000e8000000)
 concurrent mark-sweep generation total 393216K, used 263183K [0x00000000e8000000, 0x0000000100000000, 0x0000000100000000)
 Metaspace       used 43926K, capacity 45159K, committed 45376K, reserved 1089536K
  class space    used 5313K, capacity 5615K, committed 5732K, reserved 1048576K
2019-02-22T17:26:35.064-0700: 81491.430: [GC (CMS Final Remark) 2019-02-22T17:26:35.064-0700: 81491.430: [ParNew
Desired survivor size 20112992 bytes, new threshold 4 (max 8)
- age   1:    5182728 bytes,    5182728 total
- age   2:    6152320 bytes,   11335048 total
- age   3:    2942296 bytes,   14277344 total
- age   4:    6793920 bytes,   21071264 total
: 75821K->21824K(109248K), 0.0220278 secs] 339005K->290607K(502464K), 0.0221126 secs] [Times: user=0.05 sys=0.00, real=0.02 secs] 
Heap after GC invocations=331 (full 39):
 par new generation   total 109248K, used 21824K [0x00000000e0000000, 0x00000000e8000000, 0x00000000e8000000)
  eden space 87424K,   0% used [0x00000000e0000000, 0x00000000e0000000, 0x00000000e5560000)
  from space 21824K, 100% used [0x00000000e6ab0000, 0x00000000e8000000, 0x00000000e8000000)
  to   space 21824K,   0% used [0x00000000e5560000, 0x00000000e5560000, 0x00000000e6ab0000)
 concurrent mark-sweep generation total 393216K, used 268783K [0x00000000e8000000, 0x0000000100000000, 0x0000000100000000)
 Metaspace       used 43926K, capacity 45159K, committed 45376K, reserved 1089536K
  class space    used 5313K, capacity 5615K, committed 5732K, reserved 1048576K
}
2019-02-22T17:26:35.086-0700: 81491.452: [Rescan (parallel) , 0.0063085 secs]2019-02-22T17:26:35.093-0700: 81491.458: [weak refs processing, 0.0015221 secs]2019-02-22T17:26:35.094-0700: 81491.460: [class unloading, 0.0132904 secs]2019-02-22T17:26:35.108-0700: 81491.473: [scrub symbol table, 0.0111226 secs]2019-02-22T17:26:35.119-0700: 81491.484: [scrub string table, 0.0007737 secs][1 CMS-remark: 268783K(393216K)] 290607K(502464K), 0.0558218 secs] [Times: user=0.13 sys=0.00, real=0.06 secs] 
2019-02-22T17:26:35.120-0700: 81491.485: Total time for which application threads were stopped: 0.0569023 seconds, Stopping threads took: 0.0003161 seconds
2019-02-22T17:26:35.120-0700: 81491.485: [CMS-concurrent-sweep-start]
{Heap before GC invocations=331 (full 39):
 par new generation   total 109248K, used 109116K [0x00000000e0000000, 0x00000000e8000000, 0x00000000e8000000)
  eden space 87424K,  99% used [0x00000000e0000000, 0x00000000e553f350, 0x00000000e5560000)
  from space 21824K, 100% used [0x00000000e6ab0000, 0x00000000e8000000, 0x00000000e8000000)
  to   space 21824K,   0% used [0x00000000e5560000, 0x00000000e5560000, 0x00000000e6ab0000)
 concurrent mark-sweep generation total 393216K, used 264150K [0x00000000e8000000, 0x0000000100000000, 0x0000000100000000)
 Metaspace       used 43926K, capacity 45159K, committed 45376K, reserved 1089536K
  class space    used 5313K, capacity 5615K, committed 5732K, reserved 1048576K
2019-02-22T17:26:35.139-0700: 81491.504: [GC (Allocation Failure) 2019-02-22T17:26:35.139-0700: 81491.505: [ParNew
Desired survivor size 20112992 bytes, new threshold 8 (max 8)
- age   1:    1787208 bytes,    1787208 total
- age   2:    4815928 bytes,    6603136 total
- age   3:    6152272 bytes,   12755408 total
- age   4:    2906960 bytes,   15662368 total
: 109116K->20711K(109248K), 0.0195583 secs] 373266K->291202K(502464K), 0.0196405 secs] [Times: user=0.06 sys=0.02, real=0.02 secs] 
Heap after GC invocations=332 (full 39):
 par new generation   total 109248K, used 20711K [0x00000000e0000000, 0x00000000e8000000, 0x00000000e8000000)
  eden space 87424K,   0% used [0x00000000e0000000, 0x00000000e0000000, 0x00000000e5560000)
  from space 21824K,  94% used [0x00000000e5560000, 0x00000000e6999f80, 0x00000000e6ab0000)
  to   space 21824K,   0% used [0x00000000e6ab0000, 0x00000000e6ab0000, 0x00000000e8000000)
 concurrent mark-sweep generation total 393216K, used 270490K [0x00000000e8000000, 0x0000000100000000, 0x0000000100000000)
 Metaspace       used 43926K, capacity 45159K, committed 45376K, reserved 1089536K
  class space    used 5313K, capacity 5615K, committed 5732K, reserved 1048576K
}
2019-02-22T17:26:35.159-0700: 81491.524: Total time for which application threads were stopped: 0.0200512 seconds, Stopping threads took: 0.0000617 seconds
{Heap before GC invocations=332 (full 39):
 par new generation   total 109248K, used 108135K [0x00000000e0000000, 0x00000000e8000000, 0x00000000e8000000)
  eden space 87424K, 100% used [0x00000000e0000000, 0x00000000e5560000, 0x00000000e5560000)
  from space 21824K,  94% used [0x00000000e5560000, 0x00000000e6999f80, 0x00000000e6ab0000)
  to   space 21824K,   0% used [0x00000000e6ab0000, 0x00000000e6ab0000, 0x00000000e8000000)
 concurrent mark-sweep generation total 393216K, used 269419K [0x00000000e8000000, 0x0000000100000000, 0x0000000100000000)
 Metaspace       used 43926K, capacity 45159K, committed 45376K, reserved 1089536K
  class space    used 5313K, capacity 5615K, committed 5732K, reserved 1048576K
2019-02-22T17:26:35.170-0700: 81491.536: [GC (Allocation Failure) 2019-02-22T17:26:35.171-0700: 81491.536: [ParNew
Desired survivor size 20112992 bytes, new threshold 8 (max 8)
- age   1:     304304 bytes,     304304 total
- age   2:    1769008 bytes,    2073312 total
- age   3:    4815928 bytes,    6889240 total
- age   4:    6250624 bytes,   13139864 total
- age   5:    2906960 bytes,   16046824 total
: 108135K->19098K(109248K), 0.0138841 secs] 377555K->288518K(502464K), 0.0140065 secs] [Times: user=0.06 sys=0.00, real=0.01 secs] 
Heap after GC invocations=333 (full 39):
 par new generation   total 109248K, used 19098K [0x00000000e0000000, 0x00000000e8000000, 0x00000000e8000000)
  eden space 87424K,   0% used [0x00000000e0000000, 0x00000000e0000000, 0x00000000e5560000)
  from space 21824K,  87% used [0x00000000e6ab0000, 0x00000000e7d56bd0, 0x00000000e8000000)
  to   space 21824K,   0% used [0x00000000e5560000, 0x00000000e5560000, 0x00000000e6ab0000)
 concurrent mark-sweep generation total 393216K, used 269419K [0x00000000e8000000, 0x0000000100000000, 0x0000000100000000)
 Metaspace       used 43926K, capacity 45159K, committed 45376K, reserved 1089536K
  class space    used 5313K, capacity 5615K, committed 5732K, reserved 1048576K
}
2019-02-22T17:26:35.185-0700: 81491.550: Total time for which application threads were stopped: 0.0152546 seconds, Stopping threads took: 0.0003902 seconds
{Heap before GC invocations=333 (full 39):
 par new generation   total 109248K, used 106397K [0x00000000e0000000, 0x00000000e8000000, 0x00000000e8000000)
  eden space 87424K,  99% used [0x00000000e0000000, 0x00000000e5540a70, 0x00000000e5560000)
  from space 21824K,  87% used [0x00000000e6ab0000, 0x00000000e7d56bd0, 0x00000000e8000000)
  to   space 21824K,   0% used [0x00000000e5560000, 0x00000000e5560000, 0x00000000e6ab0000)
 concurrent mark-sweep generation total 393216K, used 266918K [0x00000000e8000000, 0x0000000100000000, 0x0000000100000000)
 Metaspace       used 43926K, capacity 45159K, committed 45376K, reserved 1089536K
  class space    used 5313K, capacity 5615K, committed 5732K, reserved 1048576K
2019-02-22T17:26:35.194-0700: 81491.559: [GC (Allocation Failure) 2019-02-22T17:26:35.194-0700: 81491.559: [ParNew
Desired survivor size 20112992 bytes, new threshold 8 (max 8)
- age   1:     351896 bytes,     351896 total
- age   2:     252520 bytes,     604416 total
- age   3:    1750472 bytes,    2354888 total
- age   4:    4815928 bytes,    7170816 total
- age   5:    6283408 bytes,   13454224 total
- age   6:    2939744 bytes,   16393968 total
: 106397K->21614K(109248K), 0.0114352 secs] 373316K->288532K(502464K), 0.0115195 secs] [Times: user=0.06 sys=0.00, real=0.01 secs] 
Heap after GC invocations=334 (full 39):
 par new generation   total 109248K, used 21614K [0x00000000e0000000, 0x00000000e8000000, 0x00000000e8000000)
  eden space 87424K,   0% used [0x00000000e0000000, 0x00000000e0000000, 0x00000000e5560000)
  from space 21824K,  99% used [0x00000000e5560000, 0x00000000e6a7b8a0, 0x00000000e6ab0000)
  to   space 21824K,   0% used [0x00000000e6ab0000, 0x00000000e6ab0000, 0x00000000e8000000)
 concurrent mark-sweep generation total 393216K, used 266918K [0x00000000e8000000, 0x0000000100000000, 0x0000000100000000)
 Metaspace       used 43926K, capacity 45159K, committed 45376K, reserved 1089536K
  class space    used 5313K, capacity 5615K, committed 5732K, reserved 1048576K
}
2019-02-22T17:26:35.206-0700: 81491.571: Total time for which application threads were stopped: 0.0119456 seconds, Stopping threads took: 0.0000365 seconds
2019-02-22T17:26:35.221-0700: 81491.586: Total time for which application threads were stopped: 0.0002473 seconds, Stopping threads took: 0.0001008 seconds
{Heap before GC invocations=334 (full 39):
 par new generation   total 109248K, used 109038K [0x00000000e0000000, 0x00000000e8000000, 0x00000000e8000000)
  eden space 87424K, 100% used [0x00000000e0000000, 0x00000000e5560000, 0x00000000e5560000)
  from space 21824K,  99% used [0x00000000e5560000, 0x00000000e6a7b8a0, 0x00000000e6ab0000)
  to   space 21824K,   0% used [0x00000000e6ab0000, 0x00000000e6ab0000, 0x00000000e8000000)
 concurrent mark-sweep generation total 393216K, used 254868K [0x00000000e8000000, 0x0000000100000000, 0x0000000100000000)
 Metaspace       used 43926K, capacity 45159K, committed 45376K, reserved 1089536K
  class space    used 5313K, capacity 5615K, committed 5732K, reserved 1048576K
2019-02-22T17:26:35.233-0700: 81491.599: [GC (Allocation Failure) 2019-02-22T17:26:35.234-0700: 81491.599: [ParNew
Desired survivor size 20112992 bytes, new threshold 8 (max 8)
- age   1:    2727880 bytes,    2727880 total
- age   2:     333184 bytes,    3061064 total
- age   3:     252488 bytes,    3313552 total
- age   4:    1731696 bytes,    5045248 total
- age   5:    4476576 bytes,    9521824 total
- age   6:    5862112 bytes,   15383936 total
- age   7:    2887120 bytes,   18271056 total
: 109038K->21824K(109248K), 0.0146120 secs] 363906K->277346K(502464K), 0.0147010 secs] [Times: user=0.06 sys=0.00, real=0.01 secs] 
Heap after GC invocations=335 (full 39):
 par new generation   total 109248K, used 21824K [0x00000000e0000000, 0x00000000e8000000, 0x00000000e8000000)
  eden space 87424K,   0% used [0x00000000e0000000, 0x00000000e0000000, 0x00000000e5560000)
  from space 21824K, 100% used [0x00000000e6ab0000, 0x00000000e8000000, 0x00000000e8000000)
  to   space 21824K,   0% used [0x00000000e5560000, 0x00000000e5560000, 0x00000000e6ab0000)
 concurrent mark-sweep generation total 393216K, used 255522K [0x00000000e8000000, 0x0000000100000000, 0x0000000100000000)
 Metaspace       used 43926K, capacity 45159K, committed 45376K, reserved 1089536K
  class space    used 5313K, capacity 5615K, committed 5732K, reserved 1048576K
}
2019-02-22T17:26:35.248-0700: 81491.613: Total time for which application threads were stopped: 0.0151734 seconds, Stopping threads took: 0.0000725 seconds
2019-02-22T17:26:35.291-0700: 81491.657: [CMS-concurrent-sweep: 0.109/0.172 secs] [Times: user=0.53 sys=0.06, real=0.17 secs] 
2019-02-22T17:26:35.291-0700: 81491.657: [CMS-concurrent-reset-start]
{Heap before GC invocations=335 (full 39):
 par new generation   total 109248K, used 108930K [0x00000000e0000000, 0x00000000e8000000, 0x00000000e8000000)
  eden space 87424K,  99% used [0x00000000e0000000, 0x00000000e5510ba0, 0x00000000e5560000)
  from space 21824K, 100% used [0x00000000e6ab0000, 0x00000000e8000000, 0x00000000e8000000)
  to   space 21824K,   0% used [0x00000000e5560000, 0x00000000e5560000, 0x00000000e6ab0000)
 concurrent mark-sweep generation total 393216K, used 226930K [0x00000000e8000000, 0x0000000100000000, 0x0000000100000000)
 Metaspace       used 43929K, capacity 45159K, committed 45376K, reserved 1089536K
  class space    used 5313K, capacity 5615K, committed 5732K, reserved 1048576K
2019-02-22T17:26:35.292-0700: 81491.658: [GC (Allocation Failure) 2019-02-22T17:26:35.292-0700: 81491.658: [ParNew
Desired survivor size 20112992 bytes, new threshold 8 (max 8)
- age   1:     722048 bytes,     722048 total
- age   2:    2270432 bytes,    2992480 total
- age   3:     332800 bytes,    3325280 total
- age   4:     251240 bytes,    3576520 total
- age   5:    1726520 bytes,    5303040 total
- age   6:    4448416 bytes,    9751456 total
- age   7:    5406128 bytes,   15157584 total
- age   8:    2798048 bytes,   17955632 total
: 108930K->21824K(109248K), 0.0114285 secs] 335861K->249397K(502464K), 0.0115051 secs] [Times: user=0.06 sys=0.00, real=0.01 secs] 
Heap after GC invocations=336 (full 39):
 par new generation   total 109248K, used 21824K [0x00000000e0000000, 0x00000000e8000000, 0x00000000e8000000)
  eden space 87424K,   0% used [0x00000000e0000000, 0x00000000e0000000, 0x00000000e5560000)
  from space 21824K, 100% used [0x00000000e5560000, 0x00000000e6ab0000, 0x00000000e6ab0000)
  to   space 21824K,   0% used [0x00000000e6ab0000, 0x00000000e6ab0000, 0x00000000e8000000)
 concurrent mark-sweep generation total 393216K, used 227573K [0x00000000e8000000, 0x0000000100000000, 0x0000000100000000)
 Metaspace       used 43929K, capacity 45159K, committed 45376K, reserved 1089536K
  class space    used 5313K, capacity 5615K, committed 5732K, reserved 1048576K
}
2019-02-22T17:26:35.304-0700: 81491.669: Total time for which application threads were stopped: 0.0117960 seconds, Stopping threads took: 0.0000422 seconds
2019-02-22T17:26:35.304-0700: 81491.669: [CMS-concurrent-reset: 0.001/0.012 secs] [Times: user=0.06 sys=0.00, real=0.01 secs] 
{Heap before GC invocations=336 (full 39):
 par new generation   total 109248K, used 108830K [0x00000000e0000000, 0x00000000e8000000, 0x00000000e8000000)
  eden space 87424K,  99% used [0x00000000e0000000, 0x00000000e54f79e8, 0x00000000e5560000)
  from space 21824K, 100% used [0x00000000e5560000, 0x00000000e6ab0000, 0x00000000e6ab0000)
  to   space 21824K,   0% used [0x00000000e6ab0000, 0x00000000e6ab0000, 0x00000000e8000000)
 concurrent mark-sweep generation total 393216K, used 227573K [0x00000000e8000000, 0x0000000100000000, 0x0000000100000000)
 Metaspace       used 43929K, capacity 45159K, committed 45376K, reserved 1089536K
  class space    used 5313K, capacity 5615K, committed 5732K, reserved 1048576K
2019-02-22T17:26:35.318-0700: 81491.683: [GC (Allocation Failure) 2019-02-22T17:26:35.318-0700: 81491.683: [ParNew
Desired survivor size 20112992 bytes, new threshold 8 (max 8)
- age   1:      75072 bytes,      75072 total
- age   2:     709144 bytes,     784216 total
- age   3:    2275808 bytes,    3060024 total
- age   4:     332800 bytes,    3392824 total
- age   5:     251240 bytes,    3644064 total
- age   6:    1726544 bytes,    5370608 total
- age   7:    4448416 bytes,    9819024 total
- age   8:    4904368 bytes,   14723392 total
: 108830K->21366K(109248K), 0.0136430 secs] 336404K->251673K(502464K), 0.0137150 secs] [Times: user=0.08 sys=0.00, real=0.01 secs] 
Heap after GC invocations=337 (full 39):
 par new generation   total 109248K, used 21366K [0x00000000e0000000, 0x00000000e8000000, 0x00000000e8000000)
  eden space 87424K,   0% used [0x00000000e0000000, 0x00000000e0000000, 0x00000000e5560000)
  from space 21824K,  97% used [0x00000000e6ab0000, 0x00000000e7f8da18, 0x00000000e8000000)
  to   space 21824K,   0% used [0x00000000e5560000, 0x00000000e5560000, 0x00000000e6ab0000)
 concurrent mark-sweep generation total 393216K, used 230306K [0x00000000e8000000, 0x0000000100000000, 0x0000000100000000)
 Metaspace       used 43929K, capacity 45159K, committed 45376K, reserved 1089536K
  class space    used 5313K, capacity 5615K, committed 5732K, reserved 1048576K
}
2019-02-22T17:26:35.332-0700: 81491.697: Total time for which application threads were stopped: 0.0140625 seconds, Stopping threads took: 0.0000781 seconds
2019-02-22T17:26:35.332-0700: 81491.697: [GC (CMS Initial Mark) [1 CMS-initial-mark: 230306K(393216K)] 252185K(502464K), 0.0031111 secs] [Times: user=0.00 sys=0.00, real=0.00 secs] 
2019-02-22T17:26:35.335-0700: 81491.701: Total time for which application threads were stopped: 0.0033732 seconds, Stopping threads took: 0.0000689 seconds
2019-02-22T17:26:35.335-0700: 81491.701: [CMS-concurrent-mark-start]
{Heap before GC invocations=337 (full 40):
 par new generation   total 109248K, used 108647K [0x00000000e0000000, 0x00000000e8000000, 0x00000000e8000000)
  eden space 87424K,  99% used [0x00000000e0000000, 0x00000000e553c4b8, 0x00000000e5560000)
  from space 21824K,  97% used [0x00000000e6ab0000, 0x00000000e7f8da18, 0x00000000e8000000)
  to   space 21824K,   0% used [0x00000000e5560000, 0x00000000e5560000, 0x00000000e6ab0000)
 concurrent mark-sweep generation total 393216K, used 230306K [0x00000000e8000000, 0x0000000100000000, 0x0000000100000000)
 Metaspace       used 43929K, capacity 45159K, committed 45376K, reserved 1089536K
  class space    used 5313K, capacity 5615K, committed 5732K, reserved 1048576K
2019-02-22T17:26:35.350-0700: 81491.715: [GC (Allocation Failure) 2019-02-22T17:26:35.350-0700: 81491.715: [ParNew
Desired survivor size 20112992 bytes, new threshold 8 (max 8)
- age   1:      53608 bytes,      53608 total
- age   2:      40608 bytes,      94216 total
- age   3:     703544 bytes,     797760 total
- age   4:    2270376 bytes,    3068136 total
- age   5:     332800 bytes,    3400936 total
- age   6:     251240 bytes,    3652176 total
- age   7:    1726520 bytes,    5378696 total
- age   8:    4448416 bytes,    9827112 total
: 108647K->12076K(109248K), 0.0136497 secs] 338954K->247109K(502464K), 0.0137304 secs] [Times: user=0.08 sys=0.00, real=0.01 secs] 
Heap after GC invocations=338 (full 40):
 par new generation   total 109248K, used 12076K [0x00000000e0000000, 0x00000000e8000000, 0x00000000e8000000)
  eden space 87424K,   0% used [0x00000000e0000000, 0x00000000e0000000, 0x00000000e5560000)
  from space 21824K,  55% used [0x00000000e5560000, 0x00000000e612b1a0, 0x00000000e6ab0000)
  to   space 21824K,   0% used [0x00000000e6ab0000, 0x00000000e6ab0000, 0x00000000e8000000)
 concurrent mark-sweep generation total 393216K, used 235033K [0x00000000e8000000, 0x0000000100000000, 0x0000000100000000)
 Metaspace       used 43929K, capacity 45159K, committed 45376K, reserved 1089536K
  class space    used 5313K, capacity 5615K, committed 5732K, reserved 1048576K
}
2019-02-22T17:26:35.364-0700: 81491.729: Total time for which application threads were stopped: 0.0141658 seconds, Stopping threads took: 0.0000740 seconds
{Heap before GC invocations=338 (full 40):
 par new generation   total 109248K, used 99473K [0x00000000e0000000, 0x00000000e8000000, 0x00000000e8000000)
  eden space 87424K,  99% used [0x00000000e0000000, 0x00000000e5559440, 0x00000000e5560000)
  from space 21824K,  55% used [0x00000000e5560000, 0x00000000e612b1a0, 0x00000000e6ab0000)
  to   space 21824K,   0% used [0x00000000e6ab0000, 0x00000000e6ab0000, 0x00000000e8000000)
 concurrent mark-sweep generation total 393216K, used 235033K [0x00000000e8000000, 0x0000000100000000, 0x0000000100000000)
 Metaspace       used 43929K, capacity 45159K, committed 45376K, reserved 1089536K
  class space    used 5313K, capacity 5615K, committed 5732K, reserved 1048576K
2019-02-22T17:26:35.374-0700: 81491.739: [GC (Allocation Failure) 2019-02-22T17:26:35.374-0700: 81491.739: [ParNew
Desired survivor size 20112992 bytes, new threshold 8 (max 8)
- age   1:      36208 bytes,      36208 total
- age   2:      19320 bytes,      55528 total
- age   3:      40608 bytes,      96136 total
- age   4:     703544 bytes,     799680 total
- age   5:    2270376 bytes,    3070056 total
- age   6:     332800 bytes,    3402856 total
- age   7:     251240 bytes,    3654096 total
- age   8:    1726640 bytes,    5380736 total
: 99473K->9612K(109248K), 0.0096298 secs] 334507K->248993K(502464K), 0.0097969 secs] [Times: user=0.06 sys=0.00, real=0.01 secs] 
Heap after GC invocations=339 (full 40):
 par new generation   total 109248K, used 9612K [0x00000000e0000000, 0x00000000e8000000, 0x00000000e8000000)
  eden space 87424K,   0% used [0x00000000e0000000, 0x00000000e0000000, 0x00000000e5560000)
  from space 21824K,  44% used [0x00000000e6ab0000, 0x00000000e74133a0, 0x00000000e8000000)
  to   space 21824K,   0% used [0x00000000e5560000, 0x00000000e5560000, 0x00000000e6ab0000)
 concurrent mark-sweep generation total 393216K, used 239380K [0x00000000e8000000, 0x0000000100000000, 0x0000000100000000)
 Metaspace       used 43929K, capacity 45159K, committed 45376K, reserved 1089536K
  class space    used 5313K, capacity 5615K, committed 5732K, reserved 1048576K
}
2019-02-22T17:26:35.384-0700: 81491.749: Total time for which application threads were stopped: 0.0102369 seconds, Stopping threads took: 0.0000715 seconds
{Heap before GC invocations=339 (full 40):
 par new generation   total 109248K, used 97036K [0x00000000e0000000, 0x00000000e8000000, 0x00000000e8000000)
  eden space 87424K, 100% used [0x00000000e0000000, 0x00000000e5560000, 0x00000000e5560000)
  from space 21824K,  44% used [0x00000000e6ab0000, 0x00000000e74133a0, 0x00000000e8000000)
  to   space 21824K,   0% used [0x00000000e5560000, 0x00000000e5560000, 0x00000000e6ab0000)
 concurrent mark-sweep generation total 393216K, used 239380K [0x00000000e8000000, 0x0000000100000000, 0x0000000100000000)
 Metaspace       used 43933K, capacity 45165K, committed 45376K, reserved 1089536K
  class space    used 5313K, capacity 5616K, committed 5732K, reserved 1048576K
2019-02-22T17:26:35.400-0700: 81491.765: [GC (Allocation Failure) 2019-02-22T17:26:35.400-0700: 81491.765: [ParNew
Desired survivor size 20112992 bytes, new threshold 5 (max 8)
- age   1:   19586200 bytes,   19586200 total
- age   2:      18760 bytes,   19604960 total
- age   3:      19320 bytes,   19624280 total
- age   4:      40608 bytes,   19664888 total
- age   5:     451040 bytes,   20115928 total
- age   6:    1505560 bytes,   21621488 total
- age   7:     332800 bytes,   21954288 total
- age   8:     251240 bytes,   22205528 total
: 97036K->21824K(109248K), 0.0210058 secs] 336417K->273550K(502464K), 0.0210994 secs] [Times: user=0.06 sys=0.00, real=0.02 secs] 
Heap after GC invocations=340 (full 40):
 par new generation   total 109248K, used 21824K [0x00000000e0000000, 0x00000000e8000000, 0x00000000e8000000)
  eden space 87424K,   0% used [0x00000000e0000000, 0x00000000e0000000, 0x00000000e5560000)
  from space 21824K, 100% used [0x00000000e5560000, 0x00000000e6ab0000, 0x00000000e6ab0000)
  to   space 21824K,   0% used [0x00000000e6ab0000, 0x00000000e6ab0000, 0x00000000e8000000)
 concurrent mark-sweep generation total 393216K, used 251726K [0x00000000e8000000, 0x0000000100000000, 0x0000000100000000)
 Metaspace       used 43933K, capacity 45165K, committed 45376K, reserved 1089536K
  class space    used 5313K, capacity 5616K, committed 5732K, reserved 1048576K
}
2019-02-22T17:26:35.421-0700: 81491.787: Total time for which application threads were stopped: 0.0216972 seconds, Stopping threads took: 0.0001496 seconds
2019-02-22T17:26:35.427-0700: 81491.792: Total time for which application threads were stopped: 0.0004179 seconds, Stopping threads took: 0.0001522 seconds
{Heap before GC invocations=340 (full 40):
 par new generation   total 109248K, used 109248K [0x00000000e0000000, 0x00000000e8000000, 0x00000000e8000000)
  eden space 87424K, 100% used [0x00000000e0000000, 0x00000000e5560000, 0x00000000e5560000)
  from space 21824K, 100% used [0x00000000e5560000, 0x00000000e6ab0000, 0x00000000e6ab0000)
  to   space 21824K,   0% used [0x00000000e6ab0000, 0x00000000e6ab0000, 0x00000000e8000000)
 concurrent mark-sweep generation total 393216K, used 251726K [0x00000000e8000000, 0x0000000100000000, 0x0000000100000000)
 Metaspace       used 43933K, capacity 45165K, committed 45376K, reserved 1089536K
  class space    used 5313K, capacity 5616K, committed 5732K, reserved 1048576K
2019-02-22T17:26:35.434-0700: 81491.800: [GC (Allocation Failure) 2019-02-22T17:26:35.435-0700: 81491.800: [ParNew
Desired survivor size 20112992 bytes, new threshold 2 (max 8)
- age   1:    9981704 bytes,    9981704 total
- age   2:   12287224 bytes,   22268928 total
- age   3:      16384 bytes,   22285312 total
- age   4:      16416 bytes,   22301728 total
- age   5:      36696 bytes,   22338424 total
: 109248K->21824K(109248K), 0.0349069 secs] 360974K->304386K(502464K), 0.0350570 secs] [Times: user=0.14 sys=0.00, real=0.04 secs] 
Heap after GC invocations=341 (full 40):
 par new generation   total 109248K, used 21824K [0x00000000e0000000, 0x00000000e8000000, 0x00000000e8000000)
  eden space 87424K,   0% used [0x00000000e0000000, 0x00000000e0000000, 0x00000000e5560000)
  from space 21824K, 100% used [0x00000000e6ab0000, 0x00000000e8000000, 0x00000000e8000000)
  to   space 21824K,   0% used [0x00000000e5560000, 0x00000000e5560000, 0x00000000e6ab0000)
 concurrent mark-sweep generation total 393216K, used 282562K [0x00000000e8000000, 0x0000000100000000, 0x0000000100000000)
 Metaspace       used 43933K, capacity 45165K, committed 45376K, reserved 1089536K
  class space    used 5313K, capacity 5616K, committed 5732K, reserved 1048576K
}
2019-02-22T17:26:35.469-0700: 81491.835: Total time for which application threads were stopped: 0.0356965 seconds, Stopping threads took: 0.0001393 seconds
2019-02-22T17:26:35.519-0700: 81491.885: [CMS-concurrent-mark: 0.101/0.184 secs] [Times: user=0.89 sys=0.05, real=0.18 secs] 
2019-02-22T17:26:35.519-0700: 81491.885: [CMS-concurrent-preclean-start]
{Heap before GC invocations=341 (full 40):
 par new generation   total 109248K, used 109248K [0x00000000e0000000, 0x00000000e8000000, 0x00000000e8000000)
  eden space 87424K, 100% used [0x00000000e0000000, 0x00000000e5560000, 0x00000000e5560000)
  from space 21824K, 100% used [0x00000000e6ab0000, 0x00000000e8000000, 0x00000000e8000000)
  to   space 21824K,   0% used [0x00000000e5560000, 0x00000000e5560000, 0x00000000e6ab0000)
 concurrent mark-sweep generation total 393216K, used 282562K [0x00000000e8000000, 0x0000000100000000, 0x0000000100000000)
 Metaspace       used 43934K, capacity 45165K, committed 45376K, reserved 1089536K
  class space    used 5313K, capacity 5616K, committed 5732K, reserved 1048576K
2019-02-22T17:26:35.573-0700: 81491.938: [GC (Allocation Failure) 2019-02-22T17:26:35.573-0700: 81491.938: [ParNew
Desired survivor size 20112992 bytes, new threshold 8 (max 8)
- age   1:    6328880 bytes,    6328880 total
- age   2:    8049960 bytes,   14378840 total
: 109248K->21824K(109248K), 0.0257192 secs] 391810K->317642K(502464K), 0.0259156 secs] [Times: user=0.11 sys=0.02, real=0.03 secs] 
Heap after GC invocations=342 (full 40):
 par new generation   total 109248K, used 21824K [0x00000000e0000000, 0x00000000e8000000, 0x00000000e8000000)
  eden space 87424K,   0% used [0x00000000e0000000, 0x00000000e0000000, 0x00000000e5560000)
  from space 21824K, 100% used [0x00000000e5560000, 0x00000000e6ab0000, 0x00000000e6ab0000)
  to   space 21824K,   0% used [0x00000000e6ab0000, 0x00000000e6ab0000, 0x00000000e8000000)
 concurrent mark-sweep generation total 393216K, used 295818K [0x00000000e8000000, 0x0000000100000000, 0x0000000100000000)
 Metaspace       used 43934K, capacity 45165K, committed 45376K, reserved 1089536K
  class space    used 5313K, capacity 5616K, committed 5732K, reserved 1048576K
}
2019-02-22T17:26:35.598-0700: 81491.964: Total time for which application threads were stopped: 0.0264111 seconds, Stopping threads took: 0.0000802 seconds
{Heap before GC invocations=342 (full 40):
 par new generation   total 109248K, used 109248K [0x00000000e0000000, 0x00000000e8000000, 0x00000000e8000000)
  eden space 87424K, 100% used [0x00000000e0000000, 0x00000000e5560000, 0x00000000e5560000)
  from space 21824K, 100% used [0x00000000e5560000, 0x00000000e6ab0000, 0x00000000e6ab0000)
  to   space 21824K,   0% used [0x00000000e6ab0000, 0x00000000e6ab0000, 0x00000000e8000000)
 concurrent mark-sweep generation total 393216K, used 295818K [0x00000000e8000000, 0x0000000100000000, 0x0000000100000000)
 Metaspace       used 43934K, capacity 45165K, committed 45376K, reserved 1089536K
  class space    used 5313K, capacity 5616K, committed 5732K, reserved 1048576K
2019-02-22T17:26:35.625-0700: 81491.990: [GC (Allocation Failure) 2019-02-22T17:26:35.625-0700: 81491.990: [ParNew
Desired survivor size 20112992 bytes, new threshold 3 (max 8)
- age   1:   14644816 bytes,   14644816 total
- age   2:    4223592 bytes,   18868408 total
- age   3:    3415584 bytes,   22283992 total
: 109248K->21824K(109248K), 0.0251101 secs] 405066K->329234K(502464K), 0.0251846 secs] [Times: user=0.03 sys=0.03, real=0.03 secs] 
Heap after GC invocations=343 (full 40):
 par new generation   total 109248K, used 21824K [0x00000000e0000000, 0x00000000e8000000, 0x00000000e8000000)
  eden space 87424K,   0% used [0x00000000e0000000, 0x00000000e0000000, 0x00000000e5560000)
  from space 21824K, 100% used [0x00000000e6ab0000, 0x00000000e8000000, 0x00000000e8000000)
  to   space 21824K,   0% used [0x00000000e5560000, 0x00000000e5560000, 0x00000000e6ab0000)
 concurrent mark-sweep generation total 393216K, used 307410K [0x00000000e8000000, 0x0000000100000000, 0x0000000100000000)
 Metaspace       used 43934K, capacity 45165K, committed 45376K, reserved 1089536K
  class space    used 5313K, capacity 5616K, committed 5732K, reserved 1048576K
}
2019-02-22T17:26:35.650-0700: 81492.016: Total time for which application threads were stopped: 0.0256143 seconds, Stopping threads took: 0.0000961 seconds
2019-02-22T17:26:35.692-0700: 81492.058: [CMS-concurrent-preclean: 0.116/0.173 secs] [Times: user=0.70 sys=0.09, real=0.17 secs] 
2019-02-22T17:26:35.692-0700: 81492.058: [CMS-concurrent-abortable-preclean-start]
{Heap before GC invocations=343 (full 40):
 par new generation   total 109248K, used 109248K [0x00000000e0000000, 0x00000000e8000000, 0x00000000e8000000)
  eden space 87424K, 100% used [0x00000000e0000000, 0x00000000e5560000, 0x00000000e5560000)
  from space 21824K, 100% used [0x00000000e6ab0000, 0x00000000e8000000, 0x00000000e8000000)
  to   space 21824K,   0% used [0x00000000e5560000, 0x00000000e5560000, 0x00000000e6ab0000)
 concurrent mark-sweep generation total 393216K, used 307410K [0x00000000e8000000, 0x0000000100000000, 0x0000000100000000)
 Metaspace       used 43934K, capacity 45165K, committed 45376K, reserved 1089536K
  class space    used 5313K, capacity 5616K, committed 5732K, reserved 1048576K
2019-02-22T17:26:35.701-0700: 81492.066: [GC (Allocation Failure) 2019-02-22T17:26:35.701-0700: 81492.066: [ParNew
Desired survivor size 20112992 bytes, new threshold 8 (max 8)
- age   1:    3204208 bytes,    3204208 total
- age   2:   12341056 bytes,   15545264 total
- age   3:    3654976 bytes,   19200240 total
: 109248K->21824K(109248K), 0.0168435 secs] 416658K->333709K(502464K), 0.0169710 secs] [Times: user=0.06 sys=0.00, real=0.02 secs] 
Heap after GC invocations=344 (full 40):
 par new generation   total 109248K, used 21824K [0x00000000e0000000, 0x00000000e8000000, 0x00000000e8000000)
  eden space 87424K,   0% used [0x00000000e0000000, 0x00000000e0000000, 0x00000000e5560000)
  from space 21824K, 100% used [0x00000000e5560000, 0x00000000e6ab0000, 0x00000000e6ab0000)
  to   space 21824K,   0% used [0x00000000e6ab0000, 0x00000000e6ab0000, 0x00000000e8000000)
 concurrent mark-sweep generation total 393216K, used 311885K [0x00000000e8000000, 0x0000000100000000, 0x0000000100000000)
 Metaspace       used 43934K, capacity 45165K, committed 45376K, reserved 1089536K
  class space    used 5313K, capacity 5616K, committed 5732K, reserved 1048576K
}
2019-02-22T17:26:35.718-0700: 81492.083: Total time for which application threads were stopped: 0.0173190 seconds, Stopping threads took: 0.0000730 seconds
2019-02-22T17:26:35.753-0700: 81492.118: [CMS-concurrent-abortable-preclean: 0.042/0.060 secs] [Times: user=0.31 sys=0.00, real=0.06 secs] 
2019-02-22T17:26:35.753-0700: 81492.118: [GC (CMS Final Remark) [YG occupancy: 73996 K (109248 K)]{Heap before GC invocations=344 (full 40):
 par new generation   total 109248K, used 73996K [0x00000000e0000000, 0x00000000e8000000, 0x00000000e8000000)
  eden space 87424K,  59% used [0x00000000e0000000, 0x00000000e32f33c8, 0x00000000e5560000)
  from space 21824K, 100% used [0x00000000e5560000, 0x00000000e6ab0000, 0x00000000e6ab0000)
  to   space 21824K,   0% used [0x00000000e6ab0000, 0x00000000e6ab0000, 0x00000000e8000000)
 concurrent mark-sweep generation total 393216K, used 311885K [0x00000000e8000000, 0x0000000100000000, 0x0000000100000000)
 Metaspace       used 43934K, capacity 45165K, committed 45376K, reserved 1089536K
  class space    used 5313K, capacity 5616K, committed 5732K, reserved 1048576K
2019-02-22T17:26:35.754-0700: 81492.119: [GC (CMS Final Remark) 2019-02-22T17:26:35.754-0700: 81492.119: [ParNew
Desired survivor size 20112992 bytes, new threshold 8 (max 8)
- age   1:    1478776 bytes,    1478776 total
- age   2:    2255800 bytes,    3734576 total
- age   3:   12135408 bytes,   15869984 total
- age   4:    3644840 bytes,   19514824 total
: 73996K->21824K(109248K), 0.0123641 secs] 385882K->334029K(502464K), 0.0124833 secs] [Times: user=0.02 sys=0.00, real=0.01 secs] 
Heap after GC invocations=345 (full 40):
 par new generation   total 109248K, used 21824K [0x00000000e0000000, 0x00000000e8000000, 0x00000000e8000000)
  eden space 87424K,   0% used [0x00000000e0000000, 0x00000000e0000000, 0x00000000e5560000)
  from space 21824K, 100% used [0x00000000e6ab0000, 0x00000000e8000000, 0x00000000e8000000)
  to   space 21824K,   0% used [0x00000000e5560000, 0x00000000e5560000, 0x00000000e6ab0000)
 concurrent mark-sweep generation total 393216K, used 312205K [0x00000000e8000000, 0x0000000100000000, 0x0000000100000000)
 Metaspace       used 43934K, capacity 45165K, committed 45376K, reserved 1089536K
  class space    used 5313K, capacity 5616K, committed 5732K, reserved 1048576K
}
2019-02-22T17:26:35.766-0700: 81492.131: [Rescan (parallel) , 0.0079920 secs]2019-02-22T17:26:35.774-0700: 81492.139: [weak refs processing, 0.0005228 secs]2019-02-22T17:26:35.775-0700: 81492.140: [class unloading, 0.0131346 secs]2019-02-22T17:26:35.788-0700: 81492.153: [scrub symbol table, 0.0121296 secs]2019-02-22T17:26:35.799-0700: 81492.165: [scrub string table, 0.0006364 secs][1 CMS-remark: 312205K(393216K)] 334029K(502464K), 0.0473399 secs] [Times: user=0.03 sys=0.00, real=0.05 secs] 
2019-02-22T17:26:35.800-0700: 81492.166: Total time for which application threads were stopped: 0.0476987 seconds, Stopping threads took: 0.0000848 seconds
2019-02-22T17:26:35.800-0700: 81492.166: [CMS-concurrent-sweep-start]
2019-02-22T17:26:35.843-0700: 81492.209: Total time for which application threads were stopped: 0.0002318 seconds, Stopping threads took: 0.0000817 seconds
2019-02-22T17:26:35.844-0700: 81492.209: Total time for which application threads were stopped: 0.0002067 seconds, Stopping threads took: 0.0000627 seconds
2019-02-22T17:26:35.844-0700: 81492.209: Total time for which application threads were stopped: 0.0002982 seconds, Stopping threads took: 0.0000977 seconds
{Heap before GC invocations=345 (full 40):
 par new generation   total 109248K, used 109248K [0x00000000e0000000, 0x00000000e8000000, 0x00000000e8000000)
  eden space 87424K, 100% used [0x00000000e0000000, 0x00000000e5560000, 0x00000000e5560000)
  from space 21824K, 100% used [0x00000000e6ab0000, 0x00000000e8000000, 0x00000000e8000000)
  to   space 21824K,   0% used [0x00000000e5560000, 0x00000000e5560000, 0x00000000e6ab0000)
 concurrent mark-sweep generation total 393216K, used 291303K [0x00000000e8000000, 0x0000000100000000, 0x0000000100000000)
 Metaspace       used 43937K, capacity 45165K, committed 45376K, reserved 1089536K
  class space    used 5313K, capacity 5616K, committed 5732K, reserved 1048576K
2019-02-22T17:26:35.861-0700: 81492.226: [GC (Allocation Failure) 2019-02-22T17:26:35.861-0700: 81492.226: [ParNew
Desired survivor size 20112992 bytes, new threshold 8 (max 8)
- age   1:    3178888 bytes,    3178888 total
- age   2:     342696 bytes,    3521584 total
- age   3:    1692488 bytes,    5214072 total
- age   4:    9609840 bytes,   14823912 total
- age   5:    3424504 bytes,   18248416 total
: 109248K->21824K(109248K), 0.0166852 secs] 400551K->315859K(502464K), 0.0167839 secs] [Times: user=0.06 sys=0.00, real=0.02 secs] 
Heap after GC invocations=346 (full 40):
 par new generation   total 109248K, used 21824K [0x00000000e0000000, 0x00000000e8000000, 0x00000000e8000000)
  eden space 87424K,   0% used [0x00000000e0000000, 0x00000000e0000000, 0x00000000e5560000)
  from space 21824K, 100% used [0x00000000e5560000, 0x00000000e6ab0000, 0x00000000e6ab0000)
  to   space 21824K,   0% used [0x00000000e6ab0000, 0x00000000e6ab0000, 0x00000000e8000000)
 concurrent mark-sweep generation total 393216K, used 294035K [0x00000000e8000000, 0x0000000100000000, 0x0000000100000000)
 Metaspace       used 43937K, capacity 45165K, committed 45376K, reserved 1089536K
  class space    used 5313K, capacity 5616K, committed 5732K, reserved 1048576K
}
2019-02-22T17:26:35.878-0700: 81492.243: Total time for which application threads were stopped: 0.0173751 seconds, Stopping threads took: 0.0002185 seconds
{Heap before GC invocations=346 (full 40):
 par new generation   total 109248K, used 109248K [0x00000000e0000000, 0x00000000e8000000, 0x00000000e8000000)
  eden space 87424K, 100% used [0x00000000e0000000, 0x00000000e5560000, 0x00000000e5560000)
  from space 21824K, 100% used [0x00000000e5560000, 0x00000000e6ab0000, 0x00000000e6ab0000)
  to   space 21824K,   0% used [0x00000000e6ab0000, 0x00000000e6ab0000, 0x00000000e8000000)
 concurrent mark-sweep generation total 393216K, used 261241K [0x00000000e8000000, 0x0000000100000000, 0x0000000100000000)
 Metaspace       used 43937K, capacity 45165K, committed 45376K, reserved 1089536K
  class space    used 5313K, capacity 5616K, committed 5732K, reserved 1048576K
2019-02-22T17:26:35.929-0700: 81492.295: [GC (Allocation Failure) 2019-02-22T17:26:35.929-0700: 81492.295: [ParNew
Desired survivor size 20112992 bytes, new threshold 8 (max 8)
- age   1:    4251448 bytes,    4251448 total
- age   2:    2375056 bytes,    6626504 total
- age   3:     232936 bytes,    6859440 total
- age   4:    1542680 bytes,    8402120 total
- age   5:    7797824 bytes,   16199944 total
- age   6:    2937024 bytes,   19136968 total
: 109248K->21824K(109248K), 0.0174969 secs] 370489K->285618K(502464K), 0.0177642 secs] [Times: user=0.06 sys=0.00, real=0.02 secs] 
Heap after GC invocations=347 (full 40):
 par new generation   total 109248K, used 21824K [0x00000000e0000000, 0x00000000e8000000, 0x00000000e8000000)
  eden space 87424K,   0% used [0x00000000e0000000, 0x00000000e0000000, 0x00000000e5560000)
  from space 21824K, 100% used [0x00000000e6ab0000, 0x00000000e8000000, 0x00000000e8000000)
  to   space 21824K,   0% used [0x00000000e5560000, 0x00000000e5560000, 0x00000000e6ab0000)
 concurrent mark-sweep generation total 393216K, used 263794K [0x00000000e8000000, 0x0000000100000000, 0x0000000100000000)
 Metaspace       used 43937K, capacity 45165K, committed 45376K, reserved 1089536K
  class space    used 5313K, capacity 5616K, committed 5732K, reserved 1048576K
}
2019-02-22T17:26:35.947-0700: 81492.312: Total time for which application threads were stopped: 0.0183528 seconds, Stopping threads took: 0.0000787 seconds
2019-02-22T17:26:35.955-0700: 81492.321: [CMS-concurrent-sweep: 0.118/0.155 secs] [Times: user=0.63 sys=0.03, real=0.15 secs] 
2019-02-22T17:26:35.955-0700: 81492.321: [CMS-concurrent-reset-start]
2019-02-22T17:26:35.956-0700: 81492.322: [CMS-concurrent-reset: 0.001/0.001 secs] [Times: user=0.00 sys=0.00, real=0.00 secs] 
2019-02-22T17:26:35.963-0700: 81492.329: Total time for which application threads were stopped: 0.0003059 seconds, Stopping threads took: 0.0000900 seconds
2019-02-22T17:26:35.964-0700: 81492.330: Total time for which application threads were stopped: 0.0002745 seconds, Stopping threads took: 0.0000601 seconds
2019-02-22T17:26:35.965-0700: 81492.331: Total time for which application threads were stopped: 0.0009685 seconds, Stopping threads took: 0.0000982 seconds
2019-02-22T17:26:35.966-0700: 81492.331: Total time for which application threads were stopped: 0.0004560 seconds, Stopping threads took: 0.0001054 seconds
{Heap before GC invocations=347 (full 40):
 par new generation   total 109248K, used 109248K [0x00000000e0000000, 0x00000000e8000000, 0x00000000e8000000)
  eden space 87424K, 100% used [0x00000000e0000000, 0x00000000e5560000, 0x00000000e5560000)
  from space 21824K, 100% used [0x00000000e6ab0000, 0x00000000e8000000, 0x00000000e8000000)
  to   space 21824K,   0% used [0x00000000e5560000, 0x00000000e5560000, 0x00000000e6ab0000)
 concurrent mark-sweep generation total 393216K, used 252916K [0x00000000e8000000, 0x0000000100000000, 0x0000000100000000)
 Metaspace       used 43937K, capacity 45165K, committed 45376K, reserved 1089536K
  class space    used 5313K, capacity 5616K, committed 5732K, reserved 1048576K
2019-02-22T17:26:36.057-0700: 81492.423: [GC (Allocation Failure) 2019-02-22T17:26:36.057-0700: 81492.423: [ParNew
Desired survivor size 20112992 bytes, new threshold 7 (max 8)
- age   1:    7347328 bytes,    7347328 total
- age   2:    3559312 bytes,   10906640 total
- age   3:    1948632 bytes,   12855272 total
- age   4:     228248 bytes,   13083520 total
- age   5:     603736 bytes,   13687256 total
- age   6:    5425248 bytes,   19112504 total
- age   7:    2908880 bytes,   22021384 total
: 109248K->21824K(109248K), 0.0313605 secs] 362164K->278793K(502464K), 0.0314818 secs] [Times: user=0.16 sys=0.02, real=0.03 secs] 
Heap after GC invocations=348 (full 40):
 par new generation   total 109248K, used 21824K [0x00000000e0000000, 0x00000000e8000000, 0x00000000e8000000)
  eden space 87424K,   0% used [0x00000000e0000000, 0x00000000e0000000, 0x00000000e5560000)
  from space 21824K, 100% used [0x00000000e5560000, 0x00000000e6ab0000, 0x00000000e6ab0000)
  to   space 21824K,   0% used [0x00000000e6ab0000, 0x00000000e6ab0000, 0x00000000e8000000)
 concurrent mark-sweep generation total 393216K, used 256969K [0x00000000e8000000, 0x0000000100000000, 0x0000000100000000)
 Metaspace       used 43937K, capacity 45165K, committed 45376K, reserved 1089536K
  class space    used 5313K, capacity 5616K, committed 5732K, reserved 1048576K
}
2019-02-22T17:26:36.089-0700: 81492.454: Total time for which application threads were stopped: 0.0321033 seconds, Stopping threads took: 0.0001311 seconds
2019-02-22T17:26:36.089-0700: 81492.455: [GC (CMS Initial Mark) [1 CMS-initial-mark: 256969K(393216K)] 278807K(502464K), 0.0076039 secs] [Times: user=0.09 sys=0.00, real=0.01 secs] 
2019-02-22T17:26:36.097-0700: 81492.462: Total time for which application threads were stopped: 0.0080614 seconds, Stopping threads took: 0.0000812 seconds
2019-02-22T17:26:36.097-0700: 81492.462: [CMS-concurrent-mark-start]
2019-02-22T17:26:36.120-0700: 81492.486: Total time for which application threads were stopped: 0.0004894 seconds, Stopping threads took: 0.0001208 seconds
2019-02-22T17:26:36.184-0700: 81492.549: Total time for which application threads were stopped: 0.0002349 seconds, Stopping threads took: 0.0000694 seconds
2019-02-22T17:26:36.191-0700: 81492.556: [CMS-concurrent-mark: 0.091/0.094 secs] [Times: user=0.59 sys=0.03, real=0.09 secs] 
2019-02-22T17:26:36.191-0700: 81492.557: [CMS-concurrent-preclean-start]
2019-02-22T17:26:36.207-0700: 81492.572: [CMS-concurrent-preclean: 0.015/0.016 secs] [Times: user=0.05 sys=0.03, real=0.02 secs] 
2019-02-22T17:26:36.207-0700: 81492.572: [CMS-concurrent-abortable-preclean-start]
{Heap before GC invocations=348 (full 41):
 par new generation   total 109248K, used 109248K [0x00000000e0000000, 0x00000000e8000000, 0x00000000e8000000)
  eden space 87424K, 100% used [0x00000000e0000000, 0x00000000e5560000, 0x00000000e5560000)
  from space 21824K, 100% used [0x00000000e5560000, 0x00000000e6ab0000, 0x00000000e6ab0000)
  to   space 21824K,   0% used [0x00000000e6ab0000, 0x00000000e6ab0000, 0x00000000e8000000)
 concurrent mark-sweep generation total 393216K, used 256969K [0x00000000e8000000, 0x0000000100000000, 0x0000000100000000)
 Metaspace       used 43940K, capacity 45165K, committed 45376K, reserved 1089536K
  class space    used 5313K, capacity 5616K, committed 5732K, reserved 1048576K
2019-02-22T17:26:36.253-0700: 81492.619: [GC (Allocation Failure) 2019-02-22T17:26:36.253-0700: 81492.619: [ParNew
Desired survivor size 20112992 bytes, new threshold 8 (max 8)
- age   1:    3176512 bytes,    3176512 total
- age   2:    4288408 bytes,    7464920 total
- age   3:    3508200 bytes,   10973120 total
- age   4:    1931528 bytes,   12904648 total
- age   5:     248792 bytes,   13153440 total
- age   6:     501712 bytes,   13655152 total
- age   7:    3585200 bytes,   17240352 total
: 109248K->21824K(109248K), 0.0207385 secs] 366217K->283547K(502464K), 0.0208136 secs] [Times: user=0.06 sys=0.00, real=0.02 secs] 
Heap after GC invocations=349 (full 41):
 par new generation   total 109248K, used 21824K [0x00000000e0000000, 0x00000000e8000000, 0x00000000e8000000)
  eden space 87424K,   0% used [0x00000000e0000000, 0x00000000e0000000, 0x00000000e5560000)
  from space 21824K, 100% used [0x00000000e6ab0000, 0x00000000e8000000, 0x00000000e8000000)
  to   space 21824K,   0% used [0x00000000e5560000, 0x00000000e5560000, 0x00000000e6ab0000)
 concurrent mark-sweep generation total 393216K, used 261723K [0x00000000e8000000, 0x0000000100000000, 0x0000000100000000)
 Metaspace       used 43940K, capacity 45165K, committed 45376K, reserved 1089536K
  class space    used 5313K, capacity 5616K, committed 5732K, reserved 1048576K
}
2019-02-22T17:26:36.274-0700: 81492.640: Total time for which application threads were stopped: 0.0212423 seconds, Stopping threads took: 0.0000463 seconds
2019-02-22T17:26:36.285-0700: 81492.650: Total time for which application threads were stopped: 0.0004066 seconds, Stopping threads took: 0.0000972 seconds
{Heap before GC invocations=349 (full 41):
 par new generation   total 109248K, used 109248K [0x00000000e0000000, 0x00000000e8000000, 0x00000000e8000000)
  eden space 87424K, 100% used [0x00000000e0000000, 0x00000000e5560000, 0x00000000e5560000)
  from space 21824K, 100% used [0x00000000e6ab0000, 0x00000000e8000000, 0x00000000e8000000)
  to   space 21824K,   0% used [0x00000000e5560000, 0x00000000e5560000, 0x00000000e6ab0000)
 concurrent mark-sweep generation total 393216K, used 261723K [0x00000000e8000000, 0x0000000100000000, 0x0000000100000000)
 Metaspace       used 43940K, capacity 45165K, committed 45376K, reserved 1089536K
  class space    used 5313K, capacity 5616K, committed 5732K, reserved 1048576K
2019-02-22T17:26:36.413-0700: 81492.778: [GC (Allocation Failure) 2019-02-22T17:26:36.413-0700: 81492.778: [ParNew
Desired survivor size 20112992 bytes, new threshold 8 (max 8)
- age   1:    5034008 bytes,    5034008 total
- age   2:    1479592 bytes,    6513600 total
- age   3:    4069824 bytes,   10583424 total
- age   4:    3474272 bytes,   14057696 total
- age   5:    1810480 bytes,   15868176 total
- age   6:     215176 bytes,   16083352 total
- age   7:     500328 bytes,   16583680 total
- age   8:    3531144 bytes,   20114824 total
: 109248K->21824K(109248K), 0.0186664 secs] 370971K->283622K(502464K), 0.0188720 secs] [Times: user=0.06 sys=0.00, real=0.02 secs] 
Heap after GC invocations=350 (full 41):
 par new generation   total 109248K, used 21824K [0x00000000e0000000, 0x00000000e8000000, 0x00000000e8000000)
  eden space 87424K,   0% used [0x00000000e0000000, 0x00000000e0000000, 0x00000000e5560000)
  from space 21824K, 100% used [0x00000000e5560000, 0x00000000e6ab0000, 0x00000000e6ab0000)
  to   space 21824K,   0% used [0x00000000e6ab0000, 0x00000000e6ab0000, 0x00000000e8000000)
 concurrent mark-sweep generation total 393216K, used 261798K [0x00000000e8000000, 0x0000000100000000, 0x0000000100000000)
 Metaspace       used 43940K, capacity 45165K, committed 45376K, reserved 1089536K
  class space    used 5313K, capacity 5616K, committed 5732K, reserved 1048576K
}
2019-02-22T17:26:36.432-0700: 81492.797: Total time for which application threads were stopped: 0.0202193 seconds, Stopping threads took: 0.0002786 seconds
2019-02-22T17:26:36.470-0700: 81492.835: [CMS-concurrent-abortable-preclean: 0.217/0.263 secs] [Times: user=1.05 sys=0.09, real=0.26 secs] 
2019-02-22T17:26:36.471-0700: 81492.836: [GC (CMS Final Remark) [YG occupancy: 51712 K (109248 K)]{Heap before GC invocations=350 (full 41):
 par new generation   total 109248K, used 51712K [0x00000000e0000000, 0x00000000e8000000, 0x00000000e8000000)
  eden space 87424K,  34% used [0x00000000e0000000, 0x00000000e1d30150, 0x00000000e5560000)
  from space 21824K, 100% used [0x00000000e5560000, 0x00000000e6ab0000, 0x00000000e6ab0000)
  to   space 21824K,   0% used [0x00000000e6ab0000, 0x00000000e6ab0000, 0x00000000e8000000)
 concurrent mark-sweep generation total 393216K, used 261798K [0x00000000e8000000, 0x0000000100000000, 0x0000000100000000)
 Metaspace       used 43940K, capacity 45165K, committed 45376K, reserved 1089536K
  class space    used 5313K, capacity 5616K, committed 5732K, reserved 1048576K
2019-02-22T17:26:36.471-0700: 81492.836: [GC (CMS Final Remark) 2019-02-22T17:26:36.471-0700: 81492.836: [ParNew
Desired survivor size 20112992 bytes, new threshold 8 (max 8)
- age   1:    2851112 bytes,    2851112 total
- age   2:    3314496 bytes,    6165608 total
- age   3:    1260768 bytes,    7426376 total
- age   4:    4052424 bytes,   11478800 total
- age   5:    3464832 bytes,   14943632 total
- age   6:    1803344 bytes,   16746976 total
- age   7:     213824 bytes,   16960800 total
- age   8:     500256 bytes,   17461056 total
: 51712K->21824K(109248K), 0.0184854 secs] 313511K->287073K(502464K), 0.0185389 secs] [Times: user=0.06 sys=0.00, real=0.02 secs] 
Heap after GC invocations=351 (full 41):
 par new generation   total 109248K, used 21824K [0x00000000e0000000, 0x00000000e8000000, 0x00000000e8000000)
  eden space 87424K,   0% used [0x00000000e0000000, 0x00000000e0000000, 0x00000000e5560000)
  from space 21824K, 100% used [0x00000000e6ab0000, 0x00000000e8000000, 0x00000000e8000000)
  to   space 21824K,   0% used [0x00000000e5560000, 0x00000000e5560000, 0x00000000e6ab0000)
 concurrent mark-sweep generation total 393216K, used 265249K [0x00000000e8000000, 0x0000000100000000, 0x0000000100000000)
 Metaspace       used 43940K, capacity 45165K, committed 45376K, reserved 1089536K
  class space    used 5313K, capacity 5616K, committed 5732K, reserved 1048576K
}
2019-02-22T17:26:36.489-0700: 81492.854: [Rescan (parallel) , 0.0112784 secs]2019-02-22T17:26:36.500-0700: 81492.866: [weak refs processing, 0.0004544 secs]2019-02-22T17:26:36.501-0700: 81492.866: [class unloading, 0.0150130 secs]2019-02-22T17:26:36.516-0700: 81492.881: [scrub symbol table, 0.0089759 secs]2019-02-22T17:26:36.525-0700: 81492.890: [scrub string table, 0.0006919 secs][1 CMS-remark: 265249K(393216K)] 287073K(502464K), 0.0553668 secs] [Times: user=0.14 sys=0.00, real=0.06 secs] 
2019-02-22T17:26:36.526-0700: 81492.891: Total time for which application threads were stopped: 0.0556455 seconds, Stopping threads took: 0.0000900 seconds
2019-02-22T17:26:36.526-0700: 81492.891: [CMS-concurrent-sweep-start]
2019-02-22T17:26:36.652-0700: 81493.017: [CMS-concurrent-sweep: 0.125/0.125 secs] [Times: user=0.47 sys=0.03, real=0.13 secs] 
2019-02-22T17:26:36.652-0700: 81493.017: [CMS-concurrent-reset-start]
2019-02-22T17:26:36.652-0700: 81493.017: [CMS-concurrent-reset: 0.001/0.001 secs] [Times: user=0.00 sys=0.00, real=0.00 secs] 
{Heap before GC invocations=351 (full 41):
 par new generation   total 109248K, used 109248K [0x00000000e0000000, 0x00000000e8000000, 0x00000000e8000000)
  eden space 87424K, 100% used [0x00000000e0000000, 0x00000000e5560000, 0x00000000e5560000)
  from space 21824K, 100% used [0x00000000e6ab0000, 0x00000000e8000000, 0x00000000e8000000)
  to   space 21824K,   0% used [0x00000000e5560000, 0x00000000e5560000, 0x00000000e6ab0000)
 concurrent mark-sweep generation total 393216K, used 200894K [0x00000000e8000000, 0x0000000100000000, 0x0000000100000000)
 Metaspace       used 43940K, capacity 45165K, committed 45376K, reserved 1089536K
  class space    used 5313K, capacity 5616K, committed 5732K, reserved 1048576K
2019-02-22T17:26:36.670-0700: 81493.035: [GC (Allocation Failure) 2019-02-22T17:26:36.670-0700: 81493.035: [ParNew
Desired survivor size 20112992 bytes, new threshold 8 (max 8)
- age   1:    5483024 bytes,    5483024 total
- age   2:     399400 bytes,    5882424 total
- age   3:    2243904 bytes,    8126328 total
- age   4:    1156016 bytes,    9282344 total
- age   5:    3983056 bytes,   13265400 total
- age   6:    3399048 bytes,   16664448 total
- age   7:    1786120 bytes,   18450568 total
- age   8:     212992 bytes,   18663560 total
: 109248K->21824K(109248K), 0.0184150 secs] 310142K->223281K(502464K), 0.0185723 secs] [Times: user=0.06 sys=0.00, real=0.02 secs] 
Heap after GC invocations=352 (full 41):
 par new generation   total 109248K, used 21824K [0x00000000e0000000, 0x00000000e8000000, 0x00000000e8000000)
  eden space 87424K,   0% used [0x00000000e0000000, 0x00000000e0000000, 0x00000000e5560000)
  from space 21824K, 100% used [0x00000000e5560000, 0x00000000e6ab0000, 0x00000000e6ab0000)
  to   space 21824K,   0% used [0x00000000e6ab0000, 0x00000000e6ab0000, 0x00000000e8000000)
 concurrent mark-sweep generation total 393216K, used 201457K [0x00000000e8000000, 0x0000000100000000, 0x0000000100000000)
 Metaspace       used 43940K, capacity 45165K, committed 45376K, reserved 1089536K
  class space    used 5313K, capacity 5616K, committed 5732K, reserved 1048576K
}
2019-02-22T17:26:36.688-0700: 81493.053: Total time for which application threads were stopped: 0.0190504 seconds, Stopping threads took: 0.0000699 seconds
2019-02-22T17:26:36.688-0700: 81493.054: [GC (CMS Initial Mark) [1 CMS-initial-mark: 201457K(393216K)] 224109K(502464K), 0.0047514 secs] [Times: user=0.00 sys=0.00, real=0.01 secs] 
2019-02-22T17:26:36.693-0700: 81493.059: Total time for which application threads were stopped: 0.0050861 seconds, Stopping threads took: 0.0000735 seconds
2019-02-22T17:26:36.693-0700: 81493.059: [CMS-concurrent-mark-start]
2019-02-22T17:26:36.774-0700: 81493.139: [CMS-concurrent-mark: 0.080/0.080 secs] [Times: user=0.49 sys=0.00, real=0.08 secs] 
2019-02-22T17:26:36.774-0700: 81493.139: [CMS-concurrent-preclean-start]
2019-02-22T17:26:36.783-0700: 81493.148: [CMS-concurrent-preclean: 0.009/0.009 secs] [Times: user=0.05 sys=0.01, real=0.01 secs] 
2019-02-22T17:26:36.783-0700: 81493.148: [CMS-concurrent-abortable-preclean-start]
{Heap before GC invocations=352 (full 42):
 par new generation   total 109248K, used 109248K [0x00000000e0000000, 0x00000000e8000000, 0x00000000e8000000)
  eden space 87424K, 100% used [0x00000000e0000000, 0x00000000e5560000, 0x00000000e5560000)
  from space 21824K, 100% used [0x00000000e5560000, 0x00000000e6ab0000, 0x00000000e6ab0000)
  to   space 21824K,   0% used [0x00000000e6ab0000, 0x00000000e6ab0000, 0x00000000e8000000)
 concurrent mark-sweep generation total 393216K, used 201457K [0x00000000e8000000, 0x0000000100000000, 0x0000000100000000)
 Metaspace       used 43940K, capacity 45165K, committed 45376K, reserved 1089536K
  class space    used 5313K, capacity 5616K, committed 5732K, reserved 1048576K
2019-02-22T17:26:36.849-0700: 81493.214: [GC (Allocation Failure) 2019-02-22T17:26:36.849-0700: 81493.214: [ParNew
Desired survivor size 20112992 bytes, new threshold 7 (max 8)
- age   1:    7442232 bytes,    7442232 total
- age   2:    2453552 bytes,    9895784 total
- age   3:     387352 bytes,   10283136 total
- age   4:    2055624 bytes,   12338760 total
- age   5:     918848 bytes,   13257608 total
- age   6:    3946528 bytes,   17204136 total
- age   7:    3381976 bytes,   20586112 total
- age   8:    1732712 bytes,   22318824 total
: 109248K->21824K(109248K), 0.0240264 secs] 310705K->233809K(502464K), 0.0241046 secs] [Times: user=0.06 sys=0.00, real=0.03 secs] 
Heap after GC invocations=353 (full 42):
 par new generation   total 109248K, used 21824K [0x00000000e0000000, 0x00000000e8000000, 0x00000000e8000000)
  eden space 87424K,   0% used [0x00000000e0000000, 0x00000000e0000000, 0x00000000e5560000)
  from space 21824K, 100% used [0x00000000e6ab0000, 0x00000000e8000000, 0x00000000e8000000)
  to   space 21824K,   0% used [0x00000000e5560000, 0x00000000e5560000, 0x00000000e6ab0000)
 concurrent mark-sweep generation total 393216K, used 211985K [0x00000000e8000000, 0x0000000100000000, 0x0000000100000000)
 Metaspace       used 43940K, capacity 45165K, committed 45376K, reserved 1089536K
  class space    used 5313K, capacity 5616K, committed 5732K, reserved 1048576K
}
2019-02-22T17:26:36.874-0700: 81493.239: Total time for which application threads were stopped: 0.0244952 seconds, Stopping threads took: 0.0000725 seconds
{Heap before GC invocations=353 (full 42):
 par new generation   total 109248K, used 109248K [0x00000000e0000000, 0x00000000e8000000, 0x00000000e8000000)
  eden space 87424K, 100% used [0x00000000e0000000, 0x00000000e5560000, 0x00000000e5560000)
  from space 21824K, 100% used [0x00000000e6ab0000, 0x00000000e8000000, 0x00000000e8000000)
  to   space 21824K,   0% used [0x00000000e5560000, 0x00000000e5560000, 0x00000000e6ab0000)
 concurrent mark-sweep generation total 393216K, used 211985K [0x00000000e8000000, 0x0000000100000000, 0x0000000100000000)
 Metaspace       used 43940K, capacity 45165K, committed 45376K, reserved 1089536K
  class space    used 5313K, capacity 5616K, committed 5732K, reserved 1048576K
2019-02-22T17:26:37.038-0700: 81493.404: [GC (Allocation Failure) 2019-02-22T17:26:37.038-0700: 81493.404: [ParNew
Desired survivor size 20112992 bytes, new threshold 8 (max 8)
- age   1:    4185744 bytes,    4185744 total
- age   2:    4137088 bytes,    8322832 total
- age   3:    2025664 bytes,   10348496 total
- age   4:     380264 bytes,   10728760 total
- age   5:    1747616 bytes,   12476376 total
- age   6:     916800 bytes,   13393176 total
- age   7:    3928928 bytes,   17322104 total
: 109248K->21824K(109248K), 0.0305220 secs] 321233K->241810K(502464K), 0.0306197 secs] [Times: user=0.11 sys=0.00, real=0.03 secs] 
Heap after GC invocations=354 (full 42):
 par new generation   total 109248K, used 21824K [0x00000000e0000000, 0x00000000e8000000, 0x00000000e8000000)
  eden space 87424K,   0% used [0x00000000e0000000, 0x00000000e0000000, 0x00000000e5560000)
  from space 21824K, 100% used [0x00000000e5560000, 0x00000000e6ab0000, 0x00000000e6ab0000)
  to   space 21824K,   0% used [0x00000000e6ab0000, 0x00000000e6ab0000, 0x00000000e8000000)
 concurrent mark-sweep generation total 393216K, used 219986K [0x00000000e8000000, 0x0000000100000000, 0x0000000100000000)
 Metaspace       used 43940K, capacity 45165K, committed 45376K, reserved 1089536K
  class space    used 5313K, capacity 5616K, committed 5732K, reserved 1048576K
}
2019-02-22T17:26:37.069-0700: 81493.434: Total time for which application threads were stopped: 0.0312073 seconds, Stopping threads took: 0.0001301 seconds
{Heap before GC invocations=354 (full 42):
 par new generation   total 109248K, used 108840K [0x00000000e0000000, 0x00000000e8000000, 0x00000000e8000000)
  eden space 87424K,  99% used [0x00000000e0000000, 0x00000000e54fa168, 0x00000000e5560000)
  from space 21824K, 100% used [0x00000000e5560000, 0x00000000e6ab0000, 0x00000000e6ab0000)
  to   space 21824K,   0% used [0x00000000e6ab0000, 0x00000000e6ab0000, 0x00000000e8000000)
 concurrent mark-sweep generation total 393216K, used 219986K [0x00000000e8000000, 0x0000000100000000, 0x0000000100000000)
 Metaspace       used 43940K, capacity 45165K, committed 45376K, reserved 1089536K
  class space    used 5313K, capacity 5616K, committed 5732K, reserved 1048576K
2019-02-22T17:26:37.109-0700: 81493.474: [GC (Allocation Failure) 2019-02-22T17:26:37.109-0700: 81493.474: [ParNew
Desired survivor size 20112992 bytes, new threshold 8 (max 8)
- age   1:    8334136 bytes,    8334136 total
- age   2:    2611040 bytes,   10945176 total
- age   3:    2945456 bytes,   13890632 total
- age   4:    1739496 bytes,   15630128 total
- age   5:     342008 bytes,   15972136 total
- age   6:    1605736 bytes,   17577872 total
- age   7:     889312 bytes,   18467184 total
- age   8:    3919840 bytes,   22387024 total
: 108840K->21824K(109248K), 0.0291212 secs] 328827K->257845K(502464K), 0.0292102 secs] [Times: user=0.11 sys=0.02, real=0.03 secs] 
Heap after GC invocations=355 (full 42):
 par new generation   total 109248K, used 21824K [0x00000000e0000000, 0x00000000e8000000, 0x00000000e8000000)
  eden space 87424K,   0% used [0x00000000e0000000, 0x00000000e0000000, 0x00000000e5560000)
  from space 21824K, 100% used [0x00000000e6ab0000, 0x00000000e8000000, 0x00000000e8000000)
  to   space 21824K,   0% used [0x00000000e5560000, 0x00000000e5560000, 0x00000000e6ab0000)
 concurrent mark-sweep generation total 393216K, used 236021K [0x00000000e8000000, 0x0000000100000000, 0x0000000100000000)
 Metaspace       used 43940K, capacity 45165K, committed 45376K, reserved 1089536K
  class space    used 5313K, capacity 5616K, committed 5732K, reserved 1048576K
}
2019-02-22T17:26:37.138-0700: 81493.503: Total time for which application threads were stopped: 0.0296682 seconds, Stopping threads took: 0.0000679 seconds
{Heap before GC invocations=355 (full 42):
 par new generation   total 109248K, used 108895K [0x00000000e0000000, 0x00000000e8000000, 0x00000000e8000000)
  eden space 87424K,  99% used [0x00000000e0000000, 0x00000000e5507c68, 0x00000000e5560000)
  from space 21824K, 100% used [0x00000000e6ab0000, 0x00000000e8000000, 0x00000000e8000000)
  to   space 21824K,   0% used [0x00000000e5560000, 0x00000000e5560000, 0x00000000e6ab0000)
 concurrent mark-sweep generation total 393216K, used 236021K [0x00000000e8000000, 0x0000000100000000, 0x0000000100000000)
 Metaspace       used 43940K, capacity 45165K, committed 45376K, reserved 1089536K
  class space    used 5313K, capacity 5616K, committed 5732K, reserved 1048576K
2019-02-22T17:26:37.153-0700: 81493.518: [GC (Allocation Failure) 2019-02-22T17:26:37.153-0700: 81493.518: [ParNew
Desired survivor size 20112992 bytes, new threshold 8 (max 8)
- age   1:    2176360 bytes,    2176360 total
- age   2:    7584128 bytes,    9760488 total
- age   3:    1672080 bytes,   11432568 total
- age   4:    2773480 bytes,   14206048 total
- age   5:    1491792 bytes,   15697840 total
- age   6:     292344 bytes,   15990184 total
- age   7:    1502744 bytes,   17492928 total
- age   8:     807184 bytes,   18300112 total
: 108895K->21824K(109248K), 0.0200255 secs] 344916K->262836K(502464K), 0.0201140 secs] [Times: user=0.08 sys=0.00, real=0.02 secs] 
Heap after GC invocations=356 (full 42):
 par new generation   total 109248K, used 21824K [0x00000000e0000000, 0x00000000e8000000, 0x00000000e8000000)
  eden space 87424K,   0% used [0x00000000e0000000, 0x00000000e0000000, 0x00000000e5560000)
  from space 21824K, 100% used [0x00000000e5560000, 0x00000000e6ab0000, 0x00000000e6ab0000)
  to   space 21824K,   0% used [0x00000000e6ab0000, 0x00000000e6ab0000, 0x00000000e8000000)
 concurrent mark-sweep generation total 393216K, used 241012K [0x00000000e8000000, 0x0000000100000000, 0x0000000100000000)
 Metaspace       used 43940K, capacity 45165K, committed 45376K, reserved 1089536K
  class space    used 5313K, capacity 5616K, committed 5732K, reserved 1048576K
}
2019-02-22T17:26:37.173-0700: 81493.538: Total time for which application threads were stopped: 0.0207365 seconds, Stopping threads took: 0.0001599 seconds
{Heap before GC invocations=356 (full 42):
 par new generation   total 109248K, used 109248K [0x00000000e0000000, 0x00000000e8000000, 0x00000000e8000000)
  eden space 87424K, 100% used [0x00000000e0000000, 0x00000000e5560000, 0x00000000e5560000)
  from space 21824K, 100% used [0x00000000e5560000, 0x00000000e6ab0000, 0x00000000e6ab0000)
  to   space 21824K,   0% used [0x00000000e6ab0000, 0x00000000e6ab0000, 0x00000000e8000000)
 concurrent mark-sweep generation total 393216K, used 241012K [0x00000000e8000000, 0x0000000100000000, 0x0000000100000000)
 Metaspace       used 43940K, capacity 45165K, committed 45376K, reserved 1089536K
  class space    used 5313K, capacity 5616K, committed 5732K, reserved 1048576K
2019-02-22T17:26:37.190-0700: 81493.555: [GC (Allocation Failure) 2019-02-22T17:26:37.190-0700: 81493.555: [ParNew
Desired survivor size 20112992 bytes, new threshold 8 (max 8)
- age   1:    1843960 bytes,    1843960 total
- age   2:    1012048 bytes,    2856008 total
- age   3:    7560040 bytes,   10416048 total
- age   4:    1671856 bytes,   12087904 total
- age   5:    2771744 bytes,   14859648 total
- age   6:    1439792 bytes,   16299440 total
- age   7:     292344 bytes,   16591784 total
- age   8:    1500424 bytes,   18092208 total
: 109248K->21824K(109248K), 0.0147339 secs] 350260K->263625K(502464K), 0.0148084 secs] [Times: user=0.06 sys=0.00, real=0.01 secs] 
Heap after GC invocations=357 (full 42):
 par new generation   total 109248K, used 21824K [0x00000000e0000000, 0x00000000e8000000, 0x00000000e8000000)
  eden space 87424K,   0% used [0x00000000e0000000, 0x00000000e0000000, 0x00000000e5560000)
  from space 21824K, 100% used [0x00000000e6ab0000, 0x00000000e8000000, 0x00000000e8000000)
  to   space 21824K,   0% used [0x00000000e5560000, 0x00000000e5560000, 0x00000000e6ab0000)
 concurrent mark-sweep generation total 393216K, used 241801K [0x00000000e8000000, 0x0000000100000000, 0x0000000100000000)
 Metaspace       used 43940K, capacity 45165K, committed 45376K, reserved 1089536K
  class space    used 5313K, capacity 5616K, committed 5732K, reserved 1048576K
}
2019-02-22T17:26:37.204-0700: 81493.570: Total time for which application threads were stopped: 0.0153302 seconds, Stopping threads took: 0.0001696 seconds
2019-02-22T17:26:37.268-0700: 81493.633: [CMS-concurrent-abortable-preclean: 0.356/0.485 secs] [Times: user=1.77 sys=0.08, real=0.48 secs] 
2019-02-22T17:26:37.268-0700: 81493.634: [GC (CMS Final Remark) [YG occupancy: 108548 K (109248 K)]{Heap before GC invocations=357 (full 42):
 par new generation   total 109248K, used 108548K [0x00000000e0000000, 0x00000000e8000000, 0x00000000e8000000)
  eden space 87424K,  99% used [0x00000000e0000000, 0x00000000e54b13a0, 0x00000000e5560000)
  from space 21824K, 100% used [0x00000000e6ab0000, 0x00000000e8000000, 0x00000000e8000000)
  to   space 21824K,   0% used [0x00000000e5560000, 0x00000000e5560000, 0x00000000e6ab0000)
 concurrent mark-sweep generation total 393216K, used 241801K [0x00000000e8000000, 0x0000000100000000, 0x0000000100000000)
 Metaspace       used 43940K, capacity 45165K, committed 45376K, reserved 1089536K
  class space    used 5313K, capacity 5616K, committed 5732K, reserved 1048576K
2019-02-22T17:26:37.268-0700: 81493.634: [GC (CMS Final Remark) 2019-02-22T17:26:37.268-0700: 81493.634: [ParNew
Desired survivor size 20112992 bytes, new threshold 8 (max 8)
- age   1:    2583112 bytes,    2583112 total
- age   2:     244992 bytes,    2828104 total
- age   3:     667512 bytes,    3495616 total
- age   4:    7481896 bytes,   10977512 total
- age   5:    1518936 bytes,   12496448 total
- age   6:    2399432 bytes,   14895880 total
- age   7:    1371736 bytes,   16267616 total
- age   8:     292344 bytes,   16559960 total
: 108548K->21824K(109248K), 0.0147719 secs] 350349K->265058K(502464K), 0.0148655 secs] [Times: user=0.06 sys=0.00, real=0.02 secs] 
Heap after GC invocations=358 (full 42):
 par new generation   total 109248K, used 21824K [0x00000000e0000000, 0x00000000e8000000, 0x00000000e8000000)
  eden space 87424K,   0% used [0x00000000e0000000, 0x00000000e0000000, 0x00000000e5560000)
  from space 21824K, 100% used [0x00000000e5560000, 0x00000000e6ab0000, 0x00000000e6ab0000)
  to   space 21824K,   0% used [0x00000000e6ab0000, 0x00000000e6ab0000, 0x00000000e8000000)
 concurrent mark-sweep generation total 393216K, used 243234K [0x00000000e8000000, 0x0000000100000000, 0x0000000100000000)
 Metaspace       used 43940K, capacity 45165K, committed 45376K, reserved 1089536K
  class space    used 5313K, capacity 5616K, committed 5732K, reserved 1048576K
}
2019-02-22T17:26:37.284-0700: 81493.649: [Rescan (parallel) , 0.0082845 secs]2019-02-22T17:26:37.292-0700: 81493.657: [weak refs processing, 0.0004642 secs]2019-02-22T17:26:37.292-0700: 81493.657: [class unloading, 0.0131197 secs]2019-02-22T17:26:37.306-0700: 81493.671: [scrub symbol table, 0.0117251 secs]2019-02-22T17:26:37.317-0700: 81493.682: [scrub string table, 0.0006220 secs][1 CMS-remark: 243234K(393216K)] 265058K(502464K), 0.0494742 secs] [Times: user=0.09 sys=0.00, real=0.05 secs] 
2019-02-22T17:26:37.318-0700: 81493.683: Total time for which application threads were stopped: 0.0498094 seconds, Stopping threads took: 0.0001008 seconds
2019-02-22T17:26:37.318-0700: 81493.683: [CMS-concurrent-sweep-start]
{Heap before GC invocations=358 (full 42):
 par new generation   total 109248K, used 109248K [0x00000000e0000000, 0x00000000e8000000, 0x00000000e8000000)
  eden space 87424K, 100% used [0x00000000e0000000, 0x00000000e5560000, 0x00000000e5560000)
  from space 21824K, 100% used [0x00000000e5560000, 0x00000000e6ab0000, 0x00000000e6ab0000)
  to   space 21824K,   0% used [0x00000000e6ab0000, 0x00000000e6ab0000, 0x00000000e8000000)
 concurrent mark-sweep generation total 393216K, used 236752K [0x00000000e8000000, 0x0000000100000000, 0x0000000100000000)
 Metaspace       used 43940K, capacity 45165K, committed 45376K, reserved 1089536K
  class space    used 5313K, capacity 5616K, committed 5732K, reserved 1048576K
2019-02-22T17:26:37.360-0700: 81493.726: [GC (Allocation Failure) 2019-02-22T17:26:37.361-0700: 81493.726: [ParNew
Desired survivor size 20112992 bytes, new threshold 8 (max 8)
- age   1:    2078808 bytes,    2078808 total
- age   2:    1793840 bytes,    3872648 total
- age   3:     232160 bytes,    4104808 total
- age   4:     613008 bytes,    4717816 total
- age   5:    7338192 bytes,   12056008 total
- age   6:    1339760 bytes,   13395768 total
- age   7:    2399288 bytes,   15795056 total
- age   8:    1171792 bytes,   16966848 total
: 109248K->21824K(109248K), 0.0138887 secs] 346000K->258861K(502464K), 0.0139797 secs] [Times: user=0.00 sys=0.00, real=0.01 secs] 
Heap after GC invocations=359 (full 42):
 par new generation   total 109248K, used 21824K [0x00000000e0000000, 0x00000000e8000000, 0x00000000e8000000)
  eden space 87424K,   0% used [0x00000000e0000000, 0x00000000e0000000, 0x00000000e5560000)
  from space 21824K, 100% used [0x00000000e6ab0000, 0x00000000e8000000, 0x00000000e8000000)
  to   space 21824K,   0% used [0x00000000e5560000, 0x00000000e5560000, 0x00000000e6ab0000)
 concurrent mark-sweep generation total 393216K, used 237037K [0x00000000e8000000, 0x0000000100000000, 0x0000000100000000)
 Metaspace       used 43940K, capacity 45165K, committed 45376K, reserved 1089536K
  class space    used 5313K, capacity 5616K, committed 5732K, reserved 1048576K
}
2019-02-22T17:26:37.374-0700: 81493.740: Total time for which application threads were stopped: 0.0143874 seconds, Stopping threads took: 0.0000514 seconds
2019-02-22T17:26:37.441-0700: 81493.806: [CMS-concurrent-sweep: 0.109/0.123 secs] [Times: user=0.50 sys=0.06, real=0.12 secs] 
2019-02-22T17:26:37.441-0700: 81493.806: [CMS-concurrent-reset-start]
2019-02-22T17:26:37.441-0700: 81493.807: [CMS-concurrent-reset: 0.001/0.001 secs] [Times: user=0.00 sys=0.00, real=0.00 secs] 
{Heap before GC invocations=359 (full 42):
 par new generation   total 109248K, used 109248K [0x00000000e0000000, 0x00000000e8000000, 0x00000000e8000000)
  eden space 87424K, 100% used [0x00000000e0000000, 0x00000000e5560000, 0x00000000e5560000)
  from space 21824K, 100% used [0x00000000e6ab0000, 0x00000000e8000000, 0x00000000e8000000)
  to   space 21824K,   0% used [0x00000000e5560000, 0x00000000e5560000, 0x00000000e6ab0000)
 concurrent mark-sweep generation total 393216K, used 225271K [0x00000000e8000000, 0x0000000100000000, 0x0000000100000000)
 Metaspace       used 43940K, capacity 45165K, committed 45376K, reserved 1089536K
  class space    used 5313K, capacity 5616K, committed 5732K, reserved 1048576K
2019-02-22T17:26:37.479-0700: 81493.845: [GC (Allocation Failure) 2019-02-22T17:26:37.479-0700: 81493.845: [ParNew
Desired survivor size 20112992 bytes, new threshold 8 (max 8)
- age   1:    3082712 bytes,    3082712 total
- age   2:    1530880 bytes,    4613592 total
- age   3:    1579792 bytes,    6193384 total
- age   4:     202592 bytes,    6395976 total
- age   5:     516640 bytes,    6912616 total
- age   6:    6894640 bytes,   13807256 total
- age   7:    1153448 bytes,   14960704 total
- age   8:    2394344 bytes,   17355048 total
: 109248K->21824K(109248K), 0.0126288 secs] 334519K->248121K(502464K), 0.0127810 secs] [Times: user=0.06 sys=0.00, real=0.01 secs] 
Heap after GC invocations=360 (full 42):
 par new generation   total 109248K, used 21824K [0x00000000e0000000, 0x00000000e8000000, 0x00000000e8000000)
  eden space 87424K,   0% used [0x00000000e0000000, 0x00000000e0000000, 0x00000000e5560000)
  from space 21824K, 100% used [0x00000000e5560000, 0x00000000e6ab0000, 0x00000000e6ab0000)
  to   space 21824K,   0% used [0x00000000e6ab0000, 0x00000000e6ab0000, 0x00000000e8000000)
 concurrent mark-sweep generation total 393216K, used 226297K [0x00000000e8000000, 0x0000000100000000, 0x0000000100000000)
 Metaspace       used 43940K, capacity 45165K, committed 45376K, reserved 1089536K
  class space    used 5313K, capacity 5616K, committed 5732K, reserved 1048576K
}
2019-02-22T17:26:37.492-0700: 81493.858: Total time for which application threads were stopped: 0.0132971 seconds, Stopping threads took: 0.0001187 seconds
2019-02-22T17:26:37.493-0700: 81493.858: [GC (CMS Initial Mark) [1 CMS-initial-mark: 226297K(393216K)] 249611K(502464K), 0.0031075 secs] [Times: user=0.00 sys=0.00, real=0.00 secs] 
2019-02-22T17:26:37.496-0700: 81493.861: Total time for which application threads were stopped: 0.0034853 seconds, Stopping threads took: 0.0000910 seconds
2019-02-22T17:26:37.496-0700: 81493.861: [CMS-concurrent-mark-start]
2019-02-22T17:26:37.585-0700: 81493.950: [CMS-concurrent-mark: 0.088/0.088 secs] [Times: user=0.52 sys=0.00, real=0.09 secs] 
2019-02-22T17:26:37.585-0700: 81493.950: [CMS-concurrent-preclean-start]
2019-02-22T17:26:37.594-0700: 81493.959: [CMS-concurrent-preclean: 0.009/0.009 secs] [Times: user=0.05 sys=0.00, real=0.01 secs] 
2019-02-22T17:26:37.594-0700: 81493.959: [CMS-concurrent-abortable-preclean-start]
{Heap before GC invocations=360 (full 43):
 par new generation   total 109248K, used 109248K [0x00000000e0000000, 0x00000000e8000000, 0x00000000e8000000)
  eden space 87424K, 100% used [0x00000000e0000000, 0x00000000e5560000, 0x00000000e5560000)
  from space 21824K, 100% used [0x00000000e5560000, 0x00000000e6ab0000, 0x00000000e6ab0000)
  to   space 21824K,   0% used [0x00000000e6ab0000, 0x00000000e6ab0000, 0x00000000e8000000)
 concurrent mark-sweep generation total 393216K, used 226297K [0x00000000e8000000, 0x0000000100000000, 0x0000000100000000)
 Metaspace       used 43940K, capacity 45165K, committed 45376K, reserved 1089536K
  class space    used 5313K, capacity 5616K, committed 5732K, reserved 1048576K
2019-02-22T17:26:37.654-0700: 81494.020: [GC (Allocation Failure) 2019-02-22T17:26:37.654-0700: 81494.020: [ParNew
Desired survivor size 20112992 bytes, new threshold 8 (max 8)
- age   1:    3148792 bytes,    3148792 total
- age   2:    1247384 bytes,    4396176 total
- age   3:    1098976 bytes,    5495152 total
- age   4:    1547008 bytes,    7042160 total
- age   5:     202592 bytes,    7244752 total
- age   6:     516640 bytes,    7761392 total
- age   7:    6892024 bytes,   14653416 total
- age   8:    1153448 bytes,   15806864 total
: 109248K->19218K(109248K), 0.0148608 secs] 335545K->247847K(502464K), 0.0149441 secs] [Times: user=0.06 sys=0.00, real=0.01 secs] 
Heap after GC invocations=361 (full 43):
 par new generation   total 109248K, used 19218K [0x00000000e0000000, 0x00000000e8000000, 0x00000000e8000000)
  eden space 87424K,   0% used [0x00000000e0000000, 0x00000000e0000000, 0x00000000e5560000)
  from space 21824K,  88% used [0x00000000e6ab0000, 0x00000000e7d74a58, 0x00000000e8000000)
  to   space 21824K,   0% used [0x00000000e5560000, 0x00000000e5560000, 0x00000000e6ab0000)
 concurrent mark-sweep generation total 393216K, used 228629K [0x00000000e8000000, 0x0000000100000000, 0x0000000100000000)
 Metaspace       used 43940K, capacity 45165K, committed 45376K, reserved 1089536K
  class space    used 5313K, capacity 5616K, committed 5732K, reserved 1048576K
}
2019-02-22T17:26:37.670-0700: 81494.035: Total time for which application threads were stopped: 0.0153703 seconds, Stopping threads took: 0.0000545 seconds
2019-02-22T17:26:37.754-0700: 81494.120: [CMS-concurrent-abortable-preclean: 0.142/0.160 secs] [Times: user=0.58 sys=0.00, real=0.16 secs] 
2019-02-22T17:26:37.755-0700: 81494.120: [GC (CMS Final Remark) [YG occupancy: 69418 K (109248 K)]{Heap before GC invocations=361 (full 43):
 par new generation   total 109248K, used 69418K [0x00000000e0000000, 0x00000000e8000000, 0x00000000e8000000)
  eden space 87424K,  57% used [0x00000000e0000000, 0x00000000e3105e50, 0x00000000e5560000)
  from space 21824K,  88% used [0x00000000e6ab0000, 0x00000000e7d74a58, 0x00000000e8000000)
  to   space 21824K,   0% used [0x00000000e5560000, 0x00000000e5560000, 0x00000000e6ab0000)
 concurrent mark-sweep generation total 393216K, used 228629K [0x00000000e8000000, 0x0000000100000000, 0x0000000100000000)
 Metaspace       used 43940K, capacity 45165K, committed 45376K, reserved 1089536K
  class space    used 5313K, capacity 5616K, committed 5732K, reserved 1048576K
2019-02-22T17:26:37.755-0700: 81494.120: [GC (CMS Final Remark) 2019-02-22T17:26:37.755-0700: 81494.120: [ParNew
Desired survivor size 20112992 bytes, new threshold 8 (max 8)
- age   1:    2156992 bytes,    2156992 total
- age   2:    1965440 bytes,    4122432 total
- age   3:    1156912 bytes,    5279344 total
- age   4:    1098272 bytes,    6377616 total
- age   5:    1547008 bytes,    7924624 total
- age   6:     202592 bytes,    8127216 total
- age   7:     437488 bytes,    8564704 total
- age   8:    6886080 bytes,   15450784 total
: 69418K->20569K(109248K), 0.0134919 secs] 298047K->250313K(502464K), 0.0135731 secs] [Times: user=0.05 sys=0.00, real=0.01 secs] 
Heap after GC invocations=362 (full 43):
 par new generation   total 109248K, used 20569K [0x00000000e0000000, 0x00000000e8000000, 0x00000000e8000000)
  eden space 87424K,   0% used [0x00000000e0000000, 0x00000000e0000000, 0x00000000e5560000)
  from space 21824K,  94% used [0x00000000e5560000, 0x00000000e6976450, 0x00000000e6ab0000)
  to   space 21824K,   0% used [0x00000000e6ab0000, 0x00000000e6ab0000, 0x00000000e8000000)
 concurrent mark-sweep generation total 393216K, used 229744K [0x00000000e8000000, 0x0000000100000000, 0x0000000100000000)
 Metaspace       used 43940K, capacity 45165K, committed 45376K, reserved 1089536K
  class space    used 5313K, capacity 5616K, committed 5732K, reserved 1048576K
}
2019-02-22T17:26:37.768-0700: 81494.134: [Rescan (parallel) , 0.0053107 secs]2019-02-22T17:26:37.773-0700: 81494.139: [weak refs processing, 0.0006971 secs]2019-02-22T17:26:37.774-0700: 81494.140: [class unloading, 0.0160308 secs]2019-02-22T17:26:37.790-0700: 81494.156: [scrub symbol table, 0.0128262 secs]2019-02-22T17:26:37.803-0700: 81494.169: [scrub string table, 0.0007156 secs][1 CMS-remark: 229744K(393216K)] 250313K(502464K), 0.0495868 secs] [Times: user=0.08 sys=0.00, real=0.05 secs] 
2019-02-22T17:26:37.804-0700: 81494.170: Total time for which application threads were stopped: 0.0497971 seconds, Stopping threads took: 0.0000535 seconds
2019-02-22T17:26:37.804-0700: 81494.170: [CMS-concurrent-sweep-start]
2019-02-22T17:26:37.916-0700: 81494.281: [CMS-concurrent-sweep: 0.112/0.112 secs] [Times: user=0.39 sys=0.00, real=0.11 secs] 
2019-02-22T17:26:37.916-0700: 81494.281: [CMS-concurrent-reset-start]
2019-02-22T17:26:37.917-0700: 81494.282: [CMS-concurrent-reset: 0.001/0.001 secs] [Times: user=0.00 sys=0.00, real=0.00 secs] 
{Heap before GC invocations=362 (full 43):
 par new generation   total 109248K, used 107993K [0x00000000e0000000, 0x00000000e8000000, 0x00000000e8000000)
  eden space 87424K, 100% used [0x00000000e0000000, 0x00000000e5560000, 0x00000000e5560000)
  from space 21824K,  94% used [0x00000000e5560000, 0x00000000e6976450, 0x00000000e6ab0000)
  to   space 21824K,   0% used [0x00000000e6ab0000, 0x00000000e6ab0000, 0x00000000e8000000)
 concurrent mark-sweep generation total 393216K, used 208722K [0x00000000e8000000, 0x0000000100000000, 0x0000000100000000)
 Metaspace       used 43940K, capacity 45165K, committed 45376K, reserved 1089536K
  class space    used 5313K, capacity 5616K, committed 5732K, reserved 1048576K
2019-02-22T17:26:37.946-0700: 81494.311: [GC (Allocation Failure) 2019-02-22T17:26:37.946-0700: 81494.311: [ParNew
Desired survivor size 20112992 bytes, new threshold 8 (max 8)
- age   1:    8122976 bytes,    8122976 total
- age   2:    1941912 bytes,   10064888 total
- age   3:    1929368 bytes,   11994256 total
- age   4:     960872 bytes,   12955128 total
- age   5:     489784 bytes,   13444912 total
- age   6:     799776 bytes,   14244688 total
- age   7:      87032 bytes,   14331720 total
- age   8:     370216 bytes,   14701936 total
: 107993K->18172K(109248K), 0.0218828 secs] 316715K->233599K(502464K), 0.0220067 secs] [Times: user=0.06 sys=0.00, real=0.02 secs] 
Heap after GC invocations=363 (full 43):
 par new generation   total 109248K, used 18172K [0x00000000e0000000, 0x00000000e8000000, 0x00000000e8000000)
  eden space 87424K,   0% used [0x00000000e0000000, 0x00000000e0000000, 0x00000000e5560000)
  from space 21824K,  83% used [0x00000000e6ab0000, 0x00000000e7c6f340, 0x00000000e8000000)
  to   space 21824K,   0% used [0x00000000e5560000, 0x00000000e5560000, 0x00000000e6ab0000)
 concurrent mark-sweep generation total 393216K, used 215427K [0x00000000e8000000, 0x0000000100000000, 0x0000000100000000)
 Metaspace       used 43940K, capacity 45165K, committed 45376K, reserved 1089536K
  class space    used 5313K, capacity 5616K, committed 5732K, reserved 1048576K
}
2019-02-22T17:26:37.968-0700: 81494.333: Total time for which application threads were stopped: 0.0233911 seconds, Stopping threads took: 0.0002478 seconds
2019-02-22T17:26:37.969-0700: 81494.334: [GC (CMS Initial Mark) [1 CMS-initial-mark: 215427K(393216K)] 235010K(502464K), 0.0021595 secs] [Times: user=0.00 sys=0.00, real=0.00 secs] 
2019-02-22T17:26:37.971-0700: 81494.336: Total time for which application threads were stopped: 0.0025101 seconds, Stopping threads took: 0.0001044 seconds
2019-02-22T17:26:37.971-0700: 81494.336: [CMS-concurrent-mark-start]
2019-02-22T17:26:38.062-0700: 81494.428: [CMS-concurrent-mark: 0.091/0.091 secs] [Times: user=0.44 sys=0.00, real=0.09 secs] 
2019-02-22T17:26:38.062-0700: 81494.428: [CMS-concurrent-preclean-start]
2019-02-22T17:26:38.077-0700: 81494.443: [CMS-concurrent-preclean: 0.014/0.015 secs] [Times: user=0.05 sys=0.00, real=0.02 secs] 
2019-02-22T17:26:38.078-0700: 81494.443: [CMS-concurrent-abortable-preclean-start]
{Heap before GC invocations=363 (full 44):
 par new generation   total 109248K, used 105261K [0x00000000e0000000, 0x00000000e8000000, 0x00000000e8000000)
  eden space 87424K,  99% used [0x00000000e0000000, 0x00000000e550c4a0, 0x00000000e5560000)
  from space 21824K,  83% used [0x00000000e6ab0000, 0x00000000e7c6f340, 0x00000000e8000000)
  to   space 21824K,   0% used [0x00000000e5560000, 0x00000000e5560000, 0x00000000e6ab0000)
 concurrent mark-sweep generation total 393216K, used 215427K [0x00000000e8000000, 0x0000000100000000, 0x0000000100000000)
 Metaspace       used 43942K, capacity 45165K, committed 45376K, reserved 1089536K
  class space    used 5313K, capacity 5616K, committed 5732K, reserved 1048576K
2019-02-22T17:26:38.154-0700: 81494.519: [GC (Allocation Failure) 2019-02-22T17:26:38.154-0700: 81494.519: [ParNew
Desired survivor size 20112992 bytes, new threshold 8 (max 8)
- age   1:    5476480 bytes,    5476480 total
- age   2:    6708440 bytes,   12184920 total
- age   3:    1446048 bytes,   13630968 total
- age   4:    1914368 bytes,   15545336 total
- age   5:     936272 bytes,   16481608 total
- age   6:     482344 bytes,   16963952 total
- age   7:     799776 bytes,   17763728 total
- age   8:      87032 bytes,   17850760 total
: 105261K->21824K(109248K), 0.0128987 secs] 320689K->237613K(502464K), 0.0130071 secs] [Times: user=0.06 sys=0.00, real=0.01 secs] 
Heap after GC invocations=364 (full 44):
 par new generation   total 109248K, used 21824K [0x00000000e0000000, 0x00000000e8000000, 0x00000000e8000000)
  eden space 87424K,   0% used [0x00000000e0000000, 0x00000000e0000000, 0x00000000e5560000)
  from space 21824K, 100% used [0x00000000e5560000, 0x00000000e6ab0000, 0x00000000e6ab0000)
  to   space 21824K,   0% used [0x00000000e6ab0000, 0x00000000e6ab0000, 0x00000000e8000000)
 concurrent mark-sweep generation total 393216K, used 215789K [0x00000000e8000000, 0x0000000100000000, 0x0000000100000000)
 Metaspace       used 43942K, capacity 45165K, committed 45376K, reserved 1089536K
  class space    used 5313K, capacity 5616K, committed 5732K, reserved 1048576K
}
2019-02-22T17:26:38.167-0700: 81494.533: Total time for which application threads were stopped: 0.0135047 seconds, Stopping threads took: 0.0000905 seconds
{Heap before GC invocations=364 (full 44):
 par new generation   total 109248K, used 108895K [0x00000000e0000000, 0x00000000e8000000, 0x00000000e8000000)
  eden space 87424K,  99% used [0x00000000e0000000, 0x00000000e5507fd0, 0x00000000e5560000)
  from space 21824K, 100% used [0x00000000e5560000, 0x00000000e6ab0000, 0x00000000e6ab0000)
  to   space 21824K,   0% used [0x00000000e6ab0000, 0x00000000e6ab0000, 0x00000000e8000000)
 concurrent mark-sweep generation total 393216K, used 215789K [0x00000000e8000000, 0x0000000100000000, 0x0000000100000000)
 Metaspace       used 43942K, capacity 45165K, committed 45376K, reserved 1089536K
  class space    used 5313K, capacity 5616K, committed 5732K, reserved 1048576K
2019-02-22T17:26:38.223-0700: 81494.589: [GC (Allocation Failure) 2019-02-22T17:26:38.223-0700: 81494.589: [ParNew
Desired survivor size 20112992 bytes, new threshold 8 (max 8)
- age   1:    1350584 bytes,    1350584 total
- age   2:    4920976 bytes,    6271560 total
- age   3:    6370952 bytes,   12642512 total
- age   4:    1446024 bytes,   14088536 total
- age   5:    1910760 bytes,   15999296 total
- age   6:     936272 bytes,   16935568 total
- age   7:     481304 bytes,   17416872 total
- age   8:     799048 bytes,   18215920 total
: 108895K->20417K(109248K), 0.0146896 secs] 324685K->236289K(502464K), 0.0147750 secs] [Times: user=0.08 sys=0.00, real=0.01 secs] 
Heap after GC invocations=365 (full 44):
 par new generation   total 109248K, used 20417K [0x00000000e0000000, 0x00000000e8000000, 0x00000000e8000000)
  eden space 87424K,   0% used [0x00000000e0000000, 0x00000000e0000000, 0x00000000e5560000)
  from space 21824K,  93% used [0x00000000e6ab0000, 0x00000000e7ea0718, 0x00000000e8000000)
  to   space 21824K,   0% used [0x00000000e5560000, 0x00000000e5560000, 0x00000000e6ab0000)
 concurrent mark-sweep generation total 393216K, used 215871K [0x00000000e8000000, 0x0000000100000000, 0x0000000100000000)
 Metaspace       used 43942K, capacity 45165K, committed 45376K, reserved 1089536K
  class space    used 5313K, capacity 5616K, committed 5732K, reserved 1048576K
}
2019-02-22T17:26:38.238-0700: 81494.604: Total time for which application threads were stopped: 0.0151317 seconds, Stopping threads took: 0.0000468 seconds
2019-02-22T17:26:38.285-0700: 81494.651: [CMS-concurrent-abortable-preclean: 0.177/0.208 secs] [Times: user=0.84 sys=0.02, real=0.21 secs] 
2019-02-22T17:26:38.286-0700: 81494.652: [GC (CMS Final Remark) [YG occupancy: 94803 K (109248 K)]{Heap before GC invocations=365 (full 44):
 par new generation   total 109248K, used 94803K [0x00000000e0000000, 0x00000000e8000000, 0x00000000e8000000)
  eden space 87424K,  85% used [0x00000000e0000000, 0x00000000e48a4728, 0x00000000e5560000)
  from space 21824K,  93% used [0x00000000e6ab0000, 0x00000000e7ea0718, 0x00000000e8000000)
  to   space 21824K,   0% used [0x00000000e5560000, 0x00000000e5560000, 0x00000000e6ab0000)
 concurrent mark-sweep generation total 393216K, used 215871K [0x00000000e8000000, 0x0000000100000000, 0x0000000100000000)
 Metaspace       used 43942K, capacity 45165K, committed 45376K, reserved 1089536K
  class space    used 5313K, capacity 5616K, committed 5732K, reserved 1048576K
2019-02-22T17:26:38.286-0700: 81494.652: [GC (CMS Final Remark) 2019-02-22T17:26:38.286-0700: 81494.652: [ParNew
Desired survivor size 20112992 bytes, new threshold 8 (max 8)
- age   1:    1975192 bytes,    1975192 total
- age   2:     847288 bytes,    2822480 total
- age   3:    4475512 bytes,    7297992 total
- age   4:    6300464 bytes,   13598456 total
- age   5:    1445288 bytes,   15043744 total
- age   6:    1216616 bytes,   16260360 total
- age   7:     936272 bytes,   17196632 total
- age   8:     481208 bytes,   17677840 total
: 94803K->21751K(109248K), 0.0143267 secs] 310675K->238403K(502464K), 0.0144090 secs] [Times: user=0.08 sys=0.00, real=0.02 secs] 
Heap after GC invocations=366 (full 44):
 par new generation   total 109248K, used 21751K [0x00000000e0000000, 0x00000000e8000000, 0x00000000e8000000)
  eden space 87424K,   0% used [0x00000000e0000000, 0x00000000e0000000, 0x00000000e5560000)
  from space 21824K,  99% used [0x00000000e5560000, 0x00000000e6a9de90, 0x00000000e6ab0000)
  to   space 21824K,   0% used [0x00000000e6ab0000, 0x00000000e6ab0000, 0x00000000e8000000)
 concurrent mark-sweep generation total 393216K, used 216652K [0x00000000e8000000, 0x0000000100000000, 0x0000000100000000)
 Metaspace       used 43942K, capacity 45165K, committed 45376K, reserved 1089536K
  class space    used 5313K, capacity 5616K, committed 5732K, reserved 1048576K
}
2019-02-22T17:26:38.301-0700: 81494.666: [Rescan (parallel) , 0.0084634 secs]2019-02-22T17:26:38.309-0700: 81494.675: [weak refs processing, 0.0006451 secs]2019-02-22T17:26:38.310-0700: 81494.676: [class unloading, 0.0128365 secs]2019-02-22T17:26:38.323-0700: 81494.688: [scrub symbol table, 0.0116711 secs]2019-02-22T17:26:38.334-0700: 81494.700: [scrub string table, 0.0007870 secs][1 CMS-remark: 216652K(393216K)] 238403K(502464K), 0.0493195 secs] [Times: user=0.14 sys=0.00, real=0.05 secs] 
2019-02-22T17:26:38.335-0700: 81494.701: Total time for which application threads were stopped: 0.0496809 seconds, Stopping threads took: 0.0001378 seconds
2019-02-22T17:26:38.335-0700: 81494.701: [CMS-concurrent-sweep-start]
{Heap before GC invocations=366 (full 44):
 par new generation   total 109248K, used 109006K [0x00000000e0000000, 0x00000000e8000000, 0x00000000e8000000)
  eden space 87424K,  99% used [0x00000000e0000000, 0x00000000e5535b20, 0x00000000e5560000)
  from space 21824K,  99% used [0x00000000e5560000, 0x00000000e6a9de90, 0x00000000e6ab0000)
  to   space 21824K,   0% used [0x00000000e6ab0000, 0x00000000e6ab0000, 0x00000000e8000000)
 concurrent mark-sweep generation total 393216K, used 211821K [0x00000000e8000000, 0x0000000100000000, 0x0000000100000000)
 Metaspace       used 43942K, capacity 45165K, committed 45376K, reserved 1089536K
  class space    used 5313K, capacity 5616K, committed 5732K, reserved 1048576K
2019-02-22T17:26:38.386-0700: 81494.752: [GC (Allocation Failure) 2019-02-22T17:26:38.386-0700: 81494.752: [ParNew
Desired survivor size 20112992 bytes, new threshold 6 (max 8)
- age   1:    9105752 bytes,    9105752 total
- age   2:    1286720 bytes,   10392472 total
- age   3:     761600 bytes,   11154072 total
- age   4:    2448552 bytes,   13602624 total
- age   5:    5380368 bytes,   18982992 total
- age   6:    1251856 bytes,   20234848 total
- age   7:    1169104 bytes,   21403952 total
- age   8:     911240 bytes,   22315192 total
: 109006K->21824K(109248K), 0.0265602 secs] 320828K->249001K(502464K), 0.0266903 secs] [Times: user=0.14 sys=0.00, real=0.03 secs] 
Heap after GC invocations=367 (full 44):
 par new generation   total 109248K, used 21824K [0x00000000e0000000, 0x00000000e8000000, 0x00000000e8000000)
  eden space 87424K,   0% used [0x00000000e0000000, 0x00000000e0000000, 0x00000000e5560000)
  from space 21824K, 100% used [0x00000000e6ab0000, 0x00000000e8000000, 0x00000000e8000000)
  to   space 21824K,   0% used [0x00000000e5560000, 0x00000000e5560000, 0x00000000e6ab0000)
 concurrent mark-sweep generation total 393216K, used 227177K [0x00000000e8000000, 0x0000000100000000, 0x0000000100000000)
 Metaspace       used 43942K, capacity 45165K, committed 45376K, reserved 1089536K
  class space    used 5313K, capacity 5616K, committed 5732K, reserved 1048576K
}
2019-02-22T17:26:38.413-0700: 81494.779: Total time for which application threads were stopped: 0.0273781 seconds, Stopping threads took: 0.0001049 seconds
{Heap before GC invocations=367 (full 44):
 par new generation   total 109248K, used 108962K [0x00000000e0000000, 0x00000000e8000000, 0x00000000e8000000)
  eden space 87424K,  99% used [0x00000000e0000000, 0x00000000e5518ab0, 0x00000000e5560000)
  from space 21824K, 100% used [0x00000000e6ab0000, 0x00000000e8000000, 0x00000000e8000000)
  to   space 21824K,   0% used [0x00000000e5560000, 0x00000000e5560000, 0x00000000e6ab0000)
 concurrent mark-sweep generation total 393216K, used 225802K [0x00000000e8000000, 0x0000000100000000, 0x0000000100000000)
 Metaspace       used 43942K, capacity 45165K, committed 45376K, reserved 1089536K
  class space    used 5313K, capacity 5616K, committed 5732K, reserved 1048576K
2019-02-22T17:26:38.434-0700: 81494.800: [GC (Allocation Failure) 2019-02-22T17:26:38.434-0700: 81494.800: [ParNew
Desired survivor size 20112992 bytes, new threshold 8 (max 8)
- age   1:     805736 bytes,     805736 total
- age   2:    9002704 bytes,    9808440 total
- age   3:    1286720 bytes,   11095160 total
- age   4:     761600 bytes,   11856760 total
- age   5:    2423744 bytes,   14280504 total
- age   6:    5362928 bytes,   19643432 total
: 108962K->21824K(109248K), 0.0157553 secs] 334765K->250894K(502464K), 0.0160164 secs] [Times: user=0.08 sys=0.00, real=0.02 secs] 
Heap after GC invocations=368 (full 44):
 par new generation   total 109248K, used 21824K [0x00000000e0000000, 0x00000000e8000000, 0x00000000e8000000)
  eden space 87424K,   0% used [0x00000000e0000000, 0x00000000e0000000, 0x00000000e5560000)
  from space 21824K, 100% used [0x00000000e5560000, 0x00000000e6ab0000, 0x00000000e6ab0000)
  to   space 21824K,   0% used [0x00000000e6ab0000, 0x00000000e6ab0000, 0x00000000e8000000)
 concurrent mark-sweep generation total 393216K, used 229070K [0x00000000e8000000, 0x0000000100000000, 0x0000000100000000)
 Metaspace       used 43942K, capacity 45165K, committed 45376K, reserved 1089536K
  class space    used 5313K, capacity 5616K, committed 5732K, reserved 1048576K
}
2019-02-22T17:26:38.450-0700: 81494.816: Total time for which application threads were stopped: 0.0166641 seconds, Stopping threads took: 0.0001146 seconds
{Heap before GC invocations=368 (full 44):
 par new generation   total 109248K, used 109114K [0x00000000e0000000, 0x00000000e8000000, 0x00000000e8000000)
  eden space 87424K,  99% used [0x00000000e0000000, 0x00000000e553e9e0, 0x00000000e5560000)
  from space 21824K, 100% used [0x00000000e5560000, 0x00000000e6ab0000, 0x00000000e6ab0000)
  to   space 21824K,   0% used [0x00000000e6ab0000, 0x00000000e6ab0000, 0x00000000e8000000)
 concurrent mark-sweep generation total 393216K, used 227918K [0x00000000e8000000, 0x0000000100000000, 0x0000000100000000)
 Metaspace       used 43942K, capacity 45165K, committed 45376K, reserved 1089536K
  class space    used 5313K, capacity 5616K, committed 5732K, reserved 1048576K
2019-02-22T17:26:38.468-0700: 81494.833: [GC (Allocation Failure) 2019-02-22T17:26:38.468-0700: 81494.833: [ParNew
Desired survivor size 20112992 bytes, new threshold 8 (max 8)
- age   1:     565920 bytes,     565920 total
- age   2:     320360 bytes,     886280 total
- age   3:    8742336 bytes,    9628616 total
- age   4:    1286720 bytes,   10915336 total
- age   5:     761600 bytes,   11676936 total
- age   6:    2366512 bytes,   14043448 total
- age   7:    5287328 bytes,   19330776 total
: 109114K->21824K(109248K), 0.0139252 secs] 337032K->250084K(502464K), 0.0140861 secs] [Times: user=0.08 sys=0.00, real=0.01 secs] 
Heap after GC invocations=369 (full 44):
 par new generation   total 109248K, used 21824K [0x00000000e0000000, 0x00000000e8000000, 0x00000000e8000000)
  eden space 87424K,   0% used [0x00000000e0000000, 0x00000000e0000000, 0x00000000e5560000)
  from space 21824K, 100% used [0x00000000e6ab0000, 0x00000000e8000000, 0x00000000e8000000)
  to   space 21824K,   0% used [0x00000000e5560000, 0x00000000e5560000, 0x00000000e6ab0000)
 concurrent mark-sweep generation total 393216K, used 228260K [0x00000000e8000000, 0x0000000100000000, 0x0000000100000000)
 Metaspace       used 43942K, capacity 45165K, committed 45376K, reserved 1089536K
  class space    used 5313K, capacity 5616K, committed 5732K, reserved 1048576K
}
2019-02-22T17:26:38.482-0700: 81494.848: Total time for which application threads were stopped: 0.0147174 seconds, Stopping threads took: 0.0000997 seconds
{Heap before GC invocations=369 (full 44):
 par new generation   total 109248K, used 108968K [0x00000000e0000000, 0x00000000e8000000, 0x00000000e8000000)
  eden space 87424K,  99% used [0x00000000e0000000, 0x00000000e551a0f0, 0x00000000e5560000)
  from space 21824K, 100% used [0x00000000e6ab0000, 0x00000000e8000000, 0x00000000e8000000)
  to   space 21824K,   0% used [0x00000000e5560000, 0x00000000e5560000, 0x00000000e6ab0000)
 concurrent mark-sweep generation total 393216K, used 227067K [0x00000000e8000000, 0x0000000100000000, 0x0000000100000000)
 Metaspace       used 43942K, capacity 45165K, committed 45376K, reserved 1089536K
  class space    used 5313K, capacity 5616K, committed 5732K, reserved 1048576K
2019-02-22T17:26:38.504-0700: 81494.870: [GC (Allocation Failure) 2019-02-22T17:26:38.504-0700: 81494.870: [ParNew
Desired survivor size 20112992 bytes, new threshold 8 (max 8)
- age   1:     588032 bytes,     588032 total
- age   2:      14952 bytes,     602984 total
- age   3:     269712 bytes,     872696 total
- age   4:    8388720 bytes,    9261416 total
- age   5:    1286720 bytes,   10548136 total
- age   6:     794384 bytes,   11342520 total
- age   7:    1097880 bytes,   12440400 total
- age   8:    5287328 bytes,   17727728 total
: 108968K->21824K(109248K), 0.0131829 secs] 336035K->249236K(502464K), 0.0132924 secs] [Times: user=0.06 sys=0.00, real=0.01 secs] 
Heap after GC invocations=370 (full 44):
 par new generation   total 109248K, used 21824K [0x00000000e0000000, 0x00000000e8000000, 0x00000000e8000000)
  eden space 87424K,   0% used [0x00000000e0000000, 0x00000000e0000000, 0x00000000e5560000)
  from space 21824K, 100% used [0x00000000e5560000, 0x00000000e6ab0000, 0x00000000e6ab0000)
  to   space 21824K,   0% used [0x00000000e6ab0000, 0x00000000e6ab0000, 0x00000000e8000000)
 concurrent mark-sweep generation total 393216K, used 227412K [0x00000000e8000000, 0x0000000100000000, 0x0000000100000000)
 Metaspace       used 43942K, capacity 45165K, committed 45376K, reserved 1089536K
  class space    used 5313K, capacity 5616K, committed 5732K, reserved 1048576K
}
2019-02-22T17:26:38.518-0700: 81494.884: Total time for which application threads were stopped: 0.0137875 seconds, Stopping threads took: 0.0000591 seconds
2019-02-22T17:26:38.558-0700: 81494.924: [CMS-concurrent-sweep: 0.150/0.222 secs] [Times: user=1.03 sys=0.00, real=0.22 secs] 
2019-02-22T17:26:38.558-0700: 81494.924: [CMS-concurrent-reset-start]
2019-02-22T17:26:38.558-0700: 81494.924: [CMS-concurrent-reset: 0.001/0.001 secs] [Times: user=0.00 sys=0.00, real=0.00 secs] 
{Heap before GC invocations=370 (full 44):
 par new generation   total 109248K, used 109248K [0x00000000e0000000, 0x00000000e8000000, 0x00000000e8000000)
  eden space 87424K, 100% used [0x00000000e0000000, 0x00000000e5560000, 0x00000000e5560000)
  from space 21824K, 100% used [0x00000000e5560000, 0x00000000e6ab0000, 0x00000000e6ab0000)
  to   space 21824K,   0% used [0x00000000e6ab0000, 0x00000000e6ab0000, 0x00000000e8000000)
 concurrent mark-sweep generation total 393216K, used 216698K [0x00000000e8000000, 0x0000000100000000, 0x0000000100000000)
 Metaspace       used 43942K, capacity 45165K, committed 45376K, reserved 1089536K
  class space    used 5313K, capacity 5616K, committed 5732K, reserved 1048576K
2019-02-22T17:26:38.595-0700: 81494.961: [GC (Allocation Failure) 2019-02-22T17:26:38.595-0700: 81494.961: [ParNew
Desired survivor size 20112992 bytes, new threshold 8 (max 8)
- age   1:     907360 bytes,     907360 total
- age   2:     204760 bytes,    1112120 total
- age   3:      14552 bytes,    1126672 total
- age   4:     263000 bytes,    1389672 total
- age   5:    8374320 bytes,    9763992 total
- age   6:    1283224 bytes,   11047216 total
- age   7:     692912 bytes,   11740128 total
- age   8:     863424 bytes,   12603552 total
: 109248K->21824K(109248K), 0.0172584 secs] 325946K->243303K(502464K), 0.0173951 secs] [Times: user=0.03 sys=0.02, real=0.02 secs] 
Heap after GC invocations=371 (full 44):
 par new generation   total 109248K, used 21824K [0x00000000e0000000, 0x00000000e8000000, 0x00000000e8000000)
  eden space 87424K,   0% used [0x00000000e0000000, 0x00000000e0000000, 0x00000000e5560000)
  from space 21824K, 100% used [0x00000000e6ab0000, 0x00000000e8000000, 0x00000000e8000000)
  to   space 21824K,   0% used [0x00000000e5560000, 0x00000000e5560000, 0x00000000e6ab0000)
 concurrent mark-sweep generation total 393216K, used 221479K [0x00000000e8000000, 0x0000000100000000, 0x0000000100000000)
 Metaspace       used 43942K, capacity 45165K, committed 45376K, reserved 1089536K
  class space    used 5313K, capacity 5616K, committed 5732K, reserved 1048576K
}
2019-02-22T17:26:38.613-0700: 81494.978: Total time for which application threads were stopped: 0.0183497 seconds, Stopping threads took: 0.0002401 seconds
2019-02-22T17:26:38.616-0700: 81494.981: [GC (CMS Initial Mark) [1 CMS-initial-mark: 221479K(393216K)] 244879K(502464K), 0.0019915 secs] [Times: user=0.00 sys=0.00, real=0.00 secs] 
2019-02-22T17:26:38.618-0700: 81494.983: Total time for which application threads were stopped: 0.0026083 seconds, Stopping threads took: 0.0003172 seconds
2019-02-22T17:26:38.618-0700: 81494.983: [CMS-concurrent-mark-start]
2019-02-22T17:26:38.707-0700: 81495.072: [CMS-concurrent-mark: 0.089/0.089 secs] [Times: user=0.50 sys=0.03, real=0.09 secs] 
2019-02-22T17:26:38.707-0700: 81495.072: [CMS-concurrent-preclean-start]
2019-02-22T17:26:38.716-0700: 81495.081: [CMS-concurrent-preclean: 0.009/0.009 secs] [Times: user=0.00 sys=0.00, real=0.01 secs] 
2019-02-22T17:26:38.716-0700: 81495.081: [CMS-concurrent-abortable-preclean-start]
{Heap before GC invocations=371 (full 45):
 par new generation   total 109248K, used 109248K [0x00000000e0000000, 0x00000000e8000000, 0x00000000e8000000)
  eden space 87424K, 100% used [0x00000000e0000000, 0x00000000e5560000, 0x00000000e5560000)
  from space 21824K, 100% used [0x00000000e6ab0000, 0x00000000e8000000, 0x00000000e8000000)
  to   space 21824K,   0% used [0x00000000e5560000, 0x00000000e5560000, 0x00000000e6ab0000)
 concurrent mark-sweep generation total 393216K, used 221479K [0x00000000e8000000, 0x0000000100000000, 0x0000000100000000)
 Metaspace       used 43942K, capacity 45165K, committed 45376K, reserved 1089536K
  class space    used 5313K, capacity 5616K, committed 5732K, reserved 1048576K
2019-02-22T17:26:38.726-0700: 81495.091: [GC (Allocation Failure) 2019-02-22T17:26:38.726-0700: 81495.091: [ParNew
Desired survivor size 20112992 bytes, new threshold 8 (max 8)
- age   1:    1116528 bytes,    1116528 total
- age   2:     723320 bytes,    1839848 total
- age   3:     204760 bytes,    2044608 total
- age   4:      14552 bytes,    2059160 total
- age   5:     263000 bytes,    2322160 total
- age   6:    8128896 bytes,   10451056 total
- age   7:    1280896 bytes,   11731952 total
- age   8:     707400 bytes,   12439352 total
: 109248K->14968K(109248K), 0.0137900 secs] 330727K->237286K(502464K), 0.0138733 secs] [Times: user=0.08 sys=0.00, real=0.01 secs] 
Heap after GC invocations=372 (full 45):
 par new generation   total 109248K, used 14968K [0x00000000e0000000, 0x00000000e8000000, 0x00000000e8000000)
  eden space 87424K,   0% used [0x00000000e0000000, 0x00000000e0000000, 0x00000000e5560000)
  from space 21824K,  68% used [0x00000000e5560000, 0x00000000e63fe000, 0x00000000e6ab0000)
  to   space 21824K,   0% used [0x00000000e6ab0000, 0x00000000e6ab0000, 0x00000000e8000000)
 concurrent mark-sweep generation total 393216K, used 222318K [0x00000000e8000000, 0x0000000100000000, 0x0000000100000000)
 Metaspace       used 43942K, capacity 45165K, committed 45376K, reserved 1089536K
  class space    used 5313K, capacity 5616K, committed 5732K, reserved 1048576K
}
2019-02-22T17:26:38.740-0700: 81495.105: Total time for which application threads were stopped: 0.0143046 seconds, Stopping threads took: 0.0000596 seconds
2019-02-22T17:26:38.792-0700: 81495.157: Total time for which application threads were stopped: 0.0003640 seconds, Stopping threads took: 0.0000884 seconds
2019-02-22T17:26:38.807-0700: 81495.172: [CMS-concurrent-abortable-preclean: 0.074/0.091 secs] [Times: user=0.41 sys=0.00, real=0.09 secs] 
2019-02-22T17:26:38.807-0700: 81495.172: [GC (CMS Final Remark) [YG occupancy: 64860 K (109248 K)]{Heap before GC invocations=372 (full 45):
 par new generation   total 109248K, used 64860K [0x00000000e0000000, 0x00000000e8000000, 0x00000000e8000000)
  eden space 87424K,  57% used [0x00000000e0000000, 0x00000000e30b9228, 0x00000000e5560000)
  from space 21824K,  68% used [0x00000000e5560000, 0x00000000e63fe000, 0x00000000e6ab0000)
  to   space 21824K,   0% used [0x00000000e6ab0000, 0x00000000e6ab0000, 0x00000000e8000000)
 concurrent mark-sweep generation total 393216K, used 222318K [0x00000000e8000000, 0x0000000100000000, 0x0000000100000000)
 Metaspace       used 43944K, capacity 45165K, committed 45376K, reserved 1089536K
  class space    used 5313K, capacity 5616K, committed 5732K, reserved 1048576K
2019-02-22T17:26:38.807-0700: 81495.173: [GC (CMS Final Remark) 2019-02-22T17:26:38.807-0700: 81495.173: [ParNew
Desired survivor size 20112992 bytes, new threshold 8 (max 8)
- age   1:    3935112 bytes,    3935112 total
- age   2:     608416 bytes,    4543528 total
- age   3:     587720 bytes,    5131248 total
- age   4:     187128 bytes,    5318376 total
- age   5:      14552 bytes,    5332928 total
- age   6:     216040 bytes,    5548968 total
- age   7:    7265888 bytes,   12814856 total
- age   8:    1277576 bytes,   14092432 total
: 64860K->19092K(109248K), 0.0114316 secs] 287179K->242040K(502464K), 0.0115087 secs] [Times: user=0.08 sys=0.00, real=0.01 secs] 
Heap after GC invocations=373 (full 45):
 par new generation   total 109248K, used 19092K [0x00000000e0000000, 0x00000000e8000000, 0x00000000e8000000)
  eden space 87424K,   0% used [0x00000000e0000000, 0x00000000e0000000, 0x00000000e5560000)
  from space 21824K,  87% used [0x00000000e6ab0000, 0x00000000e7d550b0, 0x00000000e8000000)
  to   space 21824K,   0% used [0x00000000e5560000, 0x00000000e5560000, 0x00000000e6ab0000)
 concurrent mark-sweep generation total 393216K, used 222947K [0x00000000e8000000, 0x0000000100000000, 0x0000000100000000)
 Metaspace       used 43944K, capacity 45165K, committed 45376K, reserved 1089536K
  class space    used 5313K, capacity 5616K, committed 5732K, reserved 1048576K
}
2019-02-22T17:26:38.819-0700: 81495.184: [Rescan (parallel) , 0.0060191 secs]2019-02-22T17:26:38.825-0700: 81495.190: [weak refs processing, 0.0007073 secs]2019-02-22T17:26:38.826-0700: 81495.191: [class unloading, 0.0127712 secs]2019-02-22T17:26:38.838-0700: 81495.204: [scrub symbol table, 0.0098339 secs]2019-02-22T17:26:38.848-0700: 81495.214: [scrub string table, 0.0006369 secs][1 CMS-remark: 222947K(393216K)] 242040K(502464K), 0.0419392 secs] [Times: user=0.14 sys=0.00, real=0.04 secs] 
2019-02-22T17:26:38.849-0700: 81495.214: Total time for which application threads were stopped: 0.0422194 seconds, Stopping threads took: 0.0000730 seconds
2019-02-22T17:26:38.849-0700: 81495.215: [CMS-concurrent-sweep-start]
2019-02-22T17:26:38.938-0700: 81495.304: [CMS-concurrent-sweep: 0.089/0.089 secs] [Times: user=0.39 sys=0.03, real=0.09 secs] 
2019-02-22T17:26:38.939-0700: 81495.304: [CMS-concurrent-reset-start]
2019-02-22T17:26:38.939-0700: 81495.305: [CMS-concurrent-reset: 0.001/0.001 secs] [Times: user=0.00 sys=0.00, real=0.00 secs] 
{Heap before GC invocations=373 (full 45):
 par new generation   total 109248K, used 106383K [0x00000000e0000000, 0x00000000e8000000, 0x00000000e8000000)
  eden space 87424K,  99% used [0x00000000e0000000, 0x00000000e553ed30, 0x00000000e5560000)
  from space 21824K,  87% used [0x00000000e6ab0000, 0x00000000e7d550b0, 0x00000000e8000000)
  to   space 21824K,   0% used [0x00000000e5560000, 0x00000000e5560000, 0x00000000e6ab0000)
 concurrent mark-sweep generation total 393216K, used 207455K [0x00000000e8000000, 0x0000000100000000, 0x0000000100000000)
 Metaspace       used 43944K, capacity 45165K, committed 45376K, reserved 1089536K
  class space    used 5313K, capacity 5616K, committed 5732K, reserved 1048576K
2019-02-22T17:26:39.036-0700: 81495.402: [GC (Allocation Failure) 2019-02-22T17:26:39.036-0700: 81495.402: [ParNew
Desired survivor size 20112992 bytes, new threshold 8 (max 8)
- age   1:   15327880 bytes,   15327880 total
- age   2:    2482616 bytes,   17810496 total
- age   3:     588856 bytes,   18399352 total
- age   4:     430688 bytes,   18830040 total
- age   5:      69304 bytes,   18899344 total
- age   6:      11480 bytes,   18910824 total
- age   7:     133408 bytes,   19044232 total
- age   8:    3291744 bytes,   22335976 total
: 106383K->21824K(109248K), 0.0229891 secs] 313838K->245623K(502464K), 0.0230821 secs] [Times: user=0.08 sys=0.00, real=0.02 secs] 
Heap after GC invocations=374 (full 45):
 par new generation   total 109248K, used 21824K [0x00000000e0000000, 0x00000000e8000000, 0x00000000e8000000)
  eden space 87424K,   0% used [0x00000000e0000000, 0x00000000e0000000, 0x00000000e5560000)
  from space 21824K, 100% used [0x00000000e5560000, 0x00000000e6ab0000, 0x00000000e6ab0000)
  to   space 21824K,   0% used [0x00000000e6ab0000, 0x00000000e6ab0000, 0x00000000e8000000)
 concurrent mark-sweep generation total 393216K, used 223799K [0x00000000e8000000, 0x0000000100000000, 0x0000000100000000)
 Metaspace       used 43944K, capacity 45165K, committed 45376K, reserved 1089536K
  class space    used 5313K, capacity 5616K, committed 5732K, reserved 1048576K
}
2019-02-22T17:26:39.059-0700: 81495.425: Total time for which application threads were stopped: 0.0235031 seconds, Stopping threads took: 0.0000422 seconds
2019-02-22T17:26:39.059-0700: 81495.425: [GC (CMS Initial Mark) [1 CMS-initial-mark: 223799K(393216K)] 246139K(502464K), 0.0031075 secs] [Times: user=0.08 sys=0.00, real=0.00 secs] 
2019-02-22T17:26:39.062-0700: 81495.428: Total time for which application threads were stopped: 0.0034164 seconds, Stopping threads took: 0.0000643 seconds
2019-02-22T17:26:39.063-0700: 81495.428: [CMS-concurrent-mark-start]
{Heap before GC invocations=374 (full 46):
 par new generation   total 109248K, used 109052K [0x00000000e0000000, 0x00000000e8000000, 0x00000000e8000000)
  eden space 87424K,  99% used [0x00000000e0000000, 0x00000000e552f198, 0x00000000e5560000)
  from space 21824K, 100% used [0x00000000e5560000, 0x00000000e6ab0000, 0x00000000e6ab0000)
  to   space 21824K,   0% used [0x00000000e6ab0000, 0x00000000e6ab0000, 0x00000000e8000000)
 concurrent mark-sweep generation total 393216K, used 223799K [0x00000000e8000000, 0x0000000100000000, 0x0000000100000000)
 Metaspace       used 43944K, capacity 45165K, committed 45376K, reserved 1089536K
  class space    used 5313K, capacity 5616K, committed 5732K, reserved 1048576K
2019-02-22T17:26:39.081-0700: 81495.446: [GC (Allocation Failure) 2019-02-22T17:26:39.081-0700: 81495.446: [ParNew
Desired survivor size 20112992 bytes, new threshold 8 (max 8)
- age   1:    1032336 bytes,    1032336 total
- age   2:   15146304 bytes,   16178640 total
- age   3:    2478616 bytes,   18657256 total
- age   4:     556072 bytes,   19213328 total
- age   5:     430688 bytes,   19644016 total
- age   6:      69304 bytes,   19713320 total
- age   7:      11480 bytes,   19724800 total
- age   8:      95520 bytes,   19820320 total
: 109052K->21824K(109248K), 0.0154602 secs] 332851K->248859K(502464K), 0.0155646 secs] [Times: user=0.08 sys=0.00, real=0.01 secs] 
Heap after GC invocations=375 (full 46):
 par new generation   total 109248K, used 21824K [0x00000000e0000000, 0x00000000e8000000, 0x00000000e8000000)
  eden space 87424K,   0% used [0x00000000e0000000, 0x00000000e0000000, 0x00000000e5560000)
  from space 21824K, 100% used [0x00000000e6ab0000, 0x00000000e8000000, 0x00000000e8000000)
  to   space 21824K,   0% used [0x00000000e5560000, 0x00000000e5560000, 0x00000000e6ab0000)
 concurrent mark-sweep generation total 393216K, used 227035K [0x00000000e8000000, 0x0000000100000000, 0x0000000100000000)
 Metaspace       used 43944K, capacity 45165K, committed 45376K, reserved 1089536K
  class space    used 5313K, capacity 5616K, committed 5732K, reserved 1048576K
}
2019-02-22T17:26:39.097-0700: 81495.462: Total time for which application threads were stopped: 0.0161043 seconds, Stopping threads took: 0.0000884 seconds
{Heap before GC invocations=375 (full 46):
 par new generation   total 109248K, used 109248K [0x00000000e0000000, 0x00000000e8000000, 0x00000000e8000000)
  eden space 87424K, 100% used [0x00000000e0000000, 0x00000000e5560000, 0x00000000e5560000)
  from space 21824K, 100% used [0x00000000e6ab0000, 0x00000000e8000000, 0x00000000e8000000)
  to   space 21824K,   0% used [0x00000000e5560000, 0x00000000e5560000, 0x00000000e6ab0000)
 concurrent mark-sweep generation total 393216K, used 227035K [0x00000000e8000000, 0x0000000100000000, 0x0000000100000000)
 Metaspace       used 43944K, capacity 45165K, committed 45376K, reserved 1089536K
  class space    used 5313K, capacity 5616K, committed 5732K, reserved 1048576K
2019-02-22T17:26:39.134-0700: 81495.500: [GC (Allocation Failure) 2019-02-22T17:26:39.134-0700: 81495.500: [ParNew
Desired survivor size 20112992 bytes, new threshold 8 (max 8)
- age   1:     623072 bytes,     623072 total
- age   2:     279400 bytes,     902472 total
- age   3:   15015360 bytes,   15917832 total
- age   4:    2475480 bytes,   18393312 total
- age   5:     556072 bytes,   18949384 total
- age   6:     430688 bytes,   19380072 total
- age   7:      69304 bytes,   19449376 total
- age   8:      11480 bytes,   19460856 total
: 109248K->21824K(109248K), 0.0129156 secs] 336283K->248952K(502464K), 0.0130272 secs] [Times: user=0.08 sys=0.00, real=0.01 secs] 
Heap after GC invocations=376 (full 46):
 par new generation   total 109248K, used 21824K [0x00000000e0000000, 0x00000000e8000000, 0x00000000e8000000)
  eden space 87424K,   0% used [0x00000000e0000000, 0x00000000e0000000, 0x00000000e5560000)
  from space 21824K, 100% used [0x00000000e5560000, 0x00000000e6ab0000, 0x00000000e6ab0000)
  to   space 21824K,   0% used [0x00000000e6ab0000, 0x00000000e6ab0000, 0x00000000e8000000)
 concurrent mark-sweep generation total 393216K, used 227128K [0x00000000e8000000, 0x0000000100000000, 0x0000000100000000)
 Metaspace       used 43944K, capacity 45165K, committed 45376K, reserved 1089536K
  class space    used 5313K, capacity 5616K, committed 5732K, reserved 1048576K
}
2019-02-22T17:26:39.148-0700: 81495.513: Total time for which application threads were stopped: 0.0134729 seconds, Stopping threads took: 0.0000776 seconds
2019-02-22T17:26:39.176-0700: 81495.541: [CMS-concurrent-mark: 0.083/0.113 secs] [Times: user=0.58 sys=0.00, real=0.11 secs] 
2019-02-22T17:26:39.176-0700: 81495.541: [CMS-concurrent-preclean-start]
2019-02-22T17:26:39.213-0700: 81495.578: [CMS-concurrent-preclean: 0.035/0.037 secs] [Times: user=0.09 sys=0.02, real=0.04 secs] 
2019-02-22T17:26:39.213-0700: 81495.578: [CMS-concurrent-abortable-preclean-start]
{Heap before GC invocations=376 (full 46):
 par new generation   total 109248K, used 109248K [0x00000000e0000000, 0x00000000e8000000, 0x00000000e8000000)
  eden space 87424K, 100% used [0x00000000e0000000, 0x00000000e5560000, 0x00000000e5560000)
  from space 21824K, 100% used [0x00000000e5560000, 0x00000000e6ab0000, 0x00000000e6ab0000)
  to   space 21824K,   0% used [0x00000000e6ab0000, 0x00000000e6ab0000, 0x00000000e8000000)
 concurrent mark-sweep generation total 393216K, used 227128K [0x00000000e8000000, 0x0000000100000000, 0x0000000100000000)
 Metaspace       used 43944K, capacity 45165K, committed 45376K, reserved 1089536K
  class space    used 5313K, capacity 5616K, committed 5732K, reserved 1048576K
2019-02-22T17:26:39.266-0700: 81495.631: [GC (Allocation Failure) 2019-02-22T17:26:39.266-0700: 81495.631: [ParNew
Desired survivor size 20112992 bytes, new threshold 8 (max 8)
- age   1:    2686552 bytes,    2686552 total
- age   2:     384200 bytes,    3070752 total
- age   3:     101112 bytes,    3171864 total
- age   4:   13023392 bytes,   16195256 total
- age   5:    2433192 bytes,   18628448 total
- age   6:     556072 bytes,   19184520 total
- age   7:     430688 bytes,   19615208 total
- age   8:      69304 bytes,   19684512 total
: 109248K->21824K(109248K), 0.0121677 secs] 336376K->249979K(502464K), 0.0122402 secs] [Times: user=0.00 sys=0.00, real=0.01 secs] 
Heap after GC invocations=377 (full 46):
 par new generation   total 109248K, used 21824K [0x00000000e0000000, 0x00000000e8000000, 0x00000000e8000000)
  eden space 87424K,   0% used [0x00000000e0000000, 0x00000000e0000000, 0x00000000e5560000)
  from space 21824K, 100% used [0x00000000e6ab0000, 0x00000000e8000000, 0x00000000e8000000)
  to   space 21824K,   0% used [0x00000000e5560000, 0x00000000e5560000, 0x00000000e6ab0000)
 concurrent mark-sweep generation total 393216K, used 228155K [0x00000000e8000000, 0x0000000100000000, 0x0000000100000000)
 Metaspace       used 43944K, capacity 45165K, committed 45376K, reserved 1089536K
  class space    used 5313K, capacity 5616K, committed 5732K, reserved 1048576K
}
2019-02-22T17:26:39.278-0700: 81495.643: Total time for which application threads were stopped: 0.0126571 seconds, Stopping threads took: 0.0000468 seconds
2019-02-22T17:26:39.340-0700: 81495.705: Total time for which application threads were stopped: 0.0002488 seconds, Stopping threads took: 0.0000807 seconds
{Heap before GC invocations=377 (full 46):
 par new generation   total 109248K, used 109248K [0x00000000e0000000, 0x00000000e8000000, 0x00000000e8000000)
  eden space 87424K, 100% used [0x00000000e0000000, 0x00000000e5560000, 0x00000000e5560000)
  from space 21824K, 100% used [0x00000000e6ab0000, 0x00000000e8000000, 0x00000000e8000000)
  to   space 21824K,   0% used [0x00000000e5560000, 0x00000000e5560000, 0x00000000e6ab0000)
 concurrent mark-sweep generation total 393216K, used 228155K [0x00000000e8000000, 0x0000000100000000, 0x0000000100000000)
 Metaspace       used 43944K, capacity 45165K, committed 45376K, reserved 1089536K
  class space    used 5313K, capacity 5616K, committed 5732K, reserved 1048576K
2019-02-22T17:26:39.357-0700: 81495.722: [GC (Allocation Failure) 2019-02-22T17:26:39.357-0700: 81495.722: [ParNew
Desired survivor size 20112992 bytes, new threshold 6 (max 8)
- age   1:    3155888 bytes,    3155888 total
- age   2:    2442296 bytes,    5598184 total
- age   3:     381640 bytes,    5979824 total
- age   4:      98128 bytes,    6077952 total
- age   5:   12820208 bytes,   18898160 total
- age   6:    2018640 bytes,   20916800 total
- age   7:     283568 bytes,   21200368 total
- age   8:     156824 bytes,   21357192 total
: 109248K->21824K(109248K), 0.0210747 secs] 337403K->250801K(502464K), 0.0212007 secs] [Times: user=0.13 sys=0.00, real=0.02 secs] 
Heap after GC invocations=378 (full 46):
 par new generation   total 109248K, used 21824K [0x00000000e0000000, 0x00000000e8000000, 0x00000000e8000000)
  eden space 87424K,   0% used [0x00000000e0000000, 0x00000000e0000000, 0x00000000e5560000)
  from space 21824K, 100% used [0x00000000e5560000, 0x00000000e6ab0000, 0x00000000e6ab0000)
  to   space 21824K,   0% used [0x00000000e6ab0000, 0x00000000e6ab0000, 0x00000000e8000000)
 concurrent mark-sweep generation total 393216K, used 228977K [0x00000000e8000000, 0x0000000100000000, 0x0000000100000000)
 Metaspace       used 43944K, capacity 45165K, committed 45376K, reserved 1089536K
  class space    used 5313K, capacity 5616K, committed 5732K, reserved 1048576K
}
2019-02-22T17:26:39.378-0700: 81495.744: Total time for which application threads were stopped: 0.0216510 seconds, Stopping threads took: 0.0000596 seconds
2019-02-22T17:26:39.379-0700: 81495.744: [CMS-concurrent-abortable-preclean: 0.130/0.166 secs] [Times: user=0.67 sys=0.00, real=0.17 secs] 
2019-02-22T17:26:39.380-0700: 81495.746: [GC (CMS Final Remark) [YG occupancy: 26239 K (109248 K)]{Heap before GC invocations=378 (full 46):
 par new generation   total 109248K, used 26239K [0x00000000e0000000, 0x00000000e8000000, 0x00000000e8000000)
  eden space 87424K,   5% used [0x00000000e0000000, 0x00000000e044fdc8, 0x00000000e5560000)
  from space 21824K, 100% used [0x00000000e5560000, 0x00000000e6ab0000, 0x00000000e6ab0000)
  to   space 21824K,   0% used [0x00000000e6ab0000, 0x00000000e6ab0000, 0x00000000e8000000)
 concurrent mark-sweep generation total 393216K, used 228977K [0x00000000e8000000, 0x0000000100000000, 0x0000000100000000)
 Metaspace       used 43944K, capacity 45165K, committed 45376K, reserved 1089536K
  class space    used 5313K, capacity 5616K, committed 5732K, reserved 1048576K
2019-02-22T17:26:39.381-0700: 81495.746: [GC (CMS Final Remark) 2019-02-22T17:26:39.381-0700: 81495.746: [ParNew
Desired survivor size 20112992 bytes, new threshold 8 (max 8)
- age   1:     374344 bytes,     374344 total
- age   2:    2520256 bytes,    2894600 total
- age   3:    2224648 bytes,    5119248 total
- age   4:     378824 bytes,    5498072 total
- age   5:      96504 bytes,    5594576 total
- age   6:   12181120 bytes,   17775696 total
: 26239K->21824K(109248K), 0.0218386 secs] 255217K->254788K(502464K), 0.0220108 secs] [Times: user=0.08 sys=0.00, real=0.02 secs] 
Heap after GC invocations=379 (full 46):
 par new generation   total 109248K, used 21824K [0x00000000e0000000, 0x00000000e8000000, 0x00000000e8000000)
  eden space 87424K,   0% used [0x00000000e0000000, 0x00000000e0000000, 0x00000000e5560000)
  from space 21824K, 100% used [0x00000000e6ab0000, 0x00000000e8000000, 0x00000000e8000000)
  to   space 21824K,   0% used [0x00000000e5560000, 0x00000000e5560000, 0x00000000e6ab0000)
 concurrent mark-sweep generation total 393216K, used 232964K [0x00000000e8000000, 0x0000000100000000, 0x0000000100000000)
 Metaspace       used 43944K, capacity 45165K, committed 45376K, reserved 1089536K
  class space    used 5313K, capacity 5616K, committed 5732K, reserved 1048576K
}
2019-02-22T17:26:39.403-0700: 81495.768: [Rescan (parallel) , 0.0170857 secs]2019-02-22T17:26:39.420-0700: 81495.785: [weak refs processing, 0.0005336 secs]2019-02-22T17:26:39.420-0700: 81495.786: [class unloading, 0.0183430 secs]2019-02-22T17:26:39.439-0700: 81495.804: [scrub symbol table, 0.0156674 secs]2019-02-22T17:26:39.454-0700: 81495.820: [scrub string table, 0.0009196 secs][1 CMS-remark: 232964K(393216K)] 254788K(502464K), 0.0753163 secs] [Times: user=0.25 sys=0.00, real=0.08 secs] 
2019-02-22T17:26:39.456-0700: 81495.821: Total time for which application threads were stopped: 0.0764087 seconds, Stopping threads took: 0.0001537 seconds
2019-02-22T17:26:39.456-0700: 81495.821: [CMS-concurrent-sweep-start]
2019-02-22T17:26:39.566-0700: 81495.931: [CMS-concurrent-sweep: 0.110/0.110 secs] [Times: user=0.48 sys=0.02, real=0.11 secs] 
2019-02-22T17:26:39.566-0700: 81495.931: [CMS-concurrent-reset-start]
2019-02-22T17:26:39.567-0700: 81495.932: [CMS-concurrent-reset: 0.001/0.001 secs] [Times: user=0.00 sys=0.00, real=0.00 secs] 
{Heap before GC invocations=379 (full 46):
 par new generation   total 109248K, used 109248K [0x00000000e0000000, 0x00000000e8000000, 0x00000000e8000000)
  eden space 87424K, 100% used [0x00000000e0000000, 0x00000000e5560000, 0x00000000e5560000)
  from space 21824K, 100% used [0x00000000e6ab0000, 0x00000000e8000000, 0x00000000e8000000)
  to   space 21824K,   0% used [0x00000000e5560000, 0x00000000e5560000, 0x00000000e6ab0000)
 concurrent mark-sweep generation total 393216K, used 204753K [0x00000000e8000000, 0x0000000100000000, 0x0000000100000000)
 Metaspace       used 43945K, capacity 45165K, committed 45376K, reserved 1089536K
  class space    used 5313K, capacity 5616K, committed 5732K, reserved 1048576K
2019-02-22T17:26:39.671-0700: 81496.036: [GC (Allocation Failure) 2019-02-22T17:26:39.671-0700: 81496.036: [ParNew
Desired survivor size 20112992 bytes, new threshold 8 (max 8)
- age   1:    6285680 bytes,    6285680 total
- age   2:         48 bytes,    6285728 total
- age   3:    2447952 bytes,    8733680 total
- age   4:    1284056 bytes,   10017736 total
- age   5:     365056 bytes,   10382792 total
- age   6:      77904 bytes,   10460696 total
- age   7:    9163272 bytes,   19623968 total
: 109248K->21824K(109248K), 0.0194102 secs] 314001K->231363K(502464K), 0.0195084 secs] [Times: user=0.16 sys=0.00, real=0.02 secs] 
Heap after GC invocations=380 (full 46):
 par new generation   total 109248K, used 21824K [0x00000000e0000000, 0x00000000e8000000, 0x00000000e8000000)
  eden space 87424K,   0% used [0x00000000e0000000, 0x00000000e0000000, 0x00000000e5560000)
  from space 21824K, 100% used [0x00000000e5560000, 0x00000000e6ab0000, 0x00000000e6ab0000)
  to   space 21824K,   0% used [0x00000000e6ab0000, 0x00000000e6ab0000, 0x00000000e8000000)
 concurrent mark-sweep generation total 393216K, used 209539K [0x00000000e8000000, 0x0000000100000000, 0x0000000100000000)
 Metaspace       used 43945K, capacity 45165K, committed 45376K, reserved 1089536K
  class space    used 5313K, capacity 5616K, committed 5732K, reserved 1048576K
}
2019-02-22T17:26:39.690-0700: 81496.056: Total time for which application threads were stopped: 0.0200050 seconds, Stopping threads took: 0.0000684 seconds
2019-02-22T17:26:39.691-0700: 81496.056: [GC (CMS Initial Mark) [1 CMS-initial-mark: 209539K(393216K)] 232763K(502464K), 0.0037598 secs] [Times: user=0.00 sys=0.00, real=0.00 secs] 
2019-02-22T17:26:39.695-0700: 81496.060: Total time for which application threads were stopped: 0.0040400 seconds, Stopping threads took: 0.0000658 seconds
2019-02-22T17:26:39.695-0700: 81496.060: [CMS-concurrent-mark-start]
2019-02-22T17:26:39.781-0700: 81496.146: [CMS-concurrent-mark: 0.086/0.086 secs] [Times: user=0.44 sys=0.02, real=0.09 secs] 
2019-02-22T17:26:39.782-0700: 81496.147: [CMS-concurrent-preclean-start]
2019-02-22T17:26:39.794-0700: 81496.160: [CMS-concurrent-preclean: 0.013/0.014 secs] [Times: user=0.00 sys=0.00, real=0.01 secs] 
2019-02-22T17:26:39.795-0700: 81496.160: [CMS-concurrent-abortable-preclean-start]
{Heap before GC invocations=380 (full 47):
 par new generation   total 109248K, used 109248K [0x00000000e0000000, 0x00000000e8000000, 0x00000000e8000000)
  eden space 87424K, 100% used [0x00000000e0000000, 0x00000000e5560000, 0x00000000e5560000)
  from space 21824K, 100% used [0x00000000e5560000, 0x00000000e6ab0000, 0x00000000e6ab0000)
  to   space 21824K,   0% used [0x00000000e6ab0000, 0x00000000e6ab0000, 0x00000000e8000000)
 concurrent mark-sweep generation total 393216K, used 209539K [0x00000000e8000000, 0x0000000100000000, 0x0000000100000000)
 Metaspace       used 43945K, capacity 45165K, committed 45376K, reserved 1089536K
  class space    used 5313K, capacity 5616K, committed 5732K, reserved 1048576K
2019-02-22T17:26:40.102-0700: 81496.468: [GC (Allocation Failure) 2019-02-22T17:26:40.102-0700: 81496.468: [ParNew
Desired survivor size 20112992 bytes, new threshold 8 (max 8)
- age   1:    7416752 bytes,    7416752 total
- age   2:    2786264 bytes,   10203016 total
- age   3:         48 bytes,   10203064 total
- age   4:    2383992 bytes,   12587056 total
- age   5:     957128 bytes,   13544184 total
- age   6:     230480 bytes,   13774664 total
- age   7:      74128 bytes,   13848792 total
- age   8:    7530584 bytes,   21379376 total
: 109248K->21824K(109248K), 0.0182382 secs] 318787K->234091K(502464K), 0.0183225 secs] [Times: user=0.05 sys=0.00, real=0.02 secs] 
Heap after GC invocations=381 (full 47):
 par new generation   total 109248K, used 21824K [0x00000000e0000000, 0x00000000e8000000, 0x00000000e8000000)
  eden space 87424K,   0% used [0x00000000e0000000, 0x00000000e0000000, 0x00000000e5560000)
  from space 21824K, 100% used [0x00000000e6ab0000, 0x00000000e8000000, 0x00000000e8000000)
  to   space 21824K,   0% used [0x00000000e5560000, 0x00000000e5560000, 0x00000000e6ab0000)
 concurrent mark-sweep generation total 393216K, used 212267K [0x00000000e8000000, 0x0000000100000000, 0x0000000100000000)
 Metaspace       used 43945K, capacity 45165K, committed 45376K, reserved 1089536K
  class space    used 5313K, capacity 5616K, committed 5732K, reserved 1048576K
}
2019-02-22T17:26:40.121-0700: 81496.486: Total time for which application threads were stopped: 0.0186530 seconds, Stopping threads took: 0.0000653 seconds
2019-02-22T17:26:40.313-0700: 81496.679: [CMS-concurrent-abortable-preclean: 0.493/0.519 secs] [Times: user=1.27 sys=0.05, real=0.52 secs] 
2019-02-22T17:26:40.313-0700: 81496.679: [GC (CMS Final Remark) [YG occupancy: 72217 K (109248 K)]{Heap before GC invocations=381 (full 47):
 par new generation   total 109248K, used 72217K [0x00000000e0000000, 0x00000000e8000000, 0x00000000e8000000)
  eden space 87424K,  57% used [0x00000000e0000000, 0x00000000e3136540, 0x00000000e5560000)
  from space 21824K, 100% used [0x00000000e6ab0000, 0x00000000e8000000, 0x00000000e8000000)
  to   space 21824K,   0% used [0x00000000e5560000, 0x00000000e5560000, 0x00000000e6ab0000)
 concurrent mark-sweep generation total 393216K, used 212267K [0x00000000e8000000, 0x0000000100000000, 0x0000000100000000)
 Metaspace       used 43945K, capacity 45165K, committed 45376K, reserved 1089536K
  class space    used 5313K, capacity 5616K, committed 5732K, reserved 1048576K
2019-02-22T17:26:40.314-0700: 81496.679: [GC (CMS Final Remark) 2019-02-22T17:26:40.314-0700: 81496.679: [ParNew
Desired survivor size 20112992 bytes, new threshold 8 (max 8)
- age   1:    6852920 bytes,    6852920 total
- age   2:    6799136 bytes,   13652056 total
- age   3:    2715688 bytes,   16367744 total
- age   4:         48 bytes,   16367792 total
- age   5:    1325688 bytes,   17693480 total
- age   6:     956856 bytes,   18650336 total
- age   7:     230480 bytes,   18880816 total
- age   8:      74128 bytes,   18954944 total
: 72217K->21824K(109248K), 0.0211143 secs] 284484K->241418K(502464K), 0.0211734 secs] [Times: user=0.06 sys=0.00, real=0.02 secs] 
Heap after GC invocations=382 (full 47):
 par new generation   total 109248K, used 21824K [0x00000000e0000000, 0x00000000e8000000, 0x00000000e8000000)
  eden space 87424K,   0% used [0x00000000e0000000, 0x00000000e0000000, 0x00000000e5560000)
  from space 21824K, 100% used [0x00000000e5560000, 0x00000000e6ab0000, 0x00000000e6ab0000)
  to   space 21824K,   0% used [0x00000000e6ab0000, 0x00000000e6ab0000, 0x00000000e8000000)
 concurrent mark-sweep generation total 393216K, used 219594K [0x00000000e8000000, 0x0000000100000000, 0x0000000100000000)
 Metaspace       used 43945K, capacity 45165K, committed 45376K, reserved 1089536K
  class space    used 5313K, capacity 5616K, committed 5732K, reserved 1048576K
}
2019-02-22T17:26:40.335-0700: 81496.701: [Rescan (parallel) , 0.0106415 secs]2019-02-22T17:26:40.346-0700: 81496.711: [weak refs processing, 0.0008688 secs]2019-02-22T17:26:40.347-0700: 81496.712: [class unloading, 0.0120664 secs]2019-02-22T17:26:40.359-0700: 81496.724: [scrub symbol table, 0.0111622 secs]2019-02-22T17:26:40.370-0700: 81496.736: [scrub string table, 0.0006940 secs][1 CMS-remark: 219594K(393216K)] 241418K(502464K), 0.0573603 secs] [Times: user=0.14 sys=0.00, real=0.06 secs] 
2019-02-22T17:26:40.372-0700: 81496.737: Total time for which application threads were stopped: 0.0576148 seconds, Stopping threads took: 0.0000555 seconds
2019-02-22T17:26:40.372-0700: 81496.737: [CMS-concurrent-sweep-start]
{Heap before GC invocations=382 (full 47):
 par new generation   total 109248K, used 108788K [0x00000000e0000000, 0x00000000e8000000, 0x00000000e8000000)
  eden space 87424K,  99% used [0x00000000e0000000, 0x00000000e54ed098, 0x00000000e5560000)
  from space 21824K, 100% used [0x00000000e5560000, 0x00000000e6ab0000, 0x00000000e6ab0000)
  to   space 21824K,   0% used [0x00000000e6ab0000, 0x00000000e6ab0000, 0x00000000e8000000)
 concurrent mark-sweep generation total 393216K, used 218986K [0x00000000e8000000, 0x0000000100000000, 0x0000000100000000)
 Metaspace       used 43945K, capacity 45165K, committed 45376K, reserved 1089536K
  class space    used 5313K, capacity 5616K, committed 5732K, reserved 1048576K
2019-02-22T17:26:40.415-0700: 81496.781: [GC (Allocation Failure) 2019-02-22T17:26:40.415-0700: 81496.781: [ParNew
Desired survivor size 20112992 bytes, new threshold 4 (max 8)
- age   1:    6047968 bytes,    6047968 total
- age   2:    4965400 bytes,   11013368 total
- age   3:    6619688 bytes,   17633056 total
- age   4:    2541472 bytes,   20174528 total
- age   5:         48 bytes,   20174576 total
- age   6:    1306152 bytes,   21480728 total
- age   7:     707832 bytes,   22188560 total
- age   8:     230336 bytes,   22418896 total
: 108788K->21824K(109248K), 0.0295880 secs] 327774K->257585K(502464K), 0.0296882 secs] [Times: user=0.13 sys=0.00, real=0.03 secs] 
Heap after GC invocations=383 (full 47):
 par new generation   total 109248K, used 21824K [0x00000000e0000000, 0x00000000e8000000, 0x00000000e8000000)
  eden space 87424K,   0% used [0x00000000e0000000, 0x00000000e0000000, 0x00000000e5560000)
  from space 21824K, 100% used [0x00000000e6ab0000, 0x00000000e8000000, 0x00000000e8000000)
  to   space 21824K,   0% used [0x00000000e5560000, 0x00000000e5560000, 0x00000000e6ab0000)
 concurrent mark-sweep generation total 393216K, used 235761K [0x00000000e8000000, 0x0000000100000000, 0x0000000100000000)
 Metaspace       used 43945K, capacity 45165K, committed 45376K, reserved 1089536K
  class space    used 5313K, capacity 5616K, committed 5732K, reserved 1048576K
}
2019-02-22T17:26:40.445-0700: 81496.811: Total time for which application threads were stopped: 0.0304187 seconds, Stopping threads took: 0.0002015 seconds
{Heap before GC invocations=383 (full 47):
 par new generation   total 109248K, used 109248K [0x00000000e0000000, 0x00000000e8000000, 0x00000000e8000000)
  eden space 87424K, 100% used [0x00000000e0000000, 0x00000000e5560000, 0x00000000e5560000)
  from space 21824K, 100% used [0x00000000e6ab0000, 0x00000000e8000000, 0x00000000e8000000)
  to   space 21824K,   0% used [0x00000000e5560000, 0x00000000e5560000, 0x00000000e6ab0000)
 concurrent mark-sweep generation total 393216K, used 235164K [0x00000000e8000000, 0x0000000100000000, 0x0000000100000000)
 Metaspace       used 43945K, capacity 45165K, committed 45376K, reserved 1089536K
  class space    used 5313K, capacity 5616K, committed 5732K, reserved 1048576K
2019-02-22T17:26:40.469-0700: 81496.834: [GC (Allocation Failure) 2019-02-22T17:26:40.469-0700: 81496.834: [ParNew
Desired survivor size 20112992 bytes, new threshold 8 (max 8)
- age   1:    1521576 bytes,    1521576 total
- age   2:    5206192 bytes,    6727768 total
- age   3:    4750216 bytes,   11477984 total
- age   4:    6390552 bytes,   17868536 total
: 109248K->21824K(109248K), 0.0226148 secs] 344412K->262340K(502464K), 0.0227372 secs] [Times: user=0.06 sys=0.00, real=0.02 secs] 
Heap after GC invocations=384 (full 47):
 par new generation   total 109248K, used 21824K [0x00000000e0000000, 0x00000000e8000000, 0x00000000e8000000)
  eden space 87424K,   0% used [0x00000000e0000000, 0x00000000e0000000, 0x00000000e5560000)
  from space 21824K, 100% used [0x00000000e5560000, 0x00000000e6ab0000, 0x00000000e6ab0000)
  to   space 21824K,   0% used [0x00000000e6ab0000, 0x00000000e6ab0000, 0x00000000e8000000)
 concurrent mark-sweep generation total 393216K, used 240516K [0x00000000e8000000, 0x0000000100000000, 0x0000000100000000)
 Metaspace       used 43945K, capacity 45165K, committed 45376K, reserved 1089536K
  class space    used 5313K, capacity 5616K, committed 5732K, reserved 1048576K
}
2019-02-22T17:26:40.491-0700: 81496.857: Total time for which application threads were stopped: 0.0232985 seconds, Stopping threads took: 0.0001044 seconds
2019-02-22T17:26:40.535-0700: 81496.901: [CMS-concurrent-sweep: 0.110/0.164 secs] [Times: user=0.64 sys=0.05, real=0.16 secs] 
2019-02-22T17:26:40.535-0700: 81496.901: [CMS-concurrent-reset-start]
2019-02-22T17:26:40.536-0700: 81496.902: [CMS-concurrent-reset: 0.001/0.001 secs] [Times: user=0.00 sys=0.00, real=0.00 secs] 
{Heap before GC invocations=384 (full 47):
 par new generation   total 109248K, used 109248K [0x00000000e0000000, 0x00000000e8000000, 0x00000000e8000000)
  eden space 87424K, 100% used [0x00000000e0000000, 0x00000000e5560000, 0x00000000e5560000)
  from space 21824K, 100% used [0x00000000e5560000, 0x00000000e6ab0000, 0x00000000e6ab0000)
  to   space 21824K,   0% used [0x00000000e6ab0000, 0x00000000e6ab0000, 0x00000000e8000000)
 concurrent mark-sweep generation total 393216K, used 238561K [0x00000000e8000000, 0x0000000100000000, 0x0000000100000000)
 Metaspace       used 43945K, capacity 45165K, committed 45376K, reserved 1089536K
  class space    used 5313K, capacity 5616K, committed 5732K, reserved 1048576K
2019-02-22T17:26:40.601-0700: 81496.966: [GC (Allocation Failure) 2019-02-22T17:26:40.601-0700: 81496.966: [ParNew
Desired survivor size 20112992 bytes, new threshold 8 (max 8)
- age   1:    2732576 bytes,    2732576 total
- age   2:     865992 bytes,    3598568 total
- age   3:    5150768 bytes,    8749336 total
- age   4:    4479528 bytes,   13228864 total
- age   5:    5865184 bytes,   19094048 total
: 109248K->21824K(109248K), 0.0155543 secs] 347809K->260385K(502464K), 0.0156345 secs] [Times: user=0.08 sys=0.00, real=0.01 secs] 
Heap after GC invocations=385 (full 47):
 par new generation   total 109248K, used 21824K [0x00000000e0000000, 0x00000000e8000000, 0x00000000e8000000)
  eden space 87424K,   0% used [0x00000000e0000000, 0x00000000e0000000, 0x00000000e5560000)
  from space 21824K, 100% used [0x00000000e6ab0000, 0x00000000e8000000, 0x00000000e8000000)
  to   space 21824K,   0% used [0x00000000e5560000, 0x00000000e5560000, 0x00000000e6ab0000)
 concurrent mark-sweep generation total 393216K, used 238561K [0x00000000e8000000, 0x0000000100000000, 0x0000000100000000)
 Metaspace       used 43945K, capacity 45165K, committed 45376K, reserved 1089536K
  class space    used 5313K, capacity 5616K, committed 5732K, reserved 1048576K
}
2019-02-22T17:26:40.617-0700: 81496.982: Total time for which application threads were stopped: 0.0161413 seconds, Stopping threads took: 0.0000529 seconds
2019-02-22T17:26:40.617-0700: 81496.982: [GC (CMS Initial Mark) [1 CMS-initial-mark: 238561K(393216K)] 261552K(502464K), 0.0025240 secs] [Times: user=0.00 sys=0.00, real=0.00 secs] 
2019-02-22T17:26:40.619-0700: 81496.985: Total time for which application threads were stopped: 0.0028391 seconds, Stopping threads took: 0.0000961 seconds
2019-02-22T17:26:40.619-0700: 81496.985: [CMS-concurrent-mark-start]
2019-02-22T17:26:40.713-0700: 81497.078: [CMS-concurrent-mark: 0.093/0.093 secs] [Times: user=0.52 sys=0.02, real=0.09 secs] 
2019-02-22T17:26:40.713-0700: 81497.078: [CMS-concurrent-preclean-start]
2019-02-22T17:26:40.718-0700: 81497.084: Total time for which application threads were stopped: 0.0003598 seconds, Stopping threads took: 0.0000622 seconds
2019-02-22T17:26:40.731-0700: 81497.096: [CMS-concurrent-preclean: 0.016/0.018 secs] [Times: user=0.05 sys=0.00, real=0.02 secs] 
2019-02-22T17:26:40.731-0700: 81497.096: [CMS-concurrent-abortable-preclean-start]
{Heap before GC invocations=385 (full 48):
 par new generation   total 109248K, used 109248K [0x00000000e0000000, 0x00000000e8000000, 0x00000000e8000000)
  eden space 87424K, 100% used [0x00000000e0000000, 0x00000000e5560000, 0x00000000e5560000)
  from space 21824K, 100% used [0x00000000e6ab0000, 0x00000000e8000000, 0x00000000e8000000)
  to   space 21824K,   0% used [0x00000000e5560000, 0x00000000e5560000, 0x00000000e6ab0000)
 concurrent mark-sweep generation total 393216K, used 238561K [0x00000000e8000000, 0x0000000100000000, 0x0000000100000000)
 Metaspace       used 43945K, capacity 45165K, committed 45376K, reserved 1089536K
  class space    used 5313K, capacity 5616K, committed 5732K, reserved 1048576K
2019-02-22T17:26:40.774-0700: 81497.139: [GC (Allocation Failure) 2019-02-22T17:26:40.774-0700: 81497.139: [ParNew
Desired survivor size 20112992 bytes, new threshold 6 (max 8)
- age   1:    4071192 bytes,    4071192 total
- age   2:    1463064 bytes,    5534256 total
- age   3:     519440 bytes,    6053696 total
- age   4:    4028112 bytes,   10081808 total
- age   5:    4446600 bytes,   14528408 total
- age   6:    5742256 bytes,   20270664 total
: 109248K->21824K(109248K), 0.0146542 secs] 347809K->261088K(502464K), 0.0147272 secs] [Times: user=0.06 sys=0.00, real=0.01 secs] 
Heap after GC invocations=386 (full 48):
 par new generation   total 109248K, used 21824K [0x00000000e0000000, 0x00000000e8000000, 0x00000000e8000000)
  eden space 87424K,   0% used [0x00000000e0000000, 0x00000000e0000000, 0x00000000e5560000)
  from space 21824K, 100% used [0x00000000e5560000, 0x00000000e6ab0000, 0x00000000e6ab0000)
  to   space 21824K,   0% used [0x00000000e6ab0000, 0x00000000e6ab0000, 0x00000000e8000000)
 concurrent mark-sweep generation total 393216K, used 239264K [0x00000000e8000000, 0x0000000100000000, 0x0000000100000000)
 Metaspace       used 43945K, capacity 45165K, committed 45376K, reserved 1089536K
  class space    used 5313K, capacity 5616K, committed 5732K, reserved 1048576K
}
2019-02-22T17:26:40.788-0700: 81497.154: Total time for which application threads were stopped: 0.0151657 seconds, Stopping threads took: 0.0000858 seconds
2019-02-22T17:26:40.980-0700: 81497.345: [CMS-concurrent-abortable-preclean: 0.229/0.249 secs] [Times: user=0.74 sys=0.02, real=0.25 secs] 
2019-02-22T17:26:40.980-0700: 81497.345: [GC (CMS Final Remark) [YG occupancy: 77489 K (109248 K)]{Heap before GC invocations=386 (full 48):
 par new generation   total 109248K, used 77489K [0x00000000e0000000, 0x00000000e8000000, 0x00000000e8000000)
  eden space 87424K,  63% used [0x00000000e0000000, 0x00000000e365c708, 0x00000000e5560000)
  from space 21824K, 100% used [0x00000000e5560000, 0x00000000e6ab0000, 0x00000000e6ab0000)
  to   space 21824K,   0% used [0x00000000e6ab0000, 0x00000000e6ab0000, 0x00000000e8000000)
 concurrent mark-sweep generation total 393216K, used 239264K [0x00000000e8000000, 0x0000000100000000, 0x0000000100000000)
 Metaspace       used 43945K, capacity 45165K, committed 45376K, reserved 1089536K
  class space    used 5313K, capacity 5616K, committed 5732K, reserved 1048576K
2019-02-22T17:26:40.980-0700: 81497.346: [GC (CMS Final Remark) 2019-02-22T17:26:40.980-0700: 81497.346: [ParNew
Desired survivor size 20112992 bytes, new threshold 8 (max 8)
- age   1:    5244040 bytes,    5244040 total
- age   2:    2117592 bytes,    7361632 total
- age   3:    1034768 bytes,    8396400 total
- age   4:     461312 bytes,    8857712 total
- age   5:    3843632 bytes,   12701344 total
- age   6:    4265376 bytes,   16966720 total
: 77489K->21824K(109248K), 0.0199289 secs] 316754K->265544K(502464K), 0.0200173 secs] [Times: user=0.08 sys=0.00, real=0.02 secs] 
Heap after GC invocations=387 (full 48):
 par new generation   total 109248K, used 21824K [0x00000000e0000000, 0x00000000e8000000, 0x00000000e8000000)
  eden space 87424K,   0% used [0x00000000e0000000, 0x00000000e0000000, 0x00000000e5560000)
  from space 21824K, 100% used [0x00000000e6ab0000, 0x00000000e8000000, 0x00000000e8000000)
  to   space 21824K,   0% used [0x00000000e5560000, 0x00000000e5560000, 0x00000000e6ab0000)
 concurrent mark-sweep generation total 393216K, used 243720K [0x00000000e8000000, 0x0000000100000000, 0x0000000100000000)
 Metaspace       used 43945K, capacity 45165K, committed 45376K, reserved 1089536K
  class space    used 5313K, capacity 5616K, committed 5732K, reserved 1048576K
}
2019-02-22T17:26:41.000-0700: 81497.366: [Rescan (parallel) , 0.0116002 secs]2019-02-22T17:26:41.012-0700: 81497.378: [weak refs processing, 0.0008168 secs]2019-02-22T17:26:41.013-0700: 81497.378: [class unloading, 0.0179092 secs]2019-02-22T17:26:41.031-0700: 81497.396: [scrub symbol table, 0.0171962 secs]2019-02-22T17:26:41.048-0700: 81497.414: [scrub string table, 0.0009145 secs][1 CMS-remark: 243720K(393216K)] 265544K(502464K), 0.0691985 secs] [Times: user=0.13 sys=0.00, real=0.07 secs] 
2019-02-22T17:26:41.049-0700: 81497.415: Total time for which application threads were stopped: 0.0695327 seconds, Stopping threads took: 0.0000807 seconds
2019-02-22T17:26:41.049-0700: 81497.415: [CMS-concurrent-sweep-start]
2019-02-22T17:26:41.154-0700: 81497.519: [CMS-concurrent-sweep: 0.104/0.104 secs] [Times: user=0.25 sys=0.00, real=0.11 secs] 
2019-02-22T17:26:41.154-0700: 81497.519: [CMS-concurrent-reset-start]
2019-02-22T17:26:41.155-0700: 81497.520: [CMS-concurrent-reset: 0.001/0.001 secs] [Times: user=0.00 sys=0.00, real=0.00 secs] 
{Heap before GC invocations=387 (full 48):
 par new generation   total 109248K, used 109248K [0x00000000e0000000, 0x00000000e8000000, 0x00000000e8000000)
  eden space 87424K, 100% used [0x00000000e0000000, 0x00000000e5560000, 0x00000000e5560000)
  from space 21824K, 100% used [0x00000000e6ab0000, 0x00000000e8000000, 0x00000000e8000000)
  to   space 21824K,   0% used [0x00000000e5560000, 0x00000000e5560000, 0x00000000e6ab0000)
 concurrent mark-sweep generation total 393216K, used 215582K [0x00000000e8000000, 0x0000000100000000, 0x0000000100000000)
 Metaspace       used 43945K, capacity 45165K, committed 45376K, reserved 1089536K
  class space    used 5313K, capacity 5616K, committed 5732K, reserved 1048576K
2019-02-22T17:26:41.453-0700: 81497.818: [GC (Allocation Failure) 2019-02-22T17:26:41.453-0700: 81497.818: [ParNew
Desired survivor size 20112992 bytes, new threshold 8 (max 8)
- age   1:    6869552 bytes,    6869552 total
- age   2:    2131440 bytes,    9000992 total
- age   3:    2011592 bytes,   11012584 total
- age   4:     710520 bytes,   11723104 total
- age   5:     376176 bytes,   12099280 total
- age   6:    3495232 bytes,   15594512 total
- age   7:    4059504 bytes,   19654016 total
: 109248K->21824K(109248K), 0.0158350 secs] 324830K->237745K(502464K), 0.0161269 secs] [Times: user=0.08 sys=0.00, real=0.02 secs] 
Heap after GC invocations=388 (full 48):
 par new generation   total 109248K, used 21824K [0x00000000e0000000, 0x00000000e8000000, 0x00000000e8000000)
  eden space 87424K,   0% used [0x00000000e0000000, 0x00000000e0000000, 0x00000000e5560000)
  from space 21824K, 100% used [0x00000000e5560000, 0x00000000e6ab0000, 0x00000000e6ab0000)
  to   space 21824K,   0% used [0x00000000e6ab0000, 0x00000000e6ab0000, 0x00000000e8000000)
 concurrent mark-sweep generation total 393216K, used 215921K [0x00000000e8000000, 0x0000000100000000, 0x0000000100000000)
 Metaspace       used 43945K, capacity 45165K, committed 45376K, reserved 1089536K
  class space    used 5313K, capacity 5616K, committed 5732K, reserved 1048576K
}
2019-02-22T17:26:41.469-0700: 81497.834: Total time for which application threads were stopped: 0.0165109 seconds, Stopping threads took: 0.0000314 seconds
2019-02-22T17:26:41.470-0700: 81497.835: [GC (CMS Initial Mark) [1 CMS-initial-mark: 215921K(393216K)] 237989K(502464K), 0.0021976 secs] [Times: user=0.00 sys=0.00, real=0.00 secs] 
2019-02-22T17:26:41.471-0700: 81497.837: Total time for which application threads were stopped: 0.0024582 seconds, Stopping threads took: 0.0000591 seconds
2019-02-22T17:26:41.471-0700: 81497.837: [CMS-concurrent-mark-start]
2019-02-22T17:26:41.561-0700: 81497.926: [CMS-concurrent-mark: 0.089/0.089 secs] [Times: user=0.34 sys=0.00, real=0.09 secs] 
2019-02-22T17:26:41.561-0700: 81497.926: [CMS-concurrent-preclean-start]
2019-02-22T17:26:41.574-0700: 81497.940: [CMS-concurrent-preclean: 0.013/0.014 secs] [Times: user=0.03 sys=0.00, real=0.01 secs] 
2019-02-22T17:26:41.574-0700: 81497.940: [CMS-concurrent-abortable-preclean-start]
{Heap before GC invocations=388 (full 49):
 par new generation   total 109248K, used 109248K [0x00000000e0000000, 0x00000000e8000000, 0x00000000e8000000)
  eden space 87424K, 100% used [0x00000000e0000000, 0x00000000e5560000, 0x00000000e5560000)
  from space 21824K, 100% used [0x00000000e5560000, 0x00000000e6ab0000, 0x00000000e6ab0000)
  to   space 21824K,   0% used [0x00000000e6ab0000, 0x00000000e6ab0000, 0x00000000e8000000)
 concurrent mark-sweep generation total 393216K, used 215921K [0x00000000e8000000, 0x0000000100000000, 0x0000000100000000)
 Metaspace       used 43945K, capacity 45165K, committed 45376K, reserved 1089536K
  class space    used 5313K, capacity 5616K, committed 5732K, reserved 1048576K
2019-02-22T17:26:41.931-0700: 81498.296: [GC (Allocation Failure) 2019-02-22T17:26:41.931-0700: 81498.296: [ParNew
Desired survivor size 20112992 bytes, new threshold 8 (max 8)
- age   1:    5457144 bytes,    5457144 total
- age   2:    3092880 bytes,    8550024 total
- age   3:    1907576 bytes,   10457600 total
- age   4:    1977648 bytes,   12435248 total
- age   5:     700016 bytes,   13135264 total
- age   6:     370784 bytes,   13506048 total
- age   7:    2571168 bytes,   16077216 total
- age   8:    3896192 bytes,   19973408 total
: 109248K->21824K(109248K), 0.0170420 secs] 325169K->239775K(502464K), 0.0171674 secs] [Times: user=0.06 sys=0.00, real=0.02 secs] 
Heap after GC invocations=389 (full 49):
 par new generation   total 109248K, used 21824K [0x00000000e0000000, 0x00000000e8000000, 0x00000000e8000000)
  eden space 87424K,   0% used [0x00000000e0000000, 0x00000000e0000000, 0x00000000e5560000)
  from space 21824K, 100% used [0x00000000e6ab0000, 0x00000000e8000000, 0x00000000e8000000)
  to   space 21824K,   0% used [0x00000000e5560000, 0x00000000e5560000, 0x00000000e6ab0000)
 concurrent mark-sweep generation total 393216K, used 217951K [0x00000000e8000000, 0x0000000100000000, 0x0000000100000000)
 Metaspace       used 43945K, capacity 45165K, committed 45376K, reserved 1089536K
  class space    used 5313K, capacity 5616K, committed 5732K, reserved 1048576K
}
2019-02-22T17:26:41.948-0700: 81498.314: Total time for which application threads were stopped: 0.0176691 seconds, Stopping threads took: 0.0000422 seconds
2019-02-22T17:26:42.285-0700: 81498.650: [CMS-concurrent-abortable-preclean: 0.683/0.711 secs] [Times: user=1.58 sys=0.05, real=0.71 secs] 
2019-02-22T17:26:42.285-0700: 81498.651: [GC (CMS Final Remark) [YG occupancy: 75791 K (109248 K)]{Heap before GC invocations=389 (full 49):
 par new generation   total 109248K, used 75791K [0x00000000e0000000, 0x00000000e8000000, 0x00000000e8000000)
  eden space 87424K,  61% used [0x00000000e0000000, 0x00000000e34b3d70, 0x00000000e5560000)
  from space 21824K, 100% used [0x00000000e6ab0000, 0x00000000e8000000, 0x00000000e8000000)
  to   space 21824K,   0% used [0x00000000e5560000, 0x00000000e5560000, 0x00000000e6ab0000)
 concurrent mark-sweep generation total 393216K, used 217951K [0x00000000e8000000, 0x0000000100000000, 0x0000000100000000)
 Metaspace       used 43945K, capacity 45165K, committed 45376K, reserved 1089536K
  class space    used 5313K, capacity 5616K, committed 5732K, reserved 1048576K
2019-02-22T17:26:42.286-0700: 81498.651: [GC (CMS Final Remark) 2019-02-22T17:26:42.286-0700: 81498.651: [ParNew
Desired survivor size 20112992 bytes, new threshold 8 (max 8)
- age   1:    4629136 bytes,    4629136 total
- age   2:    2850248 bytes,    7479384 total
- age   3:    3044376 bytes,   10523760 total
- age   4:    1907280 bytes,   12431040 total
- age   5:    1977264 bytes,   14408304 total
- age   6:     697752 bytes,   15106056 total
- age   7:     370560 bytes,   15476616 total
- age   8:    2561352 bytes,   18037968 total
: 75791K->21824K(109248K), 0.0171592 secs] 293742K->243619K(502464K), 0.0172275 secs] [Times: user=0.05 sys=0.00, real=0.02 secs] 
Heap after GC invocations=390 (full 49):
 par new generation   total 109248K, used 21824K [0x00000000e0000000, 0x00000000e8000000, 0x00000000e8000000)
  eden space 87424K,   0% used [0x00000000e0000000, 0x00000000e0000000, 0x00000000e5560000)
  from space 21824K, 100% used [0x00000000e5560000, 0x00000000e6ab0000, 0x00000000e6ab0000)
  to   space 21824K,   0% used [0x00000000e6ab0000, 0x00000000e6ab0000, 0x00000000e8000000)
 concurrent mark-sweep generation total 393216K, used 221795K [0x00000000e8000000, 0x0000000100000000, 0x0000000100000000)
 Metaspace       used 43945K, capacity 45165K, committed 45376K, reserved 1089536K
  class space    used 5313K, capacity 5616K, committed 5732K, reserved 1048576K
}
2019-02-22T17:26:42.303-0700: 81498.668: [Rescan (parallel) , 0.0089590 secs]2019-02-22T17:26:42.311-0700: 81498.677: [weak refs processing, 0.0006929 secs]2019-02-22T17:26:42.312-0700: 81498.678: [class unloading, 0.0179498 secs]2019-02-22T17:26:42.331-0700: 81498.696: [scrub symbol table, 0.0152859 secs]2019-02-22T17:26:42.346-0700: 81498.711: [scrub string table, 0.0008929 secs][1 CMS-remark: 221795K(393216K)] 243619K(502464K), 0.0614892 secs] [Times: user=0.09 sys=0.02, real=0.06 secs] 
2019-02-22T17:26:42.347-0700: 81498.712: Total time for which application threads were stopped: 0.0619000 seconds, Stopping threads took: 0.0000730 seconds
2019-02-22T17:26:42.347-0700: 81498.713: [CMS-concurrent-sweep-start]
2019-02-22T17:26:42.446-0700: 81498.812: [CMS-concurrent-sweep: 0.099/0.099 secs] [Times: user=0.22 sys=0.00, real=0.10 secs] 
2019-02-22T17:26:42.446-0700: 81498.812: [CMS-concurrent-reset-start]
2019-02-22T17:26:42.447-0700: 81498.813: [CMS-concurrent-reset: 0.001/0.001 secs] [Times: user=0.00 sys=0.00, real=0.00 secs] 
{Heap before GC invocations=390 (full 49):
 par new generation   total 109248K, used 109248K [0x00000000e0000000, 0x00000000e8000000, 0x00000000e8000000)
  eden space 87424K, 100% used [0x00000000e0000000, 0x00000000e5560000, 0x00000000e5560000)
  from space 21824K, 100% used [0x00000000e5560000, 0x00000000e6ab0000, 0x00000000e6ab0000)
  to   space 21824K,   0% used [0x00000000e6ab0000, 0x00000000e6ab0000, 0x00000000e8000000)
 concurrent mark-sweep generation total 393216K, used 220813K [0x00000000e8000000, 0x0000000100000000, 0x0000000100000000)
 Metaspace       used 43945K, capacity 45165K, committed 45376K, reserved 1089536K
  class space    used 5313K, capacity 5616K, committed 5732K, reserved 1048576K
2019-02-22T17:26:42.723-0700: 81499.088: [GC (Allocation Failure) 2019-02-22T17:26:42.723-0700: 81499.088: [ParNew
Desired survivor size 20112992 bytes, new threshold 8 (max 8)
- age   1:    6309520 bytes,    6309520 total
- age   2:    2558760 bytes,    8868280 total
- age   3:    2691544 bytes,   11559824 total
- age   4:    2529784 bytes,   14089608 total
- age   5:    1866384 bytes,   15955992 total
- age   6:    1661480 bytes,   17617472 total
- age   7:     634704 bytes,   18252176 total
- age   8:     361648 bytes,   18613824 total
: 109248K->21824K(109248K), 0.0197695 secs] 330061K->245272K(502464K), 0.0198826 secs] [Times: user=0.06 sys=0.00, real=0.02 secs] 
Heap after GC invocations=391 (full 49):
 par new generation   total 109248K, used 21824K [0x00000000e0000000, 0x00000000e8000000, 0x00000000e8000000)
  eden space 87424K,   0% used [0x00000000e0000000, 0x00000000e0000000, 0x00000000e5560000)
  from space 21824K, 100% used [0x00000000e6ab0000, 0x00000000e8000000, 0x00000000e8000000)
  to   space 21824K,   0% used [0x00000000e5560000, 0x00000000e5560000, 0x00000000e6ab0000)
 concurrent mark-sweep generation total 393216K, used 223448K [0x00000000e8000000, 0x0000000100000000, 0x0000000100000000)
 Metaspace       used 43945K, capacity 45165K, committed 45376K, reserved 1089536K
  class space    used 5313K, capacity 5616K, committed 5732K, reserved 1048576K
}
2019-02-22T17:26:42.743-0700: 81499.108: Total time for which application threads were stopped: 0.0203658 seconds, Stopping threads took: 0.0000658 seconds
2019-02-22T17:26:42.744-0700: 81499.110: [GC (CMS Initial Mark) [1 CMS-initial-mark: 223448K(393216K)] 245722K(502464K), 0.0025672 secs] [Times: user=0.00 sys=0.00, real=0.00 secs] 
2019-02-22T17:26:42.747-0700: 81499.112: Total time for which application threads were stopped: 0.0038693 seconds, Stopping threads took: 0.0005927 seconds
2019-02-22T17:26:42.747-0700: 81499.112: [CMS-concurrent-mark-start]
2019-02-22T17:26:42.832-0700: 81499.198: [CMS-concurrent-mark: 0.086/0.086 secs] [Times: user=0.44 sys=0.00, real=0.09 secs] 
2019-02-22T17:26:42.833-0700: 81499.198: [CMS-concurrent-preclean-start]
2019-02-22T17:26:42.843-0700: 81499.208: [CMS-concurrent-preclean: 0.010/0.010 secs] [Times: user=0.00 sys=0.00, real=0.01 secs] 
2019-02-22T17:26:42.844-0700: 81499.209: [CMS-concurrent-abortable-preclean-start]
2019-02-22T17:26:42.991-0700: 81499.357: [CMS-concurrent-abortable-preclean: 0.146/0.148 secs] [Times: user=0.36 sys=0.00, real=0.15 secs] 
2019-02-22T17:26:42.992-0700: 81499.358: [GC (CMS Final Remark) [YG occupancy: 66347 K (109248 K)]{Heap before GC invocations=391 (full 50):
 par new generation   total 109248K, used 66347K [0x00000000e0000000, 0x00000000e8000000, 0x00000000e8000000)
  eden space 87424K,  50% used [0x00000000e0000000, 0x00000000e2b7af40, 0x00000000e5560000)
  from space 21824K, 100% used [0x00000000e6ab0000, 0x00000000e8000000, 0x00000000e8000000)
  to   space 21824K,   0% used [0x00000000e5560000, 0x00000000e5560000, 0x00000000e6ab0000)
 concurrent mark-sweep generation total 393216K, used 223448K [0x00000000e8000000, 0x0000000100000000, 0x0000000100000000)
 Metaspace       used 43945K, capacity 45165K, committed 45376K, reserved 1089536K
  class space    used 5313K, capacity 5616K, committed 5732K, reserved 1048576K
2019-02-22T17:26:42.992-0700: 81499.358: [GC (CMS Final Remark) 2019-02-22T17:26:42.993-0700: 81499.358: [ParNew
Desired survivor size 20112992 bytes, new threshold 8 (max 8)
- age   1:    3943464 bytes,    3943464 total
- age   2:    3739464 bytes,    7682928 total
- age   3:    2558464 bytes,   10241392 total
- age   4:    2682800 bytes,   12924192 total
- age   5:    2528024 bytes,   15452216 total
- age   6:    1840696 bytes,   17292912 total
- age   7:    1541368 bytes,   18834280 total
- age   8:     630352 bytes,   19464632 total
: 66347K->21824K(109248K), 0.0163881 secs] 289796K->246016K(502464K), 0.0165449 secs] [Times: user=0.06 sys=0.00, real=0.02 secs] 
Heap after GC invocations=392 (full 50):
 par new generation   total 109248K, used 21824K [0x00000000e0000000, 0x00000000e8000000, 0x00000000e8000000)
  eden space 87424K,   0% used [0x00000000e0000000, 0x00000000e0000000, 0x00000000e5560000)
  from space 21824K, 100% used [0x00000000e5560000, 0x00000000e6ab0000, 0x00000000e6ab0000)
  to   space 21824K,   0% used [0x00000000e6ab0000, 0x00000000e6ab0000, 0x00000000e8000000)
 concurrent mark-sweep generation total 393216K, used 224192K [0x00000000e8000000, 0x0000000100000000, 0x0000000100000000)
 Metaspace       used 43945K, capacity 45165K, committed 45376K, reserved 1089536K
  class space    used 5313K, capacity 5616K, committed 5732K, reserved 1048576K
}
2019-02-22T17:26:43.009-0700: 81499.375: [Rescan (parallel) , 0.0081755 secs]2019-02-22T17:26:43.018-0700: 81499.383: [weak refs processing, 0.0004637 secs]2019-02-22T17:26:43.018-0700: 81499.383: [class unloading, 0.0152294 secs]2019-02-22T17:26:43.033-0700: 81499.399: [scrub symbol table, 0.0103654 secs]2019-02-22T17:26:43.044-0700: 81499.409: [scrub string table, 0.0006112 secs][1 CMS-remark: 224192K(393216K)] 246016K(502464K), 0.0519561 secs] [Times: user=0.14 sys=0.00, real=0.05 secs] 
2019-02-22T17:26:43.044-0700: 81499.410: Total time for which application threads were stopped: 0.0527369 seconds, Stopping threads took: 0.0001522 seconds
2019-02-22T17:26:43.045-0700: 81499.410: [CMS-concurrent-sweep-start]
2019-02-22T17:26:43.127-0700: 81499.492: [CMS-concurrent-sweep: 0.082/0.082 secs] [Times: user=0.28 sys=0.00, real=0.08 secs] 
2019-02-22T17:26:43.127-0700: 81499.492: [CMS-concurrent-reset-start]
2019-02-22T17:26:43.127-0700: 81499.492: [CMS-concurrent-reset: 0.001/0.001 secs] [Times: user=0.00 sys=0.00, real=0.00 secs] 
{Heap before GC invocations=392 (full 50):
 par new generation   total 109248K, used 109248K [0x00000000e0000000, 0x00000000e8000000, 0x00000000e8000000)
  eden space 87424K, 100% used [0x00000000e0000000, 0x00000000e5560000, 0x00000000e5560000)
  from space 21824K, 100% used [0x00000000e5560000, 0x00000000e6ab0000, 0x00000000e6ab0000)
  to   space 21824K,   0% used [0x00000000e6ab0000, 0x00000000e6ab0000, 0x00000000e8000000)
 concurrent mark-sweep generation total 393216K, used 207308K [0x00000000e8000000, 0x0000000100000000, 0x0000000100000000)
 Metaspace       used 43945K, capacity 45165K, committed 45376K, reserved 1089536K
  class space    used 5313K, capacity 5616K, committed 5732K, reserved 1048576K
2019-02-22T17:26:43.413-0700: 81499.778: [GC (Allocation Failure) 2019-02-22T17:26:43.413-0700: 81499.779: [ParNew
Desired survivor size 20112992 bytes, new threshold 6 (max 8)
- age   1:    9615680 bytes,    9615680 total
- age   2:    2207744 bytes,   11823424 total
- age   3:    2882800 bytes,   14706224 total
- age   4:    2326488 bytes,   17032712 total
- age   5:    1895896 bytes,   18928608 total
- age   6:    1469120 bytes,   20397728 total
- age   7:     537456 bytes,   20935184 total
- age   8:    1380992 bytes,   22316176 total
: 109248K->21824K(109248K), 0.0185373 secs] 316556K->234076K(502464K), 0.0186247 secs] [Times: user=0.06 sys=0.00, real=0.02 secs] 
Heap after GC invocations=393 (full 50):
 par new generation   total 109248K, used 21824K [0x00000000e0000000, 0x00000000e8000000, 0x00000000e8000000)
  eden space 87424K,   0% used [0x00000000e0000000, 0x00000000e0000000, 0x00000000e5560000)
  from space 21824K, 100% used [0x00000000e6ab0000, 0x00000000e8000000, 0x00000000e8000000)
  to   space 21824K,   0% used [0x00000000e5560000, 0x00000000e5560000, 0x00000000e6ab0000)
 concurrent mark-sweep generation total 393216K, used 212252K [0x00000000e8000000, 0x0000000100000000, 0x0000000100000000)
 Metaspace       used 43945K, capacity 45165K, committed 45376K, reserved 1089536K
  class space    used 5313K, capacity 5616K, committed 5732K, reserved 1048576K
}
2019-02-22T17:26:43.432-0700: 81499.797: Total time for which application threads were stopped: 0.0191352 seconds, Stopping threads took: 0.0001208 seconds
2019-02-22T17:26:43.432-0700: 81499.798: [GC (CMS Initial Mark) [1 CMS-initial-mark: 212252K(393216K)] 234849K(502464K), 0.0026165 secs] [Times: user=0.00 sys=0.00, real=0.00 secs] 
2019-02-22T17:26:43.435-0700: 81499.800: Total time for which application threads were stopped: 0.0030201 seconds, Stopping threads took: 0.0001953 seconds
2019-02-22T17:26:43.435-0700: 81499.800: [CMS-concurrent-mark-start]
2019-02-22T17:26:43.514-0700: 81499.879: [CMS-concurrent-mark: 0.078/0.078 secs] [Times: user=0.44 sys=0.00, real=0.08 secs] 
2019-02-22T17:26:43.514-0700: 81499.879: [CMS-concurrent-preclean-start]
2019-02-22T17:26:43.532-0700: 81499.898: [CMS-concurrent-preclean: 0.018/0.019 secs] [Times: user=0.08 sys=0.00, real=0.02 secs] 
2019-02-22T17:26:43.532-0700: 81499.898: [CMS-concurrent-abortable-preclean-start]
{Heap before GC invocations=393 (full 51):
 par new generation   total 109248K, used 108895K [0x00000000e0000000, 0x00000000e8000000, 0x00000000e8000000)
  eden space 87424K,  99% used [0x00000000e0000000, 0x00000000e5507e58, 0x00000000e5560000)
  from space 21824K, 100% used [0x00000000e6ab0000, 0x00000000e8000000, 0x00000000e8000000)
  to   space 21824K,   0% used [0x00000000e5560000, 0x00000000e5560000, 0x00000000e6ab0000)
 concurrent mark-sweep generation total 393216K, used 212252K [0x00000000e8000000, 0x0000000100000000, 0x0000000100000000)
 Metaspace       used 43945K, capacity 45165K, committed 45376K, reserved 1089536K
  class space    used 5313K, capacity 5616K, committed 5732K, reserved 1048576K
2019-02-22T17:26:43.646-0700: 81500.012: [GC (Allocation Failure) 2019-02-22T17:26:43.646-0700: 81500.012: [ParNew
Desired survivor size 20112992 bytes, new threshold 5 (max 8)
- age   1:    7310080 bytes,    7310080 total
- age   2:    7327200 bytes,   14637280 total
- age   3:    2114440 bytes,   16751720 total
- age   4:    2686248 bytes,   19437968 total
- age   5:    1663976 bytes,   21101944 total
- age   6:    1297584 bytes,   22399528 total
: 108895K->21824K(109248K), 0.0202569 secs] 321147K->240213K(502464K), 0.0203304 secs] [Times: user=0.06 sys=0.00, real=0.02 secs] 
Heap after GC invocations=394 (full 51):
 par new generation   total 109248K, used 21824K [0x00000000e0000000, 0x00000000e8000000, 0x00000000e8000000)
  eden space 87424K,   0% used [0x00000000e0000000, 0x00000000e0000000, 0x00000000e5560000)
  from space 21824K, 100% used [0x00000000e5560000, 0x00000000e6ab0000, 0x00000000e6ab0000)
  to   space 21824K,   0% used [0x00000000e6ab0000, 0x00000000e6ab0000, 0x00000000e8000000)
 concurrent mark-sweep generation total 393216K, used 218389K [0x00000000e8000000, 0x0000000100000000, 0x0000000100000000)
 Metaspace       used 43945K, capacity 45165K, committed 45376K, reserved 1089536K
  class space    used 5313K, capacity 5616K, committed 5732K, reserved 1048576K
}
2019-02-22T17:26:43.667-0700: 81500.033: Total time for which application threads were stopped: 0.0207375 seconds, Stopping threads took: 0.0000915 seconds
{Heap before GC invocations=394 (full 51):
 par new generation   total 109248K, used 109248K [0x00000000e0000000, 0x00000000e8000000, 0x00000000e8000000)
  eden space 87424K, 100% used [0x00000000e0000000, 0x00000000e5560000, 0x00000000e5560000)
  from space 21824K, 100% used [0x00000000e5560000, 0x00000000e6ab0000, 0x00000000e6ab0000)
  to   space 21824K,   0% used [0x00000000e6ab0000, 0x00000000e6ab0000, 0x00000000e8000000)
 concurrent mark-sweep generation total 393216K, used 218389K [0x00000000e8000000, 0x0000000100000000, 0x0000000100000000)
 Metaspace       used 43945K, capacity 45165K, committed 45376K, reserved 1089536K
  class space    used 5313K, capacity 5616K, committed 5732K, reserved 1048576K
2019-02-22T17:26:43.682-0700: 81500.048: [GC (Allocation Failure) 2019-02-22T17:26:43.682-0700: 81500.048: [ParNew
Desired survivor size 20112992 bytes, new threshold 5 (max 8)
- age   1:    3529352 bytes,    3529352 total
- age   2:    6956512 bytes,   10485864 total
- age   3:    7105800 bytes,   17591664 total
- age   4:    2144936 bytes,   19736600 total
- age   5:    2680072 bytes,   22416672 total
: 109248K->21824K(109248K), 0.0200913 secs] 327637K->257523K(502464K), 0.0202019 secs] [Times: user=0.06 sys=0.00, real=0.02 secs] 
Heap after GC invocations=395 (full 51):
 par new generation   total 109248K, used 21824K [0x00000000e0000000, 0x00000000e8000000, 0x00000000e8000000)
  eden space 87424K,   0% used [0x00000000e0000000, 0x00000000e0000000, 0x00000000e5560000)
  from space 21824K, 100% used [0x00000000e6ab0000, 0x00000000e8000000, 0x00000000e8000000)
  to   space 21824K,   0% used [0x00000000e5560000, 0x00000000e5560000, 0x00000000e6ab0000)
 concurrent mark-sweep generation total 393216K, used 235699K [0x00000000e8000000, 0x0000000100000000, 0x0000000100000000)
 Metaspace       used 43945K, capacity 45165K, committed 45376K, reserved 1089536K
  class space    used 5313K, capacity 5616K, committed 5732K, reserved 1048576K
}
2019-02-22T17:26:43.702-0700: 81500.068: Total time for which application threads were stopped: 0.0207175 seconds, Stopping threads took: 0.0001223 seconds
2019-02-22T17:26:43.775-0700: 81500.141: [CMS-concurrent-abortable-preclean: 0.194/0.243 secs] [Times: user=0.70 sys=0.05, real=0.24 secs] 
2019-02-22T17:26:43.776-0700: 81500.141: [GC (CMS Final Remark) [YG occupancy: 94098 K (109248 K)]{Heap before GC invocations=395 (full 51):
 par new generation   total 109248K, used 94098K [0x00000000e0000000, 0x00000000e8000000, 0x00000000e8000000)
  eden space 87424K,  82% used [0x00000000e0000000, 0x00000000e4694ad8, 0x00000000e5560000)
  from space 21824K, 100% used [0x00000000e6ab0000, 0x00000000e8000000, 0x00000000e8000000)
  to   space 21824K,   0% used [0x00000000e5560000, 0x00000000e5560000, 0x00000000e6ab0000)
 concurrent mark-sweep generation total 393216K, used 235699K [0x00000000e8000000, 0x0000000100000000, 0x0000000100000000)
 Metaspace       used 43945K, capacity 45165K, committed 45376K, reserved 1089536K
  class space    used 5313K, capacity 5616K, committed 5732K, reserved 1048576K
2019-02-22T17:26:43.776-0700: 81500.141: [GC (CMS Final Remark) 2019-02-22T17:26:43.776-0700: 81500.141: [ParNew
Desired survivor size 20112992 bytes, new threshold 5 (max 8)
- age   1:    5332952 bytes,    5332952 total
- age   2:    2853040 bytes,    8185992 total
- age   3:    6115048 bytes,   14301040 total
- age   4:    4871480 bytes,   19172520 total
- age   5:    1852136 bytes,   21024656 total
: 94098K->21824K(109248K), 0.0142316 secs] 329798K->263052K(502464K), 0.0142851 secs] [Times: user=0.05 sys=0.00, real=0.01 secs] 
Heap after GC invocations=396 (full 51):
 par new generation   total 109248K, used 21824K [0x00000000e0000000, 0x00000000e8000000, 0x00000000e8000000)
  eden space 87424K,   0% used [0x00000000e0000000, 0x00000000e0000000, 0x00000000e5560000)
  from space 21824K, 100% used [0x00000000e5560000, 0x00000000e6ab0000, 0x00000000e6ab0000)
  to   space 21824K,   0% used [0x00000000e6ab0000, 0x00000000e6ab0000, 0x00000000e8000000)
 concurrent mark-sweep generation total 393216K, used 241228K [0x00000000e8000000, 0x0000000100000000, 0x0000000100000000)
 Metaspace       used 43945K, capacity 45165K, committed 45376K, reserved 1089536K
  class space    used 5313K, capacity 5616K, committed 5732K, reserved 1048576K
}
2019-02-22T17:26:43.790-0700: 81500.156: [Rescan (parallel) , 0.0087528 secs]2019-02-22T17:26:43.799-0700: 81500.164: [weak refs processing, 0.0006811 secs]2019-02-22T17:26:43.799-0700: 81500.165: [class unloading, 0.0098832 secs]2019-02-22T17:26:43.809-0700: 81500.175: [scrub symbol table, 0.0096154 secs]2019-02-22T17:26:43.819-0700: 81500.185: [scrub string table, 0.0009212 secs][1 CMS-remark: 241228K(393216K)] 263052K(502464K), 0.0445336 secs] [Times: user=0.13 sys=0.00, real=0.04 secs] 
2019-02-22T17:26:43.820-0700: 81500.186: Total time for which application threads were stopped: 0.0447886 seconds, Stopping threads took: 0.0000673 seconds
2019-02-22T17:26:43.820-0700: 81500.186: [CMS-concurrent-sweep-start]
{Heap before GC invocations=396 (full 51):
 par new generation   total 109248K, used 109248K [0x00000000e0000000, 0x00000000e8000000, 0x00000000e8000000)
  eden space 87424K, 100% used [0x00000000e0000000, 0x00000000e5560000, 0x00000000e5560000)
  from space 21824K, 100% used [0x00000000e5560000, 0x00000000e6ab0000, 0x00000000e6ab0000)
  to   space 21824K,   0% used [0x00000000e6ab0000, 0x00000000e6ab0000, 0x00000000e8000000)
 concurrent mark-sweep generation total 393216K, used 239884K [0x00000000e8000000, 0x0000000100000000, 0x0000000100000000)
 Metaspace       used 43945K, capacity 45165K, committed 45376K, reserved 1089536K
  class space    used 5313K, capacity 5616K, committed 5732K, reserved 1048576K
2019-02-22T17:26:43.895-0700: 81500.261: [GC (Allocation Failure) 2019-02-22T17:26:43.895-0700: 81500.261: [ParNew
Desired survivor size 20112992 bytes, new threshold 5 (max 8)
- age   1:    3543024 bytes,    3543024 total
- age   2:    4703448 bytes,    8246472 total
- age   3:    2721352 bytes,   10967824 total
- age   4:    5168600 bytes,   16136424 total
- age   5:    4403048 bytes,   20539472 total
: 109248K->21824K(109248K), 0.0162380 secs] 349132K->265666K(502464K), 0.0163110 secs] [Times: user=0.05 sys=0.02, real=0.02 secs] 
Heap after GC invocations=397 (full 51):
 par new generation   total 109248K, used 21824K [0x00000000e0000000, 0x00000000e8000000, 0x00000000e8000000)
  eden space 87424K,   0% used [0x00000000e0000000, 0x00000000e0000000, 0x00000000e5560000)
  from space 21824K, 100% used [0x00000000e6ab0000, 0x00000000e8000000, 0x00000000e8000000)
  to   space 21824K,   0% used [0x00000000e5560000, 0x00000000e5560000, 0x00000000e6ab0000)
 concurrent mark-sweep generation total 393216K, used 243842K [0x00000000e8000000, 0x0000000100000000, 0x0000000100000000)
 Metaspace       used 43945K, capacity 45165K, committed 45376K, reserved 1089536K
  class space    used 5313K, capacity 5616K, committed 5732K, reserved 1048576K
}
2019-02-22T17:26:43.911-0700: 81500.277: Total time for which application threads were stopped: 0.0165762 seconds, Stopping threads took: 0.0000283 seconds
2019-02-22T17:26:43.914-0700: 81500.280: [CMS-concurrent-sweep: 0.077/0.094 secs] [Times: user=0.36 sys=0.02, real=0.09 secs] 
2019-02-22T17:26:43.914-0700: 81500.280: [CMS-concurrent-reset-start]
2019-02-22T17:26:43.915-0700: 81500.280: [CMS-concurrent-reset: 0.001/0.001 secs] [Times: user=0.00 sys=0.00, real=0.00 secs] 
2019-02-22T17:26:43.968-0700: 81500.334: Total time for which application threads were stopped: 0.0002010 seconds, Stopping threads took: 0.0000293 seconds
2019-02-22T17:26:43.978-0700: 81500.343: Total time for which application threads were stopped: 0.0002966 seconds, Stopping threads took: 0.0001151 seconds
{Heap before GC invocations=397 (full 51):
 par new generation   total 109248K, used 109248K [0x00000000e0000000, 0x00000000e8000000, 0x00000000e8000000)
  eden space 87424K, 100% used [0x00000000e0000000, 0x00000000e5560000, 0x00000000e5560000)
  from space 21824K, 100% used [0x00000000e6ab0000, 0x00000000e8000000, 0x00000000e8000000)
  to   space 21824K,   0% used [0x00000000e5560000, 0x00000000e5560000, 0x00000000e6ab0000)
 concurrent mark-sweep generation total 393216K, used 243631K [0x00000000e8000000, 0x0000000100000000, 0x0000000100000000)
 Metaspace       used 43946K, capacity 45165K, committed 45376K, reserved 1089536K
  class space    used 5313K, capacity 5616K, committed 5732K, reserved 1048576K
2019-02-22T17:26:43.982-0700: 81500.348: [GC (Allocation Failure) 2019-02-22T17:26:43.983-0700: 81500.348: [ParNew
Desired survivor size 20112992 bytes, new threshold 8 (max 8)
- age   1:    2371392 bytes,    2371392 total
- age   2:    2457608 bytes,    4829000 total
- age   3:    3715168 bytes,    8544168 total
- age   4:    2444256 bytes,   10988424 total
- age   5:    5168136 bytes,   16156560 total
: 109248K->21824K(109248K), 0.0175473 secs] 352879K->272078K(502464K), 0.0176640 secs] [Times: user=0.06 sys=0.00, real=0.02 secs] 
Heap after GC invocations=398 (full 51):
 par new generation   total 109248K, used 21824K [0x00000000e0000000, 0x00000000e8000000, 0x00000000e8000000)
  eden space 87424K,   0% used [0x00000000e0000000, 0x00000000e0000000, 0x00000000e5560000)
  from space 21824K, 100% used [0x00000000e5560000, 0x00000000e6ab0000, 0x00000000e6ab0000)
  to   space 21824K,   0% used [0x00000000e6ab0000, 0x00000000e6ab0000, 0x00000000e8000000)
 concurrent mark-sweep generation total 393216K, used 250254K [0x00000000e8000000, 0x0000000100000000, 0x0000000100000000)
 Metaspace       used 43946K, capacity 45165K, committed 45376K, reserved 1089536K
  class space    used 5313K, capacity 5616K, committed 5732K, reserved 1048576K
}
2019-02-22T17:26:44.000-0700: 81500.365: Total time for which application threads were stopped: 0.0181220 seconds, Stopping threads took: 0.0000838 seconds
2019-02-22T17:26:44.000-0700: 81500.366: [GC (CMS Initial Mark) [1 CMS-initial-mark: 250254K(393216K)] 273536K(502464K), 0.0026798 secs] [Times: user=0.00 sys=0.00, real=0.00 secs] 
2019-02-22T17:26:44.003-0700: 81500.368: Total time for which application threads were stopped: 0.0029466 seconds, Stopping threads took: 0.0000699 seconds
2019-02-22T17:26:44.003-0700: 81500.369: [CMS-concurrent-mark-start]
2019-02-22T17:26:44.015-0700: 81500.380: Total time for which application threads were stopped: 0.0003316 seconds, Stopping threads took: 0.0000946 seconds
2019-02-22T17:26:44.097-0700: 81500.462: [CMS-concurrent-mark: 0.092/0.094 secs] [Times: user=0.41 sys=0.05, real=0.09 secs] 
2019-02-22T17:26:44.097-0700: 81500.462: [CMS-concurrent-preclean-start]
2019-02-22T17:26:44.101-0700: 81500.467: [CMS-concurrent-preclean: 0.004/0.005 secs] [Times: user=0.00 sys=0.00, real=0.00 secs] 
2019-02-22T17:26:44.101-0700: 81500.467: [CMS-concurrent-abortable-preclean-start]
{Heap before GC invocations=398 (full 52):
 par new generation   total 109248K, used 109248K [0x00000000e0000000, 0x00000000e8000000, 0x00000000e8000000)
  eden space 87424K, 100% used [0x00000000e0000000, 0x00000000e5560000, 0x00000000e5560000)
  from space 21824K, 100% used [0x00000000e5560000, 0x00000000e6ab0000, 0x00000000e6ab0000)
  to   space 21824K,   0% used [0x00000000e6ab0000, 0x00000000e6ab0000, 0x00000000e8000000)
 concurrent mark-sweep generation total 393216K, used 250254K [0x00000000e8000000, 0x0000000100000000, 0x0000000100000000)
 Metaspace       used 43950K, capacity 45165K, committed 45376K, reserved 1089536K
  class space    used 5313K, capacity 5616K, committed 5732K, reserved 1048576K
2019-02-22T17:26:44.181-0700: 81500.547: [GC (Allocation Failure) 2019-02-22T17:26:44.181-0700: 81500.547: [ParNew
Desired survivor size 20112992 bytes, new threshold 8 (max 8)
- age   1:    4000288 bytes,    4000288 total
- age   2:    1853272 bytes,    5853560 total
- age   3:    2305240 bytes,    8158800 total
- age   4:    3699912 bytes,   11858712 total
- age   5:    2444016 bytes,   14302728 total
- age   6:    5200920 bytes,   19503648 total
: 109248K->21824K(109248K), 0.0151523 secs] 359502K->272769K(502464K), 0.0152299 secs] [Times: user=0.06 sys=0.00, real=0.02 secs] 
Heap after GC invocations=399 (full 52):
 par new generation   total 109248K, used 21824K [0x00000000e0000000, 0x00000000e8000000, 0x00000000e8000000)
  eden space 87424K,   0% used [0x00000000e0000000, 0x00000000e0000000, 0x00000000e5560000)
  from space 21824K, 100% used [0x00000000e6ab0000, 0x00000000e8000000, 0x00000000e8000000)
  to   space 21824K,   0% used [0x00000000e5560000, 0x00000000e5560000, 0x00000000e6ab0000)
 concurrent mark-sweep generation total 393216K, used 250945K [0x00000000e8000000, 0x0000000100000000, 0x0000000100000000)
 Metaspace       used 43950K, capacity 45165K, committed 45376K, reserved 1089536K
  class space    used 5313K, capacity 5616K, committed 5732K, reserved 1048576K
}
2019-02-22T17:26:44.197-0700: 81500.562: Total time for which application threads were stopped: 0.0154957 seconds, Stopping threads took: 0.0000242 seconds
2019-02-22T17:26:44.299-0700: 81500.664: [CMS-concurrent-abortable-preclean: 0.180/0.197 secs] [Times: user=0.45 sys=0.02, real=0.20 secs] 
2019-02-22T17:26:44.299-0700: 81500.664: [GC (CMS Final Remark) [YG occupancy: 91590 K (109248 K)]{Heap before GC invocations=399 (full 52):
 par new generation   total 109248K, used 91590K [0x00000000e0000000, 0x00000000e8000000, 0x00000000e8000000)
  eden space 87424K,  79% used [0x00000000e0000000, 0x00000000e4421b20, 0x00000000e5560000)
  from space 21824K, 100% used [0x00000000e6ab0000, 0x00000000e8000000, 0x00000000e8000000)
  to   space 21824K,   0% used [0x00000000e5560000, 0x00000000e5560000, 0x00000000e6ab0000)
 concurrent mark-sweep generation total 393216K, used 250945K [0x00000000e8000000, 0x0000000100000000, 0x0000000100000000)
 Metaspace       used 43950K, capacity 45165K, committed 45376K, reserved 1089536K
  class space    used 5313K, capacity 5616K, committed 5732K, reserved 1048576K
2019-02-22T17:26:44.299-0700: 81500.664: [GC (CMS Final Remark) 2019-02-22T17:26:44.299-0700: 81500.664: [ParNew
Desired survivor size 20112992 bytes, new threshold 8 (max 8)
- age   1:     874192 bytes,     874192 total
- age   2:    3465600 bytes,    4339792 total
- age   3:    1853272 bytes,    6193064 total
- age   4:    2303160 bytes,    8496224 total
- age   5:    3699912 bytes,   12196136 total
- age   6:    2444016 bytes,   14640152 total
- age   7:    5200920 bytes,   19841072 total
: 91590K->21824K(109248K), 0.0162832 secs] 342535K->273063K(502464K), 0.0163588 secs] [Times: user=0.06 sys=0.00, real=0.02 secs] 
Heap after GC invocations=400 (full 52):
 par new generation   total 109248K, used 21824K [0x00000000e0000000, 0x00000000e8000000, 0x00000000e8000000)
  eden space 87424K,   0% used [0x00000000e0000000, 0x00000000e0000000, 0x00000000e5560000)
  from space 21824K, 100% used [0x00000000e5560000, 0x00000000e6ab0000, 0x00000000e6ab0000)
  to   space 21824K,   0% used [0x00000000e6ab0000, 0x00000000e6ab0000, 0x00000000e8000000)
 concurrent mark-sweep generation total 393216K, used 251239K [0x00000000e8000000, 0x0000000100000000, 0x0000000100000000)
 Metaspace       used 43950K, capacity 45165K, committed 45376K, reserved 1089536K
  class space    used 5313K, capacity 5616K, committed 5732K, reserved 1048576K
}
2019-02-22T17:26:44.315-0700: 81500.681: [Rescan (parallel) , 0.0083621 secs]2019-02-22T17:26:44.324-0700: 81500.689: [weak refs processing, 0.0004308 secs]2019-02-22T17:26:44.324-0700: 81500.689: [class unloading, 0.0102369 secs]2019-02-22T17:26:44.334-0700: 81500.700: [scrub symbol table, 0.0086541 secs]2019-02-22T17:26:44.343-0700: 81500.708: [scrub string table, 0.0004776 secs][1 CMS-remark: 251239K(393216K)] 273063K(502464K), 0.0450066 secs] [Times: user=0.09 sys=0.00, real=0.05 secs] 
2019-02-22T17:26:44.344-0700: 81500.709: Total time for which application threads were stopped: 0.0452836 seconds, Stopping threads took: 0.0000961 seconds
2019-02-22T17:26:44.344-0700: 81500.709: [CMS-concurrent-sweep-start]
2019-02-22T17:26:44.423-0700: 81500.788: [CMS-concurrent-sweep: 0.079/0.079 secs] [Times: user=0.20 sys=0.01, real=0.08 secs] 
2019-02-22T17:26:44.423-0700: 81500.788: [CMS-concurrent-reset-start]
2019-02-22T17:26:44.423-0700: 81500.789: [CMS-concurrent-reset: 0.001/0.001 secs] [Times: user=0.00 sys=0.00, real=0.00 secs] 
{Heap before GC invocations=400 (full 52):
 par new generation   total 109248K, used 109248K [0x00000000e0000000, 0x00000000e8000000, 0x00000000e8000000)
  eden space 87424K, 100% used [0x00000000e0000000, 0x00000000e5560000, 0x00000000e5560000)
  from space 21824K, 100% used [0x00000000e5560000, 0x00000000e6ab0000, 0x00000000e6ab0000)
  to   space 21824K,   0% used [0x00000000e6ab0000, 0x00000000e6ab0000, 0x00000000e8000000)
 concurrent mark-sweep generation total 393216K, used 235084K [0x00000000e8000000, 0x0000000100000000, 0x0000000100000000)
 Metaspace       used 43950K, capacity 45165K, committed 45376K, reserved 1089536K
  class space    used 5313K, capacity 5616K, committed 5732K, reserved 1048576K
2019-02-22T17:26:44.478-0700: 81500.843: [GC (Allocation Failure) 2019-02-22T17:26:44.478-0700: 81500.843: [ParNew
Desired survivor size 20112992 bytes, new threshold 8 (max 8)
- age   1:    2069112 bytes,    2069112 total
- age   2:     124000 bytes,    2193112 total
- age   3:    3322112 bytes,    5515224 total
- age   4:    1760240 bytes,    7275464 total
- age   5:    2165816 bytes,    9441280 total
- age   6:    3360384 bytes,   12801664 total
- age   7:    2327776 bytes,   15129440 total
- age   8:    5062744 bytes,   20192184 total
: 109248K->21824K(109248K), 0.0148135 secs] 344332K->257030K(502464K), 0.0148912 secs] [Times: user=0.06 sys=0.00, real=0.02 secs] 
Heap after GC invocations=401 (full 52):
 par new generation   total 109248K, used 21824K [0x00000000e0000000, 0x00000000e8000000, 0x00000000e8000000)
  eden space 87424K,   0% used [0x00000000e0000000, 0x00000000e0000000, 0x00000000e5560000)
  from space 21824K, 100% used [0x00000000e6ab0000, 0x00000000e8000000, 0x00000000e8000000)
  to   space 21824K,   0% used [0x00000000e5560000, 0x00000000e5560000, 0x00000000e6ab0000)
 concurrent mark-sweep generation total 393216K, used 235206K [0x00000000e8000000, 0x0000000100000000, 0x0000000100000000)
 Metaspace       used 43950K, capacity 45165K, committed 45376K, reserved 1089536K
  class space    used 5313K, capacity 5616K, committed 5732K, reserved 1048576K
}
2019-02-22T17:26:44.493-0700: 81500.858: Total time for which application threads were stopped: 0.0152495 seconds, Stopping threads took: 0.0000812 seconds
2019-02-22T17:26:44.493-0700: 81500.859: [GC (CMS Initial Mark) [1 CMS-initial-mark: 235206K(393216K)] 257222K(502464K), 0.0053359 secs] [Times: user=0.00 sys=0.00, real=0.00 secs] 
2019-02-22T17:26:44.498-0700: 81500.864: Total time for which application threads were stopped: 0.0055883 seconds, Stopping threads took: 0.0000884 seconds
2019-02-22T17:26:44.498-0700: 81500.864: [CMS-concurrent-mark-start]
2019-02-22T17:26:44.575-0700: 81500.941: [CMS-concurrent-mark: 0.077/0.077 secs] [Times: user=0.44 sys=0.03, real=0.08 secs] 
2019-02-22T17:26:44.575-0700: 81500.941: [CMS-concurrent-preclean-start]
2019-02-22T17:26:44.580-0700: 81500.946: [CMS-concurrent-preclean: 0.005/0.005 secs] [Times: user=0.05 sys=0.00, real=0.00 secs] 
2019-02-22T17:26:44.580-0700: 81500.946: [CMS-concurrent-abortable-preclean-start]
{Heap before GC invocations=401 (full 53):
 par new generation   total 109248K, used 109248K [0x00000000e0000000, 0x00000000e8000000, 0x00000000e8000000)
  eden space 87424K, 100% used [0x00000000e0000000, 0x00000000e5560000, 0x00000000e5560000)
  from space 21824K, 100% used [0x00000000e6ab0000, 0x00000000e8000000, 0x00000000e8000000)
  to   space 21824K,   0% used [0x00000000e5560000, 0x00000000e5560000, 0x00000000e6ab0000)
 concurrent mark-sweep generation total 393216K, used 235206K [0x00000000e8000000, 0x0000000100000000, 0x0000000100000000)
 Metaspace       used 43950K, capacity 45165K, committed 45376K, reserved 1089536K
  class space    used 5313K, capacity 5616K, committed 5732K, reserved 1048576K
2019-02-22T17:26:44.646-0700: 81501.011: [GC (Allocation Failure) 2019-02-22T17:26:44.646-0700: 81501.011: [ParNew
Desired survivor size 20112992 bytes, new threshold 8 (max 8)
- age   1:    2004864 bytes,    2004864 total
- age   2:    1141560 bytes,    3146424 total
- age   3:     121840 bytes,    3268264 total
- age   4:    3317296 bytes,    6585560 total
- age   5:    1760240 bytes,    8345800 total
- age   6:    2128248 bytes,   10474048 total
- age   7:    3360288 bytes,   13834336 total
- age   8:    2327776 bytes,   16162112 total
: 109248K->21824K(109248K), 0.0126956 secs] 344454K->261977K(502464K), 0.0127794 secs] [Times: user=0.06 sys=0.00, real=0.01 secs] 
Heap after GC invocations=402 (full 53):
 par new generation   total 109248K, used 21824K [0x00000000e0000000, 0x00000000e8000000, 0x00000000e8000000)
  eden space 87424K,   0% used [0x00000000e0000000, 0x00000000e0000000, 0x00000000e5560000)
  from space 21824K, 100% used [0x00000000e5560000, 0x00000000e6ab0000, 0x00000000e6ab0000)
  to   space 21824K,   0% used [0x00000000e6ab0000, 0x00000000e6ab0000, 0x00000000e8000000)
 concurrent mark-sweep generation total 393216K, used 240153K [0x00000000e8000000, 0x0000000100000000, 0x0000000100000000)
 Metaspace       used 43950K, capacity 45165K, committed 45376K, reserved 1089536K
  class space    used 5313K, capacity 5616K, committed 5732K, reserved 1048576K
}
2019-02-22T17:26:44.659-0700: 81501.024: Total time for which application threads were stopped: 0.0131084 seconds, Stopping threads took: 0.0000540 seconds
2019-02-22T17:26:44.751-0700: 81501.116: [CMS-concurrent-abortable-preclean: 0.155/0.170 secs] [Times: user=0.50 sys=0.00, real=0.17 secs] 
2019-02-22T17:26:44.751-0700: 81501.116: [GC (CMS Final Remark) [YG occupancy: 93936 K (109248 K)]{Heap before GC invocations=402 (full 53):
 par new generation   total 109248K, used 93936K [0x00000000e0000000, 0x00000000e8000000, 0x00000000e8000000)
  eden space 87424K,  82% used [0x00000000e0000000, 0x00000000e466c000, 0x00000000e5560000)
  from space 21824K, 100% used [0x00000000e5560000, 0x00000000e6ab0000, 0x00000000e6ab0000)
  to   space 21824K,   0% used [0x00000000e6ab0000, 0x00000000e6ab0000, 0x00000000e8000000)
 concurrent mark-sweep generation total 393216K, used 240153K [0x00000000e8000000, 0x0000000100000000, 0x0000000100000000)
 Metaspace       used 43950K, capacity 45165K, committed 45376K, reserved 1089536K
  class space    used 5313K, capacity 5616K, committed 5732K, reserved 1048576K
2019-02-22T17:26:44.751-0700: 81501.116: [GC (CMS Final Remark) 2019-02-22T17:26:44.751-0700: 81501.116: [ParNew
Desired survivor size 20112992 bytes, new threshold 8 (max 8)
- age   1:    2294944 bytes,    2294944 total
- age   2:     824632 bytes,    3119576 total
- age   3:     999392 bytes,    4118968 total
- age   4:     121744 bytes,    4240712 total
- age   5:    3316240 bytes,    7556952 total
- age   6:    1760240 bytes,    9317192 total
- age   7:    2102480 bytes,   11419672 total
- age   8:    3393072 bytes,   14812744 total
: 93936K->21824K(109248K), 0.0116644 secs] 334089K->264250K(502464K), 0.0117143 secs] [Times: user=0.00 sys=0.00, real=0.01 secs] 
Heap after GC invocations=403 (full 53):
 par new generation   total 109248K, used 21824K [0x00000000e0000000, 0x00000000e8000000, 0x00000000e8000000)
  eden space 87424K,   0% used [0x00000000e0000000, 0x00000000e0000000, 0x00000000e5560000)
  from space 21824K, 100% used [0x00000000e6ab0000, 0x00000000e8000000, 0x00000000e8000000)
  to   space 21824K,   0% used [0x00000000e5560000, 0x00000000e5560000, 0x00000000e6ab0000)
 concurrent mark-sweep generation total 393216K, used 242426K [0x00000000e8000000, 0x0000000100000000, 0x0000000100000000)
 Metaspace       used 43950K, capacity 45165K, committed 45376K, reserved 1089536K
  class space    used 5313K, capacity 5616K, committed 5732K, reserved 1048576K
}
2019-02-22T17:26:44.763-0700: 81501.128: [Rescan (parallel) , 0.0064319 secs]2019-02-22T17:26:44.769-0700: 81501.134: [weak refs processing, 0.0004853 secs]2019-02-22T17:26:44.770-0700: 81501.135: [class unloading, 0.0139535 secs]2019-02-22T17:26:44.783-0700: 81501.149: [scrub symbol table, 0.0096437 secs]2019-02-22T17:26:44.793-0700: 81501.158: [scrub string table, 0.0004955 secs][1 CMS-remark: 242426K(393216K)] 264250K(502464K), 0.0431133 secs] [Times: user=0.08 sys=0.00, real=0.04 secs] 
2019-02-22T17:26:44.793-0700: 81501.159: Total time for which application threads were stopped: 0.0433996 seconds, Stopping threads took: 0.0000925 seconds
2019-02-22T17:26:44.793-0700: 81501.159: [CMS-concurrent-sweep-start]
{Heap before GC invocations=403 (full 53):
 par new generation   total 109248K, used 109248K [0x00000000e0000000, 0x00000000e8000000, 0x00000000e8000000)
  eden space 87424K, 100% used [0x00000000e0000000, 0x00000000e5560000, 0x00000000e5560000)
  from space 21824K, 100% used [0x00000000e6ab0000, 0x00000000e8000000, 0x00000000e8000000)
  to   space 21824K,   0% used [0x00000000e5560000, 0x00000000e5560000, 0x00000000e6ab0000)
 concurrent mark-sweep generation total 393216K, used 242299K [0x00000000e8000000, 0x0000000100000000, 0x0000000100000000)
 Metaspace       used 43950K, capacity 45165K, committed 45376K, reserved 1089536K
  class space    used 5313K, capacity 5616K, committed 5732K, reserved 1048576K
2019-02-22T17:26:44.838-0700: 81501.204: [GC (Allocation Failure) 2019-02-22T17:26:44.838-0700: 81501.204: [ParNew
Desired survivor size 20112992 bytes, new threshold 7 (max 8)
- age   1:   14158960 bytes,   14158960 total
- age   2:     928384 bytes,   15087344 total
- age   3:     566936 bytes,   15654280 total
- age   4:     693040 bytes,   16347320 total
- age   5:      69952 bytes,   16417272 total
- age   6:    2055768 bytes,   18473040 total
- age   7:    1756856 bytes,   20229896 total
- age   8:    2050056 bytes,   22279952 total
: 109248K->21824K(109248K), 0.0349424 secs] 351547K->296978K(502464K), 0.0350375 secs] [Times: user=0.13 sys=0.00, real=0.04 secs] 
Heap after GC invocations=404 (full 53):
 par new generation   total 109248K, used 21824K [0x00000000e0000000, 0x00000000e8000000, 0x00000000e8000000)
  eden space 87424K,   0% used [0x00000000e0000000, 0x00000000e0000000, 0x00000000e5560000)
  from space 21824K, 100% used [0x00000000e5560000, 0x00000000e6ab0000, 0x00000000e6ab0000)
  to   space 21824K,   0% used [0x00000000e6ab0000, 0x00000000e6ab0000, 0x00000000e8000000)
 concurrent mark-sweep generation total 393216K, used 275154K [0x00000000e8000000, 0x0000000100000000, 0x0000000100000000)
 Metaspace       used 43950K, capacity 45165K, committed 45376K, reserved 1089536K
  class space    used 5313K, capacity 5616K, committed 5732K, reserved 1048576K
}
2019-02-22T17:26:44.874-0700: 81501.239: Total time for which application threads were stopped: 0.0355521 seconds, Stopping threads took: 0.0000740 seconds
{Heap before GC invocations=404 (full 53):
 par new generation   total 109248K, used 108870K [0x00000000e0000000, 0x00000000e8000000, 0x00000000e8000000)
  eden space 87424K,  99% used [0x00000000e0000000, 0x00000000e5501918, 0x00000000e5560000)
  from space 21824K, 100% used [0x00000000e5560000, 0x00000000e6ab0000, 0x00000000e6ab0000)
  to   space 21824K,   0% used [0x00000000e6ab0000, 0x00000000e6ab0000, 0x00000000e8000000)
 concurrent mark-sweep generation total 393216K, used 275045K [0x00000000e8000000, 0x0000000100000000, 0x0000000100000000)
 Metaspace       used 43950K, capacity 45165K, committed 45376K, reserved 1089536K
  class space    used 5313K, capacity 5616K, committed 5732K, reserved 1048576K
2019-02-22T17:26:44.891-0700: 81501.256: [GC (Allocation Failure) 2019-02-22T17:26:44.891-0700: 81501.256: [ParNew
Desired survivor size 20112992 bytes, new threshold 8 (max 8)
- age   1:    1498800 bytes,    1498800 total
- age   2:   13157056 bytes,   14655856 total
- age   3:     888480 bytes,   15544336 total
- age   4:     566872 bytes,   16111208 total
- age   5:     681984 bytes,   16793192 total
- age   6:      68768 bytes,   16861960 total
- age   7:    2053272 bytes,   18915232 total
: 108870K->21824K(109248K), 0.0168096 secs] 383915K->300847K(502464K), 0.0168944 secs] [Times: user=0.06 sys=0.00, real=0.02 secs] 
Heap after GC invocations=405 (full 53):
 par new generation   total 109248K, used 21824K [0x00000000e0000000, 0x00000000e8000000, 0x00000000e8000000)
  eden space 87424K,   0% used [0x00000000e0000000, 0x00000000e0000000, 0x00000000e5560000)
  from space 21824K, 100% used [0x00000000e6ab0000, 0x00000000e8000000, 0x00000000e8000000)
  to   space 21824K,   0% used [0x00000000e5560000, 0x00000000e5560000, 0x00000000e6ab0000)
 concurrent mark-sweep generation total 393216K, used 279023K [0x00000000e8000000, 0x0000000100000000, 0x0000000100000000)
 Metaspace       used 43950K, capacity 45165K, committed 45376K, reserved 1089536K
  class space    used 5313K, capacity 5616K, committed 5732K, reserved 1048576K
}
2019-02-22T17:26:44.908-0700: 81501.273: Total time for which application threads were stopped: 0.0173473 seconds, Stopping threads took: 0.0000833 seconds
{Heap before GC invocations=405 (full 53):
 par new generation   total 109248K, used 109182K [0x00000000e0000000, 0x00000000e8000000, 0x00000000e8000000)
  eden space 87424K,  99% used [0x00000000e0000000, 0x00000000e554f9e8, 0x00000000e5560000)
  from space 21824K, 100% used [0x00000000e6ab0000, 0x00000000e8000000, 0x00000000e8000000)
  to   space 21824K,   0% used [0x00000000e5560000, 0x00000000e5560000, 0x00000000e6ab0000)
 concurrent mark-sweep generation total 393216K, used 278968K [0x00000000e8000000, 0x0000000100000000, 0x0000000100000000)
 Metaspace       used 43950K, capacity 45165K, committed 45376K, reserved 1089536K
  class space    used 5313K, capacity 5616K, committed 5732K, reserved 1048576K
2019-02-22T17:26:44.919-0700: 81501.285: [GC (Allocation Failure) 2019-02-22T17:26:44.919-0700: 81501.285: [ParNew
Desired survivor size 20112992 bytes, new threshold 8 (max 8)
- age   1:    2503760 bytes,    2503760 total
- age   2:     572400 bytes,    3076160 total
- age   3:   11654912 bytes,   14731072 total
- age   4:     714368 bytes,   15445440 total
- age   5:     538688 bytes,   15984128 total
- age   6:     672368 bytes,   16656496 total
- age   7:      68688 bytes,   16725184 total
- age   8:    1975448 bytes,   18700632 total
: 109182K->21824K(109248K), 0.0129362 secs] 388150K->302576K(502464K), 0.0130282 secs] [Times: user=0.06 sys=0.00, real=0.01 secs] 
Heap after GC invocations=406 (full 53):
 par new generation   total 109248K, used 21824K [0x00000000e0000000, 0x00000000e8000000, 0x00000000e8000000)
  eden space 87424K,   0% used [0x00000000e0000000, 0x00000000e0000000, 0x00000000e5560000)
  from space 21824K, 100% used [0x00000000e5560000, 0x00000000e6ab0000, 0x00000000e6ab0000)
  to   space 21824K,   0% used [0x00000000e6ab0000, 0x00000000e6ab0000, 0x00000000e8000000)
 concurrent mark-sweep generation total 393216K, used 280752K [0x00000000e8000000, 0x0000000100000000, 0x0000000100000000)
 Metaspace       used 43950K, capacity 45165K, committed 45376K, reserved 1089536K
  class space    used 5313K, capacity 5616K, committed 5732K, reserved 1048576K
}
2019-02-22T17:26:44.932-0700: 81501.298: Total time for which application threads were stopped: 0.0135998 seconds, Stopping threads took: 0.0001892 seconds
{Heap before GC invocations=406 (full 53):
 par new generation   total 109248K, used 108779K [0x00000000e0000000, 0x00000000e8000000, 0x00000000e8000000)
  eden space 87424K,  99% used [0x00000000e0000000, 0x00000000e54eade0, 0x00000000e5560000)
  from space 21824K, 100% used [0x00000000e5560000, 0x00000000e6ab0000, 0x00000000e6ab0000)
  to   space 21824K,   0% used [0x00000000e6ab0000, 0x00000000e6ab0000, 0x00000000e8000000)
 concurrent mark-sweep generation total 393216K, used 280654K [0x00000000e8000000, 0x0000000100000000, 0x0000000100000000)
 Metaspace       used 43950K, capacity 45165K, committed 45376K, reserved 1089536K
  class space    used 5313K, capacity 5616K, committed 5732K, reserved 1048576K
2019-02-22T17:26:44.949-0700: 81501.314: [GC (Allocation Failure) 2019-02-22T17:26:44.949-0700: 81501.314: [ParNew
Desired survivor size 20112992 bytes, new threshold 8 (max 8)
- age   1:    1333240 bytes,    1333240 total
- age   2:     493656 bytes,    1826896 total
- age   3:     408080 bytes,    2234976 total
- age   4:    9683784 bytes,   11918760 total
- age   5:     537096 bytes,   12455856 total
- age   6:     537720 bytes,   12993576 total
- age   7:     672368 bytes,   13665944 total
- age   8:      68688 bytes,   13734632 total
: 108779K->21824K(109248K), 0.0156982 secs] 389434K->306449K(502464K), 0.0158021 secs] [Times: user=0.06 sys=0.00, real=0.02 secs] 
Heap after GC invocations=407 (full 53):
 par new generation   total 109248K, used 21824K [0x00000000e0000000, 0x00000000e8000000, 0x00000000e8000000)
  eden space 87424K,   0% used [0x00000000e0000000, 0x00000000e0000000, 0x00000000e5560000)
  from space 21824K, 100% used [0x00000000e6ab0000, 0x00000000e8000000, 0x00000000e8000000)
  to   space 21824K,   0% used [0x00000000e5560000, 0x00000000e5560000, 0x00000000e6ab0000)
 concurrent mark-sweep generation total 393216K, used 284625K [0x00000000e8000000, 0x0000000100000000, 0x0000000100000000)
 Metaspace       used 43950K, capacity 45165K, committed 45376K, reserved 1089536K
  class space    used 5313K, capacity 5616K, committed 5732K, reserved 1048576K
}
2019-02-22T17:26:44.965-0700: 81501.330: Total time for which application threads were stopped: 0.0165017 seconds, Stopping threads took: 0.0001069 seconds
2019-02-22T17:26:44.978-0700: 81501.343: [CMS-concurrent-sweep: 0.101/0.184 secs] [Times: user=0.84 sys=0.03, real=0.18 secs] 
2019-02-22T17:26:44.978-0700: 81501.343: [CMS-concurrent-reset-start]
2019-02-22T17:26:44.979-0700: 81501.344: [CMS-concurrent-reset: 0.001/0.001 secs] [Times: user=0.00 sys=0.00, real=0.00 secs] 
{Heap before GC invocations=407 (full 53):
 par new generation   total 109248K, used 108887K [0x00000000e0000000, 0x00000000e8000000, 0x00000000e8000000)
  eden space 87424K,  99% used [0x00000000e0000000, 0x00000000e5505e20, 0x00000000e5560000)
  from space 21824K, 100% used [0x00000000e6ab0000, 0x00000000e8000000, 0x00000000e8000000)
  to   space 21824K,   0% used [0x00000000e5560000, 0x00000000e5560000, 0x00000000e6ab0000)
 concurrent mark-sweep generation total 393216K, used 284512K [0x00000000e8000000, 0x0000000100000000, 0x0000000100000000)
 Metaspace       used 43950K, capacity 45165K, committed 45376K, reserved 1089536K
  class space    used 5313K, capacity 5616K, committed 5732K, reserved 1048576K
2019-02-22T17:26:44.980-0700: 81501.345: [GC (Allocation Failure) 2019-02-22T17:26:44.980-0700: 81501.345: [ParNew
Desired survivor size 20112992 bytes, new threshold 8 (max 8)
- age   1:     459776 bytes,     459776 total
- age   2:     348736 bytes,     808512 total
- age   3:     473400 bytes,    1281912 total
- age   4:     378448 bytes,    1660360 total
- age   5:    9682664 bytes,   11343024 total
- age   6:     569880 bytes,   11912904 total
- age   7:     537720 bytes,   12450624 total
- age   8:     672368 bytes,   13122992 total
: 108887K->15830K(109248K), 0.0119939 secs] 393400K->300410K(502464K), 0.0120659 secs] [Times: user=0.06 sys=0.00, real=0.01 secs] 
Heap after GC invocations=408 (full 53):
 par new generation   total 109248K, used 15830K [0x00000000e0000000, 0x00000000e8000000, 0x00000000e8000000)
  eden space 87424K,   0% used [0x00000000e0000000, 0x00000000e0000000, 0x00000000e5560000)
  from space 21824K,  72% used [0x00000000e5560000, 0x00000000e64d5a80, 0x00000000e6ab0000)
  to   space 21824K,   0% used [0x00000000e6ab0000, 0x00000000e6ab0000, 0x00000000e8000000)
 concurrent mark-sweep generation total 393216K, used 284579K [0x00000000e8000000, 0x0000000100000000, 0x0000000100000000)
 Metaspace       used 43950K, capacity 45165K, committed 45376K, reserved 1089536K
  class space    used 5313K, capacity 5616K, committed 5732K, reserved 1048576K
}
2019-02-22T17:26:44.992-0700: 81501.357: Total time for which application threads were stopped: 0.0125085 seconds, Stopping threads took: 0.0000936 seconds
2019-02-22T17:26:44.992-0700: 81501.357: [GC (CMS Initial Mark) [1 CMS-initial-mark: 284579K(393216K)] 301754K(502464K), 0.0021107 secs] [Times: user=0.00 sys=0.00, real=0.00 secs] 
2019-02-22T17:26:44.994-0700: 81501.360: Total time for which application threads were stopped: 0.0024412 seconds, Stopping threads took: 0.0001023 seconds
2019-02-22T17:26:44.994-0700: 81501.360: [CMS-concurrent-mark-start]
2019-02-22T17:26:45.093-0700: 81501.458: [CMS-concurrent-mark: 0.099/0.099 secs] [Times: user=0.58 sys=0.00, real=0.10 secs] 
2019-02-22T17:26:45.093-0700: 81501.458: [CMS-concurrent-preclean-start]
{Heap before GC invocations=408 (full 54):
 par new generation   total 109248K, used 103254K [0x00000000e0000000, 0x00000000e8000000, 0x00000000e8000000)
  eden space 87424K, 100% used [0x00000000e0000000, 0x00000000e5560000, 0x00000000e5560000)
  from space 21824K,  72% used [0x00000000e5560000, 0x00000000e64d5a80, 0x00000000e6ab0000)
  to   space 21824K,   0% used [0x00000000e6ab0000, 0x00000000e6ab0000, 0x00000000e8000000)
 concurrent mark-sweep generation total 393216K, used 284579K [0x00000000e8000000, 0x0000000100000000, 0x0000000100000000)
 Metaspace       used 43950K, capacity 45165K, committed 45376K, reserved 1089536K
  class space    used 5313K, capacity 5616K, committed 5732K, reserved 1048576K
2019-02-22T17:26:45.095-0700: 81501.460: [GC (Allocation Failure) 2019-02-22T17:26:45.095-0700: 81501.461: [ParNew
Desired survivor size 20112992 bytes, new threshold 8 (max 8)
- age   1:    3308456 bytes,    3308456 total
- age   2:     153816 bytes,    3462272 total
- age   3:     306600 bytes,    3768872 total
- age   4:     442192 bytes,    4211064 total
- age   5:     355488 bytes,    4566552 total
- age   6:    9682056 bytes,   14248608 total
- age   7:     537096 bytes,   14785704 total
- age   8:     537720 bytes,   15323424 total
: 103254K->20241K(109248K), 0.0092304 secs] 387834K->305477K(502464K), 0.0092951 secs] [Times: user=0.00 sys=0.00, real=0.01 secs] 
Heap after GC invocations=409 (full 54):
 par new generation   total 109248K, used 20241K [0x00000000e0000000, 0x00000000e8000000, 0x00000000e8000000)
  eden space 87424K,   0% used [0x00000000e0000000, 0x00000000e0000000, 0x00000000e5560000)
  from space 21824K,  92% used [0x00000000e6ab0000, 0x00000000e7e744d8, 0x00000000e8000000)
  to   space 21824K,   0% used [0x00000000e5560000, 0x00000000e5560000, 0x00000000e6ab0000)
 concurrent mark-sweep generation total 393216K, used 285236K [0x00000000e8000000, 0x0000000100000000, 0x0000000100000000)
 Metaspace       used 43950K, capacity 45165K, committed 45376K, reserved 1089536K
  class space    used 5313K, capacity 5616K, committed 5732K, reserved 1048576K
}
2019-02-22T17:26:45.105-0700: 81501.470: Total time for which application threads were stopped: 0.0095990 seconds, Stopping threads took: 0.0000601 seconds
2019-02-22T17:26:45.106-0700: 81501.471: [CMS-concurrent-preclean: 0.003/0.012 secs] [Times: user=0.06 sys=0.00, real=0.01 secs] 
2019-02-22T17:26:45.106-0700: 81501.471: [CMS-concurrent-abortable-preclean-start]
{Heap before GC invocations=409 (full 54):
 par new generation   total 109248K, used 107665K [0x00000000e0000000, 0x00000000e8000000, 0x00000000e8000000)
  eden space 87424K, 100% used [0x00000000e0000000, 0x00000000e5560000, 0x00000000e5560000)
  from space 21824K,  92% used [0x00000000e6ab0000, 0x00000000e7e744d8, 0x00000000e8000000)
  to   space 21824K,   0% used [0x00000000e5560000, 0x00000000e5560000, 0x00000000e6ab0000)
 concurrent mark-sweep generation total 393216K, used 285236K [0x00000000e8000000, 0x0000000100000000, 0x0000000100000000)
 Metaspace       used 43950K, capacity 45165K, committed 45376K, reserved 1089536K
  class space    used 5313K, capacity 5616K, committed 5732K, reserved 1048576K
2019-02-22T17:26:45.148-0700: 81501.513: [GC (Allocation Failure) 2019-02-22T17:26:45.148-0700: 81501.513: [ParNew
Desired survivor size 20112992 bytes, new threshold 8 (max 8)
- age   1:    1824736 bytes,    1824736 total
- age   2:    2890560 bytes,    4715296 total
- age   3:     133600 bytes,    4848896 total
- age   4:     306432 bytes,    5155328 total
- age   5:     435632 bytes,    5590960 total
- age   6:     347248 bytes,    5938208 total
- age   7:    9705216 bytes,   15643424 total
- age   8:     537096 bytes,   16180520 total
: 107665K->19132K(109248K), 0.0119667 secs] 392901K->304894K(502464K), 0.0120582 secs] [Times: user=0.06 sys=0.00, real=0.01 secs] 
Heap after GC invocations=410 (full 54):
 par new generation   total 109248K, used 19132K [0x00000000e0000000, 0x00000000e8000000, 0x00000000e8000000)
  eden space 87424K,   0% used [0x00000000e0000000, 0x00000000e0000000, 0x00000000e5560000)
  from space 21824K,  87% used [0x00000000e5560000, 0x00000000e680f0f8, 0x00000000e6ab0000)
  to   space 21824K,   0% used [0x00000000e6ab0000, 0x00000000e6ab0000, 0x00000000e8000000)
 concurrent mark-sweep generation total 393216K, used 285761K [0x00000000e8000000, 0x0000000100000000, 0x0000000100000000)
 Metaspace       used 43950K, capacity 45165K, committed 45376K, reserved 1089536K
  class space    used 5313K, capacity 5616K, committed 5732K, reserved 1048576K
}
2019-02-22T17:26:45.159-0700: 81501.525: Total time for which application threads were stopped: 0.0125969 seconds, Stopping threads took: 0.0000802 seconds
{Heap before GC invocations=410 (full 54):
 par new generation   total 109248K, used 106556K [0x00000000e0000000, 0x00000000e8000000, 0x00000000e8000000)
  eden space 87424K, 100% used [0x00000000e0000000, 0x00000000e5560000, 0x00000000e5560000)
  from space 21824K,  87% used [0x00000000e5560000, 0x00000000e680f0f8, 0x00000000e6ab0000)
  to   space 21824K,   0% used [0x00000000e6ab0000, 0x00000000e6ab0000, 0x00000000e8000000)
 concurrent mark-sweep generation total 393216K, used 285761K [0x00000000e8000000, 0x0000000100000000, 0x0000000100000000)
 Metaspace       used 43950K, capacity 45165K, committed 45376K, reserved 1089536K
  class space    used 5313K, capacity 5616K, committed 5732K, reserved 1048576K
2019-02-22T17:26:45.198-0700: 81501.563: [GC (Allocation Failure) 2019-02-22T17:26:45.198-0700: 81501.563: [ParNew
Desired survivor size 20112992 bytes, new threshold 8 (max 8)
- age   1:    2430168 bytes,    2430168 total
- age   2:    1546640 bytes,    3976808 total
- age   3:    2727304 bytes,    6704112 total
- age   4:     133360 bytes,    6837472 total
- age   5:     294720 bytes,    7132192 total
- age   6:     435632 bytes,    7567824 total
- age   7:     337912 bytes,    7905736 total
- age   8:    9333456 bytes,   17239192 total
: 106556K->21824K(109248K), 0.0125995 secs] 392318K->308061K(502464K), 0.0126643 secs] [Times: user=0.06 sys=0.00, real=0.01 secs] 
Heap after GC invocations=411 (full 54):
 par new generation   total 109248K, used 21824K [0x00000000e0000000, 0x00000000e8000000, 0x00000000e8000000)
  eden space 87424K,   0% used [0x00000000e0000000, 0x00000000e0000000, 0x00000000e5560000)
  from space 21824K, 100% used [0x00000000e6ab0000, 0x00000000e8000000, 0x00000000e8000000)
  to   space 21824K,   0% used [0x00000000e5560000, 0x00000000e5560000, 0x00000000e6ab0000)
 concurrent mark-sweep generation total 393216K, used 286237K [0x00000000e8000000, 0x0000000100000000, 0x0000000100000000)
 Metaspace       used 43950K, capacity 45165K, committed 45376K, reserved 1089536K
  class space    used 5313K, capacity 5616K, committed 5732K, reserved 1048576K
}
2019-02-22T17:26:45.210-0700: 81501.575: Total time for which application threads were stopped: 0.0130328 seconds, Stopping threads took: 0.0000843 seconds
2019-02-22T17:26:45.210-0700: 81501.575: [CMS-concurrent-abortable-preclean: 0.077/0.105 secs] [Times: user=0.53 sys=0.00, real=0.10 secs] 
2019-02-22T17:26:45.211-0700: 81501.576: [GC (CMS Final Remark) [YG occupancy: 23575 K (109248 K)]{Heap before GC invocations=411 (full 54):
 par new generation   total 109248K, used 23575K [0x00000000e0000000, 0x00000000e8000000, 0x00000000e8000000)
  eden space 87424K,   2% used [0x00000000e0000000, 0x00000000e01b5f78, 0x00000000e5560000)
  from space 21824K, 100% used [0x00000000e6ab0000, 0x00000000e8000000, 0x00000000e8000000)
  to   space 21824K,   0% used [0x00000000e5560000, 0x00000000e5560000, 0x00000000e6ab0000)
 concurrent mark-sweep generation total 393216K, used 286237K [0x00000000e8000000, 0x0000000100000000, 0x0000000100000000)
 Metaspace       used 43950K, capacity 45165K, committed 45376K, reserved 1089536K
  class space    used 5313K, capacity 5616K, committed 5732K, reserved 1048576K
2019-02-22T17:26:45.211-0700: 81501.576: [GC (CMS Final Remark) 2019-02-22T17:26:45.211-0700: 81501.576: [ParNew
Desired survivor size 20112992 bytes, new threshold 8 (max 8)
- age   1:      22656 bytes,      22656 total
- age   2:    2385616 bytes,    2408272 total
- age   3:    1546640 bytes,    3954912 total
- age   4:    2727304 bytes,    6682216 total
- age   5:     133360 bytes,    6815576 total
- age   6:     294720 bytes,    7110296 total
- age   7:     435632 bytes,    7545928 total
- age   8:     337912 bytes,    7883840 total
: 23575K->12251K(109248K), 0.0137854 secs] 309813K->307614K(502464K), 0.0138574 secs] [Times: user=0.06 sys=0.00, real=0.01 secs] 
Heap after GC invocations=412 (full 54):
 par new generation   total 109248K, used 12251K [0x00000000e0000000, 0x00000000e8000000, 0x00000000e8000000)
  eden space 87424K,   0% used [0x00000000e0000000, 0x00000000e0000000, 0x00000000e5560000)
  from space 21824K,  56% used [0x00000000e5560000, 0x00000000e6156eb8, 0x00000000e6ab0000)
  to   space 21824K,   0% used [0x00000000e6ab0000, 0x00000000e6ab0000, 0x00000000e8000000)
 concurrent mark-sweep generation total 393216K, used 295362K [0x00000000e8000000, 0x0000000100000000, 0x0000000100000000)
 Metaspace       used 43950K, capacity 45165K, committed 45376K, reserved 1089536K
  class space    used 5313K, capacity 5616K, committed 5732K, reserved 1048576K
}
2019-02-22T17:26:45.225-0700: 81501.590: [Rescan (parallel) , 0.0074502 secs]2019-02-22T17:26:45.232-0700: 81501.597: [weak refs processing, 0.0008014 secs]2019-02-22T17:26:45.233-0700: 81501.598: [class unloading, 0.0118860 secs]2019-02-22T17:26:45.244-0700: 81501.610: [scrub symbol table, 0.0087857 secs]2019-02-22T17:26:45.253-0700: 81501.619: [scrub string table, 0.0006678 secs][1 CMS-remark: 295362K(393216K)] 307614K(502464K), 0.0439548 secs] [Times: user=0.09 sys=0.00, real=0.04 secs] 
2019-02-22T17:26:45.254-0700: 81501.620: Total time for which application threads were stopped: 0.0442278 seconds, Stopping threads took: 0.0000848 seconds
2019-02-22T17:26:45.254-0700: 81501.620: [CMS-concurrent-sweep-start]
{Heap before GC invocations=412 (full 54):
 par new generation   total 109248K, used 99675K [0x00000000e0000000, 0x00000000e8000000, 0x00000000e8000000)
  eden space 87424K, 100% used [0x00000000e0000000, 0x00000000e5560000, 0x00000000e5560000)
  from space 21824K,  56% used [0x00000000e5560000, 0x00000000e6156eb8, 0x00000000e6ab0000)
  to   space 21824K,   0% used [0x00000000e6ab0000, 0x00000000e6ab0000, 0x00000000e8000000)
 concurrent mark-sweep generation total 393216K, used 285527K [0x00000000e8000000, 0x0000000100000000, 0x0000000100000000)
 Metaspace       used 43950K, capacity 45165K, committed 45376K, reserved 1089536K
  class space    used 5313K, capacity 5616K, committed 5732K, reserved 1048576K
2019-02-22T17:26:45.299-0700: 81501.665: [GC (Allocation Failure) 2019-02-22T17:26:45.299-0700: 81501.665: [ParNew
Desired survivor size 20112992 bytes, new threshold 8 (max 8)
- age   1:    2110200 bytes,    2110200 total
- age   2:        280 bytes,    2110480 total
- age   3:    1226760 bytes,    3337240 total
- age   4:    1339288 bytes,    4676528 total
- age   5:    2750672 bytes,    7427200 total
- age   6:     124184 bytes,    7551384 total
- age   7:     285416 bytes,    7836800 total
- age   8:     132128 bytes,    7968928 total
: 99675K->10937K(109248K), 0.0103562 secs] 385203K->296758K(502464K), 0.0104466 secs] [Times: user=0.00 sys=0.00, real=0.01 secs] 
Heap after GC invocations=413 (full 54):
 par new generation   total 109248K, used 10937K [0x00000000e0000000, 0x00000000e8000000, 0x00000000e8000000)
  eden space 87424K,   0% used [0x00000000e0000000, 0x00000000e0000000, 0x00000000e5560000)
  from space 21824K,  50% used [0x00000000e6ab0000, 0x00000000e755e6f0, 0x00000000e8000000)
  to   space 21824K,   0% used [0x00000000e5560000, 0x00000000e5560000, 0x00000000e6ab0000)
 concurrent mark-sweep generation total 393216K, used 285820K [0x00000000e8000000, 0x0000000100000000, 0x0000000100000000)
 Metaspace       used 43950K, capacity 45165K, committed 45376K, reserved 1089536K
  class space    used 5313K, capacity 5616K, committed 5732K, reserved 1048576K
}
2019-02-22T17:26:45.310-0700: 81501.675: Total time for which application threads were stopped: 0.0110080 seconds, Stopping threads took: 0.0001403 seconds
2019-02-22T17:26:45.336-0700: 81501.702: Total time for which application threads were stopped: 0.0002858 seconds, Stopping threads took: 0.0000864 seconds
{Heap before GC invocations=413 (full 54):
 par new generation   total 109248K, used 98361K [0x00000000e0000000, 0x00000000e8000000, 0x00000000e8000000)
  eden space 87424K, 100% used [0x00000000e0000000, 0x00000000e5560000, 0x00000000e5560000)
  from space 21824K,  50% used [0x00000000e6ab0000, 0x00000000e755e6f0, 0x00000000e8000000)
  to   space 21824K,   0% used [0x00000000e5560000, 0x00000000e5560000, 0x00000000e6ab0000)
 concurrent mark-sweep generation total 393216K, used 268721K [0x00000000e8000000, 0x0000000100000000, 0x0000000100000000)
 Metaspace       used 43954K, capacity 45165K, committed 45376K, reserved 1089536K
  class space    used 5313K, capacity 5616K, committed 5732K, reserved 1048576K
2019-02-22T17:26:45.351-0700: 81501.717: [GC (Allocation Failure) 2019-02-22T17:26:45.351-0700: 81501.717: [ParNew
Desired survivor size 20112992 bytes, new threshold 8 (max 8)
- age   1:    2437128 bytes,    2437128 total
- age   2:    1213312 bytes,    3650440 total
- age   4:    1044664 bytes,    4695104 total
- age   5:     796296 bytes,    5491400 total
- age   6:    2716640 bytes,    8208040 total
- age   7:     124088 bytes,    8332128 total
- age   8:     285416 bytes,    8617544 total
: 98361K->10000K(109248K), 0.0068837 secs] 367083K->278850K(502464K), 0.0069824 secs] [Times: user=0.00 sys=0.00, real=0.01 secs] 
Heap after GC invocations=414 (full 54):
 par new generation   total 109248K, used 10000K [0x00000000e0000000, 0x00000000e8000000, 0x00000000e8000000)
  eden space 87424K,   0% used [0x00000000e0000000, 0x00000000e0000000, 0x00000000e5560000)
  from space 21824K,  45% used [0x00000000e5560000, 0x00000000e5f240f0, 0x00000000e6ab0000)
  to   space 21824K,   0% used [0x00000000e6ab0000, 0x00000000e6ab0000, 0x00000000e8000000)
 concurrent mark-sweep generation total 393216K, used 268850K [0x00000000e8000000, 0x0000000100000000, 0x0000000100000000)
 Metaspace       used 43954K, capacity 45165K, committed 45376K, reserved 1089536K
  class space    used 5313K, capacity 5616K, committed 5732K, reserved 1048576K
}
2019-02-22T17:26:45.358-0700: 81501.724: Total time for which application threads were stopped: 0.0074353 seconds, Stopping threads took: 0.0001038 seconds
2019-02-22T17:26:45.371-0700: 81501.736: [CMS-concurrent-sweep: 0.098/0.116 secs] [Times: user=0.56 sys=0.05, real=0.12 secs] 
2019-02-22T17:26:45.371-0700: 81501.736: [CMS-concurrent-reset-start]
2019-02-22T17:26:45.371-0700: 81501.737: [CMS-concurrent-reset: 0.001/0.001 secs] [Times: user=0.00 sys=0.00, real=0.00 secs] 
{Heap before GC invocations=414 (full 54):
 par new generation   total 109248K, used 97424K [0x00000000e0000000, 0x00000000e8000000, 0x00000000e8000000)
  eden space 87424K, 100% used [0x00000000e0000000, 0x00000000e5560000, 0x00000000e5560000)
  from space 21824K,  45% used [0x00000000e5560000, 0x00000000e5f240f0, 0x00000000e6ab0000)
  to   space 21824K,   0% used [0x00000000e6ab0000, 0x00000000e6ab0000, 0x00000000e8000000)
 concurrent mark-sweep generation total 393216K, used 258268K [0x00000000e8000000, 0x0000000100000000, 0x0000000100000000)
 Metaspace       used 43955K, capacity 45229K, committed 45632K, reserved 1089536K
  class space    used 5313K, capacity 5616K, committed 5732K, reserved 1048576K
2019-02-22T17:26:45.469-0700: 81501.834: [GC (Allocation Failure) 2019-02-22T17:26:45.469-0700: 81501.834: [ParNew
Desired survivor size 20112992 bytes, new threshold 8 (max 8)
- age   1:    3319440 bytes,    3319440 total
- age   2:    1581240 bytes,    4900680 total
- age   3:    1070472 bytes,    5971152 total
- age   5:     342928 bytes,    6314080 total
- age   6:     780088 bytes,    7094168 total
- age   7:    2715856 bytes,    9810024 total
- age   8:     124088 bytes,    9934112 total
: 97424K->14575K(109248K), 0.0078666 secs] 355692K->272978K(502464K), 0.0079663 secs] [Times: user=0.00 sys=0.00, real=0.01 secs] 
Heap after GC invocations=415 (full 54):
 par new generation   total 109248K, used 14575K [0x00000000e0000000, 0x00000000e8000000, 0x00000000e8000000)
  eden space 87424K,   0% used [0x00000000e0000000, 0x00000000e0000000, 0x00000000e5560000)
  from space 21824K,  66% used [0x00000000e6ab0000, 0x00000000e78ebdc0, 0x00000000e8000000)
  to   space 21824K,   0% used [0x00000000e5560000, 0x00000000e5560000, 0x00000000e6ab0000)
 concurrent mark-sweep generation total 393216K, used 258402K [0x00000000e8000000, 0x0000000100000000, 0x0000000100000000)
 Metaspace       used 43955K, capacity 45229K, committed 45632K, reserved 1089536K
  class space    used 5313K, capacity 5616K, committed 5732K, reserved 1048576K
}
2019-02-22T17:26:45.476-0700: 81501.842: Total time for which application threads were stopped: 0.0083148 seconds, Stopping threads took: 0.0000612 seconds
2019-02-22T17:26:45.477-0700: 81501.842: [GC (CMS Initial Mark) [1 CMS-initial-mark: 258402K(393216K)] 274026K(502464K), 0.0016393 secs] [Times: user=0.00 sys=0.00, real=0.00 secs] 
2019-02-22T17:26:45.478-0700: 81501.844: Total time for which application threads were stopped: 0.0018958 seconds, Stopping threads took: 0.0000601 seconds
2019-02-22T17:26:45.478-0700: 81501.844: [CMS-concurrent-mark-start]
2019-02-22T17:26:45.571-0700: 81501.936: [CMS-concurrent-mark: 0.092/0.092 secs] [Times: user=0.55 sys=0.03, real=0.09 secs] 
2019-02-22T17:26:45.571-0700: 81501.936: [CMS-concurrent-preclean-start]
2019-02-22T17:26:45.586-0700: 81501.951: [CMS-concurrent-preclean: 0.013/0.014 secs] [Times: user=0.08 sys=0.00, real=0.01 secs] 
2019-02-22T17:26:45.586-0700: 81501.951: [CMS-concurrent-abortable-preclean-start]
{Heap before GC invocations=415 (full 55):
 par new generation   total 109248K, used 101999K [0x00000000e0000000, 0x00000000e8000000, 0x00000000e8000000)
  eden space 87424K, 100% used [0x00000000e0000000, 0x00000000e5560000, 0x00000000e5560000)
  from space 21824K,  66% used [0x00000000e6ab0000, 0x00000000e78ebdc0, 0x00000000e8000000)
  to   space 21824K,   0% used [0x00000000e5560000, 0x00000000e5560000, 0x00000000e6ab0000)
 concurrent mark-sweep generation total 393216K, used 258402K [0x00000000e8000000, 0x0000000100000000, 0x0000000100000000)
 Metaspace       used 43955K, capacity 45229K, committed 45632K, reserved 1089536K
  class space    used 5313K, capacity 5616K, committed 5732K, reserved 1048576K
2019-02-22T17:26:45.620-0700: 81501.985: [GC (Allocation Failure) 2019-02-22T17:26:45.620-0700: 81501.985: [ParNew
Desired survivor size 20112992 bytes, new threshold 8 (max 8)
- age   1:   10184112 bytes,   10184112 total
- age   2:    1957064 bytes,   12141176 total
- age   3:    1559016 bytes,   13700192 total
- age   4:     929272 bytes,   14629464 total
- age   6:     342928 bytes,   14972392 total
- age   7:     779944 bytes,   15752336 total
- age   8:    2660376 bytes,   18412712 total
: 101999K->20174K(109248K), 0.0166970 secs] 360402K->278698K(502464K), 0.0167788 secs] [Times: user=0.06 sys=0.00, real=0.02 secs] 
Heap after GC invocations=416 (full 55):
 par new generation   total 109248K, used 20174K [0x00000000e0000000, 0x00000000e8000000, 0x00000000e8000000)
  eden space 87424K,   0% used [0x00000000e0000000, 0x00000000e0000000, 0x00000000e5560000)
  from space 21824K,  92% used [0x00000000e5560000, 0x00000000e69139c0, 0x00000000e6ab0000)
  to   space 21824K,   0% used [0x00000000e6ab0000, 0x00000000e6ab0000, 0x00000000e8000000)
 concurrent mark-sweep generation total 393216K, used 258524K [0x00000000e8000000, 0x0000000100000000, 0x0000000100000000)
 Metaspace       used 43955K, capacity 45229K, committed 45632K, reserved 1089536K
  class space    used 5313K, capacity 5616K, committed 5732K, reserved 1048576K
}
2019-02-22T17:26:45.636-0700: 81502.002: Total time for which application threads were stopped: 0.0172769 seconds, Stopping threads took: 0.0001018 seconds
2019-02-22T17:26:45.679-0700: 81502.045: [CMS-concurrent-abortable-preclean: 0.075/0.094 secs] [Times: user=0.39 sys=0.00, real=0.09 secs] 
2019-02-22T17:26:45.680-0700: 81502.046: [GC (CMS Final Remark) [YG occupancy: 65204 K (109248 K)]{Heap before GC invocations=416 (full 55):
 par new generation   total 109248K, used 65204K [0x00000000e0000000, 0x00000000e8000000, 0x00000000e8000000)
  eden space 87424K,  51% used [0x00000000e0000000, 0x00000000e2bf9668, 0x00000000e5560000)
  from space 21824K,  92% used [0x00000000e5560000, 0x00000000e69139c0, 0x00000000e6ab0000)
  to   space 21824K,   0% used [0x00000000e6ab0000, 0x00000000e6ab0000, 0x00000000e8000000)
 concurrent mark-sweep generation total 393216K, used 258524K [0x00000000e8000000, 0x0000000100000000, 0x0000000100000000)
 Metaspace       used 43955K, capacity 45229K, committed 45632K, reserved 1089536K
  class space    used 5313K, capacity 5616K, committed 5732K, reserved 1048576K
2019-02-22T17:26:45.680-0700: 81502.046: [GC (CMS Final Remark) 2019-02-22T17:26:45.680-0700: 81502.046: [ParNew
Desired survivor size 20112992 bytes, new threshold 8 (max 8)
- age   1:    3612544 bytes,    3612544 total
- age   2:    8019000 bytes,   11631544 total
- age   3:    1778592 bytes,   13410136 total
- age   4:    1559016 bytes,   14969152 total
- age   5:     595824 bytes,   15564976 total
- age   7:     312904 bytes,   15877880 total
- age   8:     779944 bytes,   16657824 total
: 65204K->21785K(109248K), 0.0147693 secs] 323728K->282896K(502464K), 0.0148403 secs] [Times: user=0.06 sys=0.00, real=0.01 secs] 
Heap after GC invocations=417 (full 55):
 par new generation   total 109248K, used 21785K [0x00000000e0000000, 0x00000000e8000000, 0x00000000e8000000)
  eden space 87424K,   0% used [0x00000000e0000000, 0x00000000e0000000, 0x00000000e5560000)
  from space 21824K,  99% used [0x00000000e6ab0000, 0x00000000e7ff65c0, 0x00000000e8000000)
  to   space 21824K,   0% used [0x00000000e5560000, 0x00000000e5560000, 0x00000000e6ab0000)
 concurrent mark-sweep generation total 393216K, used 261111K [0x00000000e8000000, 0x0000000100000000, 0x0000000100000000)
 Metaspace       used 43955K, capacity 45229K, committed 45632K, reserved 1089536K
  class space    used 5313K, capacity 5616K, committed 5732K, reserved 1048576K
}
2019-02-22T17:26:45.695-0700: 81502.061: [Rescan (parallel) , 0.0078635 secs]2019-02-22T17:26:45.703-0700: 81502.069: [weak refs processing, 0.0004585 secs]2019-02-22T17:26:45.703-0700: 81502.069: [class unloading, 0.0118911 secs]2019-02-22T17:26:45.715-0700: 81502.081: [scrub symbol table, 0.0106137 secs]2019-02-22T17:26:45.726-0700: 81502.092: [scrub string table, 0.0005470 secs][1 CMS-remark: 261111K(393216K)] 282896K(502464K), 0.0466464 secs] [Times: user=0.13 sys=0.00, real=0.05 secs] 
2019-02-22T17:26:45.727-0700: 81502.092: Total time for which application threads were stopped: 0.0470093 seconds, Stopping threads took: 0.0001249 seconds
2019-02-22T17:26:45.727-0700: 81502.092: [CMS-concurrent-sweep-start]
{Heap before GC invocations=417 (full 55):
 par new generation   total 109248K, used 108929K [0x00000000e0000000, 0x00000000e8000000, 0x00000000e8000000)
  eden space 87424K,  99% used [0x00000000e0000000, 0x00000000e5519f70, 0x00000000e5560000)
  from space 21824K,  99% used [0x00000000e6ab0000, 0x00000000e7ff65c0, 0x00000000e8000000)
  to   space 21824K,   0% used [0x00000000e5560000, 0x00000000e5560000, 0x00000000e6ab0000)
 concurrent mark-sweep generation total 393216K, used 232273K [0x00000000e8000000, 0x0000000100000000, 0x0000000100000000)
 Metaspace       used 43955K, capacity 45229K, committed 45632K, reserved 1089536K
  class space    used 5313K, capacity 5616K, committed 5732K, reserved 1048576K
2019-02-22T17:26:45.821-0700: 81502.186: [GC (Allocation Failure) 2019-02-22T17:26:45.821-0700: 81502.186: [ParNew
Desired survivor size 20112992 bytes, new threshold 8 (max 8)
- age   1:    8876816 bytes,    8876816 total
- age   2:    1382136 bytes,   10258952 total
- age   3:    2385800 bytes,   12644752 total
- age   4:    1495104 bytes,   14139856 total
- age   5:    1556824 bytes,   15696680 total
- age   6:     551656 bytes,   16248336 total
- age   8:     302664 bytes,   16551000 total
: 108929K->21824K(109248K), 0.0172219 secs] 341202K->254856K(502464K), 0.0173134 secs] [Times: user=0.08 sys=0.00, real=0.02 secs] 
Heap after GC invocations=418 (full 55):
 par new generation   total 109248K, used 21824K [0x00000000e0000000, 0x00000000e8000000, 0x00000000e8000000)
  eden space 87424K,   0% used [0x00000000e0000000, 0x00000000e0000000, 0x00000000e5560000)
  from space 21824K, 100% used [0x00000000e5560000, 0x00000000e6ab0000, 0x00000000e6ab0000)
  to   space 21824K,   0% used [0x00000000e6ab0000, 0x00000000e6ab0000, 0x00000000e8000000)
 concurrent mark-sweep generation total 393216K, used 233032K [0x00000000e8000000, 0x0000000100000000, 0x0000000100000000)
 Metaspace       used 43955K, capacity 45229K, committed 45632K, reserved 1089536K
  class space    used 5313K, capacity 5616K, committed 5732K, reserved 1048576K
}
2019-02-22T17:26:45.838-0700: 81502.203: Total time for which application threads were stopped: 0.0191614 seconds, Stopping threads took: 0.0014373 seconds
2019-02-22T17:26:45.870-0700: 81502.235: [CMS-concurrent-sweep: 0.124/0.143 secs] [Times: user=0.63 sys=0.05, real=0.14 secs] 
2019-02-22T17:26:45.870-0700: 81502.236: [CMS-concurrent-reset-start]
2019-02-22T17:26:45.871-0700: 81502.236: [CMS-concurrent-reset: 0.001/0.001 secs] [Times: user=0.00 sys=0.00, real=0.00 secs] 
{Heap before GC invocations=418 (full 55):
 par new generation   total 109248K, used 109248K [0x00000000e0000000, 0x00000000e8000000, 0x00000000e8000000)
  eden space 87424K, 100% used [0x00000000e0000000, 0x00000000e5560000, 0x00000000e5560000)
  from space 21824K, 100% used [0x00000000e5560000, 0x00000000e6ab0000, 0x00000000e6ab0000)
  to   space 21824K,   0% used [0x00000000e6ab0000, 0x00000000e6ab0000, 0x00000000e8000000)
 concurrent mark-sweep generation total 393216K, used 219309K [0x00000000e8000000, 0x0000000100000000, 0x0000000100000000)
 Metaspace       used 43955K, capacity 45229K, committed 45632K, reserved 1089536K
  class space    used 5313K, capacity 5616K, committed 5732K, reserved 1048576K
2019-02-22T17:26:45.886-0700: 81502.252: [GC (Allocation Failure) 2019-02-22T17:26:45.886-0700: 81502.252: [ParNew
Desired survivor size 20112992 bytes, new threshold 8 (max 8)
- age   1:    1688808 bytes,    1688808 total
- age   2:    7525584 bytes,    9214392 total
- age   3:     961664 bytes,   10176056 total
- age   4:    2384320 bytes,   12560376 total
- age   5:    1383288 bytes,   13943664 total
- age   6:    1556824 bytes,   15500488 total
- age   7:     549064 bytes,   16049552 total
: 109248K->19077K(109248K), 0.0137931 secs] 328557K->238654K(502464K), 0.0139016 secs] [Times: user=0.06 sys=0.00, real=0.01 secs] 
Heap after GC invocations=419 (full 55):
 par new generation   total 109248K, used 19077K [0x00000000e0000000, 0x00000000e8000000, 0x00000000e8000000)
  eden space 87424K,   0% used [0x00000000e0000000, 0x00000000e0000000, 0x00000000e5560000)
  from space 21824K,  87% used [0x00000000e6ab0000, 0x00000000e7d51670, 0x00000000e8000000)
  to   space 21824K,   0% used [0x00000000e5560000, 0x00000000e5560000, 0x00000000e6ab0000)
 concurrent mark-sweep generation total 393216K, used 219576K [0x00000000e8000000, 0x0000000100000000, 0x0000000100000000)
 Metaspace       used 43955K, capacity 45229K, committed 45632K, reserved 1089536K
  class space    used 5313K, capacity 5616K, committed 5732K, reserved 1048576K
}
2019-02-22T17:26:45.900-0700: 81502.266: Total time for which application threads were stopped: 0.0143020 seconds, Stopping threads took: 0.0000725 seconds
2019-02-22T17:26:45.901-0700: 81502.266: [GC (CMS Initial Mark) [1 CMS-initial-mark: 219576K(393216K)] 238967K(502464K), 0.0034678 secs] [Times: user=0.00 sys=0.00, real=0.00 secs] 
2019-02-22T17:26:45.904-0700: 81502.270: Total time for which application threads were stopped: 0.0037814 seconds, Stopping threads took: 0.0000941 seconds
2019-02-22T17:26:45.904-0700: 81502.270: [CMS-concurrent-mark-start]
2019-02-22T17:26:46.002-0700: 81502.368: [CMS-concurrent-mark: 0.098/0.098 secs] [Times: user=0.74 sys=0.00, real=0.10 secs] 
2019-02-22T17:26:46.002-0700: 81502.368: [CMS-concurrent-preclean-start]
2019-02-22T17:26:46.025-0700: 81502.390: [CMS-concurrent-preclean: 0.021/0.022 secs] [Times: user=0.03 sys=0.00, real=0.02 secs] 
2019-02-22T17:26:46.025-0700: 81502.390: [CMS-concurrent-abortable-preclean-start]
{Heap before GC invocations=419 (full 56):
 par new generation   total 109248K, used 106264K [0x00000000e0000000, 0x00000000e8000000, 0x00000000e8000000)
  eden space 87424K,  99% used [0x00000000e0000000, 0x00000000e5524c00, 0x00000000e5560000)
  from space 21824K,  87% used [0x00000000e6ab0000, 0x00000000e7d51670, 0x00000000e8000000)
  to   space 21824K,   0% used [0x00000000e5560000, 0x00000000e5560000, 0x00000000e6ab0000)
 concurrent mark-sweep generation total 393216K, used 219576K [0x00000000e8000000, 0x0000000100000000, 0x0000000100000000)
 Metaspace       used 43955K, capacity 45229K, committed 45632K, reserved 1089536K
  class space    used 5313K, capacity 5616K, committed 5732K, reserved 1048576K
2019-02-22T17:26:46.031-0700: 81502.396: [GC (Allocation Failure) 2019-02-22T17:26:46.031-0700: 81502.396: [ParNew
Desired survivor size 20112992 bytes, new threshold 8 (max 8)
- age   1:    2267704 bytes,    2267704 total
- age   2:     905024 bytes,    3172728 total
- age   3:    7250888 bytes,   10423616 total
- age   4:    1022656 bytes,   11446272 total
- age   5:    2412016 bytes,   13858288 total
- age   6:    1349192 bytes,   15207480 total
- age   7:    1556824 bytes,   16764304 total
- age   8:     548320 bytes,   17312624 total
: 106264K->21824K(109248K), 0.0134847 secs] 325841K->241400K(502464K), 0.0136045 secs] [Times: user=0.08 sys=0.00, real=0.01 secs] 
Heap after GC invocations=420 (full 56):
 par new generation   total 109248K, used 21824K [0x00000000e0000000, 0x00000000e8000000, 0x00000000e8000000)
  eden space 87424K,   0% used [0x00000000e0000000, 0x00000000e0000000, 0x00000000e5560000)
  from space 21824K, 100% used [0x00000000e5560000, 0x00000000e6ab0000, 0x00000000e6ab0000)
  to   space 21824K,   0% used [0x00000000e6ab0000, 0x00000000e6ab0000, 0x00000000e8000000)
 concurrent mark-sweep generation total 393216K, used 219576K [0x00000000e8000000, 0x0000000100000000, 0x0000000100000000)
 Metaspace       used 43955K, capacity 45229K, committed 45632K, reserved 1089536K
  class space    used 5313K, capacity 5616K, committed 5732K, reserved 1048576K
}
2019-02-22T17:26:46.043-0700: 81502.409: Total time for which application threads were stopped: 0.0140795 seconds, Stopping threads took: 0.0000781 seconds
{Heap before GC invocations=420 (full 56):
 par new generation   total 109248K, used 109026K [0x00000000e0000000, 0x00000000e8000000, 0x00000000e8000000)
  eden space 87424K,  99% used [0x00000000e0000000, 0x00000000e5528930, 0x00000000e5560000)
  from space 21824K, 100% used [0x00000000e5560000, 0x00000000e6ab0000, 0x00000000e6ab0000)
  to   space 21824K,   0% used [0x00000000e6ab0000, 0x00000000e6ab0000, 0x00000000e8000000)
 concurrent mark-sweep generation total 393216K, used 219576K [0x00000000e8000000, 0x0000000100000000, 0x0000000100000000)
 Metaspace       used 43955K, capacity 45229K, committed 45632K, reserved 1089536K
  class space    used 5313K, capacity 5616K, committed 5732K, reserved 1048576K
2019-02-22T17:26:46.072-0700: 81502.438: [GC (Allocation Failure) 2019-02-22T17:26:46.072-0700: 81502.438: [ParNew
Desired survivor size 20112992 bytes, new threshold 8 (max 8)
- age   1:    1228224 bytes,    1228224 total
- age   2:    1274688 bytes,    2502912 total
- age   3:     542712 bytes,    3045624 total
- age   4:    7249304 bytes,   10294928 total
- age   5:     989872 bytes,   11284800 total
- age   6:    2379232 bytes,   13664032 total
- age   7:    1287272 bytes,   14951304 total
- age   8:    1556824 bytes,   16508128 total
: 109026K->21824K(109248K), 0.0152916 secs] 328602K->241932K(502464K), 0.0154546 secs] [Times: user=0.08 sys=0.00, real=0.02 secs] 
Heap after GC invocations=421 (full 56):
 par new generation   total 109248K, used 21824K [0x00000000e0000000, 0x00000000e8000000, 0x00000000e8000000)
  eden space 87424K,   0% used [0x00000000e0000000, 0x00000000e0000000, 0x00000000e5560000)
  from space 21824K, 100% used [0x00000000e6ab0000, 0x00000000e8000000, 0x00000000e8000000)
  to   space 21824K,   0% used [0x00000000e5560000, 0x00000000e5560000, 0x00000000e6ab0000)
 concurrent mark-sweep generation total 393216K, used 220108K [0x00000000e8000000, 0x0000000100000000, 0x0000000100000000)
 Metaspace       used 43955K, capacity 45229K, committed 45632K, reserved 1089536K
  class space    used 5313K, capacity 5616K, committed 5732K, reserved 1048576K
}
2019-02-22T17:26:46.088-0700: 81502.453: Total time for which application threads were stopped: 0.0159696 seconds, Stopping threads took: 0.0000941 seconds
2019-02-22T17:26:46.130-0700: 81502.496: [CMS-concurrent-abortable-preclean: 0.072/0.106 secs] [Times: user=0.51 sys=0.06, real=0.11 secs] 
2019-02-22T17:26:46.131-0700: 81502.496: [GC (CMS Final Remark) [YG occupancy: 84656 K (109248 K)]{Heap before GC invocations=421 (full 56):
 par new generation   total 109248K, used 84656K [0x00000000e0000000, 0x00000000e8000000, 0x00000000e8000000)
  eden space 87424K,  71% used [0x00000000e0000000, 0x00000000e3d5c0d0, 0x00000000e5560000)
  from space 21824K, 100% used [0x00000000e6ab0000, 0x00000000e8000000, 0x00000000e8000000)
  to   space 21824K,   0% used [0x00000000e5560000, 0x00000000e5560000, 0x00000000e6ab0000)
 concurrent mark-sweep generation total 393216K, used 220108K [0x00000000e8000000, 0x0000000100000000, 0x0000000100000000)
 Metaspace       used 43955K, capacity 45229K, committed 45632K, reserved 1089536K
  class space    used 5313K, capacity 5616K, committed 5732K, reserved 1048576K
2019-02-22T17:26:46.131-0700: 81502.496: [GC (CMS Final Remark) 2019-02-22T17:26:46.131-0700: 81502.496: [ParNew
Desired survivor size 20112992 bytes, new threshold 8 (max 8)
- age   1:    1857152 bytes,    1857152 total
- age   2:     749776 bytes,    2606928 total
- age   3:     859472 bytes,    3466400 total
- age   4:     391744 bytes,    3858144 total
- age   5:    5093816 bytes,    8951960 total
- age   6:     954992 bytes,    9906952 total
- age   7:    2379160 bytes,   12286112 total
- age   8:    1284552 bytes,   13570664 total
: 84656K->18691K(109248K), 0.0150017 secs] 304764K->240344K(502464K), 0.0150747 secs] [Times: user=0.06 sys=0.00, real=0.01 secs] 
Heap after GC invocations=422 (full 56):
 par new generation   total 109248K, used 18691K [0x00000000e0000000, 0x00000000e8000000, 0x00000000e8000000)
  eden space 87424K,   0% used [0x00000000e0000000, 0x00000000e0000000, 0x00000000e5560000)
  from space 21824K,  85% used [0x00000000e5560000, 0x00000000e67a0c78, 0x00000000e6ab0000)
  to   space 21824K,   0% used [0x00000000e6ab0000, 0x00000000e6ab0000, 0x00000000e8000000)
 concurrent mark-sweep generation total 393216K, used 221653K [0x00000000e8000000, 0x0000000100000000, 0x0000000100000000)
 Metaspace       used 43955K, capacity 45229K, committed 45632K, reserved 1089536K
  class space    used 5313K, capacity 5616K, committed 5732K, reserved 1048576K
}
2019-02-22T17:26:46.146-0700: 81502.511: [Rescan (parallel) , 0.0071335 secs]2019-02-22T17:26:46.153-0700: 81502.518: [weak refs processing, 0.0007166 secs]2019-02-22T17:26:46.154-0700: 81502.519: [class unloading, 0.0132261 secs]2019-02-22T17:26:46.167-0700: 81502.532: [scrub symbol table, 0.0105438 secs]2019-02-22T17:26:46.178-0700: 81502.543: [scrub string table, 0.0005727 secs][1 CMS-remark: 221653K(393216K)] 240344K(502464K), 0.0476905 secs] [Times: user=0.09 sys=0.00, real=0.05 secs] 
2019-02-22T17:26:46.178-0700: 81502.544: Total time for which application threads were stopped: 0.0480647 seconds, Stopping threads took: 0.0001028 seconds
2019-02-22T17:26:46.178-0700: 81502.544: [CMS-concurrent-sweep-start]
2019-02-22T17:26:46.247-0700: 81502.612: Total time for which application threads were stopped: 0.0002858 seconds, Stopping threads took: 0.0000612 seconds
2019-02-22T17:26:46.253-0700: 81502.618: Total time for which application threads were stopped: 0.0003110 seconds, Stopping threads took: 0.0000694 seconds
2019-02-22T17:26:46.254-0700: 81502.619: Total time for which application threads were stopped: 0.0002442 seconds, Stopping threads took: 0.0000576 seconds
2019-02-22T17:26:46.255-0700: 81502.621: Total time for which application threads were stopped: 0.0006765 seconds, Stopping threads took: 0.0000622 seconds
2019-02-22T17:26:46.297-0700: 81502.663: [CMS-concurrent-sweep: 0.117/0.119 secs] [Times: user=0.52 sys=0.06, real=0.12 secs] 
2019-02-22T17:26:46.297-0700: 81502.663: [CMS-concurrent-reset-start]
2019-02-22T17:26:46.298-0700: 81502.663: [CMS-concurrent-reset: 0.000/0.000 secs] [Times: user=0.00 sys=0.00, real=0.00 secs] 
{Heap before GC invocations=422 (full 56):
 par new generation   total 109248K, used 106115K [0x00000000e0000000, 0x00000000e8000000, 0x00000000e8000000)
  eden space 87424K, 100% used [0x00000000e0000000, 0x00000000e5560000, 0x00000000e5560000)
  from space 21824K,  85% used [0x00000000e5560000, 0x00000000e67a0c78, 0x00000000e6ab0000)
  to   space 21824K,   0% used [0x00000000e6ab0000, 0x00000000e6ab0000, 0x00000000e8000000)
 concurrent mark-sweep generation total 393216K, used 216757K [0x00000000e8000000, 0x0000000100000000, 0x0000000100000000)
 Metaspace       used 43955K, capacity 45229K, committed 45632K, reserved 1089536K
  class space    used 5313K, capacity 5616K, committed 5732K, reserved 1048576K
2019-02-22T17:26:46.461-0700: 81502.826: [GC (Allocation Failure) 2019-02-22T17:26:46.461-0700: 81502.827: [ParNew
Desired survivor size 20112992 bytes, new threshold 8 (max 8)
- age   1:    6746312 bytes,    6746312 total
- age   2:     224560 bytes,    6970872 total
- age   3:     286944 bytes,    7257816 total
- age   4:     384592 bytes,    7642408 total
- age   5:     349312 bytes,    7991720 total
- age   6:    4848728 bytes,   12840448 total
- age   7:     793448 bytes,   13633896 total
- age   8:    1565128 bytes,   15199024 total
: 106115K->19383K(109248K), 0.0126401 secs] 322872K->237280K(502464K), 0.0127851 secs] [Times: user=0.08 sys=0.00, real=0.01 secs] 
Heap after GC invocations=423 (full 56):
 par new generation   total 109248K, used 19383K [0x00000000e0000000, 0x00000000e8000000, 0x00000000e8000000)
  eden space 87424K,   0% used [0x00000000e0000000, 0x00000000e0000000, 0x00000000e5560000)
  from space 21824K,  88% used [0x00000000e6ab0000, 0x00000000e7d9ddf0, 0x00000000e8000000)
  to   space 21824K,   0% used [0x00000000e5560000, 0x00000000e5560000, 0x00000000e6ab0000)
 concurrent mark-sweep generation total 393216K, used 217896K [0x00000000e8000000, 0x0000000100000000, 0x0000000100000000)
 Metaspace       used 43955K, capacity 45229K, committed 45632K, reserved 1089536K
  class space    used 5313K, capacity 5616K, committed 5732K, reserved 1048576K
}
2019-02-22T17:26:46.474-0700: 81502.839: Total time for which application threads were stopped: 0.0132955 seconds, Stopping threads took: 0.0000853 seconds
2019-02-22T17:26:46.474-0700: 81502.840: [GC (CMS Initial Mark) [1 CMS-initial-mark: 217896K(393216K)] 237635K(502464K), 0.0023976 secs] [Times: user=0.00 sys=0.00, real=0.00 secs] 
2019-02-22T17:26:46.477-0700: 81502.842: Total time for which application threads were stopped: 0.0027517 seconds, Stopping threads took: 0.0000982 seconds
2019-02-22T17:26:46.477-0700: 81502.842: [CMS-concurrent-mark-start]
2019-02-22T17:26:46.563-0700: 81502.928: [CMS-concurrent-mark: 0.086/0.086 secs] [Times: user=0.55 sys=0.00, real=0.09 secs] 
2019-02-22T17:26:46.563-0700: 81502.928: [CMS-concurrent-preclean-start]
2019-02-22T17:26:46.571-0700: 81502.936: [CMS-concurrent-preclean: 0.008/0.008 secs] [Times: user=0.00 sys=0.00, real=0.01 secs] 
2019-02-22T17:26:46.571-0700: 81502.936: [CMS-concurrent-abortable-preclean-start]
{Heap before GC invocations=423 (full 57):
 par new generation   total 109248K, used 106587K [0x00000000e0000000, 0x00000000e8000000, 0x00000000e8000000)
  eden space 87424K,  99% used [0x00000000e0000000, 0x00000000e5528e48, 0x00000000e5560000)
  from space 21824K,  88% used [0x00000000e6ab0000, 0x00000000e7d9ddf0, 0x00000000e8000000)
  to   space 21824K,   0% used [0x00000000e5560000, 0x00000000e5560000, 0x00000000e6ab0000)
 concurrent mark-sweep generation total 393216K, used 217896K [0x00000000e8000000, 0x0000000100000000, 0x0000000100000000)
 Metaspace       used 43955K, capacity 45229K, committed 45632K, reserved 1089536K
  class space    used 5313K, capacity 5616K, committed 5732K, reserved 1048576K
2019-02-22T17:26:46.658-0700: 81503.024: [GC (Allocation Failure) 2019-02-22T17:26:46.658-0700: 81503.024: [ParNew
Desired survivor size 20112992 bytes, new threshold 8 (max 8)
- age   1:    4365648 bytes,    4365648 total
- age   2:    4017448 bytes,    8383096 total
- age   3:     208840 bytes,    8591936 total
- age   4:     319584 bytes,    8911520 total
- age   5:     363472 bytes,    9274992 total
- age   6:     346664 bytes,    9621656 total
- age   7:    4880472 bytes,   14502128 total
- age   8:     825704 bytes,   15327832 total
: 106587K->17993K(109248K), 0.0098231 secs] 324483K->237320K(502464K), 0.0099213 secs] [Times: user=0.00 sys=0.00, real=0.01 secs] 
Heap after GC invocations=424 (full 57):
 par new generation   total 109248K, used 17993K [0x00000000e0000000, 0x00000000e8000000, 0x00000000e8000000)
  eden space 87424K,   0% used [0x00000000e0000000, 0x00000000e0000000, 0x00000000e5560000)
  from space 21824K,  82% used [0x00000000e5560000, 0x00000000e66f26a8, 0x00000000e6ab0000)
  to   space 21824K,   0% used [0x00000000e6ab0000, 0x00000000e6ab0000, 0x00000000e8000000)
 concurrent mark-sweep generation total 393216K, used 219326K [0x00000000e8000000, 0x0000000100000000, 0x0000000100000000)
 Metaspace       used 43955K, capacity 45229K, committed 45632K, reserved 1089536K
  class space    used 5313K, capacity 5616K, committed 5732K, reserved 1048576K
}
2019-02-22T17:26:46.668-0700: 81503.034: Total time for which application threads were stopped: 0.0109694 seconds, Stopping threads took: 0.0004662 seconds
{Heap before GC invocations=424 (full 57):
 par new generation   total 109248K, used 105402K [0x00000000e0000000, 0x00000000e8000000, 0x00000000e8000000)
  eden space 87424K,  99% used [0x00000000e0000000, 0x00000000e555c1e8, 0x00000000e5560000)
  from space 21824K,  82% used [0x00000000e5560000, 0x00000000e66f26a8, 0x00000000e6ab0000)
  to   space 21824K,   0% used [0x00000000e6ab0000, 0x00000000e6ab0000, 0x00000000e8000000)
 concurrent mark-sweep generation total 393216K, used 219326K [0x00000000e8000000, 0x0000000100000000, 0x0000000100000000)
 Metaspace       used 43955K, capacity 45229K, committed 45632K, reserved 1089536K
  class space    used 5313K, capacity 5616K, committed 5732K, reserved 1048576K
2019-02-22T17:26:46.681-0700: 81503.047: [GC (Allocation Failure) 2019-02-22T17:26:46.681-0700: 81503.047: [ParNew
Desired survivor size 20112992 bytes, new threshold 8 (max 8)
- age   1:    4133008 bytes,    4133008 total
- age   2:    4331000 bytes,    8464008 total
- age   3:    4017400 bytes,   12481408 total
- age   4:     208840 bytes,   12690248 total
- age   5:     319584 bytes,   13009832 total
- age   6:     363472 bytes,   13373304 total
- age   7:     346664 bytes,   13719968 total
- age   8:    4908712 bytes,   18628680 total
: 105402K->21824K(109248K), 0.0116711 secs] 324728K->242062K(502464K), 0.0117714 secs] [Times: user=0.06 sys=0.00, real=0.01 secs] 
Heap after GC invocations=425 (full 57):
 par new generation   total 109248K, used 21824K [0x00000000e0000000, 0x00000000e8000000, 0x00000000e8000000)
  eden space 87424K,   0% used [0x00000000e0000000, 0x00000000e0000000, 0x00000000e5560000)
  from space 21824K, 100% used [0x00000000e6ab0000, 0x00000000e8000000, 0x00000000e8000000)
  to   space 21824K,   0% used [0x00000000e5560000, 0x00000000e5560000, 0x00000000e6ab0000)
 concurrent mark-sweep generation total 393216K, used 220238K [0x00000000e8000000, 0x0000000100000000, 0x0000000100000000)
 Metaspace       used 43955K, capacity 45229K, committed 45632K, reserved 1089536K
  class space    used 5313K, capacity 5616K, committed 5732K, reserved 1048576K
}
2019-02-22T17:26:46.693-0700: 81503.058: Total time for which application threads were stopped: 0.0123260 seconds, Stopping threads took: 0.0000761 seconds
{Heap before GC invocations=425 (full 57):
 par new generation   total 109248K, used 109248K [0x00000000e0000000, 0x00000000e8000000, 0x00000000e8000000)
  eden space 87424K, 100% used [0x00000000e0000000, 0x00000000e5560000, 0x00000000e5560000)
  from space 21824K, 100% used [0x00000000e6ab0000, 0x00000000e8000000, 0x00000000e8000000)
  to   space 21824K,   0% used [0x00000000e5560000, 0x00000000e5560000, 0x00000000e6ab0000)
 concurrent mark-sweep generation total 393216K, used 220238K [0x00000000e8000000, 0x0000000100000000, 0x0000000100000000)
 Metaspace       used 43955K, capacity 45229K, committed 45632K, reserved 1089536K
  class space    used 5313K, capacity 5616K, committed 5732K, reserved 1048576K
2019-02-22T17:26:46.702-0700: 81503.068: [GC (Allocation Failure) 2019-02-22T17:26:46.702-0700: 81503.068: [ParNew
Desired survivor size 20112992 bytes, new threshold 8 (max 8)
- age   1:    5711728 bytes,    5711728 total
- age   2:    4207776 bytes,    9919504 total
- age   3:    4331000 bytes,   14250504 total
- age   4:    4017400 bytes,   18267904 total
- age   5:     208840 bytes,   18476744 total
- age   6:     286800 bytes,   18763544 total
- age   7:     363472 bytes,   19127016 total
- age   8:     346664 bytes,   19473680 total
: 109248K->21824K(109248K), 0.0127779 secs] 329486K->246796K(502464K), 0.0128540 secs] [Times: user=0.05 sys=0.00, real=0.01 secs] 
Heap after GC invocations=426 (full 57):
 par new generation   total 109248K, used 21824K [0x00000000e0000000, 0x00000000e8000000, 0x00000000e8000000)
  eden space 87424K,   0% used [0x00000000e0000000, 0x00000000e0000000, 0x00000000e5560000)
  from space 21824K, 100% used [0x00000000e5560000, 0x00000000e6ab0000, 0x00000000e6ab0000)
  to   space 21824K,   0% used [0x00000000e6ab0000, 0x00000000e6ab0000, 0x00000000e8000000)
 concurrent mark-sweep generation total 393216K, used 224972K [0x00000000e8000000, 0x0000000100000000, 0x0000000100000000)
 Metaspace       used 43955K, capacity 45229K, committed 45632K, reserved 1089536K
  class space    used 5313K, capacity 5616K, committed 5732K, reserved 1048576K
}
2019-02-22T17:26:46.715-0700: 81503.081: Total time for which application threads were stopped: 0.0133248 seconds, Stopping threads took: 0.0001013 seconds
{Heap before GC invocations=426 (full 57):
 par new generation   total 109248K, used 109158K [0x00000000e0000000, 0x00000000e8000000, 0x00000000e8000000)
  eden space 87424K,  99% used [0x00000000e0000000, 0x00000000e5549990, 0x00000000e5560000)
  from space 21824K, 100% used [0x00000000e5560000, 0x00000000e6ab0000, 0x00000000e6ab0000)
  to   space 21824K,   0% used [0x00000000e6ab0000, 0x00000000e6ab0000, 0x00000000e8000000)
 concurrent mark-sweep generation total 393216K, used 224972K [0x00000000e8000000, 0x0000000100000000, 0x0000000100000000)
 Metaspace       used 43955K, capacity 45229K, committed 45632K, reserved 1089536K
  class space    used 5313K, capacity 5616K, committed 5732K, reserved 1048576K
2019-02-22T17:26:46.726-0700: 81503.092: [GC (Allocation Failure) 2019-02-22T17:26:46.726-0700: 81503.092: [ParNew
Desired survivor size 20112992 bytes, new threshold 5 (max 8)
- age   1:    5009040 bytes,    5009040 total
- age   2:    4463232 bytes,    9472272 total
- age   3:    3651768 bytes,   13124040 total
- age   4:    4332320 bytes,   17456360 total
- age   5:    4017400 bytes,   21473760 total
- age   6:     208840 bytes,   21682600 total
- age   7:     286800 bytes,   21969400 total
- age   8:     363472 bytes,   22332872 total
: 109158K->21824K(109248K), 0.0149153 secs] 334130K->251527K(502464K), 0.0150145 secs] [Times: user=0.06 sys=0.00, real=0.01 secs] 
Heap after GC invocations=427 (full 57):
 par new generation   total 109248K, used 21824K [0x00000000e0000000, 0x00000000e8000000, 0x00000000e8000000)
  eden space 87424K,   0% used [0x00000000e0000000, 0x00000000e0000000, 0x00000000e5560000)
  from space 21824K, 100% used [0x00000000e6ab0000, 0x00000000e8000000, 0x00000000e8000000)
  to   space 21824K,   0% used [0x00000000e5560000, 0x00000000e5560000, 0x00000000e6ab0000)
 concurrent mark-sweep generation total 393216K, used 229703K [0x00000000e8000000, 0x0000000100000000, 0x0000000100000000)
 Metaspace       used 43955K, capacity 45229K, committed 45632K, reserved 1089536K
  class space    used 5313K, capacity 5616K, committed 5732K, reserved 1048576K
}
2019-02-22T17:26:46.741-0700: 81503.107: Total time for which application threads were stopped: 0.0164374 seconds, Stopping threads took: 0.0003018 seconds
2019-02-22T17:26:46.750-0700: 81503.115: [CMS-concurrent-abortable-preclean: 0.125/0.179 secs] [Times: user=0.67 sys=0.03, real=0.18 secs] 
2019-02-22T17:26:46.751-0700: 81503.116: [GC (CMS Final Remark) [YG occupancy: 94974 K (109248 K)]{Heap before GC invocations=427 (full 57):
 par new generation   total 109248K, used 94974K [0x00000000e0000000, 0x00000000e8000000, 0x00000000e8000000)
  eden space 87424K,  83% used [0x00000000e0000000, 0x00000000e476f9b8, 0x00000000e5560000)
  from space 21824K, 100% used [0x00000000e6ab0000, 0x00000000e8000000, 0x00000000e8000000)
  to   space 21824K,   0% used [0x00000000e5560000, 0x00000000e5560000, 0x00000000e6ab0000)
 concurrent mark-sweep generation total 393216K, used 229703K [0x00000000e8000000, 0x0000000100000000, 0x0000000100000000)
 Metaspace       used 43955K, capacity 45229K, committed 45632K, reserved 1089536K
  class space    used 5313K, capacity 5616K, committed 5732K, reserved 1048576K
2019-02-22T17:26:46.751-0700: 81503.116: [GC (CMS Final Remark) 2019-02-22T17:26:46.751-0700: 81503.116: [ParNew
Desired survivor size 20112992 bytes, new threshold 8 (max 8)
- age   1:    4334176 bytes,    4334176 total
- age   2:    4119128 bytes,    8453304 total
- age   3:    3448088 bytes,   11901392 total
- age   4:    3592360 bytes,   15493752 total
- age   5:    3983448 bytes,   19477200 total
: 94974K->21824K(109248K), 0.0185985 secs] 324677K->258613K(502464K), 0.0187075 secs] [Times: user=0.06 sys=0.00, real=0.02 secs] 
Heap after GC invocations=428 (full 57):
 par new generation   total 109248K, used 21824K [0x00000000e0000000, 0x00000000e8000000, 0x00000000e8000000)
  eden space 87424K,   0% used [0x00000000e0000000, 0x00000000e0000000, 0x00000000e5560000)
  from space 21824K, 100% used [0x00000000e5560000, 0x00000000e6ab0000, 0x00000000e6ab0000)
  to   space 21824K,   0% used [0x00000000e6ab0000, 0x00000000e6ab0000, 0x00000000e8000000)
 concurrent mark-sweep generation total 393216K, used 236789K [0x00000000e8000000, 0x0000000100000000, 0x0000000100000000)
 Metaspace       used 43955K, capacity 45229K, committed 45632K, reserved 1089536K
  class space    used 5313K, capacity 5616K, committed 5732K, reserved 1048576K
}
2019-02-22T17:26:46.769-0700: 81503.135: [Rescan (parallel) , 0.0110933 secs]2019-02-22T17:26:46.781-0700: 81503.146: [weak refs processing, 0.0004822 secs]2019-02-22T17:26:46.781-0700: 81503.147: [class unloading, 0.0129650 secs]2019-02-22T17:26:46.794-0700: 81503.160: [scrub symbol table, 0.0080090 secs]2019-02-22T17:26:46.802-0700: 81503.168: [scrub string table, 0.0005418 secs][1 CMS-remark: 236789K(393216K)] 258613K(502464K), 0.0521956 secs] [Times: user=0.09 sys=0.00, real=0.05 secs] 
2019-02-22T17:26:46.803-0700: 81503.168: Total time for which application threads were stopped: 0.0527107 seconds, Stopping threads took: 0.0001614 seconds
2019-02-22T17:26:46.803-0700: 81503.169: [CMS-concurrent-sweep-start]
{Heap before GC invocations=428 (full 57):
 par new generation   total 109248K, used 108929K [0x00000000e0000000, 0x00000000e8000000, 0x00000000e8000000)
  eden space 87424K,  99% used [0x00000000e0000000, 0x00000000e5510438, 0x00000000e5560000)
  from space 21824K, 100% used [0x00000000e5560000, 0x00000000e6ab0000, 0x00000000e6ab0000)
  to   space 21824K,   0% used [0x00000000e6ab0000, 0x00000000e6ab0000, 0x00000000e8000000)
 concurrent mark-sweep generation total 393216K, used 236655K [0x00000000e8000000, 0x0000000100000000, 0x0000000100000000)
 Metaspace       used 43955K, capacity 45229K, committed 45632K, reserved 1089536K
  class space    used 5313K, capacity 5616K, committed 5732K, reserved 1048576K
2019-02-22T17:26:46.817-0700: 81503.183: [GC (Allocation Failure) 2019-02-22T17:26:46.818-0700: 81503.183: [ParNew
Desired survivor size 20112992 bytes, new threshold 8 (max 8)
- age   1:     627256 bytes,     627256 total
- age   2:    2867448 bytes,    3494704 total
- age   3:    4086088 bytes,    7580792 total
- age   4:    3477008 bytes,   11057800 total
- age   5:    3246712 bytes,   14304512 total
- age   6:    3983256 bytes,   18287768 total
: 108929K->21824K(109248K), 0.0114074 secs] 345584K->258707K(502464K), 0.0115246 secs] [Times: user=0.05 sys=0.00, real=0.01 secs] 
Heap after GC invocations=429 (full 57):
 par new generation   total 109248K, used 21824K [0x00000000e0000000, 0x00000000e8000000, 0x00000000e8000000)
  eden space 87424K,   0% used [0x00000000e0000000, 0x00000000e0000000, 0x00000000e5560000)
  from space 21824K, 100% used [0x00000000e6ab0000, 0x00000000e8000000, 0x00000000e8000000)
  to   space 21824K,   0% used [0x00000000e5560000, 0x00000000e5560000, 0x00000000e6ab0000)
 concurrent mark-sweep generation total 393216K, used 236883K [0x00000000e8000000, 0x0000000100000000, 0x0000000100000000)
 Metaspace       used 43955K, capacity 45229K, committed 45632K, reserved 1089536K
  class space    used 5313K, capacity 5616K, committed 5732K, reserved 1048576K
}
2019-02-22T17:26:46.829-0700: 81503.194: Total time for which application threads were stopped: 0.0121348 seconds, Stopping threads took: 0.0001326 seconds
{Heap before GC invocations=429 (full 57):
 par new generation   total 109248K, used 109248K [0x00000000e0000000, 0x00000000e8000000, 0x00000000e8000000)
  eden space 87424K, 100% used [0x00000000e0000000, 0x00000000e5560000, 0x00000000e5560000)
  from space 21824K, 100% used [0x00000000e6ab0000, 0x00000000e8000000, 0x00000000e8000000)
  to   space 21824K,   0% used [0x00000000e5560000, 0x00000000e5560000, 0x00000000e6ab0000)
 concurrent mark-sweep generation total 393216K, used 236481K [0x00000000e8000000, 0x0000000100000000, 0x0000000100000000)
 Metaspace       used 43955K, capacity 45229K, committed 45632K, reserved 1089536K
  class space    used 5313K, capacity 5616K, committed 5732K, reserved 1048576K
2019-02-22T17:26:46.844-0700: 81503.209: [GC (Allocation Failure) 2019-02-22T17:26:46.845-0700: 81503.210: [ParNew
Desired survivor size 20112992 bytes, new threshold 8 (max 8)
- age   1:     767648 bytes,     767648 total
- age   2:     126848 bytes,     894496 total
- age   3:    2755016 bytes,    3649512 total
- age   4:    4066360 bytes,    7715872 total
- age   5:    3398104 bytes,   11113976 total
- age   6:    3370424 bytes,   14484400 total
- age   7:    3983256 bytes,   18467656 total
: 109248K->21824K(109248K), 0.0100416 secs] 345729K->258422K(502464K), 0.0103299 secs] [Times: user=0.00 sys=0.00, real=0.01 secs] 
Heap after GC invocations=430 (full 57):
 par new generation   total 109248K, used 21824K [0x00000000e0000000, 0x00000000e8000000, 0x00000000e8000000)
  eden space 87424K,   0% used [0x00000000e0000000, 0x00000000e0000000, 0x00000000e5560000)
  from space 21824K, 100% used [0x00000000e5560000, 0x00000000e6ab0000, 0x00000000e6ab0000)
  to   space 21824K,   0% used [0x00000000e6ab0000, 0x00000000e6ab0000, 0x00000000e8000000)
 concurrent mark-sweep generation total 393216K, used 236598K [0x00000000e8000000, 0x0000000100000000, 0x0000000100000000)
 Metaspace       used 43955K, capacity 45229K, committed 45632K, reserved 1089536K
  class space    used 5313K, capacity 5616K, committed 5732K, reserved 1048576K
}
2019-02-22T17:26:46.855-0700: 81503.220: Total time for which application threads were stopped: 0.0113868 seconds, Stopping threads took: 0.0002791 seconds
{Heap before GC invocations=430 (full 57):
 par new generation   total 109248K, used 109248K [0x00000000e0000000, 0x00000000e8000000, 0x00000000e8000000)
  eden space 87424K, 100% used [0x00000000e0000000, 0x00000000e5560000, 0x00000000e5560000)
  from space 21824K, 100% used [0x00000000e5560000, 0x00000000e6ab0000, 0x00000000e6ab0000)
  to   space 21824K,   0% used [0x00000000e6ab0000, 0x00000000e6ab0000, 0x00000000e8000000)
 concurrent mark-sweep generation total 393216K, used 231602K [0x00000000e8000000, 0x0000000100000000, 0x0000000100000000)
 Metaspace       used 43955K, capacity 45229K, committed 45632K, reserved 1089536K
  class space    used 5313K, capacity 5616K, committed 5732K, reserved 1048576K
2019-02-22T17:26:46.903-0700: 81503.269: [GC (Allocation Failure) 2019-02-22T17:26:46.903-0700: 81503.269: [ParNew
Desired survivor size 20112992 bytes, new threshold 8 (max 8)
- age   1:    1498520 bytes,    1498520 total
- age   2:     102144 bytes,    1600664 total
- age   3:     110416 bytes,    1711080 total
- age   4:    2297680 bytes,    4008760 total
- age   5:    3897912 bytes,    7906672 total
- age   6:    3299856 bytes,   11206528 total
- age   7:    3191072 bytes,   14397600 total
- age   8:    3983352 bytes,   18380952 total
: 109248K->21824K(109248K), 0.0135099 secs] 340850K->254170K(502464K), 0.0136096 secs] [Times: user=0.06 sys=0.00, real=0.01 secs] 
Heap after GC invocations=431 (full 57):
 par new generation   total 109248K, used 21824K [0x00000000e0000000, 0x00000000e8000000, 0x00000000e8000000)
  eden space 87424K,   0% used [0x00000000e0000000, 0x00000000e0000000, 0x00000000e5560000)
  from space 21824K, 100% used [0x00000000e6ab0000, 0x00000000e8000000, 0x00000000e8000000)
  to   space 21824K,   0% used [0x00000000e5560000, 0x00000000e5560000, 0x00000000e6ab0000)
 concurrent mark-sweep generation total 393216K, used 232346K [0x00000000e8000000, 0x0000000100000000, 0x0000000100000000)
 Metaspace       used 43955K, capacity 45229K, committed 45632K, reserved 1089536K
  class space    used 5313K, capacity 5616K, committed 5732K, reserved 1048576K
}
2019-02-22T17:26:46.917-0700: 81503.282: Total time for which application threads were stopped: 0.0140347 seconds, Stopping threads took: 0.0000632 seconds
{Heap before GC invocations=431 (full 57):
 par new generation   total 109248K, used 109248K [0x00000000e0000000, 0x00000000e8000000, 0x00000000e8000000)
  eden space 87424K, 100% used [0x00000000e0000000, 0x00000000e5560000, 0x00000000e5560000)
  from space 21824K, 100% used [0x00000000e6ab0000, 0x00000000e8000000, 0x00000000e8000000)
  to   space 21824K,   0% used [0x00000000e5560000, 0x00000000e5560000, 0x00000000e6ab0000)
 concurrent mark-sweep generation total 393216K, used 228459K [0x00000000e8000000, 0x0000000100000000, 0x0000000100000000)
 Metaspace       used 43955K, capacity 45229K, committed 45632K, reserved 1089536K
  class space    used 5313K, capacity 5616K, committed 5732K, reserved 1048576K
2019-02-22T17:26:46.960-0700: 81503.325: [GC (Allocation Failure) 2019-02-22T17:26:46.960-0700: 81503.325: [ParNew
Desired survivor size 20112992 bytes, new threshold 8 (max 8)
- age   1:    1036056 bytes,    1036056 total
- age   2:    1197216 bytes,    2233272 total
- age   3:      30616 bytes,    2263888 total
- age   4:     108944 bytes,    2372832 total
- age   5:    1019216 bytes,    3392048 total
- age   6:    3408168 bytes,    6800216 total
- age   7:    2613032 bytes,    9413248 total
- age   8:    2881072 bytes,   12294320 total
: 109248K->21824K(109248K), 0.0187219 secs] 337707K->257087K(502464K), 0.0188499 secs] [Times: user=0.05 sys=0.00, real=0.02 secs] 
Heap after GC invocations=432 (full 57):
 par new generation   total 109248K, used 21824K [0x00000000e0000000, 0x00000000e8000000, 0x00000000e8000000)
  eden space 87424K,   0% used [0x00000000e0000000, 0x00000000e0000000, 0x00000000e5560000)
  from space 21824K, 100% used [0x00000000e5560000, 0x00000000e6ab0000, 0x00000000e6ab0000)
  to   space 21824K,   0% used [0x00000000e6ab0000, 0x00000000e6ab0000, 0x00000000e8000000)
 concurrent mark-sweep generation total 393216K, used 235263K [0x00000000e8000000, 0x0000000100000000, 0x0000000100000000)
 Metaspace       used 43955K, capacity 45229K, committed 45632K, reserved 1089536K
  class space    used 5313K, capacity 5616K, committed 5732K, reserved 1048576K
}
2019-02-22T17:26:46.979-0700: 81503.344: Total time for which application threads were stopped: 0.0205535 seconds, Stopping threads took: 0.0010111 seconds
2019-02-22T17:26:47.002-0700: 81503.367: [CMS-concurrent-sweep: 0.141/0.199 secs] [Times: user=0.78 sys=0.06, real=0.20 secs] 
2019-02-22T17:26:47.002-0700: 81503.367: [CMS-concurrent-reset-start]
2019-02-22T17:26:47.003-0700: 81503.368: [CMS-concurrent-reset: 0.001/0.001 secs] [Times: user=0.00 sys=0.00, real=0.00 secs] 
{Heap before GC invocations=432 (full 57):
 par new generation   total 109248K, used 109248K [0x00000000e0000000, 0x00000000e8000000, 0x00000000e8000000)
  eden space 87424K, 100% used [0x00000000e0000000, 0x00000000e5560000, 0x00000000e5560000)
  from space 21824K, 100% used [0x00000000e5560000, 0x00000000e6ab0000, 0x00000000e6ab0000)
  to   space 21824K,   0% used [0x00000000e6ab0000, 0x00000000e6ab0000, 0x00000000e8000000)
 concurrent mark-sweep generation total 393216K, used 231935K [0x00000000e8000000, 0x0000000100000000, 0x0000000100000000)
 Metaspace       used 43955K, capacity 45229K, committed 45632K, reserved 1089536K
  class space    used 5313K, capacity 5616K, committed 5732K, reserved 1048576K
2019-02-22T17:26:47.016-0700: 81503.381: [GC (Allocation Failure) 2019-02-22T17:26:47.016-0700: 81503.381: [ParNew
Desired survivor size 20112992 bytes, new threshold 8 (max 8)
- age   1:    1206632 bytes,    1206632 total
- age   2:     823824 bytes,    2030456 total
- age   3:     804080 bytes,    2834536 total
- age   4:      25312 bytes,    2859848 total
- age   5:     108944 bytes,    2968792 total
- age   6:    1019216 bytes,    3988008 total
- age   7:    3473736 bytes,    7461744 total
- age   8:    2613032 bytes,   10074776 total
: 109248K->11750K(109248K), 0.0128180 secs] 341183K->246471K(502464K), 0.0129629 secs] [Times: user=0.00 sys=0.00, real=0.01 secs] 
Heap after GC invocations=433 (full 57):
 par new generation   total 109248K, used 11750K [0x00000000e0000000, 0x00000000e8000000, 0x00000000e8000000)
  eden space 87424K,   0% used [0x00000000e0000000, 0x00000000e0000000, 0x00000000e5560000)
  from space 21824K,  53% used [0x00000000e6ab0000, 0x00000000e7629b08, 0x00000000e8000000)
  to   space 21824K,   0% used [0x00000000e5560000, 0x00000000e5560000, 0x00000000e6ab0000)
 concurrent mark-sweep generation total 393216K, used 234721K [0x00000000e8000000, 0x0000000100000000, 0x0000000100000000)
 Metaspace       used 43955K, capacity 45229K, committed 45632K, reserved 1089536K
  class space    used 5313K, capacity 5616K, committed 5732K, reserved 1048576K
}
2019-02-22T17:26:47.029-0700: 81503.394: Total time for which application threads were stopped: 0.0135017 seconds, Stopping threads took: 0.0001105 seconds
2019-02-22T17:26:47.029-0700: 81503.394: [GC (CMS Initial Mark) [1 CMS-initial-mark: 234721K(393216K)] 247761K(502464K), 0.0023523 secs] [Times: user=0.00 sys=0.00, real=0.00 secs] 
2019-02-22T17:26:47.031-0700: 81503.397: Total time for which application threads were stopped: 0.0027440 seconds, Stopping threads took: 0.0001116 seconds
2019-02-22T17:26:47.032-0700: 81503.397: [CMS-concurrent-mark-start]
2019-02-22T17:26:47.056-0700: 81503.421: Total time for which application threads were stopped: 0.0006559 seconds, Stopping threads took: 0.0002452 seconds
2019-02-22T17:26:47.056-0700: 81503.421: Total time for which application threads were stopped: 0.0002550 seconds, Stopping threads took: 0.0000766 seconds
2019-02-22T17:26:47.058-0700: 81503.423: Total time for which application threads were stopped: 0.0004832 seconds, Stopping threads took: 0.0001131 seconds
2019-02-22T17:26:47.067-0700: 81503.432: Total time for which application threads were stopped: 0.0004169 seconds, Stopping threads took: 0.0000565 seconds
2019-02-22T17:26:47.068-0700: 81503.433: Total time for which application threads were stopped: 0.0003002 seconds, Stopping threads took: 0.0000350 seconds
{Heap before GC invocations=433 (full 58):
 par new generation   total 109248K, used 99174K [0x00000000e0000000, 0x00000000e8000000, 0x00000000e8000000)
  eden space 87424K, 100% used [0x00000000e0000000, 0x00000000e5560000, 0x00000000e5560000)
  from space 21824K,  53% used [0x00000000e6ab0000, 0x00000000e7629b08, 0x00000000e8000000)
  to   space 21824K,   0% used [0x00000000e5560000, 0x00000000e5560000, 0x00000000e6ab0000)
 concurrent mark-sweep generation total 393216K, used 234721K [0x00000000e8000000, 0x0000000100000000, 0x0000000100000000)
 Metaspace       used 43957K, capacity 45229K, committed 45632K, reserved 1089536K
  class space    used 5313K, capacity 5616K, committed 5732K, reserved 1048576K
2019-02-22T17:26:47.087-0700: 81503.452: [GC (Allocation Failure) 2019-02-22T17:26:47.088-0700: 81503.453: [ParNew
Desired survivor size 20112992 bytes, new threshold 7 (max 8)
- age   1:   17498400 bytes,   17498400 total
- age   2:     624120 bytes,   18122520 total
- age   3:     822640 bytes,   18945160 total
- age   4:     689128 bytes,   19634288 total
- age   5:      21216 bytes,   19655504 total
- age   6:     108944 bytes,   19764448 total
- age   7:     676440 bytes,   20440888 total
- age   8:    1844472 bytes,   22285360 total
: 99174K->21824K(109248K), 0.0216191 secs] 333895K->263937K(502464K), 0.0217512 secs] [Times: user=0.06 sys=0.00, real=0.02 secs] 
Heap after GC invocations=434 (full 58):
 par new generation   total 109248K, used 21824K [0x00000000e0000000, 0x00000000e8000000, 0x00000000e8000000)
  eden space 87424K,   0% used [0x00000000e0000000, 0x00000000e0000000, 0x00000000e5560000)
  from space 21824K, 100% used [0x00000000e5560000, 0x00000000e6ab0000, 0x00000000e6ab0000)
  to   space 21824K,   0% used [0x00000000e6ab0000, 0x00000000e6ab0000, 0x00000000e8000000)
 concurrent mark-sweep generation total 393216K, used 242113K [0x00000000e8000000, 0x0000000100000000, 0x0000000100000000)
 Metaspace       used 43957K, capacity 45229K, committed 45632K, reserved 1089536K
  class space    used 5313K, capacity 5616K, committed 5732K, reserved 1048576K
}
2019-02-22T17:26:47.109-0700: 81503.474: Total time for which application threads were stopped: 0.0224652 seconds, Stopping threads took: 0.0000648 seconds
2019-02-22T17:26:47.148-0700: 81503.514: [CMS-concurrent-mark: 0.090/0.117 secs] [Times: user=0.63 sys=0.00, real=0.12 secs] 
2019-02-22T17:26:47.148-0700: 81503.514: [CMS-concurrent-preclean-start]
{Heap before GC invocations=434 (full 58):
 par new generation   total 109248K, used 109248K [0x00000000e0000000, 0x00000000e8000000, 0x00000000e8000000)
  eden space 87424K, 100% used [0x00000000e0000000, 0x00000000e5560000, 0x00000000e5560000)
  from space 21824K, 100% used [0x00000000e5560000, 0x00000000e6ab0000, 0x00000000e6ab0000)
  to   space 21824K,   0% used [0x00000000e6ab0000, 0x00000000e6ab0000, 0x00000000e8000000)
 concurrent mark-sweep generation total 393216K, used 242113K [0x00000000e8000000, 0x0000000100000000, 0x0000000100000000)
 Metaspace       used 43957K, capacity 45229K, committed 45632K, reserved 1089536K
  class space    used 5313K, capacity 5616K, committed 5732K, reserved 1048576K
2019-02-22T17:26:47.182-0700: 81503.548: [GC (Allocation Failure) 2019-02-22T17:26:47.182-0700: 81503.548: [ParNew
Desired survivor size 20112992 bytes, new threshold 8 (max 8)
- age   1:    3056328 bytes,    3056328 total
- age   2:   14590256 bytes,   17646584 total
- age   3:     421392 bytes,   18067976 total
- age   4:     428424 bytes,   18496400 total
- age   5:     539752 bytes,   19036152 total
- age   6:      17104 bytes,   19053256 total
- age   7:     138648 bytes,   19191904 total
: 109248K->21824K(109248K), 0.0181765 secs] 351361K->268644K(502464K), 0.0182680 secs] [Times: user=0.06 sys=0.00, real=0.02 secs] 
Heap after GC invocations=435 (full 58):
 par new generation   total 109248K, used 21824K [0x00000000e0000000, 0x00000000e8000000, 0x00000000e8000000)
  eden space 87424K,   0% used [0x00000000e0000000, 0x00000000e0000000, 0x00000000e5560000)
  from space 21824K, 100% used [0x00000000e6ab0000, 0x00000000e8000000, 0x00000000e8000000)
  to   space 21824K,   0% used [0x00000000e5560000, 0x00000000e5560000, 0x00000000e6ab0000)
 concurrent mark-sweep generation total 393216K, used 246820K [0x00000000e8000000, 0x0000000100000000, 0x0000000100000000)
 Metaspace       used 43957K, capacity 45229K, committed 45632K, reserved 1089536K
  class space    used 5313K, capacity 5616K, committed 5732K, reserved 1048576K
}
2019-02-22T17:26:47.201-0700: 81503.566: Total time for which application threads were stopped: 0.0188119 seconds, Stopping threads took: 0.0000992 seconds
2019-02-22T17:26:47.202-0700: 81503.567: [CMS-concurrent-preclean: 0.032/0.053 secs] [Times: user=0.13 sys=0.02, real=0.05 secs] 
2019-02-22T17:26:47.202-0700: 81503.567: [CMS-concurrent-abortable-preclean-start]
2019-02-22T17:26:47.269-0700: 81503.634: Total time for which application threads were stopped: 0.0005177 seconds, Stopping threads took: 0.0001177 seconds
{Heap before GC invocations=435 (full 58):
 par new generation   total 109248K, used 109248K [0x00000000e0000000, 0x00000000e8000000, 0x00000000e8000000)
  eden space 87424K, 100% used [0x00000000e0000000, 0x00000000e5560000, 0x00000000e5560000)
  from space 21824K, 100% used [0x00000000e6ab0000, 0x00000000e8000000, 0x00000000e8000000)
  to   space 21824K,   0% used [0x00000000e5560000, 0x00000000e5560000, 0x00000000e6ab0000)
 concurrent mark-sweep generation total 393216K, used 246820K [0x00000000e8000000, 0x0000000100000000, 0x0000000100000000)
 Metaspace       used 43958K, capacity 45229K, committed 45632K, reserved 1089536K
  class space    used 5313K, capacity 5616K, committed 5732K, reserved 1048576K
2019-02-22T17:26:47.274-0700: 81503.640: [GC (Allocation Failure) 2019-02-22T17:26:47.274-0700: 81503.640: [ParNew
Desired survivor size 20112992 bytes, new threshold 3 (max 8)
- age   1:   16558696 bytes,   16558696 total
- age   2:    2086920 bytes,   18645616 total
- age   3:    2546536 bytes,   21192152 total
- age   4:     213936 bytes,   21406088 total
- age   5:     300128 bytes,   21706216 total
- age   6:     538384 bytes,   22244600 total
- age   7:      17104 bytes,   22261704 total
- age   8:     105864 bytes,   22367568 total
: 109248K->21824K(109248K), 0.0264548 secs] 356068K->285465K(502464K), 0.0265808 secs] [Times: user=0.16 sys=0.00, real=0.03 secs] 
Heap after GC invocations=436 (full 58):
 par new generation   total 109248K, used 21824K [0x00000000e0000000, 0x00000000e8000000, 0x00000000e8000000)
  eden space 87424K,   0% used [0x00000000e0000000, 0x00000000e0000000, 0x00000000e5560000)
  from space 21824K, 100% used [0x00000000e5560000, 0x00000000e6ab0000, 0x00000000e6ab0000)
  to   space 21824K,   0% used [0x00000000e6ab0000, 0x00000000e6ab0000, 0x00000000e8000000)
 concurrent mark-sweep generation total 393216K, used 263641K [0x00000000e8000000, 0x0000000100000000, 0x0000000100000000)
 Metaspace       used 43958K, capacity 45229K, committed 45632K, reserved 1089536K
  class space    used 5313K, capacity 5616K, committed 5732K, reserved 1048576K
}
2019-02-22T17:26:47.301-0700: 81503.667: Total time for which application threads were stopped: 0.0273035 seconds, Stopping threads took: 0.0002760 seconds
2019-02-22T17:26:47.368-0700: 81503.733: [CMS-concurrent-abortable-preclean: 0.134/0.166 secs] [Times: user=0.91 sys=0.06, real=0.17 secs] 
2019-02-22T17:26:47.368-0700: 81503.734: [GC (CMS Final Remark) [YG occupancy: 66398 K (109248 K)]{Heap before GC invocations=436 (full 58):
 par new generation   total 109248K, used 66398K [0x00000000e0000000, 0x00000000e8000000, 0x00000000e8000000)
  eden space 87424K,  50% used [0x00000000e0000000, 0x00000000e2b87bc8, 0x00000000e5560000)
  from space 21824K, 100% used [0x00000000e5560000, 0x00000000e6ab0000, 0x00000000e6ab0000)
  to   space 21824K,   0% used [0x00000000e6ab0000, 0x00000000e6ab0000, 0x00000000e8000000)
 concurrent mark-sweep generation total 393216K, used 263641K [0x00000000e8000000, 0x0000000100000000, 0x0000000100000000)
 Metaspace       used 43958K, capacity 45229K, committed 45632K, reserved 1089536K
  class space    used 5313K, capacity 5616K, committed 5732K, reserved 1048576K
2019-02-22T17:26:47.368-0700: 81503.734: [GC (CMS Final Remark) 2019-02-22T17:26:47.368-0700: 81503.734: [ParNew
Desired survivor size 20112992 bytes, new threshold 2 (max 8)
- age   1:    9238248 bytes,    9238248 total
- age   2:   11378304 bytes,   20616552 total
- age   3:    1744168 bytes,   22360720 total
: 66398K->21824K(109248K), 0.0331134 secs] 330040K->308188K(502464K), 0.0332460 secs] [Times: user=0.14 sys=0.00, real=0.03 secs] 
Heap after GC invocations=437 (full 58):
 par new generation   total 109248K, used 21824K [0x00000000e0000000, 0x00000000e8000000, 0x00000000e8000000)
  eden space 87424K,   0% used [0x00000000e0000000, 0x00000000e0000000, 0x00000000e5560000)
  from space 21824K, 100% used [0x00000000e6ab0000, 0x00000000e8000000, 0x00000000e8000000)
  to   space 21824K,   0% used [0x00000000e5560000, 0x00000000e5560000, 0x00000000e6ab0000)
 concurrent mark-sweep generation total 393216K, used 286364K [0x00000000e8000000, 0x0000000100000000, 0x0000000100000000)
 Metaspace       used 43958K, capacity 45229K, committed 45632K, reserved 1089536K
  class space    used 5313K, capacity 5616K, committed 5732K, reserved 1048576K
}
2019-02-22T17:26:47.402-0700: 81503.767: [Rescan (parallel) , 0.0149755 secs]2019-02-22T17:26:47.417-0700: 81503.782: [weak refs processing, 0.0007582 secs]2019-02-22T17:26:47.417-0700: 81503.783: [class unloading, 0.0136446 secs]2019-02-22T17:26:47.431-0700: 81503.797: [scrub symbol table, 0.0127486 secs]2019-02-22T17:26:47.444-0700: 81503.809: [scrub string table, 0.0005074 secs][1 CMS-remark: 286364K(393216K)] 308188K(502464K), 0.0763223 secs] [Times: user=0.23 sys=0.00, real=0.08 secs] 
2019-02-22T17:26:47.445-0700: 81503.810: Total time for which application threads were stopped: 0.0766796 seconds, Stopping threads took: 0.0000977 seconds
2019-02-22T17:26:47.445-0700: 81503.810: [CMS-concurrent-sweep-start]
2019-02-22T17:26:47.557-0700: 81503.923: [CMS-concurrent-sweep: 0.113/0.113 secs] [Times: user=0.55 sys=0.02, real=0.11 secs] 
2019-02-22T17:26:47.558-0700: 81503.923: [CMS-concurrent-reset-start]
2019-02-22T17:26:47.558-0700: 81503.923: [CMS-concurrent-reset: 0.001/0.001 secs] [Times: user=0.00 sys=0.00, real=0.00 secs] 
{Heap before GC invocations=437 (full 58):
 par new generation   total 109248K, used 109248K [0x00000000e0000000, 0x00000000e8000000, 0x00000000e8000000)
  eden space 87424K, 100% used [0x00000000e0000000, 0x00000000e5560000, 0x00000000e5560000)
  from space 21824K, 100% used [0x00000000e6ab0000, 0x00000000e8000000, 0x00000000e8000000)
  to   space 21824K,   0% used [0x00000000e5560000, 0x00000000e5560000, 0x00000000e6ab0000)
 concurrent mark-sweep generation total 393216K, used 229066K [0x00000000e8000000, 0x0000000100000000, 0x0000000100000000)
 Metaspace       used 43958K, capacity 45229K, committed 45632K, reserved 1089536K
  class space    used 5313K, capacity 5616K, committed 5732K, reserved 1048576K
2019-02-22T17:26:47.619-0700: 81503.984: [GC (Allocation Failure) 2019-02-22T17:26:47.619-0700: 81503.984: [ParNew
Desired survivor size 20112992 bytes, new threshold 8 (max 8)
- age   1:   13876144 bytes,   13876144 total
- age   2:    4898024 bytes,   18774168 total
: 109248K->21824K(109248K), 0.0350118 secs] 338314K->272376K(502464K), 0.0351203 secs] [Times: user=0.14 sys=0.02, real=0.03 secs] 
Heap after GC invocations=438 (full 58):
 par new generation   total 109248K, used 21824K [0x00000000e0000000, 0x00000000e8000000, 0x00000000e8000000)
  eden space 87424K,   0% used [0x00000000e0000000, 0x00000000e0000000, 0x00000000e5560000)
  from space 21824K, 100% used [0x00000000e5560000, 0x00000000e6ab0000, 0x00000000e6ab0000)
  to   space 21824K,   0% used [0x00000000e6ab0000, 0x00000000e6ab0000, 0x00000000e8000000)
 concurrent mark-sweep generation total 393216K, used 250552K [0x00000000e8000000, 0x0000000100000000, 0x0000000100000000)
 Metaspace       used 43958K, capacity 45229K, committed 45632K, reserved 1089536K
  class space    used 5313K, capacity 5616K, committed 5732K, reserved 1048576K
}
2019-02-22T17:26:47.654-0700: 81504.019: Total time for which application threads were stopped: 0.0355521 seconds, Stopping threads took: 0.0000607 seconds
2019-02-22T17:26:47.656-0700: 81504.022: [GC (CMS Initial Mark) [1 CMS-initial-mark: 250552K(393216K)] 273538K(502464K), 0.0034956 secs] [Times: user=0.00 sys=0.00, real=0.00 secs] 
2019-02-22T17:26:47.660-0700: 81504.025: Total time for which application threads were stopped: 0.0053852 seconds, Stopping threads took: 0.0006585 seconds
2019-02-22T17:26:47.660-0700: 81504.025: [CMS-concurrent-mark-start]
2019-02-22T17:26:47.745-0700: 81504.111: [CMS-concurrent-mark: 0.085/0.085 secs] [Times: user=0.41 sys=0.02, real=0.08 secs] 
2019-02-22T17:26:47.745-0700: 81504.111: [CMS-concurrent-preclean-start]
2019-02-22T17:26:47.765-0700: 81504.130: [CMS-concurrent-preclean: 0.018/0.019 secs] [Times: user=0.08 sys=0.02, real=0.02 secs] 
2019-02-22T17:26:47.765-0700: 81504.130: [CMS-concurrent-abortable-preclean-start]
{Heap before GC invocations=438 (full 59):
 par new generation   total 109248K, used 109248K [0x00000000e0000000, 0x00000000e8000000, 0x00000000e8000000)
  eden space 87424K, 100% used [0x00000000e0000000, 0x00000000e5560000, 0x00000000e5560000)
  from space 21824K, 100% used [0x00000000e5560000, 0x00000000e6ab0000, 0x00000000e6ab0000)
  to   space 21824K,   0% used [0x00000000e6ab0000, 0x00000000e6ab0000, 0x00000000e8000000)
 concurrent mark-sweep generation total 393216K, used 250552K [0x00000000e8000000, 0x0000000100000000, 0x0000000100000000)
 Metaspace       used 43958K, capacity 45229K, committed 45632K, reserved 1089536K
  class space    used 5313K, capacity 5616K, committed 5732K, reserved 1048576K
2019-02-22T17:26:48.084-0700: 81504.449: [GC (Allocation Failure) 2019-02-22T17:26:48.084-0700: 81504.450: [ParNew
Desired survivor size 20112992 bytes, new threshold 3 (max 8)
- age   1:    9321768 bytes,    9321768 total
- age   2:    9444800 bytes,   18766568 total
- age   3:    3589784 bytes,   22356352 total
: 109248K->21824K(109248K), 0.0172327 secs] 359800K->277119K(502464K), 0.0172974 secs] [Times: user=0.06 sys=0.00, real=0.02 secs] 
Heap after GC invocations=439 (full 59):
 par new generation   total 109248K, used 21824K [0x00000000e0000000, 0x00000000e8000000, 0x00000000e8000000)
  eden space 87424K,   0% used [0x00000000e0000000, 0x00000000e0000000, 0x00000000e5560000)
  from space 21824K, 100% used [0x00000000e6ab0000, 0x00000000e8000000, 0x00000000e8000000)
  to   space 21824K,   0% used [0x00000000e5560000, 0x00000000e5560000, 0x00000000e6ab0000)
 concurrent mark-sweep generation total 393216K, used 255295K [0x00000000e8000000, 0x0000000100000000, 0x0000000100000000)
 Metaspace       used 43958K, capacity 45229K, committed 45632K, reserved 1089536K
  class space    used 5313K, capacity 5616K, committed 5732K, reserved 1048576K
}
2019-02-22T17:26:48.101-0700: 81504.467: Total time for which application threads were stopped: 0.0176192 seconds, Stopping threads took: 0.0000293 seconds
{Heap before GC invocations=439 (full 59):
 par new generation   total 109248K, used 108849K [0x00000000e0000000, 0x00000000e8000000, 0x00000000e8000000)
  eden space 87424K,  99% used [0x00000000e0000000, 0x00000000e54fc5f8, 0x00000000e5560000)
  from space 21824K, 100% used [0x00000000e6ab0000, 0x00000000e8000000, 0x00000000e8000000)
  to   space 21824K,   0% used [0x00000000e5560000, 0x00000000e5560000, 0x00000000e6ab0000)
 concurrent mark-sweep generation total 393216K, used 255295K [0x00000000e8000000, 0x0000000100000000, 0x0000000100000000)
 Metaspace       used 43958K, capacity 45229K, committed 45632K, reserved 1089536K
  class space    used 5313K, capacity 5616K, committed 5732K, reserved 1048576K
2019-02-22T17:26:48.122-0700: 81504.487: [GC (Allocation Failure) 2019-02-22T17:26:48.122-0700: 81504.487: [ParNew
Desired survivor size 20112992 bytes, new threshold 3 (max 8)
- age   1:    4443456 bytes,    4443456 total
- age   2:    8614992 bytes,   13058448 total
- age   3:    9261952 bytes,   22320400 total
: 108849K->21824K(109248K), 0.0272100 secs] 364144K->293816K(502464K), 0.0273549 secs] [Times: user=0.11 sys=0.00, real=0.03 secs] 
Heap after GC invocations=440 (full 59):
 par new generation   total 109248K, used 21824K [0x00000000e0000000, 0x00000000e8000000, 0x00000000e8000000)
  eden space 87424K,   0% used [0x00000000e0000000, 0x00000000e0000000, 0x00000000e5560000)
  from space 21824K, 100% used [0x00000000e5560000, 0x00000000e6ab0000, 0x00000000e6ab0000)
  to   space 21824K,   0% used [0x00000000e6ab0000, 0x00000000e6ab0000, 0x00000000e8000000)
 concurrent mark-sweep generation total 393216K, used 271992K [0x00000000e8000000, 0x0000000100000000, 0x0000000100000000)
 Metaspace       used 43958K, capacity 45229K, committed 45632K, reserved 1089536K
  class space    used 5313K, capacity 5616K, committed 5732K, reserved 1048576K
}
2019-02-22T17:26:48.149-0700: 81504.514: Total time for which application threads were stopped: 0.0279039 seconds, Stopping threads took: 0.0001028 seconds
{Heap before GC invocations=440 (full 59):
 par new generation   total 109248K, used 108753K [0x00000000e0000000, 0x00000000e8000000, 0x00000000e8000000)
  eden space 87424K,  99% used [0x00000000e0000000, 0x00000000e54e4670, 0x00000000e5560000)
  from space 21824K, 100% used [0x00000000e5560000, 0x00000000e6ab0000, 0x00000000e6ab0000)
  to   space 21824K,   0% used [0x00000000e6ab0000, 0x00000000e6ab0000, 0x00000000e8000000)
 concurrent mark-sweep generation total 393216K, used 271992K [0x00000000e8000000, 0x0000000100000000, 0x0000000100000000)
 Metaspace       used 43958K, capacity 45229K, committed 45632K, reserved 1089536K
  class space    used 5313K, capacity 5616K, committed 5732K, reserved 1048576K
2019-02-22T17:26:48.160-0700: 81504.525: [GC (Allocation Failure) 2019-02-22T17:26:48.160-0700: 81504.525: [ParNew
Desired survivor size 20112992 bytes, new threshold 8 (max 8)
- age   1:     738904 bytes,     738904 total
- age   2:    4353664 bytes,    5092568 total
- age   3:    8645696 bytes,   13738264 total
: 108753K->21629K(109248K), 0.0190200 secs] 380746K->302443K(502464K), 0.0191285 secs] [Times: user=0.06 sys=0.00, real=0.02 secs] 
Heap after GC invocations=441 (full 59):
 par new generation   total 109248K, used 21629K [0x00000000e0000000, 0x00000000e8000000, 0x00000000e8000000)
  eden space 87424K,   0% used [0x00000000e0000000, 0x00000000e0000000, 0x00000000e5560000)
  from space 21824K,  99% used [0x00000000e6ab0000, 0x00000000e7fcf460, 0x00000000e8000000)
  to   space 21824K,   0% used [0x00000000e5560000, 0x00000000e5560000, 0x00000000e6ab0000)
 concurrent mark-sweep generation total 393216K, used 280814K [0x00000000e8000000, 0x0000000100000000, 0x0000000100000000)
 Metaspace       used 43958K, capacity 45229K, committed 45632K, reserved 1089536K
  class space    used 5313K, capacity 5616K, committed 5732K, reserved 1048576K
}
2019-02-22T17:26:48.179-0700: 81504.544: Total time for which application threads were stopped: 0.0209729 seconds, Stopping threads took: 0.0003341 seconds
{Heap before GC invocations=441 (full 59):
 par new generation   total 109248K, used 108872K [0x00000000e0000000, 0x00000000e8000000, 0x00000000e8000000)
  eden space 87424K,  99% used [0x00000000e0000000, 0x00000000e5532bb8, 0x00000000e5560000)
  from space 21824K,  99% used [0x00000000e6ab0000, 0x00000000e7fcf460, 0x00000000e8000000)
  to   space 21824K,   0% used [0x00000000e5560000, 0x00000000e5560000, 0x00000000e6ab0000)
 concurrent mark-sweep generation total 393216K, used 280814K [0x00000000e8000000, 0x0000000100000000, 0x0000000100000000)
 Metaspace       used 43958K, capacity 45229K, committed 45632K, reserved 1089536K
  class space    used 5313K, capacity 5616K, committed 5732K, reserved 1048576K
2019-02-22T17:26:48.187-0700: 81504.552: [GC (Allocation Failure) 2019-02-22T17:26:48.187-0700: 81504.553: [ParNew
Desired survivor size 20112992 bytes, new threshold 8 (max 8)
- age   1:     655184 bytes,     655184 total
- age   2:     115816 bytes,     771000 total
- age   3:    4227104 bytes,    4998104 total
- age   4:    8595440 bytes,   13593544 total
: 108872K->18018K(109248K), 0.0107006 secs] 389686K->298832K(502464K), 0.0108491 secs] [Times: user=0.03 sys=0.00, real=0.01 secs] 
Heap after GC invocations=442 (full 59):
 par new generation   total 109248K, used 18018K [0x00000000e0000000, 0x00000000e8000000, 0x00000000e8000000)
  eden space 87424K,   0% used [0x00000000e0000000, 0x00000000e0000000, 0x00000000e5560000)
  from space 21824K,  82% used [0x00000000e5560000, 0x00000000e66f8ad0, 0x00000000e6ab0000)
  to   space 21824K,   0% used [0x00000000e6ab0000, 0x00000000e6ab0000, 0x00000000e8000000)
 concurrent mark-sweep generation total 393216K, used 280814K [0x00000000e8000000, 0x0000000100000000, 0x0000000100000000)
 Metaspace       used 43958K, capacity 45229K, committed 45632K, reserved 1089536K
  class space    used 5313K, capacity 5616K, committed 5732K, reserved 1048576K
}
2019-02-22T17:26:48.198-0700: 81504.563: Total time for which application threads were stopped: 0.0115750 seconds, Stopping threads took: 0.0001501 seconds
{Heap before GC invocations=442 (full 59):
 par new generation   total 109248K, used 105173K [0x00000000e0000000, 0x00000000e8000000, 0x00000000e8000000)
  eden space 87424K,  99% used [0x00000000e0000000, 0x00000000e551cc68, 0x00000000e5560000)
  from space 21824K,  82% used [0x00000000e5560000, 0x00000000e66f8ad0, 0x00000000e6ab0000)
  to   space 21824K,   0% used [0x00000000e6ab0000, 0x00000000e6ab0000, 0x00000000e8000000)
 concurrent mark-sweep generation total 393216K, used 280814K [0x00000000e8000000, 0x0000000100000000, 0x0000000100000000)
 Metaspace       used 43958K, capacity 45229K, committed 45632K, reserved 1089536K
  class space    used 5313K, capacity 5616K, committed 5732K, reserved 1048576K
2019-02-22T17:26:48.207-0700: 81504.572: [GC (Allocation Failure) 2019-02-22T17:26:48.207-0700: 81504.572: [ParNew
Desired survivor size 20112992 bytes, new threshold 8 (max 8)
- age   1:     606120 bytes,     606120 total
- age   2:      61280 bytes,     667400 total
- age   3:     112296 bytes,     779696 total
- age   4:    3876184 bytes,    4655880 total
- age   5:    8655056 bytes,   13310936 total
: 105173K->15665K(109248K), 0.0100678 secs] 385988K->296479K(502464K), 0.0101834 secs] [Times: user=0.00 sys=0.00, real=0.01 secs] 
Heap after GC invocations=443 (full 59):
 par new generation   total 109248K, used 15665K [0x00000000e0000000, 0x00000000e8000000, 0x00000000e8000000)
  eden space 87424K,   0% used [0x00000000e0000000, 0x00000000e0000000, 0x00000000e5560000)
  from space 21824K,  71% used [0x00000000e6ab0000, 0x00000000e79fc5a8, 0x00000000e8000000)
  to   space 21824K,   0% used [0x00000000e5560000, 0x00000000e5560000, 0x00000000e6ab0000)
 concurrent mark-sweep generation total 393216K, used 280814K [0x00000000e8000000, 0x0000000100000000, 0x0000000100000000)
 Metaspace       used 43958K, capacity 45229K, committed 45632K, reserved 1089536K
  class space    used 5313K, capacity 5616K, committed 5732K, reserved 1048576K
}
2019-02-22T17:26:48.218-0700: 81504.583: Total time for which application threads were stopped: 0.0107109 seconds, Stopping threads took: 0.0000982 seconds
2019-02-22T17:26:48.224-0700: 81504.590: [CMS-concurrent-abortable-preclean: 0.366/0.460 secs] [Times: user=1.42 sys=0.11, real=0.46 secs] 
2019-02-22T17:26:48.227-0700: 81504.592: [GC (CMS Final Remark) [YG occupancy: 86671 K (109248 K)]{Heap before GC invocations=443 (full 59):
 par new generation   total 109248K, used 86671K [0x00000000e0000000, 0x00000000e8000000, 0x00000000e8000000)
  eden space 87424K,  81% used [0x00000000e0000000, 0x00000000e45579e0, 0x00000000e5560000)
  from space 21824K,  71% used [0x00000000e6ab0000, 0x00000000e79fc5a8, 0x00000000e8000000)
  to   space 21824K,   0% used [0x00000000e5560000, 0x00000000e5560000, 0x00000000e6ab0000)
 concurrent mark-sweep generation total 393216K, used 280814K [0x00000000e8000000, 0x0000000100000000, 0x0000000100000000)
 Metaspace       used 43958K, capacity 45229K, committed 45632K, reserved 1089536K
  class space    used 5313K, capacity 5616K, committed 5732K, reserved 1048576K
2019-02-22T17:26:48.227-0700: 81504.592: [GC (CMS Final Remark) 2019-02-22T17:26:48.227-0700: 81504.592: [ParNew
Desired survivor size 20112992 bytes, new threshold 8 (max 8)
- age   1:    1677480 bytes,    1677480 total
- age   2:     508216 bytes,    2185696 total
- age   3:      59912 bytes,    2245608 total
- age   4:     101736 bytes,    2347344 total
- age   5:    3872272 bytes,    6219616 total
- age   6:    8622272 bytes,   14841888 total
: 86671K->17126K(109248K), 0.0098534 secs] 367486K->297940K(502464K), 0.0100673 secs] [Times: user=0.06 sys=0.00, real=0.01 secs] 
Heap after GC invocations=444 (full 59):
 par new generation   total 109248K, used 17126K [0x00000000e0000000, 0x00000000e8000000, 0x00000000e8000000)
  eden space 87424K,   0% used [0x00000000e0000000, 0x00000000e0000000, 0x00000000e5560000)
  from space 21824K,  78% used [0x00000000e5560000, 0x00000000e6619ab0, 0x00000000e6ab0000)
  to   space 21824K,   0% used [0x00000000e6ab0000, 0x00000000e6ab0000, 0x00000000e8000000)
 concurrent mark-sweep generation total 393216K, used 280814K [0x00000000e8000000, 0x0000000100000000, 0x0000000100000000)
 Metaspace       used 43958K, capacity 45229K, committed 45632K, reserved 1089536K
  class space    used 5313K, capacity 5616K, committed 5732K, reserved 1048576K
}
2019-02-22T17:26:48.237-0700: 81504.602: [Rescan (parallel) , 0.0104477 secs]2019-02-22T17:26:48.247-0700: 81504.613: [weak refs processing, 0.0007115 secs]2019-02-22T17:26:48.248-0700: 81504.613: [class unloading, 0.0123718 secs]2019-02-22T17:26:48.260-0700: 81504.626: [scrub symbol table, 0.0084454 secs]2019-02-22T17:26:48.269-0700: 81504.634: [scrub string table, 0.0005279 secs][1 CMS-remark: 280814K(393216K)] 297940K(502464K), 0.0430701 secs] [Times: user=0.09 sys=0.00, real=0.04 secs] 
2019-02-22T17:26:48.269-0700: 81504.635: Total time for which application threads were stopped: 0.0445773 seconds, Stopping threads took: 0.0012281 seconds
2019-02-22T17:26:48.270-0700: 81504.635: [CMS-concurrent-sweep-start]
{Heap before GC invocations=444 (full 59):
 par new generation   total 109248K, used 104219K [0x00000000e0000000, 0x00000000e8000000, 0x00000000e8000000)
  eden space 87424K,  99% used [0x00000000e0000000, 0x00000000e550d280, 0x00000000e5560000)
  from space 21824K,  78% used [0x00000000e5560000, 0x00000000e6619ab0, 0x00000000e6ab0000)
  to   space 21824K,   0% used [0x00000000e6ab0000, 0x00000000e6ab0000, 0x00000000e8000000)
 concurrent mark-sweep generation total 393216K, used 280421K [0x00000000e8000000, 0x0000000100000000, 0x0000000100000000)
 Metaspace       used 43958K, capacity 45229K, committed 45632K, reserved 1089536K
  class space    used 5313K, capacity 5616K, committed 5732K, reserved 1048576K
2019-02-22T17:26:48.282-0700: 81504.647: [GC (Allocation Failure) 2019-02-22T17:26:48.282-0700: 81504.647: [ParNew
Desired survivor size 20112992 bytes, new threshold 8 (max 8)
- age   1:     510784 bytes,     510784 total
- age   2:      69976 bytes,     580760 total
- age   3:      72368 bytes,     653128 total
- age   4:      59832 bytes,     712960 total
- age   5:     101736 bytes,     814696 total
- age   6:    3872104 bytes,    4686800 total
- age   7:    8556656 bytes,   13243456 total
: 104219K->17096K(109248K), 0.0110563 secs] 384641K->297518K(502464K), 0.0111442 secs] [Times: user=0.00 sys=0.00, real=0.01 secs] 
Heap after GC invocations=445 (full 59):
 par new generation   total 109248K, used 17096K [0x00000000e0000000, 0x00000000e8000000, 0x00000000e8000000)
  eden space 87424K,   0% used [0x00000000e0000000, 0x00000000e0000000, 0x00000000e5560000)
  from space 21824K,  78% used [0x00000000e6ab0000, 0x00000000e7b62100, 0x00000000e8000000)
  to   space 21824K,   0% used [0x00000000e5560000, 0x00000000e5560000, 0x00000000e6ab0000)
 concurrent mark-sweep generation total 393216K, used 280421K [0x00000000e8000000, 0x0000000100000000, 0x0000000100000000)
 Metaspace       used 43958K, capacity 45229K, committed 45632K, reserved 1089536K
  class space    used 5313K, capacity 5616K, committed 5732K, reserved 1048576K
}
2019-02-22T17:26:48.293-0700: 81504.658: Total time for which application threads were stopped: 0.0116865 seconds, Stopping threads took: 0.0001465 seconds
{Heap before GC invocations=445 (full 59):
 par new generation   total 109248K, used 104520K [0x00000000e0000000, 0x00000000e8000000, 0x00000000e8000000)
  eden space 87424K, 100% used [0x00000000e0000000, 0x00000000e5560000, 0x00000000e5560000)
  from space 21824K,  78% used [0x00000000e6ab0000, 0x00000000e7b62100, 0x00000000e8000000)
  to   space 21824K,   0% used [0x00000000e5560000, 0x00000000e5560000, 0x00000000e6ab0000)
 concurrent mark-sweep generation total 393216K, used 278523K [0x00000000e8000000, 0x0000000100000000, 0x0000000100000000)
 Metaspace       used 43958K, capacity 45229K, committed 45632K, reserved 1089536K
  class space    used 5313K, capacity 5616K, committed 5732K, reserved 1048576K
2019-02-22T17:26:48.305-0700: 81504.670: [GC (Allocation Failure) 2019-02-22T17:26:48.305-0700: 81504.670: [ParNew
Desired survivor size 20112992 bytes, new threshold 8 (max 8)
- age   1:     683856 bytes,     683856 total
- age   2:      23672 bytes,     707528 total
- age   3:      40312 bytes,     747840 total
- age   4:      33240 bytes,     781080 total
- age   5:      58968 bytes,     840048 total
- age   6:      56352 bytes,     896400 total
- age   7:    3868920 bytes,    4765320 total
- age   8:    8489952 bytes,   13255272 total
: 104520K->14471K(109248K), 0.0100123 secs] 383044K->292994K(502464K), 0.0101469 secs] [Times: user=0.06 sys=0.00, real=0.01 secs] 
Heap after GC invocations=446 (full 59):
 par new generation   total 109248K, used 14471K [0x00000000e0000000, 0x00000000e8000000, 0x00000000e8000000)
  eden space 87424K,   0% used [0x00000000e0000000, 0x00000000e0000000, 0x00000000e5560000)
  from space 21824K,  66% used [0x00000000e5560000, 0x00000000e6381c18, 0x00000000e6ab0000)
  to   space 21824K,   0% used [0x00000000e6ab0000, 0x00000000e6ab0000, 0x00000000e8000000)
 concurrent mark-sweep generation total 393216K, used 278523K [0x00000000e8000000, 0x0000000100000000, 0x0000000100000000)
 Metaspace       used 43958K, capacity 45229K, committed 45632K, reserved 1089536K
  class space    used 5313K, capacity 5616K, committed 5732K, reserved 1048576K
}
2019-02-22T17:26:48.315-0700: 81504.680: Total time for which application threads were stopped: 0.0105469 seconds, Stopping threads took: 0.0000720 seconds
{Heap before GC invocations=446 (full 59):
 par new generation   total 109248K, used 101895K [0x00000000e0000000, 0x00000000e8000000, 0x00000000e8000000)
  eden space 87424K, 100% used [0x00000000e0000000, 0x00000000e5560000, 0x00000000e5560000)
  from space 21824K,  66% used [0x00000000e5560000, 0x00000000e6381c18, 0x00000000e6ab0000)
  to   space 21824K,   0% used [0x00000000e6ab0000, 0x00000000e6ab0000, 0x00000000e8000000)
 concurrent mark-sweep generation total 393216K, used 275963K [0x00000000e8000000, 0x0000000100000000, 0x0000000100000000)
 Metaspace       used 43958K, capacity 45229K, committed 45632K, reserved 1089536K
  class space    used 5313K, capacity 5616K, committed 5732K, reserved 1048576K
2019-02-22T17:26:48.333-0700: 81504.698: [GC (Allocation Failure) 2019-02-22T17:26:48.333-0700: 81504.698: [ParNew
Desired survivor size 20112992 bytes, new threshold 8 (max 8)
- age   1:     948488 bytes,     948488 total
- age   2:      54992 bytes,    1003480 total
- age   3:      23528 bytes,    1027008 total
- age   4:      40128 bytes,    1067136 total
- age   5:      32696 bytes,    1099832 total
- age   6:      58968 bytes,    1158800 total
- age   7:      56352 bytes,    1215152 total
- age   8:    3864744 bytes,    5079896 total
: 101895K->11751K(109248K), 0.0153898 secs] 377858K->295978K(502464K), 0.0155183 secs] [Times: user=0.06 sys=0.00, real=0.02 secs] 
Heap after GC invocations=447 (full 59):
 par new generation   total 109248K, used 11751K [0x00000000e0000000, 0x00000000e8000000, 0x00000000e8000000)
  eden space 87424K,   0% used [0x00000000e0000000, 0x00000000e0000000, 0x00000000e5560000)
  from space 21824K,  53% used [0x00000000e6ab0000, 0x00000000e7629ea0, 0x00000000e8000000)
  to   space 21824K,   0% used [0x00000000e5560000, 0x00000000e5560000, 0x00000000e6ab0000)
 concurrent mark-sweep generation total 393216K, used 284226K [0x00000000e8000000, 0x0000000100000000, 0x0000000100000000)
 Metaspace       used 43958K, capacity 45229K, committed 45632K, reserved 1089536K
  class space    used 5313K, capacity 5616K, committed 5732K, reserved 1048576K
}
2019-02-22T17:26:48.349-0700: 81504.714: Total time for which application threads were stopped: 0.0161439 seconds, Stopping threads took: 0.0001249 seconds
{Heap before GC invocations=447 (full 59):
 par new generation   total 109248K, used 99175K [0x00000000e0000000, 0x00000000e8000000, 0x00000000e8000000)
  eden space 87424K, 100% used [0x00000000e0000000, 0x00000000e5560000, 0x00000000e5560000)
  from space 21824K,  53% used [0x00000000e6ab0000, 0x00000000e7629ea0, 0x00000000e8000000)
  to   space 21824K,   0% used [0x00000000e5560000, 0x00000000e5560000, 0x00000000e6ab0000)
 concurrent mark-sweep generation total 393216K, used 277240K [0x00000000e8000000, 0x0000000100000000, 0x0000000100000000)
 Metaspace       used 43958K, capacity 45229K, committed 45632K, reserved 1089536K
  class space    used 5313K, capacity 5616K, committed 5732K, reserved 1048576K
2019-02-22T17:26:48.374-0700: 81504.739: [GC (Allocation Failure) 2019-02-22T17:26:48.374-0700: 81504.739: [ParNew
Desired survivor size 20112992 bytes, new threshold 8 (max 8)
- age   1:    1360904 bytes,    1360904 total
- age   2:     372616 bytes,    1733520 total
- age   3:      42312 bytes,    1775832 total
- age   4:      23528 bytes,    1799360 total
- age   5:      13560 bytes,    1812920 total
- age   6:      19112 bytes,    1832032 total
- age   7:      58968 bytes,    1891000 total
- age   8:      56352 bytes,    1947352 total
: 99175K->3682K(109248K), 0.0116362 secs] 376416K->284683K(502464K), 0.0117847 secs] [Times: user=0.06 sys=0.00, real=0.01 secs] 
Heap after GC invocations=448 (full 59):
 par new generation   total 109248K, used 3682K [0x00000000e0000000, 0x00000000e8000000, 0x00000000e8000000)
  eden space 87424K,   0% used [0x00000000e0000000, 0x00000000e0000000, 0x00000000e5560000)
  from space 21824K,  16% used [0x00000000e5560000, 0x00000000e58f8820, 0x00000000e6ab0000)
  to   space 21824K,   0% used [0x00000000e6ab0000, 0x00000000e6ab0000, 0x00000000e8000000)
 concurrent mark-sweep generation total 393216K, used 281001K [0x00000000e8000000, 0x0000000100000000, 0x0000000100000000)
 Metaspace       used 43958K, capacity 45229K, committed 45632K, reserved 1089536K
  class space    used 5313K, capacity 5616K, committed 5732K, reserved 1048576K
}
2019-02-22T17:26:48.386-0700: 81504.751: Total time for which application threads were stopped: 0.0126483 seconds, Stopping threads took: 0.0003742 seconds
{Heap before GC invocations=448 (full 59):
 par new generation   total 109248K, used 91106K [0x00000000e0000000, 0x00000000e8000000, 0x00000000e8000000)
  eden space 87424K, 100% used [0x00000000e0000000, 0x00000000e5560000, 0x00000000e5560000)
  from space 21824K,  16% used [0x00000000e5560000, 0x00000000e58f8820, 0x00000000e6ab0000)
  to   space 21824K,   0% used [0x00000000e6ab0000, 0x00000000e6ab0000, 0x00000000e8000000)
 concurrent mark-sweep generation total 393216K, used 272026K [0x00000000e8000000, 0x0000000100000000, 0x0000000100000000)
 Metaspace       used 43958K, capacity 45229K, committed 45632K, reserved 1089536K
  class space    used 5313K, capacity 5616K, committed 5732K, reserved 1048576K
2019-02-22T17:26:48.415-0700: 81504.781: [GC (Allocation Failure) 2019-02-22T17:26:48.415-0700: 81504.781: [ParNew
Desired survivor size 20112992 bytes, new threshold 8 (max 8)
- age   1:    1658200 bytes,    1658200 total
- age   2:     972272 bytes,    2630472 total
- age   3:     289184 bytes,    2919656 total
- age   4:      21944 bytes,    2941600 total
- age   5:      23528 bytes,    2965128 total
- age   6:      13560 bytes,    2978688 total
- age   7:      18800 bytes,    2997488 total
- age   8:      58968 bytes,    3056456 total
: 91106K->3511K(109248K), 0.0078913 secs] 363132K->275593K(502464K), 0.0081581 secs] [Times: user=0.06 sys=0.00, real=0.01 secs] 
Heap after GC invocations=449 (full 59):
 par new generation   total 109248K, used 3511K [0x00000000e0000000, 0x00000000e8000000, 0x00000000e8000000)
  eden space 87424K,   0% used [0x00000000e0000000, 0x00000000e0000000, 0x00000000e5560000)
  from space 21824K,  16% used [0x00000000e6ab0000, 0x00000000e6e1dfb0, 0x00000000e8000000)
  to   space 21824K,   0% used [0x00000000e5560000, 0x00000000e5560000, 0x00000000e6ab0000)
 concurrent mark-sweep generation total 393216K, used 272081K [0x00000000e8000000, 0x0000000100000000, 0x0000000100000000)
 Metaspace       used 43958K, capacity 45229K, committed 45632K, reserved 1089536K
  class space    used 5313K, capacity 5616K, committed 5732K, reserved 1048576K
}
2019-02-22T17:26:48.424-0700: 81504.789: Total time for which application threads were stopped: 0.0087934 seconds, Stopping threads took: 0.0001424 seconds
{Heap before GC invocations=449 (full 59):
 par new generation   total 109248K, used 90911K [0x00000000e0000000, 0x00000000e8000000, 0x00000000e8000000)
  eden space 87424K,  99% used [0x00000000e0000000, 0x00000000e5559eb0, 0x00000000e5560000)
  from space 21824K,  16% used [0x00000000e6ab0000, 0x00000000e6e1dfb0, 0x00000000e8000000)
  to   space 21824K,   0% used [0x00000000e5560000, 0x00000000e5560000, 0x00000000e6ab0000)
 concurrent mark-sweep generation total 393216K, used 265178K [0x00000000e8000000, 0x0000000100000000, 0x0000000100000000)
 Metaspace       used 43958K, capacity 45229K, committed 45632K, reserved 1089536K
  class space    used 5313K, capacity 5616K, committed 5732K, reserved 1048576K
2019-02-22T17:26:48.449-0700: 81504.815: [GC (Allocation Failure) 2019-02-22T17:26:48.450-0700: 81504.815: [ParNew
Desired survivor size 20112992 bytes, new threshold 8 (max 8)
- age   1:    1300464 bytes,    1300464 total
- age   2:     906912 bytes,    2207376 total
- age   3:     691248 bytes,    2898624 total
- age   4:     236560 bytes,    3135184 total
- age   5:      21944 bytes,    3157128 total
- age   6:      23528 bytes,    3180656 total
- age   7:      13560 bytes,    3194216 total
- age   8:      18256 bytes,    3212472 total
: 90911K->4476K(109248K), 0.0067300 secs] 356089K->269712K(502464K), 0.0068102 secs] [Times: user=0.06 sys=0.00, real=0.01 secs] 
Heap after GC invocations=450 (full 59):
 par new generation   total 109248K, used 4476K [0x00000000e0000000, 0x00000000e8000000, 0x00000000e8000000)
  eden space 87424K,   0% used [0x00000000e0000000, 0x00000000e0000000, 0x00000000e5560000)
  from space 21824K,  20% used [0x00000000e5560000, 0x00000000e59bf120, 0x00000000e6ab0000)
  to   space 21824K,   0% used [0x00000000e6ab0000, 0x00000000e6ab0000, 0x00000000e8000000)
 concurrent mark-sweep generation total 393216K, used 265236K [0x00000000e8000000, 0x0000000100000000, 0x0000000100000000)
 Metaspace       used 43958K, capacity 45229K, committed 45632K, reserved 1089536K
  class space    used 5313K, capacity 5616K, committed 5732K, reserved 1048576K
}
2019-02-22T17:26:48.456-0700: 81504.822: Total time for which application threads were stopped: 0.0072029 seconds, Stopping threads took: 0.0000792 seconds
2019-02-22T17:26:48.470-0700: 81504.835: Total time for which application threads were stopped: 0.0003084 seconds, Stopping threads took: 0.0000889 seconds
{Heap before GC invocations=450 (full 59):
 par new generation   total 109248K, used 91900K [0x00000000e0000000, 0x00000000e8000000, 0x00000000e8000000)
  eden space 87424K, 100% used [0x00000000e0000000, 0x00000000e5560000, 0x00000000e5560000)
  from space 21824K,  20% used [0x00000000e5560000, 0x00000000e59bf120, 0x00000000e6ab0000)
  to   space 21824K,   0% used [0x00000000e6ab0000, 0x00000000e6ab0000, 0x00000000e8000000)
 concurrent mark-sweep generation total 393216K, used 239519K [0x00000000e8000000, 0x0000000100000000, 0x0000000100000000)
 Metaspace       used 43958K, capacity 45229K, committed 45632K, reserved 1089536K
  class space    used 5313K, capacity 5616K, committed 5732K, reserved 1048576K
2019-02-22T17:26:48.498-0700: 81504.864: [GC (Allocation Failure) 2019-02-22T17:26:48.498-0700: 81504.864: [ParNew
Desired survivor size 20112992 bytes, new threshold 1 (max 8)
- age   1:   20463104 bytes,   20463104 total
- age   2:     360544 bytes,   20823648 total
- age   3:     398808 bytes,   21222456 total
- age   4:     508880 bytes,   21731336 total
- age   5:     236032 bytes,   21967368 total
- age   6:      21944 bytes,   21989312 total
- age   7:      23528 bytes,   22012840 total
- age   8:      13560 bytes,   22026400 total
: 91900K->21824K(109248K), 0.0145580 secs] 331419K->263168K(502464K), 0.0146655 secs] [Times: user=0.06 sys=0.00, real=0.02 secs] 
Heap after GC invocations=451 (full 59):
 par new generation   total 109248K, used 21824K [0x00000000e0000000, 0x00000000e8000000, 0x00000000e8000000)
  eden space 87424K,   0% used [0x00000000e0000000, 0x00000000e0000000, 0x00000000e5560000)
  from space 21824K, 100% used [0x00000000e6ab0000, 0x00000000e8000000, 0x00000000e8000000)
  to   space 21824K,   0% used [0x00000000e5560000, 0x00000000e5560000, 0x00000000e6ab0000)
 concurrent mark-sweep generation total 393216K, used 241344K [0x00000000e8000000, 0x0000000100000000, 0x0000000100000000)
 Metaspace       used 43958K, capacity 45229K, committed 45632K, reserved 1089536K
  class space    used 5313K, capacity 5616K, committed 5732K, reserved 1048576K
}
2019-02-22T17:26:48.513-0700: 81504.878: Total time for which application threads were stopped: 0.0150156 seconds, Stopping threads took: 0.0000535 seconds
2019-02-22T17:26:48.513-0700: 81504.878: [CMS-concurrent-sweep: 0.176/0.243 secs] [Times: user=0.94 sys=0.06, real=0.24 secs] 
2019-02-22T17:26:48.513-0700: 81504.878: [CMS-concurrent-reset-start]
2019-02-22T17:26:48.514-0700: 81504.879: [CMS-concurrent-reset: 0.001/0.001 secs] [Times: user=0.00 sys=0.00, real=0.00 secs] 
2019-02-22T17:26:48.549-0700: 81504.914: Total time for which application threads were stopped: 0.0007289 seconds, Stopping threads took: 0.0000720 seconds
{Heap before GC invocations=451 (full 59):
 par new generation   total 109248K, used 109248K [0x00000000e0000000, 0x00000000e8000000, 0x00000000e8000000)
  eden space 87424K, 100% used [0x00000000e0000000, 0x00000000e5560000, 0x00000000e5560000)
  from space 21824K, 100% used [0x00000000e6ab0000, 0x00000000e8000000, 0x00000000e8000000)
  to   space 21824K,   0% used [0x00000000e5560000, 0x00000000e5560000, 0x00000000e6ab0000)
 concurrent mark-sweep generation total 393216K, used 241344K [0x00000000e8000000, 0x0000000100000000, 0x0000000100000000)
 Metaspace       used 43959K, capacity 45229K, committed 45632K, reserved 1089536K
  class space    used 5313K, capacity 5616K, committed 5732K, reserved 1048576K
2019-02-22T17:26:48.566-0700: 81504.931: [GC (Allocation Failure) 2019-02-22T17:26:48.566-0700: 81504.931: [ParNew
Desired survivor size 20112992 bytes, new threshold 8 (max 8)
- age   1:    4603760 bytes,    4603760 total
: 109248K->16536K(109248K), 0.0272069 secs] 350592K->278803K(502464K), 0.0273601 secs] [Times: user=0.08 sys=0.00, real=0.03 secs] 
Heap after GC invocations=452 (full 59):
 par new generation   total 109248K, used 16536K [0x00000000e0000000, 0x00000000e8000000, 0x00000000e8000000)
  eden space 87424K,   0% used [0x00000000e0000000, 0x00000000e0000000, 0x00000000e5560000)
  from space 21824K,  75% used [0x00000000e5560000, 0x00000000e65862e0, 0x00000000e6ab0000)
  to   space 21824K,   0% used [0x00000000e6ab0000, 0x00000000e6ab0000, 0x00000000e8000000)
 concurrent mark-sweep generation total 393216K, used 262267K [0x00000000e8000000, 0x0000000100000000, 0x0000000100000000)
 Metaspace       used 43959K, capacity 45229K, committed 45632K, reserved 1089536K
  class space    used 5313K, capacity 5616K, committed 5732K, reserved 1048576K
}
2019-02-22T17:26:48.593-0700: 81504.958: Total time for which application threads were stopped: 0.0278294 seconds, Stopping threads took: 0.0000781 seconds
2019-02-22T17:26:48.594-0700: 81504.959: [GC (CMS Initial Mark) [1 CMS-initial-mark: 262267K(393216K)] 278805K(502464K), 0.0018763 secs] [Times: user=0.00 sys=0.00, real=0.00 secs] 
2019-02-22T17:26:48.596-0700: 81504.961: Total time for which application threads were stopped: 0.0021662 seconds, Stopping threads took: 0.0000910 seconds
2019-02-22T17:26:48.596-0700: 81504.961: [CMS-concurrent-mark-start]
2019-02-22T17:26:48.673-0700: 81505.038: [CMS-concurrent-mark: 0.077/0.077 secs] [Times: user=0.53 sys=0.00, real=0.08 secs] 
2019-02-22T17:26:48.673-0700: 81505.038: [CMS-concurrent-preclean-start]
2019-02-22T17:26:48.674-0700: 81505.040: [CMS-concurrent-preclean: 0.002/0.002 secs] [Times: user=0.00 sys=0.00, real=0.00 secs] 
2019-02-22T17:26:48.674-0700: 81505.040: [CMS-concurrent-abortable-preclean-start]
2019-02-22T17:26:48.682-0700: 81505.048: Total time for which application threads were stopped: 0.0003357 seconds, Stopping threads took: 0.0000889 seconds
{Heap before GC invocations=452 (full 60):
 par new generation   total 109248K, used 103960K [0x00000000e0000000, 0x00000000e8000000, 0x00000000e8000000)
  eden space 87424K, 100% used [0x00000000e0000000, 0x00000000e5560000, 0x00000000e5560000)
  from space 21824K,  75% used [0x00000000e5560000, 0x00000000e65862e0, 0x00000000e6ab0000)
  to   space 21824K,   0% used [0x00000000e6ab0000, 0x00000000e6ab0000, 0x00000000e8000000)
 concurrent mark-sweep generation total 393216K, used 262267K [0x00000000e8000000, 0x0000000100000000, 0x0000000100000000)
 Metaspace       used 43960K, capacity 45229K, committed 45632K, reserved 1089536K
  class space    used 5313K, capacity 5616K, committed 5732K, reserved 1048576K
2019-02-22T17:26:48.697-0700: 81505.062: [GC (Allocation Failure) 2019-02-22T17:26:48.697-0700: 81505.062: [ParNew
Desired survivor size 20112992 bytes, new threshold 8 (max 8)
- age   1:   10129192 bytes,   10129192 total
- age   2:    4433176 bytes,   14562368 total
: 103960K->16436K(109248K), 0.0172723 secs] 366227K->278703K(502464K), 0.0174152 secs] [Times: user=0.08 sys=0.00, real=0.02 secs] 
Heap after GC invocations=453 (full 60):
 par new generation   total 109248K, used 16436K [0x00000000e0000000, 0x00000000e8000000, 0x00000000e8000000)
  eden space 87424K,   0% used [0x00000000e0000000, 0x00000000e0000000, 0x00000000e5560000)
  from space 21824K,  75% used [0x00000000e6ab0000, 0x00000000e7abd230, 0x00000000e8000000)
  to   space 21824K,   0% used [0x00000000e5560000, 0x00000000e5560000, 0x00000000e6ab0000)
 concurrent mark-sweep generation total 393216K, used 262267K [0x00000000e8000000, 0x0000000100000000, 0x0000000100000000)
 Metaspace       used 43960K, capacity 45229K, committed 45632K, reserved 1089536K
  class space    used 5313K, capacity 5616K, committed 5732K, reserved 1048576K
}
2019-02-22T17:26:48.714-0700: 81505.080: Total time for which application threads were stopped: 0.0180824 seconds, Stopping threads took: 0.0001126 seconds
{Heap before GC invocations=453 (full 60):
 par new generation   total 109248K, used 103860K [0x00000000e0000000, 0x00000000e8000000, 0x00000000e8000000)
  eden space 87424K, 100% used [0x00000000e0000000, 0x00000000e5560000, 0x00000000e5560000)
  from space 21824K,  75% used [0x00000000e6ab0000, 0x00000000e7abd230, 0x00000000e8000000)
  to   space 21824K,   0% used [0x00000000e5560000, 0x00000000e5560000, 0x00000000e6ab0000)
 concurrent mark-sweep generation total 393216K, used 262267K [0x00000000e8000000, 0x0000000100000000, 0x0000000100000000)
 Metaspace       used 43960K, capacity 45229K, committed 45632K, reserved 1089536K
  class space    used 5313K, capacity 5616K, committed 5732K, reserved 1048576K
2019-02-22T17:26:48.833-0700: 81505.199: [GC (Allocation Failure) 2019-02-22T17:26:48.833-0700: 81505.199: [ParNew
Desired survivor size 20112992 bytes, new threshold 3 (max 8)
- age   1:   12889048 bytes,   12889048 total
- age   2:    6399608 bytes,   19288656 total
- age   3:    3077288 bytes,   22365944 total
: 103860K->21824K(109248K), 0.0497107 secs] 366127K->318370K(502464K), 0.0498392 secs] [Times: user=0.19 sys=0.00, real=0.05 secs] 
Heap after GC invocations=454 (full 60):
 par new generation   total 109248K, used 21824K [0x00000000e0000000, 0x00000000e8000000, 0x00000000e8000000)
  eden space 87424K,   0% used [0x00000000e0000000, 0x00000000e0000000, 0x00000000e5560000)
  from space 21824K, 100% used [0x00000000e5560000, 0x00000000e6ab0000, 0x00000000e6ab0000)
  to   space 21824K,   0% used [0x00000000e6ab0000, 0x00000000e6ab0000, 0x00000000e8000000)
 concurrent mark-sweep generation total 393216K, used 296546K [0x00000000e8000000, 0x0000000100000000, 0x0000000100000000)
 Metaspace       used 43960K, capacity 45229K, committed 45632K, reserved 1089536K
  class space    used 5313K, capacity 5616K, committed 5732K, reserved 1048576K
}
2019-02-22T17:26:48.883-0700: 81505.249: Total time for which application threads were stopped: 0.0506149 seconds, Stopping threads took: 0.0002509 seconds
2019-02-22T17:26:48.959-0700: 81505.325: [CMS-concurrent-abortable-preclean: 0.211/0.285 secs] [Times: user=1.41 sys=0.05, real=0.29 secs] 
2019-02-22T17:26:48.961-0700: 81505.326: [GC (CMS Final Remark) [YG occupancy: 54063 K (109248 K)]{Heap before GC invocations=454 (full 60):
 par new generation   total 109248K, used 54063K [0x00000000e0000000, 0x00000000e8000000, 0x00000000e8000000)
  eden space 87424K,  36% used [0x00000000e0000000, 0x00000000e1f7bc60, 0x00000000e5560000)
  from space 21824K, 100% used [0x00000000e5560000, 0x00000000e6ab0000, 0x00000000e6ab0000)
  to   space 21824K,   0% used [0x00000000e6ab0000, 0x00000000e6ab0000, 0x00000000e8000000)
 concurrent mark-sweep generation total 393216K, used 296546K [0x00000000e8000000, 0x0000000100000000, 0x0000000100000000)
 Metaspace       used 43960K, capacity 45229K, committed 45632K, reserved 1089536K
  class space    used 5313K, capacity 5616K, committed 5732K, reserved 1048576K
2019-02-22T17:26:48.961-0700: 81505.326: [GC (CMS Final Remark) 2019-02-22T17:26:48.961-0700: 81505.326: [ParNew
Desired survivor size 20112992 bytes, new threshold 8 (max 8)
- age   1:    3691184 bytes,    3691184 total
- age   2:    6493800 bytes,   10184984 total
- age   3:    6344832 bytes,   16529816 total
: 54063K->21824K(109248K), 0.0285188 secs] 350609K->327317K(502464K), 0.0285984 secs] [Times: user=0.14 sys=0.00, real=0.03 secs] 
Heap after GC invocations=455 (full 60):
 par new generation   total 109248K, used 21824K [0x00000000e0000000, 0x00000000e8000000, 0x00000000e8000000)
  eden space 87424K,   0% used [0x00000000e0000000, 0x00000000e0000000, 0x00000000e5560000)
  from space 21824K, 100% used [0x00000000e6ab0000, 0x00000000e8000000, 0x00000000e8000000)
  to   space 21824K,   0% used [0x00000000e5560000, 0x00000000e5560000, 0x00000000e6ab0000)
 concurrent mark-sweep generation total 393216K, used 305493K [0x00000000e8000000, 0x0000000100000000, 0x0000000100000000)
 Metaspace       used 43960K, capacity 45229K, committed 45632K, reserved 1089536K
  class space    used 5313K, capacity 5616K, committed 5732K, reserved 1048576K
}
2019-02-22T17:26:48.989-0700: 81505.355: [Rescan (parallel) , 0.0112804 secs]2019-02-22T17:26:49.001-0700: 81505.366: [weak refs processing, 0.0004945 secs]2019-02-22T17:26:49.001-0700: 81505.367: [class unloading, 0.0146711 secs]2019-02-22T17:26:49.016-0700: 81505.381: [scrub symbol table, 0.0149616 secs]2019-02-22T17:26:49.031-0700: 81505.396: [scrub string table, 0.0009217 secs][1 CMS-remark: 305493K(393216K)] 327317K(502464K), 0.0714506 secs] [Times: user=0.23 sys=0.00, real=0.07 secs] 
2019-02-22T17:26:49.032-0700: 81505.398: Total time for which application threads were stopped: 0.0727954 seconds, Stopping threads took: 0.0009860 seconds
2019-02-22T17:26:49.032-0700: 81505.398: [CMS-concurrent-sweep-start]
{Heap before GC invocations=455 (full 60):
 par new generation   total 109248K, used 109248K [0x00000000e0000000, 0x00000000e8000000, 0x00000000e8000000)
  eden space 87424K, 100% used [0x00000000e0000000, 0x00000000e5560000, 0x00000000e5560000)
  from space 21824K, 100% used [0x00000000e6ab0000, 0x00000000e8000000, 0x00000000e8000000)
  to   space 21824K,   0% used [0x00000000e5560000, 0x00000000e5560000, 0x00000000e6ab0000)
 concurrent mark-sweep generation total 393216K, used 216859K [0x00000000e8000000, 0x0000000100000000, 0x0000000100000000)
 Metaspace       used 43960K, capacity 45229K, committed 45632K, reserved 1089536K
  class space    used 5313K, capacity 5616K, committed 5732K, reserved 1048576K
2019-02-22T17:26:49.173-0700: 81505.538: [GC (Allocation Failure) 2019-02-22T17:26:49.173-0700: 81505.539: [ParNew
Desired survivor size 20112992 bytes, new threshold 4 (max 8)
- age   1:    9031720 bytes,    9031720 total
- age   2:    1107488 bytes,   10139208 total
- age   3:    6014480 bytes,   16153688 total
- age   4:    6271136 bytes,   22424824 total
: 109248K->21824K(109248K), 0.0295916 secs] 326107K->250722K(502464K), 0.0297175 secs] [Times: user=0.09 sys=0.00, real=0.03 secs] 
Heap after GC invocations=456 (full 60):
 par new generation   total 109248K, used 21824K [0x00000000e0000000, 0x00000000e8000000, 0x00000000e8000000)
  eden space 87424K,   0% used [0x00000000e0000000, 0x00000000e0000000, 0x00000000e5560000)
  from space 21824K, 100% used [0x00000000e5560000, 0x00000000e6ab0000, 0x00000000e6ab0000)
  to   space 21824K,   0% used [0x00000000e6ab0000, 0x00000000e6ab0000, 0x00000000e8000000)
 concurrent mark-sweep generation total 393216K, used 228898K [0x00000000e8000000, 0x0000000100000000, 0x0000000100000000)
 Metaspace       used 43960K, capacity 45229K, committed 45632K, reserved 1089536K
  class space    used 5313K, capacity 5616K, committed 5732K, reserved 1048576K
}
2019-02-22T17:26:49.203-0700: 81505.568: Total time for which application threads were stopped: 0.0304932 seconds, Stopping threads took: 0.0002879 seconds
2019-02-22T17:26:49.213-0700: 81505.578: [CMS-concurrent-sweep: 0.150/0.181 secs] [Times: user=0.75 sys=0.05, real=0.18 secs] 
2019-02-22T17:26:49.213-0700: 81505.578: [CMS-concurrent-reset-start]
2019-02-22T17:26:49.214-0700: 81505.579: [CMS-concurrent-reset: 0.001/0.001 secs] [Times: user=0.00 sys=0.00, real=0.00 secs] 
2019-02-22T17:26:49.286-0700: 81505.651: Total time for which application threads were stopped: 0.0002894 seconds, Stopping threads took: 0.0000864 seconds
{Heap before GC invocations=456 (full 60):
 par new generation   total 109248K, used 109248K [0x00000000e0000000, 0x00000000e8000000, 0x00000000e8000000)
  eden space 87424K, 100% used [0x00000000e0000000, 0x00000000e5560000, 0x00000000e5560000)
  from space 21824K, 100% used [0x00000000e5560000, 0x00000000e6ab0000, 0x00000000e6ab0000)
  to   space 21824K,   0% used [0x00000000e6ab0000, 0x00000000e6ab0000, 0x00000000e8000000)
 concurrent mark-sweep generation total 393216K, used 215295K [0x00000000e8000000, 0x0000000100000000, 0x0000000100000000)
 Metaspace       used 43960K, capacity 45229K, committed 45632K, reserved 1089536K
  class space    used 5313K, capacity 5616K, committed 5732K, reserved 1048576K
2019-02-22T17:26:49.327-0700: 81505.693: [GC (Allocation Failure) 2019-02-22T17:26:49.327-0700: 81505.693: [ParNew
Desired survivor size 20112992 bytes, new threshold 8 (max 8)
- age   1:    4309824 bytes,    4309824 total
- age   2:    7545552 bytes,   11855376 total
- age   3:    1034352 bytes,   12889728 total
- age   4:    5964208 bytes,   18853936 total
: 109248K->21824K(109248K), 0.0311183 secs] 324543K->243248K(502464K), 0.0312222 secs] [Times: user=0.16 sys=0.00, real=0.03 secs] 
Heap after GC invocations=457 (full 60):
 par new generation   total 109248K, used 21824K [0x00000000e0000000, 0x00000000e8000000, 0x00000000e8000000)
  eden space 87424K,   0% used [0x00000000e0000000, 0x00000000e0000000, 0x00000000e5560000)
  from space 21824K, 100% used [0x00000000e6ab0000, 0x00000000e8000000, 0x00000000e8000000)
  to   space 21824K,   0% used [0x00000000e5560000, 0x00000000e5560000, 0x00000000e6ab0000)
 concurrent mark-sweep generation total 393216K, used 221424K [0x00000000e8000000, 0x0000000100000000, 0x0000000100000000)
 Metaspace       used 43960K, capacity 45229K, committed 45632K, reserved 1089536K
  class space    used 5313K, capacity 5616K, committed 5732K, reserved 1048576K
}
2019-02-22T17:26:49.358-0700: 81505.724: Total time for which application threads were stopped: 0.0316380 seconds, Stopping threads took: 0.0000663 seconds
2019-02-22T17:26:49.359-0700: 81505.724: [GC (CMS Initial Mark) [1 CMS-initial-mark: 221424K(393216K)] 244328K(502464K), 0.0046897 secs] [Times: user=0.03 sys=0.00, real=0.00 secs] 
2019-02-22T17:26:49.363-0700: 81505.729: Total time for which application threads were stopped: 0.0050717 seconds, Stopping threads took: 0.0000869 seconds
2019-02-22T17:26:49.363-0700: 81505.729: [CMS-concurrent-mark-start]
2019-02-22T17:26:49.444-0700: 81505.809: [CMS-concurrent-mark: 0.079/0.079 secs] [Times: user=0.48 sys=0.00, real=0.08 secs] 
2019-02-22T17:26:49.444-0700: 81505.809: [CMS-concurrent-preclean-start]
2019-02-22T17:26:49.459-0700: 81505.824: [CMS-concurrent-preclean: 0.015/0.016 secs] [Times: user=0.06 sys=0.01, real=0.02 secs] 
2019-02-22T17:26:49.459-0700: 81505.824: [CMS-concurrent-abortable-preclean-start]
{Heap before GC invocations=457 (full 61):
 par new generation   total 109248K, used 109248K [0x00000000e0000000, 0x00000000e8000000, 0x00000000e8000000)
  eden space 87424K, 100% used [0x00000000e0000000, 0x00000000e5560000, 0x00000000e5560000)
  from space 21824K, 100% used [0x00000000e6ab0000, 0x00000000e8000000, 0x00000000e8000000)
  to   space 21824K,   0% used [0x00000000e5560000, 0x00000000e5560000, 0x00000000e6ab0000)
 concurrent mark-sweep generation total 393216K, used 221424K [0x00000000e8000000, 0x0000000100000000, 0x0000000100000000)
 Metaspace       used 43960K, capacity 45229K, committed 45632K, reserved 1089536K
  class space    used 5313K, capacity 5616K, committed 5732K, reserved 1048576K
2019-02-22T17:26:49.504-0700: 81505.869: [GC (Allocation Failure) 2019-02-22T17:26:49.504-0700: 81505.869: [ParNew
Desired survivor size 20112992 bytes, new threshold 8 (max 8)
- age   1:    3477032 bytes,    3477032 total
- age   2:    1981104 bytes,    5458136 total
- age   3:    7036800 bytes,   12494936 total
- age   4:    1020672 bytes,   13515608 total
- age   5:    5915136 bytes,   19430744 total
: 109248K->21824K(109248K), 0.0152916 secs] 330672K->243504K(502464K), 0.0154911 secs] [Times: user=0.06 sys=0.00, real=0.02 secs] 
Heap after GC invocations=458 (full 61):
 par new generation   total 109248K, used 21824K [0x00000000e0000000, 0x00000000e8000000, 0x00000000e8000000)
  eden space 87424K,   0% used [0x00000000e0000000, 0x00000000e0000000, 0x00000000e5560000)
  from space 21824K, 100% used [0x00000000e5560000, 0x00000000e6ab0000, 0x00000000e6ab0000)
  to   space 21824K,   0% used [0x00000000e6ab0000, 0x00000000e6ab0000, 0x00000000e8000000)
 concurrent mark-sweep generation total 393216K, used 221680K [0x00000000e8000000, 0x0000000100000000, 0x0000000100000000)
 Metaspace       used 43960K, capacity 45229K, committed 45632K, reserved 1089536K
  class space    used 5313K, capacity 5616K, committed 5732K, reserved 1048576K
}
2019-02-22T17:26:49.520-0700: 81505.885: Total time for which application threads were stopped: 0.0164107 seconds, Stopping threads took: 0.0000802 seconds
2019-02-22T17:26:49.635-0700: 81506.000: [CMS-concurrent-abortable-preclean: 0.157/0.176 secs] [Times: user=0.55 sys=0.00, real=0.18 secs] 
2019-02-22T17:26:49.635-0700: 81506.000: [GC (CMS Final Remark) [YG occupancy: 104338 K (109248 K)]{Heap before GC invocations=458 (full 61):
 par new generation   total 109248K, used 104338K [0x00000000e0000000, 0x00000000e8000000, 0x00000000e8000000)
  eden space 87424K,  94% used [0x00000000e0000000, 0x00000000e5094958, 0x00000000e5560000)
  from space 21824K, 100% used [0x00000000e5560000, 0x00000000e6ab0000, 0x00000000e6ab0000)
  to   space 21824K,   0% used [0x00000000e6ab0000, 0x00000000e6ab0000, 0x00000000e8000000)
 concurrent mark-sweep generation total 393216K, used 221680K [0x00000000e8000000, 0x0000000100000000, 0x0000000100000000)
 Metaspace       used 43960K, capacity 45229K, committed 45632K, reserved 1089536K
  class space    used 5313K, capacity 5616K, committed 5732K, reserved 1048576K
2019-02-22T17:26:49.635-0700: 81506.001: [GC (CMS Final Remark) 2019-02-22T17:26:49.635-0700: 81506.001: [ParNew
Desired survivor size 20112992 bytes, new threshold 6 (max 8)
- age   1:    3032712 bytes,    3032712 total
- age   2:    2630120 bytes,    5662832 total
- age   3:    1512864 bytes,    7175696 total
- age   4:    6963928 bytes,   14139624 total
- age   5:     980280 bytes,   15119904 total
- age   6:    5857976 bytes,   20977880 total
: 104338K->21824K(109248K), 0.0159984 secs] 326019K->243504K(502464K), 0.0160930 secs] [Times: user=0.06 sys=0.00, real=0.02 secs] 
Heap after GC invocations=459 (full 61):
 par new generation   total 109248K, used 21824K [0x00000000e0000000, 0x00000000e8000000, 0x00000000e8000000)
  eden space 87424K,   0% used [0x00000000e0000000, 0x00000000e0000000, 0x00000000e5560000)
  from space 21824K, 100% used [0x00000000e6ab0000, 0x00000000e8000000, 0x00000000e8000000)
  to   space 21824K,   0% used [0x00000000e5560000, 0x00000000e5560000, 0x00000000e6ab0000)
 concurrent mark-sweep generation total 393216K, used 221680K [0x00000000e8000000, 0x0000000100000000, 0x0000000100000000)
 Metaspace       used 43960K, capacity 45229K, committed 45632K, reserved 1089536K
  class space    used 5313K, capacity 5616K, committed 5732K, reserved 1048576K
}
2019-02-22T17:26:49.652-0700: 81506.017: [Rescan (parallel) , 0.0095398 secs]2019-02-22T17:26:49.661-0700: 81506.026: [weak refs processing, 0.0005233 secs]2019-02-22T17:26:49.662-0700: 81506.027: [class unloading, 0.0143247 secs]2019-02-22T17:26:49.676-0700: 81506.041: [scrub symbol table, 0.0080398 secs]2019-02-22T17:26:49.684-0700: 81506.049: [scrub string table, 0.0007788 secs][1 CMS-remark: 221680K(393216K)] 243504K(502464K), 0.0498315 secs] [Times: user=0.14 sys=0.00, real=0.05 secs] 
2019-02-22T17:26:49.685-0700: 81506.050: Total time for which application threads were stopped: 0.0500911 seconds, Stopping threads took: 0.0000632 seconds
2019-02-22T17:26:49.685-0700: 81506.050: [CMS-concurrent-sweep-start]
2019-02-22T17:26:49.912-0700: 81506.277: [CMS-concurrent-sweep: 0.226/0.226 secs] [Times: user=0.59 sys=0.06, real=0.23 secs] 
2019-02-22T17:26:49.912-0700: 81506.277: [CMS-concurrent-reset-start]
2019-02-22T17:26:49.912-0700: 81506.277: [CMS-concurrent-reset: 0.001/0.001 secs] [Times: user=0.00 sys=0.00, real=0.00 secs] 
{Heap before GC invocations=459 (full 61):
 par new generation   total 109248K, used 109248K [0x00000000e0000000, 0x00000000e8000000, 0x00000000e8000000)
  eden space 87424K, 100% used [0x00000000e0000000, 0x00000000e5560000, 0x00000000e5560000)
  from space 21824K, 100% used [0x00000000e6ab0000, 0x00000000e8000000, 0x00000000e8000000)
  to   space 21824K,   0% used [0x00000000e5560000, 0x00000000e5560000, 0x00000000e6ab0000)
 concurrent mark-sweep generation total 393216K, used 182862K [0x00000000e8000000, 0x0000000100000000, 0x0000000100000000)
 Metaspace       used 43960K, capacity 45229K, committed 45632K, reserved 1089536K
  class space    used 5313K, capacity 5616K, committed 5732K, reserved 1048576K
2019-02-22T17:26:49.919-0700: 81506.285: [GC (Allocation Failure) 2019-02-22T17:26:49.920-0700: 81506.285: [ParNew
Desired survivor size 20112992 bytes, new threshold 8 (max 8)
- age   1:    4325976 bytes,    4325976 total
- age   2:    1561720 bytes,    5887696 total
- age   3:    1942856 bytes,    7830552 total
- age   4:    1418104 bytes,    9248656 total
- age   5:    6494496 bytes,   15743152 total
- age   6:     885432 bytes,   16628584 total
: 109248K->21824K(109248K), 0.0191897 secs] 292110K->210395K(502464K), 0.0192935 secs] [Times: user=0.08 sys=0.00, real=0.02 secs] 
Heap after GC invocations=460 (full 61):
 par new generation   total 109248K, used 21824K [0x00000000e0000000, 0x00000000e8000000, 0x00000000e8000000)
  eden space 87424K,   0% used [0x00000000e0000000, 0x00000000e0000000, 0x00000000e5560000)
  from space 21824K, 100% used [0x00000000e5560000, 0x00000000e6ab0000, 0x00000000e6ab0000)
  to   space 21824K,   0% used [0x00000000e6ab0000, 0x00000000e6ab0000, 0x00000000e8000000)
 concurrent mark-sweep generation total 393216K, used 188571K [0x00000000e8000000, 0x0000000100000000, 0x0000000100000000)
 Metaspace       used 43960K, capacity 45229K, committed 45632K, reserved 1089536K
  class space    used 5313K, capacity 5616K, committed 5732K, reserved 1048576K
}
2019-02-22T17:26:49.939-0700: 81506.304: Total time for which application threads were stopped: 0.0197120 seconds, Stopping threads took: 0.0000838 seconds
{Heap before GC invocations=460 (full 61):
 par new generation   total 109248K, used 109248K [0x00000000e0000000, 0x00000000e8000000, 0x00000000e8000000)
  eden space 87424K, 100% used [0x00000000e0000000, 0x00000000e5560000, 0x00000000e5560000)
  from space 21824K, 100% used [0x00000000e5560000, 0x00000000e6ab0000, 0x00000000e6ab0000)
  to   space 21824K,   0% used [0x00000000e6ab0000, 0x00000000e6ab0000, 0x00000000e8000000)
 concurrent mark-sweep generation total 393216K, used 188571K [0x00000000e8000000, 0x0000000100000000, 0x0000000100000000)
 Metaspace       used 43960K, capacity 45229K, committed 45632K, reserved 1089536K
  class space    used 5313K, capacity 5616K, committed 5732K, reserved 1048576K
2019-02-22T17:26:50.117-0700: 81506.482: [GC (Allocation Failure) 2019-02-22T17:26:50.117-0700: 81506.482: [ParNew
Desired survivor size 20112992 bytes, new threshold 8 (max 8)
- age   1:    3448464 bytes,    3448464 total
- age   2:    2828704 bytes,    6277168 total
- age   3:    1535832 bytes,    7813000 total
- age   4:    1243656 bytes,    9056656 total
- age   5:    1365512 bytes,   10422168 total
- age   6:    6445144 bytes,   16867312 total
- age   7:     884904 bytes,   17752216 total
: 109248K->21824K(109248K), 0.0154206 secs] 297819K->210395K(502464K), 0.0155574 secs] [Times: user=0.06 sys=0.00, real=0.02 secs] 
Heap after GC invocations=461 (full 61):
 par new generation   total 109248K, used 21824K [0x00000000e0000000, 0x00000000e8000000, 0x00000000e8000000)
  eden space 87424K,   0% used [0x00000000e0000000, 0x00000000e0000000, 0x00000000e5560000)
  from space 21824K, 100% used [0x00000000e6ab0000, 0x00000000e8000000, 0x00000000e8000000)
  to   space 21824K,   0% used [0x00000000e5560000, 0x00000000e5560000, 0x00000000e6ab0000)
 concurrent mark-sweep generation total 393216K, used 188571K [0x00000000e8000000, 0x0000000100000000, 0x0000000100000000)
 Metaspace       used 43960K, capacity 45229K, committed 45632K, reserved 1089536K
  class space    used 5313K, capacity 5616K, committed 5732K, reserved 1048576K
}
2019-02-22T17:26:50.133-0700: 81506.498: Total time for which application threads were stopped: 0.0161177 seconds, Stopping threads took: 0.0000941 seconds
{Heap before GC invocations=461 (full 61):
 par new generation   total 109248K, used 109248K [0x00000000e0000000, 0x00000000e8000000, 0x00000000e8000000)
  eden space 87424K, 100% used [0x00000000e0000000, 0x00000000e5560000, 0x00000000e5560000)
  from space 21824K, 100% used [0x00000000e6ab0000, 0x00000000e8000000, 0x00000000e8000000)
  to   space 21824K,   0% used [0x00000000e5560000, 0x00000000e5560000, 0x00000000e6ab0000)
 concurrent mark-sweep generation total 393216K, used 188571K [0x00000000e8000000, 0x0000000100000000, 0x0000000100000000)
 Metaspace       used 43960K, capacity 45229K, committed 45632K, reserved 1089536K
  class space    used 5313K, capacity 5616K, committed 5732K, reserved 1048576K
2019-02-22T17:26:50.303-0700: 81506.668: [GC (Allocation Failure) 2019-02-22T17:26:50.303-0700: 81506.668: [ParNew
Desired survivor size 20112992 bytes, new threshold 8 (max 8)
- age   1:    3687776 bytes,    3687776 total
- age   2:    1099968 bytes,    4787744 total
- age   3:    2786640 bytes,    7574384 total
- age   4:    1501768 bytes,    9076152 total
- age   5:    1227520 bytes,   10303672 total
- age   6:    1239848 bytes,   11543520 total
- age   7:    6311304 bytes,   17854824 total
- age   8:     870800 bytes,   18725624 total
: 109248K->21824K(109248K), 0.0159568 secs] 297819K->210690K(502464K), 0.0160750 secs] [Times: user=0.06 sys=0.00, real=0.02 secs] 
Heap after GC invocations=462 (full 61):
 par new generation   total 109248K, used 21824K [0x00000000e0000000, 0x00000000e8000000, 0x00000000e8000000)
  eden space 87424K,   0% used [0x00000000e0000000, 0x00000000e0000000, 0x00000000e5560000)
  from space 21824K, 100% used [0x00000000e5560000, 0x00000000e6ab0000, 0x00000000e6ab0000)
  to   space 21824K,   0% used [0x00000000e6ab0000, 0x00000000e6ab0000, 0x00000000e8000000)
 concurrent mark-sweep generation total 393216K, used 188866K [0x00000000e8000000, 0x0000000100000000, 0x0000000100000000)
 Metaspace       used 43960K, capacity 45229K, committed 45632K, reserved 1089536K
  class space    used 5313K, capacity 5616K, committed 5732K, reserved 1048576K
}
2019-02-22T17:26:50.319-0700: 81506.684: Total time for which application threads were stopped: 0.0166102 seconds, Stopping threads took: 0.0000894 seconds
{Heap before GC invocations=462 (full 61):
 par new generation   total 109248K, used 109248K [0x00000000e0000000, 0x00000000e8000000, 0x00000000e8000000)
  eden space 87424K, 100% used [0x00000000e0000000, 0x00000000e5560000, 0x00000000e5560000)
  from space 21824K, 100% used [0x00000000e5560000, 0x00000000e6ab0000, 0x00000000e6ab0000)
  to   space 21824K,   0% used [0x00000000e6ab0000, 0x00000000e6ab0000, 0x00000000e8000000)
 concurrent mark-sweep generation total 393216K, used 188866K [0x00000000e8000000, 0x0000000100000000, 0x0000000100000000)
 Metaspace       used 43960K, capacity 45229K, committed 45632K, reserved 1089536K
  class space    used 5313K, capacity 5616K, committed 5732K, reserved 1048576K
2019-02-22T17:26:50.511-0700: 81506.877: [GC (Allocation Failure) 2019-02-22T17:26:50.511-0700: 81506.877: [ParNew
Desired survivor size 20112992 bytes, new threshold 8 (max 8)
- age   1:    3736680 bytes,    3736680 total
- age   2:    1868792 bytes,    5605472 total
- age   3:    1052664 bytes,    6658136 total
- age   4:    2552696 bytes,    9210832 total
- age   5:    1083824 bytes,   10294656 total
- age   6:    1214984 bytes,   11509640 total
- age   7:    1150696 bytes,   12660336 total
- age   8:    6184456 bytes,   18844792 total
: 109248K->21824K(109248K), 0.0158535 secs] 298114K->211716K(502464K), 0.0159691 secs] [Times: user=0.08 sys=0.00, real=0.02 secs] 
Heap after GC invocations=463 (full 61):
 par new generation   total 109248K, used 21824K [0x00000000e0000000, 0x00000000e8000000, 0x00000000e8000000)
  eden space 87424K,   0% used [0x00000000e0000000, 0x00000000e0000000, 0x00000000e5560000)
  from space 21824K, 100% used [0x00000000e6ab0000, 0x00000000e8000000, 0x00000000e8000000)
  to   space 21824K,   0% used [0x00000000e5560000, 0x00000000e5560000, 0x00000000e6ab0000)
 concurrent mark-sweep generation total 393216K, used 189892K [0x00000000e8000000, 0x0000000100000000, 0x0000000100000000)
 Metaspace       used 43960K, capacity 45229K, committed 45632K, reserved 1089536K
  class space    used 5313K, capacity 5616K, committed 5732K, reserved 1048576K
}
2019-02-22T17:26:50.528-0700: 81506.893: Total time for which application threads were stopped: 0.0172481 seconds, Stopping threads took: 0.0008595 seconds
{Heap before GC invocations=463 (full 61):
 par new generation   total 109248K, used 109248K [0x00000000e0000000, 0x00000000e8000000, 0x00000000e8000000)
  eden space 87424K, 100% used [0x00000000e0000000, 0x00000000e5560000, 0x00000000e5560000)
  from space 21824K, 100% used [0x00000000e6ab0000, 0x00000000e8000000, 0x00000000e8000000)
  to   space 21824K,   0% used [0x00000000e5560000, 0x00000000e5560000, 0x00000000e6ab0000)
 concurrent mark-sweep generation total 393216K, used 189892K [0x00000000e8000000, 0x0000000100000000, 0x0000000100000000)
 Metaspace       used 43960K, capacity 45229K, committed 45632K, reserved 1089536K
  class space    used 5313K, capacity 5616K, committed 5732K, reserved 1048576K
2019-02-22T17:26:50.781-0700: 81507.146: [GC (Allocation Failure) 2019-02-22T17:26:50.781-0700: 81507.146: [ParNew
Desired survivor size 20112992 bytes, new threshold 8 (max 8)
- age   1:    3325904 bytes,    3325904 total
- age   2:    1891256 bytes,    5217160 total
- age   3:    1241368 bytes,    6458528 total
- age   4:    1010120 bytes,    7468648 total
- age   5:    2584912 bytes,   10053560 total
- age   6:    1032320 bytes,   11085880 total
- age   7:    1207952 bytes,   12293832 total
- age   8:    1131544 bytes,   13425376 total
: 109248K->18174K(109248K), 0.0197968 secs] 299140K->214057K(502464K), 0.0199351 secs] [Times: user=0.13 sys=0.00, real=0.02 secs] 
Heap after GC invocations=464 (full 61):
 par new generation   total 109248K, used 18174K [0x00000000e0000000, 0x00000000e8000000, 0x00000000e8000000)
  eden space 87424K,   0% used [0x00000000e0000000, 0x00000000e0000000, 0x00000000e5560000)
  from space 21824K,  83% used [0x00000000e5560000, 0x00000000e671f940, 0x00000000e6ab0000)
  to   space 21824K,   0% used [0x00000000e6ab0000, 0x00000000e6ab0000, 0x00000000e8000000)
 concurrent mark-sweep generation total 393216K, used 195882K [0x00000000e8000000, 0x0000000100000000, 0x0000000100000000)
 Metaspace       used 43960K, capacity 45229K, committed 45632K, reserved 1089536K
  class space    used 5313K, capacity 5616K, committed 5732K, reserved 1048576K
}
2019-02-22T17:26:50.801-0700: 81507.166: Total time for which application threads were stopped: 0.0204712 seconds, Stopping threads took: 0.0000900 seconds
{Heap before GC invocations=464 (full 61):
 par new generation   total 109248K, used 105511K [0x00000000e0000000, 0x00000000e8000000, 0x00000000e8000000)
  eden space 87424K,  99% used [0x00000000e0000000, 0x00000000e554a4b0, 0x00000000e5560000)
  from space 21824K,  83% used [0x00000000e5560000, 0x00000000e671f940, 0x00000000e6ab0000)
  to   space 21824K,   0% used [0x00000000e6ab0000, 0x00000000e6ab0000, 0x00000000e8000000)
 concurrent mark-sweep generation total 393216K, used 195882K [0x00000000e8000000, 0x0000000100000000, 0x0000000100000000)
 Metaspace       used 43960K, capacity 45229K, committed 45632K, reserved 1089536K
  class space    used 5313K, capacity 5616K, committed 5732K, reserved 1048576K
2019-02-22T17:26:50.991-0700: 81507.357: [GC (Allocation Failure) 2019-02-22T17:26:50.991-0700: 81507.357: [ParNew
Desired survivor size 20112992 bytes, new threshold 8 (max 8)
- age   1:    4881688 bytes,    4881688 total
- age   2:    2185248 bytes,    7066936 total
- age   3:     976480 bytes,    8043416 total
- age   4:    1047352 bytes,    9090768 total
- age   5:    1010120 bytes,   10100888 total
- age   6:    2529488 bytes,   12630376 total
- age   7:    1065104 bytes,   13695480 total
- age   8:    1202768 bytes,   14898248 total
: 105511K->18896K(109248K), 0.0162138 secs] 301394K->215884K(502464K), 0.0163382 secs] [Times: user=0.06 sys=0.00, real=0.02 secs] 
Heap after GC invocations=465 (full 61):
 par new generation   total 109248K, used 18896K [0x00000000e0000000, 0x00000000e8000000, 0x00000000e8000000)
  eden space 87424K,   0% used [0x00000000e0000000, 0x00000000e0000000, 0x00000000e5560000)
  from space 21824K,  86% used [0x00000000e6ab0000, 0x00000000e7d24080, 0x00000000e8000000)
  to   space 21824K,   0% used [0x00000000e5560000, 0x00000000e5560000, 0x00000000e6ab0000)
 concurrent mark-sweep generation total 393216K, used 196988K [0x00000000e8000000, 0x0000000100000000, 0x0000000100000000)
 Metaspace       used 43960K, capacity 45229K, committed 45632K, reserved 1089536K
  class space    used 5313K, capacity 5616K, committed 5732K, reserved 1048576K
}
2019-02-22T17:26:51.008-0700: 81507.374: Total time for which application threads were stopped: 0.0169001 seconds, Stopping threads took: 0.0000612 seconds
2019-02-22T17:26:51.008-0700: 81507.374: [GC (CMS Initial Mark) [1 CMS-initial-mark: 196988K(393216K)] 216398K(502464K), 0.0050470 secs] [Times: user=0.00 sys=0.00, real=0.01 secs] 
2019-02-22T17:26:51.014-0700: 81507.379: Total time for which application threads were stopped: 0.0055102 seconds, Stopping threads took: 0.0002061 seconds
2019-02-22T17:26:51.014-0700: 81507.379: [CMS-concurrent-mark-start]
2019-02-22T17:26:51.102-0700: 81507.468: [CMS-concurrent-mark: 0.089/0.089 secs] [Times: user=0.42 sys=0.00, real=0.09 secs] 
2019-02-22T17:26:51.103-0700: 81507.468: [CMS-concurrent-preclean-start]
2019-02-22T17:26:51.114-0700: 81507.480: [CMS-concurrent-preclean: 0.011/0.011 secs] [Times: user=0.03 sys=0.00, real=0.01 secs] 
2019-02-22T17:26:51.114-0700: 81507.480: [CMS-concurrent-abortable-preclean-start]
{Heap before GC invocations=465 (full 62):
 par new generation   total 109248K, used 106320K [0x00000000e0000000, 0x00000000e8000000, 0x00000000e8000000)
  eden space 87424K, 100% used [0x00000000e0000000, 0x00000000e5560000, 0x00000000e5560000)
  from space 21824K,  86% used [0x00000000e6ab0000, 0x00000000e7d24080, 0x00000000e8000000)
  to   space 21824K,   0% used [0x00000000e5560000, 0x00000000e5560000, 0x00000000e6ab0000)
 concurrent mark-sweep generation total 393216K, used 196988K [0x00000000e8000000, 0x0000000100000000, 0x0000000100000000)
 Metaspace       used 43960K, capacity 45229K, committed 45632K, reserved 1089536K
  class space    used 5313K, capacity 5616K, committed 5732K, reserved 1048576K
2019-02-22T17:26:51.151-0700: 81507.517: [GC (Allocation Failure) 2019-02-22T17:26:51.151-0700: 81507.517: [ParNew
Desired survivor size 20112992 bytes, new threshold 8 (max 8)
- age   1:    1867080 bytes,    1867080 total
- age   2:    4678744 bytes,    6545824 total
- age   3:    1737656 bytes,    8283480 total
- age   4:     810296 bytes,    9093776 total
- age   5:    1046944 bytes,   10140720 total
- age   6:    1004792 bytes,   11145512 total
- age   7:    2521264 bytes,   13666776 total
- age   8:    1032320 bytes,   14699096 total
: 106320K->15837K(109248K), 0.0169052 secs] 303308K->213990K(502464K), 0.0169972 secs] [Times: user=0.06 sys=0.00, real=0.02 secs] 
Heap after GC invocations=466 (full 62):
 par new generation   total 109248K, used 15837K [0x00000000e0000000, 0x00000000e8000000, 0x00000000e8000000)
  eden space 87424K,   0% used [0x00000000e0000000, 0x00000000e0000000, 0x00000000e5560000)
  from space 21824K,  72% used [0x00000000e5560000, 0x00000000e64d76a8, 0x00000000e6ab0000)
  to   space 21824K,   0% used [0x00000000e6ab0000, 0x00000000e6ab0000, 0x00000000e8000000)
 concurrent mark-sweep generation total 393216K, used 198152K [0x00000000e8000000, 0x0000000100000000, 0x0000000100000000)
 Metaspace       used 43960K, capacity 45229K, committed 45632K, reserved 1089536K
  class space    used 5313K, capacity 5616K, committed 5732K, reserved 1048576K
}
2019-02-22T17:26:51.169-0700: 81507.534: Total time for which application threads were stopped: 0.0174373 seconds, Stopping threads took: 0.0000812 seconds
2019-02-22T17:26:51.209-0700: 81507.574: [CMS-concurrent-abortable-preclean: 0.075/0.095 secs] [Times: user=0.23 sys=0.00, real=0.10 secs] 
2019-02-22T17:26:51.209-0700: 81507.575: [GC (CMS Final Remark) [YG occupancy: 80246 K (109248 K)]{Heap before GC invocations=466 (full 62):
 par new generation   total 109248K, used 80246K [0x00000000e0000000, 0x00000000e8000000, 0x00000000e8000000)
  eden space 87424K,  73% used [0x00000000e0000000, 0x00000000e3ee6488, 0x00000000e5560000)
  from space 21824K,  72% used [0x00000000e5560000, 0x00000000e64d76a8, 0x00000000e6ab0000)
  to   space 21824K,   0% used [0x00000000e6ab0000, 0x00000000e6ab0000, 0x00000000e8000000)
 concurrent mark-sweep generation total 393216K, used 198152K [0x00000000e8000000, 0x0000000100000000, 0x0000000100000000)
 Metaspace       used 43960K, capacity 45229K, committed 45632K, reserved 1089536K
  class space    used 5313K, capacity 5616K, committed 5732K, reserved 1048576K
2019-02-22T17:26:51.209-0700: 81507.575: [GC (CMS Final Remark) 2019-02-22T17:26:51.209-0700: 81507.575: [ParNew
Desired survivor size 20112992 bytes, new threshold 8 (max 8)
- age   1:     665392 bytes,     665392 total
- age   2:    1065168 bytes,    1730560 total
- age   3:    4627456 bytes,    6358016 total
- age   4:    1696648 bytes,    8054664 total
- age   5:     798600 bytes,    8853264 total
- age   6:    1044608 bytes,    9897872 total
- age   7:    1004792 bytes,   10902664 total
- age   8:    2521264 bytes,   13423928 total
: 80246K->21824K(109248K), 0.0156381 secs] 278399K->220984K(502464K), 0.0157630 secs] [Times: user=0.06 sys=0.00, real=0.02 secs] 
Heap after GC invocations=467 (full 62):
 par new generation   total 109248K, used 21824K [0x00000000e0000000, 0x00000000e8000000, 0x00000000e8000000)
  eden space 87424K,   0% used [0x00000000e0000000, 0x00000000e0000000, 0x00000000e5560000)
  from space 21824K, 100% used [0x00000000e6ab0000, 0x00000000e8000000, 0x00000000e8000000)
  to   space 21824K,   0% used [0x00000000e5560000, 0x00000000e5560000, 0x00000000e6ab0000)
 concurrent mark-sweep generation total 393216K, used 199160K [0x00000000e8000000, 0x0000000100000000, 0x0000000100000000)
 Metaspace       used 43960K, capacity 45229K, committed 45632K, reserved 1089536K
  class space    used 5313K, capacity 5616K, committed 5732K, reserved 1048576K
}
2019-02-22T17:26:51.225-0700: 81507.591: [Rescan (parallel) , 0.0067886 secs]2019-02-22T17:26:51.232-0700: 81507.598: [weak refs processing, 0.0005989 secs]2019-02-22T17:26:51.233-0700: 81507.598: [class unloading, 0.0183425 secs]2019-02-22T17:26:51.251-0700: 81507.617: [scrub symbol table, 0.0198101 secs]2019-02-22T17:26:51.270-0700: 81507.636: [scrub string table, 0.0019010 secs][1 CMS-remark: 199160K(393216K)] 220984K(502464K), 0.0637814 secs] [Times: user=0.11 sys=0.00, real=0.06 secs] 
2019-02-22T17:26:51.273-0700: 81507.639: Total time for which application threads were stopped: 0.0642189 seconds, Stopping threads took: 0.0001167 seconds
2019-02-22T17:26:51.273-0700: 81507.639: [CMS-concurrent-sweep-start]
{Heap before GC invocations=467 (full 62):
 par new generation   total 109248K, used 108903K [0x00000000e0000000, 0x00000000e8000000, 0x00000000e8000000)
  eden space 87424K,  99% used [0x00000000e0000000, 0x00000000e5509c18, 0x00000000e5560000)
  from space 21824K, 100% used [0x00000000e6ab0000, 0x00000000e8000000, 0x00000000e8000000)
  to   space 21824K,   0% used [0x00000000e5560000, 0x00000000e5560000, 0x00000000e6ab0000)
 concurrent mark-sweep generation total 393216K, used 198536K [0x00000000e8000000, 0x0000000100000000, 0x0000000100000000)
 Metaspace       used 43960K, capacity 45229K, committed 45632K, reserved 1089536K
  class space    used 5313K, capacity 5616K, committed 5732K, reserved 1048576K
2019-02-22T17:26:51.307-0700: 81507.673: [GC (Allocation Failure) 2019-02-22T17:26:51.307-0700: 81507.673: [ParNew
Desired survivor size 20112992 bytes, new threshold 8 (max 8)
- age   1:    2011464 bytes,    2011464 total
- age   2:     183968 bytes,    2195432 total
- age   3:    1063784 bytes,    3259216 total
- age   4:    4182256 bytes,    7441472 total
- age   5:    1450104 bytes,    8891576 total
- age   6:     781432 bytes,    9673008 total
- age   7:     797832 bytes,   10470840 total
- age   8:     992784 bytes,   11463624 total
: 108903K->12795K(109248K), 0.0137273 secs] 307439K->213699K(502464K), 0.0138363 secs] [Times: user=0.06 sys=0.00, real=0.01 secs] 
Heap after GC invocations=468 (full 62):
 par new generation   total 109248K, used 12795K [0x00000000e0000000, 0x00000000e8000000, 0x00000000e8000000)
  eden space 87424K,   0% used [0x00000000e0000000, 0x00000000e0000000, 0x00000000e5560000)
  from space 21824K,  58% used [0x00000000e5560000, 0x00000000e61deec0, 0x00000000e6ab0000)
  to   space 21824K,   0% used [0x00000000e6ab0000, 0x00000000e6ab0000, 0x00000000e8000000)
 concurrent mark-sweep generation total 393216K, used 200903K [0x00000000e8000000, 0x0000000100000000, 0x0000000100000000)
 Metaspace       used 43960K, capacity 45229K, committed 45632K, reserved 1089536K
  class space    used 5313K, capacity 5616K, committed 5732K, reserved 1048576K
}
2019-02-22T17:26:51.321-0700: 81507.687: Total time for which application threads were stopped: 0.0144300 seconds, Stopping threads took: 0.0001218 seconds
{Heap before GC invocations=468 (full 62):
 par new generation   total 109248K, used 100219K [0x00000000e0000000, 0x00000000e8000000, 0x00000000e8000000)
  eden space 87424K, 100% used [0x00000000e0000000, 0x00000000e5560000, 0x00000000e5560000)
  from space 21824K,  58% used [0x00000000e5560000, 0x00000000e61deec0, 0x00000000e6ab0000)
  to   space 21824K,   0% used [0x00000000e6ab0000, 0x00000000e6ab0000, 0x00000000e8000000)
 concurrent mark-sweep generation total 393216K, used 199788K [0x00000000e8000000, 0x0000000100000000, 0x0000000100000000)
 Metaspace       used 43960K, capacity 45229K, committed 45632K, reserved 1089536K
  class space    used 5313K, capacity 5616K, committed 5732K, reserved 1048576K
2019-02-22T17:26:51.364-0700: 81507.729: [GC (Allocation Failure) 2019-02-22T17:26:51.364-0700: 81507.729: [ParNew
Desired survivor size 20112992 bytes, new threshold 8 (max 8)
- age   1:    2238536 bytes,    2238536 total
- age   2:    1018344 bytes,    3256880 total
- age   3:     183872 bytes,    3440752 total
- age   4:    1030944 bytes,    4471696 total
- age   5:    1834216 bytes,    6305912 total
- age   6:    1355416 bytes,    7661328 total
- age   7:     809568 bytes,    8470896 total
- age   8:     797256 bytes,    9268152 total
: 100219K->12464K(109248K), 0.0130308 secs] 300008K->213219K(502464K), 0.0131331 secs] [Times: user=0.06 sys=0.00, real=0.01 secs] 
Heap after GC invocations=469 (full 62):
 par new generation   total 109248K, used 12464K [0x00000000e0000000, 0x00000000e8000000, 0x00000000e8000000)
  eden space 87424K,   0% used [0x00000000e0000000, 0x00000000e0000000, 0x00000000e5560000)
  from space 21824K,  57% used [0x00000000e6ab0000, 0x00000000e76dc270, 0x00000000e8000000)
  to   space 21824K,   0% used [0x00000000e5560000, 0x00000000e5560000, 0x00000000e6ab0000)
 concurrent mark-sweep generation total 393216K, used 200755K [0x00000000e8000000, 0x0000000100000000, 0x0000000100000000)
 Metaspace       used 43960K, capacity 45229K, committed 45632K, reserved 1089536K
  class space    used 5313K, capacity 5616K, committed 5732K, reserved 1048576K
}
2019-02-22T17:26:51.377-0700: 81507.742: Total time for which application threads were stopped: 0.0136574 seconds, Stopping threads took: 0.0000925 seconds
2019-02-22T17:26:51.447-0700: 81507.813: [CMS-concurrent-sweep: 0.146/0.174 secs] [Times: user=0.69 sys=0.02, real=0.17 secs] 
2019-02-22T17:26:51.448-0700: 81507.813: [CMS-concurrent-reset-start]
2019-02-22T17:26:51.448-0700: 81507.814: [CMS-concurrent-reset: 0.001/0.001 secs] [Times: user=0.00 sys=0.00, real=0.00 secs] 
{Heap before GC invocations=469 (full 62):
 par new generation   total 109248K, used 99888K [0x00000000e0000000, 0x00000000e8000000, 0x00000000e8000000)
  eden space 87424K, 100% used [0x00000000e0000000, 0x00000000e5560000, 0x00000000e5560000)
  from space 21824K,  57% used [0x00000000e6ab0000, 0x00000000e76dc270, 0x00000000e8000000)
  to   space 21824K,   0% used [0x00000000e5560000, 0x00000000e5560000, 0x00000000e6ab0000)
 concurrent mark-sweep generation total 393216K, used 198093K [0x00000000e8000000, 0x0000000100000000, 0x0000000100000000)
 Metaspace       used 43962K, capacity 45229K, committed 45632K, reserved 1089536K
  class space    used 5313K, capacity 5616K, committed 5732K, reserved 1048576K
2019-02-22T17:26:51.694-0700: 81508.059: [GC (Allocation Failure) 2019-02-22T17:26:51.694-0700: 81508.059: [ParNew
Desired survivor size 20112992 bytes, new threshold 8 (max 8)
- age   1:    6277040 bytes,    6277040 total
- age   2:     533664 bytes,    6810704 total
- age   3:     512656 bytes,    7323360 total
- age   4:     102408 bytes,    7425768 total
- age   5:     265288 bytes,    7691056 total
- age   6:     763232 bytes,    8454288 total
- age   7:    1347904 bytes,    9802192 total
- age   8:     771720 bytes,   10573912 total
: 99888K->13164K(109248K), 0.0109463 secs] 297981K->211955K(502464K), 0.0110692 secs] [Times: user=0.06 sys=0.00, real=0.01 secs] 
Heap after GC invocations=470 (full 62):
 par new generation   total 109248K, used 13164K [0x00000000e0000000, 0x00000000e8000000, 0x00000000e8000000)
  eden space 87424K,   0% used [0x00000000e0000000, 0x00000000e0000000, 0x00000000e5560000)
  from space 21824K,  60% used [0x00000000e5560000, 0x00000000e623b300, 0x00000000e6ab0000)
  to   space 21824K,   0% used [0x00000000e6ab0000, 0x00000000e6ab0000, 0x00000000e8000000)
 concurrent mark-sweep generation total 393216K, used 198791K [0x00000000e8000000, 0x0000000100000000, 0x0000000100000000)
 Metaspace       used 43962K, capacity 45229K, committed 45632K, reserved 1089536K
  class space    used 5313K, capacity 5616K, committed 5732K, reserved 1048576K
}
2019-02-22T17:26:51.705-0700: 81508.071: Total time for which application threads were stopped: 0.0116053 seconds, Stopping threads took: 0.0000761 seconds
2019-02-22T17:26:51.706-0700: 81508.071: [GC (CMS Initial Mark) [1 CMS-initial-mark: 198791K(393216K)] 212251K(502464K), 0.0024654 secs] [Times: user=0.00 sys=0.00, real=0.00 secs] 
2019-02-22T17:26:51.708-0700: 81508.074: Total time for which application threads were stopped: 0.0032113 seconds, Stopping threads took: 0.0001100 seconds
2019-02-22T17:26:51.708-0700: 81508.074: [CMS-concurrent-mark-start]
2019-02-22T17:26:51.781-0700: 81508.147: [CMS-concurrent-mark: 0.073/0.073 secs] [Times: user=0.27 sys=0.00, real=0.07 secs] 
2019-02-22T17:26:51.782-0700: 81508.147: [CMS-concurrent-preclean-start]
2019-02-22T17:26:51.799-0700: 81508.164: [CMS-concurrent-preclean: 0.017/0.017 secs] [Times: user=0.03 sys=0.00, real=0.02 secs] 
2019-02-22T17:26:51.799-0700: 81508.164: [CMS-concurrent-abortable-preclean-start]
2019-02-22T17:26:51.982-0700: 81508.347: [CMS-concurrent-abortable-preclean: 0.181/0.183 secs] [Times: user=0.38 sys=0.02, real=0.18 secs] 
2019-02-22T17:26:51.983-0700: 81508.348: [GC (CMS Final Remark) [YG occupancy: 62046 K (109248 K)]{Heap before GC invocations=470 (full 63):
 par new generation   total 109248K, used 62046K [0x00000000e0000000, 0x00000000e8000000, 0x00000000e8000000)
  eden space 87424K,  55% used [0x00000000e0000000, 0x00000000e2fbc5e0, 0x00000000e5560000)
  from space 21824K,  60% used [0x00000000e5560000, 0x00000000e623b300, 0x00000000e6ab0000)
  to   space 21824K,   0% used [0x00000000e6ab0000, 0x00000000e6ab0000, 0x00000000e8000000)
 concurrent mark-sweep generation total 393216K, used 198791K [0x00000000e8000000, 0x0000000100000000, 0x0000000100000000)
 Metaspace       used 43962K, capacity 45229K, committed 45632K, reserved 1089536K
  class space    used 5313K, capacity 5616K, committed 5732K, reserved 1048576K
2019-02-22T17:26:51.983-0700: 81508.348: [GC (CMS Final Remark) 2019-02-22T17:26:51.983-0700: 81508.348: [ParNew
Desired survivor size 20112992 bytes, new threshold 8 (max 8)
- age   1:    4419560 bytes,    4419560 total
- age   2:    3923464 bytes,    8343024 total
- age   3:     498416 bytes,    8841440 total
- age   4:     462992 bytes,    9304432 total
- age   5:     101880 bytes,    9406312 total
- age   6:     265288 bytes,    9671600 total
- age   7:     762584 bytes,   10434184 total
- age   8:    1348944 bytes,   11783128 total
: 62046K->18270K(109248K), 0.0090643 secs] 260837K->217814K(502464K), 0.0091497 secs] [Times: user=0.06 sys=0.00, real=0.01 secs] 
Heap after GC invocations=471 (full 63):
 par new generation   total 109248K, used 18270K [0x00000000e0000000, 0x00000000e8000000, 0x00000000e8000000)
  eden space 87424K,   0% used [0x00000000e0000000, 0x00000000e0000000, 0x00000000e5560000)
  from space 21824K,  83% used [0x00000000e6ab0000, 0x00000000e7c87a00, 0x00000000e8000000)
  to   space 21824K,   0% used [0x00000000e5560000, 0x00000000e5560000, 0x00000000e6ab0000)
 concurrent mark-sweep generation total 393216K, used 199543K [0x00000000e8000000, 0x0000000100000000, 0x0000000100000000)
 Metaspace       used 43962K, capacity 45229K, committed 45632K, reserved 1089536K
  class space    used 5313K, capacity 5616K, committed 5732K, reserved 1048576K
}
2019-02-22T17:26:51.992-0700: 81508.357: [Rescan (parallel) , 0.0058386 secs]2019-02-22T17:26:51.998-0700: 81508.363: [weak refs processing, 0.0008734 secs]2019-02-22T17:26:51.999-0700: 81508.364: [class unloading, 0.0147426 secs]2019-02-22T17:26:52.013-0700: 81508.379: [scrub symbol table, 0.0131094 secs]2019-02-22T17:26:52.027-0700: 81508.392: [scrub string table, 0.0008271 secs][1 CMS-remark: 199543K(393216K)] 217814K(502464K), 0.0451459 secs] [Times: user=0.09 sys=0.00, real=0.05 secs] 
2019-02-22T17:26:52.028-0700: 81508.393: Total time for which application threads were stopped: 0.0454584 seconds, Stopping threads took: 0.0000889 seconds
2019-02-22T17:26:52.028-0700: 81508.393: [CMS-concurrent-sweep-start]
2019-02-22T17:26:52.142-0700: 81508.507: [CMS-concurrent-sweep: 0.114/0.114 secs] [Times: user=0.36 sys=0.03, real=0.11 secs] 
2019-02-22T17:26:52.142-0700: 81508.507: [CMS-concurrent-reset-start]
2019-02-22T17:26:52.143-0700: 81508.508: [CMS-concurrent-reset: 0.001/0.001 secs] [Times: user=0.00 sys=0.00, real=0.00 secs] 
{Heap before GC invocations=471 (full 63):
 par new generation   total 109248K, used 105694K [0x00000000e0000000, 0x00000000e8000000, 0x00000000e8000000)
  eden space 87424K, 100% used [0x00000000e0000000, 0x00000000e5560000, 0x00000000e5560000)
  from space 21824K,  83% used [0x00000000e6ab0000, 0x00000000e7c87a00, 0x00000000e8000000)
  to   space 21824K,   0% used [0x00000000e5560000, 0x00000000e5560000, 0x00000000e6ab0000)
 concurrent mark-sweep generation total 393216K, used 197206K [0x00000000e8000000, 0x0000000100000000, 0x0000000100000000)
 Metaspace       used 43962K, capacity 45229K, committed 45632K, reserved 1089536K
  class space    used 5313K, capacity 5616K, committed 5732K, reserved 1048576K
2019-02-22T17:26:52.341-0700: 81508.706: [GC (Allocation Failure) 2019-02-22T17:26:52.341-0700: 81508.706: [ParNew
Desired survivor size 20112992 bytes, new threshold 8 (max 8)
- age   1:    6170248 bytes,    6170248 total
- age   2:    2111720 bytes,    8281968 total
- age   3:    3556848 bytes,   11838816 total
- age   4:     473544 bytes,   12312360 total
- age   5:     336632 bytes,   12648992 total
- age   6:     101712 bytes,   12750704 total
- age   7:     265288 bytes,   13015992 total
- age   8:     713000 bytes,   13728992 total
: 105694K->16745K(109248K), 0.0089106 secs] 302900K->214585K(502464K), 0.0090217 secs] [Times: user=0.06 sys=0.00, real=0.01 secs] 
Heap after GC invocations=472 (full 63):
 par new generation   total 109248K, used 16745K [0x00000000e0000000, 0x00000000e8000000, 0x00000000e8000000)
  eden space 87424K,   0% used [0x00000000e0000000, 0x00000000e0000000, 0x00000000e5560000)
  from space 21824K,  76% used [0x00000000e5560000, 0x00000000e65ba410, 0x00000000e6ab0000)
  to   space 21824K,   0% used [0x00000000e6ab0000, 0x00000000e6ab0000, 0x00000000e8000000)
 concurrent mark-sweep generation total 393216K, used 197840K [0x00000000e8000000, 0x0000000100000000, 0x0000000100000000)
 Metaspace       used 43962K, capacity 45229K, committed 45632K, reserved 1089536K
  class space    used 5313K, capacity 5616K, committed 5732K, reserved 1048576K
}
2019-02-22T17:26:52.350-0700: 81508.715: Total time for which application threads were stopped: 0.0094453 seconds, Stopping threads took: 0.0000612 seconds
2019-02-22T17:26:52.350-0700: 81508.716: [GC (CMS Initial Mark) [1 CMS-initial-mark: 197840K(393216K)] 214892K(502464K), 0.0016188 secs] [Times: user=0.00 sys=0.00, real=0.00 secs] 
2019-02-22T17:26:52.352-0700: 81508.717: Total time for which application threads were stopped: 0.0019647 seconds, Stopping threads took: 0.0000540 seconds
2019-02-22T17:26:52.352-0700: 81508.717: [CMS-concurrent-mark-start]
2019-02-22T17:26:52.412-0700: 81508.778: [CMS-concurrent-mark: 0.060/0.060 secs] [Times: user=0.33 sys=0.00, real=0.06 secs] 
2019-02-22T17:26:52.412-0700: 81508.778: [CMS-concurrent-preclean-start]
2019-02-22T17:26:52.424-0700: 81508.789: [CMS-concurrent-preclean: 0.011/0.012 secs] [Times: user=0.03 sys=0.00, real=0.01 secs] 
2019-02-22T17:26:52.424-0700: 81508.789: [CMS-concurrent-abortable-preclean-start]
{Heap before GC invocations=472 (full 64):
 par new generation   total 109248K, used 104058K [0x00000000e0000000, 0x00000000e8000000, 0x00000000e8000000)
  eden space 87424K,  99% used [0x00000000e0000000, 0x00000000e55445c0, 0x00000000e5560000)
  from space 21824K,  76% used [0x00000000e5560000, 0x00000000e65ba410, 0x00000000e6ab0000)
  to   space 21824K,   0% used [0x00000000e6ab0000, 0x00000000e6ab0000, 0x00000000e8000000)
 concurrent mark-sweep generation total 393216K, used 197840K [0x00000000e8000000, 0x0000000100000000, 0x0000000100000000)
 Metaspace       used 43962K, capacity 45229K, committed 45632K, reserved 1089536K
  class space    used 5313K, capacity 5616K, committed 5732K, reserved 1048576K
2019-02-22T17:26:52.494-0700: 81508.860: [GC (Allocation Failure) 2019-02-22T17:26:52.494-0700: 81508.860: [ParNew
Desired survivor size 20112992 bytes, new threshold 8 (max 8)
- age   1:    4577560 bytes,    4577560 total
- age   2:    4458256 bytes,    9035816 total
- age   3:     929712 bytes,    9965528 total
- age   4:    3555216 bytes,   13520744 total
- age   5:     473208 bytes,   13993952 total
- age   6:     336440 bytes,   14330392 total
- age   7:     101616 bytes,   14432008 total
- age   8:     265096 bytes,   14697104 total
: 104058K->19767K(109248K), 0.0090515 secs] 301898K->218303K(502464K), 0.0091178 secs] [Times: user=0.06 sys=0.00, real=0.01 secs] 
Heap after GC invocations=473 (full 64):
 par new generation   total 109248K, used 19767K [0x00000000e0000000, 0x00000000e8000000, 0x00000000e8000000)
  eden space 87424K,   0% used [0x00000000e0000000, 0x00000000e0000000, 0x00000000e5560000)
  from space 21824K,  90% used [0x00000000e6ab0000, 0x00000000e7dfdc80, 0x00000000e8000000)
  to   space 21824K,   0% used [0x00000000e5560000, 0x00000000e5560000, 0x00000000e6ab0000)
 concurrent mark-sweep generation total 393216K, used 198536K [0x00000000e8000000, 0x0000000100000000, 0x0000000100000000)
 Metaspace       used 43962K, capacity 45229K, committed 45632K, reserved 1089536K
  class space    used 5313K, capacity 5616K, committed 5732K, reserved 1048576K
}
2019-02-22T17:26:52.504-0700: 81508.869: Total time for which application threads were stopped: 0.0094118 seconds, Stopping threads took: 0.0000298 seconds
{Heap before GC invocations=473 (full 64):
 par new generation   total 109248K, used 106752K [0x00000000e0000000, 0x00000000e8000000, 0x00000000e8000000)
  eden space 87424K,  99% used [0x00000000e0000000, 0x00000000e54f2550, 0x00000000e5560000)
  from space 21824K,  90% used [0x00000000e6ab0000, 0x00000000e7dfdc80, 0x00000000e8000000)
  to   space 21824K,   0% used [0x00000000e5560000, 0x00000000e5560000, 0x00000000e6ab0000)
 concurrent mark-sweep generation total 393216K, used 198536K [0x00000000e8000000, 0x0000000100000000, 0x0000000100000000)
 Metaspace       used 43962K, capacity 45229K, committed 45632K, reserved 1089536K
  class space    used 5313K, capacity 5616K, committed 5732K, reserved 1048576K
2019-02-22T17:26:52.513-0700: 81508.879: [GC (Allocation Failure) 2019-02-22T17:26:52.513-0700: 81508.879: [ParNew
Desired survivor size 20112992 bytes, new threshold 8 (max 8)
- age   1:      37392 bytes,      37392 total
- age   2:    4564208 bytes,    4601600 total
- age   3:    4458256 bytes,    9059856 total
- age   4:     929712 bytes,    9989568 total
- age   5:    3555216 bytes,   13544784 total
- age   6:     473208 bytes,   14017992 total
- age   7:     336440 bytes,   14354432 total
- age   8:     101616 bytes,   14456048 total
: 106752K->18436K(109248K), 0.0072780 secs] 305288K->217231K(502464K), 0.0073669 secs] [Times: user=0.06 sys=0.00, real=0.01 secs] 
Heap after GC invocations=474 (full 64):
 par new generation   total 109248K, used 18436K [0x00000000e0000000, 0x00000000e8000000, 0x00000000e8000000)
  eden space 87424K,   0% used [0x00000000e0000000, 0x00000000e0000000, 0x00000000e5560000)
  from space 21824K,  84% used [0x00000000e5560000, 0x00000000e6761170, 0x00000000e6ab0000)
  to   space 21824K,   0% used [0x00000000e6ab0000, 0x00000000e6ab0000, 0x00000000e8000000)
 concurrent mark-sweep generation total 393216K, used 198795K [0x00000000e8000000, 0x0000000100000000, 0x0000000100000000)
 Metaspace       used 43962K, capacity 45229K, committed 45632K, reserved 1089536K
  class space    used 5313K, capacity 5616K, committed 5732K, reserved 1048576K
}
2019-02-22T17:26:52.521-0700: 81508.887: Total time for which application threads were stopped: 0.0078188 seconds, Stopping threads took: 0.0000529 seconds
{Heap before GC invocations=474 (full 64):
 par new generation   total 109248K, used 105860K [0x00000000e0000000, 0x00000000e8000000, 0x00000000e8000000)
  eden space 87424K, 100% used [0x00000000e0000000, 0x00000000e5560000, 0x00000000e5560000)
  from space 21824K,  84% used [0x00000000e5560000, 0x00000000e6761170, 0x00000000e6ab0000)
  to   space 21824K,   0% used [0x00000000e6ab0000, 0x00000000e6ab0000, 0x00000000e8000000)
 concurrent mark-sweep generation total 393216K, used 198795K [0x00000000e8000000, 0x0000000100000000, 0x0000000100000000)
 Metaspace       used 43962K, capacity 45229K, committed 45632K, reserved 1089536K
  class space    used 5313K, capacity 5616K, committed 5732K, reserved 1048576K
2019-02-22T17:26:52.541-0700: 81508.907: [GC (Allocation Failure) 2019-02-22T17:26:52.541-0700: 81508.907: [ParNew
Desired survivor size 20112992 bytes, new threshold 8 (max 8)
- age   1:    6226536 bytes,    6226536 total
- age   2:      20168 bytes,    6246704 total
- age   3:    4187528 bytes,   10434232 total
- age   4:    4523648 bytes,   14957880 total
- age   5:     870472 bytes,   15828352 total
- age   6:    3555216 bytes,   19383568 total
- age   7:     458928 bytes,   19842496 total
- age   8:     336440 bytes,   20178936 total
: 105860K->21824K(109248K), 0.0102071 secs] 304655K->220718K(502464K), 0.0102991 secs] [Times: user=0.06 sys=0.00, real=0.01 secs] 
Heap after GC invocations=475 (full 64):
 par new generation   total 109248K, used 21824K [0x00000000e0000000, 0x00000000e8000000, 0x00000000e8000000)
  eden space 87424K,   0% used [0x00000000e0000000, 0x00000000e0000000, 0x00000000e5560000)
  from space 21824K, 100% used [0x00000000e6ab0000, 0x00000000e8000000, 0x00000000e8000000)
  to   space 21824K,   0% used [0x00000000e5560000, 0x00000000e5560000, 0x00000000e6ab0000)
 concurrent mark-sweep generation total 393216K, used 198894K [0x00000000e8000000, 0x0000000100000000, 0x0000000100000000)
 Metaspace       used 43962K, capacity 45229K, committed 45632K, reserved 1089536K
  class space    used 5313K, capacity 5616K, committed 5732K, reserved 1048576K
}
2019-02-22T17:26:52.551-0700: 81508.917: Total time for which application threads were stopped: 0.0107278 seconds, Stopping threads took: 0.0000442 seconds
2019-02-22T17:26:52.563-0700: 81508.928: [CMS-concurrent-abortable-preclean: 0.108/0.139 secs] [Times: user=0.42 sys=0.02, real=0.14 secs] 
2019-02-22T17:26:52.563-0700: 81508.929: [GC (CMS Final Remark) [YG occupancy: 36534 K (109248 K)]{Heap before GC invocations=475 (full 64):
 par new generation   total 109248K, used 36534K [0x00000000e0000000, 0x00000000e8000000, 0x00000000e8000000)
  eden space 87424K,  16% used [0x00000000e0000000, 0x00000000e0e5da90, 0x00000000e5560000)
  from space 21824K, 100% used [0x00000000e6ab0000, 0x00000000e8000000, 0x00000000e8000000)
  to   space 21824K,   0% used [0x00000000e5560000, 0x00000000e5560000, 0x00000000e6ab0000)
 concurrent mark-sweep generation total 393216K, used 198894K [0x00000000e8000000, 0x0000000100000000, 0x0000000100000000)
 Metaspace       used 43962K, capacity 45229K, committed 45632K, reserved 1089536K
  class space    used 5313K, capacity 5616K, committed 5732K, reserved 1048576K
2019-02-22T17:26:52.563-0700: 81508.929: [GC (CMS Final Remark) 2019-02-22T17:26:52.563-0700: 81508.929: [ParNew
Desired survivor size 20112992 bytes, new threshold 7 (max 8)
- age   1:    7338560 bytes,    7338560 total
- age   2:    4191512 bytes,   11530072 total
- age   3:      16080 bytes,   11546152 total
- age   4:    3116520 bytes,   14662672 total
- age   5:    3650864 bytes,   18313536 total
- age   6:     857232 bytes,   19170768 total
- age   7:    2901288 bytes,   22072056 total
- age   8:     277048 bytes,   22349104 total
: 36534K->21824K(109248K), 0.0121924 secs] 235429K->226252K(502464K), 0.0122607 secs] [Times: user=0.00 sys=0.00, real=0.01 secs] 
Heap after GC invocations=476 (full 64):
 par new generation   total 109248K, used 21824K [0x00000000e0000000, 0x00000000e8000000, 0x00000000e8000000)
  eden space 87424K,   0% used [0x00000000e0000000, 0x00000000e0000000, 0x00000000e5560000)
  from space 21824K, 100% used [0x00000000e5560000, 0x00000000e6ab0000, 0x00000000e6ab0000)
  to   space 21824K,   0% used [0x00000000e6ab0000, 0x00000000e6ab0000, 0x00000000e8000000)
 concurrent mark-sweep generation total 393216K, used 204428K [0x00000000e8000000, 0x0000000100000000, 0x0000000100000000)
 Metaspace       used 43962K, capacity 45229K, committed 45632K, reserved 1089536K
  class space    used 5313K, capacity 5616K, committed 5732K, reserved 1048576K
}
2019-02-22T17:26:52.575-0700: 81508.941: [Rescan (parallel) , 0.0048707 secs]2019-02-22T17:26:52.580-0700: 81508.946: [weak refs processing, 0.0008276 secs]2019-02-22T17:26:52.581-0700: 81508.947: [class unloading, 0.0165952 secs]2019-02-22T17:26:52.598-0700: 81508.963: [scrub symbol table, 0.0121697 secs]2019-02-22T17:26:52.610-0700: 81508.976: [scrub string table, 0.0009438 secs][1 CMS-remark: 204428K(393216K)] 226252K(502464K), 0.0480724 secs] [Times: user=0.09 sys=0.00, real=0.05 secs] 
2019-02-22T17:26:52.611-0700: 81508.977: Total time for which application threads were stopped: 0.0482981 seconds, Stopping threads took: 0.0000529 seconds
2019-02-22T17:26:52.611-0700: 81508.977: [CMS-concurrent-sweep-start]
{Heap before GC invocations=476 (full 64):
 par new generation   total 109248K, used 109248K [0x00000000e0000000, 0x00000000e8000000, 0x00000000e8000000)
  eden space 87424K, 100% used [0x00000000e0000000, 0x00000000e5560000, 0x00000000e5560000)
  from space 21824K, 100% used [0x00000000e5560000, 0x00000000e6ab0000, 0x00000000e6ab0000)
  to   space 21824K,   0% used [0x00000000e6ab0000, 0x00000000e6ab0000, 0x00000000e8000000)
 concurrent mark-sweep generation total 393216K, used 203641K [0x00000000e8000000, 0x0000000100000000, 0x0000000100000000)
 Metaspace       used 43962K, capacity 45229K, committed 45632K, reserved 1089536K
  class space    used 5313K, capacity 5616K, committed 5732K, reserved 1048576K
2019-02-22T17:26:52.688-0700: 81509.054: [GC (Allocation Failure) 2019-02-22T17:26:52.688-0700: 81509.054: [ParNew
Desired survivor size 20112992 bytes, new threshold 7 (max 8)
- age   1:    3381544 bytes,    3381544 total
- age   2:    6569136 bytes,    9950680 total
- age   3:    3692392 bytes,   13643072 total
- age   4:      14992 bytes,   13658064 total
- age   5:    3030208 bytes,   16688272 total
- age   6:    3060912 bytes,   19749184 total
- age   7:     758288 bytes,   20507472 total
: 109248K->21824K(109248K), 0.0172789 secs] 312889K->230479K(502464K), 0.0174203 secs] [Times: user=0.03 sys=0.00, real=0.02 secs] 
Heap after GC invocations=477 (full 64):
 par new generation   total 109248K, used 21824K [0x00000000e0000000, 0x00000000e8000000, 0x00000000e8000000)
  eden space 87424K,   0% used [0x00000000e0000000, 0x00000000e0000000, 0x00000000e5560000)
  from space 21824K, 100% used [0x00000000e6ab0000, 0x00000000e8000000, 0x00000000e8000000)
  to   space 21824K,   0% used [0x00000000e5560000, 0x00000000e5560000, 0x00000000e6ab0000)
 concurrent mark-sweep generation total 393216K, used 208655K [0x00000000e8000000, 0x0000000100000000, 0x0000000100000000)
 Metaspace       used 43962K, capacity 45229K, committed 45632K, reserved 1089536K
  class space    used 5313K, capacity 5616K, committed 5732K, reserved 1048576K
}
2019-02-22T17:26:52.706-0700: 81509.071: Total time for which application threads were stopped: 0.0179781 seconds, Stopping threads took: 0.0001208 seconds
2019-02-22T17:26:52.726-0700: 81509.091: [CMS-concurrent-sweep: 0.097/0.115 secs] [Times: user=0.31 sys=0.00, real=0.12 secs] 
2019-02-22T17:26:52.727-0700: 81509.092: [CMS-concurrent-reset-start]
2019-02-22T17:26:52.727-0700: 81509.092: [CMS-concurrent-reset: 0.001/0.001 secs] [Times: user=0.00 sys=0.00, real=0.00 secs] 
{Heap before GC invocations=477 (full 64):
 par new generation   total 109248K, used 109248K [0x00000000e0000000, 0x00000000e8000000, 0x00000000e8000000)
  eden space 87424K, 100% used [0x00000000e0000000, 0x00000000e5560000, 0x00000000e5560000)
  from space 21824K, 100% used [0x00000000e6ab0000, 0x00000000e8000000, 0x00000000e8000000)
  to   space 21824K,   0% used [0x00000000e5560000, 0x00000000e5560000, 0x00000000e6ab0000)
 concurrent mark-sweep generation total 393216K, used 208403K [0x00000000e8000000, 0x0000000100000000, 0x0000000100000000)
 Metaspace       used 43962K, capacity 45229K, committed 45632K, reserved 1089536K
  class space    used 5313K, capacity 5616K, committed 5732K, reserved 1048576K
2019-02-22T17:26:52.804-0700: 81509.169: [GC (Allocation Failure) 2019-02-22T17:26:52.804-0700: 81509.169: [ParNew
Desired survivor size 20112992 bytes, new threshold 7 (max 8)
- age   1:    4148616 bytes,    4148616 total
- age   2:    2207496 bytes,    6356112 total
- age   3:    6441984 bytes,   12798096 total
- age   4:    2997264 bytes,   15795360 total
- age   5:      13576 bytes,   15808936 total
- age   6:    2405360 bytes,   18214296 total
- age   7:    2581728 bytes,   20796024 total
: 109248K->21824K(109248K), 0.0206193 secs] 317651K->234141K(502464K), 0.0207149 secs] [Times: user=0.05 sys=0.00, real=0.02 secs] 
Heap after GC invocations=478 (full 64):
 par new generation   total 109248K, used 21824K [0x00000000e0000000, 0x00000000e8000000, 0x00000000e8000000)
  eden space 87424K,   0% used [0x00000000e0000000, 0x00000000e0000000, 0x00000000e5560000)
  from space 21824K, 100% used [0x00000000e5560000, 0x00000000e6ab0000, 0x00000000e6ab0000)
  to   space 21824K,   0% used [0x00000000e6ab0000, 0x00000000e6ab0000, 0x00000000e8000000)
 concurrent mark-sweep generation total 393216K, used 212317K [0x00000000e8000000, 0x0000000100000000, 0x0000000100000000)
 Metaspace       used 43962K, capacity 45229K, committed 45632K, reserved 1089536K
  class space    used 5313K, capacity 5616K, committed 5732K, reserved 1048576K
}
2019-02-22T17:26:52.825-0700: 81509.190: Total time for which application threads were stopped: 0.0218227 seconds, Stopping threads took: 0.0003532 seconds
2019-02-22T17:26:52.825-0700: 81509.190: [GC (CMS Initial Mark) [1 CMS-initial-mark: 212317K(393216K)] 235980K(502464K), 0.0027065 secs] [Times: user=0.00 sys=0.00, real=0.00 secs] 
2019-02-22T17:26:52.828-0700: 81509.193: Total time for which application threads were stopped: 0.0029682 seconds, Stopping threads took: 0.0000735 seconds
2019-02-22T17:26:52.828-0700: 81509.193: [CMS-concurrent-mark-start]
2019-02-22T17:26:52.901-0700: 81509.267: [CMS-concurrent-mark: 0.074/0.074 secs] [Times: user=0.42 sys=0.01, real=0.07 secs] 
2019-02-22T17:26:52.901-0700: 81509.267: [CMS-concurrent-preclean-start]
2019-02-22T17:26:52.917-0700: 81509.282: [CMS-concurrent-preclean: 0.014/0.015 secs] [Times: user=0.03 sys=0.00, real=0.02 secs] 
2019-02-22T17:26:52.917-0700: 81509.282: [CMS-concurrent-abortable-preclean-start]
{Heap before GC invocations=478 (full 65):
 par new generation   total 109248K, used 109248K [0x00000000e0000000, 0x00000000e8000000, 0x00000000e8000000)
  eden space 87424K, 100% used [0x00000000e0000000, 0x00000000e5560000, 0x00000000e5560000)
  from space 21824K, 100% used [0x00000000e5560000, 0x00000000e6ab0000, 0x00000000e6ab0000)
  to   space 21824K,   0% used [0x00000000e6ab0000, 0x00000000e6ab0000, 0x00000000e8000000)
 concurrent mark-sweep generation total 393216K, used 212317K [0x00000000e8000000, 0x0000000100000000, 0x0000000100000000)
 Metaspace       used 43962K, capacity 45229K, committed 45632K, reserved 1089536K
  class space    used 5313K, capacity 5616K, committed 5732K, reserved 1048576K
2019-02-22T17:26:53.181-0700: 81509.546: [GC (Allocation Failure) 2019-02-22T17:26:53.181-0700: 81509.546: [ParNew
Desired survivor size 20112992 bytes, new threshold 7 (max 8)
- age   1:    6715408 bytes,    6715408 total
- age   2:    3250192 bytes,    9965600 total
- age   3:    1072856 bytes,   11038456 total
- age   4:    6003672 bytes,   17042128 total
- age   5:    2736504 bytes,   19778632 total
- age   6:      10744 bytes,   19789376 total
- age   7:    1764744 bytes,   21554120 total
: 109248K->21824K(109248K), 0.0184222 secs] 321565K->239723K(502464K), 0.0184885 secs] [Times: user=0.06 sys=0.00, real=0.02 secs] 
Heap after GC invocations=479 (full 65):
 par new generation   total 109248K, used 21824K [0x00000000e0000000, 0x00000000e8000000, 0x00000000e8000000)
  eden space 87424K,   0% used [0x00000000e0000000, 0x00000000e0000000, 0x00000000e5560000)
  from space 21824K, 100% used [0x00000000e6ab0000, 0x00000000e8000000, 0x00000000e8000000)
  to   space 21824K,   0% used [0x00000000e5560000, 0x00000000e5560000, 0x00000000e6ab0000)
 concurrent mark-sweep generation total 393216K, used 217899K [0x00000000e8000000, 0x0000000100000000, 0x0000000100000000)
 Metaspace       used 43962K, capacity 45229K, committed 45632K, reserved 1089536K
  class space    used 5313K, capacity 5616K, committed 5732K, reserved 1048576K
}
2019-02-22T17:26:53.199-0700: 81509.565: Total time for which application threads were stopped: 0.0187815 seconds, Stopping threads took: 0.0000504 seconds
{Heap before GC invocations=479 (full 65):
 par new generation   total 109248K, used 109072K [0x00000000e0000000, 0x00000000e8000000, 0x00000000e8000000)
  eden space 87424K,  99% used [0x00000000e0000000, 0x00000000e55341e0, 0x00000000e5560000)
  from space 21824K, 100% used [0x00000000e6ab0000, 0x00000000e8000000, 0x00000000e8000000)
  to   space 21824K,   0% used [0x00000000e5560000, 0x00000000e5560000, 0x00000000e6ab0000)
 concurrent mark-sweep generation total 393216K, used 217899K [0x00000000e8000000, 0x0000000100000000, 0x0000000100000000)
 Metaspace       used 43962K, capacity 45229K, committed 45632K, reserved 1089536K
  class space    used 5313K, capacity 5616K, committed 5732K, reserved 1048576K
2019-02-22T17:26:53.226-0700: 81509.592: [GC (Allocation Failure) 2019-02-22T17:26:53.226-0700: 81509.592: [ParNew
Desired survivor size 20112992 bytes, new threshold 5 (max 8)
- age   1:    7387296 bytes,    7387296 total
- age   2:    4959800 bytes,   12347096 total
- age   3:    2978504 bytes,   15325600 total
- age   4:     719368 bytes,   16044968 total
- age   5:    4429192 bytes,   20474160 total
- age   6:    1835456 bytes,   22309616 total
- age   7:       8608 bytes,   22318224 total
: 109072K->21824K(109248K), 0.0225953 secs] 326972K->259074K(502464K), 0.0226632 secs] [Times: user=0.06 sys=0.00, real=0.02 secs] 
Heap after GC invocations=480 (full 65):
 par new generation   total 109248K, used 21824K [0x00000000e0000000, 0x00000000e8000000, 0x00000000e8000000)
  eden space 87424K,   0% used [0x00000000e0000000, 0x00000000e0000000, 0x00000000e5560000)
  from space 21824K, 100% used [0x00000000e5560000, 0x00000000e6ab0000, 0x00000000e6ab0000)
  to   space 21824K,   0% used [0x00000000e6ab0000, 0x00000000e6ab0000, 0x00000000e8000000)
 concurrent mark-sweep generation total 393216K, used 237250K [0x00000000e8000000, 0x0000000100000000, 0x0000000100000000)
 Metaspace       used 43962K, capacity 45229K, committed 45632K, reserved 1089536K
  class space    used 5313K, capacity 5616K, committed 5732K, reserved 1048576K
}
2019-02-22T17:26:53.249-0700: 81509.614: Total time for which application threads were stopped: 0.0229906 seconds, Stopping threads took: 0.0000601 seconds
{Heap before GC invocations=480 (full 65):
 par new generation   total 109248K, used 109221K [0x00000000e0000000, 0x00000000e8000000, 0x00000000e8000000)
  eden space 87424K,  99% used [0x00000000e0000000, 0x00000000e5559680, 0x00000000e5560000)
  from space 21824K, 100% used [0x00000000e5560000, 0x00000000e6ab0000, 0x00000000e6ab0000)
  to   space 21824K,   0% used [0x00000000e6ab0000, 0x00000000e6ab0000, 0x00000000e8000000)
 concurrent mark-sweep generation total 393216K, used 237250K [0x00000000e8000000, 0x0000000100000000, 0x0000000100000000)
 Metaspace       used 43962K, capacity 45229K, committed 45632K, reserved 1089536K
  class space    used 5313K, capacity 5616K, committed 5732K, reserved 1048576K
2019-02-22T17:26:53.261-0700: 81509.626: [GC (Allocation Failure) 2019-02-22T17:26:53.261-0700: 81509.626: [ParNew
Desired survivor size 20112992 bytes, new threshold 8 (max 8)
- age   1:    1508224 bytes,    1508224 total
- age   2:    6701888 bytes,    8210112 total
- age   3:    4959800 bytes,   13169912 total
- age   4:    2978504 bytes,   16148416 total
- age   5:     719368 bytes,   16867784 total
: 109221K->21824K(109248K), 0.0186124 secs] 346472K->264631K(502464K), 0.0187096 secs] [Times: user=0.06 sys=0.00, real=0.02 secs] 
Heap after GC invocations=481 (full 65):
 par new generation   total 109248K, used 21824K [0x00000000e0000000, 0x00000000e8000000, 0x00000000e8000000)
  eden space 87424K,   0% used [0x00000000e0000000, 0x00000000e0000000, 0x00000000e5560000)
  from space 21824K, 100% used [0x00000000e6ab0000, 0x00000000e8000000, 0x00000000e8000000)
  to   space 21824K,   0% used [0x00000000e5560000, 0x00000000e5560000, 0x00000000e6ab0000)
 concurrent mark-sweep generation total 393216K, used 242807K [0x00000000e8000000, 0x0000000100000000, 0x0000000100000000)
 Metaspace       used 43962K, capacity 45229K, committed 45632K, reserved 1089536K
  class space    used 5313K, capacity 5616K, committed 5732K, reserved 1048576K
}
2019-02-22T17:26:53.280-0700: 81509.645: Total time for which application threads were stopped: 0.0191959 seconds, Stopping threads took: 0.0001254 seconds
{Heap before GC invocations=481 (full 65):
 par new generation   total 109248K, used 109248K [0x00000000e0000000, 0x00000000e8000000, 0x00000000e8000000)
  eden space 87424K, 100% used [0x00000000e0000000, 0x00000000e5560000, 0x00000000e5560000)
  from space 21824K, 100% used [0x00000000e6ab0000, 0x00000000e8000000, 0x00000000e8000000)
  to   space 21824K,   0% used [0x00000000e5560000, 0x00000000e5560000, 0x00000000e6ab0000)
 concurrent mark-sweep generation total 393216K, used 242807K [0x00000000e8000000, 0x0000000100000000, 0x0000000100000000)
 Metaspace       used 43962K, capacity 45229K, committed 45632K, reserved 1089536K
  class space    used 5313K, capacity 5616K, committed 5732K, reserved 1048576K
2019-02-22T17:26:53.297-0700: 81509.662: [GC (Allocation Failure) 2019-02-22T17:26:53.297-0700: 81509.662: [ParNew
Desired survivor size 20112992 bytes, new threshold 8 (max 8)
- age   1:    1394880 bytes,    1394880 total
- age   2:     137024 bytes,    1531904 total
- age   3:    6628496 bytes,    8160400 total
- age   4:    4896208 bytes,   13056608 total
- age   5:    2978504 bytes,   16035112 total
- age   6:     712352 bytes,   16747464 total
: 109248K->21824K(109248K), 0.0126704 secs] 352055K->264631K(502464K), 0.0127326 secs] [Times: user=0.06 sys=0.00, real=0.01 secs] 
Heap after GC invocations=482 (full 65):
 par new generation   total 109248K, used 21824K [0x00000000e0000000, 0x00000000e8000000, 0x00000000e8000000)
  eden space 87424K,   0% used [0x00000000e0000000, 0x00000000e0000000, 0x00000000e5560000)
  from space 21824K, 100% used [0x00000000e5560000, 0x00000000e6ab0000, 0x00000000e6ab0000)
  to   space 21824K,   0% used [0x00000000e6ab0000, 0x00000000e6ab0000, 0x00000000e8000000)
 concurrent mark-sweep generation total 393216K, used 242807K [0x00000000e8000000, 0x0000000100000000, 0x0000000100000000)
 Metaspace       used 43962K, capacity 45229K, committed 45632K, reserved 1089536K
  class space    used 5313K, capacity 5616K, committed 5732K, reserved 1048576K
}
2019-02-22T17:26:53.310-0700: 81509.675: Total time for which application threads were stopped: 0.0130421 seconds, Stopping threads took: 0.0000586 seconds
2019-02-22T17:26:53.318-0700: 81509.683: [CMS-concurrent-abortable-preclean: 0.320/0.401 secs] [Times: user=1.14 sys=0.03, real=0.40 secs] 
2019-02-22T17:26:53.318-0700: 81509.683: [GC (CMS Final Remark) [YG occupancy: 31922 K (109248 K)]{Heap before GC invocations=482 (full 65):
 par new generation   total 109248K, used 31922K [0x00000000e0000000, 0x00000000e8000000, 0x00000000e8000000)
  eden space 87424K,  11% used [0x00000000e0000000, 0x00000000e09dca68, 0x00000000e5560000)
  from space 21824K, 100% used [0x00000000e5560000, 0x00000000e6ab0000, 0x00000000e6ab0000)
  to   space 21824K,   0% used [0x00000000e6ab0000, 0x00000000e6ab0000, 0x00000000e8000000)
 concurrent mark-sweep generation total 393216K, used 242807K [0x00000000e8000000, 0x0000000100000000, 0x0000000100000000)
 Metaspace       used 43962K, capacity 45229K, committed 45632K, reserved 1089536K
  class space    used 5313K, capacity 5616K, committed 5732K, reserved 1048576K
2019-02-22T17:26:53.318-0700: 81509.683: [GC (CMS Final Remark) 2019-02-22T17:26:53.318-0700: 81509.683: [ParNew
Desired survivor size 20112992 bytes, new threshold 8 (max 8)
- age   1:    1713744 bytes,    1713744 total
- age   2:     302408 bytes,    2016152 total
- age   3:     109408 bytes,    2125560 total
- age   4:    6621776 bytes,    8747336 total
- age   5:    4705344 bytes,   13452680 total
- age   6:    2978504 bytes,   16431184 total
- age   7:     712352 bytes,   17143536 total
: 31922K->20264K(109248K), 0.0142460 secs] 274730K->263071K(502464K), 0.0143164 secs] [Times: user=0.06 sys=0.00, real=0.01 secs] 
Heap after GC invocations=483 (full 65):
 par new generation   total 109248K, used 20264K [0x00000000e0000000, 0x00000000e8000000, 0x00000000e8000000)
  eden space 87424K,   0% used [0x00000000e0000000, 0x00000000e0000000, 0x00000000e5560000)
  from space 21824K,  92% used [0x00000000e6ab0000, 0x00000000e7e7a040, 0x00000000e8000000)
  to   space 21824K,   0% used [0x00000000e5560000, 0x00000000e5560000, 0x00000000e6ab0000)
 concurrent mark-sweep generation total 393216K, used 242807K [0x00000000e8000000, 0x0000000100000000, 0x0000000100000000)
 Metaspace       used 43962K, capacity 45229K, committed 45632K, reserved 1089536K
  class space    used 5313K, capacity 5616K, committed 5732K, reserved 1048576K
}
2019-02-22T17:26:53.332-0700: 81509.698: [Rescan (parallel) , 0.0114938 secs]2019-02-22T17:26:53.343-0700: 81509.709: [weak refs processing, 0.0015139 secs]2019-02-22T17:26:53.345-0700: 81509.711: [class unloading, 0.0098683 secs]2019-02-22T17:26:53.356-0700: 81509.721: [scrub symbol table, 0.0084372 secs]2019-02-22T17:26:53.363-0700: 81509.729: [scrub string table, 0.0006585 secs][1 CMS-remark: 242807K(393216K)] 263071K(502464K), 0.0467328 secs] [Times: user=0.08 sys=0.00, real=0.05 secs] 
2019-02-22T17:26:53.364-0700: 81509.730: Total time for which application threads were stopped: 0.0470602 seconds, Stopping threads took: 0.0001054 seconds
2019-02-22T17:26:53.364-0700: 81509.730: [CMS-concurrent-sweep-start]
{Heap before GC invocations=483 (full 65):
 par new generation   total 109248K, used 107688K [0x00000000e0000000, 0x00000000e8000000, 0x00000000e8000000)
  eden space 87424K, 100% used [0x00000000e0000000, 0x00000000e5560000, 0x00000000e5560000)
  from space 21824K,  92% used [0x00000000e6ab0000, 0x00000000e7e7a040, 0x00000000e8000000)
  to   space 21824K,   0% used [0x00000000e5560000, 0x00000000e5560000, 0x00000000e6ab0000)
 concurrent mark-sweep generation total 393216K, used 220238K [0x00000000e8000000, 0x0000000100000000, 0x0000000100000000)
 Metaspace       used 43962K, capacity 45229K, committed 45632K, reserved 1089536K
  class space    used 5313K, capacity 5616K, committed 5732K, reserved 1048576K
2019-02-22T17:26:53.434-0700: 81509.799: [GC (Allocation Failure) 2019-02-22T17:26:53.434-0700: 81509.799: [ParNew
Desired survivor size 20112992 bytes, new threshold 8 (max 8)
- age   1:    2929376 bytes,    2929376 total
- age   2:     438648 bytes,    3368024 total
- age   3:     239400 bytes,    3607424 total
- age   4:      48288 bytes,    3655712 total
- age   5:    6619760 bytes,   10275472 total
- age   6:    4364704 bytes,   14640176 total
- age   7:    2975216 bytes,   17615392 total
- age   8:     609872 bytes,   18225264 total
: 107688K->21824K(109248K), 0.0149904 secs] 327926K->242062K(502464K), 0.0150731 secs] [Times: user=0.06 sys=0.00, real=0.01 secs] 
Heap after GC invocations=484 (full 65):
 par new generation   total 109248K, used 21824K [0x00000000e0000000, 0x00000000e8000000, 0x00000000e8000000)
  eden space 87424K,   0% used [0x00000000e0000000, 0x00000000e0000000, 0x00000000e5560000)
  from space 21824K, 100% used [0x00000000e5560000, 0x00000000e6ab0000, 0x00000000e6ab0000)
  to   space 21824K,   0% used [0x00000000e6ab0000, 0x00000000e6ab0000, 0x00000000e8000000)
 concurrent mark-sweep generation total 393216K, used 220238K [0x00000000e8000000, 0x0000000100000000, 0x0000000100000000)
 Metaspace       used 43962K, capacity 45229K, committed 45632K, reserved 1089536K
  class space    used 5313K, capacity 5616K, committed 5732K, reserved 1048576K
}
2019-02-22T17:26:53.449-0700: 81509.814: Total time for which application threads were stopped: 0.0155389 seconds, Stopping threads took: 0.0000766 seconds
2019-02-22T17:26:53.461-0700: 81509.826: [CMS-concurrent-sweep: 0.080/0.096 secs] [Times: user=0.38 sys=0.00, real=0.10 secs] 
2019-02-22T17:26:53.461-0700: 81509.826: [CMS-concurrent-reset-start]
2019-02-22T17:26:53.461-0700: 81509.826: [CMS-concurrent-reset: 0.000/0.000 secs] [Times: user=0.00 sys=0.00, real=0.00 secs] 
{Heap before GC invocations=484 (full 65):
 par new generation   total 109248K, used 109248K [0x00000000e0000000, 0x00000000e8000000, 0x00000000e8000000)
  eden space 87424K, 100% used [0x00000000e0000000, 0x00000000e5560000, 0x00000000e5560000)
  from space 21824K, 100% used [0x00000000e5560000, 0x00000000e6ab0000, 0x00000000e6ab0000)
  to   space 21824K,   0% used [0x00000000e6ab0000, 0x00000000e6ab0000, 0x00000000e8000000)
 concurrent mark-sweep generation total 393216K, used 207757K [0x00000000e8000000, 0x0000000100000000, 0x0000000100000000)
 Metaspace       used 43962K, capacity 45229K, committed 45632K, reserved 1089536K
  class space    used 5313K, capacity 5616K, committed 5732K, reserved 1048576K
2019-02-22T17:26:53.514-0700: 81509.879: [GC (Allocation Failure) 2019-02-22T17:26:53.514-0700: 81509.879: [ParNew
Desired survivor size 20112992 bytes, new threshold 8 (max 8)
- age   1:    7246072 bytes,    7246072 total
- age   2:    1771784 bytes,    9017856 total
- age   3:     430816 bytes,    9448672 total
- age   4:     230888 bytes,    9679560 total
- age   5:      46920 bytes,    9726480 total
- age   6:    6247024 bytes,   15973504 total
- age   7:    3198344 bytes,   19171848 total
- age   8:    2836816 bytes,   22008664 total
: 109248K->21824K(109248K), 0.0221918 secs] 317005K->240768K(502464K), 0.0223033 secs] [Times: user=0.13 sys=0.00, real=0.02 secs] 
Heap after GC invocations=485 (full 65):
 par new generation   total 109248K, used 21824K [0x00000000e0000000, 0x00000000e8000000, 0x00000000e8000000)
  eden space 87424K,   0% used [0x00000000e0000000, 0x00000000e0000000, 0x00000000e5560000)
  from space 21824K, 100% used [0x00000000e6ab0000, 0x00000000e8000000, 0x00000000e8000000)
  to   space 21824K,   0% used [0x00000000e5560000, 0x00000000e5560000, 0x00000000e6ab0000)
 concurrent mark-sweep generation total 393216K, used 218944K [0x00000000e8000000, 0x0000000100000000, 0x0000000100000000)
 Metaspace       used 43962K, capacity 45229K, committed 45632K, reserved 1089536K
  class space    used 5313K, capacity 5616K, committed 5732K, reserved 1048576K
}
2019-02-22T17:26:53.536-0700: 81509.901: Total time for which application threads were stopped: 0.0227089 seconds, Stopping threads took: 0.0000550 seconds
2019-02-22T17:26:53.536-0700: 81509.902: [GC (CMS Initial Mark) [1 CMS-initial-mark: 218944K(393216K)] 242134K(502464K), 0.0030735 secs] [Times: user=0.00 sys=0.00, real=0.00 secs] 
2019-02-22T17:26:53.540-0700: 81509.905: Total time for which application threads were stopped: 0.0033362 seconds, Stopping threads took: 0.0000699 seconds
2019-02-22T17:26:53.540-0700: 81509.905: [CMS-concurrent-mark-start]
2019-02-22T17:26:53.606-0700: 81509.971: [CMS-concurrent-mark: 0.066/0.066 secs] [Times: user=0.36 sys=0.00, real=0.07 secs] 
2019-02-22T17:26:53.606-0700: 81509.971: [CMS-concurrent-preclean-start]
2019-02-22T17:26:53.622-0700: 81509.987: [CMS-concurrent-preclean: 0.015/0.016 secs] [Times: user=0.05 sys=0.00, real=0.02 secs] 
2019-02-22T17:26:53.622-0700: 81509.987: [CMS-concurrent-abortable-preclean-start]
{Heap before GC invocations=485 (full 66):
 par new generation   total 109248K, used 109248K [0x00000000e0000000, 0x00000000e8000000, 0x00000000e8000000)
  eden space 87424K, 100% used [0x00000000e0000000, 0x00000000e5560000, 0x00000000e5560000)
  from space 21824K, 100% used [0x00000000e6ab0000, 0x00000000e8000000, 0x00000000e8000000)
  to   space 21824K,   0% used [0x00000000e5560000, 0x00000000e5560000, 0x00000000e6ab0000)
 concurrent mark-sweep generation total 393216K, used 218944K [0x00000000e8000000, 0x0000000100000000, 0x0000000100000000)
 Metaspace       used 43962K, capacity 45229K, committed 45632K, reserved 1089536K
  class space    used 5313K, capacity 5616K, committed 5732K, reserved 1048576K
2019-02-22T17:26:53.746-0700: 81510.112: [GC (Allocation Failure) 2019-02-22T17:26:53.746-0700: 81510.112: [ParNew
Desired survivor size 20112992 bytes, new threshold 8 (max 8)
- age   1:    6672896 bytes,    6672896 total
- age   2:    6838016 bytes,   13510912 total
- age   3:    1267464 bytes,   14778376 total
- age   4:     120992 bytes,   14899368 total
- age   5:     130456 bytes,   15029824 total
- age   6:      26544 bytes,   15056368 total
- age   7:    1960520 bytes,   17016888 total
- age   8:    2319440 bytes,   19336328 total
: 109248K->21824K(109248K), 0.0266728 secs] 328192K->252127K(502464K), 0.0267391 secs] [Times: user=0.13 sys=0.00, real=0.03 secs] 
Heap after GC invocations=486 (full 66):
 par new generation   total 109248K, used 21824K [0x00000000e0000000, 0x00000000e8000000, 0x00000000e8000000)
  eden space 87424K,   0% used [0x00000000e0000000, 0x00000000e0000000, 0x00000000e5560000)
  from space 21824K, 100% used [0x00000000e5560000, 0x00000000e6ab0000, 0x00000000e6ab0000)
  to   space 21824K,   0% used [0x00000000e6ab0000, 0x00000000e6ab0000, 0x00000000e8000000)
 concurrent mark-sweep generation total 393216K, used 230303K [0x00000000e8000000, 0x0000000100000000, 0x0000000100000000)
 Metaspace       used 43962K, capacity 45229K, committed 45632K, reserved 1089536K
  class space    used 5313K, capacity 5616K, committed 5732K, reserved 1048576K
}
2019-02-22T17:26:53.773-0700: 81510.138: Total time for which application threads were stopped: 0.0270295 seconds, Stopping threads took: 0.0000288 seconds
{Heap before GC invocations=486 (full 66):
 par new generation   total 109248K, used 108911K [0x00000000e0000000, 0x00000000e8000000, 0x00000000e8000000)
  eden space 87424K,  99% used [0x00000000e0000000, 0x00000000e550bdf0, 0x00000000e5560000)
  from space 21824K, 100% used [0x00000000e5560000, 0x00000000e6ab0000, 0x00000000e6ab0000)
  to   space 21824K,   0% used [0x00000000e6ab0000, 0x00000000e6ab0000, 0x00000000e8000000)
 concurrent mark-sweep generation total 393216K, used 230303K [0x00000000e8000000, 0x0000000100000000, 0x0000000100000000)
 Metaspace       used 43964K, capacity 45229K, committed 45632K, reserved 1089536K
  class space    used 5313K, capacity 5616K, committed 5732K, reserved 1048576K
2019-02-22T17:26:53.806-0700: 81510.171: [GC (Allocation Failure) 2019-02-22T17:26:53.806-0700: 81510.171: [ParNew
Desired survivor size 20112992 bytes, new threshold 4 (max 8)
- age   1:    7957120 bytes,    7957120 total
- age   2:    5560648 bytes,   13517768 total
- age   3:    5563640 bytes,   19081408 total
- age   4:    1186152 bytes,   20267560 total
- age   5:     108448 bytes,   20376008 total
- age   6:      82024 bytes,   20458032 total
- age   7:      21456 bytes,   20479488 total
- age   8:    1883424 bytes,   22362912 total
: 108911K->21824K(109248K), 0.0253943 secs] 339215K->268844K(502464K), 0.0255480 secs] [Times: user=0.09 sys=0.00, real=0.03 secs] 
Heap after GC invocations=487 (full 66):
 par new generation   total 109248K, used 21824K [0x00000000e0000000, 0x00000000e8000000, 0x00000000e8000000)
  eden space 87424K,   0% used [0x00000000e0000000, 0x00000000e0000000, 0x00000000e5560000)
  from space 21824K, 100% used [0x00000000e6ab0000, 0x00000000e8000000, 0x00000000e8000000)
  to   space 21824K,   0% used [0x00000000e5560000, 0x00000000e5560000, 0x00000000e6ab0000)
 concurrent mark-sweep generation total 393216K, used 247020K [0x00000000e8000000, 0x0000000100000000, 0x0000000100000000)
 Metaspace       used 43964K, capacity 45229K, committed 45632K, reserved 1089536K
  class space    used 5313K, capacity 5616K, committed 5732K, reserved 1048576K
}
2019-02-22T17:26:53.832-0700: 81510.197: Total time for which application threads were stopped: 0.0259788 seconds, Stopping threads took: 0.0000833 seconds
{Heap before GC invocations=487 (full 66):
 par new generation   total 109248K, used 109243K [0x00000000e0000000, 0x00000000e8000000, 0x00000000e8000000)
  eden space 87424K,  99% used [0x00000000e0000000, 0x00000000e555ecf0, 0x00000000e5560000)
  from space 21824K, 100% used [0x00000000e6ab0000, 0x00000000e8000000, 0x00000000e8000000)
  to   space 21824K,   0% used [0x00000000e5560000, 0x00000000e5560000, 0x00000000e6ab0000)
 concurrent mark-sweep generation total 393216K, used 247020K [0x00000000e8000000, 0x0000000100000000, 0x0000000100000000)
 Metaspace       used 43964K, capacity 45229K, committed 45632K, reserved 1089536K
  class space    used 5313K, capacity 5616K, committed 5732K, reserved 1048576K
2019-02-22T17:26:53.846-0700: 81510.211: [GC (Allocation Failure) 2019-02-22T17:26:53.846-0700: 81510.211: [ParNew
Desired survivor size 20112992 bytes, new threshold 8 (max 8)
- age   1:    1804872 bytes,    1804872 total
- age   2:    7094128 bytes,    8899000 total
- age   3:    5512024 bytes,   14411024 total
- age   4:    5413152 bytes,   19824176 total
: 109243K->21824K(109248K), 0.0160195 secs] 356264K->272726K(502464K), 0.0160848 secs] [Times: user=0.06 sys=0.00, real=0.02 secs] 
Heap after GC invocations=488 (full 66):
 par new generation   total 109248K, used 21824K [0x00000000e0000000, 0x00000000e8000000, 0x00000000e8000000)
  eden space 87424K,   0% used [0x00000000e0000000, 0x00000000e0000000, 0x00000000e5560000)
  from space 21824K, 100% used [0x00000000e5560000, 0x00000000e6ab0000, 0x00000000e6ab0000)
  to   space 21824K,   0% used [0x00000000e6ab0000, 0x00000000e6ab0000, 0x00000000e8000000)
 concurrent mark-sweep generation total 393216K, used 250902K [0x00000000e8000000, 0x0000000100000000, 0x0000000100000000)
 Metaspace       used 43964K, capacity 45229K, committed 45632K, reserved 1089536K
  class space    used 5313K, capacity 5616K, committed 5732K, reserved 1048576K
}
2019-02-22T17:26:53.862-0700: 81510.227: Total time for which application threads were stopped: 0.0165408 seconds, Stopping threads took: 0.0001059 seconds
{Heap before GC invocations=488 (full 66):
 par new generation   total 109248K, used 109014K [0x00000000e0000000, 0x00000000e8000000, 0x00000000e8000000)
  eden space 87424K,  99% used [0x00000000e0000000, 0x00000000e5525808, 0x00000000e5560000)
  from space 21824K, 100% used [0x00000000e5560000, 0x00000000e6ab0000, 0x00000000e6ab0000)
  to   space 21824K,   0% used [0x00000000e6ab0000, 0x00000000e6ab0000, 0x00000000e8000000)
 concurrent mark-sweep generation total 393216K, used 250902K [0x00000000e8000000, 0x0000000100000000, 0x0000000100000000)
 Metaspace       used 43964K, capacity 45229K, committed 45632K, reserved 1089536K
  class space    used 5313K, capacity 5616K, committed 5732K, reserved 1048576K
2019-02-22T17:26:53.875-0700: 81510.241: [GC (Allocation Failure) 2019-02-22T17:26:53.875-0700: 81510.241: [ParNew
Desired survivor size 20112992 bytes, new threshold 8 (max 8)
- age   1:     802672 bytes,     802672 total
- age   2:     415296 bytes,    1217968 total
- age   3:    7084344 bytes,    8302312 total
- age   4:    5544808 bytes,   13847120 total
- age   5:    4961480 bytes,   18808600 total
: 109014K->21824K(109248K), 0.0127224 secs] 359916K->272735K(502464K), 0.0129604 secs] [Times: user=0.00 sys=0.00, real=0.01 secs] 
Heap after GC invocations=489 (full 66):
 par new generation   total 109248K, used 21824K [0x00000000e0000000, 0x00000000e8000000, 0x00000000e8000000)
  eden space 87424K,   0% used [0x00000000e0000000, 0x00000000e0000000, 0x00000000e5560000)
  from space 21824K, 100% used [0x00000000e6ab0000, 0x00000000e8000000, 0x00000000e8000000)
  to   space 21824K,   0% used [0x00000000e5560000, 0x00000000e5560000, 0x00000000e6ab0000)
 concurrent mark-sweep generation total 393216K, used 250911K [0x00000000e8000000, 0x0000000100000000, 0x0000000100000000)
 Metaspace       used 43964K, capacity 45229K, committed 45632K, reserved 1089536K
  class space    used 5313K, capacity 5616K, committed 5732K, reserved 1048576K
}
2019-02-22T17:26:53.889-0700: 81510.254: Total time for which application threads were stopped: 0.0134163 seconds, Stopping threads took: 0.0000838 seconds
{Heap before GC invocations=489 (full 66):
 par new generation   total 109248K, used 108858K [0x00000000e0000000, 0x00000000e8000000, 0x00000000e8000000)
  eden space 87424K,  99% used [0x00000000e0000000, 0x00000000e54feaf0, 0x00000000e5560000)
  from space 21824K, 100% used [0x00000000e6ab0000, 0x00000000e8000000, 0x00000000e8000000)
  to   space 21824K,   0% used [0x00000000e5560000, 0x00000000e5560000, 0x00000000e6ab0000)
 concurrent mark-sweep generation total 393216K, used 250911K [0x00000000e8000000, 0x0000000100000000, 0x0000000100000000)
 Metaspace       used 43964K, capacity 45229K, committed 45632K, reserved 1089536K
  class space    used 5313K, capacity 5616K, committed 5732K, reserved 1048576K
2019-02-22T17:26:53.904-0700: 81510.269: [GC (Allocation Failure) 2019-02-22T17:26:53.904-0700: 81510.269: [ParNew
Desired survivor size 20112992 bytes, new threshold 8 (max 8)
- age   1:    1047952 bytes,    1047952 total
- age   2:     219112 bytes,    1267064 total
- age   3:     382784 bytes,    1649848 total
- age   4:    6827896 bytes,    8477744 total
- age   5:    5496032 bytes,   13973776 total
- age   6:    4760776 bytes,   18734552 total
: 108858K->21824K(109248K), 0.0142774 secs] 359770K->272735K(502464K), 0.0143678 secs] [Times: user=0.06 sys=0.00, real=0.01 secs] 
Heap after GC invocations=490 (full 66):
 par new generation   total 109248K, used 21824K [0x00000000e0000000, 0x00000000e8000000, 0x00000000e8000000)
  eden space 87424K,   0% used [0x00000000e0000000, 0x00000000e0000000, 0x00000000e5560000)
  from space 21824K, 100% used [0x00000000e5560000, 0x00000000e6ab0000, 0x00000000e6ab0000)
  to   space 21824K,   0% used [0x00000000e6ab0000, 0x00000000e6ab0000, 0x00000000e8000000)
 concurrent mark-sweep generation total 393216K, used 250911K [0x00000000e8000000, 0x0000000100000000, 0x0000000100000000)
 Metaspace       used 43964K, capacity 45229K, committed 45632K, reserved 1089536K
  class space    used 5313K, capacity 5616K, committed 5732K, reserved 1048576K
}
2019-02-22T17:26:53.917-0700: 81510.283: Total time for which application threads were stopped: 0.0147004 seconds, Stopping threads took: 0.0000622 seconds
2019-02-22T17:26:53.968-0700: 81510.334: [CMS-concurrent-abortable-preclean: 0.241/0.347 secs] [Times: user=1.16 sys=0.06, real=0.35 secs] 
2019-02-22T17:26:53.969-0700: 81510.335: [GC (CMS Final Remark) [YG occupancy: 49894 K (109248 K)]{Heap before GC invocations=490 (full 66):
 par new generation   total 109248K, used 49894K [0x00000000e0000000, 0x00000000e8000000, 0x00000000e8000000)
  eden space 87424K,  32% used [0x00000000e0000000, 0x00000000e1b69900, 0x00000000e5560000)
  from space 21824K, 100% used [0x00000000e5560000, 0x00000000e6ab0000, 0x00000000e6ab0000)
  to   space 21824K,   0% used [0x00000000e6ab0000, 0x00000000e6ab0000, 0x00000000e8000000)
 concurrent mark-sweep generation total 393216K, used 250911K [0x00000000e8000000, 0x0000000100000000, 0x0000000100000000)
 Metaspace       used 43964K, capacity 45229K, committed 45632K, reserved 1089536K
  class space    used 5313K, capacity 5616K, committed 5732K, reserved 1048576K
2019-02-22T17:26:53.969-0700: 81510.335: [GC (CMS Final Remark) 2019-02-22T17:26:53.969-0700: 81510.335: [ParNew
Desired survivor size 20112992 bytes, new threshold 8 (max 8)
- age   1:     946848 bytes,     946848 total
- age   2:     602312 bytes,    1549160 total
- age   3:     211240 bytes,    1760400 total
- age   4:     251808 bytes,    2012208 total
- age   5:    6665136 bytes,    8677344 total
- age   6:    5400776 bytes,   14078120 total
- age   7:    3978056 bytes,   18056176 total
: 49894K->21824K(109248K), 0.0135269 secs] 300805K->272872K(502464K), 0.0136137 secs] [Times: user=0.00 sys=0.00, real=0.01 secs] 
Heap after GC invocations=491 (full 66):
 par new generation   total 109248K, used 21824K [0x00000000e0000000, 0x00000000e8000000, 0x00000000e8000000)
  eden space 87424K,   0% used [0x00000000e0000000, 0x00000000e0000000, 0x00000000e5560000)
  from space 21824K, 100% used [0x00000000e6ab0000, 0x00000000e8000000, 0x00000000e8000000)
  to   space 21824K,   0% used [0x00000000e5560000, 0x00000000e5560000, 0x00000000e6ab0000)
 concurrent mark-sweep generation total 393216K, used 251048K [0x00000000e8000000, 0x0000000100000000, 0x0000000100000000)
 Metaspace       used 43964K, capacity 45229K, committed 45632K, reserved 1089536K
  class space    used 5313K, capacity 5616K, committed 5732K, reserved 1048576K
}
2019-02-22T17:26:53.983-0700: 81510.348: [Rescan (parallel) , 0.0092715 secs]2019-02-22T17:26:53.992-0700: 81510.358: [weak refs processing, 0.0005973 secs]2019-02-22T17:26:53.993-0700: 81510.358: [class unloading, 0.0147498 secs]2019-02-22T17:26:54.007-0700: 81510.373: [scrub symbol table, 0.0112331 secs]2019-02-22T17:26:54.019-0700: 81510.384: [scrub string table, 0.0006626 secs][1 CMS-remark: 251048K(393216K)] 272872K(502464K), 0.0505409 secs] [Times: user=0.08 sys=0.00, real=0.05 secs] 
2019-02-22T17:26:54.020-0700: 81510.385: Total time for which application threads were stopped: 0.0507887 seconds, Stopping threads took: 0.0000524 seconds
2019-02-22T17:26:54.020-0700: 81510.385: [CMS-concurrent-sweep-start]
{Heap before GC invocations=491 (full 66):
 par new generation   total 109248K, used 109248K [0x00000000e0000000, 0x00000000e8000000, 0x00000000e8000000)
  eden space 87424K, 100% used [0x00000000e0000000, 0x00000000e5560000, 0x00000000e5560000)
  from space 21824K, 100% used [0x00000000e6ab0000, 0x00000000e8000000, 0x00000000e8000000)
  to   space 21824K,   0% used [0x00000000e5560000, 0x00000000e5560000, 0x00000000e6ab0000)
 concurrent mark-sweep generation total 393216K, used 232854K [0x00000000e8000000, 0x0000000100000000, 0x0000000100000000)
 Metaspace       used 43964K, capacity 45229K, committed 45632K, reserved 1089536K
  class space    used 5313K, capacity 5616K, committed 5732K, reserved 1048576K
2019-02-22T17:26:54.070-0700: 81510.435: [GC (Allocation Failure) 2019-02-22T17:26:54.070-0700: 81510.435: [ParNew
Desired survivor size 20112992 bytes, new threshold 8 (max 8)
- age   1:    2760056 bytes,    2760056 total
- age   2:     432152 bytes,    3192208 total
- age   3:     289808 bytes,    3482016 total
- age   4:     183760 bytes,    3665776 total
- age   5:     241312 bytes,    3907088 total
- age   6:    6653552 bytes,   10560640 total
- age   7:    5308440 bytes,   15869080 total
- age   8:    3334368 bytes,   19203448 total
: 109248K->21824K(109248K), 0.0136122 secs] 342102K->255465K(502464K), 0.0136785 secs] [Times: user=0.06 sys=0.00, real=0.01 secs] 
Heap after GC invocations=492 (full 66):
 par new generation   total 109248K, used 21824K [0x00000000e0000000, 0x00000000e8000000, 0x00000000e8000000)
  eden space 87424K,   0% used [0x00000000e0000000, 0x00000000e0000000, 0x00000000e5560000)
  from space 21824K, 100% used [0x00000000e5560000, 0x00000000e6ab0000, 0x00000000e6ab0000)
  to   space 21824K,   0% used [0x00000000e6ab0000, 0x00000000e6ab0000, 0x00000000e8000000)
 concurrent mark-sweep generation total 393216K, used 233641K [0x00000000e8000000, 0x0000000100000000, 0x0000000100000000)
 Metaspace       used 43964K, capacity 45229K, committed 45632K, reserved 1089536K
  class space    used 5313K, capacity 5616K, committed 5732K, reserved 1048576K
}
2019-02-22T17:26:54.084-0700: 81510.449: Total time for which application threads were stopped: 0.0140111 seconds, Stopping threads took: 0.0000565 seconds
2019-02-22T17:26:54.113-0700: 81510.478: [CMS-concurrent-sweep: 0.079/0.093 secs] [Times: user=0.33 sys=0.02, real=0.09 secs] 
2019-02-22T17:26:54.113-0700: 81510.478: [CMS-concurrent-reset-start]
2019-02-22T17:26:54.113-0700: 81510.479: [CMS-concurrent-reset: 0.001/0.001 secs] [Times: user=0.00 sys=0.00, real=0.00 secs] 
{Heap before GC invocations=492 (full 66):
 par new generation   total 109248K, used 109248K [0x00000000e0000000, 0x00000000e8000000, 0x00000000e8000000)
  eden space 87424K, 100% used [0x00000000e0000000, 0x00000000e5560000, 0x00000000e5560000)
  from space 21824K, 100% used [0x00000000e5560000, 0x00000000e6ab0000, 0x00000000e6ab0000)
  to   space 21824K,   0% used [0x00000000e6ab0000, 0x00000000e6ab0000, 0x00000000e8000000)
 concurrent mark-sweep generation total 393216K, used 210225K [0x00000000e8000000, 0x0000000100000000, 0x0000000100000000)
 Metaspace       used 43964K, capacity 45229K, committed 45632K, reserved 1089536K
  class space    used 5313K, capacity 5616K, committed 5732K, reserved 1048576K
2019-02-22T17:26:54.162-0700: 81510.528: [GC (Allocation Failure) 2019-02-22T17:26:54.162-0700: 81510.528: [ParNew
Desired survivor size 20112992 bytes, new threshold 8 (max 8)
- age   1:    2655472 bytes,    2655472 total
- age   2:    1895288 bytes,    4550760 total
- age   3:     416552 bytes,    4967312 total
- age   4:     274600 bytes,    5241912 total
- age   5:     182720 bytes,    5424632 total
- age   6:     240280 bytes,    5664912 total
- age   7:    6682960 bytes,   12347872 total
- age   8:    4840680 bytes,   17188552 total
: 109248K->21824K(109248K), 0.0165783 secs] 319473K->235322K(502464K), 0.0166749 secs] [Times: user=0.06 sys=0.00, real=0.02 secs] 
Heap after GC invocations=493 (full 66):
 par new generation   total 109248K, used 21824K [0x00000000e0000000, 0x00000000e8000000, 0x00000000e8000000)
  eden space 87424K,   0% used [0x00000000e0000000, 0x00000000e0000000, 0x00000000e5560000)
  from space 21824K, 100% used [0x00000000e6ab0000, 0x00000000e8000000, 0x00000000e8000000)
  to   space 21824K,   0% used [0x00000000e5560000, 0x00000000e5560000, 0x00000000e6ab0000)
 concurrent mark-sweep generation total 393216K, used 213498K [0x00000000e8000000, 0x0000000100000000, 0x0000000100000000)
 Metaspace       used 43964K, capacity 45229K, committed 45632K, reserved 1089536K
  class space    used 5313K, capacity 5616K, committed 5732K, reserved 1048576K
}
2019-02-22T17:26:54.179-0700: 81510.544: Total time for which application threads were stopped: 0.0174296 seconds, Stopping threads took: 0.0003573 seconds
2019-02-22T17:26:54.179-0700: 81510.545: [GC (CMS Initial Mark) [1 CMS-initial-mark: 213498K(393216K)] 236822K(502464K), 0.0040338 secs] [Times: user=0.00 sys=0.00, real=0.00 secs] 
2019-02-22T17:26:54.184-0700: 81510.549: Total time for which application threads were stopped: 0.0044414 seconds, Stopping threads took: 0.0000771 seconds
2019-02-22T17:26:54.184-0700: 81510.549: [CMS-concurrent-mark-start]
2019-02-22T17:26:54.269-0700: 81510.634: [CMS-concurrent-mark: 0.085/0.085 secs] [Times: user=0.45 sys=0.00, real=0.09 secs] 
2019-02-22T17:26:54.269-0700: 81510.634: [CMS-concurrent-preclean-start]
2019-02-22T17:26:54.289-0700: 81510.654: [CMS-concurrent-preclean: 0.019/0.020 secs] [Times: user=0.06 sys=0.00, real=0.02 secs] 
2019-02-22T17:26:54.289-0700: 81510.654: [CMS-concurrent-abortable-preclean-start]
{Heap before GC invocations=493 (full 67):
 par new generation   total 109248K, used 109248K [0x00000000e0000000, 0x00000000e8000000, 0x00000000e8000000)
  eden space 87424K, 100% used [0x00000000e0000000, 0x00000000e5560000, 0x00000000e5560000)
  from space 21824K, 100% used [0x00000000e6ab0000, 0x00000000e8000000, 0x00000000e8000000)
  to   space 21824K,   0% used [0x00000000e5560000, 0x00000000e5560000, 0x00000000e6ab0000)
 concurrent mark-sweep generation total 393216K, used 213498K [0x00000000e8000000, 0x0000000100000000, 0x0000000100000000)
 Metaspace       used 43964K, capacity 45229K, committed 45632K, reserved 1089536K
  class space    used 5313K, capacity 5616K, committed 5732K, reserved 1048576K
2019-02-22T17:26:54.362-0700: 81510.728: [GC (Allocation Failure) 2019-02-22T17:26:54.362-0700: 81510.728: [ParNew
Desired survivor size 20112992 bytes, new threshold 8 (max 8)
- age   1:    8637912 bytes,    8637912 total
- age   2:    1371592 bytes,   10009504 total
- age   3:     952888 bytes,   10962392 total
- age   4:     413400 bytes,   11375792 total
- age   5:     115360 bytes,   11491152 total
- age   6:     182184 bytes,   11673336 total
- age   7:     232072 bytes,   11905408 total
- age   8:    6625432 bytes,   18530840 total
: 109248K->21822K(109248K), 0.0244860 secs] 322746K->239778K(502464K), 0.0246176 secs] [Times: user=0.06 sys=0.00, real=0.02 secs] 
Heap after GC invocations=494 (full 67):
 par new generation   total 109248K, used 21822K [0x00000000e0000000, 0x00000000e8000000, 0x00000000e8000000)
  eden space 87424K,   0% used [0x00000000e0000000, 0x00000000e0000000, 0x00000000e5560000)
  from space 21824K,  99% used [0x00000000e5560000, 0x00000000e6aaf8c0, 0x00000000e6ab0000)
  to   space 21824K,   0% used [0x00000000e6ab0000, 0x00000000e6ab0000, 0x00000000e8000000)
 concurrent mark-sweep generation total 393216K, used 217955K [0x00000000e8000000, 0x0000000100000000, 0x0000000100000000)
 Metaspace       used 43964K, capacity 45229K, committed 45632K, reserved 1089536K
  class space    used 5313K, capacity 5616K, committed 5732K, reserved 1048576K
}
2019-02-22T17:26:54.386-0700: 81510.752: Total time for which application threads were stopped: 0.0250427 seconds, Stopping threads took: 0.0000617 seconds
2019-02-22T17:26:54.512-0700: 81510.877: [CMS-concurrent-abortable-preclean: 0.193/0.223 secs] [Times: user=0.67 sys=0.00, real=0.22 secs] 
2019-02-22T17:26:54.512-0700: 81510.877: [GC (CMS Final Remark) [YG occupancy: 81717 K (109248 K)]{Heap before GC invocations=494 (full 67):
 par new generation   total 109248K, used 81717K [0x00000000e0000000, 0x00000000e8000000, 0x00000000e8000000)
  eden space 87424K,  68% used [0x00000000e0000000, 0x00000000e3a7df10, 0x00000000e5560000)
  from space 21824K,  99% used [0x00000000e5560000, 0x00000000e6aaf8c0, 0x00000000e6ab0000)
  to   space 21824K,   0% used [0x00000000e6ab0000, 0x00000000e6ab0000, 0x00000000e8000000)
 concurrent mark-sweep generation total 393216K, used 217955K [0x00000000e8000000, 0x0000000100000000, 0x0000000100000000)
 Metaspace       used 43964K, capacity 45229K, committed 45632K, reserved 1089536K
  class space    used 5313K, capacity 5616K, committed 5732K, reserved 1048576K
2019-02-22T17:26:54.512-0700: 81510.877: [GC (CMS Final Remark) 2019-02-22T17:26:54.513-0700: 81510.878: [ParNew
Desired survivor size 20112992 bytes, new threshold 3 (max 8)
- age   1:   12102536 bytes,   12102536 total
- age   2:    7529464 bytes,   19632000 total
- age   3:    1058112 bytes,   20690112 total
- age   4:     918080 bytes,   21608192 total
- age   5:     382288 bytes,   21990480 total
- age   6:      95096 bytes,   22085576 total
- age   7:      38624 bytes,   22124200 total
- age   8:     205968 bytes,   22330168 total
: 81717K->21824K(109248K), 0.0212814 secs] 299673K->257454K(502464K), 0.0215189 secs] [Times: user=0.06 sys=0.01, real=0.02 secs] 
Heap after GC invocations=495 (full 67):
 par new generation   total 109248K, used 21824K [0x00000000e0000000, 0x00000000e8000000, 0x00000000e8000000)
  eden space 87424K,   0% used [0x00000000e0000000, 0x00000000e0000000, 0x00000000e5560000)
  from space 21824K, 100% used [0x00000000e6ab0000, 0x00000000e8000000, 0x00000000e8000000)
  to   space 21824K,   0% used [0x00000000e5560000, 0x00000000e5560000, 0x00000000e6ab0000)
 concurrent mark-sweep generation total 393216K, used 235630K [0x00000000e8000000, 0x0000000100000000, 0x0000000100000000)
 Metaspace       used 43964K, capacity 45229K, committed 45632K, reserved 1089536K
  class space    used 5313K, capacity 5616K, committed 5732K, reserved 1048576K
}
2019-02-22T17:26:54.534-0700: 81510.899: [Rescan (parallel) , 0.0099629 secs]2019-02-22T17:26:54.544-0700: 81510.909: [weak refs processing, 0.0012404 secs]2019-02-22T17:26:54.545-0700: 81510.910: [class unloading, 0.0147148 secs]2019-02-22T17:26:54.560-0700: 81510.925: [scrub symbol table, 0.0117667 secs]2019-02-22T17:26:54.572-0700: 81510.937: [scrub string table, 0.0006292 secs][1 CMS-remark: 235630K(393216K)] 257454K(502464K), 0.0606549 secs] [Times: user=0.09 sys=0.01, real=0.06 secs] 
2019-02-22T17:26:54.573-0700: 81510.938: Total time for which application threads were stopped: 0.0608888 seconds, Stopping threads took: 0.0000375 seconds
2019-02-22T17:26:54.573-0700: 81510.938: [CMS-concurrent-sweep-start]
2019-02-22T17:26:54.652-0700: 81511.018: [CMS-concurrent-sweep: 0.079/0.079 secs] [Times: user=0.08 sys=0.00, real=0.08 secs] 
2019-02-22T17:26:54.652-0700: 81511.018: [CMS-concurrent-reset-start]
2019-02-22T17:26:54.653-0700: 81511.018: [CMS-concurrent-reset: 0.001/0.001 secs] [Times: user=0.00 sys=0.00, real=0.00 secs] 
{Heap before GC invocations=495 (full 67):
 par new generation   total 109248K, used 109248K [0x00000000e0000000, 0x00000000e8000000, 0x00000000e8000000)
  eden space 87424K, 100% used [0x00000000e0000000, 0x00000000e5560000, 0x00000000e5560000)
  from space 21824K, 100% used [0x00000000e6ab0000, 0x00000000e8000000, 0x00000000e8000000)
  to   space 21824K,   0% used [0x00000000e5560000, 0x00000000e5560000, 0x00000000e6ab0000)
 concurrent mark-sweep generation total 393216K, used 213496K [0x00000000e8000000, 0x0000000100000000, 0x0000000100000000)
 Metaspace       used 43964K, capacity 45229K, committed 45632K, reserved 1089536K
  class space    used 5313K, capacity 5616K, committed 5732K, reserved 1048576K
2019-02-22T17:26:55.247-0700: 81511.612: [GC (Allocation Failure) 2019-02-22T17:26:55.247-0700: 81511.612: [ParNew
Desired survivor size 20112992 bytes, new threshold 8 (max 8)
- age   1:    3808472 bytes,    3808472 total
- age   2:    8265528 bytes,   12074000 total
- age   3:    7272968 bytes,   19346968 total
: 109248K->21824K(109248K), 0.0204116 secs] 322744K->241432K(502464K), 0.0204974 secs] [Times: user=0.08 sys=0.00, real=0.02 secs] 
Heap after GC invocations=496 (full 67):
 par new generation   total 109248K, used 21824K [0x00000000e0000000, 0x00000000e8000000, 0x00000000e8000000)
  eden space 87424K,   0% used [0x00000000e0000000, 0x00000000e0000000, 0x00000000e5560000)
  from space 21824K, 100% used [0x00000000e5560000, 0x00000000e6ab0000, 0x00000000e6ab0000)
  to   space 21824K,   0% used [0x00000000e6ab0000, 0x00000000e6ab0000, 0x00000000e8000000)
 concurrent mark-sweep generation total 393216K, used 219608K [0x00000000e8000000, 0x0000000100000000, 0x0000000100000000)
 Metaspace       used 43964K, capacity 45229K, committed 45632K, reserved 1089536K
  class space    used 5313K, capacity 5616K, committed 5732K, reserved 1048576K
}
2019-02-22T17:26:55.267-0700: 81511.633: Total time for which application threads were stopped: 0.0209082 seconds, Stopping threads took: 0.0000632 seconds
2019-02-22T17:26:55.268-0700: 81511.633: [GC (CMS Initial Mark) [1 CMS-initial-mark: 219608K(393216K)] 242025K(502464K), 0.0021102 secs] [Times: user=0.00 sys=0.00, real=0.00 secs] 
2019-02-22T17:26:55.270-0700: 81511.636: Total time for which application threads were stopped: 0.0023713 seconds, Stopping threads took: 0.0001203 seconds
2019-02-22T17:26:55.270-0700: 81511.636: [CMS-concurrent-mark-start]
2019-02-22T17:26:55.342-0700: 81511.707: [CMS-concurrent-mark: 0.072/0.072 secs] [Times: user=0.30 sys=0.02, real=0.07 secs] 
2019-02-22T17:26:55.342-0700: 81511.707: [CMS-concurrent-preclean-start]
2019-02-22T17:26:55.350-0700: 81511.716: [CMS-concurrent-preclean: 0.008/0.009 secs] [Times: user=0.03 sys=0.00, real=0.01 secs] 
2019-02-22T17:26:55.350-0700: 81511.716: [CMS-concurrent-abortable-preclean-start]
{Heap before GC invocations=496 (full 68):
 par new generation   total 109248K, used 109243K [0x00000000e0000000, 0x00000000e8000000, 0x00000000e8000000)
  eden space 87424K,  99% used [0x00000000e0000000, 0x00000000e555ec68, 0x00000000e5560000)
  from space 21824K, 100% used [0x00000000e5560000, 0x00000000e6ab0000, 0x00000000e6ab0000)
  to   space 21824K,   0% used [0x00000000e6ab0000, 0x00000000e6ab0000, 0x00000000e8000000)
 concurrent mark-sweep generation total 393216K, used 219608K [0x00000000e8000000, 0x0000000100000000, 0x0000000100000000)
 Metaspace       used 43964K, capacity 45229K, committed 45632K, reserved 1089536K
  class space    used 5313K, capacity 5616K, committed 5732K, reserved 1048576K
2019-02-22T17:26:55.503-0700: 81511.869: [GC (Allocation Failure) 2019-02-22T17:26:55.503-0700: 81511.869: [ParNew
Desired survivor size 20112992 bytes, new threshold 4 (max 8)
- age   1:   14307496 bytes,   14307496 total
- age   2:    1332952 bytes,   15640448 total
- age   3:    1145256 bytes,   16785704 total
- age   4:    5526896 bytes,   22312600 total
: 109243K->21824K(109248K), 0.0383948 secs] 328851K->277083K(502464K), 0.0384827 secs] [Times: user=0.11 sys=0.00, real=0.04 secs] 
Heap after GC invocations=497 (full 68):
 par new generation   total 109248K, used 21824K [0x00000000e0000000, 0x00000000e8000000, 0x00000000e8000000)
  eden space 87424K,   0% used [0x00000000e0000000, 0x00000000e0000000, 0x00000000e5560000)
  from space 21824K, 100% used [0x00000000e6ab0000, 0x00000000e8000000, 0x00000000e8000000)
  to   space 21824K,   0% used [0x00000000e5560000, 0x00000000e5560000, 0x00000000e6ab0000)
 concurrent mark-sweep generation total 393216K, used 255259K [0x00000000e8000000, 0x0000000100000000, 0x0000000100000000)
 Metaspace       used 43964K, capacity 45229K, committed 45632K, reserved 1089536K
  class space    used 5313K, capacity 5616K, committed 5732K, reserved 1048576K
}
2019-02-22T17:26:55.542-0700: 81511.907: Total time for which application threads were stopped: 0.0390687 seconds, Stopping threads took: 0.0002067 seconds
{Heap before GC invocations=497 (full 68):
 par new generation   total 109248K, used 109028K [0x00000000e0000000, 0x00000000e8000000, 0x00000000e8000000)
  eden space 87424K,  99% used [0x00000000e0000000, 0x00000000e5529048, 0x00000000e5560000)
  from space 21824K, 100% used [0x00000000e6ab0000, 0x00000000e8000000, 0x00000000e8000000)
  to   space 21824K,   0% used [0x00000000e5560000, 0x00000000e5560000, 0x00000000e6ab0000)
 concurrent mark-sweep generation total 393216K, used 255259K [0x00000000e8000000, 0x0000000100000000, 0x0000000100000000)
 Metaspace       used 43964K, capacity 45229K, committed 45632K, reserved 1089536K
  class space    used 5313K, capacity 5616K, committed 5732K, reserved 1048576K
2019-02-22T17:26:55.571-0700: 81511.937: [GC (Allocation Failure) 2019-02-22T17:26:55.571-0700: 81511.937: [ParNew
Desired survivor size 20112992 bytes, new threshold 8 (max 8)
- age   1:    1793304 bytes,    1793304 total
- age   2:   11384008 bytes,   13177312 total
- age   3:     603608 bytes,   13780920 total
- age   4:    1072928 bytes,   14853848 total
: 109028K->21824K(109248K), 0.0232564 secs] 364287K->289664K(502464K), 0.0233294 secs] [Times: user=0.08 sys=0.00, real=0.02 secs] 
Heap after GC invocations=498 (full 68):
 par new generation   total 109248K, used 21824K [0x00000000e0000000, 0x00000000e8000000, 0x00000000e8000000)
  eden space 87424K,   0% used [0x00000000e0000000, 0x00000000e0000000, 0x00000000e5560000)
  from space 21824K, 100% used [0x00000000e5560000, 0x00000000e6ab0000, 0x00000000e6ab0000)
  to   space 21824K,   0% used [0x00000000e6ab0000, 0x00000000e6ab0000, 0x00000000e8000000)
 concurrent mark-sweep generation total 393216K, used 267840K [0x00000000e8000000, 0x0000000100000000, 0x0000000100000000)
 Metaspace       used 43964K, capacity 45229K, committed 45632K, reserved 1089536K
  class space    used 5313K, capacity 5616K, committed 5732K, reserved 1048576K
}
2019-02-22T17:26:55.595-0700: 81511.960: Total time for which application threads were stopped: 0.0238928 seconds, Stopping threads took: 0.0002478 seconds
{Heap before GC invocations=498 (full 68):
 par new generation   total 109248K, used 109059K [0x00000000e0000000, 0x00000000e8000000, 0x00000000e8000000)
  eden space 87424K,  99% used [0x00000000e0000000, 0x00000000e5530da0, 0x00000000e5560000)
  from space 21824K, 100% used [0x00000000e5560000, 0x00000000e6ab0000, 0x00000000e6ab0000)
  to   space 21824K,   0% used [0x00000000e6ab0000, 0x00000000e6ab0000, 0x00000000e8000000)
 concurrent mark-sweep generation total 393216K, used 267840K [0x00000000e8000000, 0x0000000100000000, 0x0000000100000000)
 Metaspace       used 43964K, capacity 45229K, committed 45632K, reserved 1089536K
  class space    used 5313K, capacity 5616K, committed 5732K, reserved 1048576K
2019-02-22T17:26:55.610-0700: 81511.975: [GC (Allocation Failure) 2019-02-22T17:26:55.610-0700: 81511.975: [ParNew
Desired survivor size 20112992 bytes, new threshold 8 (max 8)
- age   1:    1596392 bytes,    1596392 total
- age   2:    1562008 bytes,    3158400 total
- age   3:   11405864 bytes,   14564264 total
- age   4:     569896 bytes,   15134160 total
- age   5:    1072768 bytes,   16206928 total
: 109059K->20005K(109248K), 0.0111540 secs] 376899K->287845K(502464K), 0.0112337 secs] [Times: user=0.00 sys=0.00, real=0.01 secs] 
Heap after GC invocations=499 (full 68):
 par new generation   total 109248K, used 20005K [0x00000000e0000000, 0x00000000e8000000, 0x00000000e8000000)
  eden space 87424K,   0% used [0x00000000e0000000, 0x00000000e0000000, 0x00000000e5560000)
  from space 21824K,  91% used [0x00000000e6ab0000, 0x00000000e7e395d0, 0x00000000e8000000)
  to   space 21824K,   0% used [0x00000000e5560000, 0x00000000e5560000, 0x00000000e6ab0000)
 concurrent mark-sweep generation total 393216K, used 267840K [0x00000000e8000000, 0x0000000100000000, 0x0000000100000000)
 Metaspace       used 43964K, capacity 45229K, committed 45632K, reserved 1089536K
  class space    used 5313K, capacity 5616K, committed 5732K, reserved 1048576K
}
2019-02-22T17:26:55.620-0700: 81511.986: Total time for which application threads were stopped: 0.0116248 seconds, Stopping threads took: 0.0000720 seconds
2019-02-22T17:26:55.693-0700: 81512.058: [CMS-concurrent-abortable-preclean: 0.259/0.342 secs] [Times: user=1.06 sys=0.06, real=0.34 secs] 
2019-02-22T17:26:55.693-0700: 81512.059: [GC (CMS Final Remark) [YG occupancy: 80869 K (109248 K)]{Heap before GC invocations=499 (full 68):
 par new generation   total 109248K, used 80869K [0x00000000e0000000, 0x00000000e8000000, 0x00000000e8000000)
  eden space 87424K,  69% used [0x00000000e0000000, 0x00000000e3b6ffd8, 0x00000000e5560000)
  from space 21824K,  91% used [0x00000000e6ab0000, 0x00000000e7e395d0, 0x00000000e8000000)
  to   space 21824K,   0% used [0x00000000e5560000, 0x00000000e5560000, 0x00000000e6ab0000)
 concurrent mark-sweep generation total 393216K, used 267840K [0x00000000e8000000, 0x0000000100000000, 0x0000000100000000)
 Metaspace       used 43964K, capacity 45229K, committed 45632K, reserved 1089536K
  class space    used 5313K, capacity 5616K, committed 5732K, reserved 1048576K
2019-02-22T17:26:55.693-0700: 81512.059: [GC (CMS Final Remark) 2019-02-22T17:26:55.693-0700: 81512.059: [ParNew
Desired survivor size 20112992 bytes, new threshold 8 (max 8)
- age   1:    2810376 bytes,    2810376 total
- age   2:     513608 bytes,    3323984 total
- age   3:    1371152 bytes,    4695136 total
- age   4:   11079024 bytes,   15774160 total
- age   5:     569896 bytes,   16344056 total
- age   6:    1021176 bytes,   17365232 total
: 80869K->21031K(109248K), 0.0145293 secs] 348709K->288872K(502464K), 0.0146059 secs] [Times: user=0.06 sys=0.00, real=0.01 secs] 
Heap after GC invocations=500 (full 68):
 par new generation   total 109248K, used 21031K [0x00000000e0000000, 0x00000000e8000000, 0x00000000e8000000)
  eden space 87424K,   0% used [0x00000000e0000000, 0x00000000e0000000, 0x00000000e5560000)
  from space 21824K,  96% used [0x00000000e5560000, 0x00000000e69e9ec0, 0x00000000e6ab0000)
  to   space 21824K,   0% used [0x00000000e6ab0000, 0x00000000e6ab0000, 0x00000000e8000000)
 concurrent mark-sweep generation total 393216K, used 267840K [0x00000000e8000000, 0x0000000100000000, 0x0000000100000000)
 Metaspace       used 43964K, capacity 45229K, committed 45632K, reserved 1089536K
  class space    used 5313K, capacity 5616K, committed 5732K, reserved 1048576K
}
2019-02-22T17:26:55.708-0700: 81512.073: [Rescan (parallel) , 0.0100981 secs]2019-02-22T17:26:55.718-0700: 81512.084: [weak refs processing, 0.0005464 secs]2019-02-22T17:26:55.719-0700: 81512.084: [class unloading, 0.0100220 secs]2019-02-22T17:26:55.729-0700: 81512.094: [scrub symbol table, 0.0085822 secs]2019-02-22T17:26:55.737-0700: 81512.103: [scrub string table, 0.0005336 secs][1 CMS-remark: 267840K(393216K)] 288872K(502464K), 0.0448333 secs] [Times: user=0.08 sys=0.01, real=0.04 secs] 
2019-02-22T17:26:55.738-0700: 81512.104: Total time for which application threads were stopped: 0.0450955 seconds, Stopping threads took: 0.0000648 seconds
2019-02-22T17:26:55.738-0700: 81512.104: [CMS-concurrent-sweep-start]
{Heap before GC invocations=500 (full 68):
 par new generation   total 109248K, used 108455K [0x00000000e0000000, 0x00000000e8000000, 0x00000000e8000000)
  eden space 87424K, 100% used [0x00000000e0000000, 0x00000000e5560000, 0x00000000e5560000)
  from space 21824K,  96% used [0x00000000e5560000, 0x00000000e69e9ec0, 0x00000000e6ab0000)
  to   space 21824K,   0% used [0x00000000e6ab0000, 0x00000000e6ab0000, 0x00000000e8000000)
 concurrent mark-sweep generation total 393216K, used 245390K [0x00000000e8000000, 0x0000000100000000, 0x0000000100000000)
 Metaspace       used 43964K, capacity 45229K, committed 45632K, reserved 1089536K
  class space    used 5313K, capacity 5616K, committed 5732K, reserved 1048576K
2019-02-22T17:26:55.824-0700: 81512.190: [GC (Allocation Failure) 2019-02-22T17:26:55.824-0700: 81512.190: [ParNew
Desired survivor size 20112992 bytes, new threshold 8 (max 8)
- age   1:    4253904 bytes,    4253904 total
- age   2:    1543784 bytes,    5797688 total
- age   3:     249152 bytes,    6046840 total
- age   4:    1315952 bytes,    7362792 total
- age   5:   10692096 bytes,   18054888 total
- age   6:     569456 bytes,   18624344 total
- age   7:     986712 bytes,   19611056 total
: 108455K->21824K(109248K), 0.0156622 secs] 353845K->267384K(502464K), 0.0157357 secs] [Times: user=0.08 sys=0.00, real=0.02 secs] 
Heap after GC invocations=501 (full 68):
 par new generation   total 109248K, used 21824K [0x00000000e0000000, 0x00000000e8000000, 0x00000000e8000000)
  eden space 87424K,   0% used [0x00000000e0000000, 0x00000000e0000000, 0x00000000e5560000)
  from space 21824K, 100% used [0x00000000e6ab0000, 0x00000000e8000000, 0x00000000e8000000)
  to   space 21824K,   0% used [0x00000000e5560000, 0x00000000e5560000, 0x00000000e6ab0000)
 concurrent mark-sweep generation total 393216K, used 245560K [0x00000000e8000000, 0x0000000100000000, 0x0000000100000000)
 Metaspace       used 43964K, capacity 45229K, committed 45632K, reserved 1089536K
  class space    used 5313K, capacity 5616K, committed 5732K, reserved 1048576K
}
2019-02-22T17:26:55.840-0700: 81512.205: Total time for which application threads were stopped: 0.0160889 seconds, Stopping threads took: 0.0000694 seconds
{Heap before GC invocations=501 (full 68):
 par new generation   total 109248K, used 109164K [0x00000000e0000000, 0x00000000e8000000, 0x00000000e8000000)
  eden space 87424K,  99% used [0x00000000e0000000, 0x00000000e554b090, 0x00000000e5560000)
  from space 21824K, 100% used [0x00000000e6ab0000, 0x00000000e8000000, 0x00000000e8000000)
  to   space 21824K,   0% used [0x00000000e5560000, 0x00000000e5560000, 0x00000000e6ab0000)
 concurrent mark-sweep generation total 393216K, used 241018K [0x00000000e8000000, 0x0000000100000000, 0x0000000100000000)
 Metaspace       used 43965K, capacity 45229K, committed 45632K, reserved 1089536K
  class space    used 5313K, capacity 5616K, committed 5732K, reserved 1048576K
2019-02-22T17:26:55.856-0700: 81512.221: [GC (Allocation Failure) 2019-02-22T17:26:55.856-0700: 81512.221: [ParNew
Desired survivor size 20112992 bytes, new threshold 8 (max 8)
- age   1:    1035200 bytes,    1035200 total
- age   2:    3594576 bytes,    4629776 total
- age   3:    1512440 bytes,    6142216 total
- age   4:     248480 bytes,    6390696 total
- age   5:    1315784 bytes,    7706480 total
- age   6:    9739712 bytes,   17446192 total
- age   7:     569456 bytes,   18015648 total
- age   8:     986656 bytes,   19002304 total
: 109164K->21824K(109248K), 0.0158637 secs] 350183K->263835K(502464K), 0.0159763 secs] [Times: user=0.06 sys=0.00, real=0.02 secs] 
Heap after GC invocations=502 (full 68):
 par new generation   total 109248K, used 21824K [0x00000000e0000000, 0x00000000e8000000, 0x00000000e8000000)
  eden space 87424K,   0% used [0x00000000e0000000, 0x00000000e0000000, 0x00000000e5560000)
  from space 21824K, 100% used [0x00000000e5560000, 0x00000000e6ab0000, 0x00000000e6ab0000)
  to   space 21824K,   0% used [0x00000000e6ab0000, 0x00000000e6ab0000, 0x00000000e8000000)
 concurrent mark-sweep generation total 393216K, used 242011K [0x00000000e8000000, 0x0000000100000000, 0x0000000100000000)
 Metaspace       used 43965K, capacity 45229K, committed 45632K, reserved 1089536K
  class space    used 5313K, capacity 5616K, committed 5732K, reserved 1048576K
}
2019-02-22T17:26:55.872-0700: 81512.237: Total time for which application threads were stopped: 0.0164261 seconds, Stopping threads took: 0.0000756 seconds
2019-02-22T17:26:55.874-0700: 81512.240: [CMS-concurrent-sweep: 0.104/0.136 secs] [Times: user=0.63 sys=0.03, real=0.14 secs] 
2019-02-22T17:26:55.874-0700: 81512.240: [CMS-concurrent-reset-start]
2019-02-22T17:26:55.875-0700: 81512.241: [CMS-concurrent-reset: 0.001/0.001 secs] [Times: user=0.05 sys=0.00, real=0.00 secs] 
{Heap before GC invocations=502 (full 68):
 par new generation   total 109248K, used 109088K [0x00000000e0000000, 0x00000000e8000000, 0x00000000e8000000)
  eden space 87424K,  99% used [0x00000000e0000000, 0x00000000e5538088, 0x00000000e5560000)
  from space 21824K, 100% used [0x00000000e5560000, 0x00000000e6ab0000, 0x00000000e6ab0000)
  to   space 21824K,   0% used [0x00000000e6ab0000, 0x00000000e6ab0000, 0x00000000e8000000)
 concurrent mark-sweep generation total 393216K, used 240725K [0x00000000e8000000, 0x0000000100000000, 0x0000000100000000)
 Metaspace       used 43965K, capacity 45229K, committed 45632K, reserved 1089536K
  class space    used 5313K, capacity 5616K, committed 5732K, reserved 1048576K
2019-02-22T17:26:55.884-0700: 81512.250: [GC (Allocation Failure) 2019-02-22T17:26:55.884-0700: 81512.250: [ParNew
Desired survivor size 20112992 bytes, new threshold 8 (max 8)
- age   1:      56712 bytes,      56712 total
- age   2:     602320 bytes,     659032 total
- age   3:    3594432 bytes,    4253464 total
- age   4:    1512440 bytes,    5765904 total
- age   5:     248480 bytes,    6014384 total
- age   6:    1315784 bytes,    7330168 total
- age   7:    9706928 bytes,   17037096 total
- age   8:     561248 bytes,   17598344 total
: 109088K->21824K(109248K), 0.0125887 secs] 349813K->263513K(502464K), 0.0126658 secs] [Times: user=0.06 sys=0.00, real=0.01 secs] 
Heap after GC invocations=503 (full 68):
 par new generation   total 109248K, used 21824K [0x00000000e0000000, 0x00000000e8000000, 0x00000000e8000000)
  eden space 87424K,   0% used [0x00000000e0000000, 0x00000000e0000000, 0x00000000e5560000)
  from space 21824K, 100% used [0x00000000e6ab0000, 0x00000000e8000000, 0x00000000e8000000)
  to   space 21824K,   0% used [0x00000000e5560000, 0x00000000e5560000, 0x00000000e6ab0000)
 concurrent mark-sweep generation total 393216K, used 241689K [0x00000000e8000000, 0x0000000100000000, 0x0000000100000000)
 Metaspace       used 43965K, capacity 45229K, committed 45632K, reserved 1089536K
  class space    used 5313K, capacity 5616K, committed 5732K, reserved 1048576K
}
2019-02-22T17:26:55.897-0700: 81512.262: Total time for which application threads were stopped: 0.0130354 seconds, Stopping threads took: 0.0000339 seconds
2019-02-22T17:26:55.897-0700: 81512.263: [GC (CMS Initial Mark) [1 CMS-initial-mark: 241689K(393216K)] 264512K(502464K), 0.0019318 secs] [Times: user=0.00 sys=0.00, real=0.00 secs] 
2019-02-22T17:26:55.899-0700: 81512.265: Total time for which application threads were stopped: 0.0022084 seconds, Stopping threads took: 0.0000679 seconds
2019-02-22T17:26:55.899-0700: 81512.265: [CMS-concurrent-mark-start]
2019-02-22T17:26:55.977-0700: 81512.343: [CMS-concurrent-mark: 0.078/0.078 secs] [Times: user=0.50 sys=0.00, real=0.08 secs] 
2019-02-22T17:26:55.977-0700: 81512.343: [CMS-concurrent-preclean-start]
{Heap before GC invocations=503 (full 69):
 par new generation   total 109248K, used 109240K [0x00000000e0000000, 0x00000000e8000000, 0x00000000e8000000)
  eden space 87424K,  99% used [0x00000000e0000000, 0x00000000e555e278, 0x00000000e5560000)
  from space 21824K, 100% used [0x00000000e6ab0000, 0x00000000e8000000, 0x00000000e8000000)
  to   space 21824K,   0% used [0x00000000e5560000, 0x00000000e5560000, 0x00000000e6ab0000)
 concurrent mark-sweep generation total 393216K, used 241689K [0x00000000e8000000, 0x0000000100000000, 0x0000000100000000)
 Metaspace       used 43965K, capacity 45229K, committed 45632K, reserved 1089536K
  class space    used 5313K, capacity 5616K, committed 5732K, reserved 1048576K
2019-02-22T17:26:55.992-0700: 81512.357: [GC (Allocation Failure) 2019-02-22T17:26:55.992-0700: 81512.357: [ParNew
Desired survivor size 20112992 bytes, new threshold 8 (max 8)
- age   1:    5215952 bytes,    5215952 total
- age   2:      16648 bytes,    5232600 total
- age   3:     254952 bytes,    5487552 total
- age   4:    3049584 bytes,    8537136 total
- age   5:    1466720 bytes,   10003856 total
- age   6:     232344 bytes,   10236200 total
- age   7:    1233144 bytes,   11469344 total
- age   8:    8758784 bytes,   20228128 total
: 109240K->21824K(109248K), 0.0156036 secs] 350930K->265246K(502464K), 0.0156694 secs] [Times: user=0.06 sys=0.00, real=0.02 secs] 
Heap after GC invocations=504 (full 69):
 par new generation   total 109248K, used 21824K [0x00000000e0000000, 0x00000000e8000000, 0x00000000e8000000)
  eden space 87424K,   0% used [0x00000000e0000000, 0x00000000e0000000, 0x00000000e5560000)
  from space 21824K, 100% used [0x00000000e5560000, 0x00000000e6ab0000, 0x00000000e6ab0000)
  to   space 21824K,   0% used [0x00000000e6ab0000, 0x00000000e6ab0000, 0x00000000e8000000)
 concurrent mark-sweep generation total 393216K, used 243422K [0x00000000e8000000, 0x0000000100000000, 0x0000000100000000)
 Metaspace       used 43965K, capacity 45229K, committed 45632K, reserved 1089536K
  class space    used 5313K, capacity 5616K, committed 5732K, reserved 1048576K
}
2019-02-22T17:26:56.008-0700: 81512.373: Total time for which application threads were stopped: 0.0160462 seconds, Stopping threads took: 0.0000720 seconds
2019-02-22T17:26:56.008-0700: 81512.374: [CMS-concurrent-preclean: 0.014/0.031 secs] [Times: user=0.14 sys=0.00, real=0.03 secs] 
2019-02-22T17:26:56.009-0700: 81512.374: [GC (CMS Final Remark) [YG occupancy: 23211 K (109248 K)]{Heap before GC invocations=504 (full 69):
 par new generation   total 109248K, used 23211K [0x00000000e0000000, 0x00000000e8000000, 0x00000000e8000000)
  eden space 87424K,   1% used [0x00000000e0000000, 0x00000000e015add0, 0x00000000e5560000)
  from space 21824K, 100% used [0x00000000e5560000, 0x00000000e6ab0000, 0x00000000e6ab0000)
  to   space 21824K,   0% used [0x00000000e6ab0000, 0x00000000e6ab0000, 0x00000000e8000000)
 concurrent mark-sweep generation total 393216K, used 243422K [0x00000000e8000000, 0x0000000100000000, 0x0000000100000000)
 Metaspace       used 43965K, capacity 45229K, committed 45632K, reserved 1089536K
  class space    used 5313K, capacity 5616K, committed 5732K, reserved 1048576K
2019-02-22T17:26:56.009-0700: 81512.374: [GC (CMS Final Remark) 2019-02-22T17:26:56.009-0700: 81512.374: [ParNew
Desired survivor size 20112992 bytes, new threshold 8 (max 8)
- age   1:     495760 bytes,     495760 total
- age   2:    5240480 bytes,    5736240 total
- age   3:      16648 bytes,    5752888 total
- age   4:     254952 bytes,    6007840 total
- age   5:    3049584 bytes,    9057424 total
- age   6:    1466720 bytes,   10524144 total
- age   7:     232344 bytes,   10756488 total
- age   8:    1233144 bytes,   11989632 total
: 23211K->19184K(109248K), 0.0156036 secs] 266633K->271167K(502464K), 0.0156890 secs] [Times: user=0.06 sys=0.00, real=0.02 secs] 
Heap after GC invocations=505 (full 69):
 par new generation   total 109248K, used 19184K [0x00000000e0000000, 0x00000000e8000000, 0x00000000e8000000)
  eden space 87424K,   0% used [0x00000000e0000000, 0x00000000e0000000, 0x00000000e5560000)
  from space 21824K,  87% used [0x00000000e6ab0000, 0x00000000e7d6c3e0, 0x00000000e8000000)
  to   space 21824K,   0% used [0x00000000e5560000, 0x00000000e5560000, 0x00000000e6ab0000)
 concurrent mark-sweep generation total 393216K, used 251982K [0x00000000e8000000, 0x0000000100000000, 0x0000000100000000)
 Metaspace       used 43965K, capacity 45229K, committed 45632K, reserved 1089536K
  class space    used 5313K, capacity 5616K, committed 5732K, reserved 1048576K
}
2019-02-22T17:26:56.025-0700: 81512.390: [Rescan (parallel) , 0.0104836 secs]2019-02-22T17:26:56.035-0700: 81512.400: [weak refs processing, 0.0005454 secs]2019-02-22T17:26:56.036-0700: 81512.401: [class unloading, 0.0097840 secs]2019-02-22T17:26:56.046-0700: 81512.411: [scrub symbol table, 0.0090926 secs]2019-02-22T17:26:56.054-0700: 81512.420: [scrub string table, 0.0005074 secs][1 CMS-remark: 251982K(393216K)] 271167K(502464K), 0.0465128 secs] [Times: user=0.14 sys=0.00, real=0.05 secs] 
2019-02-22T17:26:56.055-0700: 81512.420: Total time for which application threads were stopped: 0.0469003 seconds, Stopping threads took: 0.0001157 seconds
2019-02-22T17:26:56.055-0700: 81512.421: [CMS-concurrent-sweep-start]
{Heap before GC invocations=505 (full 69):
 par new generation   total 109248K, used 106608K [0x00000000e0000000, 0x00000000e8000000, 0x00000000e8000000)
  eden space 87424K, 100% used [0x00000000e0000000, 0x00000000e5560000, 0x00000000e5560000)
  from space 21824K,  87% used [0x00000000e6ab0000, 0x00000000e7d6c3e0, 0x00000000e8000000)
  to   space 21824K,   0% used [0x00000000e5560000, 0x00000000e5560000, 0x00000000e6ab0000)
 concurrent mark-sweep generation total 393216K, used 247346K [0x00000000e8000000, 0x0000000100000000, 0x0000000100000000)
 Metaspace       used 43965K, capacity 45229K, committed 45632K, reserved 1089536K
  class space    used 5313K, capacity 5616K, committed 5732K, reserved 1048576K
2019-02-22T17:26:56.100-0700: 81512.465: [GC (Allocation Failure) 2019-02-22T17:26:56.100-0700: 81512.465: [ParNew
Desired survivor size 20112992 bytes, new threshold 8 (max 8)
- age   1:    4575720 bytes,    4575720 total
- age   2:        312 bytes,    4576032 total
- age   3:    4318440 bytes,    8894472 total
- age   4:       9792 bytes,    8904264 total
- age   5:     239288 bytes,    9143552 total
- age   6:    2448872 bytes,   11592424 total
- age   7:    1459064 bytes,   13051488 total
- age   8:     224432 bytes,   13275920 total
: 106608K->17633K(109248K), 0.0141653 secs] 353955K->266084K(502464K), 0.0142594 secs] [Times: user=0.06 sys=0.00, real=0.01 secs] 
Heap after GC invocations=506 (full 69):
 par new generation   total 109248K, used 17633K [0x00000000e0000000, 0x00000000e8000000, 0x00000000e8000000)
  eden space 87424K,   0% used [0x00000000e0000000, 0x00000000e0000000, 0x00000000e5560000)
  from space 21824K,  80% used [0x00000000e5560000, 0x00000000e6698630, 0x00000000e6ab0000)
  to   space 21824K,   0% used [0x00000000e6ab0000, 0x00000000e6ab0000, 0x00000000e8000000)
 concurrent mark-sweep generation total 393216K, used 248451K [0x00000000e8000000, 0x0000000100000000, 0x0000000100000000)
 Metaspace       used 43965K, capacity 45229K, committed 45632K, reserved 1089536K
  class space    used 5313K, capacity 5616K, committed 5732K, reserved 1048576K
}
2019-02-22T17:26:56.114-0700: 81512.480: Total time for which application threads were stopped: 0.0148403 seconds, Stopping threads took: 0.0000792 seconds
{Heap before GC invocations=506 (full 69):
 par new generation   total 109248K, used 105057K [0x00000000e0000000, 0x00000000e8000000, 0x00000000e8000000)
  eden space 87424K, 100% used [0x00000000e0000000, 0x00000000e5560000, 0x00000000e5560000)
  from space 21824K,  80% used [0x00000000e5560000, 0x00000000e6698630, 0x00000000e6ab0000)
  to   space 21824K,   0% used [0x00000000e6ab0000, 0x00000000e6ab0000, 0x00000000e8000000)
 concurrent mark-sweep generation total 393216K, used 237027K [0x00000000e8000000, 0x0000000100000000, 0x0000000100000000)
 Metaspace       used 43965K, capacity 45229K, committed 45632K, reserved 1089536K
  class space    used 5313K, capacity 5616K, committed 5732K, reserved 1048576K
2019-02-22T17:26:56.160-0700: 81512.526: [GC (Allocation Failure) 2019-02-22T17:26:56.160-0700: 81512.526: [ParNew
Desired survivor size 20112992 bytes, new threshold 8 (max 8)
- age   1:    4004568 bytes,    4004568 total
- age   2:    4209544 bytes,    8214112 total
- age   3:        104 bytes,    8214216 total
- age   4:    4115312 bytes,   12329528 total
- age   5:       9568 bytes,   12339096 total
- age   6:     182360 bytes,   12521456 total
- age   7:    2117096 bytes,   14638552 total
- age   8:    1457240 bytes,   16095792 total
: 105057K->18391K(109248K), 0.0118248 secs] 342085K->255638K(502464K), 0.0118942 secs] [Times: user=0.05 sys=0.02, real=0.01 secs] 
Heap after GC invocations=507 (full 69):
 par new generation   total 109248K, used 18391K [0x00000000e0000000, 0x00000000e8000000, 0x00000000e8000000)
  eden space 87424K,   0% used [0x00000000e0000000, 0x00000000e0000000, 0x00000000e5560000)
  from space 21824K,  84% used [0x00000000e6ab0000, 0x00000000e7ca5f50, 0x00000000e8000000)
  to   space 21824K,   0% used [0x00000000e5560000, 0x00000000e5560000, 0x00000000e6ab0000)
 concurrent mark-sweep generation total 393216K, used 237246K [0x00000000e8000000, 0x0000000100000000, 0x0000000100000000)
 Metaspace       used 43965K, capacity 45229K, committed 45632K, reserved 1089536K
  class space    used 5313K, capacity 5616K, committed 5732K, reserved 1048576K
}
2019-02-22T17:26:56.172-0700: 81512.538: Total time for which application threads were stopped: 0.0122546 seconds, Stopping threads took: 0.0000375 seconds
2019-02-22T17:26:56.189-0700: 81512.555: [CMS-concurrent-sweep: 0.107/0.134 secs] [Times: user=0.64 sys=0.06, real=0.13 secs] 
2019-02-22T17:26:56.189-0700: 81512.555: [CMS-concurrent-reset-start]
2019-02-22T17:26:56.190-0700: 81512.555: [CMS-concurrent-reset: 0.001/0.001 secs] [Times: user=0.00 sys=0.00, real=0.00 secs] 
{Heap before GC invocations=507 (full 69):
 par new generation   total 109248K, used 105815K [0x00000000e0000000, 0x00000000e8000000, 0x00000000e8000000)
  eden space 87424K, 100% used [0x00000000e0000000, 0x00000000e5560000, 0x00000000e5560000)
  from space 21824K,  84% used [0x00000000e6ab0000, 0x00000000e7ca5f50, 0x00000000e8000000)
  to   space 21824K,   0% used [0x00000000e5560000, 0x00000000e5560000, 0x00000000e6ab0000)
 concurrent mark-sweep generation total 393216K, used 226661K [0x00000000e8000000, 0x0000000100000000, 0x0000000100000000)
 Metaspace       used 43965K, capacity 45229K, committed 45632K, reserved 1089536K
  class space    used 5313K, capacity 5616K, committed 5732K, reserved 1048576K
2019-02-22T17:26:56.245-0700: 81512.610: [GC (Allocation Failure) 2019-02-22T17:26:56.245-0700: 81512.610: [ParNew
Desired survivor size 20112992 bytes, new threshold 8 (max 8)
- age   1:    4545112 bytes,    4545112 total
- age   2:    2997176 bytes,    7542288 total
- age   3:    3115624 bytes,   10657912 total
- age   4:        104 bytes,   10658016 total
- age   5:    3805584 bytes,   14463600 total
- age   6:       9568 bytes,   14473168 total
- age   7:     122888 bytes,   14596056 total
- age   8:    1943208 bytes,   16539264 total
: 105815K->21824K(109248K), 0.0128303 secs] 332477K->249903K(502464K), 0.0128997 secs] [Times: user=0.06 sys=0.00, real=0.01 secs] 
Heap after GC invocations=508 (full 69):
 par new generation   total 109248K, used 21824K [0x00000000e0000000, 0x00000000e8000000, 0x00000000e8000000)
  eden space 87424K,   0% used [0x00000000e0000000, 0x00000000e0000000, 0x00000000e5560000)
  from space 21824K, 100% used [0x00000000e5560000, 0x00000000e6ab0000, 0x00000000e6ab0000)
  to   space 21824K,   0% used [0x00000000e6ab0000, 0x00000000e6ab0000, 0x00000000e8000000)
 concurrent mark-sweep generation total 393216K, used 228079K [0x00000000e8000000, 0x0000000100000000, 0x0000000100000000)
 Metaspace       used 43965K, capacity 45229K, committed 45632K, reserved 1089536K
  class space    used 5313K, capacity 5616K, committed 5732K, reserved 1048576K
}
2019-02-22T17:26:56.258-0700: 81512.623: Total time for which application threads were stopped: 0.0133274 seconds, Stopping threads took: 0.0000987 seconds
2019-02-22T17:26:56.258-0700: 81512.624: [GC (CMS Initial Mark) [1 CMS-initial-mark: 228079K(393216K)] 251455K(502464K), 0.0028910 secs] [Times: user=0.00 sys=0.00, real=0.00 secs] 
2019-02-22T17:26:56.261-0700: 81512.627: Total time for which application threads were stopped: 0.0032010 seconds, Stopping threads took: 0.0001116 seconds
2019-02-22T17:26:56.261-0700: 81512.627: [CMS-concurrent-mark-start]
2019-02-22T17:26:56.346-0700: 81512.711: [CMS-concurrent-mark: 0.084/0.084 secs] [Times: user=0.59 sys=0.03, real=0.09 secs] 
2019-02-22T17:26:56.346-0700: 81512.711: [CMS-concurrent-preclean-start]
2019-02-22T17:26:56.365-0700: 81512.731: [CMS-concurrent-preclean: 0.019/0.021 secs] [Times: user=0.08 sys=0.00, real=0.02 secs] 
2019-02-22T17:26:56.365-0700: 81512.731: [CMS-concurrent-abortable-preclean-start]
{Heap before GC invocations=508 (full 70):
 par new generation   total 109248K, used 109248K [0x00000000e0000000, 0x00000000e8000000, 0x00000000e8000000)
  eden space 87424K, 100% used [0x00000000e0000000, 0x00000000e5560000, 0x00000000e5560000)
  from space 21824K, 100% used [0x00000000e5560000, 0x00000000e6ab0000, 0x00000000e6ab0000)
  to   space 21824K,   0% used [0x00000000e6ab0000, 0x00000000e6ab0000, 0x00000000e8000000)
 concurrent mark-sweep generation total 393216K, used 228079K [0x00000000e8000000, 0x0000000100000000, 0x0000000100000000)
 Metaspace       used 43965K, capacity 45229K, committed 45632K, reserved 1089536K
  class space    used 5313K, capacity 5616K, committed 5732K, reserved 1048576K
2019-02-22T17:26:56.500-0700: 81512.865: [GC (Allocation Failure) 2019-02-22T17:26:56.501-0700: 81512.866: [ParNew
Desired survivor size 20112992 bytes, new threshold 8 (max 8)
- age   1:    6280480 bytes,    6280480 total
- age   2:    2276256 bytes,    8556736 total
- age   3:    2978128 bytes,   11534864 total
- age   4:    2743888 bytes,   14278752 total
- age   5:        104 bytes,   14278856 total
- age   6:    3759016 bytes,   18037872 total
- age   7:       9568 bytes,   18047440 total
- age   8:     115928 bytes,   18163368 total
: 109248K->21824K(109248K), 0.0150454 secs] 337327K->251353K(502464K), 0.0153466 secs] [Times: user=0.02 sys=0.02, real=0.02 secs] 
Heap after GC invocations=509 (full 70):
 par new generation   total 109248K, used 21824K [0x00000000e0000000, 0x00000000e8000000, 0x00000000e8000000)
  eden space 87424K,   0% used [0x00000000e0000000, 0x00000000e0000000, 0x00000000e5560000)
  from space 21824K, 100% used [0x00000000e6ab0000, 0x00000000e8000000, 0x00000000e8000000)
  to   space 21824K,   0% used [0x00000000e5560000, 0x00000000e5560000, 0x00000000e6ab0000)
 concurrent mark-sweep generation total 393216K, used 229529K [0x00000000e8000000, 0x0000000100000000, 0x0000000100000000)
 Metaspace       used 43965K, capacity 45229K, committed 45632K, reserved 1089536K
  class space    used 5313K, capacity 5616K, committed 5732K, reserved 1048576K
}
2019-02-22T17:26:56.516-0700: 81512.881: Total time for which application threads were stopped: 0.0166528 seconds, Stopping threads took: 0.0003578 seconds
{Heap before GC invocations=509 (full 70):
 par new generation   total 109248K, used 108810K [0x00000000e0000000, 0x00000000e8000000, 0x00000000e8000000)
  eden space 87424K,  99% used [0x00000000e0000000, 0x00000000e54f2818, 0x00000000e5560000)
  from space 21824K, 100% used [0x00000000e6ab0000, 0x00000000e8000000, 0x00000000e8000000)
  to   space 21824K,   0% used [0x00000000e5560000, 0x00000000e5560000, 0x00000000e6ab0000)
 concurrent mark-sweep generation total 393216K, used 229529K [0x00000000e8000000, 0x0000000100000000, 0x0000000100000000)
 Metaspace       used 43965K, capacity 45229K, committed 45632K, reserved 1089536K
  class space    used 5313K, capacity 5616K, committed 5732K, reserved 1048576K
2019-02-22T17:26:56.549-0700: 81512.915: [GC (Allocation Failure) 2019-02-22T17:26:56.549-0700: 81512.915: [ParNew
Desired survivor size 20112992 bytes, new threshold 7 (max 8)
- age   1:    8573800 bytes,    8573800 total
- age   2:    3577464 bytes,   12151264 total
- age   3:    1253176 bytes,   13404440 total
- age   4:    2769120 bytes,   16173560 total
- age   5:    2588992 bytes,   18762552 total
- age   6:        104 bytes,   18762656 total
- age   7:    3572704 bytes,   22335360 total
- age   8:       6616 bytes,   22341976 total
: 108810K->21824K(109248K), 0.0276855 secs] 338339K->266907K(502464K), 0.0277975 secs] [Times: user=0.06 sys=0.00, real=0.03 secs] 
Heap after GC invocations=510 (full 70):
 par new generation   total 109248K, used 21824K [0x00000000e0000000, 0x00000000e8000000, 0x00000000e8000000)
  eden space 87424K,   0% used [0x00000000e0000000, 0x00000000e0000000, 0x00000000e5560000)
  from space 21824K, 100% used [0x00000000e5560000, 0x00000000e6ab0000, 0x00000000e6ab0000)
  to   space 21824K,   0% used [0x00000000e6ab0000, 0x00000000e6ab0000, 0x00000000e8000000)
 concurrent mark-sweep generation total 393216K, used 245083K [0x00000000e8000000, 0x0000000100000000, 0x0000000100000000)
 Metaspace       used 43965K, capacity 45229K, committed 45632K, reserved 1089536K
  class space    used 5313K, capacity 5616K, committed 5732K, reserved 1048576K
}
2019-02-22T17:26:56.578-0700: 81512.943: Total time for which application threads were stopped: 0.0282674 seconds, Stopping threads took: 0.0000843 seconds
{Heap before GC invocations=510 (full 70):
 par new generation   total 109248K, used 109248K [0x00000000e0000000, 0x00000000e8000000, 0x00000000e8000000)
  eden space 87424K, 100% used [0x00000000e0000000, 0x00000000e5560000, 0x00000000e5560000)
  from space 21824K, 100% used [0x00000000e5560000, 0x00000000e6ab0000, 0x00000000e6ab0000)
  to   space 21824K,   0% used [0x00000000e6ab0000, 0x00000000e6ab0000, 0x00000000e8000000)
 concurrent mark-sweep generation total 393216K, used 245083K [0x00000000e8000000, 0x0000000100000000, 0x0000000100000000)
 Metaspace       used 43965K, capacity 45229K, committed 45632K, reserved 1089536K
  class space    used 5313K, capacity 5616K, committed 5732K, reserved 1048576K
2019-02-22T17:26:56.604-0700: 81512.970: [GC (Allocation Failure) 2019-02-22T17:26:56.604-0700: 81512.970: [ParNew
Desired survivor size 20112992 bytes, new threshold 8 (max 8)
- age   1:    1351696 bytes,    1351696 total
- age   2:    8516768 bytes,    9868464 total
- age   3:    3366888 bytes,   13235352 total
- age   4:    1196408 bytes,   14431760 total
- age   5:    2637088 bytes,   17068848 total
- age   6:    2575792 bytes,   19644640 total
- age   7:        104 bytes,   19644744 total
: 109248K->21824K(109248K), 0.0184818 secs] 354331K->270404K(502464K), 0.0185877 secs] [Times: user=0.06 sys=0.00, real=0.02 secs] 
Heap after GC invocations=511 (full 70):
 par new generation   total 109248K, used 21824K [0x00000000e0000000, 0x00000000e8000000, 0x00000000e8000000)
  eden space 87424K,   0% used [0x00000000e0000000, 0x00000000e0000000, 0x00000000e5560000)
  from space 21824K, 100% used [0x00000000e6ab0000, 0x00000000e8000000, 0x00000000e8000000)
  to   space 21824K,   0% used [0x00000000e5560000, 0x00000000e5560000, 0x00000000e6ab0000)
 concurrent mark-sweep generation total 393216K, used 248580K [0x00000000e8000000, 0x0000000100000000, 0x0000000100000000)
 Metaspace       used 43965K, capacity 45229K, committed 45632K, reserved 1089536K
  class space    used 5313K, capacity 5616K, committed 5732K, reserved 1048576K
}
2019-02-22T17:26:56.622-0700: 81512.988: Total time for which application threads were stopped: 0.0189820 seconds, Stopping threads took: 0.0000730 seconds
2019-02-22T17:26:56.624-0700: 81512.990: [CMS-concurrent-abortable-preclean: 0.190/0.259 secs] [Times: user=0.91 sys=0.02, real=0.26 secs] 
2019-02-22T17:26:56.625-0700: 81512.991: [GC (CMS Final Remark) [YG occupancy: 25191 K (109248 K)]{Heap before GC invocations=511 (full 70):
 par new generation   total 109248K, used 25191K [0x00000000e0000000, 0x00000000e8000000, 0x00000000e8000000)
  eden space 87424K,   3% used [0x00000000e0000000, 0x00000000e0349d18, 0x00000000e5560000)
  from space 21824K, 100% used [0x00000000e6ab0000, 0x00000000e8000000, 0x00000000e8000000)
  to   space 21824K,   0% used [0x00000000e5560000, 0x00000000e5560000, 0x00000000e6ab0000)
 concurrent mark-sweep generation total 393216K, used 248580K [0x00000000e8000000, 0x0000000100000000, 0x0000000100000000)
 Metaspace       used 43965K, capacity 45229K, committed 45632K, reserved 1089536K
  class space    used 5313K, capacity 5616K, committed 5732K, reserved 1048576K
2019-02-22T17:26:56.625-0700: 81512.991: [GC (CMS Final Remark) 2019-02-22T17:26:56.625-0700: 81512.991: [ParNew
Desired survivor size 20112992 bytes, new threshold 8 (max 8)
- age   1:     995120 bytes,     995120 total
- age   2:     868048 bytes,    1863168 total
- age   3:    8144352 bytes,   10007520 total
- age   4:    3320048 bytes,   13327568 total
- age   5:    1188552 bytes,   14516120 total
- age   6:    2585416 bytes,   17101536 total
- age   7:    2555368 bytes,   19656904 total
- age   8:        104 bytes,   19657008 total
: 25191K->21824K(109248K), 0.0146033 secs] 273771K->271183K(502464K), 0.0146968 secs] [Times: user=0.00 sys=0.00, real=0.02 secs] 
Heap after GC invocations=512 (full 70):
 par new generation   total 109248K, used 21824K [0x00000000e0000000, 0x00000000e8000000, 0x00000000e8000000)
  eden space 87424K,   0% used [0x00000000e0000000, 0x00000000e0000000, 0x00000000e5560000)
  from space 21824K, 100% used [0x00000000e5560000, 0x00000000e6ab0000, 0x00000000e6ab0000)
  to   space 21824K,   0% used [0x00000000e6ab0000, 0x00000000e6ab0000, 0x00000000e8000000)
 concurrent mark-sweep generation total 393216K, used 249359K [0x00000000e8000000, 0x0000000100000000, 0x0000000100000000)
 Metaspace       used 43965K, capacity 45229K, committed 45632K, reserved 1089536K
  class space    used 5313K, capacity 5616K, committed 5732K, reserved 1048576K
}
2019-02-22T17:26:56.640-0700: 81513.005: [Rescan (parallel) , 0.0137900 secs]2019-02-22T17:26:56.654-0700: 81513.019: [weak refs processing, 0.0004591 secs]2019-02-22T17:26:56.654-0700: 81513.020: [class unloading, 0.0104420 secs]2019-02-22T17:26:56.664-0700: 81513.030: [scrub symbol table, 0.0114203 secs]2019-02-22T17:26:56.676-0700: 81513.042: [scrub string table, 0.0007130 secs][1 CMS-remark: 249359K(393216K)] 271183K(502464K), 0.0519134 secs] [Times: user=0.09 sys=0.00, real=0.05 secs] 
2019-02-22T17:26:56.677-0700: 81513.043: Total time for which application threads were stopped: 0.0521586 seconds, Stopping threads took: 0.0000581 seconds
2019-02-22T17:26:56.677-0700: 81513.043: [CMS-concurrent-sweep-start]
{Heap before GC invocations=512 (full 70):
 par new generation   total 109248K, used 109248K [0x00000000e0000000, 0x00000000e8000000, 0x00000000e8000000)
  eden space 87424K, 100% used [0x00000000e0000000, 0x00000000e5560000, 0x00000000e5560000)
  from space 21824K, 100% used [0x00000000e5560000, 0x00000000e6ab0000, 0x00000000e6ab0000)
  to   space 21824K,   0% used [0x00000000e6ab0000, 0x00000000e6ab0000, 0x00000000e8000000)
 concurrent mark-sweep generation total 393216K, used 232713K [0x00000000e8000000, 0x0000000100000000, 0x0000000100000000)
 Metaspace       used 43965K, capacity 45229K, committed 45632K, reserved 1089536K
  class space    used 5313K, capacity 5616K, committed 5732K, reserved 1048576K
2019-02-22T17:26:56.744-0700: 81513.110: [GC (Allocation Failure) 2019-02-22T17:26:56.745-0700: 81513.110: [ParNew
Desired survivor size 20112992 bytes, new threshold 8 (max 8)
- age   1:    4379280 bytes,    4379280 total
- age   2:      87224 bytes,    4466504 total
- age   3:     672400 bytes,    5138904 total
- age   4:    7910712 bytes,   13049616 total
- age   5:    2971584 bytes,   16021200 total
- age   6:    1181088 bytes,   17202288 total
- age   7:    2579112 bytes,   19781400 total
- age   8:    2553472 bytes,   22334872 total
: 109248K->21824K(109248K), 0.0327042 secs] 341961K->274164K(502464K), 0.0328055 secs] [Times: user=0.11 sys=0.00, real=0.03 secs] 
Heap after GC invocations=513 (full 70):
 par new generation   total 109248K, used 21824K [0x00000000e0000000, 0x00000000e8000000, 0x00000000e8000000)
  eden space 87424K,   0% used [0x00000000e0000000, 0x00000000e0000000, 0x00000000e5560000)
  from space 21824K, 100% used [0x00000000e6ab0000, 0x00000000e8000000, 0x00000000e8000000)
  to   space 21824K,   0% used [0x00000000e5560000, 0x00000000e5560000, 0x00000000e6ab0000)
 concurrent mark-sweep generation total 393216K, used 252340K [0x00000000e8000000, 0x0000000100000000, 0x0000000100000000)
 Metaspace       used 43965K, capacity 45229K, committed 45632K, reserved 1089536K
  class space    used 5313K, capacity 5616K, committed 5732K, reserved 1048576K
}
2019-02-22T17:26:56.777-0700: 81513.143: Total time for which application threads were stopped: 0.0331823 seconds, Stopping threads took: 0.0000524 seconds
2019-02-22T17:26:56.825-0700: 81513.191: [CMS-concurrent-sweep: 0.115/0.148 secs] [Times: user=0.47 sys=0.01, real=0.15 secs] 
2019-02-22T17:26:56.825-0700: 81513.191: [CMS-concurrent-reset-start]
2019-02-22T17:26:56.826-0700: 81513.191: [CMS-concurrent-reset: 0.001/0.001 secs] [Times: user=0.00 sys=0.00, real=0.00 secs] 
{Heap before GC invocations=513 (full 70):
 par new generation   total 109248K, used 109248K [0x00000000e0000000, 0x00000000e8000000, 0x00000000e8000000)
  eden space 87424K, 100% used [0x00000000e0000000, 0x00000000e5560000, 0x00000000e5560000)
  from space 21824K, 100% used [0x00000000e6ab0000, 0x00000000e8000000, 0x00000000e8000000)
  to   space 21824K,   0% used [0x00000000e5560000, 0x00000000e5560000, 0x00000000e6ab0000)
 concurrent mark-sweep generation total 393216K, used 229481K [0x00000000e8000000, 0x0000000100000000, 0x0000000100000000)
 Metaspace       used 43967K, capacity 45229K, committed 45632K, reserved 1089536K
  class space    used 5313K, capacity 5616K, committed 5732K, reserved 1048576K
2019-02-22T17:26:56.945-0700: 81513.311: [GC (Allocation Failure) 2019-02-22T17:26:56.946-0700: 81513.311: [ParNew
Desired survivor size 20112992 bytes, new threshold 8 (max 8)
- age   1:    3201904 bytes,    3201904 total
- age   2:    3776080 bytes,    6977984 total
- age   3:      87224 bytes,    7065208 total
- age   4:     589024 bytes,    7654232 total
- age   5:    5247272 bytes,   12901504 total
- age   6:    2911752 bytes,   15813256 total
- age   7:    1181064 bytes,   16994320 total
- age   8:    2578816 bytes,   19573136 total
: 109248K->21824K(109248K), 0.0247168 secs] 338729K->256701K(502464K), 0.0249795 secs] [Times: user=0.08 sys=0.00, real=0.03 secs] 
Heap after GC invocations=514 (full 70):
 par new generation   total 109248K, used 21824K [0x00000000e0000000, 0x00000000e8000000, 0x00000000e8000000)
  eden space 87424K,   0% used [0x00000000e0000000, 0x00000000e0000000, 0x00000000e5560000)
  from space 21824K, 100% used [0x00000000e5560000, 0x00000000e6ab0000, 0x00000000e6ab0000)
  to   space 21824K,   0% used [0x00000000e6ab0000, 0x00000000e6ab0000, 0x00000000e8000000)
 concurrent mark-sweep generation total 393216K, used 234877K [0x00000000e8000000, 0x0000000100000000, 0x0000000100000000)
 Metaspace       used 43967K, capacity 45229K, committed 45632K, reserved 1089536K
  class space    used 5313K, capacity 5616K, committed 5732K, reserved 1048576K
}
2019-02-22T17:26:56.971-0700: 81513.336: Total time for which application threads were stopped: 0.0256323 seconds, Stopping threads took: 0.0001429 seconds
2019-02-22T17:26:57.043-0700: 81513.409: [GC (CMS Initial Mark) [1 CMS-initial-mark: 234877K(393216K)] 265118K(502464K), 0.0055832 secs] [Times: user=0.06 sys=0.00, real=0.01 secs] 
2019-02-22T17:26:57.049-0700: 81513.415: Total time for which application threads were stopped: 0.0224802 seconds, Stopping threads took: 0.0165685 seconds
2019-02-22T17:26:57.049-0700: 81513.415: [CMS-concurrent-mark-start]
2019-02-22T17:26:57.150-0700: 81513.515: [CMS-concurrent-mark: 0.100/0.100 secs] [Times: user=0.38 sys=0.00, real=0.10 secs] 
2019-02-22T17:26:57.150-0700: 81513.515: [CMS-concurrent-preclean-start]
2019-02-22T17:26:57.156-0700: 81513.522: [CMS-concurrent-preclean: 0.006/0.007 secs] [Times: user=0.00 sys=0.00, real=0.01 secs] 
2019-02-22T17:26:57.156-0700: 81513.522: [CMS-concurrent-abortable-preclean-start]
2019-02-22T17:26:57.413-0700: 81513.779: [CMS-concurrent-abortable-preclean: 0.255/0.257 secs] [Times: user=0.55 sys=0.00, real=0.26 secs] 
2019-02-22T17:26:57.413-0700: 81513.779: [GC (CMS Final Remark) [YG occupancy: 77866 K (109248 K)]{Heap before GC invocations=514 (full 71):
 par new generation   total 109248K, used 77866K [0x00000000e0000000, 0x00000000e8000000, 0x00000000e8000000)
  eden space 87424K,  64% used [0x00000000e0000000, 0x00000000e36baa68, 0x00000000e5560000)
  from space 21824K, 100% used [0x00000000e5560000, 0x00000000e6ab0000, 0x00000000e6ab0000)
  to   space 21824K,   0% used [0x00000000e6ab0000, 0x00000000e6ab0000, 0x00000000e8000000)
 concurrent mark-sweep generation total 393216K, used 234877K [0x00000000e8000000, 0x0000000100000000, 0x0000000100000000)
 Metaspace       used 43967K, capacity 45229K, committed 45632K, reserved 1089536K
  class space    used 5313K, capacity 5616K, committed 5732K, reserved 1048576K
2019-02-22T17:26:57.413-0700: 81513.779: [GC (CMS Final Remark) 2019-02-22T17:26:57.413-0700: 81513.779: [ParNew
Desired survivor size 20112992 bytes, new threshold 8 (max 8)
- age   1:    2951368 bytes,    2951368 total
- age   2:    2004736 bytes,    4956104 total
- age   3:    3263320 bytes,    8219424 total
- age   4:      86624 bytes,    8306048 total
- age   5:     477648 bytes,    8783696 total
- age   6:    5141736 bytes,   13925432 total
- age   7:    2723296 bytes,   16648728 total
- age   8:    1169160 bytes,   17817888 total
: 77866K->21824K(109248K), 0.0234553 secs] 312743K->260256K(502464K), 0.0235293 secs] [Times: user=0.08 sys=0.00, real=0.02 secs] 
Heap after GC invocations=515 (full 71):
 par new generation   total 109248K, used 21824K [0x00000000e0000000, 0x00000000e8000000, 0x00000000e8000000)
  eden space 87424K,   0% used [0x00000000e0000000, 0x00000000e0000000, 0x00000000e5560000)
  from space 21824K, 100% used [0x00000000e6ab0000, 0x00000000e8000000, 0x00000000e8000000)
  to   space 21824K,   0% used [0x00000000e5560000, 0x00000000e5560000, 0x00000000e6ab0000)
 concurrent mark-sweep generation total 393216K, used 238432K [0x00000000e8000000, 0x0000000100000000, 0x0000000100000000)
 Metaspace       used 43967K, capacity 45229K, committed 45632K, reserved 1089536K
  class space    used 5313K, capacity 5616K, committed 5732K, reserved 1048576K
}
2019-02-22T17:26:57.437-0700: 81513.803: [Rescan (parallel) , 0.0094740 secs]2019-02-22T17:26:57.447-0700: 81513.812: [weak refs processing, 0.0005413 secs]2019-02-22T17:26:57.448-0700: 81513.813: [class unloading, 0.0129527 secs]2019-02-22T17:26:57.460-0700: 81513.826: [scrub symbol table, 0.0137155 secs]2019-02-22T17:26:57.474-0700: 81513.840: [scrub string table, 0.0008024 secs][1 CMS-remark: 238432K(393216K)] 260256K(502464K), 0.0615077 secs] [Times: user=0.11 sys=0.00, real=0.06 secs] 
2019-02-22T17:26:57.475-0700: 81513.841: Total time for which application threads were stopped: 0.0617057 seconds, Stopping threads took: 0.0000298 seconds
2019-02-22T17:26:57.475-0700: 81513.841: [CMS-concurrent-sweep-start]
2019-02-22T17:26:57.562-0700: 81513.927: [CMS-concurrent-sweep: 0.086/0.086 secs] [Times: user=0.23 sys=0.00, real=0.09 secs] 
2019-02-22T17:26:57.562-0700: 81513.927: [CMS-concurrent-reset-start]
2019-02-22T17:26:57.562-0700: 81513.928: [CMS-concurrent-reset: 0.001/0.001 secs] [Times: user=0.00 sys=0.00, real=0.00 secs] 
{Heap before GC invocations=515 (full 71):
 par new generation   total 109248K, used 109058K [0x00000000e0000000, 0x00000000e8000000, 0x00000000e8000000)
  eden space 87424K,  99% used [0x00000000e0000000, 0x00000000e55308a8, 0x00000000e5560000)
  from space 21824K, 100% used [0x00000000e6ab0000, 0x00000000e8000000, 0x00000000e8000000)
  to   space 21824K,   0% used [0x00000000e5560000, 0x00000000e5560000, 0x00000000e6ab0000)
 concurrent mark-sweep generation total 393216K, used 224889K [0x00000000e8000000, 0x0000000100000000, 0x0000000100000000)
 Metaspace       used 43967K, capacity 45229K, committed 45632K, reserved 1089536K
  class space    used 5313K, capacity 5616K, committed 5732K, reserved 1048576K
2019-02-22T17:26:57.622-0700: 81513.988: [GC (Allocation Failure) 2019-02-22T17:26:57.622-0700: 81513.988: [ParNew
Desired survivor size 20112992 bytes, new threshold 8 (max 8)
- age   1:    4260016 bytes,    4260016 total
- age   2:    1210136 bytes,    5470152 total
- age   3:    1654208 bytes,    7124360 total
- age   4:    3235712 bytes,   10360072 total
- age   5:       7336 bytes,   10367408 total
- age   6:     400224 bytes,   10767632 total
- age   7:    5035168 bytes,   15802800 total
- age   8:    2637240 bytes,   18440040 total
: 109058K->21824K(109248K), 0.0184458 secs] 333947K->248536K(502464K), 0.0185528 secs] [Times: user=0.06 sys=0.02, real=0.02 secs] 
Heap after GC invocations=516 (full 71):
 par new generation   total 109248K, used 21824K [0x00000000e0000000, 0x00000000e8000000, 0x00000000e8000000)
  eden space 87424K,   0% used [0x00000000e0000000, 0x00000000e0000000, 0x00000000e5560000)
  from space 21824K, 100% used [0x00000000e5560000, 0x00000000e6ab0000, 0x00000000e6ab0000)
  to   space 21824K,   0% used [0x00000000e6ab0000, 0x00000000e6ab0000, 0x00000000e8000000)
 concurrent mark-sweep generation total 393216K, used 226712K [0x00000000e8000000, 0x0000000100000000, 0x0000000100000000)
 Metaspace       used 43967K, capacity 45229K, committed 45632K, reserved 1089536K
  class space    used 5313K, capacity 5616K, committed 5732K, reserved 1048576K
}
2019-02-22T17:26:57.641-0700: 81514.006: Total time for which application threads were stopped: 0.0190175 seconds, Stopping threads took: 0.0000709 seconds
2019-02-22T17:26:57.641-0700: 81514.007: [GC (CMS Initial Mark) [1 CMS-initial-mark: 226712K(393216K)] 249048K(502464K), 0.0024603 secs] [Times: user=0.00 sys=0.00, real=0.00 secs] 
2019-02-22T17:26:57.644-0700: 81514.009: Total time for which application threads were stopped: 0.0027826 seconds, Stopping threads took: 0.0001069 seconds
2019-02-22T17:26:57.644-0700: 81514.009: [CMS-concurrent-mark-start]
{Heap before GC invocations=516 (full 72):
 par new generation   total 109248K, used 108760K [0x00000000e0000000, 0x00000000e8000000, 0x00000000e8000000)
  eden space 87424K,  99% used [0x00000000e0000000, 0x00000000e54e6068, 0x00000000e5560000)
  from space 21824K, 100% used [0x00000000e5560000, 0x00000000e6ab0000, 0x00000000e6ab0000)
  to   space 21824K,   0% used [0x00000000e6ab0000, 0x00000000e6ab0000, 0x00000000e8000000)
 concurrent mark-sweep generation total 393216K, used 226712K [0x00000000e8000000, 0x0000000100000000, 0x0000000100000000)
 Metaspace       used 43967K, capacity 45229K, committed 45632K, reserved 1089536K
  class space    used 5313K, capacity 5616K, committed 5732K, reserved 1048576K
2019-02-22T17:26:57.660-0700: 81514.025: [GC (Allocation Failure) 2019-02-22T17:26:57.660-0700: 81514.025: [ParNew
Desired survivor size 20112992 bytes, new threshold 8 (max 8)
- age   1:     129240 bytes,     129240 total
- age   2:    4208624 bytes,    4337864 total
- age   3:    1159752 bytes,    5497616 total
- age   4:    1643960 bytes,    7141576 total
- age   5:    3235008 bytes,   10376584 total
- age   6:       7336 bytes,   10383920 total
- age   7:     395248 bytes,   10779168 total
- age   8:    4991160 bytes,   15770328 total
: 108760K->21824K(109248K), 0.0154540 secs] 335472K->251163K(502464K), 0.0155481 secs] [Times: user=0.06 sys=0.00, real=0.01 secs] 
Heap after GC invocations=517 (full 72):
 par new generation   total 109248K, used 21824K [0x00000000e0000000, 0x00000000e8000000, 0x00000000e8000000)
  eden space 87424K,   0% used [0x00000000e0000000, 0x00000000e0000000, 0x00000000e5560000)
  from space 21824K, 100% used [0x00000000e6ab0000, 0x00000000e8000000, 0x00000000e8000000)
  to   space 21824K,   0% used [0x00000000e5560000, 0x00000000e5560000, 0x00000000e6ab0000)
 concurrent mark-sweep generation total 393216K, used 229339K [0x00000000e8000000, 0x0000000100000000, 0x0000000100000000)
 Metaspace       used 43967K, capacity 45229K, committed 45632K, reserved 1089536K
  class space    used 5313K, capacity 5616K, committed 5732K, reserved 1048576K
}
2019-02-22T17:26:57.676-0700: 81514.041: Total time for which application threads were stopped: 0.0160015 seconds, Stopping threads took: 0.0000889 seconds
2019-02-22T17:26:57.751-0700: 81514.116: [CMS-concurrent-mark: 0.091/0.107 secs] [Times: user=0.55 sys=0.00, real=0.11 secs] 
2019-02-22T17:26:57.751-0700: 81514.117: [CMS-concurrent-preclean-start]
2019-02-22T17:26:57.786-0700: 81514.151: [CMS-concurrent-preclean: 0.033/0.035 secs] [Times: user=0.09 sys=0.00, real=0.04 secs] 
2019-02-22T17:26:57.786-0700: 81514.152: [CMS-concurrent-abortable-preclean-start]
{Heap before GC invocations=517 (full 72):
 par new generation   total 109248K, used 109248K [0x00000000e0000000, 0x00000000e8000000, 0x00000000e8000000)
  eden space 87424K, 100% used [0x00000000e0000000, 0x00000000e5560000, 0x00000000e5560000)
  from space 21824K, 100% used [0x00000000e6ab0000, 0x00000000e8000000, 0x00000000e8000000)
  to   space 21824K,   0% used [0x00000000e5560000, 0x00000000e5560000, 0x00000000e6ab0000)
 concurrent mark-sweep generation total 393216K, used 229339K [0x00000000e8000000, 0x0000000100000000, 0x0000000100000000)
 Metaspace       used 43967K, capacity 45229K, committed 45632K, reserved 1089536K
  class space    used 5313K, capacity 5616K, committed 5732K, reserved 1048576K
2019-02-22T17:26:57.811-0700: 81514.176: [GC (Allocation Failure) 2019-02-22T17:26:57.811-0700: 81514.176: [ParNew
Desired survivor size 20112992 bytes, new threshold 8 (max 8)
- age   1:    2168424 bytes,    2168424 total
- age   2:      17784 bytes,    2186208 total
- age   3:    3707168 bytes,    5893376 total
- age   4:    1159752 bytes,    7053128 total
- age   5:    1643960 bytes,    8697088 total
- age   6:    3180136 bytes,   11877224 total
- age   7:       7336 bytes,   11884560 total
- age   8:     260096 bytes,   12144656 total
: 109248K->15410K(109248K), 0.0173699 secs] 338587K->249614K(502464K), 0.0174486 secs] [Times: user=0.06 sys=0.00, real=0.02 secs] 
Heap after GC invocations=518 (full 72):
 par new generation   total 109248K, used 15410K [0x00000000e0000000, 0x00000000e8000000, 0x00000000e8000000)
  eden space 87424K,   0% used [0x00000000e0000000, 0x00000000e0000000, 0x00000000e5560000)
  from space 21824K,  70% used [0x00000000e5560000, 0x00000000e646ca50, 0x00000000e6ab0000)
  to   space 21824K,   0% used [0x00000000e6ab0000, 0x00000000e6ab0000, 0x00000000e8000000)
 concurrent mark-sweep generation total 393216K, used 234203K [0x00000000e8000000, 0x0000000100000000, 0x0000000100000000)
 Metaspace       used 43967K, capacity 45229K, committed 45632K, reserved 1089536K
  class space    used 5313K, capacity 5616K, committed 5732K, reserved 1048576K
}
2019-02-22T17:26:57.829-0700: 81514.194: Total time for which application threads were stopped: 0.0177915 seconds, Stopping threads took: 0.0000550 seconds
2019-02-22T17:26:57.926-0700: 81514.291: [CMS-concurrent-abortable-preclean: 0.119/0.140 secs] [Times: user=0.34 sys=0.03, real=0.14 secs] 
2019-02-22T17:26:57.926-0700: 81514.292: [GC (CMS Final Remark) [YG occupancy: 85119 K (109248 K)]{Heap before GC invocations=518 (full 72):
 par new generation   total 109248K, used 85119K [0x00000000e0000000, 0x00000000e8000000, 0x00000000e8000000)
  eden space 87424K,  79% used [0x00000000e0000000, 0x00000000e4413508, 0x00000000e5560000)
  from space 21824K,  70% used [0x00000000e5560000, 0x00000000e646ca50, 0x00000000e6ab0000)
  to   space 21824K,   0% used [0x00000000e6ab0000, 0x00000000e6ab0000, 0x00000000e8000000)
 concurrent mark-sweep generation total 393216K, used 234203K [0x00000000e8000000, 0x0000000100000000, 0x0000000100000000)
 Metaspace       used 43968K, capacity 45229K, committed 45632K, reserved 1089536K
  class space    used 5313K, capacity 5616K, committed 5732K, reserved 1048576K
2019-02-22T17:26:57.926-0700: 81514.292: [GC (CMS Final Remark) 2019-02-22T17:26:57.926-0700: 81514.292: [ParNew
Desired survivor size 20112992 bytes, new threshold 8 (max 8)
- age   1:    4608152 bytes,    4608152 total
- age   2:     643992 bytes,    5252144 total
- age   3:      17784 bytes,    5269928 total
- age   4:    2773144 bytes,    8043072 total
- age   5:    1040720 bytes,    9083792 total
- age   6:    1601480 bytes,   10685272 total
- age   7:    3142928 bytes,   13828200 total
- age   8:       7336 bytes,   13835536 total
: 85119K->15758K(109248K), 0.0142409 secs] 319323K->250216K(502464K), 0.0143072 secs] [Times: user=0.06 sys=0.00, real=0.01 secs] 
Heap after GC invocations=519 (full 72):
 par new generation   total 109248K, used 15758K [0x00000000e0000000, 0x00000000e8000000, 0x00000000e8000000)
  eden space 87424K,   0% used [0x00000000e0000000, 0x00000000e0000000, 0x00000000e5560000)
  from space 21824K,  72% used [0x00000000e6ab0000, 0x00000000e7a13b28, 0x00000000e8000000)
  to   space 21824K,   0% used [0x00000000e5560000, 0x00000000e5560000, 0x00000000e6ab0000)
 concurrent mark-sweep generation total 393216K, used 234457K [0x00000000e8000000, 0x0000000100000000, 0x0000000100000000)
 Metaspace       used 43968K, capacity 45229K, committed 45632K, reserved 1089536K
  class space    used 5313K, capacity 5616K, committed 5732K, reserved 1048576K
}
2019-02-22T17:26:57.940-0700: 81514.306: [Rescan (parallel) , 0.0064092 secs]2019-02-22T17:26:57.947-0700: 81514.313: [weak refs processing, 0.0005269 secs]2019-02-22T17:26:57.947-0700: 81514.313: [class unloading, 0.0135978 secs]2019-02-22T17:26:57.961-0700: 81514.327: [scrub symbol table, 0.0137674 secs]2019-02-22T17:26:57.975-0700: 81514.341: [scrub string table, 0.0007305 secs][1 CMS-remark: 234457K(393216K)] 250216K(502464K), 0.0498274 secs] [Times: user=0.09 sys=0.00, real=0.05 secs] 
2019-02-22T17:26:57.976-0700: 81514.342: Total time for which application threads were stopped: 0.0500895 seconds, Stopping threads took: 0.0000637 seconds
2019-02-22T17:26:57.976-0700: 81514.342: [CMS-concurrent-sweep-start]
2019-02-22T17:26:58.080-0700: 81514.446: [CMS-concurrent-sweep: 0.104/0.104 secs] [Times: user=0.31 sys=0.02, real=0.11 secs] 
2019-02-22T17:26:58.081-0700: 81514.446: [CMS-concurrent-reset-start]
2019-02-22T17:26:58.081-0700: 81514.446: [CMS-concurrent-reset: 0.001/0.001 secs] [Times: user=0.00 sys=0.00, real=0.00 secs] 
{Heap before GC invocations=519 (full 72):
 par new generation   total 109248K, used 103182K [0x00000000e0000000, 0x00000000e8000000, 0x00000000e8000000)
  eden space 87424K, 100% used [0x00000000e0000000, 0x00000000e5560000, 0x00000000e5560000)
  from space 21824K,  72% used [0x00000000e6ab0000, 0x00000000e7a13b28, 0x00000000e8000000)
  to   space 21824K,   0% used [0x00000000e5560000, 0x00000000e5560000, 0x00000000e6ab0000)
 concurrent mark-sweep generation total 393216K, used 210183K [0x00000000e8000000, 0x0000000100000000, 0x0000000100000000)
 Metaspace       used 43968K, capacity 45229K, committed 45632K, reserved 1089536K
  class space    used 5313K, capacity 5616K, committed 5732K, reserved 1048576K
2019-02-22T17:26:58.272-0700: 81514.638: [GC (Allocation Failure) 2019-02-22T17:26:58.272-0700: 81514.638: [ParNew
Desired survivor size 20112992 bytes, new threshold 8 (max 8)
- age   1:    6589448 bytes,    6589448 total
- age   2:    2110080 bytes,    8699528 total
- age   3:     605720 bytes,    9305248 total
- age   4:      14672 bytes,    9319920 total
- age   5:    2435744 bytes,   11755664 total
- age   6:     953856 bytes,   12709520 total
- age   7:    1582792 bytes,   14292312 total
- age   8:    3137784 bytes,   17430096 total
: 103182K->21824K(109248K), 0.0162986 secs] 313366K->232014K(502464K), 0.0163871 secs] [Times: user=0.06 sys=0.00, real=0.02 secs] 
Heap after GC invocations=520 (full 72):
 par new generation   total 109248K, used 21824K [0x00000000e0000000, 0x00000000e8000000, 0x00000000e8000000)
  eden space 87424K,   0% used [0x00000000e0000000, 0x00000000e0000000, 0x00000000e5560000)
  from space 21824K, 100% used [0x00000000e5560000, 0x00000000e6ab0000, 0x00000000e6ab0000)
  to   space 21824K,   0% used [0x00000000e6ab0000, 0x00000000e6ab0000, 0x00000000e8000000)
 concurrent mark-sweep generation total 393216K, used 210190K [0x00000000e8000000, 0x0000000100000000, 0x0000000100000000)
 Metaspace       used 43968K, capacity 45229K, committed 45632K, reserved 1089536K
  class space    used 5313K, capacity 5616K, committed 5732K, reserved 1048576K
}
2019-02-22T17:26:58.289-0700: 81514.654: Total time for which application threads were stopped: 0.0167731 seconds, Stopping threads took: 0.0000637 seconds
2019-02-22T17:26:58.289-0700: 81514.654: [GC (CMS Initial Mark) [1 CMS-initial-mark: 210190K(393216K)] 233628K(502464K), 0.0032894 secs] [Times: user=0.00 sys=0.00, real=0.00 secs] 
2019-02-22T17:26:58.292-0700: 81514.658: Total time for which application threads were stopped: 0.0035552 seconds, Stopping threads took: 0.0000802 seconds
2019-02-22T17:26:58.293-0700: 81514.658: [CMS-concurrent-mark-start]
2019-02-22T17:26:58.380-0700: 81514.745: [CMS-concurrent-mark: 0.087/0.087 secs] [Times: user=0.53 sys=0.00, real=0.09 secs] 
2019-02-22T17:26:58.380-0700: 81514.745: [CMS-concurrent-preclean-start]
2019-02-22T17:26:58.397-0700: 81514.762: [CMS-concurrent-preclean: 0.016/0.017 secs] [Times: user=0.03 sys=0.00, real=0.02 secs] 
2019-02-22T17:26:58.397-0700: 81514.762: [CMS-concurrent-abortable-preclean-start]
{Heap before GC invocations=520 (full 73):
 par new generation   total 109248K, used 109248K [0x00000000e0000000, 0x00000000e8000000, 0x00000000e8000000)
  eden space 87424K, 100% used [0x00000000e0000000, 0x00000000e5560000, 0x00000000e5560000)
  from space 21824K, 100% used [0x00000000e5560000, 0x00000000e6ab0000, 0x00000000e6ab0000)
  to   space 21824K,   0% used [0x00000000e6ab0000, 0x00000000e6ab0000, 0x00000000e8000000)
 concurrent mark-sweep generation total 393216K, used 210190K [0x00000000e8000000, 0x0000000100000000, 0x0000000100000000)
 Metaspace       used 43968K, capacity 45229K, committed 45632K, reserved 1089536K
  class space    used 5313K, capacity 5616K, committed 5732K, reserved 1048576K
2019-02-22T17:26:58.602-0700: 81514.968: [GC (Allocation Failure) 2019-02-22T17:26:58.602-0700: 81514.968: [ParNew
Desired survivor size 20112992 bytes, new threshold 8 (max 8)
- age   1:    9244008 bytes,    9244008 total
- age   2:    2826168 bytes,   12070176 total
- age   3:    1628632 bytes,   13698808 total
- age   4:     504560 bytes,   14203368 total
- age   5:      14192 bytes,   14217560 total
- age   6:    2280112 bytes,   16497672 total
- age   7:     905096 bytes,   17402768 total
- age   8:    1539968 bytes,   18942736 total
: 109248K->21824K(109248K), 0.0183826 secs] 319438K->235512K(502464K), 0.0184721 secs] [Times: user=0.06 sys=0.00, real=0.02 secs] 
Heap after GC invocations=521 (full 73):
 par new generation   total 109248K, used 21824K [0x00000000e0000000, 0x00000000e8000000, 0x00000000e8000000)
  eden space 87424K,   0% used [0x00000000e0000000, 0x00000000e0000000, 0x00000000e5560000)
  from space 21824K, 100% used [0x00000000e6ab0000, 0x00000000e8000000, 0x00000000e8000000)
  to   space 21824K,   0% used [0x00000000e5560000, 0x00000000e5560000, 0x00000000e6ab0000)
 concurrent mark-sweep generation total 393216K, used 213688K [0x00000000e8000000, 0x0000000100000000, 0x0000000100000000)
 Metaspace       used 43968K, capacity 45229K, committed 45632K, reserved 1089536K
  class space    used 5313K, capacity 5616K, committed 5732K, reserved 1048576K
}
2019-02-22T17:26:58.621-0700: 81514.986: Total time for which application threads were stopped: 0.0189028 seconds, Stopping threads took: 0.0000992 seconds
2019-02-22T17:26:58.795-0700: 81515.161: [CMS-concurrent-abortable-preclean: 0.373/0.398 secs] [Times: user=1.08 sys=0.00, real=0.40 secs] 
2019-02-22T17:26:58.795-0700: 81515.161: [GC (CMS Final Remark) [YG occupancy: 69931 K (109248 K)]{Heap before GC invocations=521 (full 73):
 par new generation   total 109248K, used 69931K [0x00000000e0000000, 0x00000000e8000000, 0x00000000e8000000)
  eden space 87424K,  55% used [0x00000000e0000000, 0x00000000e2efad30, 0x00000000e5560000)
  from space 21824K, 100% used [0x00000000e6ab0000, 0x00000000e8000000, 0x00000000e8000000)
  to   space 21824K,   0% used [0x00000000e5560000, 0x00000000e5560000, 0x00000000e6ab0000)
 concurrent mark-sweep generation total 393216K, used 213688K [0x00000000e8000000, 0x0000000100000000, 0x0000000100000000)
 Metaspace       used 43968K, capacity 45229K, committed 45632K, reserved 1089536K
  class space    used 5313K, capacity 5616K, committed 5732K, reserved 1048576K
2019-02-22T17:26:58.795-0700: 81515.161: [GC (CMS Final Remark) 2019-02-22T17:26:58.795-0700: 81515.161: [ParNew
Desired survivor size 20112992 bytes, new threshold 8 (max 8)
- age   1:    4665624 bytes,    4665624 total
- age   2:    5952192 bytes,   10617816 total
- age   3:    2656552 bytes,   13274368 total
- age   4:    1587144 bytes,   14861512 total
- age   5:     504560 bytes,   15366072 total
- age   6:      14192 bytes,   15380264 total
- age   7:    2276992 bytes,   17657256 total
- age   8:     905096 bytes,   18562352 total
: 69931K->21824K(109248K), 0.0164076 secs] 283620K->237026K(502464K), 0.0164678 secs] [Times: user=0.08 sys=0.00, real=0.02 secs] 
Heap after GC invocations=522 (full 73):
 par new generation   total 109248K, used 21824K [0x00000000e0000000, 0x00000000e8000000, 0x00000000e8000000)
  eden space 87424K,   0% used [0x00000000e0000000, 0x00000000e0000000, 0x00000000e5560000)
  from space 21824K, 100% used [0x00000000e5560000, 0x00000000e6ab0000, 0x00000000e6ab0000)
  to   space 21824K,   0% used [0x00000000e6ab0000, 0x00000000e6ab0000, 0x00000000e8000000)
 concurrent mark-sweep generation total 393216K, used 215202K [0x00000000e8000000, 0x0000000100000000, 0x0000000100000000)
 Metaspace       used 43968K, capacity 45229K, committed 45632K, reserved 1089536K
  class space    used 5313K, capacity 5616K, committed 5732K, reserved 1048576K
}
2019-02-22T17:26:58.812-0700: 81515.178: [Rescan (parallel) , 0.0089590 secs]2019-02-22T17:26:58.821-0700: 81515.187: [weak refs processing, 0.0009515 secs]2019-02-22T17:26:58.822-0700: 81515.188: [class unloading, 0.0121425 secs]2019-02-22T17:26:58.834-0700: 81515.200: [scrub symbol table, 0.0080347 secs]2019-02-22T17:26:58.843-0700: 81515.208: [scrub string table, 0.0005295 secs][1 CMS-remark: 215202K(393216K)] 237026K(502464K), 0.0477264 secs] [Times: user=0.09 sys=0.00, real=0.05 secs] 
2019-02-22T17:26:58.843-0700: 81515.209: Total time for which application threads were stopped: 0.0480390 seconds, Stopping threads took: 0.0000684 seconds
2019-02-22T17:26:58.843-0700: 81515.209: [CMS-concurrent-sweep-start]
2019-02-22T17:26:58.937-0700: 81515.303: [CMS-concurrent-sweep: 0.094/0.094 secs] [Times: user=0.26 sys=0.00, real=0.09 secs] 
2019-02-22T17:26:58.937-0700: 81515.303: [CMS-concurrent-reset-start]
2019-02-22T17:26:58.938-0700: 81515.303: [CMS-concurrent-reset: 0.001/0.001 secs] [Times: user=0.05 sys=0.00, real=0.00 secs] 
{Heap before GC invocations=522 (full 73):
 par new generation   total 109248K, used 109248K [0x00000000e0000000, 0x00000000e8000000, 0x00000000e8000000)
  eden space 87424K, 100% used [0x00000000e0000000, 0x00000000e5560000, 0x00000000e5560000)
  from space 21824K, 100% used [0x00000000e5560000, 0x00000000e6ab0000, 0x00000000e6ab0000)
  to   space 21824K,   0% used [0x00000000e6ab0000, 0x00000000e6ab0000, 0x00000000e8000000)
 concurrent mark-sweep generation total 393216K, used 211323K [0x00000000e8000000, 0x0000000100000000, 0x0000000100000000)
 Metaspace       used 43968K, capacity 45229K, committed 45632K, reserved 1089536K
  class space    used 5313K, capacity 5616K, committed 5732K, reserved 1048576K
2019-02-22T17:26:59.193-0700: 81515.558: [GC (Allocation Failure) 2019-02-22T17:26:59.193-0700: 81515.558: [ParNew
Desired survivor size 20112992 bytes, new threshold 8 (max 8)
- age   1:    6951824 bytes,    6951824 total
- age   2:    1171632 bytes,    8123456 total
- age   3:    4780120 bytes,   12903576 total
- age   4:    2522040 bytes,   15425616 total
- age   5:    1577264 bytes,   17002880 total
- age   6:     498704 bytes,   17501584 total
- age   7:      13856 bytes,   17515440 total
- age   8:    2014160 bytes,   19529600 total
: 109248K->21824K(109248K), 0.0162246 secs] 320571K->234719K(502464K), 0.0163099 secs] [Times: user=0.06 sys=0.00, real=0.02 secs] 
Heap after GC invocations=523 (full 73):
 par new generation   total 109248K, used 21824K [0x00000000e0000000, 0x00000000e8000000, 0x00000000e8000000)
  eden space 87424K,   0% used [0x00000000e0000000, 0x00000000e0000000, 0x00000000e5560000)
  from space 21824K, 100% used [0x00000000e6ab0000, 0x00000000e8000000, 0x00000000e8000000)
  to   space 21824K,   0% used [0x00000000e5560000, 0x00000000e5560000, 0x00000000e6ab0000)
 concurrent mark-sweep generation total 393216K, used 212895K [0x00000000e8000000, 0x0000000100000000, 0x0000000100000000)
 Metaspace       used 43968K, capacity 45229K, committed 45632K, reserved 1089536K
  class space    used 5313K, capacity 5616K, committed 5732K, reserved 1048576K
}
2019-02-22T17:26:59.210-0700: 81515.575: Total time for which application threads were stopped: 0.0166919 seconds, Stopping threads took: 0.0000355 seconds
2019-02-22T17:26:59.210-0700: 81515.575: [GC (CMS Initial Mark) [1 CMS-initial-mark: 212895K(393216K)] 235707K(502464K), 0.0021919 secs] [Times: user=0.00 sys=0.00, real=0.00 secs] 
2019-02-22T17:26:59.211-0700: 81515.577: Total time for which application threads were stopped: 0.0024294 seconds, Stopping threads took: 0.0000648 seconds
2019-02-22T17:26:59.211-0700: 81515.577: [CMS-concurrent-mark-start]
2019-02-22T17:26:59.299-0700: 81515.665: [CMS-concurrent-mark: 0.088/0.088 secs] [Times: user=0.47 sys=0.00, real=0.09 secs] 
2019-02-22T17:26:59.300-0700: 81515.665: [CMS-concurrent-preclean-start]
2019-02-22T17:26:59.312-0700: 81515.677: [CMS-concurrent-preclean: 0.011/0.011 secs] [Times: user=0.00 sys=0.00, real=0.01 secs] 
2019-02-22T17:26:59.312-0700: 81515.677: [CMS-concurrent-abortable-preclean-start]
{Heap before GC invocations=523 (full 74):
 par new generation   total 109248K, used 109248K [0x00000000e0000000, 0x00000000e8000000, 0x00000000e8000000)
  eden space 87424K, 100% used [0x00000000e0000000, 0x00000000e5560000, 0x00000000e5560000)
  from space 21824K, 100% used [0x00000000e6ab0000, 0x00000000e8000000, 0x00000000e8000000)
  to   space 21824K,   0% used [0x00000000e5560000, 0x00000000e5560000, 0x00000000e6ab0000)
 concurrent mark-sweep generation total 393216K, used 212895K [0x00000000e8000000, 0x0000000100000000, 0x0000000100000000)
 Metaspace       used 43968K, capacity 45229K, committed 45632K, reserved 1089536K
  class space    used 5313K, capacity 5616K, committed 5732K, reserved 1048576K
2019-02-22T17:26:59.575-0700: 81515.940: [GC (Allocation Failure) 2019-02-22T17:26:59.575-0700: 81515.940: [ParNew
Desired survivor size 20112992 bytes, new threshold 8 (max 8)
- age   1:    7576248 bytes,    7576248 total
- age   2:    1975088 bytes,    9551336 total
- age   3:    1032264 bytes,   10583600 total
- age   4:    4520912 bytes,   15104512 total
- age   5:    2241696 bytes,   17346208 total
- age   6:    1544336 bytes,   18890544 total
- age   7:     495048 bytes,   19385592 total
- age   8:      13744 bytes,   19399336 total
: 109248K->21824K(109248K), 0.0160241 secs] 322143K->238146K(502464K), 0.0161074 secs] [Times: user=0.05 sys=0.00, real=0.02 secs] 
Heap after GC invocations=524 (full 74):
 par new generation   total 109248K, used 21824K [0x00000000e0000000, 0x00000000e8000000, 0x00000000e8000000)
  eden space 87424K,   0% used [0x00000000e0000000, 0x00000000e0000000, 0x00000000e5560000)
  from space 21824K, 100% used [0x00000000e5560000, 0x00000000e6ab0000, 0x00000000e6ab0000)
  to   space 21824K,   0% used [0x00000000e6ab0000, 0x00000000e6ab0000, 0x00000000e8000000)
 concurrent mark-sweep generation total 393216K, used 216322K [0x00000000e8000000, 0x0000000100000000, 0x0000000100000000)
 Metaspace       used 43968K, capacity 45229K, committed 45632K, reserved 1089536K
  class space    used 5313K, capacity 5616K, committed 5732K, reserved 1048576K
}
2019-02-22T17:26:59.591-0700: 81515.956: Total time for which application threads were stopped: 0.0165217 seconds, Stopping threads took: 0.0000658 seconds
2019-02-22T17:26:59.808-0700: 81516.173: [CMS-concurrent-abortable-preclean: 0.471/0.496 secs] [Times: user=1.22 sys=0.03, real=0.50 secs] 
2019-02-22T17:26:59.808-0700: 81516.174: [GC (CMS Final Remark) [YG occupancy: 75671 K (109248 K)]{Heap before GC invocations=524 (full 74):
 par new generation   total 109248K, used 75671K [0x00000000e0000000, 0x00000000e8000000, 0x00000000e8000000)
  eden space 87424K,  61% used [0x00000000e0000000, 0x00000000e3495fc8, 0x00000000e5560000)
  from space 21824K, 100% used [0x00000000e5560000, 0x00000000e6ab0000, 0x00000000e6ab0000)
  to   space 21824K,   0% used [0x00000000e6ab0000, 0x00000000e6ab0000, 0x00000000e8000000)
 concurrent mark-sweep generation total 393216K, used 216322K [0x00000000e8000000, 0x0000000100000000, 0x0000000100000000)
 Metaspace       used 43968K, capacity 45229K, committed 45632K, reserved 1089536K
  class space    used 5313K, capacity 5616K, committed 5732K, reserved 1048576K
2019-02-22T17:26:59.808-0700: 81516.174: [GC (CMS Final Remark) 2019-02-22T17:26:59.808-0700: 81516.174: [ParNew
Desired survivor size 20112992 bytes, new threshold 7 (max 8)
- age   1:    5049312 bytes,    5049312 total
- age   2:    4765936 bytes,    9815248 total
- age   3:    1630968 bytes,   11446216 total
- age   4:    1021888 bytes,   12468104 total
- age   5:    4031624 bytes,   16499728 total
- age   6:    2157712 bytes,   18657440 total
- age   7:    1541400 bytes,   20198840 total
- age   8:     490288 bytes,   20689128 total
: 75671K->21824K(109248K), 0.0138332 secs] 291994K->238708K(502464K), 0.0139247 secs] [Times: user=0.06 sys=0.00, real=0.01 secs] 
Heap after GC invocations=525 (full 74):
 par new generation   total 109248K, used 21824K [0x00000000e0000000, 0x00000000e8000000, 0x00000000e8000000)
  eden space 87424K,   0% used [0x00000000e0000000, 0x00000000e0000000, 0x00000000e5560000)
  from space 21824K, 100% used [0x00000000e6ab0000, 0x00000000e8000000, 0x00000000e8000000)
  to   space 21824K,   0% used [0x00000000e5560000, 0x00000000e5560000, 0x00000000e6ab0000)
 concurrent mark-sweep generation total 393216K, used 216884K [0x00000000e8000000, 0x0000000100000000, 0x0000000100000000)
 Metaspace       used 43968K, capacity 45229K, committed 45632K, reserved 1089536K
  class space    used 5313K, capacity 5616K, committed 5732K, reserved 1048576K
}
2019-02-22T17:26:59.822-0700: 81516.188: [Rescan (parallel) , 0.0053220 secs]2019-02-22T17:26:59.828-0700: 81516.193: [weak refs processing, 0.0005670 secs]2019-02-22T17:26:59.828-0700: 81516.194: [class unloading, 0.0128524 secs]2019-02-22T17:26:59.841-0700: 81516.206: [scrub symbol table, 0.0113776 secs]2019-02-22T17:26:59.853-0700: 81516.218: [scrub string table, 0.0005290 secs][1 CMS-remark: 216884K(393216K)] 238708K(502464K), 0.0449289 secs] [Times: user=0.09 sys=0.00, real=0.04 secs] 
2019-02-22T17:26:59.853-0700: 81516.218: Total time for which application threads were stopped: 0.0451433 seconds, Stopping threads took: 0.0000658 seconds
2019-02-22T17:26:59.853-0700: 81516.219: [CMS-concurrent-sweep-start]
2019-02-22T17:26:59.940-0700: 81516.305: [CMS-concurrent-sweep: 0.087/0.087 secs] [Times: user=0.26 sys=0.00, real=0.09 secs] 
2019-02-22T17:26:59.940-0700: 81516.306: [CMS-concurrent-reset-start]
2019-02-22T17:26:59.941-0700: 81516.306: [CMS-concurrent-reset: 0.001/0.001 secs] [Times: user=0.00 sys=0.00, real=0.00 secs] 
{Heap before GC invocations=525 (full 74):
 par new generation   total 109248K, used 109248K [0x00000000e0000000, 0x00000000e8000000, 0x00000000e8000000)
  eden space 87424K, 100% used [0x00000000e0000000, 0x00000000e5560000, 0x00000000e5560000)
  from space 21824K, 100% used [0x00000000e6ab0000, 0x00000000e8000000, 0x00000000e8000000)
  to   space 21824K,   0% used [0x00000000e5560000, 0x00000000e5560000, 0x00000000e6ab0000)
 concurrent mark-sweep generation total 393216K, used 216074K [0x00000000e8000000, 0x0000000100000000, 0x0000000100000000)
 Metaspace       used 43968K, capacity 45229K, committed 45632K, reserved 1089536K
  class space    used 5313K, capacity 5616K, committed 5732K, reserved 1048576K
2019-02-22T17:27:00.185-0700: 81516.550: [GC (Allocation Failure) 2019-02-22T17:27:00.185-0700: 81516.550: [ParNew
Desired survivor size 20112992 bytes, new threshold 7 (max 8)
- age   1:    8583944 bytes,    8583944 total
- age   2:    2308272 bytes,   10892216 total
- age   3:    1773912 bytes,   12666128 total
- age   4:    1543056 bytes,   14209184 total
- age   5:     932496 bytes,   15141680 total
- age   6:    3670520 bytes,   18812200 total
- age   7:    2084880 bytes,   20897080 total
: 109248K->21824K(109248K), 0.0164482 secs] 325322K->240776K(502464K), 0.0165341 secs] [Times: user=0.06 sys=0.00, real=0.02 secs] 
Heap after GC invocations=526 (full 74):
 par new generation   total 109248K, used 21824K [0x00000000e0000000, 0x00000000e8000000, 0x00000000e8000000)
  eden space 87424K,   0% used [0x00000000e0000000, 0x00000000e0000000, 0x00000000e5560000)
  from space 21824K, 100% used [0x00000000e5560000, 0x00000000e6ab0000, 0x00000000e6ab0000)
  to   space 21824K,   0% used [0x00000000e6ab0000, 0x00000000e6ab0000, 0x00000000e8000000)
 concurrent mark-sweep generation total 393216K, used 218952K [0x00000000e8000000, 0x0000000100000000, 0x0000000100000000)
 Metaspace       used 43968K, capacity 45229K, committed 45632K, reserved 1089536K
  class space    used 5313K, capacity 5616K, committed 5732K, reserved 1048576K
}
2019-02-22T17:27:00.201-0700: 81516.567: Total time for which application threads were stopped: 0.0168502 seconds, Stopping threads took: 0.0000293 seconds
2019-02-22T17:27:00.202-0700: 81516.567: [GC (CMS Initial Mark) [1 CMS-initial-mark: 218952K(393216K)] 241591K(502464K), 0.0016234 secs] [Times: user=0.06 sys=0.00, real=0.00 secs] 
2019-02-22T17:27:00.204-0700: 81516.569: Total time for which application threads were stopped: 0.0019452 seconds, Stopping threads took: 0.0000771 seconds
2019-02-22T17:27:00.204-0700: 81516.569: [CMS-concurrent-mark-start]
2019-02-22T17:27:00.290-0700: 81516.655: [CMS-concurrent-mark: 0.086/0.086 secs] [Times: user=0.39 sys=0.00, real=0.09 secs] 
2019-02-22T17:27:00.290-0700: 81516.655: [CMS-concurrent-preclean-start]
2019-02-22T17:27:00.305-0700: 81516.670: [CMS-concurrent-preclean: 0.014/0.015 secs] [Times: user=0.05 sys=0.00, real=0.02 secs] 
2019-02-22T17:27:00.305-0700: 81516.670: [CMS-concurrent-abortable-preclean-start]
{Heap before GC invocations=526 (full 75):
 par new generation   total 109248K, used 109248K [0x00000000e0000000, 0x00000000e8000000, 0x00000000e8000000)
  eden space 87424K, 100% used [0x00000000e0000000, 0x00000000e5560000, 0x00000000e5560000)
  from space 21824K, 100% used [0x00000000e5560000, 0x00000000e6ab0000, 0x00000000e6ab0000)
  to   space 21824K,   0% used [0x00000000e6ab0000, 0x00000000e6ab0000, 0x00000000e8000000)
 concurrent mark-sweep generation total 393216K, used 218952K [0x00000000e8000000, 0x0000000100000000, 0x0000000100000000)
 Metaspace       used 43968K, capacity 45229K, committed 45632K, reserved 1089536K
  class space    used 5313K, capacity 5616K, committed 5732K, reserved 1048576K
2019-02-22T17:27:00.570-0700: 81516.936: [GC (Allocation Failure) 2019-02-22T17:27:00.570-0700: 81516.936: [ParNew
Desired survivor size 20112992 bytes, new threshold 7 (max 8)
- age   1:    8133672 bytes,    8133672 total
- age   2:    4011808 bytes,   12145480 total
- age   3:    1949424 bytes,   14094904 total
- age   4:    1754048 bytes,   15848952 total
- age   5:    1502904 bytes,   17351856 total
- age   6:     663088 bytes,   18014944 total
- age   7:    3558720 bytes,   21573664 total
: 109248K->21824K(109248K), 0.0147832 secs] 328200K->243568K(502464K), 0.0148752 secs] [Times: user=0.06 sys=0.00, real=0.02 secs] 
Heap after GC invocations=527 (full 75):
 par new generation   total 109248K, used 21824K [0x00000000e0000000, 0x00000000e8000000, 0x00000000e8000000)
  eden space 87424K,   0% used [0x00000000e0000000, 0x00000000e0000000, 0x00000000e5560000)
  from space 21824K, 100% used [0x00000000e6ab0000, 0x00000000e8000000, 0x00000000e8000000)
  to   space 21824K,   0% used [0x00000000e5560000, 0x00000000e5560000, 0x00000000e6ab0000)
 concurrent mark-sweep generation total 393216K, used 221744K [0x00000000e8000000, 0x0000000100000000, 0x0000000100000000)
 Metaspace       used 43968K, capacity 45229K, committed 45632K, reserved 1089536K
  class space    used 5313K, capacity 5616K, committed 5732K, reserved 1048576K
}
2019-02-22T17:27:00.585-0700: 81516.951: Total time for which application threads were stopped: 0.0152258 seconds, Stopping threads took: 0.0000632 seconds
2019-02-22T17:27:00.787-0700: 81517.153: [CMS-concurrent-abortable-preclean: 0.457/0.483 secs] [Times: user=1.17 sys=0.03, real=0.48 secs] 
2019-02-22T17:27:00.788-0700: 81517.153: [GC (CMS Final Remark) [YG occupancy: 72944 K (109248 K)]{Heap before GC invocations=527 (full 75):
 par new generation   total 109248K, used 72944K [0x00000000e0000000, 0x00000000e8000000, 0x00000000e8000000)
  eden space 87424K,  58% used [0x00000000e0000000, 0x00000000e31ec268, 0x00000000e5560000)
  from space 21824K, 100% used [0x00000000e6ab0000, 0x00000000e8000000, 0x00000000e8000000)
  to   space 21824K,   0% used [0x00000000e5560000, 0x00000000e5560000, 0x00000000e6ab0000)
 concurrent mark-sweep generation total 393216K, used 221744K [0x00000000e8000000, 0x0000000100000000, 0x0000000100000000)
 Metaspace       used 43968K, capacity 45229K, committed 45632K, reserved 1089536K
  class space    used 5313K, capacity 5616K, committed 5732K, reserved 1048576K
2019-02-22T17:27:00.788-0700: 81517.153: [GC (CMS Final Remark) 2019-02-22T17:27:00.788-0700: 81517.153: [ParNew
Desired survivor size 20112992 bytes, new threshold 8 (max 8)
- age   1:    6139960 bytes,    6139960 total
- age   2:    5727896 bytes,   11867856 total
- age   3:    2259648 bytes,   14127504 total
- age   4:    1928040 bytes,   16055544 total
- age   5:    1754000 bytes,   17809544 total
- age   6:    1440984 bytes,   19250528 total
- age   7:     663088 bytes,   19913616 total
: 72944K->21824K(109248K), 0.0162364 secs] 294689K->246857K(502464K), 0.0163027 secs] [Times: user=0.06 sys=0.00, real=0.02 secs] 
Heap after GC invocations=528 (full 75):
 par new generation   total 109248K, used 21824K [0x00000000e0000000, 0x00000000e8000000, 0x00000000e8000000)
  eden space 87424K,   0% used [0x00000000e0000000, 0x00000000e0000000, 0x00000000e5560000)
  from space 21824K, 100% used [0x00000000e5560000, 0x00000000e6ab0000, 0x00000000e6ab0000)
  to   space 21824K,   0% used [0x00000000e6ab0000, 0x00000000e6ab0000, 0x00000000e8000000)
 concurrent mark-sweep generation total 393216K, used 225033K [0x00000000e8000000, 0x0000000100000000, 0x0000000100000000)
 Metaspace       used 43968K, capacity 45229K, committed 45632K, reserved 1089536K
  class space    used 5313K, capacity 5616K, committed 5732K, reserved 1048576K
}
2019-02-22T17:27:00.804-0700: 81517.169: [Rescan (parallel) , 0.0067979 secs]2019-02-22T17:27:00.811-0700: 81517.176: [weak refs processing, 0.0005233 secs]2019-02-22T17:27:00.812-0700: 81517.177: [class unloading, 0.0133670 secs]2019-02-22T17:27:00.825-0700: 81517.190: [scrub symbol table, 0.0145113 secs]2019-02-22T17:27:00.839-0700: 81517.205: [scrub string table, 0.0005716 secs][1 CMS-remark: 225033K(393216K)] 246857K(502464K), 0.0526819 secs] [Times: user=0.09 sys=0.00, real=0.05 secs] 
2019-02-22T17:27:00.840-0700: 81517.206: Total time for which application threads were stopped: 0.0529590 seconds, Stopping threads took: 0.0001095 seconds
2019-02-22T17:27:00.840-0700: 81517.206: [CMS-concurrent-sweep-start]
2019-02-22T17:27:00.937-0700: 81517.303: [CMS-concurrent-sweep: 0.097/0.097 secs] [Times: user=0.25 sys=0.02, real=0.10 secs] 
2019-02-22T17:27:00.937-0700: 81517.303: [CMS-concurrent-reset-start]
2019-02-22T17:27:00.938-0700: 81517.304: [CMS-concurrent-reset: 0.001/0.001 secs] [Times: user=0.05 sys=0.00, real=0.00 secs] 
{Heap before GC invocations=528 (full 75):
 par new generation   total 109248K, used 109248K [0x00000000e0000000, 0x00000000e8000000, 0x00000000e8000000)
  eden space 87424K, 100% used [0x00000000e0000000, 0x00000000e5560000, 0x00000000e5560000)
  from space 21824K, 100% used [0x00000000e5560000, 0x00000000e6ab0000, 0x00000000e6ab0000)
  to   space 21824K,   0% used [0x00000000e6ab0000, 0x00000000e6ab0000, 0x00000000e8000000)
 concurrent mark-sweep generation total 393216K, used 207933K [0x00000000e8000000, 0x0000000100000000, 0x0000000100000000)
 Metaspace       used 43968K, capacity 45229K, committed 45632K, reserved 1089536K
  class space    used 5313K, capacity 5616K, committed 5732K, reserved 1048576K
2019-02-22T17:27:01.186-0700: 81517.551: [GC (Allocation Failure) 2019-02-22T17:27:01.186-0700: 81517.551: [ParNew
Desired survivor size 20112992 bytes, new threshold 7 (max 8)
- age   1:    9368440 bytes,    9368440 total
- age   2:    2649376 bytes,   12017816 total
- age   3:    2366488 bytes,   14384304 total
- age   4:    1851008 bytes,   16235312 total
- age   5:    1702216 bytes,   17937528 total
- age   6:    1399816 bytes,   19337344 total
- age   7:    1177512 bytes,   20514856 total
- age   8:     595168 bytes,   21110024 total
: 109248K->21824K(109248K), 0.0156782 secs] 317181K->231799K(502464K), 0.0158098 secs] [Times: user=0.06 sys=0.00, real=0.02 secs] 
Heap after GC invocations=529 (full 75):
 par new generation   total 109248K, used 21824K [0x00000000e0000000, 0x00000000e8000000, 0x00000000e8000000)
  eden space 87424K,   0% used [0x00000000e0000000, 0x00000000e0000000, 0x00000000e5560000)
  from space 21824K, 100% used [0x00000000e6ab0000, 0x00000000e8000000, 0x00000000e8000000)
  to   space 21824K,   0% used [0x00000000e5560000, 0x00000000e5560000, 0x00000000e6ab0000)
 concurrent mark-sweep generation total 393216K, used 209975K [0x00000000e8000000, 0x0000000100000000, 0x0000000100000000)
 Metaspace       used 43968K, capacity 45229K, committed 45632K, reserved 1089536K
  class space    used 5313K, capacity 5616K, committed 5732K, reserved 1048576K
}
2019-02-22T17:27:01.202-0700: 81517.567: Total time for which application threads were stopped: 0.0163027 seconds, Stopping threads took: 0.0001044 seconds
2019-02-22T17:27:01.202-0700: 81517.567: [GC (CMS Initial Mark) [1 CMS-initial-mark: 209975K(393216K)] 233530K(502464K), 0.0016439 secs] [Times: user=0.06 sys=0.00, real=0.00 secs] 
2019-02-22T17:27:01.204-0700: 81517.569: Total time for which application threads were stopped: 0.0020367 seconds, Stopping threads took: 0.0001948 seconds
2019-02-22T17:27:01.204-0700: 81517.569: [CMS-concurrent-mark-start]
2019-02-22T17:27:01.290-0700: 81517.655: [CMS-concurrent-mark: 0.086/0.086 secs] [Times: user=0.42 sys=0.00, real=0.09 secs] 
2019-02-22T17:27:01.290-0700: 81517.655: [CMS-concurrent-preclean-start]
2019-02-22T17:27:01.302-0700: 81517.667: [CMS-concurrent-preclean: 0.012/0.012 secs] [Times: user=0.02 sys=0.00, real=0.01 secs] 
2019-02-22T17:27:01.302-0700: 81517.668: [CMS-concurrent-abortable-preclean-start]
{Heap before GC invocations=529 (full 76):
 par new generation   total 109248K, used 109248K [0x00000000e0000000, 0x00000000e8000000, 0x00000000e8000000)
  eden space 87424K, 100% used [0x00000000e0000000, 0x00000000e5560000, 0x00000000e5560000)
  from space 21824K, 100% used [0x00000000e6ab0000, 0x00000000e8000000, 0x00000000e8000000)
  to   space 21824K,   0% used [0x00000000e5560000, 0x00000000e5560000, 0x00000000e6ab0000)
 concurrent mark-sweep generation total 393216K, used 209975K [0x00000000e8000000, 0x0000000100000000, 0x0000000100000000)
 Metaspace       used 43968K, capacity 45229K, committed 45632K, reserved 1089536K
  class space    used 5313K, capacity 5616K, committed 5732K, reserved 1048576K
2019-02-22T17:27:01.594-0700: 81517.959: [GC (Allocation Failure) 2019-02-22T17:27:01.595-0700: 81517.960: [ParNew
Desired survivor size 20112992 bytes, new threshold 7 (max 8)
- age   1:    7867192 bytes,    7867192 total
- age   2:    4921560 bytes,   12788752 total
- age   3:    1432152 bytes,   14220904 total
- age   4:    2284912 bytes,   16505816 total
- age   5:    1883760 bytes,   18389576 total
- age   6:    1701824 bytes,   20091400 total
- age   7:    1395432 bytes,   21486832 total
: 109248K->21824K(109248K), 0.0147991 secs] 319223K->234096K(502464K), 0.0148927 secs] [Times: user=0.00 sys=0.00, real=0.01 secs] 
Heap after GC invocations=530 (full 76):
 par new generation   total 109248K, used 21824K [0x00000000e0000000, 0x00000000e8000000, 0x00000000e8000000)
  eden space 87424K,   0% used [0x00000000e0000000, 0x00000000e0000000, 0x00000000e5560000)
  from space 21824K, 100% used [0x00000000e5560000, 0x00000000e6ab0000, 0x00000000e6ab0000)
  to   space 21824K,   0% used [0x00000000e6ab0000, 0x00000000e6ab0000, 0x00000000e8000000)
 concurrent mark-sweep generation total 393216K, used 212272K [0x00000000e8000000, 0x0000000100000000, 0x0000000100000000)
 Metaspace       used 43968K, capacity 45229K, committed 45632K, reserved 1089536K
  class space    used 5313K, capacity 5616K, committed 5732K, reserved 1048576K
}
2019-02-22T17:27:01.609-0700: 81517.974: Total time for which application threads were stopped: 0.0152459 seconds, Stopping threads took: 0.0000540 seconds
2019-02-22T17:27:01.657-0700: 81518.022: Total time for which application threads were stopped: 0.0002308 seconds, Stopping threads took: 0.0000514 seconds
2019-02-22T17:27:01.670-0700: 81518.036: Total time for which application threads were stopped: 0.0003511 seconds, Stopping threads took: 0.0001033 seconds
{Heap before GC invocations=530 (full 76):
 par new generation   total 109248K, used 109248K [0x00000000e0000000, 0x00000000e8000000, 0x00000000e8000000)
  eden space 87424K, 100% used [0x00000000e0000000, 0x00000000e5560000, 0x00000000e5560000)
  from space 21824K, 100% used [0x00000000e5560000, 0x00000000e6ab0000, 0x00000000e6ab0000)
  to   space 21824K,   0% used [0x00000000e6ab0000, 0x00000000e6ab0000, 0x00000000e8000000)
 concurrent mark-sweep generation total 393216K, used 212272K [0x00000000e8000000, 0x0000000100000000, 0x0000000100000000)
 Metaspace       used 43968K, capacity 45229K, committed 45632K, reserved 1089536K
  class space    used 5313K, capacity 5616K, committed 5732K, reserved 1048576K
2019-02-22T17:27:01.680-0700: 81518.045: [GC (Allocation Failure) 2019-02-22T17:27:01.680-0700: 81518.045: [ParNew
Desired survivor size 20112992 bytes, new threshold 5 (max 8)
- age   1:    9673832 bytes,    9673832 total
- age   2:    5086584 bytes,   14760416 total
- age   3:    3011224 bytes,   17771640 total
- age   4:    1060056 bytes,   18831696 total
- age   5:    1511160 bytes,   20342856 total
- age   6:     871720 bytes,   21214576 total
- age   7:    1109984 bytes,   22324560 total
: 109248K->21824K(109248K), 0.0401472 secs] 321520K->272660K(502464K), 0.0402433 secs] [Times: user=0.13 sys=0.00, real=0.04 secs] 
Heap after GC invocations=531 (full 76):
 par new generation   total 109248K, used 21824K [0x00000000e0000000, 0x00000000e8000000, 0x00000000e8000000)
  eden space 87424K,   0% used [0x00000000e0000000, 0x00000000e0000000, 0x00000000e5560000)
  from space 21824K, 100% used [0x00000000e6ab0000, 0x00000000e8000000, 0x00000000e8000000)
  to   space 21824K,   0% used [0x00000000e5560000, 0x00000000e5560000, 0x00000000e6ab0000)
 concurrent mark-sweep generation total 393216K, used 250836K [0x00000000e8000000, 0x0000000100000000, 0x0000000100000000)
 Metaspace       used 43968K, capacity 45229K, committed 45632K, reserved 1089536K
  class space    used 5313K, capacity 5616K, committed 5732K, reserved 1048576K
}
2019-02-22T17:27:01.720-0700: 81518.085: Total time for which application threads were stopped: 0.0405934 seconds, Stopping threads took: 0.0000504 seconds
2019-02-22T17:27:01.721-0700: 81518.086: [CMS-concurrent-abortable-preclean: 0.354/0.419 secs] [Times: user=1.19 sys=0.03, real=0.42 secs] 
2019-02-22T17:27:01.722-0700: 81518.087: [GC (CMS Final Remark) [YG occupancy: 33940 K (109248 K)]{Heap before GC invocations=531 (full 76):
 par new generation   total 109248K, used 33940K [0x00000000e0000000, 0x00000000e8000000, 0x00000000e8000000)
  eden space 87424K,  13% used [0x00000000e0000000, 0x00000000e0bd5100, 0x00000000e5560000)
  from space 21824K, 100% used [0x00000000e6ab0000, 0x00000000e8000000, 0x00000000e8000000)
  to   space 21824K,   0% used [0x00000000e5560000, 0x00000000e5560000, 0x00000000e6ab0000)
 concurrent mark-sweep generation total 393216K, used 250836K [0x00000000e8000000, 0x0000000100000000, 0x0000000100000000)
 Metaspace       used 43968K, capacity 45229K, committed 45632K, reserved 1089536K
  class space    used 5313K, capacity 5616K, committed 5732K, reserved 1048576K
2019-02-22T17:27:01.722-0700: 81518.087: [GC (CMS Final Remark) 2019-02-22T17:27:01.722-0700: 81518.087: [ParNew
Desired survivor size 20112992 bytes, new threshold 8 (max 8)
- age   1:    1086136 bytes,    1086136 total
- age   2:    8633368 bytes,    9719504 total
- age   3:    5086584 bytes,   14806088 total
- age   4:    3011224 bytes,   17817312 total
- age   5:    1060056 bytes,   18877368 total
: 33940K->21824K(109248K), 0.0163392 secs] 284776K->277072K(502464K), 0.0164030 secs] [Times: user=0.06 sys=0.00, real=0.02 secs] 
Heap after GC invocations=532 (full 76):
 par new generation   total 109248K, used 21824K [0x00000000e0000000, 0x00000000e8000000, 0x00000000e8000000)
  eden space 87424K,   0% used [0x00000000e0000000, 0x00000000e0000000, 0x00000000e5560000)
  from space 21824K, 100% used [0x00000000e5560000, 0x00000000e6ab0000, 0x00000000e6ab0000)
  to   space 21824K,   0% used [0x00000000e6ab0000, 0x00000000e6ab0000, 0x00000000e8000000)
 concurrent mark-sweep generation total 393216K, used 255248K [0x00000000e8000000, 0x0000000100000000, 0x0000000100000000)
 Metaspace       used 43968K, capacity 45229K, committed 45632K, reserved 1089536K
  class space    used 5313K, capacity 5616K, committed 5732K, reserved 1048576K
}
2019-02-22T17:27:01.738-0700: 81518.103: [Rescan (parallel) , 0.0152659 secs]2019-02-22T17:27:01.753-0700: 81518.119: [weak refs processing, 0.0005146 secs]2019-02-22T17:27:01.754-0700: 81518.119: [class unloading, 0.0161819 secs]2019-02-22T17:27:01.770-0700: 81518.135: [scrub symbol table, 0.0137325 secs]2019-02-22T17:27:01.784-0700: 81518.149: [scrub string table, 0.0006451 secs][1 CMS-remark: 255248K(393216K)] 277072K(502464K), 0.0632180 secs] [Times: user=0.16 sys=0.00, real=0.06 secs] 
2019-02-22T17:27:01.785-0700: 81518.150: Total time for which application threads were stopped: 0.0635588 seconds, Stopping threads took: 0.0000992 seconds
2019-02-22T17:27:01.785-0700: 81518.150: [CMS-concurrent-sweep-start]
{Heap before GC invocations=532 (full 76):
 par new generation   total 109248K, used 108836K [0x00000000e0000000, 0x00000000e8000000, 0x00000000e8000000)
  eden space 87424K,  99% used [0x00000000e0000000, 0x00000000e54f90f8, 0x00000000e5560000)
  from space 21824K, 100% used [0x00000000e5560000, 0x00000000e6ab0000, 0x00000000e6ab0000)
  to   space 21824K,   0% used [0x00000000e6ab0000, 0x00000000e6ab0000, 0x00000000e8000000)
 concurrent mark-sweep generation total 393216K, used 255242K [0x00000000e8000000, 0x0000000100000000, 0x0000000100000000)
 Metaspace       used 43968K, capacity 45229K, committed 45632K, reserved 1089536K
  class space    used 5313K, capacity 5616K, committed 5732K, reserved 1048576K
2019-02-22T17:27:01.793-0700: 81518.159: [GC (Allocation Failure) 2019-02-22T17:27:01.793-0700: 81518.159: [ParNew
Desired survivor size 20112992 bytes, new threshold 8 (max 8)
- age   1:      97336 bytes,      97336 total
- age   2:       2904 bytes,     100240 total
- age   3:    8433088 bytes,    8533328 total
- age   4:    5086584 bytes,   13619912 total
- age   5:    3011224 bytes,   16631136 total
- age   6:    1060056 bytes,   17691192 total
: 108836K->21824K(109248K), 0.0151908 secs] 364078K->277229K(502464K), 0.0153003 secs] [Times: user=0.06 sys=0.00, real=0.02 secs] 
Heap after GC invocations=533 (full 76):
 par new generation   total 109248K, used 21824K [0x00000000e0000000, 0x00000000e8000000, 0x00000000e8000000)
  eden space 87424K,   0% used [0x00000000e0000000, 0x00000000e0000000, 0x00000000e5560000)
  from space 21824K, 100% used [0x00000000e6ab0000, 0x00000000e8000000, 0x00000000e8000000)
  to   space 21824K,   0% used [0x00000000e5560000, 0x00000000e5560000, 0x00000000e6ab0000)
 concurrent mark-sweep generation total 393216K, used 255405K [0x00000000e8000000, 0x0000000100000000, 0x0000000100000000)
 Metaspace       used 43968K, capacity 45229K, committed 45632K, reserved 1089536K
  class space    used 5313K, capacity 5616K, committed 5732K, reserved 1048576K
}
2019-02-22T17:27:01.808-0700: 81518.174: Total time for which application threads were stopped: 0.0158468 seconds, Stopping threads took: 0.0000565 seconds
{Heap before GC invocations=533 (full 76):
 par new generation   total 109248K, used 109248K [0x00000000e0000000, 0x00000000e8000000, 0x00000000e8000000)
  eden space 87424K, 100% used [0x00000000e0000000, 0x00000000e5560000, 0x00000000e5560000)
  from space 21824K, 100% used [0x00000000e6ab0000, 0x00000000e8000000, 0x00000000e8000000)
  to   space 21824K,   0% used [0x00000000e5560000, 0x00000000e5560000, 0x00000000e6ab0000)
 concurrent mark-sweep generation total 393216K, used 255374K [0x00000000e8000000, 0x0000000100000000, 0x0000000100000000)
 Metaspace       used 43968K, capacity 45229K, committed 45632K, reserved 1089536K
  class space    used 5313K, capacity 5616K, committed 5732K, reserved 1048576K
2019-02-22T17:27:01.819-0700: 81518.184: [GC (Allocation Failure) 2019-02-22T17:27:01.819-0700: 81518.184: [ParNew
Desired survivor size 20112992 bytes, new threshold 8 (max 8)
- age   1:      70856 bytes,      70856 total
- age   2:      37888 bytes,     108744 total
- age   3:       2904 bytes,     111648 total
- age   4:    8014952 bytes,    8126600 total
- age   5:    5086584 bytes,   13213184 total
- age   6:    3011224 bytes,   16224408 total
- age   7:    1060056 bytes,   17284464 total
: 109248K->21824K(109248K), 0.0145200 secs] 364622K->277607K(502464K), 0.0147076 secs] [Times: user=0.06 sys=0.00, real=0.01 secs] 
Heap after GC invocations=534 (full 76):
 par new generation   total 109248K, used 21824K [0x00000000e0000000, 0x00000000e8000000, 0x00000000e8000000)
  eden space 87424K,   0% used [0x00000000e0000000, 0x00000000e0000000, 0x00000000e5560000)
  from space 21824K, 100% used [0x00000000e5560000, 0x00000000e6ab0000, 0x00000000e6ab0000)
  to   space 21824K,   0% used [0x00000000e6ab0000, 0x00000000e6ab0000, 0x00000000e8000000)
 concurrent mark-sweep generation total 393216K, used 255783K [0x00000000e8000000, 0x0000000100000000, 0x0000000100000000)
 Metaspace       used 43968K, capacity 45229K, committed 45632K, reserved 1089536K
  class space    used 5313K, capacity 5616K, committed 5732K, reserved 1048576K
}
2019-02-22T17:27:01.833-0700: 81518.199: Total time for which application threads were stopped: 0.0153147 seconds, Stopping threads took: 0.0001337 seconds
{Heap before GC invocations=534 (full 76):
 par new generation   total 109248K, used 109248K [0x00000000e0000000, 0x00000000e8000000, 0x00000000e8000000)
  eden space 87424K, 100% used [0x00000000e0000000, 0x00000000e5560000, 0x00000000e5560000)
  from space 21824K, 100% used [0x00000000e5560000, 0x00000000e6ab0000, 0x00000000e6ab0000)
  to   space 21824K,   0% used [0x00000000e6ab0000, 0x00000000e6ab0000, 0x00000000e8000000)
 concurrent mark-sweep generation total 393216K, used 255765K [0x00000000e8000000, 0x0000000100000000, 0x0000000100000000)
 Metaspace       used 43968K, capacity 45229K, committed 45632K, reserved 1089536K
  class space    used 5313K, capacity 5616K, committed 5732K, reserved 1048576K
2019-02-22T17:27:01.846-0700: 81518.211: [GC (Allocation Failure) 2019-02-22T17:27:01.846-0700: 81518.211: [ParNew
Desired survivor size 20112992 bytes, new threshold 8 (max 8)
- age   1:      72736 bytes,      72736 total
- age   2:      19680 bytes,      92416 total
- age   3:      37760 bytes,     130176 total
- age   4:       2904 bytes,     133080 total
- age   5:    8010744 bytes,    8143824 total
- age   6:    5086584 bytes,   13230408 total
- age   7:    3011224 bytes,   16241632 total
- age   8:    1060056 bytes,   17301688 total
: 109248K->21537K(109248K), 0.0132189 secs] 365013K->277302K(502464K), 0.0132894 secs] [Times: user=0.00 sys=0.00, real=0.01 secs] 
Heap after GC invocations=535 (full 76):
 par new generation   total 109248K, used 21537K [0x00000000e0000000, 0x00000000e8000000, 0x00000000e8000000)
  eden space 87424K,   0% used [0x00000000e0000000, 0x00000000e0000000, 0x00000000e5560000)
  from space 21824K,  98% used [0x00000000e6ab0000, 0x00000000e7fb8440, 0x00000000e8000000)
  to   space 21824K,   0% used [0x00000000e5560000, 0x00000000e5560000, 0x00000000e6ab0000)
 concurrent mark-sweep generation total 393216K, used 255765K [0x00000000e8000000, 0x0000000100000000, 0x0000000100000000)
 Metaspace       used 43968K, capacity 45229K, committed 45632K, reserved 1089536K
  class space    used 5313K, capacity 5616K, committed 5732K, reserved 1048576K
}
2019-02-22T17:27:01.860-0700: 81518.225: Total time for which application threads were stopped: 0.0137212 seconds, Stopping threads took: 0.0000694 seconds
{Heap before GC invocations=535 (full 76):
 par new generation   total 109248K, used 108961K [0x00000000e0000000, 0x00000000e8000000, 0x00000000e8000000)
  eden space 87424K, 100% used [0x00000000e0000000, 0x00000000e5560000, 0x00000000e5560000)
  from space 21824K,  98% used [0x00000000e6ab0000, 0x00000000e7fb8440, 0x00000000e8000000)
  to   space 21824K,   0% used [0x00000000e5560000, 0x00000000e5560000, 0x00000000e6ab0000)
 concurrent mark-sweep generation total 393216K, used 255631K [0x00000000e8000000, 0x0000000100000000, 0x0000000100000000)
 Metaspace       used 43968K, capacity 45229K, committed 45632K, reserved 1089536K
  class space    used 5313K, capacity 5616K, committed 5732K, reserved 1048576K
2019-02-22T17:27:01.889-0700: 81518.254: [GC (Allocation Failure) 2019-02-22T17:27:01.889-0700: 81518.254: [ParNew
Desired survivor size 20112992 bytes, new threshold 8 (max 8)
- age   1:     706408 bytes,     706408 total
- age   2:      20272 bytes,     726680 total
- age   3:      19680 bytes,     746360 total
- age   4:      20136 bytes,     766496 total
- age   5:       2336 bytes,     768832 total
- age   6:    8010808 bytes,    8779640 total
- age   7:    5086584 bytes,   13866224 total
- age   8:    3011224 bytes,   16877448 total
: 108961K->21824K(109248K), 0.0141535 secs] 364592K->278491K(502464K), 0.0142357 secs] [Times: user=0.06 sys=0.00, real=0.01 secs] 
Heap after GC invocations=536 (full 76):
 par new generation   total 109248K, used 21824K [0x00000000e0000000, 0x00000000e8000000, 0x00000000e8000000)
  eden space 87424K,   0% used [0x00000000e0000000, 0x00000000e0000000, 0x00000000e5560000)
  from space 21824K, 100% used [0x00000000e5560000, 0x00000000e6ab0000, 0x00000000e6ab0000)
  to   space 21824K,   0% used [0x00000000e6ab0000, 0x00000000e6ab0000, 0x00000000e8000000)
 concurrent mark-sweep generation total 393216K, used 256667K [0x00000000e8000000, 0x0000000100000000, 0x0000000100000000)
 Metaspace       used 43968K, capacity 45229K, committed 45632K, reserved 1089536K
  class space    used 5313K, capacity 5616K, committed 5732K, reserved 1048576K
}
2019-02-22T17:27:01.903-0700: 81518.269: Total time for which application threads were stopped: 0.0146547 seconds, Stopping threads took: 0.0000612 seconds
{Heap before GC invocations=536 (full 76):
 par new generation   total 109248K, used 109248K [0x00000000e0000000, 0x00000000e8000000, 0x00000000e8000000)
  eden space 87424K, 100% used [0x00000000e0000000, 0x00000000e5560000, 0x00000000e5560000)
  from space 21824K, 100% used [0x00000000e5560000, 0x00000000e6ab0000, 0x00000000e6ab0000)
  to   space 21824K,   0% used [0x00000000e6ab0000, 0x00000000e6ab0000, 0x00000000e8000000)
 concurrent mark-sweep generation total 393216K, used 256391K [0x00000000e8000000, 0x0000000100000000, 0x0000000100000000)
 Metaspace       used 43968K, capacity 45229K, committed 45632K, reserved 1089536K
  class space    used 5313K, capacity 5616K, committed 5732K, reserved 1048576K
2019-02-22T17:27:01.924-0700: 81518.289: [GC (Allocation Failure) 2019-02-22T17:27:01.924-0700: 81518.289: [ParNew
Desired survivor size 20112992 bytes, new threshold 8 (max 8)
- age   1:     459328 bytes,     459328 total
- age   2:     658128 bytes,    1117456 total
- age   3:      20272 bytes,    1137728 total
- age   4:      19680 bytes,    1157408 total
- age   5:      20136 bytes,    1177544 total
- age   6:       2336 bytes,    1179880 total
- age   7:    7977960 bytes,    9157840 total
- age   8:    5086584 bytes,   14244424 total
: 109248K->21824K(109248K), 0.0152726 secs] 365639K->281125K(502464K), 0.0153517 secs] [Times: user=0.06 sys=0.00, real=0.01 secs] 
Heap after GC invocations=537 (full 76):
 par new generation   total 109248K, used 21824K [0x00000000e0000000, 0x00000000e8000000, 0x00000000e8000000)
  eden space 87424K,   0% used [0x00000000e0000000, 0x00000000e0000000, 0x00000000e5560000)
  from space 21824K, 100% used [0x00000000e6ab0000, 0x00000000e8000000, 0x00000000e8000000)
  to   space 21824K,   0% used [0x00000000e5560000, 0x00000000e5560000, 0x00000000e6ab0000)
 concurrent mark-sweep generation total 393216K, used 259301K [0x00000000e8000000, 0x0000000100000000, 0x0000000100000000)
 Metaspace       used 43968K, capacity 45229K, committed 45632K, reserved 1089536K
  class space    used 5313K, capacity 5616K, committed 5732K, reserved 1048576K
}
2019-02-22T17:27:01.939-0700: 81518.305: Total time for which application threads were stopped: 0.0157075 seconds, Stopping threads took: 0.0000591 seconds
2019-02-22T17:27:01.978-0700: 81518.343: [CMS-concurrent-sweep: 0.118/0.193 secs] [Times: user=0.63 sys=0.01, real=0.19 secs] 
2019-02-22T17:27:01.978-0700: 81518.344: [CMS-concurrent-reset-start]
2019-02-22T17:27:01.979-0700: 81518.344: [CMS-concurrent-reset: 0.001/0.001 secs] [Times: user=0.00 sys=0.00, real=0.00 secs] 
{Heap before GC invocations=537 (full 76):
 par new generation   total 109248K, used 108875K [0x00000000e0000000, 0x00000000e8000000, 0x00000000e8000000)
  eden space 87424K,  99% used [0x00000000e0000000, 0x00000000e5502ed8, 0x00000000e5560000)
  from space 21824K, 100% used [0x00000000e6ab0000, 0x00000000e8000000, 0x00000000e8000000)
  to   space 21824K,   0% used [0x00000000e5560000, 0x00000000e5560000, 0x00000000e6ab0000)
 concurrent mark-sweep generation total 393216K, used 258803K [0x00000000e8000000, 0x0000000100000000, 0x0000000100000000)
 Metaspace       used 43968K, capacity 45229K, committed 45632K, reserved 1089536K
  class space    used 5313K, capacity 5616K, committed 5732K, reserved 1048576K
2019-02-22T17:27:01.990-0700: 81518.355: [GC (Allocation Failure) 2019-02-22T17:27:01.990-0700: 81518.355: [ParNew
Desired survivor size 20112992 bytes, new threshold 8 (max 8)
- age   1:     512512 bytes,     512512 total
- age   2:        144 bytes,     512656 total
- age   3:     393952 bytes,     906608 total
- age   4:      20272 bytes,     926880 total
- age   5:      19680 bytes,     946560 total
- age   6:      20136 bytes,     966696 total
- age   7:       2336 bytes,     969032 total
- age   8:    7960504 bytes,    8929536 total
: 108875K->11957K(109248K), 0.0159743 secs] 367678K->275728K(502464K), 0.0161742 secs] [Times: user=0.05 sys=0.00, real=0.02 secs] 
Heap after GC invocations=538 (full 76):
 par new generation   total 109248K, used 11957K [0x00000000e0000000, 0x00000000e8000000, 0x00000000e8000000)
  eden space 87424K,   0% used [0x00000000e0000000, 0x00000000e0000000, 0x00000000e5560000)
  from space 21824K,  54% used [0x00000000e5560000, 0x00000000e610d4c0, 0x00000000e6ab0000)
  to   space 21824K,   0% used [0x00000000e6ab0000, 0x00000000e6ab0000, 0x00000000e8000000)
 concurrent mark-sweep generation total 393216K, used 263771K [0x00000000e8000000, 0x0000000100000000, 0x0000000100000000)
 Metaspace       used 43968K, capacity 45229K, committed 45632K, reserved 1089536K
  class space    used 5313K, capacity 5616K, committed 5732K, reserved 1048576K
}
2019-02-22T17:27:02.006-0700: 81518.371: Total time for which application threads were stopped: 0.0166657 seconds, Stopping threads took: 0.0000792 seconds
2019-02-22T17:27:02.007-0700: 81518.372: [GC (CMS Initial Mark) [1 CMS-initial-mark: 263771K(393216K)] 277621K(502464K), 0.0022685 secs] [Times: user=0.00 sys=0.00, real=0.00 secs] 
2019-02-22T17:27:02.009-0700: 81518.374: Total time for which application threads were stopped: 0.0026700 seconds, Stopping threads took: 0.0001116 seconds
2019-02-22T17:27:02.009-0700: 81518.374: [CMS-concurrent-mark-start]
{Heap before GC invocations=538 (full 77):
 par new generation   total 109248K, used 99008K [0x00000000e0000000, 0x00000000e8000000, 0x00000000e8000000)
  eden space 87424K,  99% used [0x00000000e0000000, 0x00000000e5502d58, 0x00000000e5560000)
  from space 21824K,  54% used [0x00000000e5560000, 0x00000000e610d4c0, 0x00000000e6ab0000)
  to   space 21824K,   0% used [0x00000000e6ab0000, 0x00000000e6ab0000, 0x00000000e8000000)
 concurrent mark-sweep generation total 393216K, used 263771K [0x00000000e8000000, 0x0000000100000000, 0x0000000100000000)
 Metaspace       used 43968K, capacity 45229K, committed 45632K, reserved 1089536K
  class space    used 5313K, capacity 5616K, committed 5732K, reserved 1048576K
2019-02-22T17:27:02.035-0700: 81518.401: [GC (Allocation Failure) 2019-02-22T17:27:02.035-0700: 81518.401: [ParNew
Desired survivor size 20112992 bytes, new threshold 8 (max 8)
- age   1:      42944 bytes,      42944 total
- age   2:     488912 bytes,     531856 total
- age   3:        144 bytes,     532000 total
- age   4:     393952 bytes,     925952 total
- age   5:      20272 bytes,     946224 total
- age   6:      19680 bytes,     965904 total
- age   7:      20136 bytes,     986040 total
- age   8:       2336 bytes,     988376 total
: 99008K->4740K(109248K), 0.0176295 secs] 362780K->276237K(502464K), 0.0177987 secs] [Times: user=0.06 sys=0.00, real=0.02 secs] 
Heap after GC invocations=539 (full 77):
 par new generation   total 109248K, used 4740K [0x00000000e0000000, 0x00000000e8000000, 0x00000000e8000000)
  eden space 87424K,   0% used [0x00000000e0000000, 0x00000000e0000000, 0x00000000e5560000)
  from space 21824K,  21% used [0x00000000e6ab0000, 0x00000000e6f512e0, 0x00000000e8000000)
  to   space 21824K,   0% used [0x00000000e5560000, 0x00000000e5560000, 0x00000000e6ab0000)
 concurrent mark-sweep generation total 393216K, used 271496K [0x00000000e8000000, 0x0000000100000000, 0x0000000100000000)
 Metaspace       used 43968K, capacity 45229K, committed 45632K, reserved 1089536K
  class space    used 5313K, capacity 5616K, committed 5732K, reserved 1048576K
}
2019-02-22T17:27:02.053-0700: 81518.419: Total time for which application threads were stopped: 0.0189676 seconds, Stopping threads took: 0.0003043 seconds
2019-02-22T17:27:02.122-0700: 81518.488: [CMS-concurrent-mark: 0.094/0.113 secs] [Times: user=0.52 sys=0.00, real=0.11 secs] 
2019-02-22T17:27:02.122-0700: 81518.488: [CMS-concurrent-preclean-start]
2019-02-22T17:27:02.159-0700: 81518.524: [CMS-concurrent-preclean: 0.034/0.036 secs] [Times: user=0.14 sys=0.00, real=0.04 secs] 
2019-02-22T17:27:02.159-0700: 81518.524: [CMS-concurrent-abortable-preclean-start]
{Heap before GC invocations=539 (full 77):
 par new generation   total 109248K, used 92164K [0x00000000e0000000, 0x00000000e8000000, 0x00000000e8000000)
  eden space 87424K, 100% used [0x00000000e0000000, 0x00000000e5560000, 0x00000000e5560000)
  from space 21824K,  21% used [0x00000000e6ab0000, 0x00000000e6f512e0, 0x00000000e8000000)
  to   space 21824K,   0% used [0x00000000e5560000, 0x00000000e5560000, 0x00000000e6ab0000)
 concurrent mark-sweep generation total 393216K, used 271496K [0x00000000e8000000, 0x0000000100000000, 0x0000000100000000)
 Metaspace       used 43968K, capacity 45229K, committed 45632K, reserved 1089536K
  class space    used 5313K, capacity 5616K, committed 5732K, reserved 1048576K
2019-02-22T17:27:02.182-0700: 81518.547: [GC (Allocation Failure) 2019-02-22T17:27:02.182-0700: 81518.547: [ParNew
Desired survivor size 20112992 bytes, new threshold 8 (max 8)
- age   1:     652376 bytes,     652376 total
- age   2:      22488 bytes,     674864 total
- age   3:     419816 bytes,    1094680 total
- age   4:        144 bytes,    1094824 total
- age   5:     393952 bytes,    1488776 total
- age   6:      20272 bytes,    1509048 total
- age   7:      19680 bytes,    1528728 total
- age   8:      20136 bytes,    1548864 total
: 92164K->1932K(109248K), 0.0048589 secs] 363661K->273432K(502464K), 0.0049241 secs] [Times: user=0.00 sys=0.00, real=0.01 secs] 
Heap after GC invocations=540 (full 77):
 par new generation   total 109248K, used 1932K [0x00000000e0000000, 0x00000000e8000000, 0x00000000e8000000)
  eden space 87424K,   0% used [0x00000000e0000000, 0x00000000e0000000, 0x00000000e5560000)
  from space 21824K,   8% used [0x00000000e5560000, 0x00000000e5743360, 0x00000000e6ab0000)
  to   space 21824K,   0% used [0x00000000e6ab0000, 0x00000000e6ab0000, 0x00000000e8000000)
 concurrent mark-sweep generation total 393216K, used 271499K [0x00000000e8000000, 0x0000000100000000, 0x0000000100000000)
 Metaspace       used 43968K, capacity 45229K, committed 45632K, reserved 1089536K
  class space    used 5313K, capacity 5616K, committed 5732K, reserved 1048576K
}
2019-02-22T17:27:02.187-0700: 81518.552: Total time for which application threads were stopped: 0.0052835 seconds, Stopping threads took: 0.0000581 seconds
2019-02-22T17:27:02.254-0700: 81518.620: Total time for which application threads were stopped: 0.0005223 seconds, Stopping threads took: 0.0001234 seconds
2019-02-22T17:27:02.254-0700: 81518.620: [CMS-concurrent-abortable-preclean: 0.089/0.096 secs] [Times: user=0.36 sys=0.00, real=0.10 secs] 
2019-02-22T17:27:02.254-0700: 81518.620: Total time for which application threads were stopped: 0.0002385 seconds, Stopping threads took: 0.0000509 seconds
2019-02-22T17:27:02.254-0700: 81518.620: [GC (CMS Final Remark) [YG occupancy: 61688 K (109248 K)]{Heap before GC invocations=540 (full 77):
 par new generation   total 109248K, used 61688K [0x00000000e0000000, 0x00000000e8000000, 0x00000000e8000000)
  eden space 87424K,  68% used [0x00000000e0000000, 0x00000000e3a5afd8, 0x00000000e5560000)
  from space 21824K,   8% used [0x00000000e5560000, 0x00000000e5743360, 0x00000000e6ab0000)
  to   space 21824K,   0% used [0x00000000e6ab0000, 0x00000000e6ab0000, 0x00000000e8000000)
 concurrent mark-sweep generation total 393216K, used 271499K [0x00000000e8000000, 0x0000000100000000, 0x0000000100000000)
 Metaspace       used 43969K, capacity 45229K, committed 45632K, reserved 1089536K
  class space    used 5313K, capacity 5616K, committed 5732K, reserved 1048576K
2019-02-22T17:27:02.254-0700: 81518.620: [GC (CMS Final Remark) 2019-02-22T17:27:02.254-0700: 81518.620: [ParNew
Desired survivor size 20112992 bytes, new threshold 8 (max 8)
- age   1:    8265440 bytes,    8265440 total
- age   2:     573000 bytes,    8838440 total
- age   3:      22488 bytes,    8860928 total
- age   4:     419816 bytes,    9280744 total
- age   5:        144 bytes,    9280888 total
- age   6:     393952 bytes,    9674840 total
- age   7:      20272 bytes,    9695112 total
- age   8:      19680 bytes,    9714792 total
: 61688K->10196K(109248K), 0.0094530 secs] 333188K->281716K(502464K), 0.0095280 secs] [Times: user=0.00 sys=0.00, real=0.01 secs] 
Heap after GC invocations=541 (full 77):
 par new generation   total 109248K, used 10196K [0x00000000e0000000, 0x00000000e8000000, 0x00000000e8000000)
  eden space 87424K,   0% used [0x00000000e0000000, 0x00000000e0000000, 0x00000000e5560000)
  from space 21824K,  46% used [0x00000000e6ab0000, 0x00000000e74a50a0, 0x00000000e8000000)
  to   space 21824K,   0% used [0x00000000e5560000, 0x00000000e5560000, 0x00000000e6ab0000)
 concurrent mark-sweep generation total 393216K, used 271519K [0x00000000e8000000, 0x0000000100000000, 0x0000000100000000)
 Metaspace       used 43969K, capacity 45229K, committed 45632K, reserved 1089536K
  class space    used 5313K, capacity 5616K, committed 5732K, reserved 1048576K
}
2019-02-22T17:27:02.265-0700: 81518.630: [Rescan (parallel) , 0.0065660 secs]2019-02-22T17:27:02.271-0700: 81518.636: [weak refs processing, 0.0008086 secs]2019-02-22T17:27:02.272-0700: 81518.637: [class unloading, 0.0102390 secs]2019-02-22T17:27:02.282-0700: 81518.647: [scrub symbol table, 0.0085786 secs]2019-02-22T17:27:02.291-0700: 81518.656: [scrub string table, 0.0004868 secs][1 CMS-remark: 271519K(393216K)] 281716K(502464K), 0.0366126 secs] [Times: user=0.11 sys=0.00, real=0.04 secs] 
2019-02-22T17:27:02.291-0700: 81518.657: Total time for which application threads were stopped: 0.0368295 seconds, Stopping threads took: 0.0000488 seconds
2019-02-22T17:27:02.292-0700: 81518.657: [CMS-concurrent-sweep-start]
{Heap before GC invocations=541 (full 77):
 par new generation   total 109248K, used 97620K [0x00000000e0000000, 0x00000000e8000000, 0x00000000e8000000)
  eden space 87424K, 100% used [0x00000000e0000000, 0x00000000e5560000, 0x00000000e5560000)
  from space 21824K,  46% used [0x00000000e6ab0000, 0x00000000e74a50a0, 0x00000000e8000000)
  to   space 21824K,   0% used [0x00000000e5560000, 0x00000000e5560000, 0x00000000e6ab0000)
 concurrent mark-sweep generation total 393216K, used 250288K [0x00000000e8000000, 0x0000000100000000, 0x0000000100000000)
 Metaspace       used 43969K, capacity 45229K, committed 45632K, reserved 1089536K
  class space    used 5313K, capacity 5616K, committed 5732K, reserved 1048576K
2019-02-22T17:27:02.340-0700: 81518.706: [GC (Allocation Failure) 2019-02-22T17:27:02.340-0700: 81518.706: [ParNew
Desired survivor size 20112992 bytes, new threshold 2 (max 8)
- age   1:   14728296 bytes,   14728296 total
- age   2:    6066736 bytes,   20795032 total
- age   3:     571464 bytes,   21366496 total
- age   4:      10752 bytes,   21377248 total
- age   5:     408584 bytes,   21785832 total
- age   6:        144 bytes,   21785976 total
- age   7:     385224 bytes,   22171200 total
- age   8:      14000 bytes,   22185200 total
: 97620K->21824K(109248K), 0.0148161 secs] 347908K->273966K(502464K), 0.0149050 secs] [Times: user=0.05 sys=0.00, real=0.02 secs] 
Heap after GC invocations=542 (full 77):
 par new generation   total 109248K, used 21824K [0x00000000e0000000, 0x00000000e8000000, 0x00000000e8000000)
  eden space 87424K,   0% used [0x00000000e0000000, 0x00000000e0000000, 0x00000000e5560000)
  from space 21824K, 100% used [0x00000000e5560000, 0x00000000e6ab0000, 0x00000000e6ab0000)
  to   space 21824K,   0% used [0x00000000e6ab0000, 0x00000000e6ab0000, 0x00000000e8000000)
 concurrent mark-sweep generation total 393216K, used 252142K [0x00000000e8000000, 0x0000000100000000, 0x0000000100000000)
 Metaspace       used 43969K, capacity 45229K, committed 45632K, reserved 1089536K
  class space    used 5313K, capacity 5616K, committed 5732K, reserved 1048576K
}
2019-02-22T17:27:02.355-0700: 81518.721: Total time for which application threads were stopped: 0.0154998 seconds, Stopping threads took: 0.0001229 seconds
{Heap before GC invocations=542 (full 77):
 par new generation   total 109248K, used 109248K [0x00000000e0000000, 0x00000000e8000000, 0x00000000e8000000)
  eden space 87424K, 100% used [0x00000000e0000000, 0x00000000e5560000, 0x00000000e5560000)
  from space 21824K, 100% used [0x00000000e5560000, 0x00000000e6ab0000, 0x00000000e6ab0000)
  to   space 21824K,   0% used [0x00000000e6ab0000, 0x00000000e6ab0000, 0x00000000e8000000)
 concurrent mark-sweep generation total 393216K, used 213288K [0x00000000e8000000, 0x0000000100000000, 0x0000000100000000)
 Metaspace       used 43969K, capacity 45229K, committed 45632K, reserved 1089536K
  class space    used 5313K, capacity 5616K, committed 5732K, reserved 1048576K
2019-02-22T17:27:02.404-0700: 81518.770: [GC (Allocation Failure) 2019-02-22T17:27:02.404-0700: 81518.770: [ParNew
Desired survivor size 20112992 bytes, new threshold 8 (max 8)
- age   1:    1787128 bytes,    1787128 total
- age   2:   13929096 bytes,   15716224 total
: 109248K->21824K(109248K), 0.0176408 secs] 322536K->242372K(502464K), 0.0177102 secs] [Times: user=0.08 sys=0.00, real=0.02 secs] 
Heap after GC invocations=543 (full 77):
 par new generation   total 109248K, used 21824K [0x00000000e0000000, 0x00000000e8000000, 0x00000000e8000000)
  eden space 87424K,   0% used [0x00000000e0000000, 0x00000000e0000000, 0x00000000e5560000)
  from space 21824K, 100% used [0x00000000e6ab0000, 0x00000000e8000000, 0x00000000e8000000)
  to   space 21824K,   0% used [0x00000000e5560000, 0x00000000e5560000, 0x00000000e6ab0000)
 concurrent mark-sweep generation total 393216K, used 220548K [0x00000000e8000000, 0x0000000100000000, 0x0000000100000000)
 Metaspace       used 43969K, capacity 45229K, committed 45632K, reserved 1089536K
  class space    used 5313K, capacity 5616K, committed 5732K, reserved 1048576K
}
2019-02-22T17:27:02.422-0700: 81518.787: Total time for which application threads were stopped: 0.0180824 seconds, Stopping threads took: 0.0000740 seconds
2019-02-22T17:27:02.423-0700: 81518.788: [CMS-concurrent-sweep: 0.098/0.132 secs] [Times: user=0.52 sys=0.03, real=0.13 secs] 
2019-02-22T17:27:02.423-0700: 81518.788: [CMS-concurrent-reset-start]
2019-02-22T17:27:02.424-0700: 81518.789: [CMS-concurrent-reset: 0.001/0.001 secs] [Times: user=0.00 sys=0.00, real=0.00 secs] 
{Heap before GC invocations=543 (full 77):
 par new generation   total 109248K, used 109248K [0x00000000e0000000, 0x00000000e8000000, 0x00000000e8000000)
  eden space 87424K, 100% used [0x00000000e0000000, 0x00000000e5560000, 0x00000000e5560000)
  from space 21824K, 100% used [0x00000000e6ab0000, 0x00000000e8000000, 0x00000000e8000000)
  to   space 21824K,   0% used [0x00000000e5560000, 0x00000000e5560000, 0x00000000e6ab0000)
 concurrent mark-sweep generation total 393216K, used 220432K [0x00000000e8000000, 0x0000000100000000, 0x0000000100000000)
 Metaspace       used 43969K, capacity 45229K, committed 45632K, reserved 1089536K
  class space    used 5313K, capacity 5616K, committed 5732K, reserved 1048576K
2019-02-22T17:27:02.472-0700: 81518.837: [GC (Allocation Failure) 2019-02-22T17:27:02.472-0700: 81518.837: [ParNew
Desired survivor size 20112992 bytes, new threshold 3 (max 8)
- age   1:   10243472 bytes,   10243472 total
- age   2:     680104 bytes,   10923576 total
- age   3:   11393824 bytes,   22317400 total
: 109248K->21824K(109248K), 0.0201808 secs] 329680K->256480K(502464K), 0.0202759 secs] [Times: user=0.06 sys=0.00, real=0.02 secs] 
Heap after GC invocations=544 (full 77):
 par new generation   total 109248K, used 21824K [0x00000000e0000000, 0x00000000e8000000, 0x00000000e8000000)
  eden space 87424K,   0% used [0x00000000e0000000, 0x00000000e0000000, 0x00000000e5560000)
  from space 21824K, 100% used [0x00000000e5560000, 0x00000000e6ab0000, 0x00000000e6ab0000)
  to   space 21824K,   0% used [0x00000000e6ab0000, 0x00000000e6ab0000, 0x00000000e8000000)
 concurrent mark-sweep generation total 393216K, used 234656K [0x00000000e8000000, 0x0000000100000000, 0x0000000100000000)
 Metaspace       used 43969K, capacity 45229K, committed 45632K, reserved 1089536K
  class space    used 5313K, capacity 5616K, committed 5732K, reserved 1048576K
}
2019-02-22T17:27:02.493-0700: 81518.858: Total time for which application threads were stopped: 0.0207668 seconds, Stopping threads took: 0.0000930 seconds
2019-02-22T17:27:02.493-0700: 81518.858: [GC (CMS Initial Mark) [1 CMS-initial-mark: 234656K(393216K)] 257198K(502464K), 0.0026911 secs] [Times: user=0.00 sys=0.00, real=0.00 secs] 
2019-02-22T17:27:02.496-0700: 81518.861: Total time for which application threads were stopped: 0.0030252 seconds, Stopping threads took: 0.0000699 seconds
2019-02-22T17:27:02.496-0700: 81518.861: [CMS-concurrent-mark-start]
{Heap before GC invocations=544 (full 78):
 par new generation   total 109248K, used 109248K [0x00000000e0000000, 0x00000000e8000000, 0x00000000e8000000)
  eden space 87424K, 100% used [0x00000000e0000000, 0x00000000e5560000, 0x00000000e5560000)
  from space 21824K, 100% used [0x00000000e5560000, 0x00000000e6ab0000, 0x00000000e6ab0000)
  to   space 21824K,   0% used [0x00000000e6ab0000, 0x00000000e6ab0000, 0x00000000e8000000)
 concurrent mark-sweep generation total 393216K, used 234656K [0x00000000e8000000, 0x0000000100000000, 0x0000000100000000)
 Metaspace       used 43969K, capacity 45229K, committed 45632K, reserved 1089536K
  class space    used 5313K, capacity 5616K, committed 5732K, reserved 1048576K
2019-02-22T17:27:02.569-0700: 81518.935: [GC (Allocation Failure) 2019-02-22T17:27:02.569-0700: 81518.935: [ParNew
Desired survivor size 20112992 bytes, new threshold 8 (max 8)
- age   1:    2542528 bytes,    2542528 total
- age   2:    8992288 bytes,   11534816 total
- age   3:     585360 bytes,   12120176 total
: 109248K->21824K(109248K), 0.0187193 secs] 343904K->268027K(502464K), 0.0188489 secs] [Times: user=0.06 sys=0.00, real=0.02 secs] 
Heap after GC invocations=545 (full 78):
 par new generation   total 109248K, used 21824K [0x00000000e0000000, 0x00000000e8000000, 0x00000000e8000000)
  eden space 87424K,   0% used [0x00000000e0000000, 0x00000000e0000000, 0x00000000e5560000)
  from space 21824K, 100% used [0x00000000e6ab0000, 0x00000000e8000000, 0x00000000e8000000)
  to   space 21824K,   0% used [0x00000000e5560000, 0x00000000e5560000, 0x00000000e6ab0000)
 concurrent mark-sweep generation total 393216K, used 246203K [0x00000000e8000000, 0x0000000100000000, 0x0000000100000000)
 Metaspace       used 43969K, capacity 45229K, committed 45632K, reserved 1089536K
  class space    used 5313K, capacity 5616K, committed 5732K, reserved 1048576K
}
2019-02-22T17:27:02.588-0700: 81518.954: Total time for which application threads were stopped: 0.0195439 seconds, Stopping threads took: 0.0001383 seconds
2019-02-22T17:27:02.595-0700: 81518.961: [CMS-concurrent-mark: 0.081/0.100 secs] [Times: user=0.64 sys=0.00, real=0.10 secs] 
2019-02-22T17:27:02.596-0700: 81518.961: [CMS-concurrent-preclean-start]
2019-02-22T17:27:02.619-0700: 81518.985: Total time for which application threads were stopped: 0.0003213 seconds, Stopping threads took: 0.0000812 seconds
2019-02-22T17:27:02.664-0700: 81519.029: [CMS-concurrent-preclean: 0.063/0.068 secs] [Times: user=0.22 sys=0.02, real=0.07 secs] 
2019-02-22T17:27:02.664-0700: 81519.029: [CMS-concurrent-abortable-preclean-start]
{Heap before GC invocations=545 (full 78):
 par new generation   total 109248K, used 109248K [0x00000000e0000000, 0x00000000e8000000, 0x00000000e8000000)
  eden space 87424K, 100% used [0x00000000e0000000, 0x00000000e5560000, 0x00000000e5560000)
  from space 21824K, 100% used [0x00000000e6ab0000, 0x00000000e8000000, 0x00000000e8000000)
  to   space 21824K,   0% used [0x00000000e5560000, 0x00000000e5560000, 0x00000000e6ab0000)
 concurrent mark-sweep generation total 393216K, used 246203K [0x00000000e8000000, 0x0000000100000000, 0x0000000100000000)
 Metaspace       used 43970K, capacity 45229K, committed 45632K, reserved 1089536K
  class space    used 5313K, capacity 5616K, committed 5732K, reserved 1048576K
2019-02-22T17:27:02.686-0700: 81519.052: [GC (Allocation Failure) 2019-02-22T17:27:02.686-0700: 81519.052: [ParNew
Desired survivor size 20112992 bytes, new threshold 8 (max 8)
- age   1:    4913872 bytes,    4913872 total
- age   2:    2094760 bytes,    7008632 total
- age   3:    8804512 bytes,   15813144 total
- age   4:     470008 bytes,   16283152 total
: 109248K->20814K(109248K), 0.0160951 secs] 355451K->267017K(502464K), 0.0161840 secs] [Times: user=0.08 sys=0.00, real=0.02 secs] 
Heap after GC invocations=546 (full 78):
 par new generation   total 109248K, used 20814K [0x00000000e0000000, 0x00000000e8000000, 0x00000000e8000000)
  eden space 87424K,   0% used [0x00000000e0000000, 0x00000000e0000000, 0x00000000e5560000)
  from space 21824K,  95% used [0x00000000e5560000, 0x00000000e69b3800, 0x00000000e6ab0000)
  to   space 21824K,   0% used [0x00000000e6ab0000, 0x00000000e6ab0000, 0x00000000e8000000)
 concurrent mark-sweep generation total 393216K, used 246203K [0x00000000e8000000, 0x0000000100000000, 0x0000000100000000)
 Metaspace       used 43970K, capacity 45229K, committed 45632K, reserved 1089536K
  class space    used 5313K, capacity 5616K, committed 5732K, reserved 1048576K
}
2019-02-22T17:27:02.703-0700: 81519.068: Total time for which application threads were stopped: 0.0171211 seconds, Stopping threads took: 0.0005434 seconds
2019-02-22T17:27:02.883-0700: 81519.248: [CMS-concurrent-abortable-preclean: 0.197/0.219 secs] [Times: user=0.83 sys=0.06, real=0.22 secs] 
2019-02-22T17:27:02.884-0700: 81519.249: [GC (CMS Final Remark) [YG occupancy: 102652 K (109248 K)]{Heap before GC invocations=546 (full 78):
 par new generation   total 109248K, used 102652K [0x00000000e0000000, 0x00000000e8000000, 0x00000000e8000000)
  eden space 87424K,  93% used [0x00000000e0000000, 0x00000000e4feb9d8, 0x00000000e5560000)
  from space 21824K,  95% used [0x00000000e5560000, 0x00000000e69b3800, 0x00000000e6ab0000)
  to   space 21824K,   0% used [0x00000000e6ab0000, 0x00000000e6ab0000, 0x00000000e8000000)
 concurrent mark-sweep generation total 393216K, used 246203K [0x00000000e8000000, 0x0000000100000000, 0x0000000100000000)
 Metaspace       used 43970K, capacity 45229K, committed 45632K, reserved 1089536K
  class space    used 5313K, capacity 5616K, committed 5732K, reserved 1048576K
2019-02-22T17:27:02.884-0700: 81519.249: [GC (CMS Final Remark) 2019-02-22T17:27:02.884-0700: 81519.249: [ParNew
Desired survivor size 20112992 bytes, new threshold 4 (max 8)
- age   1:    7535208 bytes,    7535208 total
- age   2:    2997392 bytes,   10532600 total
- age   3:    2046432 bytes,   12579032 total
- age   4:    8701688 bytes,   21280720 total
- age   5:     420144 bytes,   21700864 total
: 102652K->21824K(109248K), 0.0184335 secs] 348855K->268215K(502464K), 0.0185363 secs] [Times: user=0.06 sys=0.00, real=0.02 secs] 
Heap after GC invocations=547 (full 78):
 par new generation   total 109248K, used 21824K [0x00000000e0000000, 0x00000000e8000000, 0x00000000e8000000)
  eden space 87424K,   0% used [0x00000000e0000000, 0x00000000e0000000, 0x00000000e5560000)
  from space 21824K, 100% used [0x00000000e6ab0000, 0x00000000e8000000, 0x00000000e8000000)
  to   space 21824K,   0% used [0x00000000e5560000, 0x00000000e5560000, 0x00000000e6ab0000)
 concurrent mark-sweep generation total 393216K, used 246391K [0x00000000e8000000, 0x0000000100000000, 0x0000000100000000)
 Metaspace       used 43970K, capacity 45229K, committed 45632K, reserved 1089536K
  class space    used 5313K, capacity 5616K, committed 5732K, reserved 1048576K
}
2019-02-22T17:27:02.903-0700: 81519.268: [Rescan (parallel) , 0.0111231 secs]2019-02-22T17:27:02.914-0700: 81519.279: [weak refs processing, 0.0007562 secs]2019-02-22T17:27:02.914-0700: 81519.280: [class unloading, 0.0097408 secs]2019-02-22T17:27:02.925-0700: 81519.290: [scrub symbol table, 0.0091733 secs]2019-02-22T17:27:02.934-0700: 81519.299: [scrub string table, 0.0006313 secs][1 CMS-remark: 246391K(393216K)] 268215K(502464K), 0.0503954 secs] [Times: user=0.14 sys=0.00, real=0.05 secs] 
2019-02-22T17:27:02.935-0700: 81519.300: Total time for which application threads were stopped: 0.0513783 seconds, Stopping threads took: 0.0007001 seconds
2019-02-22T17:27:02.935-0700: 81519.300: [CMS-concurrent-sweep-start]
{Heap before GC invocations=547 (full 78):
 par new generation   total 109248K, used 108781K [0x00000000e0000000, 0x00000000e8000000, 0x00000000e8000000)
  eden space 87424K,  99% used [0x00000000e0000000, 0x00000000e54eb5c0, 0x00000000e5560000)
  from space 21824K, 100% used [0x00000000e6ab0000, 0x00000000e8000000, 0x00000000e8000000)
  to   space 21824K,   0% used [0x00000000e5560000, 0x00000000e5560000, 0x00000000e6ab0000)
 concurrent mark-sweep generation total 393216K, used 243633K [0x00000000e8000000, 0x0000000100000000, 0x0000000100000000)
 Metaspace       used 43970K, capacity 45229K, committed 45632K, reserved 1089536K
  class space    used 5313K, capacity 5616K, committed 5732K, reserved 1048576K
2019-02-22T17:27:02.983-0700: 81519.348: [GC (Allocation Failure) 2019-02-22T17:27:02.983-0700: 81519.348: [ParNew
Desired survivor size 20112992 bytes, new threshold 3 (max 8)
- age   1:   11724280 bytes,   11724280 total
- age   2:    5670032 bytes,   17394312 total
- age   3:    2907048 bytes,   20301360 total
- age   4:    2009160 bytes,   22310520 total
: 108781K->21824K(109248K), 0.0413727 secs] 352415K->304699K(502464K), 0.0414611 secs] [Times: user=0.16 sys=0.00, real=0.04 secs] 
Heap after GC invocations=548 (full 78):
 par new generation   total 109248K, used 21824K [0x00000000e0000000, 0x00000000e8000000, 0x00000000e8000000)
  eden space 87424K,   0% used [0x00000000e0000000, 0x00000000e0000000, 0x00000000e5560000)
  from space 21824K, 100% used [0x00000000e5560000, 0x00000000e6ab0000, 0x00000000e6ab0000)
  to   space 21824K,   0% used [0x00000000e6ab0000, 0x00000000e6ab0000, 0x00000000e8000000)
 concurrent mark-sweep generation total 393216K, used 282875K [0x00000000e8000000, 0x0000000100000000, 0x0000000100000000)
 Metaspace       used 43970K, capacity 45229K, committed 45632K, reserved 1089536K
  class space    used 5313K, capacity 5616K, committed 5732K, reserved 1048576K
}
2019-02-22T17:27:03.024-0700: 81519.390: Total time for which application threads were stopped: 0.0421088 seconds, Stopping threads took: 0.0002509 seconds
{Heap before GC invocations=548 (full 78):
 par new generation   total 109248K, used 109248K [0x00000000e0000000, 0x00000000e8000000, 0x00000000e8000000)
  eden space 87424K, 100% used [0x00000000e0000000, 0x00000000e5560000, 0x00000000e5560000)
  from space 21824K, 100% used [0x00000000e5560000, 0x00000000e6ab0000, 0x00000000e6ab0000)
  to   space 21824K,   0% used [0x00000000e6ab0000, 0x00000000e6ab0000, 0x00000000e8000000)
 concurrent mark-sweep generation total 393216K, used 282394K [0x00000000e8000000, 0x0000000100000000, 0x0000000100000000)
 Metaspace       used 43972K, capacity 45229K, committed 45632K, reserved 1089536K
  class space    used 5313K, capacity 5616K, committed 5732K, reserved 1048576K
2019-02-22T17:27:03.037-0700: 81519.402: [GC (Allocation Failure) 2019-02-22T17:27:03.037-0700: 81519.402: [ParNew
Desired survivor size 20112992 bytes, new threshold 8 (max 8)
- age   1:    1796304 bytes,    1796304 total
- age   2:   11086072 bytes,   12882376 total
- age   3:    5521888 bytes,   18404264 total
: 109248K->21824K(109248K), 0.0233304 secs] 391642K->309378K(502464K), 0.0234255 secs] [Times: user=0.06 sys=0.00, real=0.02 secs] 
Heap after GC invocations=549 (full 78):
 par new generation   total 109248K, used 21824K [0x00000000e0000000, 0x00000000e8000000, 0x00000000e8000000)
  eden space 87424K,   0% used [0x00000000e0000000, 0x00000000e0000000, 0x00000000e5560000)
  from space 21824K, 100% used [0x00000000e6ab0000, 0x00000000e8000000, 0x00000000e8000000)
  to   space 21824K,   0% used [0x00000000e5560000, 0x00000000e5560000, 0x00000000e6ab0000)
 concurrent mark-sweep generation total 393216K, used 287554K [0x00000000e8000000, 0x0000000100000000, 0x0000000100000000)
 Metaspace       used 43972K, capacity 45229K, committed 45632K, reserved 1089536K
  class space    used 5313K, capacity 5616K, committed 5732K, reserved 1048576K
}
2019-02-22T17:27:03.060-0700: 81519.426: Total time for which application threads were stopped: 0.0240547 seconds, Stopping threads took: 0.0001182 seconds
{Heap before GC invocations=549 (full 78):
 par new generation   total 109248K, used 109248K [0x00000000e0000000, 0x00000000e8000000, 0x00000000e8000000)
  eden space 87424K, 100% used [0x00000000e0000000, 0x00000000e5560000, 0x00000000e5560000)
  from space 21824K, 100% used [0x00000000e6ab0000, 0x00000000e8000000, 0x00000000e8000000)
  to   space 21824K,   0% used [0x00000000e5560000, 0x00000000e5560000, 0x00000000e6ab0000)
 concurrent mark-sweep generation total 393216K, used 283377K [0x00000000e8000000, 0x0000000100000000, 0x0000000100000000)
 Metaspace       used 43972K, capacity 45229K, committed 45632K, reserved 1089536K
  class space    used 5313K, capacity 5616K, committed 5732K, reserved 1048576K
2019-02-22T17:27:03.099-0700: 81519.464: [GC (Allocation Failure) 2019-02-22T17:27:03.099-0700: 81519.464: [ParNew
Desired survivor size 20112992 bytes, new threshold 8 (max 8)
- age   1:    2696928 bytes,    2696928 total
- age   2:     360032 bytes,    3056960 total
- age   3:    8723192 bytes,   11780152 total
- age   4:    5221912 bytes,   17002064 total
: 109248K->21824K(109248K), 0.0143303 secs] 392625K->307231K(502464K), 0.0144090 secs] [Times: user=0.06 sys=0.00, real=0.01 secs] 
Heap after GC invocations=550 (full 78):
 par new generation   total 109248K, used 21824K [0x00000000e0000000, 0x00000000e8000000, 0x00000000e8000000)
  eden space 87424K,   0% used [0x00000000e0000000, 0x00000000e0000000, 0x00000000e5560000)
  from space 21824K, 100% used [0x00000000e5560000, 0x00000000e6ab0000, 0x00000000e6ab0000)
  to   space 21824K,   0% used [0x00000000e6ab0000, 0x00000000e6ab0000, 0x00000000e8000000)
 concurrent mark-sweep generation total 393216K, used 285407K [0x00000000e8000000, 0x0000000100000000, 0x0000000100000000)
 Metaspace       used 43972K, capacity 45229K, committed 45632K, reserved 1089536K
  class space    used 5313K, capacity 5616K, committed 5732K, reserved 1048576K
}
2019-02-22T17:27:03.113-0700: 81519.478: Total time for which application threads were stopped: 0.0148906 seconds, Stopping threads took: 0.0001008 seconds
2019-02-22T17:27:03.114-0700: 81519.479: [CMS-concurrent-sweep: 0.098/0.179 secs] [Times: user=0.81 sys=0.08, real=0.18 secs] 
2019-02-22T17:27:03.114-0700: 81519.479: [CMS-concurrent-reset-start]
2019-02-22T17:27:03.115-0700: 81519.480: [CMS-concurrent-reset: 0.001/0.001 secs] [Times: user=0.00 sys=0.00, real=0.00 secs] 
{Heap before GC invocations=550 (full 78):
 par new generation   total 109248K, used 109248K [0x00000000e0000000, 0x00000000e8000000, 0x00000000e8000000)
  eden space 87424K, 100% used [0x00000000e0000000, 0x00000000e5560000, 0x00000000e5560000)
  from space 21824K, 100% used [0x00000000e5560000, 0x00000000e6ab0000, 0x00000000e6ab0000)
  to   space 21824K,   0% used [0x00000000e6ab0000, 0x00000000e6ab0000, 0x00000000e8000000)
 concurrent mark-sweep generation total 393216K, used 285399K [0x00000000e8000000, 0x0000000100000000, 0x0000000100000000)
 Metaspace       used 43972K, capacity 45229K, committed 45632K, reserved 1089536K
  class space    used 5313K, capacity 5616K, committed 5732K, reserved 1048576K
2019-02-22T17:27:03.151-0700: 81519.517: [GC (Allocation Failure) 2019-02-22T17:27:03.151-0700: 81519.517: [ParNew
Desired survivor size 20112992 bytes, new threshold 8 (max 8)
- age   1:    5119328 bytes,    5119328 total
- age   2:    1205432 bytes,    6324760 total
- age   3:     174760 bytes,    6499520 total
- age   4:    8509200 bytes,   15008720 total
- age   5:    4932808 bytes,   19941528 total
: 109248K->21824K(109248K), 0.0135705 secs] 394647K->307544K(502464K), 0.0136549 secs] [Times: user=0.06 sys=0.00, real=0.01 secs] 
Heap after GC invocations=551 (full 78):
 par new generation   total 109248K, used 21824K [0x00000000e0000000, 0x00000000e8000000, 0x00000000e8000000)
  eden space 87424K,   0% used [0x00000000e0000000, 0x00000000e0000000, 0x00000000e5560000)
  from space 21824K, 100% used [0x00000000e6ab0000, 0x00000000e8000000, 0x00000000e8000000)
  to   space 21824K,   0% used [0x00000000e5560000, 0x00000000e5560000, 0x00000000e6ab0000)
 concurrent mark-sweep generation total 393216K, used 285720K [0x00000000e8000000, 0x0000000100000000, 0x0000000100000000)
 Metaspace       used 43972K, capacity 45229K, committed 45632K, reserved 1089536K
  class space    used 5313K, capacity 5616K, committed 5732K, reserved 1048576K
}
2019-02-22T17:27:03.164-0700: 81519.530: Total time for which application threads were stopped: 0.0140980 seconds, Stopping threads took: 0.0000889 seconds
2019-02-22T17:27:03.165-0700: 81519.531: [GC (CMS Initial Mark) [1 CMS-initial-mark: 285720K(393216K)] 308079K(502464K), 0.0042415 secs] [Times: user=0.00 sys=0.00, real=0.00 secs] 
2019-02-22T17:27:03.169-0700: 81519.535: Total time for which application threads were stopped: 0.0046008 seconds, Stopping threads took: 0.0001383 seconds
2019-02-22T17:27:03.169-0700: 81519.535: [CMS-concurrent-mark-start]
2019-02-22T17:27:03.255-0700: 81519.620: [CMS-concurrent-mark: 0.085/0.085 secs] [Times: user=0.63 sys=0.00, real=0.09 secs] 
2019-02-22T17:27:03.255-0700: 81519.620: [CMS-concurrent-preclean-start]
{Heap before GC invocations=551 (full 79):
 par new generation   total 109248K, used 109248K [0x00000000e0000000, 0x00000000e8000000, 0x00000000e8000000)
  eden space 87424K, 100% used [0x00000000e0000000, 0x00000000e5560000, 0x00000000e5560000)
  from space 21824K, 100% used [0x00000000e6ab0000, 0x00000000e8000000, 0x00000000e8000000)
  to   space 21824K,   0% used [0x00000000e5560000, 0x00000000e5560000, 0x00000000e6ab0000)
 concurrent mark-sweep generation total 393216K, used 285720K [0x00000000e8000000, 0x0000000100000000, 0x0000000100000000)
 Metaspace       used 43972K, capacity 45229K, committed 45632K, reserved 1089536K
  class space    used 5313K, capacity 5616K, committed 5732K, reserved 1048576K
2019-02-22T17:27:03.260-0700: 81519.626: [GC (Allocation Failure) 2019-02-22T17:27:03.260-0700: 81519.626: [ParNew
Desired survivor size 20112992 bytes, new threshold 6 (max 8)
- age   1:    3994592 bytes,    3994592 total
- age   2:    3515184 bytes,    7509776 total
- age   3:     913200 bytes,    8422976 total
- age   4:     168856 bytes,    8591832 total
- age   5:    8344816 bytes,   16936648 total
- age   6:    4565832 bytes,   21502480 total
: 109248K->21824K(109248K), 0.0200420 secs] 394968K->308657K(502464K), 0.0201366 secs] [Times: user=0.06 sys=0.00, real=0.02 secs] 
Heap after GC invocations=552 (full 79):
 par new generation   total 109248K, used 21824K [0x00000000e0000000, 0x00000000e8000000, 0x00000000e8000000)
  eden space 87424K,   0% used [0x00000000e0000000, 0x00000000e0000000, 0x00000000e5560000)
  from space 21824K, 100% used [0x00000000e5560000, 0x00000000e6ab0000, 0x00000000e6ab0000)
  to   space 21824K,   0% used [0x00000000e6ab0000, 0x00000000e6ab0000, 0x00000000e8000000)
 concurrent mark-sweep generation total 393216K, used 286833K [0x00000000e8000000, 0x0000000100000000, 0x0000000100000000)
 Metaspace       used 43972K, capacity 45229K, committed 45632K, reserved 1089536K
  class space    used 5313K, capacity 5616K, committed 5732K, reserved 1048576K
}
2019-02-22T17:27:03.280-0700: 81519.646: Total time for which application threads were stopped: 0.0207226 seconds, Stopping threads took: 0.0002185 seconds
2019-02-22T17:27:03.281-0700: 81519.647: [CMS-concurrent-preclean: 0.005/0.026 secs] [Times: user=0.09 sys=0.00, real=0.03 secs] 
2019-02-22T17:27:03.284-0700: 81519.650: [GC (CMS Final Remark) [YG occupancy: 28501 K (109248 K)]{Heap before GC invocations=552 (full 79):
 par new generation   total 109248K, used 28501K [0x00000000e0000000, 0x00000000e8000000, 0x00000000e8000000)
  eden space 87424K,   7% used [0x00000000e0000000, 0x00000000e0685768, 0x00000000e5560000)
  from space 21824K, 100% used [0x00000000e5560000, 0x00000000e6ab0000, 0x00000000e6ab0000)
  to   space 21824K,   0% used [0x00000000e6ab0000, 0x00000000e6ab0000, 0x00000000e8000000)
 concurrent mark-sweep generation total 393216K, used 286833K [0x00000000e8000000, 0x0000000100000000, 0x0000000100000000)
 Metaspace       used 43972K, capacity 45229K, committed 45632K, reserved 1089536K
  class space    used 5313K, capacity 5616K, committed 5732K, reserved 1048576K
2019-02-22T17:27:03.284-0700: 81519.650: [GC (CMS Final Remark) 2019-02-22T17:27:03.284-0700: 81519.650: [ParNew
Desired survivor size 20112992 bytes, new threshold 8 (max 8)
- age   1:    1426368 bytes,    1426368 total
- age   2:    3165072 bytes,    4591440 total
- age   3:    3275336 bytes,    7866776 total
- age   4:     796224 bytes,    8663000 total
- age   5:     163272 bytes,    8826272 total
- age   6:    7243680 bytes,   16069952 total
: 28501K->21824K(109248K), 0.0202898 secs] 315335K->315284K(502464K), 0.0204178 secs] [Times: user=0.06 sys=0.00, real=0.02 secs] 
Heap after GC invocations=553 (full 79):
 par new generation   total 109248K, used 21824K [0x00000000e0000000, 0x00000000e8000000, 0x00000000e8000000)
  eden space 87424K,   0% used [0x00000000e0000000, 0x00000000e0000000, 0x00000000e5560000)
  from space 21824K, 100% used [0x00000000e6ab0000, 0x00000000e8000000, 0x00000000e8000000)
  to   space 21824K,   0% used [0x00000000e5560000, 0x00000000e5560000, 0x00000000e6ab0000)
 concurrent mark-sweep generation total 393216K, used 293460K [0x00000000e8000000, 0x0000000100000000, 0x0000000100000000)
 Metaspace       used 43972K, capacity 45229K, committed 45632K, reserved 1089536K
  class space    used 5313K, capacity 5616K, committed 5732K, reserved 1048576K
}
2019-02-22T17:27:03.305-0700: 81519.670: [Rescan (parallel) , 0.0111257 secs]2019-02-22T17:27:03.316-0700: 81519.682: [weak refs processing, 0.0005300 secs]2019-02-22T17:27:03.317-0700: 81519.682: [class unloading, 0.0133814 secs]2019-02-22T17:27:03.330-0700: 81519.696: [scrub symbol table, 0.0102868 secs]2019-02-22T17:27:03.340-0700: 81519.706: [scrub string table, 0.0005233 secs][1 CMS-remark: 293460K(393216K)] 315284K(502464K), 0.0568041 secs] [Times: user=0.14 sys=0.00, real=0.06 secs] 
2019-02-22T17:27:03.341-0700: 81519.707: Total time for which application threads were stopped: 0.0572226 seconds, Stopping threads took: 0.0001815 seconds
2019-02-22T17:27:03.341-0700: 81519.707: [CMS-concurrent-sweep-start]
2019-02-22T17:27:03.477-0700: 81519.842: [CMS-concurrent-sweep: 0.135/0.135 secs] [Times: user=0.69 sys=0.06, real=0.14 secs] 
2019-02-22T17:27:03.477-0700: 81519.842: [CMS-concurrent-reset-start]
2019-02-22T17:27:03.477-0700: 81519.843: [CMS-concurrent-reset: 0.001/0.001 secs] [Times: user=0.00 sys=0.00, real=0.00 secs] 
{Heap before GC invocations=553 (full 79):
 par new generation   total 109248K, used 109248K [0x00000000e0000000, 0x00000000e8000000, 0x00000000e8000000)
  eden space 87424K, 100% used [0x00000000e0000000, 0x00000000e5560000, 0x00000000e5560000)
  from space 21824K, 100% used [0x00000000e6ab0000, 0x00000000e8000000, 0x00000000e8000000)
  to   space 21824K,   0% used [0x00000000e5560000, 0x00000000e5560000, 0x00000000e6ab0000)
 concurrent mark-sweep generation total 393216K, used 219987K [0x00000000e8000000, 0x0000000100000000, 0x0000000100000000)
 Metaspace       used 43972K, capacity 45229K, committed 45632K, reserved 1089536K
  class space    used 5313K, capacity 5616K, committed 5732K, reserved 1048576K
2019-02-22T17:27:03.480-0700: 81519.846: [GC (Allocation Failure) 2019-02-22T17:27:03.480-0700: 81519.846: [ParNew
Desired survivor size 20112992 bytes, new threshold 8 (max 8)
- age   1:    4632280 bytes,    4632280 total
- age   2:     383248 bytes,    5015528 total
- age   3:    2315328 bytes,    7330856 total
- age   4:    2877040 bytes,   10207896 total
- age   5:     650912 bytes,   10858808 total
- age   6:     148064 bytes,   11006872 total
- age   7:    7272496 bytes,   18279368 total
: 109248K->21824K(109248K), 0.0179123 secs] 329235K->241979K(502464K), 0.0181775 secs] [Times: user=0.08 sys=0.00, real=0.02 secs] 
Heap after GC invocations=554 (full 79):
 par new generation   total 109248K, used 21824K [0x00000000e0000000, 0x00000000e8000000, 0x00000000e8000000)
  eden space 87424K,   0% used [0x00000000e0000000, 0x00000000e0000000, 0x00000000e5560000)
  from space 21824K, 100% used [0x00000000e5560000, 0x00000000e6ab0000, 0x00000000e6ab0000)
  to   space 21824K,   0% used [0x00000000e6ab0000, 0x00000000e6ab0000, 0x00000000e8000000)
 concurrent mark-sweep generation total 393216K, used 220155K [0x00000000e8000000, 0x0000000100000000, 0x0000000100000000)
 Metaspace       used 43972K, capacity 45229K, committed 45632K, reserved 1089536K
  class space    used 5313K, capacity 5616K, committed 5732K, reserved 1048576K
}
2019-02-22T17:27:03.498-0700: 81519.864: Total time for which application threads were stopped: 0.0197793 seconds, Stopping threads took: 0.0003948 seconds
2019-02-22T17:27:03.498-0700: 81519.864: [GC (CMS Initial Mark) [1 CMS-initial-mark: 220155K(393216K)] 242764K(502464K), 0.0026325 secs] [Times: user=0.08 sys=0.00, real=0.00 secs] 
2019-02-22T17:27:03.502-0700: 81519.867: Total time for which application threads were stopped: 0.0029347 seconds, Stopping threads took: 0.0000884 seconds
2019-02-22T17:27:03.502-0700: 81519.867: [CMS-concurrent-mark-start]
2019-02-22T17:27:03.584-0700: 81519.949: [CMS-concurrent-mark: 0.082/0.082 secs] [Times: user=0.53 sys=0.00, real=0.08 secs] 
2019-02-22T17:27:03.584-0700: 81519.949: [CMS-concurrent-preclean-start]
2019-02-22T17:27:03.600-0700: 81519.966: [CMS-concurrent-preclean: 0.016/0.017 secs] [Times: user=0.03 sys=0.00, real=0.02 secs] 
2019-02-22T17:27:03.600-0700: 81519.966: [CMS-concurrent-abortable-preclean-start]
{Heap before GC invocations=554 (full 80):
 par new generation   total 109248K, used 109248K [0x00000000e0000000, 0x00000000e8000000, 0x00000000e8000000)
  eden space 87424K, 100% used [0x00000000e0000000, 0x00000000e5560000, 0x00000000e5560000)
  from space 21824K, 100% used [0x00000000e5560000, 0x00000000e6ab0000, 0x00000000e6ab0000)
  to   space 21824K,   0% used [0x00000000e6ab0000, 0x00000000e6ab0000, 0x00000000e8000000)
 concurrent mark-sweep generation total 393216K, used 220155K [0x00000000e8000000, 0x0000000100000000, 0x0000000100000000)
 Metaspace       used 43972K, capacity 45229K, committed 45632K, reserved 1089536K
  class space    used 5313K, capacity 5616K, committed 5732K, reserved 1048576K
2019-02-22T17:27:03.647-0700: 81520.012: [GC (Allocation Failure) 2019-02-22T17:27:03.647-0700: 81520.012: [ParNew
Desired survivor size 20112992 bytes, new threshold 8 (max 8)
- age   1:    4795120 bytes,    4795120 total
- age   2:    2675528 bytes,    7470648 total
- age   3:     381872 bytes,    7852520 total
- age   4:    2291552 bytes,   10144072 total
- age   5:    2872720 bytes,   13016792 total
- age   6:     631920 bytes,   13648712 total
- age   7:     145864 bytes,   13794576 total
- age   8:    7237136 bytes,   21031712 total
: 109248K->21824K(109248K), 0.0175046 secs] 329403K->242313K(502464K), 0.0175930 secs] [Times: user=0.06 sys=0.00, real=0.02 secs] 
Heap after GC invocations=555 (full 80):
 par new generation   total 109248K, used 21824K [0x00000000e0000000, 0x00000000e8000000, 0x00000000e8000000)
  eden space 87424K,   0% used [0x00000000e0000000, 0x00000000e0000000, 0x00000000e5560000)
  from space 21824K, 100% used [0x00000000e6ab0000, 0x00000000e8000000, 0x00000000e8000000)
  to   space 21824K,   0% used [0x00000000e5560000, 0x00000000e5560000, 0x00000000e6ab0000)
 concurrent mark-sweep generation total 393216K, used 220489K [0x00000000e8000000, 0x0000000100000000, 0x0000000100000000)
 Metaspace       used 43972K, capacity 45229K, committed 45632K, reserved 1089536K
  class space    used 5313K, capacity 5616K, committed 5732K, reserved 1048576K
}
2019-02-22T17:27:03.664-0700: 81520.029: Total time for which application threads were stopped: 0.0179529 seconds, Stopping threads took: 0.0000473 seconds
2019-02-22T17:27:03.782-0700: 81520.148: [CMS-concurrent-abortable-preclean: 0.161/0.182 secs] [Times: user=0.66 sys=0.00, real=0.18 secs] 
2019-02-22T17:27:03.782-0700: 81520.148: [GC (CMS Final Remark) [YG occupancy: 90129 K (109248 K)]{Heap before GC invocations=555 (full 80):
 par new generation   total 109248K, used 90129K [0x00000000e0000000, 0x00000000e8000000, 0x00000000e8000000)
  eden space 87424K,  78% used [0x00000000e0000000, 0x00000000e42b4750, 0x00000000e5560000)
  from space 21824K, 100% used [0x00000000e6ab0000, 0x00000000e8000000, 0x00000000e8000000)
  to   space 21824K,   0% used [0x00000000e5560000, 0x00000000e5560000, 0x00000000e6ab0000)
 concurrent mark-sweep generation total 393216K, used 220489K [0x00000000e8000000, 0x0000000100000000, 0x0000000100000000)
 Metaspace       used 43972K, capacity 45229K, committed 45632K, reserved 1089536K
  class space    used 5313K, capacity 5616K, committed 5732K, reserved 1048576K
2019-02-22T17:27:03.782-0700: 81520.148: [GC (CMS Final Remark) 2019-02-22T17:27:03.782-0700: 81520.148: [ParNew
Desired survivor size 20112992 bytes, new threshold 8 (max 8)
- age   1:    2580336 bytes,    2580336 total
- age   2:    3496656 bytes,    6076992 total
- age   3:    2659512 bytes,    8736504 total
- age   4:     378792 bytes,    9115296 total
- age   5:    2247944 bytes,   11363240 total
- age   6:    2856136 bytes,   14219376 total
- age   7:     630816 bytes,   14850192 total
- age   8:     145864 bytes,   14996056 total
: 90129K->19371K(109248K), 0.0178516 secs] 310619K->246903K(502464K), 0.0179153 secs] [Times: user=0.06 sys=0.00, real=0.02 secs] 
Heap after GC invocations=556 (full 80):
 par new generation   total 109248K, used 19371K [0x00000000e0000000, 0x00000000e8000000, 0x00000000e8000000)
  eden space 87424K,   0% used [0x00000000e0000000, 0x00000000e0000000, 0x00000000e5560000)
  from space 21824K,  88% used [0x00000000e5560000, 0x00000000e684adc0, 0x00000000e6ab0000)
  to   space 21824K,   0% used [0x00000000e6ab0000, 0x00000000e6ab0000, 0x00000000e8000000)
 concurrent mark-sweep generation total 393216K, used 227531K [0x00000000e8000000, 0x0000000100000000, 0x0000000100000000)
 Metaspace       used 43972K, capacity 45229K, committed 45632K, reserved 1089536K
  class space    used 5313K, capacity 5616K, committed 5732K, reserved 1048576K
}
2019-02-22T17:27:03.801-0700: 81520.166: [Rescan (parallel) , 0.0087415 secs]2019-02-22T17:27:03.809-0700: 81520.175: [weak refs processing, 0.0006755 secs]2019-02-22T17:27:03.811-0700: 81520.176: [class unloading, 0.0110049 secs]2019-02-22T17:27:03.821-0700: 81520.187: [scrub symbol table, 0.0082125 secs]2019-02-22T17:27:03.829-0700: 81520.195: [scrub string table, 0.0006210 secs][1 CMS-remark: 227531K(393216K)] 246903K(502464K), 0.0475979 secs] [Times: user=0.09 sys=0.00, real=0.05 secs] 
2019-02-22T17:27:03.830-0700: 81520.196: Total time for which application threads were stopped: 0.0478704 seconds, Stopping threads took: 0.0000761 seconds
2019-02-22T17:27:03.830-0700: 81520.196: [CMS-concurrent-sweep-start]
{Heap before GC invocations=556 (full 80):
 par new generation   total 109248K, used 106521K [0x00000000e0000000, 0x00000000e8000000, 0x00000000e8000000)
  eden space 87424K,  99% used [0x00000000e0000000, 0x00000000e551b660, 0x00000000e5560000)
  from space 21824K,  88% used [0x00000000e5560000, 0x00000000e684adc0, 0x00000000e6ab0000)
  to   space 21824K,   0% used [0x00000000e6ab0000, 0x00000000e6ab0000, 0x00000000e8000000)
 concurrent mark-sweep generation total 393216K, used 227123K [0x00000000e8000000, 0x0000000100000000, 0x0000000100000000)
 Metaspace       used 43972K, capacity 45229K, committed 45632K, reserved 1089536K
  class space    used 5313K, capacity 5616K, committed 5732K, reserved 1048576K
2019-02-22T17:27:03.859-0700: 81520.224: [GC (Allocation Failure) 2019-02-22T17:27:03.859-0700: 81520.224: [ParNew
Desired survivor size 20112992 bytes, new threshold 6 (max 8)
- age   1:   12302928 bytes,   12302928 total
- age   2:    1688448 bytes,   13991376 total
- age   3:    3092328 bytes,   17083704 total
- age   4:    1607320 bytes,   18691024 total
- age   5:      87424 bytes,   18778448 total
- age   6:    2059328 bytes,   20837776 total
- age   7:     953616 bytes,   21791392 total
- age   8:     501344 bytes,   22292736 total
: 106521K->21824K(109248K), 0.0207077 secs] 333644K->262586K(502464K), 0.0208126 secs] [Times: user=0.06 sys=0.00, real=0.02 secs] 
Heap after GC invocations=557 (full 80):
 par new generation   total 109248K, used 21824K [0x00000000e0000000, 0x00000000e8000000, 0x00000000e8000000)
  eden space 87424K,   0% used [0x00000000e0000000, 0x00000000e0000000, 0x00000000e5560000)
  from space 21824K, 100% used [0x00000000e6ab0000, 0x00000000e8000000, 0x00000000e8000000)
  to   space 21824K,   0% used [0x00000000e5560000, 0x00000000e5560000, 0x00000000e6ab0000)
 concurrent mark-sweep generation total 393216K, used 240762K [0x00000000e8000000, 0x0000000100000000, 0x0000000100000000)
 Metaspace       used 43972K, capacity 45229K, committed 45632K, reserved 1089536K
  class space    used 5313K, capacity 5616K, committed 5732K, reserved 1048576K
}
2019-02-22T17:27:03.880-0700: 81520.245: Total time for which application threads were stopped: 0.0211750 seconds, Stopping threads took: 0.0000550 seconds
{Heap before GC invocations=557 (full 80):
 par new generation   total 109248K, used 109248K [0x00000000e0000000, 0x00000000e8000000, 0x00000000e8000000)
  eden space 87424K, 100% used [0x00000000e0000000, 0x00000000e5560000, 0x00000000e5560000)
  from space 21824K, 100% used [0x00000000e6ab0000, 0x00000000e8000000, 0x00000000e8000000)
  to   space 21824K,   0% used [0x00000000e5560000, 0x00000000e5560000, 0x00000000e6ab0000)
 concurrent mark-sweep generation total 393216K, used 240660K [0x00000000e8000000, 0x0000000100000000, 0x0000000100000000)
 Metaspace       used 43972K, capacity 45229K, committed 45632K, reserved 1089536K
  class space    used 5313K, capacity 5616K, committed 5732K, reserved 1048576K
2019-02-22T17:27:03.892-0700: 81520.257: [GC (Allocation Failure) 2019-02-22T17:27:03.892-0700: 81520.257: [ParNew
Desired survivor size 20112992 bytes, new threshold 8 (max 8)
- age   1:    1739264 bytes,    1739264 total
- age   2:   10477520 bytes,   12216784 total
- age   3:    1688160 bytes,   13904944 total
- age   4:    3083040 bytes,   16987984 total
- age   5:    1363928 bytes,   18351912 total
- age   6:      87424 bytes,   18439336 total
: 109248K->21824K(109248K), 0.0182839 secs] 349908K->267235K(502464K), 0.0183518 secs] [Times: user=0.06 sys=0.00, real=0.02 secs] 
Heap after GC invocations=558 (full 80):
 par new generation   total 109248K, used 21824K [0x00000000e0000000, 0x00000000e8000000, 0x00000000e8000000)
  eden space 87424K,   0% used [0x00000000e0000000, 0x00000000e0000000, 0x00000000e5560000)
  from space 21824K, 100% used [0x00000000e5560000, 0x00000000e6ab0000, 0x00000000e6ab0000)
  to   space 21824K,   0% used [0x00000000e6ab0000, 0x00000000e6ab0000, 0x00000000e8000000)
 concurrent mark-sweep generation total 393216K, used 245411K [0x00000000e8000000, 0x0000000100000000, 0x0000000100000000)
 Metaspace       used 43972K, capacity 45229K, committed 45632K, reserved 1089536K
  class space    used 5313K, capacity 5616K, committed 5732K, reserved 1048576K
}
2019-02-22T17:27:03.910-0700: 81520.276: Total time for which application threads were stopped: 0.0187697 seconds, Stopping threads took: 0.0001028 seconds
{Heap before GC invocations=558 (full 80):
 par new generation   total 109248K, used 109248K [0x00000000e0000000, 0x00000000e8000000, 0x00000000e8000000)
  eden space 87424K, 100% used [0x00000000e0000000, 0x00000000e5560000, 0x00000000e5560000)
  from space 21824K, 100% used [0x00000000e5560000, 0x00000000e6ab0000, 0x00000000e6ab0000)
  to   space 21824K,   0% used [0x00000000e6ab0000, 0x00000000e6ab0000, 0x00000000e8000000)
 concurrent mark-sweep generation total 393216K, used 242938K [0x00000000e8000000, 0x0000000100000000, 0x0000000100000000)
 Metaspace       used 43972K, capacity 45229K, committed 45632K, reserved 1089536K
  class space    used 5313K, capacity 5616K, committed 5732K, reserved 1048576K
2019-02-22T17:27:03.967-0700: 81520.332: [GC (Allocation Failure) 2019-02-22T17:27:03.967-0700: 81520.332: [ParNew
Desired survivor size 20112992 bytes, new threshold 8 (max 8)
- age   1:    2108296 bytes,    2108296 total
- age   2:     542496 bytes,    2650792 total
- age   3:    9783680 bytes,   12434472 total
- age   4:    1345088 bytes,   13779560 total
- age   5:    3015224 bytes,   16794784 total
- age   6:    1203520 bytes,   17998304 total
- age   7:      70952 bytes,   18069256 total
: 109248K->21824K(109248K), 0.0150212 secs] 352186K->265554K(502464K), 0.0151204 secs] [Times: user=0.06 sys=0.00, real=0.01 secs] 
Heap after GC invocations=559 (full 80):
 par new generation   total 109248K, used 21824K [0x00000000e0000000, 0x00000000e8000000, 0x00000000e8000000)
  eden space 87424K,   0% used [0x00000000e0000000, 0x00000000e0000000, 0x00000000e5560000)
  from space 21824K, 100% used [0x00000000e6ab0000, 0x00000000e8000000, 0x00000000e8000000)
  to   space 21824K,   0% used [0x00000000e5560000, 0x00000000e5560000, 0x00000000e6ab0000)
 concurrent mark-sweep generation total 393216K, used 243730K [0x00000000e8000000, 0x0000000100000000, 0x0000000100000000)
 Metaspace       used 43972K, capacity 45229K, committed 45632K, reserved 1089536K
  class space    used 5313K, capacity 5616K, committed 5732K, reserved 1048576K
}
2019-02-22T17:27:03.981-0700: 81520.347: Total time for which application threads were stopped: 0.0155641 seconds, Stopping threads took: 0.0000838 seconds
2019-02-22T17:27:03.988-0700: 81520.354: [CMS-concurrent-sweep: 0.103/0.158 secs] [Times: user=0.59 sys=0.02, real=0.16 secs] 
2019-02-22T17:27:03.989-0700: 81520.354: [CMS-concurrent-reset-start]
2019-02-22T17:27:03.989-0700: 81520.355: [CMS-concurrent-reset: 0.001/0.001 secs] [Times: user=0.00 sys=0.00, real=0.00 secs] 
{Heap before GC invocations=559 (full 80):
 par new generation   total 109248K, used 109248K [0x00000000e0000000, 0x00000000e8000000, 0x00000000e8000000)
  eden space 87424K, 100% used [0x00000000e0000000, 0x00000000e5560000, 0x00000000e5560000)
  from space 21824K, 100% used [0x00000000e6ab0000, 0x00000000e8000000, 0x00000000e8000000)
  to   space 21824K,   0% used [0x00000000e5560000, 0x00000000e5560000, 0x00000000e6ab0000)
 concurrent mark-sweep generation total 393216K, used 243324K [0x00000000e8000000, 0x0000000100000000, 0x0000000100000000)
 Metaspace       used 43975K, capacity 45229K, committed 45632K, reserved 1089536K
  class space    used 5313K, capacity 5616K, committed 5732K, reserved 1048576K
2019-02-22T17:27:04.058-0700: 81520.424: [GC (Allocation Failure) 2019-02-22T17:27:04.058-0700: 81520.424: [ParNew
Desired survivor size 20112992 bytes, new threshold 8 (max 8)
- age   1:    3303488 bytes,    3303488 total
- age   2:    1339128 bytes,    4642616 total
- age   3:     481464 bytes,    5124080 total
- age   4:    9290448 bytes,   14414528 total
- age   5:    1312960 bytes,   15727488 total
- age   6:    2532944 bytes,   18260432 total
- age   7:    1034064 bytes,   19294496 total
- age   8:      70928 bytes,   19365424 total
: 109248K->21824K(109248K), 0.0185116 secs] 352572K->265918K(502464K), 0.0185862 secs] [Times: user=0.06 sys=0.00, real=0.02 secs] 
Heap after GC invocations=560 (full 80):
 par new generation   total 109248K, used 21824K [0x00000000e0000000, 0x00000000e8000000, 0x00000000e8000000)
  eden space 87424K,   0% used [0x00000000e0000000, 0x00000000e0000000, 0x00000000e5560000)
  from space 21824K, 100% used [0x00000000e5560000, 0x00000000e6ab0000, 0x00000000e6ab0000)
  to   space 21824K,   0% used [0x00000000e6ab0000, 0x00000000e6ab0000, 0x00000000e8000000)
 concurrent mark-sweep generation total 393216K, used 244094K [0x00000000e8000000, 0x0000000100000000, 0x0000000100000000)
 Metaspace       used 43975K, capacity 45229K, committed 45632K, reserved 1089536K
  class space    used 5313K, capacity 5616K, committed 5732K, reserved 1048576K
}
2019-02-22T17:27:04.077-0700: 81520.443: Total time for which application threads were stopped: 0.0190072 seconds, Stopping threads took: 0.0000673 seconds
2019-02-22T17:27:04.078-0700: 81520.444: [GC (CMS Initial Mark) [1 CMS-initial-mark: 244094K(393216K)] 265924K(502464K), 0.0038672 secs] [Times: user=0.00 sys=0.00, real=0.00 secs] 
2019-02-22T17:27:04.082-0700: 81520.448: Total time for which application threads were stopped: 0.0053858 seconds, Stopping threads took: 0.0001568 seconds
2019-02-22T17:27:04.082-0700: 81520.448: [CMS-concurrent-mark-start]
2019-02-22T17:27:04.175-0700: 81520.540: [CMS-concurrent-mark: 0.092/0.092 secs] [Times: user=0.58 sys=0.01, real=0.09 secs] 
2019-02-22T17:27:04.175-0700: 81520.540: [CMS-concurrent-preclean-start]
2019-02-22T17:27:04.193-0700: 81520.559: [CMS-concurrent-preclean: 0.018/0.019 secs] [Times: user=0.05 sys=0.02, real=0.02 secs] 
2019-02-22T17:27:04.193-0700: 81520.559: [CMS-concurrent-abortable-preclean-start]
{Heap before GC invocations=560 (full 81):
 par new generation   total 109248K, used 109248K [0x00000000e0000000, 0x00000000e8000000, 0x00000000e8000000)
  eden space 87424K, 100% used [0x00000000e0000000, 0x00000000e5560000, 0x00000000e5560000)
  from space 21824K, 100% used [0x00000000e5560000, 0x00000000e6ab0000, 0x00000000e6ab0000)
  to   space 21824K,   0% used [0x00000000e6ab0000, 0x00000000e6ab0000, 0x00000000e8000000)
 concurrent mark-sweep generation total 393216K, used 244094K [0x00000000e8000000, 0x0000000100000000, 0x0000000100000000)
 Metaspace       used 43975K, capacity 45229K, committed 45632K, reserved 1089536K
  class space    used 5313K, capacity 5616K, committed 5732K, reserved 1048576K
2019-02-22T17:27:04.267-0700: 81520.633: [GC (Allocation Failure) 2019-02-22T17:27:04.267-0700: 81520.633: [ParNew
Desired survivor size 20112992 bytes, new threshold 8 (max 8)
- age   1:    2942456 bytes,    2942456 total
- age   2:    1982488 bytes,    4924944 total
- age   3:    1050216 bytes,    5975160 total
- age   4:     176976 bytes,    6152136 total
- age   5:    8817928 bytes,   14970064 total
- age   6:    1311032 bytes,   16281096 total
- age   7:    2557176 bytes,   18838272 total
- age   8:    1059120 bytes,   19897392 total
: 109248K->21824K(109248K), 0.0157018 secs] 353342K->266785K(502464K), 0.0157800 secs] [Times: user=0.06 sys=0.00, real=0.02 secs] 
Heap after GC invocations=561 (full 81):
 par new generation   total 109248K, used 21824K [0x00000000e0000000, 0x00000000e8000000, 0x00000000e8000000)
  eden space 87424K,   0% used [0x00000000e0000000, 0x00000000e0000000, 0x00000000e5560000)
  from space 21824K, 100% used [0x00000000e6ab0000, 0x00000000e8000000, 0x00000000e8000000)
  to   space 21824K,   0% used [0x00000000e5560000, 0x00000000e5560000, 0x00000000e6ab0000)
 concurrent mark-sweep generation total 393216K, used 244961K [0x00000000e8000000, 0x0000000100000000, 0x0000000100000000)
 Metaspace       used 43975K, capacity 45229K, committed 45632K, reserved 1089536K
  class space    used 5313K, capacity 5616K, committed 5732K, reserved 1048576K
}
2019-02-22T17:27:04.283-0700: 81520.649: Total time for which application threads were stopped: 0.0161850 seconds, Stopping threads took: 0.0000694 seconds
2019-02-22T17:27:04.397-0700: 81520.762: [CMS-concurrent-abortable-preclean: 0.181/0.202 secs] [Times: user=0.59 sys=0.05, real=0.20 secs] 
2019-02-22T17:27:04.397-0700: 81520.762: [GC (CMS Final Remark) [YG occupancy: 95308 K (109248 K)]{Heap before GC invocations=561 (full 81):
 par new generation   total 109248K, used 95308K [0x00000000e0000000, 0x00000000e8000000, 0x00000000e8000000)
  eden space 87424K,  84% used [0x00000000e0000000, 0x00000000e47c32e8, 0x00000000e5560000)
  from space 21824K, 100% used [0x00000000e6ab0000, 0x00000000e8000000, 0x00000000e8000000)
  to   space 21824K,   0% used [0x00000000e5560000, 0x00000000e5560000, 0x00000000e6ab0000)
 concurrent mark-sweep generation total 393216K, used 244961K [0x00000000e8000000, 0x0000000100000000, 0x0000000100000000)
 Metaspace       used 43975K, capacity 45229K, committed 45632K, reserved 1089536K
  class space    used 5313K, capacity 5616K, committed 5732K, reserved 1048576K
2019-02-22T17:27:04.397-0700: 81520.762: [GC (CMS Final Remark) 2019-02-22T17:27:04.397-0700: 81520.762: [ParNew
Desired survivor size 20112992 bytes, new threshold 8 (max 8)
- age   1:    3036744 bytes,    3036744 total
- age   2:    1834360 bytes,    4871104 total
- age   3:    1722624 bytes,    6593728 total
- age   4:     717880 bytes,    7311608 total
- age   5:     174080 bytes,    7485688 total
- age   6:    8299360 bytes,   15785048 total
- age   7:    1282736 bytes,   17067784 total
- age   8:    2502872 bytes,   19570656 total
: 95308K->21824K(109248K), 0.0153281 secs] 340269K->268685K(502464K), 0.0153975 secs] [Times: user=0.06 sys=0.00, real=0.02 secs] 
Heap after GC invocations=562 (full 81):
 par new generation   total 109248K, used 21824K [0x00000000e0000000, 0x00000000e8000000, 0x00000000e8000000)
  eden space 87424K,   0% used [0x00000000e0000000, 0x00000000e0000000, 0x00000000e5560000)
  from space 21824K, 100% used [0x00000000e5560000, 0x00000000e6ab0000, 0x00000000e6ab0000)
  to   space 21824K,   0% used [0x00000000e6ab0000, 0x00000000e6ab0000, 0x00000000e8000000)
 concurrent mark-sweep generation total 393216K, used 246861K [0x00000000e8000000, 0x0000000100000000, 0x0000000100000000)
 Metaspace       used 43975K, capacity 45229K, committed 45632K, reserved 1089536K
  class space    used 5313K, capacity 5616K, committed 5732K, reserved 1048576K
}
2019-02-22T17:27:04.413-0700: 81520.778: [Rescan (parallel) , 0.0075983 secs]2019-02-22T17:27:04.420-0700: 81520.785: [weak refs processing, 0.0010893 secs]2019-02-22T17:27:04.421-0700: 81520.786: [class unloading, 0.0101860 secs]2019-02-22T17:27:04.432-0700: 81520.797: [scrub symbol table, 0.0082172 secs]2019-02-22T17:27:04.440-0700: 81520.805: [scrub string table, 0.0005038 secs][1 CMS-remark: 246861K(393216K)] 268685K(502464K), 0.0435019 secs] [Times: user=0.09 sys=0.00, real=0.04 secs] 
2019-02-22T17:27:04.441-0700: 81520.806: Total time for which application threads were stopped: 0.0438052 seconds, Stopping threads took: 0.0000817 seconds
2019-02-22T17:27:04.441-0700: 81520.806: [CMS-concurrent-sweep-start]
{Heap before GC invocations=562 (full 81):
 par new generation   total 109248K, used 108884K [0x00000000e0000000, 0x00000000e8000000, 0x00000000e8000000)
  eden space 87424K,  99% used [0x00000000e0000000, 0x00000000e5505068, 0x00000000e5560000)
  from space 21824K, 100% used [0x00000000e5560000, 0x00000000e6ab0000, 0x00000000e6ab0000)
  to   space 21824K,   0% used [0x00000000e6ab0000, 0x00000000e6ab0000, 0x00000000e8000000)
 concurrent mark-sweep generation total 393216K, used 245064K [0x00000000e8000000, 0x0000000100000000, 0x0000000100000000)
 Metaspace       used 43975K, capacity 45229K, committed 45632K, reserved 1089536K
  class space    used 5313K, capacity 5616K, committed 5732K, reserved 1048576K
2019-02-22T17:27:04.460-0700: 81520.826: [GC (Allocation Failure) 2019-02-22T17:27:04.461-0700: 81520.826: [ParNew
Desired survivor size 20112992 bytes, new threshold 7 (max 8)
- age   1:   12715080 bytes,   12715080 total
- age   2:    2273192 bytes,   14988272 total
- age   3:    1752456 bytes,   16740728 total
- age   4:    1627592 bytes,   18368320 total
- age   5:     691400 bytes,   19059720 total
- age   6:      74680 bytes,   19134400 total
- age   7:    2181496 bytes,   21315896 total
- age   8:    1056944 bytes,   22372840 total
: 108884K->21824K(109248K), 0.0367179 secs] 353948K->304039K(502464K), 0.0368763 secs] [Times: user=0.13 sys=0.00, real=0.04 secs] 
Heap after GC invocations=563 (full 81):
 par new generation   total 109248K, used 21824K [0x00000000e0000000, 0x00000000e8000000, 0x00000000e8000000)
  eden space 87424K,   0% used [0x00000000e0000000, 0x00000000e0000000, 0x00000000e5560000)
  from space 21824K, 100% used [0x00000000e6ab0000, 0x00000000e8000000, 0x00000000e8000000)
  to   space 21824K,   0% used [0x00000000e5560000, 0x00000000e5560000, 0x00000000e6ab0000)
 concurrent mark-sweep generation total 393216K, used 282215K [0x00000000e8000000, 0x0000000100000000, 0x0000000100000000)
 Metaspace       used 43975K, capacity 45229K, committed 45632K, reserved 1089536K
  class space    used 5313K, capacity 5616K, committed 5732K, reserved 1048576K
}
2019-02-22T17:27:04.497-0700: 81520.863: Total time for which application threads were stopped: 0.0376021 seconds, Stopping threads took: 0.0002524 seconds
2019-02-22T17:27:04.501-0700: 81520.867: Total time for which application threads were stopped: 0.0004647 seconds, Stopping threads took: 0.0001635 seconds
{Heap before GC invocations=563 (full 81):
 par new generation   total 109248K, used 109007K [0x00000000e0000000, 0x00000000e8000000, 0x00000000e8000000)
  eden space 87424K,  99% used [0x00000000e0000000, 0x00000000e5523f58, 0x00000000e5560000)
  from space 21824K, 100% used [0x00000000e6ab0000, 0x00000000e8000000, 0x00000000e8000000)
  to   space 21824K,   0% used [0x00000000e5560000, 0x00000000e5560000, 0x00000000e6ab0000)
 concurrent mark-sweep generation total 393216K, used 282018K [0x00000000e8000000, 0x0000000100000000, 0x0000000100000000)
 Metaspace       used 43975K, capacity 45229K, committed 45632K, reserved 1089536K
  class space    used 5313K, capacity 5616K, committed 5732K, reserved 1048576K
2019-02-22T17:27:04.506-0700: 81520.871: [GC (Allocation Failure) 2019-02-22T17:27:04.506-0700: 81520.871: [ParNew
Desired survivor size 20112992 bytes, new threshold 8 (max 8)
- age   1:     836392 bytes,     836392 total
- age   2:   10304856 bytes,   11141248 total
- age   3:    2001424 bytes,   13142672 total
- age   4:    1636224 bytes,   14778896 total
- age   5:    1599464 bytes,   16378360 total
- age   6:     597664 bytes,   16976024 total
- age   7:      71240 bytes,   17047264 total
: 109007K->21824K(109248K), 0.0152623 secs] 391026K->310020K(502464K), 0.0153312 secs] [Times: user=0.06 sys=0.00, real=0.01 secs] 
Heap after GC invocations=564 (full 81):
 par new generation   total 109248K, used 21824K [0x00000000e0000000, 0x00000000e8000000, 0x00000000e8000000)
  eden space 87424K,   0% used [0x00000000e0000000, 0x00000000e0000000, 0x00000000e5560000)
  from space 21824K, 100% used [0x00000000e5560000, 0x00000000e6ab0000, 0x00000000e6ab0000)
  to   space 21824K,   0% used [0x00000000e6ab0000, 0x00000000e6ab0000, 0x00000000e8000000)
 concurrent mark-sweep generation total 393216K, used 288196K [0x00000000e8000000, 0x0000000100000000, 0x0000000100000000)
 Metaspace       used 43975K, capacity 45229K, committed 45632K, reserved 1089536K
  class space    used 5313K, capacity 5616K, committed 5732K, reserved 1048576K
}
2019-02-22T17:27:04.521-0700: 81520.886: Total time for which application threads were stopped: 0.0158874 seconds, Stopping threads took: 0.0001044 seconds
{Heap before GC invocations=564 (full 81):
 par new generation   total 109248K, used 108869K [0x00000000e0000000, 0x00000000e8000000, 0x00000000e8000000)
  eden space 87424K,  99% used [0x00000000e0000000, 0x00000000e5501740, 0x00000000e5560000)
  from space 21824K, 100% used [0x00000000e5560000, 0x00000000e6ab0000, 0x00000000e6ab0000)
  to   space 21824K,   0% used [0x00000000e6ab0000, 0x00000000e6ab0000, 0x00000000e8000000)
 concurrent mark-sweep generation total 393216K, used 287714K [0x00000000e8000000, 0x0000000100000000, 0x0000000100000000)
 Metaspace       used 43975K, capacity 45229K, committed 45632K, reserved 1089536K
  class space    used 5313K, capacity 5616K, committed 5732K, reserved 1048576K
2019-02-22T17:27:04.529-0700: 81520.894: [GC (Allocation Failure) 2019-02-22T17:27:04.529-0700: 81520.894: [ParNew
Desired survivor size 20112992 bytes, new threshold 8 (max 8)
- age   1:     885696 bytes,     885696 total
- age   2:     827448 bytes,    1713144 total
- age   3:   10273576 bytes,   11986720 total
- age   4:    2001424 bytes,   13988144 total
- age   5:    1669008 bytes,   15657152 total
- age   6:    1599464 bytes,   17256616 total
- age   7:     597664 bytes,   17854280 total
- age   8:      71240 bytes,   17925520 total
: 108869K->21824K(109248K), 0.0109350 secs] 396583K->309538K(502464K), 0.0110316 secs] [Times: user=0.05 sys=0.00, real=0.01 secs] 
Heap after GC invocations=565 (full 81):
 par new generation   total 109248K, used 21824K [0x00000000e0000000, 0x00000000e8000000, 0x00000000e8000000)
  eden space 87424K,   0% used [0x00000000e0000000, 0x00000000e0000000, 0x00000000e5560000)
  from space 21824K, 100% used [0x00000000e6ab0000, 0x00000000e8000000, 0x00000000e8000000)
  to   space 21824K,   0% used [0x00000000e5560000, 0x00000000e5560000, 0x00000000e6ab0000)
 concurrent mark-sweep generation total 393216K, used 287714K [0x00000000e8000000, 0x0000000100000000, 0x0000000100000000)
 Metaspace       used 43975K, capacity 45229K, committed 45632K, reserved 1089536K
  class space    used 5313K, capacity 5616K, committed 5732K, reserved 1048576K
}
2019-02-22T17:27:04.540-0700: 81520.905: Total time for which application threads were stopped: 0.0118356 seconds, Stopping threads took: 0.0003048 seconds
{Heap before GC invocations=565 (full 81):
 par new generation   total 109248K, used 109054K [0x00000000e0000000, 0x00000000e8000000, 0x00000000e8000000)
  eden space 87424K,  99% used [0x00000000e0000000, 0x00000000e552f838, 0x00000000e5560000)
  from space 21824K, 100% used [0x00000000e6ab0000, 0x00000000e8000000, 0x00000000e8000000)
  to   space 21824K,   0% used [0x00000000e5560000, 0x00000000e5560000, 0x00000000e6ab0000)
 concurrent mark-sweep generation total 393216K, used 287367K [0x00000000e8000000, 0x0000000100000000, 0x0000000100000000)
 Metaspace       used 43975K, capacity 45229K, committed 45632K, reserved 1089536K
  class space    used 5313K, capacity 5616K, committed 5732K, reserved 1048576K
2019-02-22T17:27:04.548-0700: 81520.913: [GC (Allocation Failure) 2019-02-22T17:27:04.548-0700: 81520.913: [ParNew
Desired survivor size 20112992 bytes, new threshold 8 (max 8)
- age   1:     794960 bytes,     794960 total
- age   2:     317528 bytes,    1112488 total
- age   3:     721688 bytes,    1834176 total
- age   4:   10257728 bytes,   12091904 total
- age   5:    2034208 bytes,   14126112 total
- age   6:    1636224 bytes,   15762336 total
- age   7:    1599464 bytes,   17361800 total
- age   8:     597664 bytes,   17959464 total
: 109054K->21824K(109248K), 0.0112912 secs] 396421K->309261K(502464K), 0.0113652 secs] [Times: user=0.00 sys=0.00, real=0.01 secs] 
Heap after GC invocations=566 (full 81):
 par new generation   total 109248K, used 21824K [0x00000000e0000000, 0x00000000e8000000, 0x00000000e8000000)
  eden space 87424K,   0% used [0x00000000e0000000, 0x00000000e0000000, 0x00000000e5560000)
  from space 21824K, 100% used [0x00000000e5560000, 0x00000000e6ab0000, 0x00000000e6ab0000)
  to   space 21824K,   0% used [0x00000000e6ab0000, 0x00000000e6ab0000, 0x00000000e8000000)
 concurrent mark-sweep generation total 393216K, used 287437K [0x00000000e8000000, 0x0000000100000000, 0x0000000100000000)
 Metaspace       used 43975K, capacity 45229K, committed 45632K, reserved 1089536K
  class space    used 5313K, capacity 5616K, committed 5732K, reserved 1048576K
}
2019-02-22T17:27:04.559-0700: 81520.925: Total time for which application threads were stopped: 0.0118901 seconds, Stopping threads took: 0.0001378 seconds
{Heap before GC invocations=566 (full 81):
 par new generation   total 109248K, used 108881K [0x00000000e0000000, 0x00000000e8000000, 0x00000000e8000000)
  eden space 87424K,  99% used [0x00000000e0000000, 0x00000000e5504570, 0x00000000e5560000)
  from space 21824K, 100% used [0x00000000e5560000, 0x00000000e6ab0000, 0x00000000e6ab0000)
  to   space 21824K,   0% used [0x00000000e6ab0000, 0x00000000e6ab0000, 0x00000000e8000000)
 concurrent mark-sweep generation total 393216K, used 286801K [0x00000000e8000000, 0x0000000100000000, 0x0000000100000000)
 Metaspace       used 43975K, capacity 45229K, committed 45632K, reserved 1089536K
  class space    used 5313K, capacity 5616K, committed 5732K, reserved 1048576K
2019-02-22T17:27:04.567-0700: 81520.932: [GC (Allocation Failure) 2019-02-22T17:27:04.567-0700: 81520.932: [ParNew
Desired survivor size 20112992 bytes, new threshold 8 (max 8)
- age   1:     146912 bytes,     146912 total
- age   2:     202264 bytes,     349176 total
- age   3:     288928 bytes,     638104 total
- age   4:     608880 bytes,    1246984 total
- age   5:    9946216 bytes,   11193200 total
- age   6:    2034208 bytes,   13227408 total
- age   7:    1586048 bytes,   14813456 total
- age   8:    1586976 bytes,   16400432 total
: 108881K->21824K(109248K), 0.0114629 secs] 395682K->309567K(502464K), 0.0115668 secs] [Times: user=0.00 sys=0.00, real=0.01 secs] 
Heap after GC invocations=567 (full 81):
 par new generation   total 109248K, used 21824K [0x00000000e0000000, 0x00000000e8000000, 0x00000000e8000000)
  eden space 87424K,   0% used [0x00000000e0000000, 0x00000000e0000000, 0x00000000e5560000)
  from space 21824K, 100% used [0x00000000e6ab0000, 0x00000000e8000000, 0x00000000e8000000)
  to   space 21824K,   0% used [0x00000000e5560000, 0x00000000e5560000, 0x00000000e6ab0000)
 concurrent mark-sweep generation total 393216K, used 287743K [0x00000000e8000000, 0x0000000100000000, 0x0000000100000000)
 Metaspace       used 43975K, capacity 45229K, committed 45632K, reserved 1089536K
  class space    used 5313K, capacity 5616K, committed 5732K, reserved 1048576K
}
2019-02-22T17:27:04.578-0700: 81520.944: Total time for which application threads were stopped: 0.0120988 seconds, Stopping threads took: 0.0000853 seconds
{Heap before GC invocations=567 (full 81):
 par new generation   total 109248K, used 108883K [0x00000000e0000000, 0x00000000e8000000, 0x00000000e8000000)
  eden space 87424K,  99% used [0x00000000e0000000, 0x00000000e5504fc8, 0x00000000e5560000)
  from space 21824K, 100% used [0x00000000e6ab0000, 0x00000000e8000000, 0x00000000e8000000)
  to   space 21824K,   0% used [0x00000000e5560000, 0x00000000e5560000, 0x00000000e6ab0000)
 concurrent mark-sweep generation total 393216K, used 287501K [0x00000000e8000000, 0x0000000100000000, 0x0000000100000000)
 Metaspace       used 43975K, capacity 45229K, committed 45632K, reserved 1089536K
  class space    used 5313K, capacity 5616K, committed 5732K, reserved 1048576K
2019-02-22T17:27:04.586-0700: 81520.951: [GC (Allocation Failure) 2019-02-22T17:27:04.586-0700: 81520.951: [ParNew
Desired survivor size 20112992 bytes, new threshold 8 (max 8)
- age   1:    1633256 bytes,    1633256 total
- age   2:      26480 bytes,    1659736 total
- age   3:     177232 bytes,    1836968 total
- age   4:     271264 bytes,    2108232 total
- age   5:     326512 bytes,    2434744 total
- age   6:    9908960 bytes,   12343704 total
- age   7:    2001424 bytes,   14345128 total
- age   8:    1586048 bytes,   15931176 total
: 108883K->21824K(109248K), 0.0126612 secs] 396385K->310885K(502464K), 0.0127450 secs] [Times: user=0.06 sys=0.00, real=0.01 secs] 
Heap after GC invocations=568 (full 81):
 par new generation   total 109248K, used 21824K [0x00000000e0000000, 0x00000000e8000000, 0x00000000e8000000)
  eden space 87424K,   0% used [0x00000000e0000000, 0x00000000e0000000, 0x00000000e5560000)
  from space 21824K, 100% used [0x00000000e5560000, 0x00000000e6ab0000, 0x00000000e6ab0000)
  to   space 21824K,   0% used [0x00000000e6ab0000, 0x00000000e6ab0000, 0x00000000e8000000)
 concurrent mark-sweep generation total 393216K, used 289061K [0x00000000e8000000, 0x0000000100000000, 0x0000000100000000)
 Metaspace       used 43975K, capacity 45229K, committed 45632K, reserved 1089536K
  class space    used 5313K, capacity 5616K, committed 5732K, reserved 1048576K
}
2019-02-22T17:27:04.599-0700: 81520.964: Total time for which application threads were stopped: 0.0133562 seconds, Stopping threads took: 0.0001455 seconds
{Heap before GC invocations=568 (full 81):
 par new generation   total 109248K, used 109239K [0x00000000e0000000, 0x00000000e8000000, 0x00000000e8000000)
  eden space 87424K,  99% used [0x00000000e0000000, 0x00000000e555dc68, 0x00000000e5560000)
  from space 21824K, 100% used [0x00000000e5560000, 0x00000000e6ab0000, 0x00000000e6ab0000)
  to   space 21824K,   0% used [0x00000000e6ab0000, 0x00000000e6ab0000, 0x00000000e8000000)
 concurrent mark-sweep generation total 393216K, used 288404K [0x00000000e8000000, 0x0000000100000000, 0x0000000100000000)
 Metaspace       used 43975K, capacity 45229K, committed 45632K, reserved 1089536K
  class space    used 5313K, capacity 5616K, committed 5732K, reserved 1048576K
2019-02-22T17:27:04.606-0700: 81520.972: [GC (Allocation Failure) 2019-02-22T17:27:04.607-0700: 81520.972: [ParNew
Desired survivor size 20112992 bytes, new threshold 8 (max 8)
- age   1:     244592 bytes,     244592 total
- age   2:     485248 bytes,     729840 total
- age   3:      26336 bytes,     756176 total
- age   4:     109744 bytes,     865920 total
- age   5:     261272 bytes,    1127192 total
- age   6:     326512 bytes,    1453704 total
- age   7:    9967056 bytes,   11420760 total
- age   8:    2001424 bytes,   13422184 total
: 109239K->16800K(109248K), 0.0107818 secs] 397643K->306753K(502464K), 0.0108599 secs] [Times: user=0.05 sys=0.00, real=0.01 secs] 
Heap after GC invocations=569 (full 81):
 par new generation   total 109248K, used 16800K [0x00000000e0000000, 0x00000000e8000000, 0x00000000e8000000)
  eden space 87424K,   0% used [0x00000000e0000000, 0x00000000e0000000, 0x00000000e5560000)
  from space 21824K,  76% used [0x00000000e6ab0000, 0x00000000e7b18080, 0x00000000e8000000)
  to   space 21824K,   0% used [0x00000000e5560000, 0x00000000e5560000, 0x00000000e6ab0000)
 concurrent mark-sweep generation total 393216K, used 289953K [0x00000000e8000000, 0x0000000100000000, 0x0000000100000000)
 Metaspace       used 43975K, capacity 45229K, committed 45632K, reserved 1089536K
  class space    used 5313K, capacity 5616K, committed 5732K, reserved 1048576K
}
2019-02-22T17:27:04.617-0700: 81520.983: Total time for which application threads were stopped: 0.0113370 seconds, Stopping threads took: 0.0001419 seconds
{Heap before GC invocations=569 (full 81):
 par new generation   total 109248K, used 104224K [0x00000000e0000000, 0x00000000e8000000, 0x00000000e8000000)
  eden space 87424K, 100% used [0x00000000e0000000, 0x00000000e5560000, 0x00000000e5560000)
  from space 21824K,  76% used [0x00000000e6ab0000, 0x00000000e7b18080, 0x00000000e8000000)
  to   space 21824K,   0% used [0x00000000e5560000, 0x00000000e5560000, 0x00000000e6ab0000)
 concurrent mark-sweep generation total 393216K, used 287184K [0x00000000e8000000, 0x0000000100000000, 0x0000000100000000)
 Metaspace       used 43975K, capacity 45229K, committed 45632K, reserved 1089536K
  class space    used 5313K, capacity 5616K, committed 5732K, reserved 1048576K
2019-02-22T17:27:04.632-0700: 81520.997: [GC (Allocation Failure) 2019-02-22T17:27:04.632-0700: 81520.997: [ParNew
Desired survivor size 20112992 bytes, new threshold 8 (max 8)
- age   1:    1279960 bytes,    1279960 total
- age   2:      36440 bytes,    1316400 total
- age   3:      28040 bytes,    1344440 total
- age   4:      23256 bytes,    1367696 total
- age   5:      80728 bytes,    1448424 total
- age   6:     132952 bytes,    1581376 total
- age   7:     318992 bytes,    1900368 total
- age   8:    9875448 bytes,   11775816 total
: 104224K->13982K(109248K), 0.0099017 secs] 391409K->303122K(502464K), 0.0099948 secs] [Times: user=0.06 sys=0.00, real=0.01 secs] 
Heap after GC invocations=570 (full 81):
 par new generation   total 109248K, used 13982K [0x00000000e0000000, 0x00000000e8000000, 0x00000000e8000000)
  eden space 87424K,   0% used [0x00000000e0000000, 0x00000000e0000000, 0x00000000e5560000)
  from space 21824K,  64% used [0x00000000e5560000, 0x00000000e6307ac0, 0x00000000e6ab0000)
  to   space 21824K,   0% used [0x00000000e6ab0000, 0x00000000e6ab0000, 0x00000000e8000000)
 concurrent mark-sweep generation total 393216K, used 289139K [0x00000000e8000000, 0x0000000100000000, 0x0000000100000000)
 Metaspace       used 43975K, capacity 45229K, committed 45632K, reserved 1089536K
  class space    used 5313K, capacity 5616K, committed 5732K, reserved 1048576K
}
2019-02-22T17:27:04.642-0700: 81521.007: Total time for which application threads were stopped: 0.0105921 seconds, Stopping threads took: 0.0000833 seconds
2019-02-22T17:27:04.699-0700: 81521.064: [CMS-concurrent-sweep: 0.133/0.258 secs] [Times: user=1.19 sys=0.02, real=0.26 secs] 
2019-02-22T17:27:04.699-0700: 81521.064: [CMS-concurrent-reset-start]
2019-02-22T17:27:04.699-0700: 81521.064: [CMS-concurrent-reset: 0.001/0.001 secs] [Times: user=0.00 sys=0.00, real=0.00 secs] 
{Heap before GC invocations=570 (full 81):
 par new generation   total 109248K, used 101406K [0x00000000e0000000, 0x00000000e8000000, 0x00000000e8000000)
  eden space 87424K, 100% used [0x00000000e0000000, 0x00000000e5560000, 0x00000000e5560000)
  from space 21824K,  64% used [0x00000000e5560000, 0x00000000e6307ac0, 0x00000000e6ab0000)
  to   space 21824K,   0% used [0x00000000e6ab0000, 0x00000000e6ab0000, 0x00000000e8000000)
 concurrent mark-sweep generation total 393216K, used 282762K [0x00000000e8000000, 0x0000000100000000, 0x0000000100000000)
 Metaspace       used 43975K, capacity 45229K, committed 45632K, reserved 1089536K
  class space    used 5313K, capacity 5616K, committed 5732K, reserved 1048576K
2019-02-22T17:27:04.708-0700: 81521.073: [GC (Allocation Failure) 2019-02-22T17:27:04.708-0700: 81521.073: [ParNew
Desired survivor size 20112992 bytes, new threshold 8 (max 8)
- age   1:    1634840 bytes,    1634840 total
- age   2:     164504 bytes,    1799344 total
- age   3:      29440 bytes,    1828784 total
- age   4:      25944 bytes,    1854728 total
- age   5:      21096 bytes,    1875824 total
- age   6:      67144 bytes,    1942968 total
- age   7:     110456 bytes,    2053424 total
- age   8:     300712 bytes,    2354136 total
: 101406K->10372K(109248K), 0.0152222 secs] 384169K->302783K(502464K), 0.0153425 secs] [Times: user=0.06 sys=0.00, real=0.02 secs] 
Heap after GC invocations=571 (full 81):
 par new generation   total 109248K, used 10372K [0x00000000e0000000, 0x00000000e8000000, 0x00000000e8000000)
  eden space 87424K,   0% used [0x00000000e0000000, 0x00000000e0000000, 0x00000000e5560000)
  from space 21824K,  47% used [0x00000000e6ab0000, 0x00000000e74d1280, 0x00000000e8000000)
  to   space 21824K,   0% used [0x00000000e5560000, 0x00000000e5560000, 0x00000000e6ab0000)
 concurrent mark-sweep generation total 393216K, used 292410K [0x00000000e8000000, 0x0000000100000000, 0x0000000100000000)
 Metaspace       used 43975K, capacity 45229K, committed 45632K, reserved 1089536K
  class space    used 5313K, capacity 5616K, committed 5732K, reserved 1048576K
}
2019-02-22T17:27:04.724-0700: 81521.089: Total time for which application threads were stopped: 0.0160303 seconds, Stopping threads took: 0.0000972 seconds
2019-02-22T17:27:04.736-0700: 81521.102: [GC (CMS Initial Mark) [1 CMS-initial-mark: 292410K(393216K)] 314538K(502464K), 0.0034231 secs] [Times: user=0.00 sys=0.00, real=0.00 secs] 
2019-02-22T17:27:04.740-0700: 81521.105: Total time for which application threads were stopped: 0.0039222 seconds, Stopping threads took: 0.0001254 seconds
2019-02-22T17:27:04.740-0700: 81521.106: [CMS-concurrent-mark-start]
{Heap before GC invocations=571 (full 82):
 par new generation   total 109248K, used 97787K [0x00000000e0000000, 0x00000000e8000000, 0x00000000e8000000)
  eden space 87424K,  99% used [0x00000000e0000000, 0x00000000e555daa0, 0x00000000e5560000)
  from space 21824K,  47% used [0x00000000e6ab0000, 0x00000000e74d1280, 0x00000000e8000000)
  to   space 21824K,   0% used [0x00000000e5560000, 0x00000000e5560000, 0x00000000e6ab0000)
 concurrent mark-sweep generation total 393216K, used 292410K [0x00000000e8000000, 0x0000000100000000, 0x0000000100000000)
 Metaspace       used 43975K, capacity 45229K, committed 45632K, reserved 1089536K
  class space    used 5313K, capacity 5616K, committed 5732K, reserved 1048576K
2019-02-22T17:27:04.774-0700: 81521.140: [GC (Allocation Failure) 2019-02-22T17:27:04.774-0700: 81521.140: [ParNew
Desired survivor size 20112992 bytes, new threshold 8 (max 8)
- age   1:    1659480 bytes,    1659480 total
- age   2:    1341704 bytes,    3001184 total
- age   3:     111360 bytes,    3112544 total
- age   4:      18288 bytes,    3130832 total
- age   5:      20776 bytes,    3151608 total
- age   6:      21016 bytes,    3172624 total
- age   7:      67144 bytes,    3239768 total
- age   8:     107592 bytes,    3347360 total
: 97787K->4969K(109248K), 0.0077365 secs] 390197K->297674K(502464K), 0.0078393 secs] [Times: user=0.02 sys=0.00, real=0.01 secs] 
Heap after GC invocations=572 (full 82):
 par new generation   total 109248K, used 4969K [0x00000000e0000000, 0x00000000e8000000, 0x00000000e8000000)
  eden space 87424K,   0% used [0x00000000e0000000, 0x00000000e0000000, 0x00000000e5560000)
  from space 21824K,  22% used [0x00000000e5560000, 0x00000000e5a3a410, 0x00000000e6ab0000)
  to   space 21824K,   0% used [0x00000000e6ab0000, 0x00000000e6ab0000, 0x00000000e8000000)
 concurrent mark-sweep generation total 393216K, used 292705K [0x00000000e8000000, 0x0000000100000000, 0x0000000100000000)
 Metaspace       used 43975K, capacity 45229K, committed 45632K, reserved 1089536K
  class space    used 5313K, capacity 5616K, committed 5732K, reserved 1048576K
}
2019-02-22T17:27:04.782-0700: 81521.148: Total time for which application threads were stopped: 0.0085164 seconds, Stopping threads took: 0.0002365 seconds
{Heap before GC invocations=572 (full 82):
 par new generation   total 109248K, used 92393K [0x00000000e0000000, 0x00000000e8000000, 0x00000000e8000000)
  eden space 87424K, 100% used [0x00000000e0000000, 0x00000000e5560000, 0x00000000e5560000)
  from space 21824K,  22% used [0x00000000e5560000, 0x00000000e5a3a410, 0x00000000e6ab0000)
  to   space 21824K,   0% used [0x00000000e6ab0000, 0x00000000e6ab0000, 0x00000000e8000000)
 concurrent mark-sweep generation total 393216K, used 292705K [0x00000000e8000000, 0x0000000100000000, 0x0000000100000000)
 Metaspace       used 43975K, capacity 45229K, committed 45632K, reserved 1089536K
  class space    used 5313K, capacity 5616K, committed 5732K, reserved 1048576K
2019-02-22T17:27:04.820-0700: 81521.185: [GC (Allocation Failure) 2019-02-22T17:27:04.820-0700: 81521.185: [ParNew
Desired survivor size 20112992 bytes, new threshold 8 (max 8)
- age   1:     635056 bytes,     635056 total
- age   2:    1264480 bytes,    1899536 total
- age   3:    1287528 bytes,    3187064 total
- age   4:     106048 bytes,    3293112 total
- age   5:      18208 bytes,    3311320 total
- age   6:      20776 bytes,    3332096 total
- age   7:      21016 bytes,    3353112 total
- age   8:      67144 bytes,    3420256 total
: 92393K->4177K(109248K), 0.0055436 secs] 385098K->296989K(502464K), 0.0056197 secs] [Times: user=0.00 sys=0.00, real=0.01 secs] 
Heap after GC invocations=573 (full 82):
 par new generation   total 109248K, used 4177K [0x00000000e0000000, 0x00000000e8000000, 0x00000000e8000000)
  eden space 87424K,   0% used [0x00000000e0000000, 0x00000000e0000000, 0x00000000e5560000)
  from space 21824K,  19% used [0x00000000e6ab0000, 0x00000000e6ec45b0, 0x00000000e8000000)
  to   space 21824K,   0% used [0x00000000e5560000, 0x00000000e5560000, 0x00000000e6ab0000)
 concurrent mark-sweep generation total 393216K, used 292811K [0x00000000e8000000, 0x0000000100000000, 0x0000000100000000)
 Metaspace       used 43975K, capacity 45229K, committed 45632K, reserved 1089536K
  class space    used 5313K, capacity 5616K, committed 5732K, reserved 1048576K
}
2019-02-22T17:27:04.826-0700: 81521.191: Total time for which application threads were stopped: 0.0061584 seconds, Stopping threads took: 0.0001409 seconds
2019-02-22T17:27:04.858-0700: 81521.224: [CMS-concurrent-mark: 0.104/0.118 secs] [Times: user=0.64 sys=0.05, real=0.12 secs] 
2019-02-22T17:27:04.859-0700: 81521.224: [CMS-concurrent-preclean-start]
{Heap before GC invocations=573 (full 82):
 par new generation   total 109248K, used 91601K [0x00000000e0000000, 0x00000000e8000000, 0x00000000e8000000)
  eden space 87424K, 100% used [0x00000000e0000000, 0x00000000e5560000, 0x00000000e5560000)
  from space 21824K,  19% used [0x00000000e6ab0000, 0x00000000e6ec45b0, 0x00000000e8000000)
  to   space 21824K,   0% used [0x00000000e5560000, 0x00000000e5560000, 0x00000000e6ab0000)
 concurrent mark-sweep generation total 393216K, used 292811K [0x00000000e8000000, 0x0000000100000000, 0x0000000100000000)
 Metaspace       used 43975K, capacity 45229K, committed 45632K, reserved 1089536K
  class space    used 5313K, capacity 5616K, committed 5732K, reserved 1048576K
2019-02-22T17:27:04.870-0700: 81521.236: [GC (Allocation Failure) 2019-02-22T17:27:04.870-0700: 81521.236: [ParNew
Desired survivor size 20112992 bytes, new threshold 8 (max 8)
- age   1:    2561576 bytes,    2561576 total
- age   2:     108184 bytes,    2669760 total
- age   3:     690656 bytes,    3360416 total
- age   4:     841600 bytes,    4202016 total
- age   5:     100424 bytes,    4302440 total
- age   6:      18208 bytes,    4320648 total
- age   7:      20776 bytes,    4341424 total
- age   8:      21016 bytes,    4362440 total
: 91601K->5721K(109248K), 0.0066976 secs] 384413K->298600K(502464K), 0.0068051 secs] [Times: user=0.06 sys=0.00, real=0.01 secs] 
Heap after GC invocations=574 (full 82):
 par new generation   total 109248K, used 5721K [0x00000000e0000000, 0x00000000e8000000, 0x00000000e8000000)
  eden space 87424K,   0% used [0x00000000e0000000, 0x00000000e0000000, 0x00000000e5560000)
  from space 21824K,  26% used [0x00000000e5560000, 0x00000000e5af66c0, 0x00000000e6ab0000)
  to   space 21824K,   0% used [0x00000000e6ab0000, 0x00000000e6ab0000, 0x00000000e8000000)
 concurrent mark-sweep generation total 393216K, used 292878K [0x00000000e8000000, 0x0000000100000000, 0x0000000100000000)
 Metaspace       used 43975K, capacity 45229K, committed 45632K, reserved 1089536K
  class space    used 5313K, capacity 5616K, committed 5732K, reserved 1048576K
}
2019-02-22T17:27:04.877-0700: 81521.243: Total time for which application threads were stopped: 0.0073931 seconds, Stopping threads took: 0.0001234 seconds
{Heap before GC invocations=574 (full 82):
 par new generation   total 109248K, used 93145K [0x00000000e0000000, 0x00000000e8000000, 0x00000000e8000000)
  eden space 87424K, 100% used [0x00000000e0000000, 0x00000000e5560000, 0x00000000e5560000)
  from space 21824K,  26% used [0x00000000e5560000, 0x00000000e5af66c0, 0x00000000e6ab0000)
  to   space 21824K,   0% used [0x00000000e6ab0000, 0x00000000e6ab0000, 0x00000000e8000000)
 concurrent mark-sweep generation total 393216K, used 292878K [0x00000000e8000000, 0x0000000100000000, 0x0000000100000000)
 Metaspace       used 43977K, capacity 45229K, committed 45632K, reserved 1089536K
  class space    used 5313K, capacity 5616K, committed 5732K, reserved 1048576K
2019-02-22T17:27:04.903-0700: 81521.269: [GC (Allocation Failure) 2019-02-22T17:27:04.903-0700: 81521.269: [ParNew
Desired survivor size 20112992 bytes, new threshold 2 (max 8)
- age   1:   19456280 bytes,   19456280 total
- age   2:    1285056 bytes,   20741336 total
- age   3:      97568 bytes,   20838904 total
- age   4:     487936 bytes,   21326840 total
- age   5:     683216 bytes,   22010056 total
- age   6:      70504 bytes,   22080560 total
- age   7:      16616 bytes,   22097176 total
- age   8:      16080 bytes,   22113256 total
: 93145K->21824K(109248K), 0.0222992 secs] 386024K->335709K(502464K), 0.0224061 secs] [Times: user=0.11 sys=0.01, real=0.02 secs] 
Heap after GC invocations=575 (full 82):
 par new generation   total 109248K, used 21824K [0x00000000e0000000, 0x00000000e8000000, 0x00000000e8000000)
  eden space 87424K,   0% used [0x00000000e0000000, 0x00000000e0000000, 0x00000000e5560000)
  from space 21824K, 100% used [0x00000000e6ab0000, 0x00000000e8000000, 0x00000000e8000000)
  to   space 21824K,   0% used [0x00000000e5560000, 0x00000000e5560000, 0x00000000e6ab0000)
 concurrent mark-sweep generation total 393216K, used 313885K [0x00000000e8000000, 0x0000000100000000, 0x0000000100000000)
 Metaspace       used 43977K, capacity 45229K, committed 45632K, reserved 1089536K
  class space    used 5313K, capacity 5616K, committed 5732K, reserved 1048576K
}
2019-02-22T17:27:04.926-0700: 81521.291: Total time for which application threads were stopped: 0.0227788 seconds, Stopping threads took: 0.0000622 seconds
2019-02-22T17:27:04.927-0700: 81521.292: [CMS-concurrent-preclean: 0.036/0.068 secs] [Times: user=0.31 sys=0.01, real=0.07 secs] 
2019-02-22T17:27:04.927-0700: 81521.293: [GC (CMS Final Remark) [YG occupancy: 24494 K (109248 K)]{Heap before GC invocations=575 (full 82):
 par new generation   total 109248K, used 24494K [0x00000000e0000000, 0x00000000e8000000, 0x00000000e8000000)
  eden space 87424K,   3% used [0x00000000e0000000, 0x00000000e029b8a0, 0x00000000e5560000)
  from space 21824K, 100% used [0x00000000e6ab0000, 0x00000000e8000000, 0x00000000e8000000)
  to   space 21824K,   0% used [0x00000000e5560000, 0x00000000e5560000, 0x00000000e6ab0000)
 concurrent mark-sweep generation total 393216K, used 313885K [0x00000000e8000000, 0x0000000100000000, 0x0000000100000000)
 Metaspace       used 43977K, capacity 45229K, committed 45632K, reserved 1089536K
  class space    used 5313K, capacity 5616K, committed 5732K, reserved 1048576K
2019-02-22T17:27:04.927-0700: 81521.293: [GC (CMS Final Remark) 2019-02-22T17:27:04.927-0700: 81521.293: [ParNew
Desired survivor size 20112992 bytes, new threshold 8 (max 8)
- age   1:     815640 bytes,     815640 total
- age   2:   15116224 bytes,   15931864 total
: 24494K->21824K(109248K), 0.0153749 secs] 338379K->342534K(502464K), 0.0154417 secs] [Times: user=0.03 sys=0.03, real=0.02 secs] 
Heap after GC invocations=576 (full 82):
 par new generation   total 109248K, used 21824K [0x00000000e0000000, 0x00000000e8000000, 0x00000000e8000000)
  eden space 87424K,   0% used [0x00000000e0000000, 0x00000000e0000000, 0x00000000e5560000)
  from space 21824K, 100% used [0x00000000e5560000, 0x00000000e6ab0000, 0x00000000e6ab0000)
  to   space 21824K,   0% used [0x00000000e6ab0000, 0x00000000e6ab0000, 0x00000000e8000000)
 concurrent mark-sweep generation total 393216K, used 320710K [0x00000000e8000000, 0x0000000100000000, 0x0000000100000000)
 Metaspace       used 43977K, capacity 45229K, committed 45632K, reserved 1089536K
  class space    used 5313K, capacity 5616K, committed 5732K, reserved 1048576K
}
2019-02-22T17:27:04.943-0700: 81521.308: [Rescan (parallel) , 0.0075438 secs]2019-02-22T17:27:04.951-0700: 81521.316: [weak refs processing, 0.0005094 secs]2019-02-22T17:27:04.952-0700: 81521.317: [class unloading, 0.0118860 secs]2019-02-22T17:27:04.963-0700: 81521.328: [scrub symbol table, 0.0102482 secs]2019-02-22T17:27:04.974-0700: 81521.339: [scrub string table, 0.0005279 secs][1 CMS-remark: 320710K(393216K)] 342534K(502464K), 0.0465873 secs] [Times: user=0.06 sys=0.03, real=0.05 secs] 
2019-02-22T17:27:04.974-0700: 81521.339: Total time for which application threads were stopped: 0.0468978 seconds, Stopping threads took: 0.0001038 seconds
2019-02-22T17:27:04.974-0700: 81521.339: [CMS-concurrent-sweep-start]
{Heap before GC invocations=576 (full 82):
 par new generation   total 109248K, used 109248K [0x00000000e0000000, 0x00000000e8000000, 0x00000000e8000000)
  eden space 87424K, 100% used [0x00000000e0000000, 0x00000000e5560000, 0x00000000e5560000)
  from space 21824K, 100% used [0x00000000e5560000, 0x00000000e6ab0000, 0x00000000e6ab0000)
  to   space 21824K,   0% used [0x00000000e6ab0000, 0x00000000e6ab0000, 0x00000000e8000000)
 concurrent mark-sweep generation total 393216K, used 301320K [0x00000000e8000000, 0x0000000100000000, 0x0000000100000000)
 Metaspace       used 43978K, capacity 45229K, committed 45632K, reserved 1089536K
  class space    used 5313K, capacity 5616K, committed 5732K, reserved 1048576K
2019-02-22T17:27:05.021-0700: 81521.387: [GC (Allocation Failure) 2019-02-22T17:27:05.022-0700: 81521.387: [ParNew
Desired survivor size 20112992 bytes, new threshold 3 (max 8)
- age   1:   11963832 bytes,   11963832 total
- age   2:     184816 bytes,   12148648 total
- age   3:   10151256 bytes,   22299904 total
: 109248K->21824K(109248K), 0.0222190 secs] 410568K->339184K(502464K), 0.0223239 secs] [Times: user=0.06 sys=0.00, real=0.02 secs] 
Heap after GC invocations=577 (full 82):
 par new generation   total 109248K, used 21824K [0x00000000e0000000, 0x00000000e8000000, 0x00000000e8000000)
  eden space 87424K,   0% used [0x00000000e0000000, 0x00000000e0000000, 0x00000000e5560000)
  from space 21824K, 100% used [0x00000000e6ab0000, 0x00000000e8000000, 0x00000000e8000000)
  to   space 21824K,   0% used [0x00000000e5560000, 0x00000000e5560000, 0x00000000e6ab0000)
 concurrent mark-sweep generation total 393216K, used 317360K [0x00000000e8000000, 0x0000000100000000, 0x0000000100000000)
 Metaspace       used 43978K, capacity 45229K, committed 45632K, reserved 1089536K
  class space    used 5313K, capacity 5616K, committed 5732K, reserved 1048576K
}
2019-02-22T17:27:05.044-0700: 81521.410: Total time for which application threads were stopped: 0.0227742 seconds, Stopping threads took: 0.0001080 seconds
{Heap before GC invocations=577 (full 82):
 par new generation   total 109248K, used 109248K [0x00000000e0000000, 0x00000000e8000000, 0x00000000e8000000)
  eden space 87424K, 100% used [0x00000000e0000000, 0x00000000e5560000, 0x00000000e5560000)
  from space 21824K, 100% used [0x00000000e6ab0000, 0x00000000e8000000, 0x00000000e8000000)
  to   space 21824K,   0% used [0x00000000e5560000, 0x00000000e5560000, 0x00000000e6ab0000)
 concurrent mark-sweep generation total 393216K, used 293205K [0x00000000e8000000, 0x0000000100000000, 0x0000000100000000)
 Metaspace       used 43978K, capacity 45229K, committed 45632K, reserved 1089536K
  class space    used 5313K, capacity 5616K, committed 5732K, reserved 1048576K
2019-02-22T17:27:05.086-0700: 81521.451: [GC (Allocation Failure) 2019-02-22T17:27:05.086-0700: 81521.451: [ParNew
Desired survivor size 20112992 bytes, new threshold 8 (max 8)
- age   1:    6660616 bytes,    6660616 total
- age   2:   10637896 bytes,   17298512 total
- age   3:     184816 bytes,   17483328 total
: 109248K->21824K(109248K), 0.0214849 secs] 402453K->324946K(502464K), 0.0215790 secs] [Times: user=0.06 sys=0.00, real=0.02 secs] 
Heap after GC invocations=578 (full 82):
 par new generation   total 109248K, used 21824K [0x00000000e0000000, 0x00000000e8000000, 0x00000000e8000000)
  eden space 87424K,   0% used [0x00000000e0000000, 0x00000000e0000000, 0x00000000e5560000)
  from space 21824K, 100% used [0x00000000e5560000, 0x00000000e6ab0000, 0x00000000e6ab0000)
  to   space 21824K,   0% used [0x00000000e6ab0000, 0x00000000e6ab0000, 0x00000000e8000000)
 concurrent mark-sweep generation total 393216K, used 303122K [0x00000000e8000000, 0x0000000100000000, 0x0000000100000000)
 Metaspace       used 43978K, capacity 45229K, committed 45632K, reserved 1089536K
  class space    used 5313K, capacity 5616K, committed 5732K, reserved 1048576K
}
2019-02-22T17:27:05.108-0700: 81521.473: Total time for which application threads were stopped: 0.0220818 seconds, Stopping threads took: 0.0001275 seconds
2019-02-22T17:27:05.130-0700: 81521.495: [CMS-concurrent-sweep: 0.110/0.155 secs] [Times: user=0.86 sys=0.03, real=0.16 secs] 
2019-02-22T17:27:05.130-0700: 81521.495: [CMS-concurrent-reset-start]
2019-02-22T17:27:05.131-0700: 81521.496: [CMS-concurrent-reset: 0.001/0.001 secs] [Times: user=0.00 sys=0.00, real=0.00 secs] 
{Heap before GC invocations=578 (full 82):
 par new generation   total 109248K, used 109248K [0x00000000e0000000, 0x00000000e8000000, 0x00000000e8000000)
  eden space 87424K, 100% used [0x00000000e0000000, 0x00000000e5560000, 0x00000000e5560000)
  from space 21824K, 100% used [0x00000000e5560000, 0x00000000e6ab0000, 0x00000000e6ab0000)
  to   space 21824K,   0% used [0x00000000e6ab0000, 0x00000000e6ab0000, 0x00000000e8000000)
 concurrent mark-sweep generation total 393216K, used 280230K [0x00000000e8000000, 0x0000000100000000, 0x0000000100000000)
 Metaspace       used 43978K, capacity 45229K, committed 45632K, reserved 1089536K
  class space    used 5313K, capacity 5616K, committed 5732K, reserved 1048576K
2019-02-22T17:27:05.153-0700: 81521.518: [GC (Allocation Failure) 2019-02-22T17:27:05.153-0700: 81521.518: [ParNew
Desired survivor size 20112992 bytes, new threshold 8 (max 8)
- age   1:    6620776 bytes,    6620776 total
- age   2:    3923312 bytes,   10544088 total
- age   3:    8973392 bytes,   19517480 total
- age   4:     184816 bytes,   19702296 total
: 109248K->21824K(109248K), 0.0191809 secs] 389478K->304309K(502464K), 0.0192653 secs] [Times: user=0.06 sys=0.00, real=0.02 secs] 
Heap after GC invocations=579 (full 82):
 par new generation   total 109248K, used 21824K [0x00000000e0000000, 0x00000000e8000000, 0x00000000e8000000)
  eden space 87424K,   0% used [0x00000000e0000000, 0x00000000e0000000, 0x00000000e5560000)
  from space 21824K, 100% used [0x00000000e6ab0000, 0x00000000e8000000, 0x00000000e8000000)
  to   space 21824K,   0% used [0x00000000e5560000, 0x00000000e5560000, 0x00000000e6ab0000)
 concurrent mark-sweep generation total 393216K, used 282485K [0x00000000e8000000, 0x0000000100000000, 0x0000000100000000)
 Metaspace       used 43978K, capacity 45229K, committed 45632K, reserved 1089536K
  class space    used 5313K, capacity 5616K, committed 5732K, reserved 1048576K
}
2019-02-22T17:27:05.171-0700: 81521.537: Total time for which application threads were stopped: 0.0197510 seconds, Stopping threads took: 0.0000966 seconds
2019-02-22T17:27:05.171-0700: 81521.537: [GC (CMS Initial Mark) [1 CMS-initial-mark: 282485K(393216K)] 305720K(502464K), 0.0049935 secs] [Times: user=0.05 sys=0.00, real=0.01 secs] 
2019-02-22T17:27:05.177-0700: 81521.542: Total time for which application threads were stopped: 0.0053410 seconds, Stopping threads took: 0.0001167 seconds
2019-02-22T17:27:05.177-0700: 81521.542: [CMS-concurrent-mark-start]
2019-02-22T17:27:05.261-0700: 81521.627: Total time for which application threads were stopped: 0.0002683 seconds, Stopping threads took: 0.0000715 seconds
2019-02-22T17:27:05.262-0700: 81521.628: Total time for which application threads were stopped: 0.0001861 seconds, Stopping threads took: 0.0000442 seconds
2019-02-22T17:27:05.264-0700: 81521.629: Total time for which application threads were stopped: 0.0002509 seconds, Stopping threads took: 0.0000797 seconds
2019-02-22T17:27:05.265-0700: 81521.631: Total time for which application threads were stopped: 0.0002884 seconds, Stopping threads took: 0.0000787 seconds
2019-02-22T17:27:05.279-0700: 81521.645: Total time for which application threads were stopped: 0.0002452 seconds, Stopping threads took: 0.0000715 seconds
2019-02-22T17:27:05.285-0700: 81521.651: [CMS-concurrent-mark: 0.103/0.109 secs] [Times: user=0.63 sys=0.02, real=0.11 secs] 
2019-02-22T17:27:05.285-0700: 81521.651: [CMS-concurrent-preclean-start]
2019-02-22T17:27:05.308-0700: 81521.674: [CMS-concurrent-preclean: 0.021/0.023 secs] [Times: user=0.06 sys=0.01, real=0.02 secs] 
2019-02-22T17:27:05.308-0700: 81521.674: [CMS-concurrent-abortable-preclean-start]
{Heap before GC invocations=579 (full 83):
 par new generation   total 109248K, used 109248K [0x00000000e0000000, 0x00000000e8000000, 0x00000000e8000000)
  eden space 87424K, 100% used [0x00000000e0000000, 0x00000000e5560000, 0x00000000e5560000)
  from space 21824K, 100% used [0x00000000e6ab0000, 0x00000000e8000000, 0x00000000e8000000)
  to   space 21824K,   0% used [0x00000000e5560000, 0x00000000e5560000, 0x00000000e6ab0000)
 concurrent mark-sweep generation total 393216K, used 282485K [0x00000000e8000000, 0x0000000100000000, 0x0000000100000000)
 Metaspace       used 43978K, capacity 45229K, committed 45632K, reserved 1089536K
  class space    used 5313K, capacity 5616K, committed 5732K, reserved 1048576K
2019-02-22T17:27:05.310-0700: 81521.676: [GC (Allocation Failure) 2019-02-22T17:27:05.310-0700: 81521.676: [ParNew
Desired survivor size 20112992 bytes, new threshold 4 (max 8)
- age   1:    5322024 bytes,    5322024 total
- age   2:    4399240 bytes,    9721264 total
- age   3:    3732368 bytes,   13453632 total
- age   4:    8695224 bytes,   22148856 total
- age   5:     184816 bytes,   22333672 total
: 109248K->21824K(109248K), 0.0170368 secs] 391733K->305035K(502464K), 0.0171227 secs] [Times: user=0.06 sys=0.00, real=0.02 secs] 
Heap after GC invocations=580 (full 83):
 par new generation   total 109248K, used 21824K [0x00000000e0000000, 0x00000000e8000000, 0x00000000e8000000)
  eden space 87424K,   0% used [0x00000000e0000000, 0x00000000e0000000, 0x00000000e5560000)
  from space 21824K, 100% used [0x00000000e5560000, 0x00000000e6ab0000, 0x00000000e6ab0000)
  to   space 21824K,   0% used [0x00000000e6ab0000, 0x00000000e6ab0000, 0x00000000e8000000)
 concurrent mark-sweep generation total 393216K, used 283211K [0x00000000e8000000, 0x0000000100000000, 0x0000000100000000)
 Metaspace       used 43978K, capacity 45229K, committed 45632K, reserved 1089536K
  class space    used 5313K, capacity 5616K, committed 5732K, reserved 1048576K
}
2019-02-22T17:27:05.327-0700: 81521.693: Total time for which application threads were stopped: 0.0174743 seconds, Stopping threads took: 0.0000637 seconds
2019-02-22T17:27:05.366-0700: 81521.731: Total time for which application threads were stopped: 0.0002509 seconds, Stopping threads took: 0.0000751 seconds
2019-02-22T17:27:05.383-0700: 81521.748: [CMS-concurrent-abortable-preclean: 0.053/0.074 secs] [Times: user=0.30 sys=0.06, real=0.07 secs] 
2019-02-22T17:27:05.383-0700: 81521.748: [GC (CMS Final Remark) [YG occupancy: 66290 K (109248 K)]{Heap before GC invocations=580 (full 83):
 par new generation   total 109248K, used 66290K [0x00000000e0000000, 0x00000000e8000000, 0x00000000e8000000)
  eden space 87424K,  50% used [0x00000000e0000000, 0x00000000e2b6cbf8, 0x00000000e5560000)
  from space 21824K, 100% used [0x00000000e5560000, 0x00000000e6ab0000, 0x00000000e6ab0000)
  to   space 21824K,   0% used [0x00000000e6ab0000, 0x00000000e6ab0000, 0x00000000e8000000)
 concurrent mark-sweep generation total 393216K, used 283211K [0x00000000e8000000, 0x0000000100000000, 0x0000000100000000)
 Metaspace       used 43978K, capacity 45229K, committed 45632K, reserved 1089536K
  class space    used 5313K, capacity 5616K, committed 5732K, reserved 1048576K
2019-02-22T17:27:05.383-0700: 81521.748: [GC (CMS Final Remark) 2019-02-22T17:27:05.383-0700: 81521.748: [ParNew
Desired survivor size 20112992 bytes, new threshold 8 (max 8)
- age   1:    2906200 bytes,    2906200 total
- age   2:    3703888 bytes,    6610088 total
- age   3:    4182256 bytes,   10792344 total
- age   4:    3729024 bytes,   14521368 total
: 66290K->21022K(109248K), 0.0218314 secs] 349502K->312624K(502464K), 0.0218900 secs] [Times: user=0.06 sys=0.00, real=0.02 secs] 
Heap after GC invocations=581 (full 83):
 par new generation   total 109248K, used 21022K [0x00000000e0000000, 0x00000000e8000000, 0x00000000e8000000)
  eden space 87424K,   0% used [0x00000000e0000000, 0x00000000e0000000, 0x00000000e5560000)
  from space 21824K,  96% used [0x00000000e6ab0000, 0x00000000e7f37a60, 0x00000000e8000000)
  to   space 21824K,   0% used [0x00000000e5560000, 0x00000000e5560000, 0x00000000e6ab0000)
 concurrent mark-sweep generation total 393216K, used 291601K [0x00000000e8000000, 0x0000000100000000, 0x0000000100000000)
 Metaspace       used 43978K, capacity 45229K, committed 45632K, reserved 1089536K
  class space    used 5313K, capacity 5616K, committed 5732K, reserved 1048576K
}
2019-02-22T17:27:05.404-0700: 81521.770: [Rescan (parallel) , 0.0102287 secs]2019-02-22T17:27:05.415-0700: 81521.780: [weak refs processing, 0.0007094 secs]2019-02-22T17:27:05.415-0700: 81521.781: [class unloading, 0.0102081 secs]2019-02-22T17:27:05.426-0700: 81521.791: [scrub symbol table, 0.0075114 secs]2019-02-22T17:27:05.433-0700: 81521.799: [scrub string table, 0.0006359 secs][1 CMS-remark: 291601K(393216K)] 312624K(502464K), 0.0515957 secs] [Times: user=0.14 sys=0.00, real=0.05 secs] 
2019-02-22T17:27:05.434-0700: 81521.800: Total time for which application threads were stopped: 0.0519001 seconds, Stopping threads took: 0.0000853 seconds
2019-02-22T17:27:05.434-0700: 81521.800: [CMS-concurrent-sweep-start]
{Heap before GC invocations=581 (full 83):
 par new generation   total 109248K, used 108225K [0x00000000e0000000, 0x00000000e8000000, 0x00000000e8000000)
  eden space 87424K,  99% used [0x00000000e0000000, 0x00000000e5528d10, 0x00000000e5560000)
  from space 21824K,  96% used [0x00000000e6ab0000, 0x00000000e7f37a60, 0x00000000e8000000)
  to   space 21824K,   0% used [0x00000000e5560000, 0x00000000e5560000, 0x00000000e6ab0000)
 concurrent mark-sweep generation total 393216K, used 282686K [0x00000000e8000000, 0x0000000100000000, 0x0000000100000000)
 Metaspace       used 43978K, capacity 45229K, committed 45632K, reserved 1089536K
  class space    used 5313K, capacity 5616K, committed 5732K, reserved 1048576K
2019-02-22T17:27:05.467-0700: 81521.832: [GC (Allocation Failure) 2019-02-22T17:27:05.467-0700: 81521.832: [ParNew
Desired survivor size 20112992 bytes, new threshold 5 (max 8)
- age   1:   12281880 bytes,   12281880 total
- age   2:     889176 bytes,   13171056 total
- age   3:    2054088 bytes,   15225144 total
- age   4:    3706384 bytes,   18931528 total
- age   5:    3396848 bytes,   22328376 total
: 108225K->21824K(109248K), 0.0243385 secs] 390911K->317974K(502464K), 0.0244032 secs] [Times: user=0.13 sys=0.00, real=0.02 secs] 
Heap after GC invocations=582 (full 83):
 par new generation   total 109248K, used 21824K [0x00000000e0000000, 0x00000000e8000000, 0x00000000e8000000)
  eden space 87424K,   0% used [0x00000000e0000000, 0x00000000e0000000, 0x00000000e5560000)
  from space 21824K, 100% used [0x00000000e5560000, 0x00000000e6ab0000, 0x00000000e6ab0000)
  to   space 21824K,   0% used [0x00000000e6ab0000, 0x00000000e6ab0000, 0x00000000e8000000)
 concurrent mark-sweep generation total 393216K, used 296150K [0x00000000e8000000, 0x0000000100000000, 0x0000000100000000)
 Metaspace       used 43978K, capacity 45229K, committed 45632K, reserved 1089536K
  class space    used 5313K, capacity 5616K, committed 5732K, reserved 1048576K
}
2019-02-22T17:27:05.491-0700: 81521.857: Total time for which application threads were stopped: 0.0248438 seconds, Stopping threads took: 0.0001008 seconds
{Heap before GC invocations=582 (full 83):
 par new generation   total 109248K, used 109067K [0x00000000e0000000, 0x00000000e8000000, 0x00000000e8000000)
  eden space 87424K,  99% used [0x00000000e0000000, 0x00000000e5532e40, 0x00000000e5560000)
  from space 21824K, 100% used [0x00000000e5560000, 0x00000000e6ab0000, 0x00000000e6ab0000)
  to   space 21824K,   0% used [0x00000000e6ab0000, 0x00000000e6ab0000, 0x00000000e8000000)
 concurrent mark-sweep generation total 393216K, used 293779K [0x00000000e8000000, 0x0000000100000000, 0x0000000100000000)
 Metaspace       used 43978K, capacity 45229K, committed 45632K, reserved 1089536K
  class space    used 5313K, capacity 5616K, committed 5732K, reserved 1048576K
2019-02-22T17:27:05.502-0700: 81521.868: [GC (Allocation Failure) 2019-02-22T17:27:05.502-0700: 81521.868: [ParNew
Desired survivor size 20112992 bytes, new threshold 8 (max 8)
- age   1:    1995936 bytes,    1995936 total
- age   2:   10813760 bytes,   12809696 total
- age   3:     818248 bytes,   13627944 total
- age   4:    2042824 bytes,   15670768 total
- age   5:    3706384 bytes,   19377152 total
: 109067K->21824K(109248K), 0.0195835 secs] 402846K->320236K(502464K), 0.0196642 secs] [Times: user=0.05 sys=0.00, real=0.02 secs] 
Heap after GC invocations=583 (full 83):
 par new generation   total 109248K, used 21824K [0x00000000e0000000, 0x00000000e8000000, 0x00000000e8000000)
  eden space 87424K,   0% used [0x00000000e0000000, 0x00000000e0000000, 0x00000000e5560000)
  from space 21824K, 100% used [0x00000000e6ab0000, 0x00000000e8000000, 0x00000000e8000000)
  to   space 21824K,   0% used [0x00000000e5560000, 0x00000000e5560000, 0x00000000e6ab0000)
 concurrent mark-sweep generation total 393216K, used 298412K [0x00000000e8000000, 0x0000000100000000, 0x0000000100000000)
 Metaspace       used 43978K, capacity 45229K, committed 45632K, reserved 1089536K
  class space    used 5313K, capacity 5616K, committed 5732K, reserved 1048576K
}
2019-02-22T17:27:05.522-0700: 81521.887: Total time for which application threads were stopped: 0.0201700 seconds, Stopping threads took: 0.0001249 seconds
{Heap before GC invocations=583 (full 83):
 par new generation   total 109248K, used 109248K [0x00000000e0000000, 0x00000000e8000000, 0x00000000e8000000)
  eden space 87424K, 100% used [0x00000000e0000000, 0x00000000e5560000, 0x00000000e5560000)
  from space 21824K, 100% used [0x00000000e6ab0000, 0x00000000e8000000, 0x00000000e8000000)
  to   space 21824K,   0% used [0x00000000e5560000, 0x00000000e5560000, 0x00000000e6ab0000)
 concurrent mark-sweep generation total 393216K, used 277367K [0x00000000e8000000, 0x0000000100000000, 0x0000000100000000)
 Metaspace       used 43978K, capacity 45229K, committed 45632K, reserved 1089536K
  class space    used 5313K, capacity 5616K, committed 5732K, reserved 1048576K
2019-02-22T17:27:05.573-0700: 81521.938: [GC (Allocation Failure) 2019-02-22T17:27:05.573-0700: 81521.938: [ParNew
Desired survivor size 20112992 bytes, new threshold 8 (max 8)
- age   1:    3037072 bytes,    3037072 total
- age   2:     479656 bytes,    3516728 total
- age   3:   10074984 bytes,   13591712 total
- age   4:     738696 bytes,   14330408 total
- age   5:    2035616 bytes,   16366024 total
- age   6:    3706384 bytes,   20072408 total
: 109248K->21824K(109248K), 0.0130796 secs] 386615K->299611K(502464K), 0.0131583 secs] [Times: user=0.06 sys=0.00, real=0.01 secs] 
Heap after GC invocations=584 (full 83):
 par new generation   total 109248K, used 21824K [0x00000000e0000000, 0x00000000e8000000, 0x00000000e8000000)
  eden space 87424K,   0% used [0x00000000e0000000, 0x00000000e0000000, 0x00000000e5560000)
  from space 21824K, 100% used [0x00000000e5560000, 0x00000000e6ab0000, 0x00000000e6ab0000)
  to   space 21824K,   0% used [0x00000000e6ab0000, 0x00000000e6ab0000, 0x00000000e8000000)
 concurrent mark-sweep generation total 393216K, used 277787K [0x00000000e8000000, 0x0000000100000000, 0x0000000100000000)
 Metaspace       used 43978K, capacity 45229K, committed 45632K, reserved 1089536K
  class space    used 5313K, capacity 5616K, committed 5732K, reserved 1048576K
}
2019-02-22T17:27:05.586-0700: 81521.952: Total time for which application threads were stopped: 0.0135947 seconds, Stopping threads took: 0.0001362 seconds
2019-02-22T17:27:05.622-0700: 81521.988: [CMS-concurrent-sweep: 0.129/0.188 secs] [Times: user=0.92 sys=0.02, real=0.19 secs] 
2019-02-22T17:27:05.622-0700: 81521.988: [CMS-concurrent-reset-start]
2019-02-22T17:27:05.623-0700: 81521.988: [CMS-concurrent-reset: 0.001/0.001 secs] [Times: user=0.00 sys=0.00, real=0.00 secs] 
{Heap before GC invocations=584 (full 83):
 par new generation   total 109248K, used 109248K [0x00000000e0000000, 0x00000000e8000000, 0x00000000e8000000)
  eden space 87424K, 100% used [0x00000000e0000000, 0x00000000e5560000, 0x00000000e5560000)
  from space 21824K, 100% used [0x00000000e5560000, 0x00000000e6ab0000, 0x00000000e6ab0000)
  to   space 21824K,   0% used [0x00000000e6ab0000, 0x00000000e6ab0000, 0x00000000e8000000)
 concurrent mark-sweep generation total 393216K, used 257567K [0x00000000e8000000, 0x0000000100000000, 0x0000000100000000)
 Metaspace       used 43978K, capacity 45229K, committed 45632K, reserved 1089536K
  class space    used 5313K, capacity 5616K, committed 5732K, reserved 1048576K
2019-02-22T17:27:05.682-0700: 81522.048: [GC (Allocation Failure) 2019-02-22T17:27:05.682-0700: 81522.048: [ParNew
Desired survivor size 20112992 bytes, new threshold 7 (max 8)
- age   1:    3141192 bytes,    3141192 total
- age   2:     998608 bytes,    4139800 total
- age   3:     371064 bytes,    4510864 total
- age   4:    9893296 bytes,   14404160 total
- age   5:     659176 bytes,   15063336 total
- age   6:    2014120 bytes,   17077456 total
- age   7:    3682720 bytes,   20760176 total
: 109248K->21824K(109248K), 0.0123671 secs] 366815K->279655K(502464K), 0.0124504 secs] [Times: user=0.06 sys=0.00, real=0.01 secs] 
Heap after GC invocations=585 (full 83):
 par new generation   total 109248K, used 21824K [0x00000000e0000000, 0x00000000e8000000, 0x00000000e8000000)
  eden space 87424K,   0% used [0x00000000e0000000, 0x00000000e0000000, 0x00000000e5560000)
  from space 21824K, 100% used [0x00000000e6ab0000, 0x00000000e8000000, 0x00000000e8000000)
  to   space 21824K,   0% used [0x00000000e5560000, 0x00000000e5560000, 0x00000000e6ab0000)
 concurrent mark-sweep generation total 393216K, used 257831K [0x00000000e8000000, 0x0000000100000000, 0x0000000100000000)
 Metaspace       used 43978K, capacity 45229K, committed 45632K, reserved 1089536K
  class space    used 5313K, capacity 5616K, committed 5732K, reserved 1048576K
}
2019-02-22T17:27:05.695-0700: 81522.060: Total time for which application threads were stopped: 0.0127969 seconds, Stopping threads took: 0.0000524 seconds
2019-02-22T17:27:05.695-0700: 81522.061: [GC (CMS Initial Mark) [1 CMS-initial-mark: 257831K(393216K)] 280168K(502464K), 0.0044008 secs] [Times: user=0.00 sys=0.00, real=0.01 secs] 
2019-02-22T17:27:05.700-0700: 81522.065: Total time for which application threads were stopped: 0.0046769 seconds, Stopping threads took: 0.0000663 seconds
2019-02-22T17:27:05.700-0700: 81522.065: [CMS-concurrent-mark-start]
2019-02-22T17:27:05.782-0700: 81522.148: [CMS-concurrent-mark: 0.082/0.082 secs] [Times: user=0.58 sys=0.00, real=0.08 secs] 
2019-02-22T17:27:05.782-0700: 81522.148: [CMS-concurrent-preclean-start]
2019-02-22T17:27:05.799-0700: 81522.165: [CMS-concurrent-preclean: 0.016/0.017 secs] [Times: user=0.05 sys=0.00, real=0.02 secs] 
2019-02-22T17:27:05.799-0700: 81522.165: [CMS-concurrent-abortable-preclean-start]
{Heap before GC invocations=585 (full 84):
 par new generation   total 109248K, used 109248K [0x00000000e0000000, 0x00000000e8000000, 0x00000000e8000000)
  eden space 87424K, 100% used [0x00000000e0000000, 0x00000000e5560000, 0x00000000e5560000)
  from space 21824K, 100% used [0x00000000e6ab0000, 0x00000000e8000000, 0x00000000e8000000)
  to   space 21824K,   0% used [0x00000000e5560000, 0x00000000e5560000, 0x00000000e6ab0000)
 concurrent mark-sweep generation total 393216K, used 257831K [0x00000000e8000000, 0x0000000100000000, 0x0000000100000000)
 Metaspace       used 43978K, capacity 45229K, committed 45632K, reserved 1089536K
  class space    used 5313K, capacity 5616K, committed 5732K, reserved 1048576K
2019-02-22T17:27:05.860-0700: 81522.225: [GC (Allocation Failure) 2019-02-22T17:27:05.860-0700: 81522.225: [ParNew
Desired survivor size 20112992 bytes, new threshold 7 (max 8)
- age   1:    4867800 bytes,    4867800 total
- age   2:    1641704 bytes,    6509504 total
- age   3:     989744 bytes,    7499248 total
- age   4:     356472 bytes,    7855720 total
- age   5:    9828120 bytes,   17683840 total
- age   6:     656072 bytes,   18339912 total
- age   7:    2014120 bytes,   20354032 total
: 109248K->21824K(109248K), 0.0184243 secs] 367079K->283408K(502464K), 0.0184967 secs] [Times: user=0.06 sys=0.00, real=0.02 secs] 
Heap after GC invocations=586 (full 84):
 par new generation   total 109248K, used 21824K [0x00000000e0000000, 0x00000000e8000000, 0x00000000e8000000)
  eden space 87424K,   0% used [0x00000000e0000000, 0x00000000e0000000, 0x00000000e5560000)
  from space 21824K, 100% used [0x00000000e5560000, 0x00000000e6ab0000, 0x00000000e6ab0000)
  to   space 21824K,   0% used [0x00000000e6ab0000, 0x00000000e6ab0000, 0x00000000e8000000)
 concurrent mark-sweep generation total 393216K, used 261584K [0x00000000e8000000, 0x0000000100000000, 0x0000000100000000)
 Metaspace       used 43978K, capacity 45229K, committed 45632K, reserved 1089536K
  class space    used 5313K, capacity 5616K, committed 5732K, reserved 1048576K
}
2019-02-22T17:27:05.879-0700: 81522.244: Total time for which application threads were stopped: 0.0188391 seconds, Stopping threads took: 0.0000591 seconds
{Heap before GC invocations=586 (full 84):
 par new generation   total 109248K, used 109208K [0x00000000e0000000, 0x00000000e8000000, 0x00000000e8000000)
  eden space 87424K,  99% used [0x00000000e0000000, 0x00000000e55563f0, 0x00000000e5560000)
  from space 21824K, 100% used [0x00000000e5560000, 0x00000000e6ab0000, 0x00000000e6ab0000)
  to   space 21824K,   0% used [0x00000000e6ab0000, 0x00000000e6ab0000, 0x00000000e8000000)
 concurrent mark-sweep generation total 393216K, used 261584K [0x00000000e8000000, 0x0000000100000000, 0x0000000100000000)
 Metaspace       used 43978K, capacity 45229K, committed 45632K, reserved 1089536K
  class space    used 5313K, capacity 5616K, committed 5732K, reserved 1048576K
2019-02-22T17:27:05.911-0700: 81522.276: [GC (Allocation Failure) 2019-02-22T17:27:05.911-0700: 81522.276: [ParNew
Desired survivor size 20112992 bytes, new threshold 6 (max 8)
- age   1:   11169488 bytes,   11169488 total
- age   2:    2586136 bytes,   13755624 total
- age   3:    1538968 bytes,   15294592 total
- age   4:     916816 bytes,   16211408 total
- age   5:     304688 bytes,   16516096 total
- age   6:    5182392 bytes,   21698488 total
- age   7:     633784 bytes,   22332272 total
: 109208K->21824K(109248K), 0.0242547 secs] 370793K->300700K(502464K), 0.0243364 secs] [Times: user=0.06 sys=0.00, real=0.02 secs] 
Heap after GC invocations=587 (full 84):
 par new generation   total 109248K, used 21824K [0x00000000e0000000, 0x00000000e8000000, 0x00000000e8000000)
  eden space 87424K,   0% used [0x00000000e0000000, 0x00000000e0000000, 0x00000000e5560000)
  from space 21824K, 100% used [0x00000000e6ab0000, 0x00000000e8000000, 0x00000000e8000000)
  to   space 21824K,   0% used [0x00000000e5560000, 0x00000000e5560000, 0x00000000e6ab0000)
 concurrent mark-sweep generation total 393216K, used 278876K [0x00000000e8000000, 0x0000000100000000, 0x0000000100000000)
 Metaspace       used 43978K, capacity 45229K, committed 45632K, reserved 1089536K
  class space    used 5313K, capacity 5616K, committed 5732K, reserved 1048576K
}
2019-02-22T17:27:05.935-0700: 81522.301: Total time for which application threads were stopped: 0.0247538 seconds, Stopping threads took: 0.0000802 seconds
{Heap before GC invocations=587 (full 84):
 par new generation   total 109248K, used 109248K [0x00000000e0000000, 0x00000000e8000000, 0x00000000e8000000)
  eden space 87424K, 100% used [0x00000000e0000000, 0x00000000e5560000, 0x00000000e5560000)
  from space 21824K, 100% used [0x00000000e6ab0000, 0x00000000e8000000, 0x00000000e8000000)
  to   space 21824K,   0% used [0x00000000e5560000, 0x00000000e5560000, 0x00000000e6ab0000)
 concurrent mark-sweep generation total 393216K, used 278876K [0x00000000e8000000, 0x0000000100000000, 0x0000000100000000)
 Metaspace       used 43978K, capacity 45229K, committed 45632K, reserved 1089536K
  class space    used 5313K, capacity 5616K, committed 5732K, reserved 1048576K
2019-02-22T17:27:05.950-0700: 81522.316: [GC (Allocation Failure) 2019-02-22T17:27:05.950-0700: 81522.316: [ParNew
Desired survivor size 20112992 bytes, new threshold 8 (max 8)
- age   1:    1155304 bytes,    1155304 total
- age   2:    7470816 bytes,    8626120 total
- age   3:    2526512 bytes,   11152632 total
- age   4:    1446640 bytes,   12599272 total
- age   5:     878040 bytes,   13477312 total
- age   6:     278640 bytes,   13755952 total
: 109248K->21824K(109248K), 0.0179714 secs] 388124K->308037K(502464K), 0.0181292 secs] [Times: user=0.06 sys=0.00, real=0.02 secs] 
Heap after GC invocations=588 (full 84):
 par new generation   total 109248K, used 21824K [0x00000000e0000000, 0x00000000e8000000, 0x00000000e8000000)
  eden space 87424K,   0% used [0x00000000e0000000, 0x00000000e0000000, 0x00000000e5560000)
  from space 21824K, 100% used [0x00000000e5560000, 0x00000000e6ab0000, 0x00000000e6ab0000)
  to   space 21824K,   0% used [0x00000000e6ab0000, 0x00000000e6ab0000, 0x00000000e8000000)
 concurrent mark-sweep generation total 393216K, used 286213K [0x00000000e8000000, 0x0000000100000000, 0x0000000100000000)
 Metaspace       used 43978K, capacity 45229K, committed 45632K, reserved 1089536K
  class space    used 5313K, capacity 5616K, committed 5732K, reserved 1048576K
}
2019-02-22T17:27:05.968-0700: 81522.334: Total time for which application threads were stopped: 0.0186345 seconds, Stopping threads took: 0.0000864 seconds
{Heap before GC invocations=588 (full 84):
 par new generation   total 109248K, used 109248K [0x00000000e0000000, 0x00000000e8000000, 0x00000000e8000000)
  eden space 87424K, 100% used [0x00000000e0000000, 0x00000000e5560000, 0x00000000e5560000)
  from space 21824K, 100% used [0x00000000e5560000, 0x00000000e6ab0000, 0x00000000e6ab0000)
  to   space 21824K,   0% used [0x00000000e6ab0000, 0x00000000e6ab0000, 0x00000000e8000000)
 concurrent mark-sweep generation total 393216K, used 286213K [0x00000000e8000000, 0x0000000100000000, 0x0000000100000000)
 Metaspace       used 43978K, capacity 45229K, committed 45632K, reserved 1089536K
  class space    used 5313K, capacity 5616K, committed 5732K, reserved 1048576K
2019-02-22T17:27:06.029-0700: 81522.395: [GC (Allocation Failure) 2019-02-22T17:27:06.029-0700: 81522.395: [ParNew
Desired survivor size 20112992 bytes, new threshold 8 (max 8)
- age   1:    2266512 bytes,    2266512 total
- age   2:     614272 bytes,    2880784 total
- age   3:    7360352 bytes,   10241136 total
- age   4:    2280464 bytes,   12521600 total
- age   5:    1306192 bytes,   13827792 total
- age   6:     877968 bytes,   14705760 total
- age   7:     222088 bytes,   14927848 total
: 109248K->19517K(109248K), 0.0119662 secs] 395461K->305731K(502464K), 0.0120525 secs] [Times: user=0.06 sys=0.00, real=0.01 secs] 
Heap after GC invocations=589 (full 84):
 par new generation   total 109248K, used 19517K [0x00000000e0000000, 0x00000000e8000000, 0x00000000e8000000)
  eden space 87424K,   0% used [0x00000000e0000000, 0x00000000e0000000, 0x00000000e5560000)
  from space 21824K,  89% used [0x00000000e6ab0000, 0x00000000e7dbf5a8, 0x00000000e8000000)
  to   space 21824K,   0% used [0x00000000e5560000, 0x00000000e5560000, 0x00000000e6ab0000)
 concurrent mark-sweep generation total 393216K, used 286213K [0x00000000e8000000, 0x0000000100000000, 0x0000000100000000)
 Metaspace       used 43978K, capacity 45229K, committed 45632K, reserved 1089536K
  class space    used 5313K, capacity 5616K, committed 5732K, reserved 1048576K
}
2019-02-22T17:27:06.041-0700: 81522.407: Total time for which application threads were stopped: 0.0124586 seconds, Stopping threads took: 0.0000730 seconds
2019-02-22T17:27:06.058-0700: 81522.424: [CMS-concurrent-abortable-preclean: 0.178/0.259 secs] [Times: user=0.89 sys=0.03, real=0.26 secs] 
2019-02-22T17:27:06.059-0700: 81522.424: [GC (CMS Final Remark) [YG occupancy: 42869 K (109248 K)]{Heap before GC invocations=589 (full 84):
 par new generation   total 109248K, used 42869K [0x00000000e0000000, 0x00000000e8000000, 0x00000000e8000000)
  eden space 87424K,  26% used [0x00000000e0000000, 0x00000000e16ce020, 0x00000000e5560000)
  from space 21824K,  89% used [0x00000000e6ab0000, 0x00000000e7dbf5a8, 0x00000000e8000000)
  to   space 21824K,   0% used [0x00000000e5560000, 0x00000000e5560000, 0x00000000e6ab0000)
 concurrent mark-sweep generation total 393216K, used 286213K [0x00000000e8000000, 0x0000000100000000, 0x0000000100000000)
 Metaspace       used 43978K, capacity 45229K, committed 45632K, reserved 1089536K
  class space    used 5313K, capacity 5616K, committed 5732K, reserved 1048576K
2019-02-22T17:27:06.059-0700: 81522.424: [GC (CMS Final Remark) 2019-02-22T17:27:06.059-0700: 81522.425: [ParNew
Desired survivor size 20112992 bytes, new threshold 8 (max 8)
- age   1:    1188424 bytes,    1188424 total
- age   2:    1268440 bytes,    2456864 total
- age   3:     571944 bytes,    3028808 total
- age   4:    7200928 bytes,   10229736 total
- age   5:    2311928 bytes,   12541664 total
- age   6:    1249448 bytes,   13791112 total
- age   7:     877360 bytes,   14668472 total
- age   8:     222088 bytes,   14890560 total
: 42869K->19058K(109248K), 0.0123805 secs] 329083K->305271K(502464K), 0.0125990 secs] [Times: user=0.06 sys=0.00, real=0.01 secs] 
Heap after GC invocations=590 (full 84):
 par new generation   total 109248K, used 19058K [0x00000000e0000000, 0x00000000e8000000, 0x00000000e8000000)
  eden space 87424K,   0% used [0x00000000e0000000, 0x00000000e0000000, 0x00000000e5560000)
  from space 21824K,  87% used [0x00000000e5560000, 0x00000000e67fc920, 0x00000000e6ab0000)
  to   space 21824K,   0% used [0x00000000e6ab0000, 0x00000000e6ab0000, 0x00000000e8000000)
 concurrent mark-sweep generation total 393216K, used 286213K [0x00000000e8000000, 0x0000000100000000, 0x0000000100000000)
 Metaspace       used 43978K, capacity 45229K, committed 45632K, reserved 1089536K
  class space    used 5313K, capacity 5616K, committed 5732K, reserved 1048576K
}
2019-02-22T17:27:06.071-0700: 81522.437: [Rescan (parallel) , 0.0083375 secs]2019-02-22T17:27:06.080-0700: 81522.445: [weak refs processing, 0.0008359 secs]2019-02-22T17:27:06.081-0700: 81522.446: [class unloading, 0.0120700 secs]2019-02-22T17:27:06.093-0700: 81522.458: [scrub symbol table, 0.0095234 secs]2019-02-22T17:27:06.103-0700: 81522.468: [scrub string table, 0.0007968 secs][1 CMS-remark: 286213K(393216K)] 305271K(502464K), 0.0446195 secs] [Times: user=0.14 sys=0.00, real=0.04 secs] 
2019-02-22T17:27:06.103-0700: 81522.469: Total time for which application threads were stopped: 0.0449032 seconds, Stopping threads took: 0.0000499 seconds
2019-02-22T17:27:06.104-0700: 81522.469: [CMS-concurrent-sweep-start]
{Heap before GC invocations=590 (full 84):
 par new generation   total 109248K, used 106482K [0x00000000e0000000, 0x00000000e8000000, 0x00000000e8000000)
  eden space 87424K, 100% used [0x00000000e0000000, 0x00000000e5560000, 0x00000000e5560000)
  from space 21824K,  87% used [0x00000000e5560000, 0x00000000e67fc920, 0x00000000e6ab0000)
  to   space 21824K,   0% used [0x00000000e6ab0000, 0x00000000e6ab0000, 0x00000000e8000000)
 concurrent mark-sweep generation total 393216K, used 274396K [0x00000000e8000000, 0x0000000100000000, 0x0000000100000000)
 Metaspace       used 43978K, capacity 45229K, committed 45632K, reserved 1089536K
  class space    used 5313K, capacity 5616K, committed 5732K, reserved 1048576K
2019-02-22T17:27:06.156-0700: 81522.521: [GC (Allocation Failure) 2019-02-22T17:27:06.156-0700: 81522.521: [ParNew
Desired survivor size 20112992 bytes, new threshold 8 (max 8)
- age   1:    7195320 bytes,    7195320 total
- age   2:    1100464 bytes,    8295784 total
- age   3:     818168 bytes,    9113952 total
- age   4:     318928 bytes,    9432880 total
- age   5:    6861856 bytes,   16294736 total
- age   6:    1767648 bytes,   18062384 total
- age   7:    1222560 bytes,   19284944 total
- age   8:     672328 bytes,   19957272 total
: 106482K->20203K(109248K), 0.0152140 secs] 380878K->294739K(502464K), 0.0152865 secs] [Times: user=0.06 sys=0.00, real=0.02 secs] 
Heap after GC invocations=591 (full 84):
 par new generation   total 109248K, used 20203K [0x00000000e0000000, 0x00000000e8000000, 0x00000000e8000000)
  eden space 87424K,   0% used [0x00000000e0000000, 0x00000000e0000000, 0x00000000e5560000)
  from space 21824K,  92% used [0x00000000e6ab0000, 0x00000000e7e6afa0, 0x00000000e8000000)
  to   space 21824K,   0% used [0x00000000e5560000, 0x00000000e5560000, 0x00000000e6ab0000)
 concurrent mark-sweep generation total 393216K, used 274535K [0x00000000e8000000, 0x0000000100000000, 0x0000000100000000)
 Metaspace       used 43978K, capacity 45229K, committed 45632K, reserved 1089536K
  class space    used 5313K, capacity 5616K, committed 5732K, reserved 1048576K
}
2019-02-22T17:27:06.171-0700: 81522.536: Total time for which application threads were stopped: 0.0156422 seconds, Stopping threads took: 0.0000699 seconds
{Heap before GC invocations=591 (full 84):
 par new generation   total 109248K, used 107627K [0x00000000e0000000, 0x00000000e8000000, 0x00000000e8000000)
  eden space 87424K, 100% used [0x00000000e0000000, 0x00000000e5560000, 0x00000000e5560000)
  from space 21824K,  92% used [0x00000000e6ab0000, 0x00000000e7e6afa0, 0x00000000e8000000)
  to   space 21824K,   0% used [0x00000000e5560000, 0x00000000e5560000, 0x00000000e6ab0000)
 concurrent mark-sweep generation total 393216K, used 258557K [0x00000000e8000000, 0x0000000100000000, 0x0000000100000000)
 Metaspace       used 43978K, capacity 45229K, committed 45632K, reserved 1089536K
  class space    used 5313K, capacity 5616K, committed 5732K, reserved 1048576K
2019-02-22T17:27:06.214-0700: 81522.580: [GC (Allocation Failure) 2019-02-22T17:27:06.214-0700: 81522.580: [ParNew
Desired survivor size 20112992 bytes, new threshold 8 (max 8)
- age   1:    1673032 bytes,    1673032 total
- age   2:    6050744 bytes,    7723776 total
- age   3:    1067560 bytes,    8791336 total
- age   4:     773000 bytes,    9564336 total
- age   5:      54792 bytes,    9619128 total
- age   6:    6754752 bytes,   16373880 total
- age   7:    1767648 bytes,   18141528 total
- age   8:    1189776 bytes,   19331304 total
: 107627K->21824K(109248K), 0.0161938 secs] 366185K->281006K(502464K), 0.0162765 secs] [Times: user=0.06 sys=0.00, real=0.02 secs] 
Heap after GC invocations=592 (full 84):
 par new generation   total 109248K, used 21824K [0x00000000e0000000, 0x00000000e8000000, 0x00000000e8000000)
  eden space 87424K,   0% used [0x00000000e0000000, 0x00000000e0000000, 0x00000000e5560000)
  from space 21824K, 100% used [0x00000000e5560000, 0x00000000e6ab0000, 0x00000000e6ab0000)
  to   space 21824K,   0% used [0x00000000e6ab0000, 0x00000000e6ab0000, 0x00000000e8000000)
 concurrent mark-sweep generation total 393216K, used 259182K [0x00000000e8000000, 0x0000000100000000, 0x0000000100000000)
 Metaspace       used 43978K, capacity 45229K, committed 45632K, reserved 1089536K
  class space    used 5313K, capacity 5616K, committed 5732K, reserved 1048576K
}
2019-02-22T17:27:06.230-0700: 81522.596: Total time for which application threads were stopped: 0.0166271 seconds, Stopping threads took: 0.0000519 seconds
2019-02-22T17:27:06.255-0700: 81522.621: [CMS-concurrent-sweep: 0.120/0.152 secs] [Times: user=0.77 sys=0.00, real=0.15 secs] 
2019-02-22T17:27:06.255-0700: 81522.621: [CMS-concurrent-reset-start]
2019-02-22T17:27:06.256-0700: 81522.622: [CMS-concurrent-reset: 0.001/0.001 secs] [Times: user=0.00 sys=0.00, real=0.00 secs] 
{Heap before GC invocations=592 (full 84):
 par new generation   total 109248K, used 109117K [0x00000000e0000000, 0x00000000e8000000, 0x00000000e8000000)
  eden space 87424K,  99% used [0x00000000e0000000, 0x00000000e553f408, 0x00000000e5560000)
  from space 21824K, 100% used [0x00000000e5560000, 0x00000000e6ab0000, 0x00000000e6ab0000)
  to   space 21824K,   0% used [0x00000000e6ab0000, 0x00000000e6ab0000, 0x00000000e8000000)
 concurrent mark-sweep generation total 393216K, used 247385K [0x00000000e8000000, 0x0000000100000000, 0x0000000100000000)
 Metaspace       used 43978K, capacity 45229K, committed 45632K, reserved 1089536K
  class space    used 5313K, capacity 5616K, committed 5732K, reserved 1048576K
2019-02-22T17:27:06.273-0700: 81522.639: [GC (Allocation Failure) 2019-02-22T17:27:06.273-0700: 81522.639: [ParNew
Desired survivor size 20112992 bytes, new threshold 8 (max 8)
- age   1:    2824560 bytes,    2824560 total
- age   2:    1122616 bytes,    3947176 total
- age   3:    5001896 bytes,    8949072 total
- age   4:    1059904 bytes,   10008976 total
- age   5:     733400 bytes,   10742376 total
- age   6:      54792 bytes,   10797168 total
- age   7:    6689184 bytes,   17486352 total
- age   8:    1738160 bytes,   19224512 total
: 109117K->21824K(109248K), 0.0137350 secs] 356502K->270369K(502464K), 0.0138373 secs] [Times: user=0.06 sys=0.01, real=0.01 secs] 
Heap after GC invocations=593 (full 84):
 par new generation   total 109248K, used 21824K [0x00000000e0000000, 0x00000000e8000000, 0x00000000e8000000)
  eden space 87424K,   0% used [0x00000000e0000000, 0x00000000e0000000, 0x00000000e5560000)
  from space 21824K, 100% used [0x00000000e6ab0000, 0x00000000e8000000, 0x00000000e8000000)
  to   space 21824K,   0% used [0x00000000e5560000, 0x00000000e5560000, 0x00000000e6ab0000)
 concurrent mark-sweep generation total 393216K, used 248545K [0x00000000e8000000, 0x0000000100000000, 0x0000000100000000)
 Metaspace       used 43978K, capacity 45229K, committed 45632K, reserved 1089536K
  class space    used 5313K, capacity 5616K, committed 5732K, reserved 1048576K
}
2019-02-22T17:27:06.287-0700: 81522.653: Total time for which application threads were stopped: 0.0143257 seconds, Stopping threads took: 0.0000838 seconds
2019-02-22T17:27:06.287-0700: 81522.653: [GC (CMS Initial Mark) [1 CMS-initial-mark: 248545K(393216K)] 272373K(502464K), 0.0041443 secs] [Times: user=0.00 sys=0.00, real=0.01 secs] 
2019-02-22T17:27:06.292-0700: 81522.657: Total time for which application threads were stopped: 0.0044841 seconds, Stopping threads took: 0.0001352 seconds
2019-02-22T17:27:06.292-0700: 81522.657: [CMS-concurrent-mark-start]
{Heap before GC invocations=593 (full 85):
 par new generation   total 109248K, used 109248K [0x00000000e0000000, 0x00000000e8000000, 0x00000000e8000000)
  eden space 87424K, 100% used [0x00000000e0000000, 0x00000000e5560000, 0x00000000e5560000)
  from space 21824K, 100% used [0x00000000e6ab0000, 0x00000000e8000000, 0x00000000e8000000)
  to   space 21824K,   0% used [0x00000000e5560000, 0x00000000e5560000, 0x00000000e6ab0000)
 concurrent mark-sweep generation total 393216K, used 248545K [0x00000000e8000000, 0x0000000100000000, 0x0000000100000000)
 Metaspace       used 43978K, capacity 45229K, committed 45632K, reserved 1089536K
  class space    used 5313K, capacity 5616K, committed 5732K, reserved 1048576K
2019-02-22T17:27:06.321-0700: 81522.686: [GC (Allocation Failure) 2019-02-22T17:27:06.321-0700: 81522.686: [ParNew
Desired survivor size 20112992 bytes, new threshold 8 (max 8)
- age   1:    1147192 bytes,    1147192 total
- age   2:    1794528 bytes,    2941720 total
- age   3:     932904 bytes,    3874624 total
- age   4:    4490512 bytes,    8365136 total
- age   5:     912592 bytes,    9277728 total
- age   6:     731304 bytes,   10009032 total
- age   7:      52824 bytes,   10061856 total
- age   8:    6688736 bytes,   16750592 total
: 109248K->21824K(109248K), 0.0137803 secs] 357793K->272546K(502464K), 0.0138553 secs] [Times: user=0.06 sys=0.00, real=0.01 secs] 
Heap after GC invocations=594 (full 85):
 par new generation   total 109248K, used 21824K [0x00000000e0000000, 0x00000000e8000000, 0x00000000e8000000)
  eden space 87424K,   0% used [0x00000000e0000000, 0x00000000e0000000, 0x00000000e5560000)
  from space 21824K, 100% used [0x00000000e5560000, 0x00000000e6ab0000, 0x00000000e6ab0000)
  to   space 21824K,   0% used [0x00000000e6ab0000, 0x00000000e6ab0000, 0x00000000e8000000)
 concurrent mark-sweep generation total 393216K, used 250722K [0x00000000e8000000, 0x0000000100000000, 0x0000000100000000)
 Metaspace       used 43978K, capacity 45229K, committed 45632K, reserved 1089536K
  class space    used 5313K, capacity 5616K, committed 5732K, reserved 1048576K
}
2019-02-22T17:27:06.335-0700: 81522.700: Total time for which application threads were stopped: 0.0142337 seconds, Stopping threads took: 0.0000936 seconds
{Heap before GC invocations=594 (full 85):
 par new generation   total 109248K, used 109248K [0x00000000e0000000, 0x00000000e8000000, 0x00000000e8000000)
  eden space 87424K, 100% used [0x00000000e0000000, 0x00000000e5560000, 0x00000000e5560000)
  from space 21824K, 100% used [0x00000000e5560000, 0x00000000e6ab0000, 0x00000000e6ab0000)
  to   space 21824K,   0% used [0x00000000e6ab0000, 0x00000000e6ab0000, 0x00000000e8000000)
 concurrent mark-sweep generation total 393216K, used 250722K [0x00000000e8000000, 0x0000000100000000, 0x0000000100000000)
 Metaspace       used 43978K, capacity 45229K, committed 45632K, reserved 1089536K
  class space    used 5313K, capacity 5616K, committed 5732K, reserved 1048576K
2019-02-22T17:27:06.386-0700: 81522.751: [GC (Allocation Failure) 2019-02-22T17:27:06.386-0700: 81522.751: [ParNew
Desired survivor size 20112992 bytes, new threshold 8 (max 8)
- age   1:    2669368 bytes,    2669368 total
- age   2:     925288 bytes,    3594656 total
- age   3:    1330288 bytes,    4924944 total
- age   4:     930896 bytes,    5855840 total
- age   5:    2414632 bytes,    8270472 total
- age   6:     901136 bytes,    9171608 total
- age   7:     698520 bytes,    9870128 total
- age   8:      52824 bytes,    9922952 total
: 109248K->13468K(109248K), 0.0122798 secs] 359970K->270727K(502464K), 0.0123589 secs] [Times: user=0.05 sys=0.00, real=0.01 secs] 
Heap after GC invocations=595 (full 85):
 par new generation   total 109248K, used 13468K [0x00000000e0000000, 0x00000000e8000000, 0x00000000e8000000)
  eden space 87424K,   0% used [0x00000000e0000000, 0x00000000e0000000, 0x00000000e5560000)
  from space 21824K,  61% used [0x00000000e6ab0000, 0x00000000e77d70f8, 0x00000000e8000000)
  to   space 21824K,   0% used [0x00000000e5560000, 0x00000000e5560000, 0x00000000e6ab0000)
 concurrent mark-sweep generation total 393216K, used 257259K [0x00000000e8000000, 0x0000000100000000, 0x0000000100000000)
 Metaspace       used 43978K, capacity 45229K, committed 45632K, reserved 1089536K
  class space    used 5313K, capacity 5616K, committed 5732K, reserved 1048576K
}
2019-02-22T17:27:06.399-0700: 81522.764: Total time for which application threads were stopped: 0.0127424 seconds, Stopping threads took: 0.0000478 seconds
2019-02-22T17:27:06.400-0700: 81522.766: [CMS-concurrent-mark: 0.082/0.109 secs] [Times: user=0.56 sys=0.00, real=0.11 secs] 
2019-02-22T17:27:06.401-0700: 81522.766: [CMS-concurrent-preclean-start]
2019-02-22T17:27:06.458-0700: 81522.824: [CMS-concurrent-preclean: 0.054/0.058 secs] [Times: user=0.23 sys=0.05, real=0.06 secs] 
2019-02-22T17:27:06.458-0700: 81522.824: [CMS-concurrent-abortable-preclean-start]
2019-02-22T17:27:06.494-0700: 81522.859: Total time for which application threads were stopped: 0.0002401 seconds, Stopping threads took: 0.0000509 seconds
2019-02-22T17:27:06.494-0700: 81522.859: [CMS-concurrent-abortable-preclean: 0.035/0.035 secs] [Times: user=0.11 sys=0.00, real=0.04 secs] 
2019-02-22T17:27:06.494-0700: 81522.860: [GC (CMS Final Remark) [YG occupancy: 77564 K (109248 K)]{Heap before GC invocations=595 (full 85):
 par new generation   total 109248K, used 77564K [0x00000000e0000000, 0x00000000e8000000, 0x00000000e8000000)
  eden space 87424K,  73% used [0x00000000e0000000, 0x00000000e3e98068, 0x00000000e5560000)
  from space 21824K,  61% used [0x00000000e6ab0000, 0x00000000e77d70f8, 0x00000000e8000000)
  to   space 21824K,   0% used [0x00000000e5560000, 0x00000000e5560000, 0x00000000e6ab0000)
 concurrent mark-sweep generation total 393216K, used 257259K [0x00000000e8000000, 0x0000000100000000, 0x0000000100000000)
 Metaspace       used 43981K, capacity 45229K, committed 45632K, reserved 1089536K
  class space    used 5313K, capacity 5616K, committed 5732K, reserved 1048576K
2019-02-22T17:27:06.494-0700: 81522.860: [GC (CMS Final Remark) 2019-02-22T17:27:06.494-0700: 81522.860: [ParNew
Desired survivor size 20112992 bytes, new threshold 8 (max 8)
- age   1:    3248792 bytes,    3248792 total
- age   2:    2602080 bytes,    5850872 total
- age   3:     745616 bytes,    6596488 total
- age   4:     712304 bytes,    7308792 total
- age   5:     902696 bytes,    8211488 total
- age   6:    1958040 bytes,   10169528 total
- age   7:     868992 bytes,   11038520 total
- age   8:     673960 bytes,   11712480 total
: 77564K->14237K(109248K), 0.0102909 secs] 334823K->271548K(502464K), 0.0103556 secs] [Times: user=0.06 sys=0.00, real=0.01 secs] 
Heap after GC invocations=596 (full 85):
 par new generation   total 109248K, used 14237K [0x00000000e0000000, 0x00000000e8000000, 0x00000000e8000000)
  eden space 87424K,   0% used [0x00000000e0000000, 0x00000000e0000000, 0x00000000e5560000)
  from space 21824K,  65% used [0x00000000e5560000, 0x00000000e6347410, 0x00000000e6ab0000)
  to   space 21824K,   0% used [0x00000000e6ab0000, 0x00000000e6ab0000, 0x00000000e8000000)
 concurrent mark-sweep generation total 393216K, used 257311K [0x00000000e8000000, 0x0000000100000000, 0x0000000100000000)
 Metaspace       used 43981K, capacity 45229K, committed 45632K, reserved 1089536K
  class space    used 5313K, capacity 5616K, committed 5732K, reserved 1048576K
}
2019-02-22T17:27:06.505-0700: 81522.870: [Rescan (parallel) , 0.0071937 secs]2019-02-22T17:27:06.512-0700: 81522.877: [weak refs processing, 0.0005038 secs]2019-02-22T17:27:06.512-0700: 81522.878: [class unloading, 0.0102276 secs]2019-02-22T17:27:06.523-0700: 81522.888: [scrub symbol table, 0.0089512 secs]2019-02-22T17:27:06.532-0700: 81522.897: [scrub string table, 0.0007253 secs][1 CMS-remark: 257311K(393216K)] 271548K(502464K), 0.0384596 secs] [Times: user=0.09 sys=0.00, real=0.04 secs] 
2019-02-22T17:27:06.533-0700: 81522.898: Total time for which application threads were stopped: 0.0387284 seconds, Stopping threads took: 0.0000375 seconds
2019-02-22T17:27:06.533-0700: 81522.898: [CMS-concurrent-sweep-start]
2019-02-22T17:27:06.548-0700: 81522.914: Total time for which application threads were stopped: 0.0003316 seconds, Stopping threads took: 0.0001301 seconds
{Heap before GC invocations=596 (full 85):
 par new generation   total 109248K, used 101405K [0x00000000e0000000, 0x00000000e8000000, 0x00000000e8000000)
  eden space 87424K,  99% used [0x00000000e0000000, 0x00000000e55201c8, 0x00000000e5560000)
  from space 21824K,  65% used [0x00000000e5560000, 0x00000000e6347410, 0x00000000e6ab0000)
  to   space 21824K,   0% used [0x00000000e6ab0000, 0x00000000e6ab0000, 0x00000000e8000000)
 concurrent mark-sweep generation total 393216K, used 254389K [0x00000000e8000000, 0x0000000100000000, 0x0000000100000000)
 Metaspace       used 43981K, capacity 45229K, committed 45632K, reserved 1089536K
  class space    used 5313K, capacity 5616K, committed 5732K, reserved 1048576K
2019-02-22T17:27:06.565-0700: 81522.930: [GC (Allocation Failure) 2019-02-22T17:27:06.565-0700: 81522.930: [ParNew
Desired survivor size 20112992 bytes, new threshold 7 (max 8)
- age   1:   14155232 bytes,   14155232 total
- age   2:    1969168 bytes,   16124400 total
- age   3:    2097216 bytes,   18221616 total
- age   4:     509456 bytes,   18731072 total
- age   5:     439768 bytes,   19170840 total
- age   6:     454448 bytes,   19625288 total
- age   7:    1853848 bytes,   21479136 total
- age   8:     776760 bytes,   22255896 total
: 101405K->21824K(109248K), 0.0217939 secs] 355795K->287901K(502464K), 0.0218689 secs] [Times: user=0.05 sys=0.00, real=0.02 secs] 
Heap after GC invocations=597 (full 85):
 par new generation   total 109248K, used 21824K [0x00000000e0000000, 0x00000000e8000000, 0x00000000e8000000)
  eden space 87424K,   0% used [0x00000000e0000000, 0x00000000e0000000, 0x00000000e5560000)
  from space 21824K, 100% used [0x00000000e6ab0000, 0x00000000e8000000, 0x00000000e8000000)
  to   space 21824K,   0% used [0x00000000e5560000, 0x00000000e5560000, 0x00000000e6ab0000)
 concurrent mark-sweep generation total 393216K, used 266077K [0x00000000e8000000, 0x0000000100000000, 0x0000000100000000)
 Metaspace       used 43981K, capacity 45229K, committed 45632K, reserved 1089536K
  class space    used 5313K, capacity 5616K, committed 5732K, reserved 1048576K
}
2019-02-22T17:27:06.586-0700: 81522.952: Total time for which application threads were stopped: 0.0222673 seconds, Stopping threads took: 0.0000807 seconds
{Heap before GC invocations=597 (full 85):
 par new generation   total 109248K, used 109196K [0x00000000e0000000, 0x00000000e8000000, 0x00000000e8000000)
  eden space 87424K,  99% used [0x00000000e0000000, 0x00000000e55531f8, 0x00000000e5560000)
  from space 21824K, 100% used [0x00000000e6ab0000, 0x00000000e8000000, 0x00000000e8000000)
  to   space 21824K,   0% used [0x00000000e5560000, 0x00000000e5560000, 0x00000000e6ab0000)
 concurrent mark-sweep generation total 393216K, used 265315K [0x00000000e8000000, 0x0000000100000000, 0x0000000100000000)
 Metaspace       used 43981K, capacity 45229K, committed 45632K, reserved 1089536K
  class space    used 5313K, capacity 5616K, committed 5732K, reserved 1048576K
2019-02-22T17:27:06.600-0700: 81522.965: [GC (Allocation Failure) 2019-02-22T17:27:06.600-0700: 81522.965: [ParNew
Desired survivor size 20112992 bytes, new threshold 8 (max 8)
- age   1:    1658856 bytes,    1658856 total
- age   2:   10416280 bytes,   12075136 total
- age   3:    1677008 bytes,   13752144 total
- age   4:    2046376 bytes,   15798520 total
- age   5:     445976 bytes,   16244496 total
- age   6:     428536 bytes,   16673032 total
- age   7:     353752 bytes,   17026784 total
: 109196K->21824K(109248K), 0.0171365 secs] 374512K->293377K(502464K), 0.0172121 secs] [Times: user=0.06 sys=0.00, real=0.02 secs] 
Heap after GC invocations=598 (full 85):
 par new generation   total 109248K, used 21824K [0x00000000e0000000, 0x00000000e8000000, 0x00000000e8000000)
  eden space 87424K,   0% used [0x00000000e0000000, 0x00000000e0000000, 0x00000000e5560000)
  from space 21824K, 100% used [0x00000000e5560000, 0x00000000e6ab0000, 0x00000000e6ab0000)
  to   space 21824K,   0% used [0x00000000e6ab0000, 0x00000000e6ab0000, 0x00000000e8000000)
 concurrent mark-sweep generation total 393216K, used 271553K [0x00000000e8000000, 0x0000000100000000, 0x0000000100000000)
 Metaspace       used 43981K, capacity 45229K, committed 45632K, reserved 1089536K
  class space    used 5313K, capacity 5616K, committed 5732K, reserved 1048576K
}
2019-02-22T17:27:06.616-0700: 81522.982: Total time for which application threads were stopped: 0.0177550 seconds, Stopping threads took: 0.0001146 seconds
{Heap before GC invocations=598 (full 85):
 par new generation   total 109248K, used 109248K [0x00000000e0000000, 0x00000000e8000000, 0x00000000e8000000)
  eden space 87424K, 100% used [0x00000000e0000000, 0x00000000e5560000, 0x00000000e5560000)
  from space 21824K, 100% used [0x00000000e5560000, 0x00000000e6ab0000, 0x00000000e6ab0000)
  to   space 21824K,   0% used [0x00000000e6ab0000, 0x00000000e6ab0000, 0x00000000e8000000)
 concurrent mark-sweep generation total 393216K, used 261109K [0x00000000e8000000, 0x0000000100000000, 0x0000000100000000)
 Metaspace       used 43981K, capacity 45229K, committed 45632K, reserved 1089536K
  class space    used 5313K, capacity 5616K, committed 5732K, reserved 1048576K
2019-02-22T17:27:06.676-0700: 81523.042: [GC (Allocation Failure) 2019-02-22T17:27:06.676-0700: 81523.042: [ParNew
Desired survivor size 20112992 bytes, new threshold 8 (max 8)
- age   1:    4293560 bytes,    4293560 total
- age   2:    1054136 bytes,    5347696 total
- age   3:   10371280 bytes,   15718976 total
- age   4:     949688 bytes,   16668664 total
- age   5:    1856848 bytes,   18525512 total
- age   6:     398904 bytes,   18924416 total
- age   7:     426168 bytes,   19350584 total
- age   8:     330360 bytes,   19680944 total
: 109248K->21824K(109248K), 0.0166348 secs] 370357K->283354K(502464K), 0.0167063 secs] [Times: user=0.06 sys=0.00, real=0.02 secs] 
Heap after GC invocations=599 (full 85):
 par new generation   total 109248K, used 21824K [0x00000000e0000000, 0x00000000e8000000, 0x00000000e8000000)
  eden space 87424K,   0% used [0x00000000e0000000, 0x00000000e0000000, 0x00000000e5560000)
  from space 21824K, 100% used [0x00000000e6ab0000, 0x00000000e8000000, 0x00000000e8000000)
  to   space 21824K,   0% used [0x00000000e5560000, 0x00000000e5560000, 0x00000000e6ab0000)
 concurrent mark-sweep generation total 393216K, used 261530K [0x00000000e8000000, 0x0000000100000000, 0x0000000100000000)
 Metaspace       used 43981K, capacity 45229K, committed 45632K, reserved 1089536K
  class space    used 5313K, capacity 5616K, committed 5732K, reserved 1048576K
}
2019-02-22T17:27:06.693-0700: 81523.059: Total time for which application threads were stopped: 0.0170517 seconds, Stopping threads took: 0.0000509 seconds
2019-02-22T17:27:06.720-0700: 81523.085: [CMS-concurrent-sweep: 0.129/0.187 secs] [Times: user=0.86 sys=0.03, real=0.19 secs] 
2019-02-22T17:27:06.720-0700: 81523.085: [CMS-concurrent-reset-start]
2019-02-22T17:27:06.720-0700: 81523.086: [CMS-concurrent-reset: 0.001/0.001 secs] [Times: user=0.00 sys=0.00, real=0.00 secs] 
{Heap before GC invocations=599 (full 85):
 par new generation   total 109248K, used 109248K [0x00000000e0000000, 0x00000000e8000000, 0x00000000e8000000)
  eden space 87424K, 100% used [0x00000000e0000000, 0x00000000e5560000, 0x00000000e5560000)
  from space 21824K, 100% used [0x00000000e6ab0000, 0x00000000e8000000, 0x00000000e8000000)
  to   space 21824K,   0% used [0x00000000e5560000, 0x00000000e5560000, 0x00000000e6ab0000)
 concurrent mark-sweep generation total 393216K, used 251777K [0x00000000e8000000, 0x0000000100000000, 0x0000000100000000)
 Metaspace       used 43981K, capacity 45229K, committed 45632K, reserved 1089536K
  class space    used 5313K, capacity 5616K, committed 5732K, reserved 1048576K
2019-02-22T17:27:06.741-0700: 81523.106: [GC (Allocation Failure) 2019-02-22T17:27:06.741-0700: 81523.106: [ParNew
Desired survivor size 20112992 bytes, new threshold 6 (max 8)
- age   1:    3281472 bytes,    3281472 total
- age   2:    3500296 bytes,    6781768 total
- age   3:     928512 bytes,    7710280 total
- age   4:   10025368 bytes,   17735648 total
- age   5:     691832 bytes,   18427480 total
- age   6:    1855072 bytes,   20282552 total
- age   7:     387152 bytes,   20669704 total
- age   8:     394704 bytes,   21064408 total
: 109248K->21824K(109248K), 0.0153636 secs] 361025K->274552K(502464K), 0.0154397 secs] [Times: user=0.06 sys=0.00, real=0.02 secs] 
Heap after GC invocations=600 (full 85):
 par new generation   total 109248K, used 21824K [0x00000000e0000000, 0x00000000e8000000, 0x00000000e8000000)
  eden space 87424K,   0% used [0x00000000e0000000, 0x00000000e0000000, 0x00000000e5560000)
  from space 21824K, 100% used [0x00000000e5560000, 0x00000000e6ab0000, 0x00000000e6ab0000)
  to   space 21824K,   0% used [0x00000000e6ab0000, 0x00000000e6ab0000, 0x00000000e8000000)
 concurrent mark-sweep generation total 393216K, used 252728K [0x00000000e8000000, 0x0000000100000000, 0x0000000100000000)
 Metaspace       used 43981K, capacity 45229K, committed 45632K, reserved 1089536K
  class space    used 5313K, capacity 5616K, committed 5732K, reserved 1048576K
}
2019-02-22T17:27:06.756-0700: 81523.122: Total time for which application threads were stopped: 0.0159254 seconds, Stopping threads took: 0.0001074 seconds
2019-02-22T17:27:06.756-0700: 81523.122: [GC (CMS Initial Mark) [1 CMS-initial-mark: 252728K(393216K)] 275816K(502464K), 0.0032910 secs] [Times: user=0.00 sys=0.00, real=0.00 secs] 
2019-02-22T17:27:06.760-0700: 81523.125: Total time for which application threads were stopped: 0.0035830 seconds, Stopping threads took: 0.0001008 seconds
2019-02-22T17:27:06.760-0700: 81523.125: [CMS-concurrent-mark-start]
{Heap before GC invocations=600 (full 86):
 par new generation   total 109248K, used 109248K [0x00000000e0000000, 0x00000000e8000000, 0x00000000e8000000)
  eden space 87424K, 100% used [0x00000000e0000000, 0x00000000e5560000, 0x00000000e5560000)
  from space 21824K, 100% used [0x00000000e5560000, 0x00000000e6ab0000, 0x00000000e6ab0000)
  to   space 21824K,   0% used [0x00000000e6ab0000, 0x00000000e6ab0000, 0x00000000e8000000)
 concurrent mark-sweep generation total 393216K, used 252728K [0x00000000e8000000, 0x0000000100000000, 0x0000000100000000)
 Metaspace       used 43983K, capacity 45229K, committed 45632K, reserved 1089536K
  class space    used 5313K, capacity 5616K, committed 5732K, reserved 1048576K
2019-02-22T17:27:06.814-0700: 81523.179: [GC (Allocation Failure) 2019-02-22T17:27:06.814-0700: 81523.179: [ParNew
Desired survivor size 20112992 bytes, new threshold 8 (max 8)
- age   1:    3113256 bytes,    3113256 total
- age   2:    2386376 bytes,    5499632 total
- age   3:    2591560 bytes,    8091192 total
- age   4:     887992 bytes,    8979184 total
- age   5:    9289088 bytes,   18268272 total
- age   6:     668728 bytes,   18937000 total
: 109248K->21824K(109248K), 0.0179354 secs] 361976K->278890K(502464K), 0.0180264 secs] [Times: user=0.06 sys=0.00, real=0.02 secs] 
Heap after GC invocations=601 (full 86):
 par new generation   total 109248K, used 21824K [0x00000000e0000000, 0x00000000e8000000, 0x00000000e8000000)
  eden space 87424K,   0% used [0x00000000e0000000, 0x00000000e0000000, 0x00000000e5560000)
  from space 21824K, 100% used [0x00000000e6ab0000, 0x00000000e8000000, 0x00000000e8000000)
  to   space 21824K,   0% used [0x00000000e5560000, 0x00000000e5560000, 0x00000000e6ab0000)
 concurrent mark-sweep generation total 393216K, used 257066K [0x00000000e8000000, 0x0000000100000000, 0x0000000100000000)
 Metaspace       used 43983K, capacity 45229K, committed 45632K, reserved 1089536K
  class space    used 5313K, capacity 5616K, committed 5732K, reserved 1048576K
}
2019-02-22T17:27:06.832-0700: 81523.197: Total time for which application threads were stopped: 0.0185291 seconds, Stopping threads took: 0.0000745 seconds
2019-02-22T17:27:06.861-0700: 81523.227: [CMS-concurrent-mark: 0.083/0.102 secs] [Times: user=0.66 sys=0.01, real=0.10 secs] 
2019-02-22T17:27:06.861-0700: 81523.227: [CMS-concurrent-preclean-start]
2019-02-22T17:27:06.905-0700: 81523.271: [CMS-concurrent-preclean: 0.040/0.043 secs] [Times: user=0.13 sys=0.00, real=0.04 secs] 
2019-02-22T17:27:06.905-0700: 81523.271: [CMS-concurrent-abortable-preclean-start]
{Heap before GC invocations=601 (full 86):
 par new generation   total 109248K, used 109248K [0x00000000e0000000, 0x00000000e8000000, 0x00000000e8000000)
  eden space 87424K, 100% used [0x00000000e0000000, 0x00000000e5560000, 0x00000000e5560000)
  from space 21824K, 100% used [0x00000000e6ab0000, 0x00000000e8000000, 0x00000000e8000000)
  to   space 21824K,   0% used [0x00000000e5560000, 0x00000000e5560000, 0x00000000e6ab0000)
 concurrent mark-sweep generation total 393216K, used 257066K [0x00000000e8000000, 0x0000000100000000, 0x0000000100000000)
 Metaspace       used 43983K, capacity 45229K, committed 45632K, reserved 1089536K
  class space    used 5313K, capacity 5616K, committed 5732K, reserved 1048576K
2019-02-22T17:27:06.928-0700: 81523.293: [GC (Allocation Failure) 2019-02-22T17:27:06.928-0700: 81523.293: [ParNew
Desired survivor size 20112992 bytes, new threshold 7 (max 8)
- age   1:    3507696 bytes,    3507696 total
- age   2:    2407520 bytes,    5915216 total
- age   3:    2011488 bytes,    7926704 total
- age   4:    2434176 bytes,   10360880 total
- age   5:     763608 bytes,   11124488 total
- age   6:    8987200 bytes,   20111688 total
- age   7:     643152 bytes,   20754840 total
: 109248K->21824K(109248K), 0.0172949 secs] 366314K->279330K(502464K), 0.0173658 secs] [Times: user=0.06 sys=0.00, real=0.02 secs] 
Heap after GC invocations=602 (full 86):
 par new generation   total 109248K, used 21824K [0x00000000e0000000, 0x00000000e8000000, 0x00000000e8000000)
  eden space 87424K,   0% used [0x00000000e0000000, 0x00000000e0000000, 0x00000000e5560000)
  from space 21824K, 100% used [0x00000000e5560000, 0x00000000e6ab0000, 0x00000000e6ab0000)
  to   space 21824K,   0% used [0x00000000e6ab0000, 0x00000000e6ab0000, 0x00000000e8000000)
 concurrent mark-sweep generation total 393216K, used 257506K [0x00000000e8000000, 0x0000000100000000, 0x0000000100000000)
 Metaspace       used 43983K, capacity 45229K, committed 45632K, reserved 1089536K
  class space    used 5313K, capacity 5616K, committed 5732K, reserved 1048576K
}
2019-02-22T17:27:06.945-0700: 81523.311: Total time for which application threads were stopped: 0.0176897 seconds, Stopping threads took: 0.0000607 seconds
{Heap before GC invocations=602 (full 86):
 par new generation   total 109248K, used 109248K [0x00000000e0000000, 0x00000000e8000000, 0x00000000e8000000)
  eden space 87424K, 100% used [0x00000000e0000000, 0x00000000e5560000, 0x00000000e5560000)
  from space 21824K, 100% used [0x00000000e5560000, 0x00000000e6ab0000, 0x00000000e6ab0000)
  to   space 21824K,   0% used [0x00000000e6ab0000, 0x00000000e6ab0000, 0x00000000e8000000)
 concurrent mark-sweep generation total 393216K, used 257506K [0x00000000e8000000, 0x0000000100000000, 0x0000000100000000)
 Metaspace       used 43983K, capacity 45229K, committed 45632K, reserved 1089536K
  class space    used 5313K, capacity 5616K, committed 5732K, reserved 1048576K
2019-02-22T17:27:07.050-0700: 81523.415: [GC (Allocation Failure) 2019-02-22T17:27:07.050-0700: 81523.416: [ParNew
Desired survivor size 20112992 bytes, new threshold 8 (max 8)
- age   1:    3783184 bytes,    3783184 total
- age   2:    1829880 bytes,    5613064 total
- age   3:    1628808 bytes,    7241872 total
- age   4:    1571672 bytes,    8813544 total
- age   5:    1554608 bytes,   10368152 total
- age   6:     751144 bytes,   11119296 total
- age   7:    8942200 bytes,   20061496 total
: 109248K->21824K(109248K), 0.0191938 secs] 366754K->281173K(502464K), 0.0192750 secs] [Times: user=0.06 sys=0.00, real=0.02 secs] 
Heap after GC invocations=603 (full 86):
 par new generation   total 109248K, used 21824K [0x00000000e0000000, 0x00000000e8000000, 0x00000000e8000000)
  eden space 87424K,   0% used [0x00000000e0000000, 0x00000000e0000000, 0x00000000e5560000)
  from space 21824K, 100% used [0x00000000e6ab0000, 0x00000000e8000000, 0x00000000e8000000)
  to   space 21824K,   0% used [0x00000000e5560000, 0x00000000e5560000, 0x00000000e6ab0000)
 concurrent mark-sweep generation total 393216K, used 259349K [0x00000000e8000000, 0x0000000100000000, 0x0000000100000000)
 Metaspace       used 43983K, capacity 45229K, committed 45632K, reserved 1089536K
  class space    used 5313K, capacity 5616K, committed 5732K, reserved 1048576K
}
2019-02-22T17:27:07.070-0700: 81523.435: Total time for which application threads were stopped: 0.0196678 seconds, Stopping threads took: 0.0000689 seconds
2019-02-22T17:27:07.131-0700: 81523.496: [CMS-concurrent-abortable-preclean: 0.182/0.226 secs] [Times: user=0.88 sys=0.00, real=0.23 secs] 
2019-02-22T17:27:07.131-0700: 81523.496: [GC (CMS Final Remark) [YG occupancy: 79098 K (109248 K)]{Heap before GC invocations=603 (full 86):
 par new generation   total 109248K, used 79098K [0x00000000e0000000, 0x00000000e8000000, 0x00000000e8000000)
  eden space 87424K,  65% used [0x00000000e0000000, 0x00000000e37eeba8, 0x00000000e5560000)
  from space 21824K, 100% used [0x00000000e6ab0000, 0x00000000e8000000, 0x00000000e8000000)
  to   space 21824K,   0% used [0x00000000e5560000, 0x00000000e5560000, 0x00000000e6ab0000)
 concurrent mark-sweep generation total 393216K, used 259349K [0x00000000e8000000, 0x0000000100000000, 0x0000000100000000)
 Metaspace       used 43983K, capacity 45229K, committed 45632K, reserved 1089536K
  class space    used 5313K, capacity 5616K, committed 5732K, reserved 1048576K
2019-02-22T17:27:07.131-0700: 81523.497: [GC (CMS Final Remark) 2019-02-22T17:27:07.131-0700: 81523.497: [ParNew
Desired survivor size 20112992 bytes, new threshold 8 (max 8)
- age   1:    2804136 bytes,    2804136 total
- age   2:    2604304 bytes,    5408440 total
- age   3:     792904 bytes,    6201344 total
- age   4:    1618240 bytes,    7819584 total
- age   5:    1452976 bytes,    9272560 total
- age   6:    1435544 bytes,   10708104 total
- age   7:     714592 bytes,   11422696 total
- age   8:    8863264 bytes,   20285960 total
: 79098K->21824K(109248K), 0.0164061 secs] 338448K->282356K(502464K), 0.0164606 secs] [Times: user=0.06 sys=0.00, real=0.02 secs] 
Heap after GC invocations=604 (full 86):
 par new generation   total 109248K, used 21824K [0x00000000e0000000, 0x00000000e8000000, 0x00000000e8000000)
  eden space 87424K,   0% used [0x00000000e0000000, 0x00000000e0000000, 0x00000000e5560000)
  from space 21824K, 100% used [0x00000000e5560000, 0x00000000e6ab0000, 0x00000000e6ab0000)
  to   space 21824K,   0% used [0x00000000e6ab0000, 0x00000000e6ab0000, 0x00000000e8000000)
 concurrent mark-sweep generation total 393216K, used 260532K [0x00000000e8000000, 0x0000000100000000, 0x0000000100000000)
 Metaspace       used 43983K, capacity 45229K, committed 45632K, reserved 1089536K
  class space    used 5313K, capacity 5616K, committed 5732K, reserved 1048576K
}
2019-02-22T17:27:07.148-0700: 81523.513: [Rescan (parallel) , 0.0083904 secs]2019-02-22T17:27:07.156-0700: 81523.521: [weak refs processing, 0.0008076 secs]2019-02-22T17:27:07.157-0700: 81523.522: [class unloading, 0.0098832 secs]2019-02-22T17:27:07.167-0700: 81523.532: [scrub symbol table, 0.0078692 secs]2019-02-22T17:27:07.175-0700: 81523.540: [scrub string table, 0.0005392 secs][1 CMS-remark: 260532K(393216K)] 282356K(502464K), 0.0443224 secs] [Times: user=0.08 sys=0.02, real=0.05 secs] 
2019-02-22T17:27:07.176-0700: 81523.541: Total time for which application threads were stopped: 0.0446082 seconds, Stopping threads took: 0.0000704 seconds
2019-02-22T17:27:07.176-0700: 81523.541: [CMS-concurrent-sweep-start]
2019-02-22T17:27:07.177-0700: 81523.542: Total time for which application threads were stopped: 0.0005860 seconds, Stopping threads took: 0.0000884 seconds
{Heap before GC invocations=604 (full 86):
 par new generation   total 109248K, used 108959K [0x00000000e0000000, 0x00000000e8000000, 0x00000000e8000000)
  eden space 87424K,  99% used [0x00000000e0000000, 0x00000000e5517fb8, 0x00000000e5560000)
  from space 21824K, 100% used [0x00000000e5560000, 0x00000000e6ab0000, 0x00000000e6ab0000)
  to   space 21824K,   0% used [0x00000000e6ab0000, 0x00000000e6ab0000, 0x00000000e8000000)
 concurrent mark-sweep generation total 393216K, used 253926K [0x00000000e8000000, 0x0000000100000000, 0x0000000100000000)
 Metaspace       used 43983K, capacity 45229K, committed 45632K, reserved 1089536K
  class space    used 5313K, capacity 5616K, committed 5732K, reserved 1048576K
2019-02-22T17:27:07.216-0700: 81523.581: [GC (Allocation Failure) 2019-02-22T17:27:07.216-0700: 81523.581: [ParNew
Desired survivor size 20112992 bytes, new threshold 7 (max 8)
- age   1:   11483728 bytes,   11483728 total
- age   2:    1622392 bytes,   13106120 total
- age   3:    2213016 bytes,   15319136 total
- age   4:     667872 bytes,   15987008 total
- age   5:    1616240 bytes,   17603248 total
- age   6:    1448472 bytes,   19051720 total
- age   7:    1102008 bytes,   20153728 total
- age   8:     708536 bytes,   20862264 total
: 108959K->21824K(109248K), 0.0252535 secs] 362886K->295193K(502464K), 0.0253234 secs] [Times: user=0.11 sys=0.00, real=0.02 secs] 
Heap after GC invocations=605 (full 86):
 par new generation   total 109248K, used 21824K [0x00000000e0000000, 0x00000000e8000000, 0x00000000e8000000)
  eden space 87424K,   0% used [0x00000000e0000000, 0x00000000e0000000, 0x00000000e5560000)
  from space 21824K, 100% used [0x00000000e6ab0000, 0x00000000e8000000, 0x00000000e8000000)
  to   space 21824K,   0% used [0x00000000e5560000, 0x00000000e5560000, 0x00000000e6ab0000)
 concurrent mark-sweep generation total 393216K, used 273369K [0x00000000e8000000, 0x0000000100000000, 0x0000000100000000)
 Metaspace       used 43983K, capacity 45229K, committed 45632K, reserved 1089536K
  class space    used 5313K, capacity 5616K, committed 5732K, reserved 1048576K
}
2019-02-22T17:27:07.241-0700: 81523.606: Total time for which application threads were stopped: 0.0258318 seconds, Stopping threads took: 0.0000822 seconds
{Heap before GC invocations=605 (full 86):
 par new generation   total 109248K, used 108737K [0x00000000e0000000, 0x00000000e8000000, 0x00000000e8000000)
  eden space 87424K,  99% used [0x00000000e0000000, 0x00000000e54e0718, 0x00000000e5560000)
  from space 21824K, 100% used [0x00000000e6ab0000, 0x00000000e8000000, 0x00000000e8000000)
  to   space 21824K,   0% used [0x00000000e5560000, 0x00000000e5560000, 0x00000000e6ab0000)
 concurrent mark-sweep generation total 393216K, used 271918K [0x00000000e8000000, 0x0000000100000000, 0x0000000100000000)
 Metaspace       used 43983K, capacity 45229K, committed 45632K, reserved 1089536K
  class space    used 5313K, capacity 5616K, committed 5732K, reserved 1048576K
2019-02-22T17:27:07.254-0700: 81523.619: [GC (Allocation Failure) 2019-02-22T17:27:07.254-0700: 81523.619: [ParNew
Desired survivor size 20112992 bytes, new threshold 8 (max 8)
- age   1:    2073104 bytes,    2073104 total
- age   2:   10327536 bytes,   12400640 total
- age   3:    1527176 bytes,   13927816 total
- age   4:    1949752 bytes,   15877568 total
- age   5:     667872 bytes,   16545440 total
- age   6:    1616240 bytes,   18161680 total
- age   7:    1448472 bytes,   19610152 total
: 108737K->21824K(109248K), 0.0165690 secs] 380656K->296274K(502464K), 0.0166379 secs] [Times: user=0.06 sys=0.00, real=0.02 secs] 
Heap after GC invocations=606 (full 86):
 par new generation   total 109248K, used 21824K [0x00000000e0000000, 0x00000000e8000000, 0x00000000e8000000)
  eden space 87424K,   0% used [0x00000000e0000000, 0x00000000e0000000, 0x00000000e5560000)
  from space 21824K, 100% used [0x00000000e5560000, 0x00000000e6ab0000, 0x00000000e6ab0000)
  to   space 21824K,   0% used [0x00000000e6ab0000, 0x00000000e6ab0000, 0x00000000e8000000)
 concurrent mark-sweep generation total 393216K, used 274450K [0x00000000e8000000, 0x0000000100000000, 0x0000000100000000)
 Metaspace       used 43983K, capacity 45229K, committed 45632K, reserved 1089536K
  class space    used 5313K, capacity 5616K, committed 5732K, reserved 1048576K
}
2019-02-22T17:27:07.270-0700: 81523.635: Total time for which application threads were stopped: 0.0171211 seconds, Stopping threads took: 0.0001270 seconds
{Heap before GC invocations=606 (full 86):
 par new generation   total 109248K, used 109248K [0x00000000e0000000, 0x00000000e8000000, 0x00000000e8000000)
  eden space 87424K, 100% used [0x00000000e0000000, 0x00000000e5560000, 0x00000000e5560000)
  from space 21824K, 100% used [0x00000000e5560000, 0x00000000e6ab0000, 0x00000000e6ab0000)
  to   space 21824K,   0% used [0x00000000e6ab0000, 0x00000000e6ab0000, 0x00000000e8000000)
 concurrent mark-sweep generation total 393216K, used 260114K [0x00000000e8000000, 0x0000000100000000, 0x0000000100000000)
 Metaspace       used 43983K, capacity 45229K, committed 45632K, reserved 1089536K
  class space    used 5313K, capacity 5616K, committed 5732K, reserved 1048576K
2019-02-22T17:27:07.323-0700: 81523.689: [GC (Allocation Failure) 2019-02-22T17:27:07.324-0700: 81523.689: [ParNew
Desired survivor size 20112992 bytes, new threshold 8 (max 8)
- age   1:    3428488 bytes,    3428488 total
- age   2:     712528 bytes,    4141016 total
- age   3:    9425000 bytes,   13566016 total
- age   4:    1504080 bytes,   15070096 total
- age   5:    1698824 bytes,   16768920 total
- age   6:     667872 bytes,   17436792 total
- age   7:    1616240 bytes,   19053032 total
- age   8:    1448472 bytes,   20501504 total
: 109248K->21824K(109248K), 0.0135932 secs] 369362K->282738K(502464K), 0.0136636 secs] [Times: user=0.06 sys=0.00, real=0.01 secs] 
Heap after GC invocations=607 (full 86):
 par new generation   total 109248K, used 21824K [0x00000000e0000000, 0x00000000e8000000, 0x00000000e8000000)
  eden space 87424K,   0% used [0x00000000e0000000, 0x00000000e0000000, 0x00000000e5560000)
  from space 21824K, 100% used [0x00000000e6ab0000, 0x00000000e8000000, 0x00000000e8000000)
  to   space 21824K,   0% used [0x00000000e5560000, 0x00000000e5560000, 0x00000000e6ab0000)
 concurrent mark-sweep generation total 393216K, used 260914K [0x00000000e8000000, 0x0000000100000000, 0x0000000100000000)
 Metaspace       used 43983K, capacity 45229K, committed 45632K, reserved 1089536K
  class space    used 5313K, capacity 5616K, committed 5732K, reserved 1048576K
}
2019-02-22T17:27:07.337-0700: 81523.703: Total time for which application threads were stopped: 0.0140152 seconds, Stopping threads took: 0.0000386 seconds
2019-02-22T17:27:07.348-0700: 81523.714: [CMS-concurrent-sweep: 0.115/0.173 secs] [Times: user=0.80 sys=0.03, real=0.17 secs] 
2019-02-22T17:27:07.348-0700: 81523.714: [CMS-concurrent-reset-start]
2019-02-22T17:27:07.349-0700: 81523.715: [CMS-concurrent-reset: 0.001/0.001 secs] [Times: user=0.00 sys=0.00, real=0.00 secs] 
{Heap before GC invocations=607 (full 86):
 par new generation   total 109248K, used 109248K [0x00000000e0000000, 0x00000000e8000000, 0x00000000e8000000)
  eden space 87424K, 100% used [0x00000000e0000000, 0x00000000e5560000, 0x00000000e5560000)
  from space 21824K, 100% used [0x00000000e6ab0000, 0x00000000e8000000, 0x00000000e8000000)
  to   space 21824K,   0% used [0x00000000e5560000, 0x00000000e5560000, 0x00000000e6ab0000)
 concurrent mark-sweep generation total 393216K, used 257266K [0x00000000e8000000, 0x0000000100000000, 0x0000000100000000)
 Metaspace       used 43984K, capacity 45229K, committed 45632K, reserved 1089536K
  class space    used 5313K, capacity 5616K, committed 5732K, reserved 1048576K
2019-02-22T17:27:07.356-0700: 81523.721: [GC (Allocation Failure) 2019-02-22T17:27:07.356-0700: 81523.721: [ParNew
Desired survivor size 20112992 bytes, new threshold 8 (max 8)
- age   1:    1959064 bytes,    1959064 total
- age   2:    3163256 bytes,    5122320 total
- age   3:     706800 bytes,    5829120 total
- age   4:    9092584 bytes,   14921704 total
- age   5:    1304232 bytes,   16225936 total
- age   6:    1698824 bytes,   17924760 total
- age   7:     667872 bytes,   18592632 total
- age   8:    1616240 bytes,   20208872 total
: 109248K->21824K(109248K), 0.0143992 secs] 366514K->280812K(502464K), 0.0144779 secs] [Times: user=0.06 sys=0.00, real=0.01 secs] 
Heap after GC invocations=608 (full 86):
 par new generation   total 109248K, used 21824K [0x00000000e0000000, 0x00000000e8000000, 0x00000000e8000000)
  eden space 87424K,   0% used [0x00000000e0000000, 0x00000000e0000000, 0x00000000e5560000)
  from space 21824K, 100% used [0x00000000e5560000, 0x00000000e6ab0000, 0x00000000e6ab0000)
  to   space 21824K,   0% used [0x00000000e6ab0000, 0x00000000e6ab0000, 0x00000000e8000000)
 concurrent mark-sweep generation total 393216K, used 258988K [0x00000000e8000000, 0x0000000100000000, 0x0000000100000000)
 Metaspace       used 43984K, capacity 45229K, committed 45632K, reserved 1089536K
  class space    used 5313K, capacity 5616K, committed 5732K, reserved 1048576K
}
2019-02-22T17:27:07.370-0700: 81523.736: Total time for which application threads were stopped: 0.0149395 seconds, Stopping threads took: 0.0001044 seconds
2019-02-22T17:27:07.371-0700: 81523.736: [GC (CMS Initial Mark) [1 CMS-initial-mark: 258988K(393216K)] 282300K(502464K), 0.0041551 secs] [Times: user=0.02 sys=0.00, real=0.00 secs] 
2019-02-22T17:27:07.375-0700: 81523.741: Total time for which application threads were stopped: 0.0045335 seconds, Stopping threads took: 0.0001398 seconds
2019-02-22T17:27:07.375-0700: 81523.741: [CMS-concurrent-mark-start]
{Heap before GC invocations=608 (full 87):
 par new generation   total 109248K, used 109248K [0x00000000e0000000, 0x00000000e8000000, 0x00000000e8000000)
  eden space 87424K, 100% used [0x00000000e0000000, 0x00000000e5560000, 0x00000000e5560000)
  from space 21824K, 100% used [0x00000000e5560000, 0x00000000e6ab0000, 0x00000000e6ab0000)
  to   space 21824K,   0% used [0x00000000e6ab0000, 0x00000000e6ab0000, 0x00000000e8000000)
 concurrent mark-sweep generation total 393216K, used 258988K [0x00000000e8000000, 0x0000000100000000, 0x0000000100000000)
 Metaspace       used 43984K, capacity 45229K, committed 45632K, reserved 1089536K
  class space    used 5313K, capacity 5616K, committed 5732K, reserved 1048576K
2019-02-22T17:27:07.402-0700: 81523.767: [GC (Allocation Failure) 2019-02-22T17:27:07.402-0700: 81523.767: [ParNew
Desired survivor size 20112992 bytes, new threshold 8 (max 8)
- age   1:    1716960 bytes,    1716960 total
- age   2:     833016 bytes,    2549976 total
- age   3:    1727344 bytes,    4277320 total
- age   4:     673720 bytes,    4951040 total
- age   5:    9062600 bytes,   14013640 total
- age   6:    1203968 bytes,   15217608 total
- age   7:    1698824 bytes,   16916432 total
- age   8:     667872 bytes,   17584304 total
: 109248K->19704K(109248K), 0.0141591 secs] 368236K->280271K(502464K), 0.0142244 secs] [Times: user=0.06 sys=0.00, real=0.01 secs] 
Heap after GC invocations=609 (full 87):
 par new generation   total 109248K, used 19704K [0x00000000e0000000, 0x00000000e8000000, 0x00000000e8000000)
  eden space 87424K,   0% used [0x00000000e0000000, 0x00000000e0000000, 0x00000000e5560000)
  from space 21824K,  90% used [0x00000000e6ab0000, 0x00000000e7dee000, 0x00000000e8000000)
  to   space 21824K,   0% used [0x00000000e5560000, 0x00000000e5560000, 0x00000000e6ab0000)
 concurrent mark-sweep generation total 393216K, used 260567K [0x00000000e8000000, 0x0000000100000000, 0x0000000100000000)
 Metaspace       used 43984K, capacity 45229K, committed 45632K, reserved 1089536K
  class space    used 5313K, capacity 5616K, committed 5732K, reserved 1048576K
}
2019-02-22T17:27:07.416-0700: 81523.782: Total time for which application threads were stopped: 0.0147971 seconds, Stopping threads took: 0.0001424 seconds
2019-02-22T17:27:07.483-0700: 81523.849: [CMS-concurrent-mark: 0.093/0.108 secs] [Times: user=0.56 sys=0.03, real=0.11 secs] 
2019-02-22T17:27:07.483-0700: 81523.849: [CMS-concurrent-preclean-start]
2019-02-22T17:27:07.512-0700: 81523.877: Total time for which application threads were stopped: 0.0002318 seconds, Stopping threads took: 0.0000571 seconds
{Heap before GC invocations=609 (full 87):
 par new generation   total 109248K, used 107128K [0x00000000e0000000, 0x00000000e8000000, 0x00000000e8000000)
  eden space 87424K, 100% used [0x00000000e0000000, 0x00000000e5560000, 0x00000000e5560000)
  from space 21824K,  90% used [0x00000000e6ab0000, 0x00000000e7dee000, 0x00000000e8000000)
  to   space 21824K,   0% used [0x00000000e5560000, 0x00000000e5560000, 0x00000000e6ab0000)
 concurrent mark-sweep generation total 393216K, used 260567K [0x00000000e8000000, 0x0000000100000000, 0x0000000100000000)
 Metaspace       used 43990K, capacity 45241K, committed 45632K, reserved 1089536K
  class space    used 5314K, capacity 5618K, committed 5732K, reserved 1048576K
2019-02-22T17:27:07.526-0700: 81523.891: [GC (Allocation Failure) 2019-02-22T17:27:07.526-0700: 81523.891: [ParNew
Desired survivor size 20112992 bytes, new threshold 8 (max 8)
- age   1:    4760704 bytes,    4760704 total
- age   2:     162208 bytes,    4922912 total
- age   3:     269680 bytes,    5192592 total
- age   4:    1296160 bytes,    6488752 total
- age   5:     583136 bytes,    7071888 total
- age   6:    8127088 bytes,   15198976 total
- age   7:    1180696 bytes,   16379672 total
- age   8:    1697160 bytes,   18076832 total
: 107128K->21824K(109248K), 0.0128308 secs] 367695K->283301K(502464K), 0.0129002 secs] [Times: user=0.06 sys=0.00, real=0.01 secs] 
Heap after GC invocations=610 (full 87):
 par new generation   total 109248K, used 21824K [0x00000000e0000000, 0x00000000e8000000, 0x00000000e8000000)
  eden space 87424K,   0% used [0x00000000e0000000, 0x00000000e0000000, 0x00000000e5560000)
  from space 21824K, 100% used [0x00000000e5560000, 0x00000000e6ab0000, 0x00000000e6ab0000)
  to   space 21824K,   0% used [0x00000000e6ab0000, 0x00000000e6ab0000, 0x00000000e8000000)
 concurrent mark-sweep generation total 393216K, used 261477K [0x00000000e8000000, 0x0000000100000000, 0x0000000100000000)
 Metaspace       used 43990K, capacity 45241K, committed 45632K, reserved 1089536K
  class space    used 5314K, capacity 5618K, committed 5732K, reserved 1048576K
}
2019-02-22T17:27:07.539-0700: 81523.904: Total time for which application threads were stopped: 0.0132071 seconds, Stopping threads took: 0.0000288 seconds
2019-02-22T17:27:07.540-0700: 81523.905: [CMS-concurrent-preclean: 0.040/0.056 secs] [Times: user=0.23 sys=0.03, real=0.06 secs] 
2019-02-22T17:27:07.540-0700: 81523.905: [GC (CMS Final Remark) [YG occupancy: 22691 K (109248 K)]{Heap before GC invocations=610 (full 87):
 par new generation   total 109248K, used 22691K [0x00000000e0000000, 0x00000000e8000000, 0x00000000e8000000)
  eden space 87424K,   0% used [0x00000000e0000000, 0x00000000e00d8c40, 0x00000000e5560000)
  from space 21824K, 100% used [0x00000000e5560000, 0x00000000e6ab0000, 0x00000000e6ab0000)
  to   space 21824K,   0% used [0x00000000e6ab0000, 0x00000000e6ab0000, 0x00000000e8000000)
 concurrent mark-sweep generation total 393216K, used 261477K [0x00000000e8000000, 0x0000000100000000, 0x0000000100000000)
 Metaspace       used 43990K, capacity 45241K, committed 45632K, reserved 1089536K
  class space    used 5314K, capacity 5618K, committed 5732K, reserved 1048576K
2019-02-22T17:27:07.540-0700: 81523.905: [GC (CMS Final Remark) 2019-02-22T17:27:07.540-0700: 81523.905: [ParNew
Desired survivor size 20112992 bytes, new threshold 8 (max 8)
- age   1:     695408 bytes,     695408 total
- age   2:    4760392 bytes,    5455800 total
- age   3:     162208 bytes,    5618008 total
- age   4:     269680 bytes,    5887688 total
- age   5:    1296160 bytes,    7183848 total
- age   6:     583112 bytes,    7766960 total
- age   7:    8258248 bytes,   16025208 total
- age   8:    1180696 bytes,   17205904 total
: 22691K->21824K(109248K), 0.0109432 secs] 284168K->284958K(502464K), 0.0110121 secs] [Times: user=0.06 sys=0.00, real=0.01 secs] 
Heap after GC invocations=611 (full 87):
 par new generation   total 109248K, used 21824K [0x00000000e0000000, 0x00000000e8000000, 0x00000000e8000000)
  eden space 87424K,   0% used [0x00000000e0000000, 0x00000000e0000000, 0x00000000e5560000)
  from space 21824K, 100% used [0x00000000e6ab0000, 0x00000000e8000000, 0x00000000e8000000)
  to   space 21824K,   0% used [0x00000000e5560000, 0x00000000e5560000, 0x00000000e6ab0000)
 concurrent mark-sweep generation total 393216K, used 263134K [0x00000000e8000000, 0x0000000100000000, 0x0000000100000000)
 Metaspace       used 43990K, capacity 45241K, committed 45632K, reserved 1089536K
  class space    used 5314K, capacity 5618K, committed 5732K, reserved 1048576K
}
2019-02-22T17:27:07.551-0700: 81523.916: [Rescan (parallel) , 0.0099177 secs]2019-02-22T17:27:07.561-0700: 81523.926: [weak refs processing, 0.0006205 secs]2019-02-22T17:27:07.562-0700: 81523.927: [class unloading, 0.0108805 secs]2019-02-22T17:27:07.573-0700: 81523.938: [scrub symbol table, 0.0079745 secs]2019-02-22T17:27:07.581-0700: 81523.946: [scrub string table, 0.0006570 secs][1 CMS-remark: 263134K(393216K)] 284958K(502464K), 0.0415305 secs] [Times: user=0.09 sys=0.00, real=0.04 secs] 
2019-02-22T17:27:07.582-0700: 81523.947: Total time for which application threads were stopped: 0.0417737 seconds, Stopping threads took: 0.0000679 seconds
2019-02-22T17:27:07.582-0700: 81523.947: [CMS-concurrent-sweep-start]
{Heap before GC invocations=611 (full 87):
 par new generation   total 109248K, used 108887K [0x00000000e0000000, 0x00000000e8000000, 0x00000000e8000000)
  eden space 87424K,  99% used [0x00000000e0000000, 0x00000000e5505f10, 0x00000000e5560000)
  from space 21824K, 100% used [0x00000000e6ab0000, 0x00000000e8000000, 0x00000000e8000000)
  to   space 21824K,   0% used [0x00000000e5560000, 0x00000000e5560000, 0x00000000e6ab0000)
 concurrent mark-sweep generation total 393216K, used 259255K [0x00000000e8000000, 0x0000000100000000, 0x0000000100000000)
 Metaspace       used 44002K, capacity 45305K, committed 45632K, reserved 1089536K
  class space    used 5314K, capacity 5618K, committed 5732K, reserved 1048576K
2019-02-22T17:27:07.619-0700: 81523.984: [GC (Allocation Failure) 2019-02-22T17:27:07.619-0700: 81523.984: [ParNew
Desired survivor size 20112992 bytes, new threshold 8 (max 8)
- age   1:   12863728 bytes,   12863728 total
- age   3:    3222480 bytes,   16086208 total
- age   4:     135224 bytes,   16221432 total
- age   5:     209864 bytes,   16431296 total
- age   6:    1190912 bytes,   17622208 total
- age   7:     508016 bytes,   18130224 total
- age   8:    4227720 bytes,   22357944 total
: 108887K->21824K(109248K), 0.0210418 secs] 368143K->295401K(502464K), 0.0211251 secs] [Times: user=0.05 sys=0.00, real=0.02 secs] 
Heap after GC invocations=612 (full 87):
 par new generation   total 109248K, used 21824K [0x00000000e0000000, 0x00000000e8000000, 0x00000000e8000000)
  eden space 87424K,   0% used [0x00000000e0000000, 0x00000000e0000000, 0x00000000e5560000)
  from space 21824K, 100% used [0x00000000e5560000, 0x00000000e6ab0000, 0x00000000e6ab0000)
  to   space 21824K,   0% used [0x00000000e6ab0000, 0x00000000e6ab0000, 0x00000000e8000000)
 concurrent mark-sweep generation total 393216K, used 273577K [0x00000000e8000000, 0x0000000100000000, 0x0000000100000000)
 Metaspace       used 44002K, capacity 45305K, committed 45632K, reserved 1089536K
  class space    used 5314K, capacity 5618K, committed 5732K, reserved 1048576K
}
2019-02-22T17:27:07.641-0700: 81524.006: Total time for which application threads were stopped: 0.0214736 seconds, Stopping threads took: 0.0000514 seconds
{Heap before GC invocations=612 (full 87):
 par new generation   total 109248K, used 109248K [0x00000000e0000000, 0x00000000e8000000, 0x00000000e8000000)
  eden space 87424K, 100% used [0x00000000e0000000, 0x00000000e5560000, 0x00000000e5560000)
  from space 21824K, 100% used [0x00000000e5560000, 0x00000000e6ab0000, 0x00000000e6ab0000)
  to   space 21824K,   0% used [0x00000000e6ab0000, 0x00000000e6ab0000, 0x00000000e8000000)
 concurrent mark-sweep generation total 393216K, used 268482K [0x00000000e8000000, 0x0000000100000000, 0x0000000100000000)
 Metaspace       used 44002K, capacity 45305K, committed 45632K, reserved 1089536K
  class space    used 5314K, capacity 5618K, committed 5732K, reserved 1048576K
2019-02-22T17:27:07.666-0700: 81524.032: [GC (Allocation Failure) 2019-02-22T17:27:07.666-0700: 81524.032: [ParNew
Desired survivor size 20112992 bytes, new threshold 8 (max 8)
- age   1:    1293136 bytes,    1293136 total
- age   2:   12583472 bytes,   13876608 total
- age   4:    3226896 bytes,   17103504 total
- age   5:     135224 bytes,   17238728 total
- age   6:     209864 bytes,   17448592 total
- age   7:    1158128 bytes,   18606720 total
- age   8:     508016 bytes,   19114736 total
: 109248K->21824K(109248K), 0.0174234 secs] 377730K->294427K(502464K), 0.0174918 secs] [Times: user=0.06 sys=0.00, real=0.02 secs] 
Heap after GC invocations=613 (full 87):
 par new generation   total 109248K, used 21824K [0x00000000e0000000, 0x00000000e8000000, 0x00000000e8000000)
  eden space 87424K,   0% used [0x00000000e0000000, 0x00000000e0000000, 0x00000000e5560000)
  from space 21824K, 100% used [0x00000000e6ab0000, 0x00000000e8000000, 0x00000000e8000000)
  to   space 21824K,   0% used [0x00000000e5560000, 0x00000000e5560000, 0x00000000e6ab0000)
 concurrent mark-sweep generation total 393216K, used 272603K [0x00000000e8000000, 0x0000000100000000, 0x0000000100000000)
 Metaspace       used 44002K, capacity 45305K, committed 45632K, reserved 1089536K
  class space    used 5314K, capacity 5618K, committed 5732K, reserved 1048576K
}
2019-02-22T17:27:07.684-0700: 81524.049: Total time for which application threads were stopped: 0.0178506 seconds, Stopping threads took: 0.0000735 seconds
2019-02-22T17:27:07.748-0700: 81524.113: [CMS-concurrent-sweep: 0.127/0.167 secs] [Times: user=0.53 sys=0.03, real=0.17 secs] 
2019-02-22T17:27:07.748-0700: 81524.114: [CMS-concurrent-reset-start]
2019-02-22T17:27:07.749-0700: 81524.114: [CMS-concurrent-reset: 0.001/0.001 secs] [Times: user=0.00 sys=0.00, real=0.00 secs] 
{Heap before GC invocations=613 (full 87):
 par new generation   total 109248K, used 109248K [0x00000000e0000000, 0x00000000e8000000, 0x00000000e8000000)
  eden space 87424K, 100% used [0x00000000e0000000, 0x00000000e5560000, 0x00000000e5560000)
  from space 21824K, 100% used [0x00000000e6ab0000, 0x00000000e8000000, 0x00000000e8000000)
  to   space 21824K,   0% used [0x00000000e5560000, 0x00000000e5560000, 0x00000000e6ab0000)
 concurrent mark-sweep generation total 393216K, used 251402K [0x00000000e8000000, 0x0000000100000000, 0x0000000100000000)
 Metaspace       used 44002K, capacity 45305K, committed 45632K, reserved 1089536K
  class space    used 5314K, capacity 5618K, committed 5732K, reserved 1048576K
2019-02-22T17:27:07.801-0700: 81524.167: [GC (Allocation Failure) 2019-02-22T17:27:07.801-0700: 81524.167: [ParNew
Desired survivor size 20112992 bytes, new threshold 8 (max 8)
- age   1:    1804032 bytes,    1804032 total
- age   2:     421112 bytes,    2225144 total
- age   3:    9551816 bytes,   11776960 total
- age   5:    3063128 bytes,   14840088 total
- age   6:     131056 bytes,   14971144 total
- age   7:     189184 bytes,   15160328 total
- age   8:    1049704 bytes,   16210032 total
: 109248K->21824K(109248K), 0.0169114 secs] 360650K->276930K(502464K), 0.0169772 secs] [Times: user=0.08 sys=0.00, real=0.02 secs] 
Heap after GC invocations=614 (full 87):
 par new generation   total 109248K, used 21824K [0x00000000e0000000, 0x00000000e8000000, 0x00000000e8000000)
  eden space 87424K,   0% used [0x00000000e0000000, 0x00000000e0000000, 0x00000000e5560000)
  from space 21824K, 100% used [0x00000000e5560000, 0x00000000e6ab0000, 0x00000000e6ab0000)
  to   space 21824K,   0% used [0x00000000e6ab0000, 0x00000000e6ab0000, 0x00000000e8000000)
 concurrent mark-sweep generation total 393216K, used 255106K [0x00000000e8000000, 0x0000000100000000, 0x0000000100000000)
 Metaspace       used 44002K, capacity 45305K, committed 45632K, reserved 1089536K
  class space    used 5314K, capacity 5618K, committed 5732K, reserved 1048576K
}
2019-02-22T17:27:07.819-0700: 81524.184: Total time for which application threads were stopped: 0.0173165 seconds, Stopping threads took: 0.0000344 seconds
2019-02-22T17:27:07.819-0700: 81524.184: [GC (CMS Initial Mark) [1 CMS-initial-mark: 255106K(393216K)] 278026K(502464K), 0.0025112 secs] [Times: user=0.00 sys=0.00, real=0.00 secs] 
2019-02-22T17:27:07.821-0700: 81524.187: Total time for which application threads were stopped: 0.0027327 seconds, Stopping threads took: 0.0000550 seconds
2019-02-22T17:27:07.821-0700: 81524.187: [CMS-concurrent-mark-start]
2019-02-22T17:27:07.852-0700: 81524.218: Total time for which application threads were stopped: 0.0003300 seconds, Stopping threads took: 0.0000504 seconds
2019-02-22T17:27:07.926-0700: 81524.291: [CMS-concurrent-mark: 0.103/0.104 secs] [Times: user=0.59 sys=0.00, real=0.11 secs] 
2019-02-22T17:27:07.926-0700: 81524.292: [CMS-concurrent-preclean-start]
2019-02-22T17:27:07.949-0700: 81524.314: [CMS-concurrent-preclean: 0.021/0.022 secs] [Times: user=0.06 sys=0.00, real=0.02 secs] 
2019-02-22T17:27:07.949-0700: 81524.314: [CMS-concurrent-abortable-preclean-start]
{Heap before GC invocations=614 (full 88):
 par new generation   total 109248K, used 109248K [0x00000000e0000000, 0x00000000e8000000, 0x00000000e8000000)
  eden space 87424K, 100% used [0x00000000e0000000, 0x00000000e5560000, 0x00000000e5560000)
  from space 21824K, 100% used [0x00000000e5560000, 0x00000000e6ab0000, 0x00000000e6ab0000)
  to   space 21824K,   0% used [0x00000000e6ab0000, 0x00000000e6ab0000, 0x00000000e8000000)
 concurrent mark-sweep generation total 393216K, used 255106K [0x00000000e8000000, 0x0000000100000000, 0x0000000100000000)
 Metaspace       used 44005K, capacity 45305K, committed 45632K, reserved 1089536K
  class space    used 5315K, capacity 5618K, committed 5732K, reserved 1048576K
2019-02-22T17:27:08.022-0700: 81524.387: [GC (Allocation Failure) 2019-02-22T17:27:08.022-0700: 81524.387: [ParNew
Desired survivor size 20112992 bytes, new threshold 8 (max 8)
- age   1:    7405464 bytes,    7405464 total
- age   2:     936880 bytes,    8342344 total
- age   3:     293280 bytes,    8635624 total
- age   4:    8096472 bytes,   16732096 total
- age   6:    3066048 bytes,   19798144 total
- age   7:     163408 bytes,   19961552 total
- age   8:     189136 bytes,   20150688 total
: 109248K->21824K(109248K), 0.0234975 secs] 364354K->278468K(502464K), 0.0237211 secs] [Times: user=0.06 sys=0.00, real=0.02 secs] 
Heap after GC invocations=615 (full 88):
 par new generation   total 109248K, used 21824K [0x00000000e0000000, 0x00000000e8000000, 0x00000000e8000000)
  eden space 87424K,   0% used [0x00000000e0000000, 0x00000000e0000000, 0x00000000e5560000)
  from space 21824K, 100% used [0x00000000e6ab0000, 0x00000000e8000000, 0x00000000e8000000)
  to   space 21824K,   0% used [0x00000000e5560000, 0x00000000e5560000, 0x00000000e6ab0000)
 concurrent mark-sweep generation total 393216K, used 256644K [0x00000000e8000000, 0x0000000100000000, 0x0000000100000000)
 Metaspace       used 44005K, capacity 45305K, committed 45632K, reserved 1089536K
  class space    used 5315K, capacity 5618K, committed 5732K, reserved 1048576K
}
2019-02-22T17:27:08.045-0700: 81524.411: Total time for which application threads were stopped: 0.0241580 seconds, Stopping threads took: 0.0000807 seconds
2019-02-22T17:27:08.265-0700: 81524.631: [CMS-concurrent-abortable-preclean: 0.286/0.317 secs] [Times: user=0.76 sys=0.03, real=0.32 secs] 
2019-02-22T17:27:08.266-0700: 81524.631: [GC (CMS Final Remark) [YG occupancy: 83287 K (109248 K)]{Heap before GC invocations=615 (full 88):
 par new generation   total 109248K, used 83287K [0x00000000e0000000, 0x00000000e8000000, 0x00000000e8000000)
  eden space 87424K,  70% used [0x00000000e0000000, 0x00000000e3c05db0, 0x00000000e5560000)
  from space 21824K, 100% used [0x00000000e6ab0000, 0x00000000e8000000, 0x00000000e8000000)
  to   space 21824K,   0% used [0x00000000e5560000, 0x00000000e5560000, 0x00000000e6ab0000)
 concurrent mark-sweep generation total 393216K, used 256644K [0x00000000e8000000, 0x0000000100000000, 0x0000000100000000)
 Metaspace       used 44005K, capacity 45305K, committed 45632K, reserved 1089536K
  class space    used 5315K, capacity 5618K, committed 5732K, reserved 1048576K
2019-02-22T17:27:08.266-0700: 81524.631: [GC (CMS Final Remark) 2019-02-22T17:27:08.266-0700: 81524.631: [ParNew
Desired survivor size 20112992 bytes, new threshold 7 (max 8)
- age   1:    3805360 bytes,    3805360 total
- age   2:    5989296 bytes,    9794656 total
- age   3:     699112 bytes,   10493768 total
- age   4:     156504 bytes,   10650272 total
- age   5:    7084824 bytes,   17735096 total
- age   7:    3020624 bytes,   20755720 total
- age   8:     163408 bytes,   20919128 total
: 83287K->21824K(109248K), 0.0174671 secs] 339931K->279751K(502464K), 0.0175252 secs] [Times: user=0.06 sys=0.00, real=0.02 secs] 
Heap after GC invocations=616 (full 88):
 par new generation   total 109248K, used 21824K [0x00000000e0000000, 0x00000000e8000000, 0x00000000e8000000)
  eden space 87424K,   0% used [0x00000000e0000000, 0x00000000e0000000, 0x00000000e5560000)
  from space 21824K, 100% used [0x00000000e5560000, 0x00000000e6ab0000, 0x00000000e6ab0000)
  to   space 21824K,   0% used [0x00000000e6ab0000, 0x00000000e6ab0000, 0x00000000e8000000)
 concurrent mark-sweep generation total 393216K, used 257927K [0x00000000e8000000, 0x0000000100000000, 0x0000000100000000)
 Metaspace       used 44005K, capacity 45305K, committed 45632K, reserved 1089536K
  class space    used 5315K, capacity 5618K, committed 5732K, reserved 1048576K
}
2019-02-22T17:27:08.283-0700: 81524.649: [Rescan (parallel) , 0.0100318 secs]2019-02-22T17:27:08.294-0700: 81524.659: [weak refs processing, 0.0005691 secs]2019-02-22T17:27:08.294-0700: 81524.660: [class unloading, 0.0106389 secs]2019-02-22T17:27:08.305-0700: 81524.670: [scrub symbol table, 0.0095285 secs]2019-02-22T17:27:08.314-0700: 81524.680: [scrub string table, 0.0007176 secs][1 CMS-remark: 257927K(393216K)] 279751K(502464K), 0.0494444 secs] [Times: user=0.09 sys=0.00, real=0.05 secs] 
2019-02-22T17:27:08.315-0700: 81524.681: Total time for which application threads were stopped: 0.0497755 seconds, Stopping threads took: 0.0000910 seconds
2019-02-22T17:27:08.315-0700: 81524.681: [CMS-concurrent-sweep-start]
{Heap before GC invocations=616 (full 88):
 par new generation   total 109248K, used 108930K [0x00000000e0000000, 0x00000000e8000000, 0x00000000e8000000)
  eden space 87424K,  99% used [0x00000000e0000000, 0x00000000e5510a20, 0x00000000e5560000)
  from space 21824K, 100% used [0x00000000e5560000, 0x00000000e6ab0000, 0x00000000e6ab0000)
  to   space 21824K,   0% used [0x00000000e6ab0000, 0x00000000e6ab0000, 0x00000000e8000000)
 concurrent mark-sweep generation total 393216K, used 252909K [0x00000000e8000000, 0x0000000100000000, 0x0000000100000000)
 Metaspace       used 44006K, capacity 45305K, committed 45632K, reserved 1089536K
  class space    used 5315K, capacity 5618K, committed 5732K, reserved 1048576K
2019-02-22T17:27:08.347-0700: 81524.713: [GC (Allocation Failure) 2019-02-22T17:27:08.347-0700: 81524.713: [ParNew
Desired survivor size 20112992 bytes, new threshold 6 (max 8)
- age   1:   10956712 bytes,   10956712 total
- age   2:    2157152 bytes,   13113864 total
- age   3:    5506536 bytes,   18620400 total
- age   4:     540376 bytes,   19160776 total
- age   5:     128680 bytes,   19289456 total
- age   6:    3052232 bytes,   22341688 total
: 108930K->21824K(109248K), 0.0279502 secs] 361839K->295485K(502464K), 0.0280479 secs] [Times: user=0.08 sys=0.00, real=0.03 secs] 
Heap after GC invocations=617 (full 88):
 par new generation   total 109248K, used 21824K [0x00000000e0000000, 0x00000000e8000000, 0x00000000e8000000)
  eden space 87424K,   0% used [0x00000000e0000000, 0x00000000e0000000, 0x00000000e5560000)
  from space 21824K, 100% used [0x00000000e6ab0000, 0x00000000e8000000, 0x00000000e8000000)
  to   space 21824K,   0% used [0x00000000e5560000, 0x00000000e5560000, 0x00000000e6ab0000)
 concurrent mark-sweep generation total 393216K, used 273661K [0x00000000e8000000, 0x0000000100000000, 0x0000000100000000)
 Metaspace       used 44006K, capacity 45305K, committed 45632K, reserved 1089536K
  class space    used 5315K, capacity 5618K, committed 5732K, reserved 1048576K
}
2019-02-22T17:27:08.376-0700: 81524.741: Total time for which application threads were stopped: 0.0284262 seconds, Stopping threads took: 0.0000632 seconds
{Heap before GC invocations=617 (full 88):
 par new generation   total 109248K, used 109248K [0x00000000e0000000, 0x00000000e8000000, 0x00000000e8000000)
  eden space 87424K, 100% used [0x00000000e0000000, 0x00000000e5560000, 0x00000000e5560000)
  from space 21824K, 100% used [0x00000000e6ab0000, 0x00000000e8000000, 0x00000000e8000000)
  to   space 21824K,   0% used [0x00000000e5560000, 0x00000000e5560000, 0x00000000e6ab0000)
 concurrent mark-sweep generation total 393216K, used 269813K [0x00000000e8000000, 0x0000000100000000, 0x0000000100000000)
 Metaspace       used 44006K, capacity 45305K, committed 45632K, reserved 1089536K
  class space    used 5315K, capacity 5618K, committed 5732K, reserved 1048576K
2019-02-22T17:27:08.396-0700: 81524.761: [GC (Allocation Failure) 2019-02-22T17:27:08.396-0700: 81524.761: [ParNew
Desired survivor size 20112992 bytes, new threshold 8 (max 8)
- age   1:    1010600 bytes,    1010600 total
- age   2:    9195976 bytes,   10206576 total
- age   3:    1666112 bytes,   11872688 total
- age   4:    4699816 bytes,   16572504 total
- age   5:     454728 bytes,   17027232 total
- age   6:     122944 bytes,   17150176 total
: 109248K->21824K(109248K), 0.0180685 secs] 379061K->297065K(502464K), 0.0181384 secs] [Times: user=0.05 sys=0.00, real=0.02 secs] 
Heap after GC invocations=618 (full 88):
 par new generation   total 109248K, used 21824K [0x00000000e0000000, 0x00000000e8000000, 0x00000000e8000000)
  eden space 87424K,   0% used [0x00000000e0000000, 0x00000000e0000000, 0x00000000e5560000)
  from space 21824K, 100% used [0x00000000e5560000, 0x00000000e6ab0000, 0x00000000e6ab0000)
  to   space 21824K,   0% used [0x00000000e6ab0000, 0x00000000e6ab0000, 0x00000000e8000000)
 concurrent mark-sweep generation total 393216K, used 275241K [0x00000000e8000000, 0x0000000100000000, 0x0000000100000000)
 Metaspace       used 44006K, capacity 45305K, committed 45632K, reserved 1089536K
  class space    used 5315K, capacity 5618K, committed 5732K, reserved 1048576K
}
2019-02-22T17:27:08.414-0700: 81524.780: Total time for which application threads were stopped: 0.0185116 seconds, Stopping threads took: 0.0000607 seconds
2019-02-22T17:27:08.473-0700: 81524.839: [CMS-concurrent-sweep: 0.111/0.158 secs] [Times: user=0.55 sys=0.02, real=0.16 secs] 
2019-02-22T17:27:08.473-0700: 81524.839: [CMS-concurrent-reset-start]
2019-02-22T17:27:08.474-0700: 81524.839: [CMS-concurrent-reset: 0.001/0.001 secs] [Times: user=0.00 sys=0.00, real=0.00 secs] 
{Heap before GC invocations=618 (full 88):
 par new generation   total 109248K, used 109248K [0x00000000e0000000, 0x00000000e8000000, 0x00000000e8000000)
  eden space 87424K, 100% used [0x00000000e0000000, 0x00000000e5560000, 0x00000000e5560000)
  from space 21824K, 100% used [0x00000000e5560000, 0x00000000e6ab0000, 0x00000000e6ab0000)
  to   space 21824K,   0% used [0x00000000e6ab0000, 0x00000000e6ab0000, 0x00000000e8000000)
 concurrent mark-sweep generation total 393216K, used 256107K [0x00000000e8000000, 0x0000000100000000, 0x0000000100000000)
 Metaspace       used 44006K, capacity 45305K, committed 45632K, reserved 1089536K
  class space    used 5315K, capacity 5618K, committed 5732K, reserved 1048576K
2019-02-22T17:27:08.522-0700: 81524.887: [GC (Allocation Failure) 2019-02-22T17:27:08.522-0700: 81524.887: [ParNew
Desired survivor size 20112992 bytes, new threshold 8 (max 8)
- age   1:    3585880 bytes,    3585880 total
- age   2:     642808 bytes,    4228688 total
- age   3:    8763976 bytes,   12992664 total
- age   4:    1406600 bytes,   14399264 total
- age   5:    4453608 bytes,   18852872 total
- age   6:     424664 bytes,   19277536 total
- age   7:     119960 bytes,   19397496 total
: 109248K->21824K(109248K), 0.0215420 secs] 365355K->278428K(502464K), 0.0216386 secs] [Times: user=0.06 sys=0.00, real=0.02 secs] 
Heap after GC invocations=619 (full 88):
 par new generation   total 109248K, used 21824K [0x00000000e0000000, 0x00000000e8000000, 0x00000000e8000000)
  eden space 87424K,   0% used [0x00000000e0000000, 0x00000000e0000000, 0x00000000e5560000)
  from space 21824K, 100% used [0x00000000e6ab0000, 0x00000000e8000000, 0x00000000e8000000)
  to   space 21824K,   0% used [0x00000000e5560000, 0x00000000e5560000, 0x00000000e6ab0000)
 concurrent mark-sweep generation total 393216K, used 256604K [0x00000000e8000000, 0x0000000100000000, 0x0000000100000000)
 Metaspace       used 44006K, capacity 45305K, committed 45632K, reserved 1089536K
  class space    used 5315K, capacity 5618K, committed 5732K, reserved 1048576K
}
2019-02-22T17:27:08.544-0700: 81524.909: Total time for which application threads were stopped: 0.0220987 seconds, Stopping threads took: 0.0000920 seconds
2019-02-22T17:27:08.544-0700: 81524.909: [GC (CMS Initial Mark) [1 CMS-initial-mark: 256604K(393216K)] 279716K(502464K), 0.0027188 secs] [Times: user=0.02 sys=0.00, real=0.00 secs] 
2019-02-22T17:27:08.547-0700: 81524.912: Total time for which application threads were stopped: 0.0030113 seconds, Stopping threads took: 0.0000864 seconds
2019-02-22T17:27:08.547-0700: 81524.912: [CMS-concurrent-mark-start]
2019-02-22T17:27:08.639-0700: 81525.004: [CMS-concurrent-mark: 0.092/0.092 secs] [Times: user=0.38 sys=0.00, real=0.09 secs] 
2019-02-22T17:27:08.639-0700: 81525.004: [CMS-concurrent-preclean-start]
2019-02-22T17:27:08.660-0700: 81525.025: [CMS-concurrent-preclean: 0.019/0.020 secs] [Times: user=0.08 sys=0.00, real=0.02 secs] 
2019-02-22T17:27:08.660-0700: 81525.025: [CMS-concurrent-abortable-preclean-start]
{Heap before GC invocations=619 (full 89):
 par new generation   total 109248K, used 108858K [0x00000000e0000000, 0x00000000e8000000, 0x00000000e8000000)
  eden space 87424K,  99% used [0x00000000e0000000, 0x00000000e54fe900, 0x00000000e5560000)
  from space 21824K, 100% used [0x00000000e6ab0000, 0x00000000e8000000, 0x00000000e8000000)
  to   space 21824K,   0% used [0x00000000e5560000, 0x00000000e5560000, 0x00000000e6ab0000)
 concurrent mark-sweep generation total 393216K, used 256604K [0x00000000e8000000, 0x0000000100000000, 0x0000000100000000)
 Metaspace       used 44009K, capacity 45305K, committed 45632K, reserved 1089536K
  class space    used 5315K, capacity 5618K, committed 5732K, reserved 1048576K
2019-02-22T17:27:08.689-0700: 81525.054: [GC (Allocation Failure) 2019-02-22T17:27:08.689-0700: 81525.054: [ParNew
Desired survivor size 20112992 bytes, new threshold 6 (max 8)
- age   1:    7185328 bytes,    7185328 total
- age   2:    1334128 bytes,    8519456 total
- age   3:     349368 bytes,    8868824 total
- age   4:    7982056 bytes,   16850880 total
- age   5:    1157808 bytes,   18008688 total
- age   6:    3856184 bytes,   21864872 total
- age   7:     395704 bytes,   22260576 total
- age   8:     103608 bytes,   22364184 total
: 108858K->21824K(109248K), 0.0183713 secs] 365463K->282506K(502464K), 0.0184582 secs] [Times: user=0.06 sys=0.00, real=0.02 secs] 
Heap after GC invocations=620 (full 89):
 par new generation   total 109248K, used 21824K [0x00000000e0000000, 0x00000000e8000000, 0x00000000e8000000)
  eden space 87424K,   0% used [0x00000000e0000000, 0x00000000e0000000, 0x00000000e5560000)
  from space 21824K, 100% used [0x00000000e5560000, 0x00000000e6ab0000, 0x00000000e6ab0000)
  to   space 21824K,   0% used [0x00000000e6ab0000, 0x00000000e6ab0000, 0x00000000e8000000)
 concurrent mark-sweep generation total 393216K, used 260682K [0x00000000e8000000, 0x0000000100000000, 0x0000000100000000)
 Metaspace       used 44009K, capacity 45305K, committed 45632K, reserved 1089536K
  class space    used 5315K, capacity 5618K, committed 5732K, reserved 1048576K
}
2019-02-22T17:27:08.708-0700: 81525.073: Total time for which application threads were stopped: 0.0188720 seconds, Stopping threads took: 0.0000853 seconds
{Heap before GC invocations=620 (full 89):
 par new generation   total 109248K, used 109229K [0x00000000e0000000, 0x00000000e8000000, 0x00000000e8000000)
  eden space 87424K,  99% used [0x00000000e0000000, 0x00000000e555b790, 0x00000000e5560000)
  from space 21824K, 100% used [0x00000000e5560000, 0x00000000e6ab0000, 0x00000000e6ab0000)
  to   space 21824K,   0% used [0x00000000e6ab0000, 0x00000000e6ab0000, 0x00000000e8000000)
 concurrent mark-sweep generation total 393216K, used 260682K [0x00000000e8000000, 0x0000000100000000, 0x0000000100000000)
 Metaspace       used 44009K, capacity 45305K, committed 45632K, reserved 1089536K
  class space    used 5315K, capacity 5618K, committed 5732K, reserved 1048576K
2019-02-22T17:27:08.719-0700: 81525.085: [GC (Allocation Failure) 2019-02-22T17:27:08.719-0700: 81525.085: [ParNew
Desired survivor size 20112992 bytes, new threshold 8 (max 8)
- age   1:    5862848 bytes,    5862848 total
- age   2:    7005320 bytes,   12868168 total
- age   3:    1242496 bytes,   14110664 total
- age   4:     269928 bytes,   14380592 total
- age   5:    4584712 bytes,   18965304 total
- age   6:    1138080 bytes,   20103384 total
: 109229K->21824K(109248K), 0.0192658 secs] 369911K->290173K(502464K), 0.0193639 secs] [Times: user=0.06 sys=0.00, real=0.02 secs] 
Heap after GC invocations=621 (full 89):
 par new generation   total 109248K, used 21824K [0x00000000e0000000, 0x00000000e8000000, 0x00000000e8000000)
  eden space 87424K,   0% used [0x00000000e0000000, 0x00000000e0000000, 0x00000000e5560000)
  from space 21824K, 100% used [0x00000000e6ab0000, 0x00000000e8000000, 0x00000000e8000000)
  to   space 21824K,   0% used [0x00000000e5560000, 0x00000000e5560000, 0x00000000e6ab0000)
 concurrent mark-sweep generation total 393216K, used 268349K [0x00000000e8000000, 0x0000000100000000, 0x0000000100000000)
 Metaspace       used 44009K, capacity 45305K, committed 45632K, reserved 1089536K
  class space    used 5315K, capacity 5618K, committed 5732K, reserved 1048576K
}
2019-02-22T17:27:08.738-0700: 81525.104: Total time for which application threads were stopped: 0.0199649 seconds, Stopping threads took: 0.0001321 seconds
{Heap before GC invocations=621 (full 89):
 par new generation   total 109248K, used 109248K [0x00000000e0000000, 0x00000000e8000000, 0x00000000e8000000)
  eden space 87424K, 100% used [0x00000000e0000000, 0x00000000e5560000, 0x00000000e5560000)
  from space 21824K, 100% used [0x00000000e6ab0000, 0x00000000e8000000, 0x00000000e8000000)
  to   space 21824K,   0% used [0x00000000e5560000, 0x00000000e5560000, 0x00000000e6ab0000)
 concurrent mark-sweep generation total 393216K, used 268349K [0x00000000e8000000, 0x0000000100000000, 0x0000000100000000)
 Metaspace       used 44009K, capacity 45305K, committed 45632K, reserved 1089536K
  class space    used 5315K, capacity 5618K, committed 5732K, reserved 1048576K
2019-02-22T17:27:08.793-0700: 81525.158: [GC (Allocation Failure) 2019-02-22T17:27:08.793-0700: 81525.158: [ParNew
Desired survivor size 20112992 bytes, new threshold 6 (max 8)
- age   1:    5786616 bytes,    5786616 total
- age   2:    2664016 bytes,    8450632 total
- age   3:    6859336 bytes,   15309968 total
- age   4:    1185952 bytes,   16495920 total
- age   5:     248352 bytes,   16744272 total
- age   6:    4458376 bytes,   21202648 total
- age   7:    1136904 bytes,   22339552 total
: 109248K->21824K(109248K), 0.0207658 secs] 377597K->304062K(502464K), 0.0208424 secs] [Times: user=0.11 sys=0.00, real=0.02 secs] 
Heap after GC invocations=622 (full 89):
 par new generation   total 109248K, used 21824K [0x00000000e0000000, 0x00000000e8000000, 0x00000000e8000000)
  eden space 87424K,   0% used [0x00000000e0000000, 0x00000000e0000000, 0x00000000e5560000)
  from space 21824K, 100% used [0x00000000e5560000, 0x00000000e6ab0000, 0x00000000e6ab0000)
  to   space 21824K,   0% used [0x00000000e6ab0000, 0x00000000e6ab0000, 0x00000000e8000000)
 concurrent mark-sweep generation total 393216K, used 282238K [0x00000000e8000000, 0x0000000100000000, 0x0000000100000000)
 Metaspace       used 44009K, capacity 45305K, committed 45632K, reserved 1089536K
  class space    used 5315K, capacity 5618K, committed 5732K, reserved 1048576K
}
2019-02-22T17:27:08.814-0700: 81525.179: Total time for which application threads were stopped: 0.0212058 seconds, Stopping threads took: 0.0000535 seconds
2019-02-22T17:27:08.839-0700: 81525.205: [CMS-concurrent-abortable-preclean: 0.114/0.180 secs] [Times: user=0.55 sys=0.03, real=0.18 secs] 
2019-02-22T17:27:08.839-0700: 81525.205: [GC (CMS Final Remark) [YG occupancy: 49193 K (109248 K)]{Heap before GC invocations=622 (full 89):
 par new generation   total 109248K, used 49193K [0x00000000e0000000, 0x00000000e8000000, 0x00000000e8000000)
  eden space 87424K,  31% used [0x00000000e0000000, 0x00000000e1aba710, 0x00000000e5560000)
  from space 21824K, 100% used [0x00000000e5560000, 0x00000000e6ab0000, 0x00000000e6ab0000)
  to   space 21824K,   0% used [0x00000000e6ab0000, 0x00000000e6ab0000, 0x00000000e8000000)
 concurrent mark-sweep generation total 393216K, used 282238K [0x00000000e8000000, 0x0000000100000000, 0x0000000100000000)
 Metaspace       used 44009K, capacity 45305K, committed 45632K, reserved 1089536K
  class space    used 5315K, capacity 5618K, committed 5732K, reserved 1048576K
2019-02-22T17:27:08.839-0700: 81525.205: [GC (CMS Final Remark) 2019-02-22T17:27:08.839-0700: 81525.205: [ParNew
Desired survivor size 20112992 bytes, new threshold 8 (max 8)
- age   1:    1250984 bytes,    1250984 total
- age   2:    4987704 bytes,    6238688 total
- age   3:    2495720 bytes,    8734408 total
- age   4:    4064688 bytes,   12799096 total
- age   5:    1063696 bytes,   13862792 total
- age   6:     225456 bytes,   14088248 total
: 49193K->21824K(109248K), 0.0216124 secs] 331432K->312771K(502464K), 0.0216700 secs] [Times: user=0.13 sys=0.00, real=0.02 secs] 
Heap after GC invocations=623 (full 89):
 par new generation   total 109248K, used 21824K [0x00000000e0000000, 0x00000000e8000000, 0x00000000e8000000)
  eden space 87424K,   0% used [0x00000000e0000000, 0x00000000e0000000, 0x00000000e5560000)
  from space 21824K, 100% used [0x00000000e6ab0000, 0x00000000e8000000, 0x00000000e8000000)
  to   space 21824K,   0% used [0x00000000e5560000, 0x00000000e5560000, 0x00000000e6ab0000)
 concurrent mark-sweep generation total 393216K, used 290947K [0x00000000e8000000, 0x0000000100000000, 0x0000000100000000)
 Metaspace       used 44009K, capacity 45305K, committed 45632K, reserved 1089536K
  class space    used 5315K, capacity 5618K, committed 5732K, reserved 1048576K
}
2019-02-22T17:27:08.862-0700: 81525.227: [Rescan (parallel) , 0.0113838 secs]2019-02-22T17:27:08.873-0700: 81525.238: [weak refs processing, 0.0004236 secs]2019-02-22T17:27:08.873-0700: 81525.239: [class unloading, 0.0112470 secs]2019-02-22T17:27:08.884-0700: 81525.250: [scrub symbol table, 0.0085164 secs]2019-02-22T17:27:08.893-0700: 81525.259: [scrub string table, 0.0005732 secs][1 CMS-remark: 290947K(393216K)] 312771K(502464K), 0.0541912 secs] [Times: user=0.16 sys=0.00, real=0.06 secs] 
2019-02-22T17:27:08.894-0700: 81525.259: Total time for which application threads were stopped: 0.0544621 seconds, Stopping threads took: 0.0000730 seconds
2019-02-22T17:27:08.894-0700: 81525.259: [CMS-concurrent-sweep-start]
2019-02-22T17:27:08.985-0700: 81525.350: [CMS-concurrent-sweep: 0.091/0.091 secs] [Times: user=0.34 sys=0.00, real=0.09 secs] 
2019-02-22T17:27:08.985-0700: 81525.350: [CMS-concurrent-reset-start]
2019-02-22T17:27:08.985-0700: 81525.351: [CMS-concurrent-reset: 0.001/0.001 secs] [Times: user=0.00 sys=0.00, real=0.00 secs] 
{Heap before GC invocations=623 (full 89):
 par new generation   total 109248K, used 109248K [0x00000000e0000000, 0x00000000e8000000, 0x00000000e8000000)
  eden space 87424K, 100% used [0x00000000e0000000, 0x00000000e5560000, 0x00000000e5560000)
  from space 21824K, 100% used [0x00000000e6ab0000, 0x00000000e8000000, 0x00000000e8000000)
  to   space 21824K,   0% used [0x00000000e5560000, 0x00000000e5560000, 0x00000000e6ab0000)
 concurrent mark-sweep generation total 393216K, used 264696K [0x00000000e8000000, 0x0000000100000000, 0x0000000100000000)
 Metaspace       used 44009K, capacity 45305K, committed 45632K, reserved 1089536K
  class space    used 5315K, capacity 5618K, committed 5732K, reserved 1048576K
2019-02-22T17:27:08.992-0700: 81525.357: [GC (Allocation Failure) 2019-02-22T17:27:08.992-0700: 81525.357: [ParNew
Desired survivor size 20112992 bytes, new threshold 8 (max 8)
- age   1:    6712624 bytes,    6712624 total
- age   2:     713968 bytes,    7426592 total
- age   3:    4600400 bytes,   12026992 total
- age   4:    2103008 bytes,   14130000 total
- age   5:    3381528 bytes,   17511528 total
- age   6:    1051488 bytes,   18563016 total
- age   7:     210528 bytes,   18773544 total
: 109248K->21824K(109248K), 0.0161347 secs] 373944K->286520K(502464K), 0.0162298 secs] [Times: user=0.06 sys=0.00, real=0.02 secs] 
Heap after GC invocations=624 (full 89):
 par new generation   total 109248K, used 21824K [0x00000000e0000000, 0x00000000e8000000, 0x00000000e8000000)
  eden space 87424K,   0% used [0x00000000e0000000, 0x00000000e0000000, 0x00000000e5560000)
  from space 21824K, 100% used [0x00000000e5560000, 0x00000000e6ab0000, 0x00000000e6ab0000)
  to   space 21824K,   0% used [0x00000000e6ab0000, 0x00000000e6ab0000, 0x00000000e8000000)
 concurrent mark-sweep generation total 393216K, used 264696K [0x00000000e8000000, 0x0000000100000000, 0x0000000100000000)
 Metaspace       used 44009K, capacity 45305K, committed 45632K, reserved 1089536K
  class space    used 5315K, capacity 5618K, committed 5732K, reserved 1048576K
}
2019-02-22T17:27:09.008-0700: 81525.373: Total time for which application threads were stopped: 0.0166703 seconds, Stopping threads took: 0.0000797 seconds
2019-02-22T17:27:09.008-0700: 81525.374: [GC (CMS Initial Mark) [1 CMS-initial-mark: 264696K(393216K)] 286934K(502464K), 0.0028479 secs] [Times: user=0.00 sys=0.00, real=0.00 secs] 
2019-02-22T17:27:09.011-0700: 81525.376: Total time for which application threads were stopped: 0.0031090 seconds, Stopping threads took: 0.0000673 seconds
2019-02-22T17:27:09.011-0700: 81525.377: [CMS-concurrent-mark-start]
2019-02-22T17:27:09.108-0700: 81525.473: [CMS-concurrent-mark: 0.096/0.096 secs] [Times: user=0.47 sys=0.01, real=0.10 secs] 
2019-02-22T17:27:09.108-0700: 81525.473: [CMS-concurrent-preclean-start]
2019-02-22T17:27:09.132-0700: 81525.497: [CMS-concurrent-preclean: 0.022/0.024 secs] [Times: user=0.06 sys=0.00, real=0.02 secs] 
2019-02-22T17:27:09.132-0700: 81525.497: [CMS-concurrent-abortable-preclean-start]
{Heap before GC invocations=624 (full 90):
 par new generation   total 109248K, used 109248K [0x00000000e0000000, 0x00000000e8000000, 0x00000000e8000000)
  eden space 87424K, 100% used [0x00000000e0000000, 0x00000000e5560000, 0x00000000e5560000)
  from space 21824K, 100% used [0x00000000e5560000, 0x00000000e6ab0000, 0x00000000e6ab0000)
  to   space 21824K,   0% used [0x00000000e6ab0000, 0x00000000e6ab0000, 0x00000000e8000000)
 concurrent mark-sweep generation total 393216K, used 264696K [0x00000000e8000000, 0x0000000100000000, 0x0000000100000000)
 Metaspace       used 44009K, capacity 45305K, committed 45632K, reserved 1089536K
  class space    used 5315K, capacity 5618K, committed 5732K, reserved 1048576K
2019-02-22T17:27:09.339-0700: 81525.705: [GC (Allocation Failure) 2019-02-22T17:27:09.339-0700: 81525.705: [ParNew
Desired survivor size 20112992 bytes, new threshold 7 (max 8)
- age   1:    4793696 bytes,    4793696 total
- age   2:    4034480 bytes,    8828176 total
- age   3:     511480 bytes,    9339656 total
- age   4:    4463096 bytes,   13802752 total
- age   5:    2078928 bytes,   15881680 total
- age   6:    3362144 bytes,   19243824 total
- age   7:    1039568 bytes,   20283392 total
- age   8:     181592 bytes,   20464984 total
: 109248K->21824K(109248K), 0.0206064 secs] 373944K->287228K(502464K), 0.0206876 secs] [Times: user=0.06 sys=0.00, real=0.02 secs] 
Heap after GC invocations=625 (full 90):
 par new generation   total 109248K, used 21824K [0x00000000e0000000, 0x00000000e8000000, 0x00000000e8000000)
  eden space 87424K,   0% used [0x00000000e0000000, 0x00000000e0000000, 0x00000000e5560000)
  from space 21824K, 100% used [0x00000000e6ab0000, 0x00000000e8000000, 0x00000000e8000000)
  to   space 21824K,   0% used [0x00000000e5560000, 0x00000000e5560000, 0x00000000e6ab0000)
 concurrent mark-sweep generation total 393216K, used 265404K [0x00000000e8000000, 0x0000000100000000, 0x0000000100000000)
 Metaspace       used 44009K, capacity 45305K, committed 45632K, reserved 1089536K
  class space    used 5315K, capacity 5618K, committed 5732K, reserved 1048576K
}
2019-02-22T17:27:09.360-0700: 81525.726: Total time for which application threads were stopped: 0.0210747 seconds, Stopping threads took: 0.0000709 seconds
{Heap before GC invocations=625 (full 90):
 par new generation   total 109248K, used 108802K [0x00000000e0000000, 0x00000000e8000000, 0x00000000e8000000)
  eden space 87424K,  99% used [0x00000000e0000000, 0x00000000e54f0878, 0x00000000e5560000)
  from space 21824K, 100% used [0x00000000e6ab0000, 0x00000000e8000000, 0x00000000e8000000)
  to   space 21824K,   0% used [0x00000000e5560000, 0x00000000e5560000, 0x00000000e6ab0000)
 concurrent mark-sweep generation total 393216K, used 265404K [0x00000000e8000000, 0x0000000100000000, 0x0000000100000000)
 Metaspace       used 44009K, capacity 45305K, committed 45632K, reserved 1089536K
  class space    used 5315K, capacity 5618K, committed 5732K, reserved 1048576K
2019-02-22T17:27:09.390-0700: 81525.756: [GC (Allocation Failure) 2019-02-22T17:27:09.390-0700: 81525.756: [ParNew
Desired survivor size 20112992 bytes, new threshold 8 (max 8)
- age   1:    1736144 bytes,    1736144 total
- age   2:    3620696 bytes,    5356840 total
- age   3:    3700640 bytes,    9057480 total
- age   4:     431064 bytes,    9488544 total
- age   5:    4425184 bytes,   13913728 total
- age   6:    2076224 bytes,   15989952 total
- age   7:    3199272 bytes,   19189224 total
: 108802K->21824K(109248K), 0.0178295 secs] 374206K->289271K(502464K), 0.0179138 secs] [Times: user=0.06 sys=0.00, real=0.02 secs] 
Heap after GC invocations=626 (full 90):
 par new generation   total 109248K, used 21824K [0x00000000e0000000, 0x00000000e8000000, 0x00000000e8000000)
  eden space 87424K,   0% used [0x00000000e0000000, 0x00000000e0000000, 0x00000000e5560000)
  from space 21824K, 100% used [0x00000000e5560000, 0x00000000e6ab0000, 0x00000000e6ab0000)
  to   space 21824K,   0% used [0x00000000e6ab0000, 0x00000000e6ab0000, 0x00000000e8000000)
 concurrent mark-sweep generation total 393216K, used 267447K [0x00000000e8000000, 0x0000000100000000, 0x0000000100000000)
 Metaspace       used 44009K, capacity 45305K, committed 45632K, reserved 1089536K
  class space    used 5315K, capacity 5618K, committed 5732K, reserved 1048576K
}
2019-02-22T17:27:09.408-0700: 81525.774: Total time for which application threads were stopped: 0.0183328 seconds, Stopping threads took: 0.0001141 seconds
{Heap before GC invocations=626 (full 90):
 par new generation   total 109248K, used 109248K [0x00000000e0000000, 0x00000000e8000000, 0x00000000e8000000)
  eden space 87424K, 100% used [0x00000000e0000000, 0x00000000e5560000, 0x00000000e5560000)
  from space 21824K, 100% used [0x00000000e5560000, 0x00000000e6ab0000, 0x00000000e6ab0000)
  to   space 21824K,   0% used [0x00000000e6ab0000, 0x00000000e6ab0000, 0x00000000e8000000)
 concurrent mark-sweep generation total 393216K, used 267447K [0x00000000e8000000, 0x0000000100000000, 0x0000000100000000)
 Metaspace       used 44009K, capacity 45305K, committed 45632K, reserved 1089536K
  class space    used 5315K, capacity 5618K, committed 5732K, reserved 1048576K
2019-02-22T17:27:09.438-0700: 81525.803: [GC (Allocation Failure) 2019-02-22T17:27:09.438-0700: 81525.803: [ParNew
Desired survivor size 20112992 bytes, new threshold 8 (max 8)
- age   1:    4745952 bytes,    4745952 total
- age   2:    1166096 bytes,    5912048 total
- age   3:    3404176 bytes,    9316224 total
- age   4:    3338184 bytes,   12654408 total
- age   5:     151896 bytes,   12806304 total
- age   6:    4379232 bytes,   17185536 total
- age   7:    2070880 bytes,   19256416 total
- age   8:    3043488 bytes,   22299904 total
: 109248K->21824K(109248K), 0.0260019 secs] 376695K->306259K(502464K), 0.0260960 secs] [Times: user=0.06 sys=0.00, real=0.03 secs] 
Heap after GC invocations=627 (full 90):
 par new generation   total 109248K, used 21824K [0x00000000e0000000, 0x00000000e8000000, 0x00000000e8000000)
  eden space 87424K,   0% used [0x00000000e0000000, 0x00000000e0000000, 0x00000000e5560000)
  from space 21824K, 100% used [0x00000000e6ab0000, 0x00000000e8000000, 0x00000000e8000000)
  to   space 21824K,   0% used [0x00000000e5560000, 0x00000000e5560000, 0x00000000e6ab0000)
 concurrent mark-sweep generation total 393216K, used 284435K [0x00000000e8000000, 0x0000000100000000, 0x0000000100000000)
 Metaspace       used 44009K, capacity 45305K, committed 45632K, reserved 1089536K
  class space    used 5315K, capacity 5618K, committed 5732K, reserved 1048576K
}
2019-02-22T17:27:09.464-0700: 81525.830: Total time for which application threads were stopped: 0.0265191 seconds, Stopping threads took: 0.0000622 seconds
2019-02-22T17:27:09.470-0700: 81525.836: [CMS-concurrent-abortable-preclean: 0.266/0.338 secs] [Times: user=0.91 sys=0.00, real=0.34 secs] 
2019-02-22T17:27:09.471-0700: 81525.836: [GC (CMS Final Remark) [YG occupancy: 28163 K (109248 K)]{Heap before GC invocations=627 (full 90):
 par new generation   total 109248K, used 28163K [0x00000000e0000000, 0x00000000e8000000, 0x00000000e8000000)
  eden space 87424K,   7% used [0x00000000e0000000, 0x00000000e0630d00, 0x00000000e5560000)
  from space 21824K, 100% used [0x00000000e6ab0000, 0x00000000e8000000, 0x00000000e8000000)
  to   space 21824K,   0% used [0x00000000e5560000, 0x00000000e5560000, 0x00000000e6ab0000)
 concurrent mark-sweep generation total 393216K, used 284435K [0x00000000e8000000, 0x0000000100000000, 0x0000000100000000)
 Metaspace       used 44009K, capacity 45305K, committed 45632K, reserved 1089536K
  class space    used 5315K, capacity 5618K, committed 5732K, reserved 1048576K
2019-02-22T17:27:09.471-0700: 81525.836: [GC (CMS Final Remark) 2019-02-22T17:27:09.471-0700: 81525.836: [ParNew
Desired survivor size 20112992 bytes, new threshold 8 (max 8)
- age   1:    2588360 bytes,    2588360 total
- age   2:    2540960 bytes,    5129320 total
- age   3:    1122512 bytes,    6251832 total
- age   4:    3334888 bytes,    9586720 total
- age   5:    2935416 bytes,   12522136 total
- age   6:     151816 bytes,   12673952 total
- age   7:    4177416 bytes,   16851368 total
- age   8:    2083616 bytes,   18934984 total
: 28163K->21824K(109248K), 0.0199896 secs] 312598K->311513K(502464K), 0.0200574 secs] [Times: user=0.06 sys=0.00, real=0.02 secs] 
Heap after GC invocations=628 (full 90):
 par new generation   total 109248K, used 21824K [0x00000000e0000000, 0x00000000e8000000, 0x00000000e8000000)
  eden space 87424K,   0% used [0x00000000e0000000, 0x00000000e0000000, 0x00000000e5560000)
  from space 21824K, 100% used [0x00000000e5560000, 0x00000000e6ab0000, 0x00000000e6ab0000)
  to   space 21824K,   0% used [0x00000000e6ab0000, 0x00000000e6ab0000, 0x00000000e8000000)
 concurrent mark-sweep generation total 393216K, used 289689K [0x00000000e8000000, 0x0000000100000000, 0x0000000100000000)
 Metaspace       used 44009K, capacity 45305K, committed 45632K, reserved 1089536K
  class space    used 5315K, capacity 5618K, committed 5732K, reserved 1048576K
}
2019-02-22T17:27:09.491-0700: 81525.856: [Rescan (parallel) , 0.0163043 secs]2019-02-22T17:27:09.508-0700: 81525.873: [weak refs processing, 0.0021606 secs]2019-02-22T17:27:09.510-0700: 81525.875: [class unloading, 0.0116069 secs]2019-02-22T17:27:09.521-0700: 81525.887: [scrub symbol table, 0.0081360 secs]2019-02-22T17:27:09.530-0700: 81525.895: [scrub string table, 0.0006760 secs][1 CMS-remark: 289689K(393216K)] 311513K(502464K), 0.0594212 secs] [Times: user=0.14 sys=0.00, real=0.06 secs] 
2019-02-22T17:27:09.531-0700: 81525.896: Total time for which application threads were stopped: 0.0600540 seconds, Stopping threads took: 0.0003506 seconds
2019-02-22T17:27:09.531-0700: 81525.896: [CMS-concurrent-sweep-start]
{Heap before GC invocations=628 (full 90):
 par new generation   total 109248K, used 109248K [0x00000000e0000000, 0x00000000e8000000, 0x00000000e8000000)
  eden space 87424K, 100% used [0x00000000e0000000, 0x00000000e5560000, 0x00000000e5560000)
  from space 21824K, 100% used [0x00000000e5560000, 0x00000000e6ab0000, 0x00000000e6ab0000)
  to   space 21824K,   0% used [0x00000000e6ab0000, 0x00000000e6ab0000, 0x00000000e8000000)
 concurrent mark-sweep generation total 393216K, used 283421K [0x00000000e8000000, 0x0000000100000000, 0x0000000100000000)
 Metaspace       used 44010K, capacity 45305K, committed 45632K, reserved 1089536K
  class space    used 5315K, capacity 5618K, committed 5732K, reserved 1048576K
2019-02-22T17:27:09.571-0700: 81525.937: [GC (Allocation Failure) 2019-02-22T17:27:09.571-0700: 81525.937: [ParNew
Desired survivor size 20112992 bytes, new threshold 8 (max 8)
- age   1:    9165608 bytes,    9165608 total
- age   2:     611184 bytes,    9776792 total
- age   3:    2314968 bytes,   12091760 total
- age   4:     906456 bytes,   12998216 total
- age   5:    2449784 bytes,   15448000 total
- age   6:    1860912 bytes,   17308912 total
- age   7:      38440 bytes,   17347352 total
- age   8:    3948144 bytes,   21295496 total
: 109248K->21824K(109248K), 0.0215163 secs] 392669K->315849K(502464K), 0.0215800 secs] [Times: user=0.06 sys=0.00, real=0.02 secs] 
Heap after GC invocations=629 (full 90):
 par new generation   total 109248K, used 21824K [0x00000000e0000000, 0x00000000e8000000, 0x00000000e8000000)
  eden space 87424K,   0% used [0x00000000e0000000, 0x00000000e0000000, 0x00000000e5560000)
  from space 21824K, 100% used [0x00000000e6ab0000, 0x00000000e8000000, 0x00000000e8000000)
  to   space 21824K,   0% used [0x00000000e5560000, 0x00000000e5560000, 0x00000000e6ab0000)
 concurrent mark-sweep generation total 393216K, used 294025K [0x00000000e8000000, 0x0000000100000000, 0x0000000100000000)
 Metaspace       used 44010K, capacity 45305K, committed 45632K, reserved 1089536K
  class space    used 5315K, capacity 5618K, committed 5732K, reserved 1048576K
}
2019-02-22T17:27:09.593-0700: 81525.959: Total time for which application threads were stopped: 0.0219574 seconds, Stopping threads took: 0.0001059 seconds
{Heap before GC invocations=629 (full 90):
 par new generation   total 109248K, used 109099K [0x00000000e0000000, 0x00000000e8000000, 0x00000000e8000000)
  eden space 87424K,  99% used [0x00000000e0000000, 0x00000000e553af90, 0x00000000e5560000)
  from space 21824K, 100% used [0x00000000e6ab0000, 0x00000000e8000000, 0x00000000e8000000)
  to   space 21824K,   0% used [0x00000000e5560000, 0x00000000e5560000, 0x00000000e6ab0000)
 concurrent mark-sweep generation total 393216K, used 292619K [0x00000000e8000000, 0x0000000100000000, 0x0000000100000000)
 Metaspace       used 44010K, capacity 45305K, committed 45632K, reserved 1089536K
  class space    used 5315K, capacity 5618K, committed 5732K, reserved 1048576K
2019-02-22T17:27:09.603-0700: 81525.969: [GC (Allocation Failure) 2019-02-22T17:27:09.603-0700: 81525.969: [ParNew
Desired survivor size 20112992 bytes, new threshold 8 (max 8)
- age   1:    1423568 bytes,    1423568 total
- age   2:    7883464 bytes,    9307032 total
- age   3:     606712 bytes,    9913744 total
- age   4:    2302824 bytes,   12216568 total
- age   5:     875880 bytes,   13092448 total
- age   6:    2333344 bytes,   15425792 total
- age   7:    1856000 bytes,   17281792 total
- age   8:      38192 bytes,   17319984 total
: 109099K->21824K(109248K), 0.0186453 secs] 401719K->318704K(502464K), 0.0187204 secs] [Times: user=0.06 sys=0.00, real=0.02 secs] 
Heap after GC invocations=630 (full 90):
 par new generation   total 109248K, used 21824K [0x00000000e0000000, 0x00000000e8000000, 0x00000000e8000000)
  eden space 87424K,   0% used [0x00000000e0000000, 0x00000000e0000000, 0x00000000e5560000)
  from space 21824K, 100% used [0x00000000e5560000, 0x00000000e6ab0000, 0x00000000e6ab0000)
  to   space 21824K,   0% used [0x00000000e6ab0000, 0x00000000e6ab0000, 0x00000000e8000000)
 concurrent mark-sweep generation total 393216K, used 296880K [0x00000000e8000000, 0x0000000100000000, 0x0000000100000000)
 Metaspace       used 44010K, capacity 45305K, committed 45632K, reserved 1089536K
  class space    used 5315K, capacity 5618K, committed 5732K, reserved 1048576K
}
2019-02-22T17:27:09.622-0700: 81525.988: Total time for which application threads were stopped: 0.0192575 seconds, Stopping threads took: 0.0001989 seconds
{Heap before GC invocations=630 (full 90):
 par new generation   total 109248K, used 108753K [0x00000000e0000000, 0x00000000e8000000, 0x00000000e8000000)
  eden space 87424K,  99% used [0x00000000e0000000, 0x00000000e54e44b0, 0x00000000e5560000)
  from space 21824K, 100% used [0x00000000e5560000, 0x00000000e6ab0000, 0x00000000e6ab0000)
  to   space 21824K,   0% used [0x00000000e6ab0000, 0x00000000e6ab0000, 0x00000000e8000000)
 concurrent mark-sweep generation total 393216K, used 295400K [0x00000000e8000000, 0x0000000100000000, 0x0000000100000000)
 Metaspace       used 44010K, capacity 45305K, committed 45632K, reserved 1089536K
  class space    used 5315K, capacity 5618K, committed 5732K, reserved 1048576K
2019-02-22T17:27:09.634-0700: 81526.000: [GC (Allocation Failure) 2019-02-22T17:27:09.634-0700: 81526.000: [ParNew
Desired survivor size 20112992 bytes, new threshold 8 (max 8)
- age   1:    2059832 bytes,    2059832 total
- age   2:     515616 bytes,    2575448 total
- age   3:    6821088 bytes,    9396536 total
- age   4:     606632 bytes,   10003168 total
- age   5:    2302256 bytes,   12305424 total
- age   6:     802936 bytes,   13108360 total
- age   7:    2366128 bytes,   15474488 total
- age   8:    1851512 bytes,   17326000 total
: 108753K->21824K(109248K), 0.0140944 secs] 404154K->317343K(502464K), 0.0141874 secs] [Times: user=0.06 sys=0.00, real=0.01 secs] 
Heap after GC invocations=631 (full 90):
 par new generation   total 109248K, used 21824K [0x00000000e0000000, 0x00000000e8000000, 0x00000000e8000000)
  eden space 87424K,   0% used [0x00000000e0000000, 0x00000000e0000000, 0x00000000e5560000)
  from space 21824K, 100% used [0x00000000e6ab0000, 0x00000000e8000000, 0x00000000e8000000)
  to   space 21824K,   0% used [0x00000000e5560000, 0x00000000e5560000, 0x00000000e6ab0000)
 concurrent mark-sweep generation total 393216K, used 295519K [0x00000000e8000000, 0x0000000100000000, 0x0000000100000000)
 Metaspace       used 44010K, capacity 45305K, committed 45632K, reserved 1089536K
  class space    used 5315K, capacity 5618K, committed 5732K, reserved 1048576K
}
2019-02-22T17:27:09.648-0700: 81526.014: Total time for which application threads were stopped: 0.0147853 seconds, Stopping threads took: 0.0002000 seconds
{Heap before GC invocations=631 (full 90):
 par new generation   total 109248K, used 109248K [0x00000000e0000000, 0x00000000e8000000, 0x00000000e8000000)
  eden space 87424K, 100% used [0x00000000e0000000, 0x00000000e5560000, 0x00000000e5560000)
  from space 21824K, 100% used [0x00000000e6ab0000, 0x00000000e8000000, 0x00000000e8000000)
  to   space 21824K,   0% used [0x00000000e5560000, 0x00000000e5560000, 0x00000000e6ab0000)
 concurrent mark-sweep generation total 393216K, used 286306K [0x00000000e8000000, 0x0000000100000000, 0x0000000100000000)
 Metaspace       used 44010K, capacity 45305K, committed 45632K, reserved 1089536K
  class space    used 5315K, capacity 5618K, committed 5732K, reserved 1048576K
2019-02-22T17:27:09.683-0700: 81526.048: [GC (Allocation Failure) 2019-02-22T17:27:09.683-0700: 81526.048: [ParNew
Desired survivor size 20112992 bytes, new threshold 8 (max 8)
- age   1:    1892952 bytes,    1892952 total
- age   2:     617080 bytes,    2510032 total
- age   3:     463104 bytes,    2973136 total
- age   4:    5849280 bytes,    8822416 total
- age   5:     587152 bytes,    9409568 total
- age   6:    2238392 bytes,   11647960 total
- age   7:     779320 bytes,   12427280 total
- age   8:    2327584 bytes,   14754864 total
: 109248K->16085K(109248K), 0.0171535 secs] 395554K->304172K(502464K), 0.0172435 secs] [Times: user=0.05 sys=0.00, real=0.02 secs] 
Heap after GC invocations=632 (full 90):
 par new generation   total 109248K, used 16085K [0x00000000e0000000, 0x00000000e8000000, 0x00000000e8000000)
  eden space 87424K,   0% used [0x00000000e0000000, 0x00000000e0000000, 0x00000000e5560000)
  from space 21824K,  73% used [0x00000000e5560000, 0x00000000e6515790, 0x00000000e6ab0000)
  to   space 21824K,   0% used [0x00000000e6ab0000, 0x00000000e6ab0000, 0x00000000e8000000)
 concurrent mark-sweep generation total 393216K, used 288086K [0x00000000e8000000, 0x0000000100000000, 0x0000000100000000)
 Metaspace       used 44010K, capacity 45305K, committed 45632K, reserved 1089536K
  class space    used 5315K, capacity 5618K, committed 5732K, reserved 1048576K
}
2019-02-22T17:27:09.700-0700: 81526.066: Total time for which application threads were stopped: 0.0176578 seconds, Stopping threads took: 0.0000658 seconds
2019-02-22T17:27:09.715-0700: 81526.081: [CMS-concurrent-sweep: 0.111/0.185 secs] [Times: user=0.88 sys=0.03, real=0.18 secs] 
2019-02-22T17:27:09.716-0700: 81526.081: [CMS-concurrent-reset-start]
2019-02-22T17:27:09.716-0700: 81526.081: [CMS-concurrent-reset: 0.000/0.000 secs] [Times: user=0.00 sys=0.00, real=0.00 secs] 
{Heap before GC invocations=632 (full 90):
 par new generation   total 109248K, used 103509K [0x00000000e0000000, 0x00000000e8000000, 0x00000000e8000000)
  eden space 87424K, 100% used [0x00000000e0000000, 0x00000000e5560000, 0x00000000e5560000)
  from space 21824K,  73% used [0x00000000e5560000, 0x00000000e6515790, 0x00000000e6ab0000)
  to   space 21824K,   0% used [0x00000000e6ab0000, 0x00000000e6ab0000, 0x00000000e8000000)
 concurrent mark-sweep generation total 393216K, used 279821K [0x00000000e8000000, 0x0000000100000000, 0x0000000100000000)
 Metaspace       used 44023K, capacity 45305K, committed 45632K, reserved 1089536K
  class space    used 5315K, capacity 5618K, committed 5732K, reserved 1048576K
2019-02-22T17:27:09.738-0700: 81526.103: [GC (Allocation Failure) 2019-02-22T17:27:09.738-0700: 81526.103: [ParNew
Desired survivor size 20112992 bytes, new threshold 8 (max 8)
- age   1:    2816576 bytes,    2816576 total
- age   2:    1380440 bytes,    4197016 total
- age   3:     445544 bytes,    4642560 total
- age   4:     425824 bytes,    5068384 total
- age   5:    5685424 bytes,   10753808 total
- age   6:     585952 bytes,   11339760 total
- age   7:    2266224 bytes,   13605984 total
- age   8:     768744 bytes,   14374728 total
: 103509K->19657K(109248K), 0.0150515 secs] 383331K->301751K(502464K), 0.0151158 secs] [Times: user=0.06 sys=0.00, real=0.02 secs] 
Heap after GC invocations=633 (full 90):
 par new generation   total 109248K, used 19657K [0x00000000e0000000, 0x00000000e8000000, 0x00000000e8000000)
  eden space 87424K,   0% used [0x00000000e0000000, 0x00000000e0000000, 0x00000000e5560000)
  from space 21824K,  90% used [0x00000000e6ab0000, 0x00000000e7de24b0, 0x00000000e8000000)
  to   space 21824K,   0% used [0x00000000e5560000, 0x00000000e5560000, 0x00000000e6ab0000)
 concurrent mark-sweep generation total 393216K, used 282094K [0x00000000e8000000, 0x0000000100000000, 0x0000000100000000)
 Metaspace       used 44023K, capacity 45305K, committed 45632K, reserved 1089536K
  class space    used 5315K, capacity 5618K, committed 5732K, reserved 1048576K
}
2019-02-22T17:27:09.753-0700: 81526.118: Total time for which application threads were stopped: 0.0154335 seconds, Stopping threads took: 0.0000519 seconds
2019-02-22T17:27:09.754-0700: 81526.119: [GC (CMS Initial Mark) [1 CMS-initial-mark: 282094K(393216K)] 302853K(502464K), 0.0026325 secs] [Times: user=0.00 sys=0.00, real=0.00 secs] 
2019-02-22T17:27:09.756-0700: 81526.121: Total time for which application threads were stopped: 0.0028628 seconds, Stopping threads took: 0.0000637 seconds
2019-02-22T17:27:09.756-0700: 81526.121: [CMS-concurrent-mark-start]
2019-02-22T17:27:09.851-0700: 81526.217: [CMS-concurrent-mark: 0.095/0.095 secs] [Times: user=0.61 sys=0.02, real=0.10 secs] 
2019-02-22T17:27:09.851-0700: 81526.217: [CMS-concurrent-preclean-start]
{Heap before GC invocations=633 (full 91):
 par new generation   total 109248K, used 107081K [0x00000000e0000000, 0x00000000e8000000, 0x00000000e8000000)
  eden space 87424K, 100% used [0x00000000e0000000, 0x00000000e5560000, 0x00000000e5560000)
  from space 21824K,  90% used [0x00000000e6ab0000, 0x00000000e7de24b0, 0x00000000e8000000)
  to   space 21824K,   0% used [0x00000000e5560000, 0x00000000e5560000, 0x00000000e6ab0000)
 concurrent mark-sweep generation total 393216K, used 282094K [0x00000000e8000000, 0x0000000100000000, 0x0000000100000000)
 Metaspace       used 44023K, capacity 45305K, committed 45632K, reserved 1089536K
  class space    used 5315K, capacity 5618K, committed 5732K, reserved 1048576K
2019-02-22T17:27:09.864-0700: 81526.230: [GC (Allocation Failure) 2019-02-22T17:27:09.864-0700: 81526.230: [ParNew
Desired survivor size 20112992 bytes, new threshold 8 (max 8)
- age   1:    7161336 bytes,    7161336 total
- age   2:    1445232 bytes,    8606568 total
- age   3:    1205864 bytes,    9812432 total
- age   4:     337248 bytes,   10149680 total
- age   5:     172456 bytes,   10322136 total
- age   6:    4913720 bytes,   15235856 total
- age   7:     580024 bytes,   15815880 total
- age   8:    2215296 bytes,   18031176 total
: 107081K->21824K(109248K), 0.0163742 secs] 389175K->304667K(502464K), 0.0164503 secs] [Times: user=0.06 sys=0.00, real=0.02 secs] 
Heap after GC invocations=634 (full 91):
 par new generation   total 109248K, used 21824K [0x00000000e0000000, 0x00000000e8000000, 0x00000000e8000000)
  eden space 87424K,   0% used [0x00000000e0000000, 0x00000000e0000000, 0x00000000e5560000)
  from space 21824K, 100% used [0x00000000e5560000, 0x00000000e6ab0000, 0x00000000e6ab0000)
  to   space 21824K,   0% used [0x00000000e6ab0000, 0x00000000e6ab0000, 0x00000000e8000000)
 concurrent mark-sweep generation total 393216K, used 282843K [0x00000000e8000000, 0x0000000100000000, 0x0000000100000000)
 Metaspace       used 44023K, capacity 45305K, committed 45632K, reserved 1089536K
  class space    used 5315K, capacity 5618K, committed 5732K, reserved 1048576K
}
2019-02-22T17:27:09.881-0700: 81526.246: Total time for which application threads were stopped: 0.0167711 seconds, Stopping threads took: 0.0000607 seconds
2019-02-22T17:27:09.881-0700: 81526.247: [CMS-concurrent-preclean: 0.012/0.030 secs] [Times: user=0.09 sys=0.00, real=0.03 secs] 
2019-02-22T17:27:09.882-0700: 81526.248: [GC (CMS Final Remark) [YG occupancy: 24251 K (109248 K)]{Heap before GC invocations=634 (full 91):
 par new generation   total 109248K, used 24251K [0x00000000e0000000, 0x00000000e8000000, 0x00000000e8000000)
  eden space 87424K,   2% used [0x00000000e0000000, 0x00000000e025ef68, 0x00000000e5560000)
  from space 21824K, 100% used [0x00000000e5560000, 0x00000000e6ab0000, 0x00000000e6ab0000)
  to   space 21824K,   0% used [0x00000000e6ab0000, 0x00000000e6ab0000, 0x00000000e8000000)
 concurrent mark-sweep generation total 393216K, used 282843K [0x00000000e8000000, 0x0000000100000000, 0x0000000100000000)
 Metaspace       used 44023K, capacity 45305K, committed 45632K, reserved 1089536K
  class space    used 5315K, capacity 5618K, committed 5732K, reserved 1048576K
2019-02-22T17:27:09.882-0700: 81526.248: [GC (CMS Final Remark) 2019-02-22T17:27:09.882-0700: 81526.248: [ParNew
Desired survivor size 20112992 bytes, new threshold 8 (max 8)
- age   1:    1280856 bytes,    1280856 total
- age   2:    7148656 bytes,    8429512 total
- age   3:    1445232 bytes,    9874744 total
- age   4:    1205864 bytes,   11080608 total
- age   5:     337248 bytes,   11417856 total
- age   6:     172456 bytes,   11590312 total
- age   7:    4913720 bytes,   16504032 total
- age   8:     580024 bytes,   17084056 total
: 24251K->21824K(109248K), 0.0156309 secs] 307094K->306832K(502464K), 0.0156972 secs] [Times: user=0.06 sys=0.00, real=0.02 secs] 
Heap after GC invocations=635 (full 91):
 par new generation   total 109248K, used 21824K [0x00000000e0000000, 0x00000000e8000000, 0x00000000e8000000)
  eden space 87424K,   0% used [0x00000000e0000000, 0x00000000e0000000, 0x00000000e5560000)
  from space 21824K, 100% used [0x00000000e6ab0000, 0x00000000e8000000, 0x00000000e8000000)
  to   space 21824K,   0% used [0x00000000e5560000, 0x00000000e5560000, 0x00000000e6ab0000)
 concurrent mark-sweep generation total 393216K, used 285008K [0x00000000e8000000, 0x0000000100000000, 0x0000000100000000)
 Metaspace       used 44023K, capacity 45305K, committed 45632K, reserved 1089536K
  class space    used 5315K, capacity 5618K, committed 5732K, reserved 1048576K
}
2019-02-22T17:27:09.898-0700: 81526.264: [Rescan (parallel) , 0.0088001 secs]2019-02-22T17:27:09.907-0700: 81526.272: [weak refs processing, 0.0004354 secs]2019-02-22T17:27:09.907-0700: 81526.273: [class unloading, 0.0093291 secs]2019-02-22T17:27:09.917-0700: 81526.282: [scrub symbol table, 0.0085873 secs]2019-02-22T17:27:09.925-0700: 81526.291: [scrub string table, 0.0005259 secs][1 CMS-remark: 285008K(393216K)] 306832K(502464K), 0.0437903 secs] [Times: user=0.14 sys=0.00, real=0.04 secs] 
2019-02-22T17:27:09.926-0700: 81526.291: Total time for which application threads were stopped: 0.0441399 seconds, Stopping threads took: 0.0001069 seconds
2019-02-22T17:27:09.926-0700: 81526.291: [CMS-concurrent-sweep-start]
{Heap before GC invocations=635 (full 91):
 par new generation   total 109248K, used 109048K [0x00000000e0000000, 0x00000000e8000000, 0x00000000e8000000)
  eden space 87424K,  99% used [0x00000000e0000000, 0x00000000e552e100, 0x00000000e5560000)
  from space 21824K, 100% used [0x00000000e6ab0000, 0x00000000e8000000, 0x00000000e8000000)
  to   space 21824K,   0% used [0x00000000e5560000, 0x00000000e5560000, 0x00000000e6ab0000)
 concurrent mark-sweep generation total 393216K, used 274890K [0x00000000e8000000, 0x0000000100000000, 0x0000000100000000)
 Metaspace       used 44023K, capacity 45305K, committed 45632K, reserved 1089536K
  class space    used 5315K, capacity 5618K, committed 5732K, reserved 1048576K
2019-02-22T17:27:09.968-0700: 81526.334: [GC (Allocation Failure) 2019-02-22T17:27:09.968-0700: 81526.334: [ParNew
Desired survivor size 20112992 bytes, new threshold 8 (max 8)
- age   1:   13708032 bytes,   13708032 total
- age   2:      91832 bytes,   13799864 total
- age   3:    2344640 bytes,   16144504 total
- age   4:    1045720 bytes,   17190224 total
- age   5:     763952 bytes,   17954176 total
- age   6:     133200 bytes,   18087376 total
- age   7:      69800 bytes,   18157176 total
- age   8:    4164888 bytes,   22322064 total
: 109048K->21824K(109248K), 0.0369745 secs] 383938K->330161K(502464K), 0.0370947 secs] [Times: user=0.13 sys=0.00, real=0.04 secs] 
Heap after GC invocations=636 (full 91):
 par new generation   total 109248K, used 21824K [0x00000000e0000000, 0x00000000e8000000, 0x00000000e8000000)
  eden space 87424K,   0% used [0x00000000e0000000, 0x00000000e0000000, 0x00000000e5560000)
  from space 21824K, 100% used [0x00000000e5560000, 0x00000000e6ab0000, 0x00000000e6ab0000)
  to   space 21824K,   0% used [0x00000000e6ab0000, 0x00000000e6ab0000, 0x00000000e8000000)
 concurrent mark-sweep generation total 393216K, used 308337K [0x00000000e8000000, 0x0000000100000000, 0x0000000100000000)
 Metaspace       used 44023K, capacity 45305K, committed 45632K, reserved 1089536K
  class space    used 5315K, capacity 5618K, committed 5732K, reserved 1048576K
}
2019-02-22T17:27:10.006-0700: 81526.371: Total time for which application threads were stopped: 0.0375548 seconds, Stopping threads took: 0.0000879 seconds
{Heap before GC invocations=636 (full 91):
 par new generation   total 109248K, used 108984K [0x00000000e0000000, 0x00000000e8000000, 0x00000000e8000000)
  eden space 87424K,  99% used [0x00000000e0000000, 0x00000000e551e3d0, 0x00000000e5560000)
  from space 21824K, 100% used [0x00000000e5560000, 0x00000000e6ab0000, 0x00000000e6ab0000)
  to   space 21824K,   0% used [0x00000000e6ab0000, 0x00000000e6ab0000, 0x00000000e8000000)
 concurrent mark-sweep generation total 393216K, used 305418K [0x00000000e8000000, 0x0000000100000000, 0x0000000100000000)
 Metaspace       used 44023K, capacity 45305K, committed 45632K, reserved 1089536K
  class space    used 5315K, capacity 5618K, committed 5732K, reserved 1048576K
2019-02-22T17:27:10.019-0700: 81526.384: [GC (Allocation Failure) 2019-02-22T17:27:10.019-0700: 81526.384: [ParNew
Desired survivor size 20112992 bytes, new threshold 8 (max 8)
- age   1:    2562432 bytes,    2562432 total
- age   2:   11969120 bytes,   14531552 total
- age   3:      90240 bytes,   14621792 total
- age   4:    2106496 bytes,   16728288 total
- age   5:    1031512 bytes,   17759800 total
- age   6:     737520 bytes,   18497320 total
- age   7:     127424 bytes,   18624744 total
- age   8:      67360 bytes,   18692104 total
: 108984K->21824K(109248K), 0.0210161 secs] 414403K->333796K(502464K), 0.0211308 secs] [Times: user=0.06 sys=0.00, real=0.02 secs] 
Heap after GC invocations=637 (full 91):
 par new generation   total 109248K, used 21824K [0x00000000e0000000, 0x00000000e8000000, 0x00000000e8000000)
  eden space 87424K,   0% used [0x00000000e0000000, 0x00000000e0000000, 0x00000000e5560000)
  from space 21824K, 100% used [0x00000000e6ab0000, 0x00000000e8000000, 0x00000000e8000000)
  to   space 21824K,   0% used [0x00000000e5560000, 0x00000000e5560000, 0x00000000e6ab0000)
 concurrent mark-sweep generation total 393216K, used 311972K [0x00000000e8000000, 0x0000000100000000, 0x0000000100000000)
 Metaspace       used 44023K, capacity 45305K, committed 45632K, reserved 1089536K
  class space    used 5315K, capacity 5618K, committed 5732K, reserved 1048576K
}
2019-02-22T17:27:10.039-0700: 81526.405: Total time for which application threads were stopped: 0.0217934 seconds, Stopping threads took: 0.0001064 seconds
2019-02-22T17:27:10.089-0700: 81526.454: [CMS-concurrent-sweep: 0.103/0.163 secs] [Times: user=0.69 sys=0.00, real=0.16 secs] 
2019-02-22T17:27:10.089-0700: 81526.454: [CMS-concurrent-reset-start]
2019-02-22T17:27:10.090-0700: 81526.455: [CMS-concurrent-reset: 0.001/0.001 secs] [Times: user=0.00 sys=0.00, real=0.00 secs] 
{Heap before GC invocations=637 (full 91):
 par new generation   total 109248K, used 109248K [0x00000000e0000000, 0x00000000e8000000, 0x00000000e8000000)
  eden space 87424K, 100% used [0x00000000e0000000, 0x00000000e5560000, 0x00000000e5560000)
  from space 21824K, 100% used [0x00000000e6ab0000, 0x00000000e8000000, 0x00000000e8000000)
  to   space 21824K,   0% used [0x00000000e5560000, 0x00000000e5560000, 0x00000000e6ab0000)
 concurrent mark-sweep generation total 393216K, used 283033K [0x00000000e8000000, 0x0000000100000000, 0x0000000100000000)
 Metaspace       used 44023K, capacity 45305K, committed 45632K, reserved 1089536K
  class space    used 5315K, capacity 5618K, committed 5732K, reserved 1048576K
2019-02-22T17:27:10.101-0700: 81526.466: [GC (Allocation Failure) 2019-02-22T17:27:10.101-0700: 81526.466: [ParNew
Desired survivor size 20112992 bytes, new threshold 8 (max 8)
- age   1:    4288376 bytes,    4288376 total
- age   2:    1295600 bytes,    5583976 total
- age   3:    9820672 bytes,   15404648 total
- age   4:      90240 bytes,   15494888 total
- age   5:    1858992 bytes,   17353880 total
- age   6:    1020560 bytes,   18374440 total
- age   7:     733440 bytes,   19107880 total
- age   8:     126768 bytes,   19234648 total
: 109248K->21824K(109248K), 0.0177164 secs] 392281K->307615K(502464K), 0.0177884 secs] [Times: user=0.06 sys=0.00, real=0.02 secs] 
Heap after GC invocations=638 (full 91):
 par new generation   total 109248K, used 21824K [0x00000000e0000000, 0x00000000e8000000, 0x00000000e8000000)
  eden space 87424K,   0% used [0x00000000e0000000, 0x00000000e0000000, 0x00000000e5560000)
  from space 21824K, 100% used [0x00000000e5560000, 0x00000000e6ab0000, 0x00000000e6ab0000)
  to   space 21824K,   0% used [0x00000000e6ab0000, 0x00000000e6ab0000, 0x00000000e8000000)
 concurrent mark-sweep generation total 393216K, used 285791K [0x00000000e8000000, 0x0000000100000000, 0x0000000100000000)
 Metaspace       used 44023K, capacity 45305K, committed 45632K, reserved 1089536K
  class space    used 5315K, capacity 5618K, committed 5732K, reserved 1048576K
}
2019-02-22T17:27:10.118-0700: 81526.484: Total time for which application threads were stopped: 0.0181364 seconds, Stopping threads took: 0.0000607 seconds
2019-02-22T17:27:10.119-0700: 81526.484: [GC (CMS Initial Mark) [1 CMS-initial-mark: 285791K(393216K)] 308619K(502464K), 0.0021683 secs] [Times: user=0.00 sys=0.00, real=0.00 secs] 
2019-02-22T17:27:10.121-0700: 81526.486: Total time for which application threads were stopped: 0.0024361 seconds, Stopping threads took: 0.0000596 seconds
2019-02-22T17:27:10.121-0700: 81526.486: [CMS-concurrent-mark-start]
2019-02-22T17:27:10.218-0700: 81526.583: [CMS-concurrent-mark: 0.096/0.096 secs] [Times: user=0.52 sys=0.02, real=0.10 secs] 
2019-02-22T17:27:10.218-0700: 81526.583: [CMS-concurrent-preclean-start]
{Heap before GC invocations=638 (full 92):
 par new generation   total 109248K, used 109248K [0x00000000e0000000, 0x00000000e8000000, 0x00000000e8000000)
  eden space 87424K, 100% used [0x00000000e0000000, 0x00000000e5560000, 0x00000000e5560000)
  from space 21824K, 100% used [0x00000000e5560000, 0x00000000e6ab0000, 0x00000000e6ab0000)
  to   space 21824K,   0% used [0x00000000e6ab0000, 0x00000000e6ab0000, 0x00000000e8000000)
 concurrent mark-sweep generation total 393216K, used 285791K [0x00000000e8000000, 0x0000000100000000, 0x0000000100000000)
 Metaspace       used 44023K, capacity 45305K, committed 45632K, reserved 1089536K
  class space    used 5315K, capacity 5618K, committed 5732K, reserved 1048576K
2019-02-22T17:27:10.222-0700: 81526.587: [GC (Allocation Failure) 2019-02-22T17:27:10.222-0700: 81526.587: [ParNew
Desired survivor size 20112992 bytes, new threshold 7 (max 8)
- age   1:    3292512 bytes,    3292512 total
- age   2:    3217184 bytes,    6509696 total
- age   3:    1215216 bytes,    7724912 total
- age   4:    9504216 bytes,   17229128 total
- age   5:      90144 bytes,   17319272 total
- age   6:    1832008 bytes,   19151280 total
- age   7:    1014768 bytes,   20166048 total
- age   8:     670288 bytes,   20836336 total
: 109248K->21824K(109248K), 0.0208958 secs] 395039K->308215K(502464K), 0.0209899 secs] [Times: user=0.06 sys=0.00, real=0.02 secs] 
Heap after GC invocations=639 (full 92):
 par new generation   total 109248K, used 21824K [0x00000000e0000000, 0x00000000e8000000, 0x00000000e8000000)
  eden space 87424K,   0% used [0x00000000e0000000, 0x00000000e0000000, 0x00000000e5560000)
  from space 21824K, 100% used [0x00000000e6ab0000, 0x00000000e8000000, 0x00000000e8000000)
  to   space 21824K,   0% used [0x00000000e5560000, 0x00000000e5560000, 0x00000000e6ab0000)
 concurrent mark-sweep generation total 393216K, used 286391K [0x00000000e8000000, 0x0000000100000000, 0x0000000100000000)
 Metaspace       used 44023K, capacity 45305K, committed 45632K, reserved 1089536K
  class space    used 5315K, capacity 5618K, committed 5732K, reserved 1048576K
}
2019-02-22T17:27:10.243-0700: 81526.608: Total time for which application threads were stopped: 0.0214351 seconds, Stopping threads took: 0.0000493 seconds
2019-02-22T17:27:10.244-0700: 81526.609: [CMS-concurrent-preclean: 0.005/0.026 secs] [Times: user=0.11 sys=0.00, real=0.03 secs] 
2019-02-22T17:27:10.244-0700: 81526.609: [CMS-concurrent-abortable-preclean-start]
2019-02-22T17:27:10.387-0700: 81526.752: [CMS-concurrent-abortable-preclean: 0.139/0.143 secs] [Times: user=0.38 sys=0.03, real=0.14 secs] 
2019-02-22T17:27:10.388-0700: 81526.753: [GC (CMS Final Remark) [YG occupancy: 84767 K (109248 K)]{Heap before GC invocations=639 (full 92):
 par new generation   total 109248K, used 84767K [0x00000000e0000000, 0x00000000e8000000, 0x00000000e8000000)
  eden space 87424K,  71% used [0x00000000e0000000, 0x00000000e3d77c40, 0x00000000e5560000)
  from space 21824K, 100% used [0x00000000e6ab0000, 0x00000000e8000000, 0x00000000e8000000)
  to   space 21824K,   0% used [0x00000000e5560000, 0x00000000e5560000, 0x00000000e6ab0000)
 concurrent mark-sweep generation total 393216K, used 286391K [0x00000000e8000000, 0x0000000100000000, 0x0000000100000000)
 Metaspace       used 44025K, capacity 45305K, committed 45632K, reserved 1089536K
  class space    used 5315K, capacity 5618K, committed 5732K, reserved 1048576K
2019-02-22T17:27:10.388-0700: 81526.753: [GC (CMS Final Remark) 2019-02-22T17:27:10.388-0700: 81526.753: [ParNew
Desired survivor size 20112992 bytes, new threshold 7 (max 8)
- age   1:    5246360 bytes,    5246360 total
- age   2:    2234600 bytes,    7480960 total
- age   3:    2757704 bytes,   10238664 total
- age   4:     933136 bytes,   11171800 total
- age   5:    8807528 bytes,   19979328 total
- age   6:      86944 bytes,   20066272 total
- age   7:    1767064 bytes,   21833336 total
: 84767K->21824K(109248K), 0.0245626 secs] 371158K->311168K(502464K), 0.0246469 secs] [Times: user=0.13 sys=0.00, real=0.03 secs] 
Heap after GC invocations=640 (full 92):
 par new generation   total 109248K, used 21824K [0x00000000e0000000, 0x00000000e8000000, 0x00000000e8000000)
  eden space 87424K,   0% used [0x00000000e0000000, 0x00000000e0000000, 0x00000000e5560000)
  from space 21824K, 100% used [0x00000000e5560000, 0x00000000e6ab0000, 0x00000000e6ab0000)
  to   space 21824K,   0% used [0x00000000e6ab0000, 0x00000000e6ab0000, 0x00000000e8000000)
 concurrent mark-sweep generation total 393216K, used 289344K [0x00000000e8000000, 0x0000000100000000, 0x0000000100000000)
 Metaspace       used 44025K, capacity 45305K, committed 45632K, reserved 1089536K
  class space    used 5315K, capacity 5618K, committed 5732K, reserved 1048576K
}
2019-02-22T17:27:10.413-0700: 81526.778: [Rescan (parallel) , 0.0134374 secs]2019-02-22T17:27:10.426-0700: 81526.791: [weak refs processing, 0.0017308 secs]2019-02-22T17:27:10.428-0700: 81526.793: [class unloading, 0.0098251 secs]2019-02-22T17:27:10.438-0700: 81526.803: [scrub symbol table, 0.0076841 secs]2019-02-22T17:27:10.445-0700: 81526.810: [scrub string table, 0.0004997 secs][1 CMS-remark: 289344K(393216K)] 311168K(502464K), 0.0584990 secs] [Times: user=0.19 sys=0.00, real=0.06 secs] 
2019-02-22T17:27:10.446-0700: 81526.811: Total time for which application threads were stopped: 0.0587843 seconds, Stopping threads took: 0.0000720 seconds
2019-02-22T17:27:10.447-0700: 81526.811: [CMS-concurrent-sweep-start]
{Heap before GC invocations=640 (full 92):
 par new generation   total 109248K, used 108802K [0x00000000e0000000, 0x00000000e8000000, 0x00000000e8000000)
  eden space 87424K,  99% used [0x00000000e0000000, 0x00000000e54f09d8, 0x00000000e5560000)
  from space 21824K, 100% used [0x00000000e5560000, 0x00000000e6ab0000, 0x00000000e6ab0000)
  to   space 21824K,   0% used [0x00000000e6ab0000, 0x00000000e6ab0000, 0x00000000e8000000)
 concurrent mark-sweep generation total 393216K, used 281429K [0x00000000e8000000, 0x0000000100000000, 0x0000000100000000)
 Metaspace       used 44025K, capacity 45305K, committed 45632K, reserved 1089536K
  class space    used 5315K, capacity 5618K, committed 5732K, reserved 1048576K
2019-02-22T17:27:10.477-0700: 81526.843: [GC (Allocation Failure) 2019-02-22T17:27:10.477-0700: 81526.843: [ParNew
Desired survivor size 20112992 bytes, new threshold 6 (max 8)
- age   1:    9551016 bytes,    9551016 total
- age   2:    3692048 bytes,   13243064 total
- age   3:    1673632 bytes,   14916696 total
- age   4:    2510336 bytes,   17427032 total
- age   5:     759944 bytes,   18186976 total
- age   6:    4027968 bytes,   22214944 total
- age   7:      71568 bytes,   22286512 total
: 108802K->21824K(109248K), 0.0302578 secs] 390232K->324559K(502464K), 0.0303442 secs] [Times: user=0.13 sys=0.00, real=0.03 secs] 
Heap after GC invocations=641 (full 92):
 par new generation   total 109248K, used 21824K [0x00000000e0000000, 0x00000000e8000000, 0x00000000e8000000)
  eden space 87424K,   0% used [0x00000000e0000000, 0x00000000e0000000, 0x00000000e5560000)
  from space 21824K, 100% used [0x00000000e6ab0000, 0x00000000e8000000, 0x00000000e8000000)
  to   space 21824K,   0% used [0x00000000e5560000, 0x00000000e5560000, 0x00000000e6ab0000)
 concurrent mark-sweep generation total 393216K, used 302735K [0x00000000e8000000, 0x0000000100000000, 0x0000000100000000)
 Metaspace       used 44025K, capacity 45305K, committed 45632K, reserved 1089536K
  class space    used 5315K, capacity 5618K, committed 5732K, reserved 1048576K
}
2019-02-22T17:27:10.507-0700: 81526.873: Total time for which application threads were stopped: 0.0308690 seconds, Stopping threads took: 0.0000802 seconds
{Heap before GC invocations=641 (full 92):
 par new generation   total 109248K, used 109037K [0x00000000e0000000, 0x00000000e8000000, 0x00000000e8000000)
  eden space 87424K,  99% used [0x00000000e0000000, 0x00000000e552b680, 0x00000000e5560000)
  from space 21824K, 100% used [0x00000000e6ab0000, 0x00000000e8000000, 0x00000000e8000000)
  to   space 21824K,   0% used [0x00000000e5560000, 0x00000000e5560000, 0x00000000e6ab0000)
 concurrent mark-sweep generation total 393216K, used 300186K [0x00000000e8000000, 0x0000000100000000, 0x0000000100000000)
 Metaspace       used 44025K, capacity 45305K, committed 45632K, reserved 1089536K
  class space    used 5315K, capacity 5618K, committed 5732K, reserved 1048576K
2019-02-22T17:27:10.522-0700: 81526.887: [GC (Allocation Failure) 2019-02-22T17:27:10.522-0700: 81526.887: [ParNew
Desired survivor size 20112992 bytes, new threshold 8 (max 8)
- age   1:    2639880 bytes,    2639880 total
- age   2:    7015808 bytes,    9655688 total
- age   3:    3604488 bytes,   13260176 total
- age   4:    1593336 bytes,   14853512 total
- age   5:    2508688 bytes,   17362200 total
- age   6:     759944 bytes,   18122144 total
: 109037K->21824K(109248K), 0.0158442 secs] 409223K->327094K(502464K), 0.0159141 secs] [Times: user=0.06 sys=0.00, real=0.01 secs] 
Heap after GC invocations=642 (full 92):
 par new generation   total 109248K, used 21824K [0x00000000e0000000, 0x00000000e8000000, 0x00000000e8000000)
  eden space 87424K,   0% used [0x00000000e0000000, 0x00000000e0000000, 0x00000000e5560000)
  from space 21824K, 100% used [0x00000000e5560000, 0x00000000e6ab0000, 0x00000000e6ab0000)
  to   space 21824K,   0% used [0x00000000e6ab0000, 0x00000000e6ab0000, 0x00000000e8000000)
 concurrent mark-sweep generation total 393216K, used 305270K [0x00000000e8000000, 0x0000000100000000, 0x0000000100000000)
 Metaspace       used 44025K, capacity 45305K, committed 45632K, reserved 1089536K
  class space    used 5315K, capacity 5618K, committed 5732K, reserved 1048576K
}
2019-02-22T17:27:10.537-0700: 81526.903: Total time for which application threads were stopped: 0.0163634 seconds, Stopping threads took: 0.0001023 seconds
{Heap before GC invocations=642 (full 92):
 par new generation   total 109248K, used 109248K [0x00000000e0000000, 0x00000000e8000000, 0x00000000e8000000)
  eden space 87424K, 100% used [0x00000000e0000000, 0x00000000e5560000, 0x00000000e5560000)
  from space 21824K, 100% used [0x00000000e5560000, 0x00000000e6ab0000, 0x00000000e6ab0000)
  to   space 21824K,   0% used [0x00000000e6ab0000, 0x00000000e6ab0000, 0x00000000e8000000)
 concurrent mark-sweep generation total 393216K, used 289574K [0x00000000e8000000, 0x0000000100000000, 0x0000000100000000)
 Metaspace       used 44025K, capacity 45305K, committed 45632K, reserved 1089536K
  class space    used 5315K, capacity 5618K, committed 5732K, reserved 1048576K
2019-02-22T17:27:10.580-0700: 81526.946: [GC (Allocation Failure) 2019-02-22T17:27:10.580-0700: 81526.946: [ParNew
Desired survivor size 20112992 bytes, new threshold 8 (max 8)
- age   1:    2295512 bytes,    2295512 total
- age   2:     928976 bytes,    3224488 total
- age   3:    6710424 bytes,    9934912 total
- age   4:    3046888 bytes,   12981800 total
- age   5:    1556584 bytes,   14538384 total
- age   6:    2507080 bytes,   17045464 total
- age   7:     753088 bytes,   17798552 total
: 109248K->21824K(109248K), 0.0144604 secs] 398822K->311991K(502464K), 0.0145298 secs] [Times: user=0.06 sys=0.00, real=0.02 secs] 
Heap after GC invocations=643 (full 92):
 par new generation   total 109248K, used 21824K [0x00000000e0000000, 0x00000000e8000000, 0x00000000e8000000)
  eden space 87424K,   0% used [0x00000000e0000000, 0x00000000e0000000, 0x00000000e5560000)
  from space 21824K, 100% used [0x00000000e6ab0000, 0x00000000e8000000, 0x00000000e8000000)
  to   space 21824K,   0% used [0x00000000e5560000, 0x00000000e5560000, 0x00000000e6ab0000)
 concurrent mark-sweep generation total 393216K, used 290167K [0x00000000e8000000, 0x0000000100000000, 0x0000000100000000)
 Metaspace       used 44025K, capacity 45305K, committed 45632K, reserved 1089536K
  class space    used 5315K, capacity 5618K, committed 5732K, reserved 1048576K
}
2019-02-22T17:27:10.595-0700: 81526.961: Total time for which application threads were stopped: 0.0148603 seconds, Stopping threads took: 0.0000627 seconds
2019-02-22T17:27:10.622-0700: 81526.988: [CMS-concurrent-sweep: 0.114/0.176 secs] [Times: user=0.69 sys=0.01, real=0.17 secs] 
2019-02-22T17:27:10.622-0700: 81526.988: [CMS-concurrent-reset-start]
2019-02-22T17:27:10.623-0700: 81526.988: [CMS-concurrent-reset: 0.001/0.001 secs] [Times: user=0.00 sys=0.00, real=0.00 secs] 
{Heap before GC invocations=643 (full 92):
 par new generation   total 109248K, used 109248K [0x00000000e0000000, 0x00000000e8000000, 0x00000000e8000000)
  eden space 87424K, 100% used [0x00000000e0000000, 0x00000000e5560000, 0x00000000e5560000)
  from space 21824K, 100% used [0x00000000e6ab0000, 0x00000000e8000000, 0x00000000e8000000)
  to   space 21824K,   0% used [0x00000000e5560000, 0x00000000e5560000, 0x00000000e6ab0000)
 concurrent mark-sweep generation total 393216K, used 270141K [0x00000000e8000000, 0x0000000100000000, 0x0000000100000000)
 Metaspace       used 44025K, capacity 45305K, committed 45632K, reserved 1089536K
  class space    used 5315K, capacity 5618K, committed 5732K, reserved 1048576K
2019-02-22T17:27:10.650-0700: 81527.016: [GC (Allocation Failure) 2019-02-22T17:27:10.650-0700: 81527.016: [ParNew
Desired survivor size 20112992 bytes, new threshold 8 (max 8)
- age   1:    3101728 bytes,    3101728 total
- age   2:    1220984 bytes,    4322712 total
- age   3:     745344 bytes,    5068056 total
- age   4:    6532768 bytes,   11600824 total
- age   5:    2757608 bytes,   14358432 total
- age   6:    1531016 bytes,   15889448 total
- age   7:    2475664 bytes,   18365112 total
- age   8:     721016 bytes,   19086128 total
: 109248K->21824K(109248K), 0.0179631 secs] 379389K->292500K(502464K), 0.0180449 secs] [Times: user=0.06 sys=0.00, real=0.02 secs] 
Heap after GC invocations=644 (full 92):
 par new generation   total 109248K, used 21824K [0x00000000e0000000, 0x00000000e8000000, 0x00000000e8000000)
  eden space 87424K,   0% used [0x00000000e0000000, 0x00000000e0000000, 0x00000000e5560000)
  from space 21824K, 100% used [0x00000000e5560000, 0x00000000e6ab0000, 0x00000000e6ab0000)
  to   space 21824K,   0% used [0x00000000e6ab0000, 0x00000000e6ab0000, 0x00000000e8000000)
 concurrent mark-sweep generation total 393216K, used 270676K [0x00000000e8000000, 0x0000000100000000, 0x0000000100000000)
 Metaspace       used 44025K, capacity 45305K, committed 45632K, reserved 1089536K
  class space    used 5315K, capacity 5618K, committed 5732K, reserved 1048576K
}
2019-02-22T17:27:10.669-0700: 81527.034: Total time for which application threads were stopped: 0.0184407 seconds, Stopping threads took: 0.0000874 seconds
2019-02-22T17:27:10.669-0700: 81527.034: [GC (CMS Initial Mark) [1 CMS-initial-mark: 270676K(393216K)] 293699K(502464K), 0.0026314 secs] [Times: user=0.00 sys=0.00, real=0.00 secs] 
2019-02-22T17:27:10.672-0700: 81527.037: Total time for which application threads were stopped: 0.0028972 seconds, Stopping threads took: 0.0000663 seconds
2019-02-22T17:27:10.672-0700: 81527.037: [CMS-concurrent-mark-start]
2019-02-22T17:27:10.694-0700: 81527.059: Total time for which application threads were stopped: 0.0002231 seconds, Stopping threads took: 0.0000529 seconds
2019-02-22T17:27:10.763-0700: 81527.129: [CMS-concurrent-mark: 0.090/0.091 secs] [Times: user=0.52 sys=0.00, real=0.09 secs] 
2019-02-22T17:27:10.763-0700: 81527.129: [CMS-concurrent-preclean-start]
2019-02-22T17:27:10.780-0700: 81527.146: [CMS-concurrent-preclean: 0.016/0.017 secs] [Times: user=0.06 sys=0.00, real=0.02 secs] 
2019-02-22T17:27:10.780-0700: 81527.146: [CMS-concurrent-abortable-preclean-start]
{Heap before GC invocations=644 (full 93):
 par new generation   total 109248K, used 109248K [0x00000000e0000000, 0x00000000e8000000, 0x00000000e8000000)
  eden space 87424K, 100% used [0x00000000e0000000, 0x00000000e5560000, 0x00000000e5560000)
  from space 21824K, 100% used [0x00000000e5560000, 0x00000000e6ab0000, 0x00000000e6ab0000)
  to   space 21824K,   0% used [0x00000000e6ab0000, 0x00000000e6ab0000, 0x00000000e8000000)
 concurrent mark-sweep generation total 393216K, used 270676K [0x00000000e8000000, 0x0000000100000000, 0x0000000100000000)
 Metaspace       used 44026K, capacity 45305K, committed 45632K, reserved 1089536K
  class space    used 5315K, capacity 5618K, committed 5732K, reserved 1048576K
2019-02-22T17:27:10.852-0700: 81527.218: [GC (Allocation Failure) 2019-02-22T17:27:10.852-0700: 81527.218: [ParNew
Desired survivor size 20112992 bytes, new threshold 8 (max 8)
- age   1:    6055000 bytes,    6055000 total
- age   2:    1743104 bytes,    7798104 total
- age   3:     889704 bytes,    8687808 total
- age   4:     676400 bytes,    9364208 total
- age   5:    6366888 bytes,   15731096 total
- age   6:    2663360 bytes,   18394456 total
- age   7:    1523920 bytes,   19918376 total
- age   8:    1688128 bytes,   21606504 total
: 109248K->21824K(109248K), 0.0197685 secs] 379924K->296000K(502464K), 0.0198333 secs] [Times: user=0.06 sys=0.00, real=0.02 secs] 
Heap after GC invocations=645 (full 93):
 par new generation   total 109248K, used 21824K [0x00000000e0000000, 0x00000000e8000000, 0x00000000e8000000)
  eden space 87424K,   0% used [0x00000000e0000000, 0x00000000e0000000, 0x00000000e5560000)
  from space 21824K, 100% used [0x00000000e6ab0000, 0x00000000e8000000, 0x00000000e8000000)
  to   space 21824K,   0% used [0x00000000e5560000, 0x00000000e5560000, 0x00000000e6ab0000)
 concurrent mark-sweep generation total 393216K, used 274176K [0x00000000e8000000, 0x0000000100000000, 0x0000000100000000)
 Metaspace       used 44026K, capacity 45305K, committed 45632K, reserved 1089536K
  class space    used 5315K, capacity 5618K, committed 5732K, reserved 1048576K
}
2019-02-22T17:27:10.872-0700: 81527.238: Total time for which application threads were stopped: 0.0201911 seconds, Stopping threads took: 0.0000514 seconds
{Heap before GC invocations=645 (full 93):
 par new generation   total 109248K, used 109248K [0x00000000e0000000, 0x00000000e8000000, 0x00000000e8000000)
  eden space 87424K, 100% used [0x00000000e0000000, 0x00000000e5560000, 0x00000000e5560000)
  from space 21824K, 100% used [0x00000000e6ab0000, 0x00000000e8000000, 0x00000000e8000000)
  to   space 21824K,   0% used [0x00000000e5560000, 0x00000000e5560000, 0x00000000e6ab0000)
 concurrent mark-sweep generation total 393216K, used 274176K [0x00000000e8000000, 0x0000000100000000, 0x0000000100000000)
 Metaspace       used 44026K, capacity 45305K, committed 45632K, reserved 1089536K
  class space    used 5315K, capacity 5618K, committed 5732K, reserved 1048576K
2019-02-22T17:27:10.961-0700: 81527.327: [GC (Allocation Failure) 2019-02-22T17:27:10.961-0700: 81527.327: [ParNew
Desired survivor size 20112992 bytes, new threshold 8 (max 8)
- age   1:    2501032 bytes,    2501032 total
- age   2:    4045760 bytes,    6546792 total
- age   3:    1663792 bytes,    8210584 total
- age   4:     806440 bytes,    9017024 total
- age   5:     657160 bytes,    9674184 total
- age   6:    6308664 bytes,   15982848 total
- age   7:    2488008 bytes,   18470856 total
- age   8:    1517128 bytes,   19987984 total
: 109248K->21824K(109248K), 0.0208583 secs] 383424K->299073K(502464K), 0.0209467 secs] [Times: user=0.06 sys=0.00, real=0.02 secs] 
Heap after GC invocations=646 (full 93):
 par new generation   total 109248K, used 21824K [0x00000000e0000000, 0x00000000e8000000, 0x00000000e8000000)
  eden space 87424K,   0% used [0x00000000e0000000, 0x00000000e0000000, 0x00000000e5560000)
  from space 21824K, 100% used [0x00000000e5560000, 0x00000000e6ab0000, 0x00000000e6ab0000)
  to   space 21824K,   0% used [0x00000000e6ab0000, 0x00000000e6ab0000, 0x00000000e8000000)
 concurrent mark-sweep generation total 393216K, used 277249K [0x00000000e8000000, 0x0000000100000000, 0x0000000100000000)
 Metaspace       used 44026K, capacity 45305K, committed 45632K, reserved 1089536K
  class space    used 5315K, capacity 5618K, committed 5732K, reserved 1048576K
}
2019-02-22T17:27:10.982-0700: 81527.348: Total time for which application threads were stopped: 0.0213826 seconds, Stopping threads took: 0.0000869 seconds
2019-02-22T17:27:11.052-0700: 81527.418: [CMS-concurrent-abortable-preclean: 0.225/0.272 secs] [Times: user=0.98 sys=0.03, real=0.27 secs] 
2019-02-22T17:27:11.053-0700: 81527.418: [GC (CMS Final Remark) [YG occupancy: 83822 K (109248 K)]{Heap before GC invocations=646 (full 93):
 par new generation   total 109248K, used 83822K [0x00000000e0000000, 0x00000000e8000000, 0x00000000e8000000)
  eden space 87424K,  70% used [0x00000000e0000000, 0x00000000e3c8ba98, 0x00000000e5560000)
  from space 21824K, 100% used [0x00000000e5560000, 0x00000000e6ab0000, 0x00000000e6ab0000)
  to   space 21824K,   0% used [0x00000000e6ab0000, 0x00000000e6ab0000, 0x00000000e8000000)
 concurrent mark-sweep generation total 393216K, used 277249K [0x00000000e8000000, 0x0000000100000000, 0x0000000100000000)
 Metaspace       used 44026K, capacity 45305K, committed 45632K, reserved 1089536K
  class space    used 5315K, capacity 5618K, committed 5732K, reserved 1048576K
2019-02-22T17:27:11.053-0700: 81527.418: [GC (CMS Final Remark) 2019-02-22T17:27:11.053-0700: 81527.418: [ParNew
Desired survivor size 20112992 bytes, new threshold 8 (max 8)
- age   1:    2905216 bytes,    2905216 total
- age   2:    1782944 bytes,    4688160 total
- age   3:    3392808 bytes,    8080968 total
- age   4:    1490528 bytes,    9571496 total
- age   5:     655528 bytes,   10227024 total
- age   6:     359672 bytes,   10586696 total
- age   7:    6217008 bytes,   16803704 total
- age   8:    2192576 bytes,   18996280 total
: 83822K->21824K(109248K), 0.0192987 secs] 361072K->302341K(502464K), 0.0193840 secs] [Times: user=0.06 sys=0.00, real=0.02 secs] 
Heap after GC invocations=647 (full 93):
 par new generation   total 109248K, used 21824K [0x00000000e0000000, 0x00000000e8000000, 0x00000000e8000000)
  eden space 87424K,   0% used [0x00000000e0000000, 0x00000000e0000000, 0x00000000e5560000)
  from space 21824K, 100% used [0x00000000e6ab0000, 0x00000000e8000000, 0x00000000e8000000)
  to   space 21824K,   0% used [0x00000000e5560000, 0x00000000e5560000, 0x00000000e6ab0000)
 concurrent mark-sweep generation total 393216K, used 280517K [0x00000000e8000000, 0x0000000100000000, 0x0000000100000000)
 Metaspace       used 44026K, capacity 45305K, committed 45632K, reserved 1089536K
  class space    used 5315K, capacity 5618K, committed 5732K, reserved 1048576K
}
2019-02-22T17:27:11.072-0700: 81527.438: [Rescan (parallel) , 0.0134713 secs]2019-02-22T17:27:11.086-0700: 81527.451: [weak refs processing, 0.0004328 secs]2019-02-22T17:27:11.086-0700: 81527.452: [class unloading, 0.0102462 secs]2019-02-22T17:27:11.096-0700: 81527.462: [scrub symbol table, 0.0088947 secs]2019-02-22T17:27:11.105-0700: 81527.471: [scrub string table, 0.0007444 secs][1 CMS-remark: 280517K(393216K)] 302341K(502464K), 0.0535563 secs] [Times: user=0.14 sys=0.00, real=0.05 secs] 
2019-02-22T17:27:11.106-0700: 81527.472: Total time for which application threads were stopped: 0.0538401 seconds, Stopping threads took: 0.0000704 seconds
2019-02-22T17:27:11.106-0700: 81527.472: [CMS-concurrent-sweep-start]
{Heap before GC invocations=647 (full 93):
 par new generation   total 109248K, used 108882K [0x00000000e0000000, 0x00000000e8000000, 0x00000000e8000000)
  eden space 87424K,  99% used [0x00000000e0000000, 0x00000000e5504a88, 0x00000000e5560000)
  from space 21824K, 100% used [0x00000000e6ab0000, 0x00000000e8000000, 0x00000000e8000000)
  to   space 21824K,   0% used [0x00000000e5560000, 0x00000000e5560000, 0x00000000e6ab0000)
 concurrent mark-sweep generation total 393216K, used 277232K [0x00000000e8000000, 0x0000000100000000, 0x0000000100000000)
 Metaspace       used 44026K, capacity 45305K, committed 45632K, reserved 1089536K
  class space    used 5315K, capacity 5618K, committed 5732K, reserved 1048576K
2019-02-22T17:27:11.141-0700: 81527.506: [GC (Allocation Failure) 2019-02-22T17:27:11.141-0700: 81527.506: [ParNew
Desired survivor size 20112992 bytes, new threshold 8 (max 8)
- age   1:    7665328 bytes,    7665328 total
- age   2:    1789592 bytes,    9454920 total
- age   3:    1248032 bytes,   10702952 total
- age   4:    3299952 bytes,   14002904 total
- age   5:    1172224 bytes,   15175128 total
- age   6:     675464 bytes,   15850592 total
- age   7:     333992 bytes,   16184584 total
- age   8:    6225176 bytes,   22409760 total
: 108882K->21824K(109248K), 0.0238126 secs] 386114K->315962K(502464K), 0.0238866 secs] [Times: user=0.06 sys=0.00, real=0.02 secs] 
Heap after GC invocations=648 (full 93):
 par new generation   total 109248K, used 21824K [0x00000000e0000000, 0x00000000e8000000, 0x00000000e8000000)
  eden space 87424K,   0% used [0x00000000e0000000, 0x00000000e0000000, 0x00000000e5560000)
  from space 21824K, 100% used [0x00000000e5560000, 0x00000000e6ab0000, 0x00000000e6ab0000)
  to   space 21824K,   0% used [0x00000000e6ab0000, 0x00000000e6ab0000, 0x00000000e8000000)
 concurrent mark-sweep generation total 393216K, used 294138K [0x00000000e8000000, 0x0000000100000000, 0x0000000100000000)
 Metaspace       used 44026K, capacity 45305K, committed 45632K, reserved 1089536K
  class space    used 5315K, capacity 5618K, committed 5732K, reserved 1048576K
}
2019-02-22T17:27:11.165-0700: 81527.530: Total time for which application threads were stopped: 0.0242655 seconds, Stopping threads took: 0.0000822 seconds
{Heap before GC invocations=648 (full 93):
 par new generation   total 109248K, used 109248K [0x00000000e0000000, 0x00000000e8000000, 0x00000000e8000000)
  eden space 87424K, 100% used [0x00000000e0000000, 0x00000000e5560000, 0x00000000e5560000)
  from space 21824K, 100% used [0x00000000e5560000, 0x00000000e6ab0000, 0x00000000e6ab0000)
  to   space 21824K,   0% used [0x00000000e6ab0000, 0x00000000e6ab0000, 0x00000000e8000000)
 concurrent mark-sweep generation total 393216K, used 291500K [0x00000000e8000000, 0x0000000100000000, 0x0000000100000000)
 Metaspace       used 44026K, capacity 45305K, committed 45632K, reserved 1089536K
  class space    used 5315K, capacity 5618K, committed 5732K, reserved 1048576K
2019-02-22T17:27:11.180-0700: 81527.545: [GC (Allocation Failure) 2019-02-22T17:27:11.180-0700: 81527.545: [ParNew
Desired survivor size 20112992 bytes, new threshold 8 (max 8)
- age   1:    2455680 bytes,    2455680 total
- age   2:    6988968 bytes,    9444648 total
- age   3:    1720496 bytes,   11165144 total
- age   4:    1246992 bytes,   12412136 total
- age   5:    3299952 bytes,   15712088 total
- age   6:    1172224 bytes,   16884312 total
- age   7:     590808 bytes,   17475120 total
- age   8:     333992 bytes,   17809112 total
: 109248K->21824K(109248K), 0.0165500 secs] 400748K->319383K(502464K), 0.0166204 secs] [Times: user=0.06 sys=0.00, real=0.02 secs] 
Heap after GC invocations=649 (full 93):
 par new generation   total 109248K, used 21824K [0x00000000e0000000, 0x00000000e8000000, 0x00000000e8000000)
  eden space 87424K,   0% used [0x00000000e0000000, 0x00000000e0000000, 0x00000000e5560000)
  from space 21824K, 100% used [0x00000000e6ab0000, 0x00000000e8000000, 0x00000000e8000000)
  to   space 21824K,   0% used [0x00000000e5560000, 0x00000000e5560000, 0x00000000e6ab0000)
 concurrent mark-sweep generation total 393216K, used 297559K [0x00000000e8000000, 0x0000000100000000, 0x0000000100000000)
 Metaspace       used 44026K, capacity 45305K, committed 45632K, reserved 1089536K
  class space    used 5315K, capacity 5618K, committed 5732K, reserved 1048576K
}
2019-02-22T17:27:11.197-0700: 81527.562: Total time for which application threads were stopped: 0.0169623 seconds, Stopping threads took: 0.0000601 seconds
{Heap before GC invocations=649 (full 93):
 par new generation   total 109248K, used 109248K [0x00000000e0000000, 0x00000000e8000000, 0x00000000e8000000)
  eden space 87424K, 100% used [0x00000000e0000000, 0x00000000e5560000, 0x00000000e5560000)
  from space 21824K, 100% used [0x00000000e6ab0000, 0x00000000e8000000, 0x00000000e8000000)
  to   space 21824K,   0% used [0x00000000e5560000, 0x00000000e5560000, 0x00000000e6ab0000)
 concurrent mark-sweep generation total 393216K, used 274807K [0x00000000e8000000, 0x0000000100000000, 0x0000000100000000)
 Metaspace       used 44026K, capacity 45305K, committed 45632K, reserved 1089536K
  class space    used 5315K, capacity 5618K, committed 5732K, reserved 1048576K
2019-02-22T17:27:11.257-0700: 81527.622: [GC (Allocation Failure) 2019-02-22T17:27:11.258-0700: 81527.623: [ParNew
Desired survivor size 20112992 bytes, new threshold 8 (max 8)
- age   1:    2212904 bytes,    2212904 total
- age   2:    1815016 bytes,    4027920 total
- age   3:    6815152 bytes,   10843072 total
- age   4:    1697224 bytes,   12540296 total
- age   5:    1244040 bytes,   13784336 total
- age   6:    3299344 bytes,   17083680 total
- age   7:    1172224 bytes,   18255904 total
- age   8:     582600 bytes,   18838504 total
: 109248K->21824K(109248K), 0.0143118 secs] 384055K->296958K(502464K), 0.0143982 secs] [Times: user=0.06 sys=0.00, real=0.02 secs] 
Heap after GC invocations=650 (full 93):
 par new generation   total 109248K, used 21824K [0x00000000e0000000, 0x00000000e8000000, 0x00000000e8000000)
  eden space 87424K,   0% used [0x00000000e0000000, 0x00000000e0000000, 0x00000000e5560000)
  from space 21824K, 100% used [0x00000000e5560000, 0x00000000e6ab0000, 0x00000000e6ab0000)
  to   space 21824K,   0% used [0x00000000e6ab0000, 0x00000000e6ab0000, 0x00000000e8000000)
 concurrent mark-sweep generation total 393216K, used 275134K [0x00000000e8000000, 0x0000000100000000, 0x0000000100000000)
 Metaspace       used 44026K, capacity 45305K, committed 45632K, reserved 1089536K
  class space    used 5315K, capacity 5618K, committed 5732K, reserved 1048576K
}
2019-02-22T17:27:11.272-0700: 81527.637: Total time for which application threads were stopped: 0.0147914 seconds, Stopping threads took: 0.0000673 seconds
2019-02-22T17:27:11.273-0700: 81527.638: [CMS-concurrent-sweep: 0.111/0.167 secs] [Times: user=0.88 sys=0.03, real=0.17 secs] 
2019-02-22T17:27:11.273-0700: 81527.639: [CMS-concurrent-reset-start]
2019-02-22T17:27:11.274-0700: 81527.639: [CMS-concurrent-reset: 0.001/0.001 secs] [Times: user=0.00 sys=0.00, real=0.00 secs] 
{Heap before GC invocations=650 (full 93):
 par new generation   total 109248K, used 109248K [0x00000000e0000000, 0x00000000e8000000, 0x00000000e8000000)
  eden space 87424K, 100% used [0x00000000e0000000, 0x00000000e5560000, 0x00000000e5560000)
  from space 21824K, 100% used [0x00000000e5560000, 0x00000000e6ab0000, 0x00000000e6ab0000)
  to   space 21824K,   0% used [0x00000000e6ab0000, 0x00000000e6ab0000, 0x00000000e8000000)
 concurrent mark-sweep generation total 393216K, used 274229K [0x00000000e8000000, 0x0000000100000000, 0x0000000100000000)
 Metaspace       used 44026K, capacity 45305K, committed 45632K, reserved 1089536K
  class space    used 5315K, capacity 5618K, committed 5732K, reserved 1048576K
2019-02-22T17:27:11.315-0700: 81527.680: [GC (Allocation Failure) 2019-02-22T17:27:11.315-0700: 81527.680: [ParNew
Desired survivor size 20112992 bytes, new threshold 8 (max 8)
- age   1:    1835848 bytes,    1835848 total
- age   2:    1409752 bytes,    3245600 total
- age   3:    1674208 bytes,    4919808 total
- age   4:    6525544 bytes,   11445352 total
- age   5:    1688072 bytes,   13133424 total
- age   6:    1240664 bytes,   14374088 total
- age   7:    3299344 bytes,   17673432 total
- age   8:    1172224 bytes,   18845656 total
: 109248K->21824K(109248K), 0.0172378 secs] 383477K->296915K(502464K), 0.0173267 secs] [Times: user=0.06 sys=0.00, real=0.02 secs] 
Heap after GC invocations=651 (full 93):
 par new generation   total 109248K, used 21824K [0x00000000e0000000, 0x00000000e8000000, 0x00000000e8000000)
  eden space 87424K,   0% used [0x00000000e0000000, 0x00000000e0000000, 0x00000000e5560000)
  from space 21824K, 100% used [0x00000000e6ab0000, 0x00000000e8000000, 0x00000000e8000000)
  to   space 21824K,   0% used [0x00000000e5560000, 0x00000000e5560000, 0x00000000e6ab0000)
 concurrent mark-sweep generation total 393216K, used 275091K [0x00000000e8000000, 0x0000000100000000, 0x0000000100000000)
 Metaspace       used 44026K, capacity 45305K, committed 45632K, reserved 1089536K
  class space    used 5315K, capacity 5618K, committed 5732K, reserved 1048576K
}
2019-02-22T17:27:11.333-0700: 81527.698: Total time for which application threads were stopped: 0.0177858 seconds, Stopping threads took: 0.0001008 seconds
2019-02-22T17:27:11.333-0700: 81527.698: [GC (CMS Initial Mark) [1 CMS-initial-mark: 275091K(393216K)] 298503K(502464K), 0.0031640 secs] [Times: user=0.00 sys=0.00, real=0.00 secs] 
2019-02-22T17:27:11.336-0700: 81527.701: Total time for which application threads were stopped: 0.0034478 seconds, Stopping threads took: 0.0001069 seconds
2019-02-22T17:27:11.336-0700: 81527.701: [CMS-concurrent-mark-start]
2019-02-22T17:27:11.442-0700: 81527.807: [CMS-concurrent-mark: 0.106/0.106 secs] [Times: user=0.59 sys=0.03, real=0.11 secs] 
2019-02-22T17:27:11.442-0700: 81527.808: [CMS-concurrent-preclean-start]
2019-02-22T17:27:11.456-0700: 81527.822: [CMS-concurrent-preclean: 0.013/0.014 secs] [Times: user=0.05 sys=0.00, real=0.01 secs] 
2019-02-22T17:27:11.456-0700: 81527.822: [CMS-concurrent-abortable-preclean-start]
{Heap before GC invocations=651 (full 94):
 par new generation   total 109248K, used 109248K [0x00000000e0000000, 0x00000000e8000000, 0x00000000e8000000)
  eden space 87424K, 100% used [0x00000000e0000000, 0x00000000e5560000, 0x00000000e5560000)
  from space 21824K, 100% used [0x00000000e6ab0000, 0x00000000e8000000, 0x00000000e8000000)
  to   space 21824K,   0% used [0x00000000e5560000, 0x00000000e5560000, 0x00000000e6ab0000)
 concurrent mark-sweep generation total 393216K, used 275091K [0x00000000e8000000, 0x0000000100000000, 0x0000000100000000)
 Metaspace       used 44026K, capacity 45305K, committed 45632K, reserved 1089536K
  class space    used 5315K, capacity 5618K, committed 5732K, reserved 1048576K
2019-02-22T17:27:11.493-0700: 81527.858: [GC (Allocation Failure) 2019-02-22T17:27:11.493-0700: 81527.858: [ParNew
Desired survivor size 20112992 bytes, new threshold 8 (max 8)
- age   1:    5257248 bytes,    5257248 total
- age   2:     523576 bytes,    5780824 total
- age   3:     991560 bytes,    6772384 total
- age   4:    1289032 bytes,    8061416 total
- age   5:    5871920 bytes,   13933336 total
- age   6:    1648736 bytes,   15582072 total
- age   7:    1237816 bytes,   16819888 total
- age   8:    3293792 bytes,   20113680 total
: 109248K->21824K(109248K), 0.0202168 secs] 384339K->298472K(502464K), 0.0203391 secs] [Times: user=0.06 sys=0.00, real=0.02 secs] 
Heap after GC invocations=652 (full 94):
 par new generation   total 109248K, used 21824K [0x00000000e0000000, 0x00000000e8000000, 0x00000000e8000000)
  eden space 87424K,   0% used [0x00000000e0000000, 0x00000000e0000000, 0x00000000e5560000)
  from space 21824K, 100% used [0x00000000e5560000, 0x00000000e6ab0000, 0x00000000e6ab0000)
  to   space 21824K,   0% used [0x00000000e6ab0000, 0x00000000e6ab0000, 0x00000000e8000000)
 concurrent mark-sweep generation total 393216K, used 276648K [0x00000000e8000000, 0x0000000100000000, 0x0000000100000000)
 Metaspace       used 44026K, capacity 45305K, committed 45632K, reserved 1089536K
  class space    used 5315K, capacity 5618K, committed 5732K, reserved 1048576K
}
2019-02-22T17:27:11.513-0700: 81527.879: Total time for which application threads were stopped: 0.0210326 seconds, Stopping threads took: 0.0001809 seconds
{Heap before GC invocations=652 (full 94):
 par new generation   total 109248K, used 109248K [0x00000000e0000000, 0x00000000e8000000, 0x00000000e8000000)
  eden space 87424K, 100% used [0x00000000e0000000, 0x00000000e5560000, 0x00000000e5560000)
  from space 21824K, 100% used [0x00000000e5560000, 0x00000000e6ab0000, 0x00000000e6ab0000)
  to   space 21824K,   0% used [0x00000000e6ab0000, 0x00000000e6ab0000, 0x00000000e8000000)
 concurrent mark-sweep generation total 393216K, used 276648K [0x00000000e8000000, 0x0000000100000000, 0x0000000100000000)
 Metaspace       used 44026K, capacity 45305K, committed 45632K, reserved 1089536K
  class space    used 5315K, capacity 5618K, committed 5732K, reserved 1048576K
2019-02-22T17:27:11.669-0700: 81528.035: [GC (Allocation Failure) 2019-02-22T17:27:11.669-0700: 81528.035: [ParNew
Desired survivor size 20112992 bytes, new threshold 8 (max 8)
- age   1:    3924672 bytes,    3924672 total
- age   2:    3228512 bytes,    7153184 total
- age   3:     298848 bytes,    7452032 total
- age   4:     855352 bytes,    8307384 total
- age   5:    1149440 bytes,    9456824 total
- age   6:    5593416 bytes,   15050240 total
- age   7:    1648736 bytes,   16698976 total
- age   8:    1210808 bytes,   17909784 total
: 109248K->21824K(109248K), 0.0221722 secs] 385896K->301909K(502464K), 0.0222720 secs] [Times: user=0.06 sys=0.02, real=0.02 secs] 
Heap after GC invocations=653 (full 94):
 par new generation   total 109248K, used 21824K [0x00000000e0000000, 0x00000000e8000000, 0x00000000e8000000)
  eden space 87424K,   0% used [0x00000000e0000000, 0x00000000e0000000, 0x00000000e5560000)
  from space 21824K, 100% used [0x00000000e6ab0000, 0x00000000e8000000, 0x00000000e8000000)
  to   space 21824K,   0% used [0x00000000e5560000, 0x00000000e5560000, 0x00000000e6ab0000)
 concurrent mark-sweep generation total 393216K, used 280085K [0x00000000e8000000, 0x0000000100000000, 0x0000000100000000)
 Metaspace       used 44026K, capacity 45305K, committed 45632K, reserved 1089536K
  class space    used 5315K, capacity 5618K, committed 5732K, reserved 1048576K
}
2019-02-22T17:27:11.692-0700: 81528.057: Total time for which application threads were stopped: 0.0228909 seconds, Stopping threads took: 0.0000560 seconds
2019-02-22T17:27:11.692-0700: 81528.057: [CMS-concurrent-abortable-preclean: 0.188/0.235 secs] [Times: user=0.73 sys=0.05, real=0.24 secs] 
2019-02-22T17:27:11.692-0700: 81528.058: [GC (CMS Final Remark) [YG occupancy: 22986 K (109248 K)]{Heap before GC invocations=653 (full 94):
 par new generation   total 109248K, used 22986K [0x00000000e0000000, 0x00000000e8000000, 0x00000000e8000000)
  eden space 87424K,   1% used [0x00000000e0000000, 0x00000000e01229d8, 0x00000000e5560000)
  from space 21824K, 100% used [0x00000000e6ab0000, 0x00000000e8000000, 0x00000000e8000000)
  to   space 21824K,   0% used [0x00000000e5560000, 0x00000000e5560000, 0x00000000e6ab0000)
 concurrent mark-sweep generation total 393216K, used 280085K [0x00000000e8000000, 0x0000000100000000, 0x0000000100000000)
 Metaspace       used 44026K, capacity 45305K, committed 45632K, reserved 1089536K
  class space    used 5315K, capacity 5618K, committed 5732K, reserved 1048576K
2019-02-22T17:27:11.693-0700: 81528.058: [GC (CMS Final Remark) 2019-02-22T17:27:11.693-0700: 81528.058: [ParNew
Desired survivor size 20112992 bytes, new threshold 8 (max 8)
- age   1:     371848 bytes,     371848 total
- age   2:    3868768 bytes,    4240616 total
- age   3:    3228512 bytes,    7469128 total
- age   4:     297040 bytes,    7766168 total
- age   5:     855352 bytes,    8621520 total
- age   6:    1026264 bytes,    9647784 total
- age   7:    5527000 bytes,   15174784 total
- age   8:    1648776 bytes,   16823560 total
: 22986K->21824K(109248K), 0.0125938 secs] 303072K->303260K(502464K), 0.0127367 secs] [Times: user=0.06 sys=0.00, real=0.01 secs] 
Heap after GC invocations=654 (full 94):
 par new generation   total 109248K, used 21824K [0x00000000e0000000, 0x00000000e8000000, 0x00000000e8000000)
  eden space 87424K,   0% used [0x00000000e0000000, 0x00000000e0000000, 0x00000000e5560000)
  from space 21824K, 100% used [0x00000000e5560000, 0x00000000e6ab0000, 0x00000000e6ab0000)
  to   space 21824K,   0% used [0x00000000e6ab0000, 0x00000000e6ab0000, 0x00000000e8000000)
 concurrent mark-sweep generation total 393216K, used 281436K [0x00000000e8000000, 0x0000000100000000, 0x0000000100000000)
 Metaspace       used 44026K, capacity 45305K, committed 45632K, reserved 1089536K
  class space    used 5315K, capacity 5618K, committed 5732K, reserved 1048576K
}
2019-02-22T17:27:11.706-0700: 81528.071: [Rescan (parallel) , 0.0146213 secs]2019-02-22T17:27:11.720-0700: 81528.086: [weak refs processing, 0.0005454 secs]2019-02-22T17:27:11.721-0700: 81528.086: [class unloading, 0.0154355 secs]2019-02-22T17:27:11.736-0700: 81528.102: [scrub symbol table, 0.0133711 secs]2019-02-22T17:27:11.750-0700: 81528.115: [scrub string table, 0.0005578 secs][1 CMS-remark: 281436K(393216K)] 303260K(502464K), 0.0578744 secs] [Times: user=0.16 sys=0.00, real=0.06 secs] 
2019-02-22T17:27:11.750-0700: 81528.116: Total time for which application threads were stopped: 0.0584692 seconds, Stopping threads took: 0.0000869 seconds
2019-02-22T17:27:11.750-0700: 81528.116: [CMS-concurrent-sweep-start]
{Heap before GC invocations=654 (full 94):
 par new generation   total 109248K, used 109248K [0x00000000e0000000, 0x00000000e8000000, 0x00000000e8000000)
  eden space 87424K, 100% used [0x00000000e0000000, 0x00000000e5560000, 0x00000000e5560000)
  from space 21824K, 100% used [0x00000000e5560000, 0x00000000e6ab0000, 0x00000000e6ab0000)
  to   space 21824K,   0% used [0x00000000e6ab0000, 0x00000000e6ab0000, 0x00000000e8000000)
 concurrent mark-sweep generation total 393216K, used 274675K [0x00000000e8000000, 0x0000000100000000, 0x0000000100000000)
 Metaspace       used 44026K, capacity 45305K, committed 45632K, reserved 1089536K
  class space    used 5315K, capacity 5618K, committed 5732K, reserved 1048576K
2019-02-22T17:27:11.799-0700: 81528.164: [GC (Allocation Failure) 2019-02-22T17:27:11.799-0700: 81528.164: [ParNew
Desired survivor size 20112992 bytes, new threshold 8 (max 8)
- age   1:   11992392 bytes,   11992392 total
- age   3:    2196752 bytes,   14189144 total
- age   4:    2925552 bytes,   17114696 total
- age   5:     258592 bytes,   17373288 total
- age   6:     638888 bytes,   18012176 total
- age   7:     541672 bytes,   18553848 total
- age   8:    3773504 bytes,   22327352 total
: 109248K->21824K(109248K), 0.0306547 secs] 383923K->310954K(502464K), 0.0307719 secs] [Times: user=0.08 sys=0.00, real=0.03 secs] 
Heap after GC invocations=655 (full 94):
 par new generation   total 109248K, used 21824K [0x00000000e0000000, 0x00000000e8000000, 0x00000000e8000000)
  eden space 87424K,   0% used [0x00000000e0000000, 0x00000000e0000000, 0x00000000e5560000)
  from space 21824K, 100% used [0x00000000e6ab0000, 0x00000000e8000000, 0x00000000e8000000)
  to   space 21824K,   0% used [0x00000000e5560000, 0x00000000e5560000, 0x00000000e6ab0000)
 concurrent mark-sweep generation total 393216K, used 289130K [0x00000000e8000000, 0x0000000100000000, 0x0000000100000000)
 Metaspace       used 44026K, capacity 45305K, committed 45632K, reserved 1089536K
  class space    used 5315K, capacity 5618K, committed 5732K, reserved 1048576K
}
2019-02-22T17:27:11.829-0700: 81528.195: Total time for which application threads were stopped: 0.0312936 seconds, Stopping threads took: 0.0000802 seconds
{Heap before GC invocations=655 (full 94):
 par new generation   total 109248K, used 108885K [0x00000000e0000000, 0x00000000e8000000, 0x00000000e8000000)
  eden space 87424K,  99% used [0x00000000e0000000, 0x00000000e55055f0, 0x00000000e5560000)
  from space 21824K, 100% used [0x00000000e6ab0000, 0x00000000e8000000, 0x00000000e8000000)
  to   space 21824K,   0% used [0x00000000e5560000, 0x00000000e5560000, 0x00000000e6ab0000)
 concurrent mark-sweep generation total 393216K, used 286559K [0x00000000e8000000, 0x0000000100000000, 0x0000000100000000)
 Metaspace       used 44026K, capacity 45305K, committed 45632K, reserved 1089536K
  class space    used 5315K, capacity 5618K, committed 5732K, reserved 1048576K
2019-02-22T17:27:11.846-0700: 81528.212: [GC (Allocation Failure) 2019-02-22T17:27:11.846-0700: 81528.212: [ParNew
Desired survivor size 20112992 bytes, new threshold 8 (max 8)
- age   1:    1143024 bytes,    1143024 total
- age   2:    9148728 bytes,   10291752 total
- age   4:    2108032 bytes,   12399784 total
- age   5:    2847000 bytes,   15246784 total
- age   6:     255088 bytes,   15501872 total
- age   7:     598232 bytes,   16100104 total
- age   8:     441128 bytes,   16541232 total
: 108885K->21824K(109248K), 0.0200960 secs] 395444K->314942K(502464K), 0.0202003 secs] [Times: user=0.06 sys=0.00, real=0.02 secs] 
Heap after GC invocations=656 (full 94):
 par new generation   total 109248K, used 21824K [0x00000000e0000000, 0x00000000e8000000, 0x00000000e8000000)
  eden space 87424K,   0% used [0x00000000e0000000, 0x00000000e0000000, 0x00000000e5560000)
  from space 21824K, 100% used [0x00000000e5560000, 0x00000000e6ab0000, 0x00000000e6ab0000)
  to   space 21824K,   0% used [0x00000000e6ab0000, 0x00000000e6ab0000, 0x00000000e8000000)
 concurrent mark-sweep generation total 393216K, used 293118K [0x00000000e8000000, 0x0000000100000000, 0x0000000100000000)
 Metaspace       used 44026K, capacity 45305K, committed 45632K, reserved 1089536K
  class space    used 5315K, capacity 5618K, committed 5732K, reserved 1048576K
}
2019-02-22T17:27:11.867-0700: 81528.232: Total time for which application threads were stopped: 0.0207951 seconds, Stopping threads took: 0.0000792 seconds
2019-02-22T17:27:11.942-0700: 81528.308: [CMS-concurrent-sweep: 0.140/0.192 secs] [Times: user=0.74 sys=0.02, real=0.19 secs] 
2019-02-22T17:27:11.942-0700: 81528.308: [CMS-concurrent-reset-start]
2019-02-22T17:27:11.943-0700: 81528.309: [CMS-concurrent-reset: 0.001/0.001 secs] [Times: user=0.00 sys=0.00, real=0.00 secs] 
{Heap before GC invocations=656 (full 94):
 par new generation   total 109248K, used 109248K [0x00000000e0000000, 0x00000000e8000000, 0x00000000e8000000)
  eden space 87424K, 100% used [0x00000000e0000000, 0x00000000e5560000, 0x00000000e5560000)
  from space 21824K, 100% used [0x00000000e5560000, 0x00000000e6ab0000, 0x00000000e6ab0000)
  to   space 21824K,   0% used [0x00000000e6ab0000, 0x00000000e6ab0000, 0x00000000e8000000)
 concurrent mark-sweep generation total 393216K, used 272948K [0x00000000e8000000, 0x0000000100000000, 0x0000000100000000)
 Metaspace       used 44026K, capacity 45305K, committed 45632K, reserved 1089536K
  class space    used 5315K, capacity 5618K, committed 5732K, reserved 1048576K
2019-02-22T17:27:11.945-0700: 81528.311: [GC (Allocation Failure) 2019-02-22T17:27:11.945-0700: 81528.311: [ParNew
Desired survivor size 20112992 bytes, new threshold 8 (max 8)
- age   1:    1884184 bytes,    1884184 total
- age   2:     753792 bytes,    2637976 total
- age   3:    8960776 bytes,   11598752 total
- age   5:    2093928 bytes,   13692680 total
- age   6:    2847000 bytes,   16539680 total
- age   7:     255088 bytes,   16794768 total
- age   8:     598232 bytes,   17393000 total
: 109248K->21621K(109248K), 0.0164565 secs] 382196K->294999K(502464K), 0.0165433 secs] [Times: user=0.06 sys=0.00, real=0.02 secs] 
Heap after GC invocations=657 (full 94):
 par new generation   total 109248K, used 21621K [0x00000000e0000000, 0x00000000e8000000, 0x00000000e8000000)
  eden space 87424K,   0% used [0x00000000e0000000, 0x00000000e0000000, 0x00000000e5560000)
  from space 21824K,  99% used [0x00000000e6ab0000, 0x00000000e7fcd400, 0x00000000e8000000)
  to   space 21824K,   0% used [0x00000000e5560000, 0x00000000e5560000, 0x00000000e6ab0000)
 concurrent mark-sweep generation total 393216K, used 273378K [0x00000000e8000000, 0x0000000100000000, 0x0000000100000000)
 Metaspace       used 44026K, capacity 45305K, committed 45632K, reserved 1089536K
  class space    used 5315K, capacity 5618K, committed 5732K, reserved 1048576K
}
2019-02-22T17:27:11.962-0700: 81528.328: Total time for which application threads were stopped: 0.0170466 seconds, Stopping threads took: 0.0001239 seconds
2019-02-22T17:27:11.963-0700: 81528.328: [GC (CMS Initial Mark) [1 CMS-initial-mark: 273378K(393216K)] 295198K(502464K), 0.0027780 secs] [Times: user=0.00 sys=0.00, real=0.00 secs] 
2019-02-22T17:27:11.966-0700: 81528.331: Total time for which application threads were stopped: 0.0031105 seconds, Stopping threads took: 0.0000828 seconds
2019-02-22T17:27:11.966-0700: 81528.331: [CMS-concurrent-mark-start]
2019-02-22T17:27:12.082-0700: 81528.448: [CMS-concurrent-mark: 0.117/0.117 secs] [Times: user=0.70 sys=0.00, real=0.12 secs] 
2019-02-22T17:27:12.082-0700: 81528.448: [CMS-concurrent-preclean-start]
{Heap before GC invocations=657 (full 95):
 par new generation   total 109248K, used 109045K [0x00000000e0000000, 0x00000000e8000000, 0x00000000e8000000)
  eden space 87424K, 100% used [0x00000000e0000000, 0x00000000e5560000, 0x00000000e5560000)
  from space 21824K,  99% used [0x00000000e6ab0000, 0x00000000e7fcd400, 0x00000000e8000000)
  to   space 21824K,   0% used [0x00000000e5560000, 0x00000000e5560000, 0x00000000e6ab0000)
 concurrent mark-sweep generation total 393216K, used 273378K [0x00000000e8000000, 0x0000000100000000, 0x0000000100000000)
 Metaspace       used 44026K, capacity 45305K, committed 45632K, reserved 1089536K
  class space    used 5315K, capacity 5618K, committed 5732K, reserved 1048576K
2019-02-22T17:27:12.096-0700: 81528.462: [GC (Allocation Failure) 2019-02-22T17:27:12.097-0700: 81528.462: [ParNew
Desired survivor size 20112992 bytes, new threshold 8 (max 8)
- age   1:    2314688 bytes,    2314688 total
- age   2:     721464 bytes,    3036152 total
- age   3:     753792 bytes,    3789944 total
- age   4:    8844464 bytes,   12634408 total
- age   6:    2093928 bytes,   14728336 total
- age   7:    2847000 bytes,   17575336 total
- age   8:     255088 bytes,   17830424 total
: 109045K->21824K(109248K), 0.0149595 secs] 382423K->295773K(502464K), 0.0150628 secs] [Times: user=0.06 sys=0.00, real=0.02 secs] 
Heap after GC invocations=658 (full 95):
 par new generation   total 109248K, used 21824K [0x00000000e0000000, 0x00000000e8000000, 0x00000000e8000000)
  eden space 87424K,   0% used [0x00000000e0000000, 0x00000000e0000000, 0x00000000e5560000)
  from space 21824K, 100% used [0x00000000e5560000, 0x00000000e6ab0000, 0x00000000e6ab0000)
  to   space 21824K,   0% used [0x00000000e6ab0000, 0x00000000e6ab0000, 0x00000000e8000000)
 concurrent mark-sweep generation total 393216K, used 273949K [0x00000000e8000000, 0x0000000100000000, 0x0000000100000000)
 Metaspace       used 44026K, capacity 45305K, committed 45632K, reserved 1089536K
  class space    used 5315K, capacity 5618K, committed 5732K, reserved 1048576K
}
2019-02-22T17:27:12.112-0700: 81528.477: Total time for which application threads were stopped: 0.0155193 seconds, Stopping threads took: 0.0000715 seconds
2019-02-22T17:27:12.112-0700: 81528.478: [CMS-concurrent-preclean: 0.013/0.030 secs] [Times: user=0.11 sys=0.00, real=0.03 secs] 
2019-02-22T17:27:12.113-0700: 81528.478: [GC (CMS Final Remark) [YG occupancy: 23788 K (109248 K)]{Heap before GC invocations=658 (full 95):
 par new generation   total 109248K, used 23788K [0x00000000e0000000, 0x00000000e8000000, 0x00000000e8000000)
  eden space 87424K,   2% used [0x00000000e0000000, 0x00000000e01eb268, 0x00000000e5560000)
  from space 21824K, 100% used [0x00000000e5560000, 0x00000000e6ab0000, 0x00000000e6ab0000)
  to   space 21824K,   0% used [0x00000000e6ab0000, 0x00000000e6ab0000, 0x00000000e8000000)
 concurrent mark-sweep generation total 393216K, used 273949K [0x00000000e8000000, 0x0000000100000000, 0x0000000100000000)
 Metaspace       used 44026K, capacity 45305K, committed 45632K, reserved 1089536K
  class space    used 5315K, capacity 5618K, committed 5732K, reserved 1048576K
2019-02-22T17:27:12.113-0700: 81528.478: [GC (CMS Final Remark) 2019-02-22T17:27:12.113-0700: 81528.478: [ParNew
Desired survivor size 20112992 bytes, new threshold 8 (max 8)
- age   1:     266880 bytes,     266880 total
- age   2:    2129656 bytes,    2396536 total
- age   3:     721464 bytes,    3118000 total
- age   4:     753792 bytes,    3871792 total
- age   5:    8844464 bytes,   12716256 total
- age   7:    2093112 bytes,   14809368 total
- age   8:    2847000 bytes,   17656368 total
: 23788K->21149K(109248K), 0.0120716 secs] 297737K->295348K(502464K), 0.0121661 secs] [Times: user=0.01 sys=0.00, real=0.01 secs] 
Heap after GC invocations=659 (full 95):
 par new generation   total 109248K, used 21149K [0x00000000e0000000, 0x00000000e8000000, 0x00000000e8000000)
  eden space 87424K,   0% used [0x00000000e0000000, 0x00000000e0000000, 0x00000000e5560000)
  from space 21824K,  96% used [0x00000000e6ab0000, 0x00000000e7f57738, 0x00000000e8000000)
  to   space 21824K,   0% used [0x00000000e5560000, 0x00000000e5560000, 0x00000000e6ab0000)
 concurrent mark-sweep generation total 393216K, used 274198K [0x00000000e8000000, 0x0000000100000000, 0x0000000100000000)
 Metaspace       used 44026K, capacity 45305K, committed 45632K, reserved 1089536K
  class space    used 5315K, capacity 5618K, committed 5732K, reserved 1048576K
}
2019-02-22T17:27:12.125-0700: 81528.491: [Rescan (parallel) , 0.0084593 secs]2019-02-22T17:27:12.134-0700: 81528.499: [weak refs processing, 0.0005213 secs]2019-02-22T17:27:12.134-0700: 81528.500: [class unloading, 0.0138199 secs]2019-02-22T17:27:12.148-0700: 81528.513: [scrub symbol table, 0.0127707 secs]2019-02-22T17:27:12.161-0700: 81528.526: [scrub string table, 0.0005506 secs][1 CMS-remark: 274198K(393216K)] 295348K(502464K), 0.0486759 secs] [Times: user=0.05 sys=0.00, real=0.05 secs] 
2019-02-22T17:27:12.162-0700: 81528.527: Total time for which application threads were stopped: 0.0489730 seconds, Stopping threads took: 0.0000966 seconds
2019-02-22T17:27:12.162-0700: 81528.527: [CMS-concurrent-sweep-start]
{Heap before GC invocations=659 (full 95):
 par new generation   total 109248K, used 108573K [0x00000000e0000000, 0x00000000e8000000, 0x00000000e8000000)
  eden space 87424K, 100% used [0x00000000e0000000, 0x00000000e5560000, 0x00000000e5560000)
  from space 21824K,  96% used [0x00000000e6ab0000, 0x00000000e7f57738, 0x00000000e8000000)
  to   space 21824K,   0% used [0x00000000e5560000, 0x00000000e5560000, 0x00000000e6ab0000)
 concurrent mark-sweep generation total 393216K, used 260828K [0x00000000e8000000, 0x0000000100000000, 0x0000000100000000)
 Metaspace       used 44026K, capacity 45305K, committed 45632K, reserved 1089536K
  class space    used 5315K, capacity 5618K, committed 5732K, reserved 1048576K
2019-02-22T17:27:12.248-0700: 81528.613: [GC (Allocation Failure) 2019-02-22T17:27:12.248-0700: 81528.613: [ParNew
Desired survivor size 20112992 bytes, new threshold 8 (max 8)
- age   1:    5231080 bytes,    5231080 total
- age   2:      16320 bytes,    5247400 total
- age   3:     969648 bytes,    6217048 total
- age   4:     468736 bytes,    6685784 total
- age   5:      55456 bytes,    6741240 total
- age   6:    8408328 bytes,   15149568 total
- age   8:    1882168 bytes,   17031736 total
: 108573K->21452K(109248K), 0.0192786 secs] 369402K->285008K(502464K), 0.0193825 secs] [Times: user=0.13 sys=0.00, real=0.02 secs] 
Heap after GC invocations=660 (full 95):
 par new generation   total 109248K, used 21452K [0x00000000e0000000, 0x00000000e8000000, 0x00000000e8000000)
  eden space 87424K,   0% used [0x00000000e0000000, 0x00000000e0000000, 0x00000000e5560000)
  from space 21824K,  98% used [0x00000000e5560000, 0x00000000e6a53188, 0x00000000e6ab0000)
  to   space 21824K,   0% used [0x00000000e6ab0000, 0x00000000e6ab0000, 0x00000000e8000000)
 concurrent mark-sweep generation total 393216K, used 263556K [0x00000000e8000000, 0x0000000100000000, 0x0000000100000000)
 Metaspace       used 44026K, capacity 45305K, committed 45632K, reserved 1089536K
  class space    used 5315K, capacity 5618K, committed 5732K, reserved 1048576K
}
2019-02-22T17:27:12.268-0700: 81528.633: Total time for which application threads were stopped: 0.0198811 seconds, Stopping threads took: 0.0000761 seconds
2019-02-22T17:27:12.311-0700: 81528.676: [CMS-concurrent-sweep: 0.130/0.149 secs] [Times: user=0.61 sys=0.00, real=0.15 secs] 
2019-02-22T17:27:12.311-0700: 81528.677: [CMS-concurrent-reset-start]
2019-02-22T17:27:12.311-0700: 81528.677: [CMS-concurrent-reset: 0.001/0.001 secs] [Times: user=0.00 sys=0.00, real=0.00 secs] 
{Heap before GC invocations=660 (full 95):
 par new generation   total 109248K, used 108876K [0x00000000e0000000, 0x00000000e8000000, 0x00000000e8000000)
  eden space 87424K, 100% used [0x00000000e0000000, 0x00000000e5560000, 0x00000000e5560000)
  from space 21824K,  98% used [0x00000000e5560000, 0x00000000e6a53188, 0x00000000e6ab0000)
  to   space 21824K,   0% used [0x00000000e6ab0000, 0x00000000e6ab0000, 0x00000000e8000000)
 concurrent mark-sweep generation total 393216K, used 249497K [0x00000000e8000000, 0x0000000100000000, 0x0000000100000000)
 Metaspace       used 44026K, capacity 45305K, committed 45632K, reserved 1089536K
  class space    used 5315K, capacity 5618K, committed 5732K, reserved 1048576K
2019-02-22T17:27:12.385-0700: 81528.750: [GC (Allocation Failure) 2019-02-22T17:27:12.385-0700: 81528.750: [ParNew
Desired survivor size 20112992 bytes, new threshold 8 (max 8)
- age   1:    4131664 bytes,    4131664 total
- age   2:    2905448 bytes,    7037112 total
- age   3:      16320 bytes,    7053432 total
- age   4:     497480 bytes,    7550912 total
- age   5:     455752 bytes,    8006664 total
- age   6:      53216 bytes,    8059880 total
- age   7:    8132872 bytes,   16192752 total
: 108876K->21055K(109248K), 0.0149904 secs] 358373K->272333K(502464K), 0.0150963 secs] [Times: user=0.05 sys=0.00, real=0.01 secs] 
Heap after GC invocations=661 (full 95):
 par new generation   total 109248K, used 21055K [0x00000000e0000000, 0x00000000e8000000, 0x00000000e8000000)
  eden space 87424K,   0% used [0x00000000e0000000, 0x00000000e0000000, 0x00000000e5560000)
  from space 21824K,  96% used [0x00000000e6ab0000, 0x00000000e7f3fd80, 0x00000000e8000000)
  to   space 21824K,   0% used [0x00000000e5560000, 0x00000000e5560000, 0x00000000e6ab0000)
 concurrent mark-sweep generation total 393216K, used 251278K [0x00000000e8000000, 0x0000000100000000, 0x0000000100000000)
 Metaspace       used 44026K, capacity 45305K, committed 45632K, reserved 1089536K
  class space    used 5315K, capacity 5618K, committed 5732K, reserved 1048576K
}
2019-02-22T17:27:12.399-0700: 81528.765: Total time for which application threads were stopped: 0.0154458 seconds, Stopping threads took: 0.0000540 seconds
2019-02-22T17:27:12.400-0700: 81528.765: [GC (CMS Initial Mark) [1 CMS-initial-mark: 251278K(393216K)] 273164K(502464K), 0.0019827 secs] [Times: user=0.00 sys=0.00, real=0.00 secs] 
2019-02-22T17:27:12.402-0700: 81528.767: Total time for which application threads were stopped: 0.0022999 seconds, Stopping threads took: 0.0000853 seconds
2019-02-22T17:27:12.402-0700: 81528.767: [CMS-concurrent-mark-start]
2019-02-22T17:27:12.511-0700: 81528.876: [CMS-concurrent-mark: 0.108/0.108 secs] [Times: user=0.61 sys=0.02, real=0.11 secs] 
2019-02-22T17:27:12.511-0700: 81528.876: [CMS-concurrent-preclean-start]
2019-02-22T17:27:12.530-0700: 81528.895: [CMS-concurrent-preclean: 0.018/0.019 secs] [Times: user=0.03 sys=0.02, real=0.02 secs] 
2019-02-22T17:27:12.530-0700: 81528.895: [CMS-concurrent-abortable-preclean-start]
{Heap before GC invocations=661 (full 96):
 par new generation   total 109248K, used 108479K [0x00000000e0000000, 0x00000000e8000000, 0x00000000e8000000)
  eden space 87424K, 100% used [0x00000000e0000000, 0x00000000e5560000, 0x00000000e5560000)
  from space 21824K,  96% used [0x00000000e6ab0000, 0x00000000e7f3fd80, 0x00000000e8000000)
  to   space 21824K,   0% used [0x00000000e5560000, 0x00000000e5560000, 0x00000000e6ab0000)
 concurrent mark-sweep generation total 393216K, used 251278K [0x00000000e8000000, 0x0000000100000000, 0x0000000100000000)
 Metaspace       used 44026K, capacity 45305K, committed 45632K, reserved 1089536K
  class space    used 5315K, capacity 5618K, committed 5732K, reserved 1048576K
2019-02-22T17:27:12.571-0700: 81528.937: [GC (Allocation Failure) 2019-02-22T17:27:12.571-0700: 81528.937: [ParNew
Desired survivor size 20112992 bytes, new threshold 8 (max 8)
- age   1:    3362648 bytes,    3362648 total
- age   2:    2363528 bytes,    5726176 total
- age   3:    2551728 bytes,    8277904 total
- age   4:      16320 bytes,    8294224 total
- age   5:     497480 bytes,    8791704 total
- age   6:     455752 bytes,    9247456 total
- age   7:      53216 bytes,    9300672 total
- age   8:    8095480 bytes,   17396152 total
: 108479K->21404K(109248K), 0.0127964 secs] 359757K->272683K(502464K), 0.0128699 secs] [Times: user=0.06 sys=0.00, real=0.01 secs] 
Heap after GC invocations=662 (full 96):
 par new generation   total 109248K, used 21404K [0x00000000e0000000, 0x00000000e8000000, 0x00000000e8000000)
  eden space 87424K,   0% used [0x00000000e0000000, 0x00000000e0000000, 0x00000000e5560000)
  from space 21824K,  98% used [0x00000000e5560000, 0x00000000e6a472c0, 0x00000000e6ab0000)
  to   space 21824K,   0% used [0x00000000e6ab0000, 0x00000000e6ab0000, 0x00000000e8000000)
 concurrent mark-sweep generation total 393216K, used 251278K [0x00000000e8000000, 0x0000000100000000, 0x0000000100000000)
 Metaspace       used 44026K, capacity 45305K, committed 45632K, reserved 1089536K
  class space    used 5315K, capacity 5618K, committed 5732K, reserved 1048576K
}
2019-02-22T17:27:12.584-0700: 81528.950: Total time for which application threads were stopped: 0.0132606 seconds, Stopping threads took: 0.0000504 seconds
2019-02-22T17:27:12.674-0700: 81529.039: [CMS-concurrent-abortable-preclean: 0.128/0.143 secs] [Times: user=0.50 sys=0.00, real=0.14 secs] 
2019-02-22T17:27:12.679-0700: 81529.044: [GC (CMS Final Remark) [YG occupancy: 80489 K (109248 K)]{Heap before GC invocations=662 (full 96):
 par new generation   total 109248K, used 80489K [0x00000000e0000000, 0x00000000e8000000, 0x00000000e8000000)
  eden space 87424K,  67% used [0x00000000e0000000, 0x00000000e39b3358, 0x00000000e5560000)
  from space 21824K,  98% used [0x00000000e5560000, 0x00000000e6a472c0, 0x00000000e6ab0000)
  to   space 21824K,   0% used [0x00000000e6ab0000, 0x00000000e6ab0000, 0x00000000e8000000)
 concurrent mark-sweep generation total 393216K, used 251278K [0x00000000e8000000, 0x0000000100000000, 0x0000000100000000)
 Metaspace       used 44026K, capacity 45305K, committed 45632K, reserved 1089536K
  class space    used 5315K, capacity 5618K, committed 5732K, reserved 1048576K
2019-02-22T17:27:12.679-0700: 81529.044: [GC (CMS Final Remark) 2019-02-22T17:27:12.679-0700: 81529.044: [ParNew
Desired survivor size 20112992 bytes, new threshold 8 (max 8)
- age   1:    2877360 bytes,    2877360 total
- age   2:    2522280 bytes,    5399640 total
- age   3:    1460672 bytes,    6860312 total
- age   4:    2471576 bytes,    9331888 total
- age   5:      16320 bytes,    9348208 total
- age   6:     497480 bytes,    9845688 total
- age   7:     455752 bytes,   10301440 total
- age   8:      53216 bytes,   10354656 total
: 80489K->14809K(109248K), 0.0166986 secs] 331767K->274000K(502464K), 0.0167664 secs] [Times: user=0.06 sys=0.00, real=0.02 secs] 
Heap after GC invocations=663 (full 96):
 par new generation   total 109248K, used 14809K [0x00000000e0000000, 0x00000000e8000000, 0x00000000e8000000)
  eden space 87424K,   0% used [0x00000000e0000000, 0x00000000e0000000, 0x00000000e5560000)
  from space 21824K,  67% used [0x00000000e6ab0000, 0x00000000e7926720, 0x00000000e8000000)
  to   space 21824K,   0% used [0x00000000e5560000, 0x00000000e5560000, 0x00000000e6ab0000)
 concurrent mark-sweep generation total 393216K, used 259190K [0x00000000e8000000, 0x0000000100000000, 0x0000000100000000)
 Metaspace       used 44026K, capacity 45305K, committed 45632K, reserved 1089536K
  class space    used 5315K, capacity 5618K, committed 5732K, reserved 1048576K
}
2019-02-22T17:27:12.695-0700: 81529.061: [Rescan (parallel) , 0.0088171 secs]2019-02-22T17:27:12.704-0700: 81529.070: [weak refs processing, 0.0005953 secs]2019-02-22T17:27:12.705-0700: 81529.070: [class unloading, 0.0140666 secs]2019-02-22T17:27:12.719-0700: 81529.084: [scrub symbol table, 0.0127033 secs]2019-02-22T17:27:12.732-0700: 81529.097: [scrub string table, 0.0006205 secs][1 CMS-remark: 259190K(393216K)] 274000K(502464K), 0.0540637 secs] [Times: user=0.14 sys=0.00, real=0.05 secs] 
2019-02-22T17:27:12.733-0700: 81529.098: Total time for which application threads were stopped: 0.0549792 seconds, Stopping threads took: 0.0006816 seconds
2019-02-22T17:27:12.733-0700: 81529.098: [CMS-concurrent-sweep-start]
2019-02-22T17:27:12.848-0700: 81529.213: [CMS-concurrent-sweep: 0.115/0.115 secs] [Times: user=0.50 sys=0.00, real=0.12 secs] 
2019-02-22T17:27:12.848-0700: 81529.213: [CMS-concurrent-reset-start]
2019-02-22T17:27:12.849-0700: 81529.214: [CMS-concurrent-reset: 0.001/0.001 secs] [Times: user=0.00 sys=0.00, real=0.00 secs] 
{Heap before GC invocations=663 (full 96):
 par new generation   total 109248K, used 102233K [0x00000000e0000000, 0x00000000e8000000, 0x00000000e8000000)
  eden space 87424K, 100% used [0x00000000e0000000, 0x00000000e5560000, 0x00000000e5560000)
  from space 21824K,  67% used [0x00000000e6ab0000, 0x00000000e7926720, 0x00000000e8000000)
  to   space 21824K,   0% used [0x00000000e5560000, 0x00000000e5560000, 0x00000000e6ab0000)
 concurrent mark-sweep generation total 393216K, used 247049K [0x00000000e8000000, 0x0000000100000000, 0x0000000100000000)
 Metaspace       used 44026K, capacity 45305K, committed 45632K, reserved 1089536K
  class space    used 5315K, capacity 5618K, committed 5732K, reserved 1048576K
2019-02-22T17:27:12.889-0700: 81529.254: [GC (Allocation Failure) 2019-02-22T17:27:12.889-0700: 81529.254: [ParNew
Desired survivor size 20112992 bytes, new threshold 8 (max 8)
- age   1:    3679592 bytes,    3679592 total
- age   2:    1485408 bytes,    5165000 total
- age   3:    2281504 bytes,    7446504 total
- age   4:    1346824 bytes,    8793328 total
- age   5:    2057304 bytes,   10850632 total
- age   6:      16320 bytes,   10866952 total
- age   7:     442064 bytes,   11309016 total
- age   8:     452600 bytes,   11761616 total
: 102233K->14964K(109248K), 0.0143308 secs] 349283K->262063K(502464K), 0.0144429 secs] [Times: user=0.06 sys=0.00, real=0.01 secs] 
Heap after GC invocations=664 (full 96):
 par new generation   total 109248K, used 14964K [0x00000000e0000000, 0x00000000e8000000, 0x00000000e8000000)
  eden space 87424K,   0% used [0x00000000e0000000, 0x00000000e0000000, 0x00000000e5560000)
  from space 21824K,  68% used [0x00000000e5560000, 0x00000000e63fd380, 0x00000000e6ab0000)
  to   space 21824K,   0% used [0x00000000e6ab0000, 0x00000000e6ab0000, 0x00000000e8000000)
 concurrent mark-sweep generation total 393216K, used 247098K [0x00000000e8000000, 0x0000000100000000, 0x0000000100000000)
 Metaspace       used 44026K, capacity 45305K, committed 45632K, reserved 1089536K
  class space    used 5315K, capacity 5618K, committed 5732K, reserved 1048576K
}
2019-02-22T17:27:12.904-0700: 81529.269: Total time for which application threads were stopped: 0.0148829 seconds, Stopping threads took: 0.0000648 seconds
2019-02-22T17:27:12.904-0700: 81529.269: [GC (CMS Initial Mark) [1 CMS-initial-mark: 247098K(393216K)] 263004K(502464K), 0.0018475 secs] [Times: user=0.00 sys=0.00, real=0.00 secs] 
2019-02-22T17:27:12.906-0700: 81529.271: Total time for which application threads were stopped: 0.0021503 seconds, Stopping threads took: 0.0000658 seconds
2019-02-22T17:27:12.906-0700: 81529.271: [CMS-concurrent-mark-start]
2019-02-22T17:27:13.017-0700: 81529.383: [CMS-concurrent-mark: 0.112/0.112 secs] [Times: user=0.61 sys=0.01, real=0.11 secs] 
2019-02-22T17:27:13.018-0700: 81529.383: [CMS-concurrent-preclean-start]
2019-02-22T17:27:13.039-0700: 81529.405: [CMS-concurrent-preclean: 0.021/0.022 secs] [Times: user=0.05 sys=0.00, real=0.02 secs] 
2019-02-22T17:27:13.039-0700: 81529.405: [CMS-concurrent-abortable-preclean-start]
{Heap before GC invocations=664 (full 97):
 par new generation   total 109248K, used 102346K [0x00000000e0000000, 0x00000000e8000000, 0x00000000e8000000)
  eden space 87424K,  99% used [0x00000000e0000000, 0x00000000e5555768, 0x00000000e5560000)
  from space 21824K,  68% used [0x00000000e5560000, 0x00000000e63fd380, 0x00000000e6ab0000)
  to   space 21824K,   0% used [0x00000000e6ab0000, 0x00000000e6ab0000, 0x00000000e8000000)
 concurrent mark-sweep generation total 393216K, used 247098K [0x00000000e8000000, 0x0000000100000000, 0x0000000100000000)
 Metaspace       used 44026K, capacity 45305K, committed 45632K, reserved 1089536K
  class space    used 5315K, capacity 5618K, committed 5732K, reserved 1048576K
2019-02-22T17:27:13.090-0700: 81529.455: [GC (Allocation Failure) 2019-02-22T17:27:13.090-0700: 81529.455: [ParNew
Desired survivor size 20112992 bytes, new threshold 8 (max 8)
- age   1:    4747416 bytes,    4747416 total
- age   2:    2177904 bytes,    6925320 total
- age   3:    1485080 bytes,    8410400 total
- age   4:    2281504 bytes,   10691904 total
- age   5:    1321056 bytes,   12012960 total
- age   6:    2053088 bytes,   14066048 total
- age   7:      16320 bytes,   14082368 total
- age   8:     408128 bytes,   14490496 total
: 102346K->18533K(109248K), 0.0151487 secs] 349445K->266041K(502464K), 0.0154540 secs] [Times: user=0.05 sys=0.00, real=0.02 secs] 
Heap after GC invocations=665 (full 97):
 par new generation   total 109248K, used 18533K [0x00000000e0000000, 0x00000000e8000000, 0x00000000e8000000)
  eden space 87424K,   0% used [0x00000000e0000000, 0x00000000e0000000, 0x00000000e5560000)
  from space 21824K,  84% used [0x00000000e6ab0000, 0x00000000e7cc9620, 0x00000000e8000000)
  to   space 21824K,   0% used [0x00000000e5560000, 0x00000000e5560000, 0x00000000e6ab0000)
 concurrent mark-sweep generation total 393216K, used 247508K [0x00000000e8000000, 0x0000000100000000, 0x0000000100000000)
 Metaspace       used 44026K, capacity 45305K, committed 45632K, reserved 1089536K
  class space    used 5315K, capacity 5618K, committed 5732K, reserved 1048576K
}
2019-02-22T17:27:13.105-0700: 81529.470: Total time for which application threads were stopped: 0.0161259 seconds, Stopping threads took: 0.0001614 seconds
{Heap before GC invocations=665 (full 97):
 par new generation   total 109248K, used 105957K [0x00000000e0000000, 0x00000000e8000000, 0x00000000e8000000)
  eden space 87424K, 100% used [0x00000000e0000000, 0x00000000e5560000, 0x00000000e5560000)
  from space 21824K,  84% used [0x00000000e6ab0000, 0x00000000e7cc9620, 0x00000000e8000000)
  to   space 21824K,   0% used [0x00000000e5560000, 0x00000000e5560000, 0x00000000e6ab0000)
 concurrent mark-sweep generation total 393216K, used 247508K [0x00000000e8000000, 0x0000000100000000, 0x0000000100000000)
 Metaspace       used 44026K, capacity 45305K, committed 45632K, reserved 1089536K
  class space    used 5315K, capacity 5618K, committed 5732K, reserved 1048576K
2019-02-22T17:27:13.168-0700: 81529.533: [GC (Allocation Failure) 2019-02-22T17:27:13.168-0700: 81529.533: [ParNew
Desired survivor size 20112992 bytes, new threshold 8 (max 8)
- age   1:    1690712 bytes,    1690712 total
- age   2:    3875488 bytes,    5566200 total
- age   3:    1983360 bytes,    7549560 total
- age   4:    1484024 bytes,    9033584 total
- age   5:    2281504 bytes,   11315088 total
- age   6:    1321056 bytes,   12636144 total
- age   7:    2053088 bytes,   14689232 total
- age   8:      16320 bytes,   14705552 total
: 105957K->18807K(109248K), 0.0158792 secs] 353465K->266705K(502464K), 0.0160000 secs] [Times: user=0.06 sys=0.00, real=0.02 secs] 
Heap after GC invocations=666 (full 97):
 par new generation   total 109248K, used 18807K [0x00000000e0000000, 0x00000000e8000000, 0x00000000e8000000)
  eden space 87424K,   0% used [0x00000000e0000000, 0x00000000e0000000, 0x00000000e5560000)
  from space 21824K,  86% used [0x00000000e5560000, 0x00000000e67bdd58, 0x00000000e6ab0000)
  to   space 21824K,   0% used [0x00000000e6ab0000, 0x00000000e6ab0000, 0x00000000e8000000)
 concurrent mark-sweep generation total 393216K, used 247897K [0x00000000e8000000, 0x0000000100000000, 0x0000000100000000)
 Metaspace       used 44026K, capacity 45305K, committed 45632K, reserved 1089536K
  class space    used 5315K, capacity 5618K, committed 5732K, reserved 1048576K
}
2019-02-22T17:27:13.183-0700: 81529.549: Total time for which application threads were stopped: 0.0165654 seconds, Stopping threads took: 0.0000828 seconds
2019-02-22T17:27:13.192-0700: 81529.558: [CMS-concurrent-abortable-preclean: 0.119/0.153 secs] [Times: user=0.48 sys=0.00, real=0.15 secs] 
2019-02-22T17:27:13.193-0700: 81529.559: [GC (CMS Final Remark) [YG occupancy: 37018 K (109248 K)]{Heap before GC invocations=666 (full 97):
 par new generation   total 109248K, used 37018K [0x00000000e0000000, 0x00000000e8000000, 0x00000000e8000000)
  eden space 87424K,  20% used [0x00000000e0000000, 0x00000000e11c8df0, 0x00000000e5560000)
  from space 21824K,  86% used [0x00000000e5560000, 0x00000000e67bdd58, 0x00000000e6ab0000)
  to   space 21824K,   0% used [0x00000000e6ab0000, 0x00000000e6ab0000, 0x00000000e8000000)
 concurrent mark-sweep generation total 393216K, used 247897K [0x00000000e8000000, 0x0000000100000000, 0x0000000100000000)
 Metaspace       used 44026K, capacity 45305K, committed 45632K, reserved 1089536K
  class space    used 5315K, capacity 5618K, committed 5732K, reserved 1048576K
2019-02-22T17:27:13.194-0700: 81529.559: [GC (CMS Final Remark) 2019-02-22T17:27:13.194-0700: 81529.560: [ParNew
Desired survivor size 20112992 bytes, new threshold 8 (max 8)
- age   1:    1139568 bytes,    1139568 total
- age   2:    1212608 bytes,    2352176 total
- age   3:    3819920 bytes,    6172096 total
- age   4:    1826360 bytes,    7998456 total
- age   5:    1484024 bytes,    9482480 total
- age   6:    2281504 bytes,   11763984 total
- age   7:    1321056 bytes,   13085040 total
- age   8:    2053088 bytes,   15138128 total
: 37018K->17737K(109248K), 0.0111000 secs] 284916K->265651K(502464K), 0.0112198 secs] [Times: user=0.06 sys=0.00, real=0.01 secs] 
Heap after GC invocations=667 (full 97):
 par new generation   total 109248K, used 17737K [0x00000000e0000000, 0x00000000e8000000, 0x00000000e8000000)
  eden space 87424K,   0% used [0x00000000e0000000, 0x00000000e0000000, 0x00000000e5560000)
  from space 21824K,  81% used [0x00000000e6ab0000, 0x00000000e7c026a0, 0x00000000e8000000)
  to   space 21824K,   0% used [0x00000000e5560000, 0x00000000e5560000, 0x00000000e6ab0000)
 concurrent mark-sweep generation total 393216K, used 247913K [0x00000000e8000000, 0x0000000100000000, 0x0000000100000000)
 Metaspace       used 44026K, capacity 45305K, committed 45632K, reserved 1089536K
  class space    used 5315K, capacity 5618K, committed 5732K, reserved 1048576K
}
2019-02-22T17:27:13.206-0700: 81529.571: [Rescan (parallel) , 0.0117071 secs]2019-02-22T17:27:13.218-0700: 81529.583: [weak refs processing, 0.0005603 secs]2019-02-22T17:27:13.218-0700: 81529.583: [class unloading, 0.0155718 secs]2019-02-22T17:27:13.234-0700: 81529.599: [scrub symbol table, 0.0188782 secs]2019-02-22T17:27:13.252-0700: 81529.618: [scrub string table, 0.0007557 secs][1 CMS-remark: 247913K(393216K)] 265651K(502464K), 0.0592927 secs] [Times: user=0.11 sys=0.00, real=0.06 secs] 
2019-02-22T17:27:13.253-0700: 81529.619: Total time for which application threads were stopped: 0.0599954 seconds, Stopping threads took: 0.0002658 seconds
2019-02-22T17:27:13.253-0700: 81529.619: [CMS-concurrent-sweep-start]
{Heap before GC invocations=667 (full 97):
 par new generation   total 109248K, used 105161K [0x00000000e0000000, 0x00000000e8000000, 0x00000000e8000000)
  eden space 87424K, 100% used [0x00000000e0000000, 0x00000000e5560000, 0x00000000e5560000)
  from space 21824K,  81% used [0x00000000e6ab0000, 0x00000000e7c026a0, 0x00000000e8000000)
  to   space 21824K,   0% used [0x00000000e5560000, 0x00000000e5560000, 0x00000000e6ab0000)
 concurrent mark-sweep generation total 393216K, used 247762K [0x00000000e8000000, 0x0000000100000000, 0x0000000100000000)
 Metaspace       used 44026K, capacity 45305K, committed 45632K, reserved 1089536K
  class space    used 5315K, capacity 5618K, committed 5732K, reserved 1048576K
2019-02-22T17:27:13.304-0700: 81529.670: [GC (Allocation Failure) 2019-02-22T17:27:13.305-0700: 81529.670: [ParNew
Desired survivor size 20112992 bytes, new threshold 8 (max 8)
- age   1:    3525320 bytes,    3525320 total
- age   2:     335792 bytes,    3861112 total
- age   3:    1086504 bytes,    4947616 total
- age   4:    3456432 bytes,    8404048 total
- age   5:    1726520 bytes,   10130568 total
- age   6:    1444520 bytes,   11575088 total
- age   7:    1437584 bytes,   13012672 total
- age   8:    1255968 bytes,   14268640 total
: 105161K->21824K(109248K), 0.0225845 secs] 352924K->271574K(502464K), 0.0226971 secs] [Times: user=0.06 sys=0.00, real=0.02 secs] 
Heap after GC invocations=668 (full 97):
 par new generation   total 109248K, used 21824K [0x00000000e0000000, 0x00000000e8000000, 0x00000000e8000000)
  eden space 87424K,   0% used [0x00000000e0000000, 0x00000000e0000000, 0x00000000e5560000)
  from space 21824K, 100% used [0x00000000e5560000, 0x00000000e6ab0000, 0x00000000e6ab0000)
  to   space 21824K,   0% used [0x00000000e6ab0000, 0x00000000e6ab0000, 0x00000000e8000000)
 concurrent mark-sweep generation total 393216K, used 249750K [0x00000000e8000000, 0x0000000100000000, 0x0000000100000000)
 Metaspace       used 44026K, capacity 45305K, committed 45632K, reserved 1089536K
  class space    used 5315K, capacity 5618K, committed 5732K, reserved 1048576K
}
2019-02-22T17:27:13.327-0700: 81529.692: Total time for which application threads were stopped: 0.0232723 seconds, Stopping threads took: 0.0000848 seconds
{Heap before GC invocations=668 (full 97):
 par new generation   total 109248K, used 109248K [0x00000000e0000000, 0x00000000e8000000, 0x00000000e8000000)
  eden space 87424K, 100% used [0x00000000e0000000, 0x00000000e5560000, 0x00000000e5560000)
  from space 21824K, 100% used [0x00000000e5560000, 0x00000000e6ab0000, 0x00000000e6ab0000)
  to   space 21824K,   0% used [0x00000000e6ab0000, 0x00000000e6ab0000, 0x00000000e8000000)
 concurrent mark-sweep generation total 393216K, used 249613K [0x00000000e8000000, 0x0000000100000000, 0x0000000100000000)
 Metaspace       used 44026K, capacity 45305K, committed 45632K, reserved 1089536K
  class space    used 5315K, capacity 5618K, committed 5732K, reserved 1048576K
2019-02-22T17:27:13.345-0700: 81529.711: [GC (Allocation Failure) 2019-02-22T17:27:13.345-0700: 81529.711: [ParNew
Desired survivor size 20112992 bytes, new threshold 8 (max 8)
- age   1:    1950848 bytes,    1950848 total
- age   2:    2519704 bytes,    4470552 total
- age   3:     335792 bytes,    4806344 total
- age   4:    1086504 bytes,    5892848 total
- age   5:    3059224 bytes,    8952072 total
- age   6:    1725192 bytes,   10677264 total
- age   7:    1442184 bytes,   12119448 total
- age   8:    1423376 bytes,   13542824 total
: 109248K->15040K(109248K), 0.0156113 secs] 358861K->265879K(502464K), 0.0158848 secs] [Times: user=0.05 sys=0.00, real=0.02 secs] 
Heap after GC invocations=669 (full 97):
 par new generation   total 109248K, used 15040K [0x00000000e0000000, 0x00000000e8000000, 0x00000000e8000000)
  eden space 87424K,   0% used [0x00000000e0000000, 0x00000000e0000000, 0x00000000e5560000)
  from space 21824K,  68% used [0x00000000e6ab0000, 0x00000000e7960398, 0x00000000e8000000)
  to   space 21824K,   0% used [0x00000000e5560000, 0x00000000e5560000, 0x00000000e6ab0000)
 concurrent mark-sweep generation total 393216K, used 250838K [0x00000000e8000000, 0x0000000100000000, 0x0000000100000000)
 Metaspace       used 44026K, capacity 45305K, committed 45632K, reserved 1089536K
  class space    used 5315K, capacity 5618K, committed 5732K, reserved 1048576K
}
2019-02-22T17:27:13.361-0700: 81529.727: Total time for which application threads were stopped: 0.0174023 seconds, Stopping threads took: 0.0002174 seconds
{Heap before GC invocations=669 (full 97):
 par new generation   total 109248K, used 102256K [0x00000000e0000000, 0x00000000e8000000, 0x00000000e8000000)
  eden space 87424K,  99% used [0x00000000e0000000, 0x00000000e552bce0, 0x00000000e5560000)
  from space 21824K,  68% used [0x00000000e6ab0000, 0x00000000e7960398, 0x00000000e8000000)
  to   space 21824K,   0% used [0x00000000e5560000, 0x00000000e5560000, 0x00000000e6ab0000)
 concurrent mark-sweep generation total 393216K, used 250680K [0x00000000e8000000, 0x0000000100000000, 0x0000000100000000)
 Metaspace       used 44026K, capacity 45305K, committed 45632K, reserved 1089536K
  class space    used 5315K, capacity 5618K, committed 5732K, reserved 1048576K
2019-02-22T17:27:13.371-0700: 81529.737: [GC (Allocation Failure) 2019-02-22T17:27:13.372-0700: 81529.737: [ParNew
Desired survivor size 20112992 bytes, new threshold 8 (max 8)
- age   1:     636000 bytes,     636000 total
- age   2:    1028288 bytes,    1664288 total
- age   3:    2552032 bytes,    4216320 total
- age   4:     335792 bytes,    4552112 total
- age   5:    1086440 bytes,    5638552 total
- age   6:    1050224 bytes,    6688776 total
- age   7:    1757976 bytes,    8446752 total
- age   8:    1442184 bytes,    9888936 total
: 102256K->11590K(109248K), 0.0118541 secs] 352936K->263643K(502464K), 0.0119744 secs] [Times: user=0.06 sys=0.00, real=0.01 secs] 
Heap after GC invocations=670 (full 97):
 par new generation   total 109248K, used 11590K [0x00000000e0000000, 0x00000000e8000000, 0x00000000e8000000)
  eden space 87424K,   0% used [0x00000000e0000000, 0x00000000e0000000, 0x00000000e5560000)
  from space 21824K,  53% used [0x00000000e5560000, 0x00000000e60b1940, 0x00000000e6ab0000)
  to   space 21824K,   0% used [0x00000000e6ab0000, 0x00000000e6ab0000, 0x00000000e8000000)
 concurrent mark-sweep generation total 393216K, used 252053K [0x00000000e8000000, 0x0000000100000000, 0x0000000100000000)
 Metaspace       used 44026K, capacity 45305K, committed 45632K, reserved 1089536K
  class space    used 5315K, capacity 5618K, committed 5732K, reserved 1048576K
}
2019-02-22T17:27:13.384-0700: 81529.749: Total time for which application threads were stopped: 0.0125486 seconds, Stopping threads took: 0.0000920 seconds
2019-02-22T17:27:13.465-0700: 81529.831: [CMS-concurrent-sweep: 0.159/0.212 secs] [Times: user=0.78 sys=0.00, real=0.21 secs] 
2019-02-22T17:27:13.465-0700: 81529.831: [CMS-concurrent-reset-start]
2019-02-22T17:27:13.466-0700: 81529.831: [CMS-concurrent-reset: 0.001/0.001 secs] [Times: user=0.00 sys=0.00, real=0.00 secs] 
{Heap before GC invocations=670 (full 97):
 par new generation   total 109248K, used 99014K [0x00000000e0000000, 0x00000000e8000000, 0x00000000e8000000)
  eden space 87424K, 100% used [0x00000000e0000000, 0x00000000e5560000, 0x00000000e5560000)
  from space 21824K,  53% used [0x00000000e5560000, 0x00000000e60b1940, 0x00000000e6ab0000)
  to   space 21824K,   0% used [0x00000000e6ab0000, 0x00000000e6ab0000, 0x00000000e8000000)
 concurrent mark-sweep generation total 393216K, used 250245K [0x00000000e8000000, 0x0000000100000000, 0x0000000100000000)
 Metaspace       used 44026K, capacity 45305K, committed 45632K, reserved 1089536K
  class space    used 5315K, capacity 5618K, committed 5732K, reserved 1048576K
2019-02-22T17:27:13.478-0700: 81529.844: [GC (Allocation Failure) 2019-02-22T17:27:13.478-0700: 81529.844: [ParNew
Desired survivor size 20112992 bytes, new threshold 8 (max 8)
- age   1:    2309136 bytes,    2309136 total
- age   2:     121840 bytes,    2430976 total
- age   3:     642416 bytes,    3073392 total
- age   4:    2486176 bytes,    5559568 total
- age   5:     235120 bytes,    5794688 total
- age   6:     905992 bytes,    6700680 total
- age   7:     958416 bytes,    7659096 total
- age   8:    1705168 bytes,    9364264 total
: 99014K->10091K(109248K), 0.0107227 secs] 349260K->261663K(502464K), 0.0108337 secs] [Times: user=0.06 sys=0.00, real=0.01 secs] 
Heap after GC invocations=671 (full 97):
 par new generation   total 109248K, used 10091K [0x00000000e0000000, 0x00000000e8000000, 0x00000000e8000000)
  eden space 87424K,   0% used [0x00000000e0000000, 0x00000000e0000000, 0x00000000e5560000)
  from space 21824K,  46% used [0x00000000e6ab0000, 0x00000000e748ade0, 0x00000000e8000000)
  to   space 21824K,   0% used [0x00000000e5560000, 0x00000000e5560000, 0x00000000e6ab0000)
 concurrent mark-sweep generation total 393216K, used 251572K [0x00000000e8000000, 0x0000000100000000, 0x0000000100000000)
 Metaspace       used 44026K, capacity 45305K, committed 45632K, reserved 1089536K
  class space    used 5315K, capacity 5618K, committed 5732K, reserved 1048576K
}
2019-02-22T17:27:13.489-0700: 81529.854: Total time for which application threads were stopped: 0.0114691 seconds, Stopping threads took: 0.0000936 seconds
2019-02-22T17:27:13.489-0700: 81529.855: [GC (CMS Initial Mark) [1 CMS-initial-mark: 251572K(393216K)] 262396K(502464K), 0.0020315 secs] [Times: user=0.00 sys=0.00, real=0.00 secs] 
2019-02-22T17:27:13.491-0700: 81529.857: Total time for which application threads were stopped: 0.0023801 seconds, Stopping threads took: 0.0000843 seconds
2019-02-22T17:27:13.491-0700: 81529.857: [CMS-concurrent-mark-start]
2019-02-22T17:27:13.550-0700: 81529.915: Total time for which application threads were stopped: 0.0003747 seconds, Stopping threads took: 0.0000730 seconds
2019-02-22T17:27:13.551-0700: 81529.916: Total time for which application threads were stopped: 0.0003629 seconds, Stopping threads took: 0.0000725 seconds
2019-02-22T17:27:13.589-0700: 81529.954: [CMS-concurrent-mark: 0.095/0.097 secs] [Times: user=0.53 sys=0.02, real=0.10 secs] 
2019-02-22T17:27:13.589-0700: 81529.954: [CMS-concurrent-preclean-start]
2019-02-22T17:27:13.591-0700: 81529.956: Total time for which application threads were stopped: 0.0004159 seconds, Stopping threads took: 0.0000704 seconds
2019-02-22T17:27:13.592-0700: 81529.957: Total time for which application threads were stopped: 0.0003917 seconds, Stopping threads took: 0.0000812 seconds
2019-02-22T17:27:13.595-0700: 81529.961: Total time for which application threads were stopped: 0.0005809 seconds, Stopping threads took: 0.0002401 seconds
2019-02-22T17:27:13.599-0700: 81529.964: Total time for which application threads were stopped: 0.0004519 seconds, Stopping threads took: 0.0000869 seconds
2019-02-22T17:27:13.603-0700: 81529.968: Total time for which application threads were stopped: 0.0004755 seconds, Stopping threads took: 0.0000833 seconds
2019-02-22T17:27:13.604-0700: 81529.970: Total time for which application threads were stopped: 0.0003598 seconds, Stopping threads took: 0.0000709 seconds
2019-02-22T17:27:13.606-0700: 81529.971: Total time for which application threads were stopped: 0.0004164 seconds, Stopping threads took: 0.0000771 seconds
2019-02-22T17:27:13.606-0700: 81529.972: [CMS-concurrent-preclean: 0.014/0.018 secs] [Times: user=0.05 sys=0.00, real=0.02 secs] 
2019-02-22T17:27:13.606-0700: 81529.972: [CMS-concurrent-abortable-preclean-start]
{Heap before GC invocations=671 (full 98):
 par new generation   total 109248K, used 97515K [0x00000000e0000000, 0x00000000e8000000, 0x00000000e8000000)
  eden space 87424K, 100% used [0x00000000e0000000, 0x00000000e5560000, 0x00000000e5560000)
  from space 21824K,  46% used [0x00000000e6ab0000, 0x00000000e748ade0, 0x00000000e8000000)
  to   space 21824K,   0% used [0x00000000e5560000, 0x00000000e5560000, 0x00000000e6ab0000)
 concurrent mark-sweep generation total 393216K, used 251572K [0x00000000e8000000, 0x0000000100000000, 0x0000000100000000)
 Metaspace       used 44026K, capacity 45305K, committed 45632K, reserved 1089536K
  class space    used 5315K, capacity 5618K, committed 5732K, reserved 1048576K
2019-02-22T17:27:13.619-0700: 81529.984: [GC (Allocation Failure) 2019-02-22T17:27:13.619-0700: 81529.985: [ParNew
Desired survivor size 20112992 bytes, new threshold 8 (max 8)
- age   1:    1383312 bytes,    1383312 total
- age   2:    1321464 bytes,    2704776 total
- age   3:      35320 bytes,    2740096 total
- age   4:     263760 bytes,    3003856 total
- age   5:    2463896 bytes,    5467752 total
- age   6:     235120 bytes,    5702872 total
- age   7:     874592 bytes,    6577464 total
- age   8:     955344 bytes,    7532808 total
: 97515K->9381K(109248K), 0.0114182 secs] 349087K->262607K(502464K), 0.0115087 secs] [Times: user=0.05 sys=0.00, real=0.01 secs] 
Heap after GC invocations=672 (full 98):
 par new generation   total 109248K, used 9381K [0x00000000e0000000, 0x00000000e8000000, 0x00000000e8000000)
  eden space 87424K,   0% used [0x00000000e0000000, 0x00000000e0000000, 0x00000000e5560000)
  from space 21824K,  42% used [0x00000000e5560000, 0x00000000e5e89600, 0x00000000e6ab0000)
  to   space 21824K,   0% used [0x00000000e6ab0000, 0x00000000e6ab0000, 0x00000000e8000000)
 concurrent mark-sweep generation total 393216K, used 253226K [0x00000000e8000000, 0x0000000100000000, 0x0000000100000000)
 Metaspace       used 44026K, capacity 45305K, committed 45632K, reserved 1089536K
  class space    used 5315K, capacity 5618K, committed 5732K, reserved 1048576K
}
2019-02-22T17:27:13.630-0700: 81529.996: Total time for which application threads were stopped: 0.0119143 seconds, Stopping threads took: 0.0000432 seconds
2019-02-22T17:27:13.715-0700: 81530.080: [CMS-concurrent-abortable-preclean: 0.093/0.108 secs] [Times: user=0.28 sys=0.05, real=0.11 secs] 
2019-02-22T17:27:13.715-0700: 81530.081: [GC (CMS Final Remark) [YG occupancy: 77422 K (109248 K)]{Heap before GC invocations=672 (full 98):
 par new generation   total 109248K, used 77422K [0x00000000e0000000, 0x00000000e8000000, 0x00000000e8000000)
  eden space 87424K,  77% used [0x00000000e0000000, 0x00000000e4272238, 0x00000000e5560000)
  from space 21824K,  42% used [0x00000000e5560000, 0x00000000e5e89600, 0x00000000e6ab0000)
  to   space 21824K,   0% used [0x00000000e6ab0000, 0x00000000e6ab0000, 0x00000000e8000000)
 concurrent mark-sweep generation total 393216K, used 253226K [0x00000000e8000000, 0x0000000100000000, 0x0000000100000000)
 Metaspace       used 44026K, capacity 45305K, committed 45632K, reserved 1089536K
  class space    used 5315K, capacity 5618K, committed 5732K, reserved 1048576K
2019-02-22T17:27:13.715-0700: 81530.081: [GC (CMS Final Remark) 2019-02-22T17:27:13.715-0700: 81530.081: [ParNew
Desired survivor size 20112992 bytes, new threshold 8 (max 8)
- age   1:    4807168 bytes,    4807168 total
- age   2:     877784 bytes,    5684952 total
- age   3:     885256 bytes,    6570208 total
- age   4:      35320 bytes,    6605528 total
- age   5:     250616 bytes,    6856144 total
- age   6:    2200368 bytes,    9056512 total
- age   7:     235120 bytes,    9291632 total
- age   8:     874592 bytes,   10166224 total
: 77422K->11429K(109248K), 0.0145020 secs] 330648K->265589K(502464K), 0.0145956 secs] [Times: user=0.06 sys=0.00, real=0.02 secs] 
Heap after GC invocations=673 (full 98):
 par new generation   total 109248K, used 11429K [0x00000000e0000000, 0x00000000e8000000, 0x00000000e8000000)
  eden space 87424K,   0% used [0x00000000e0000000, 0x00000000e0000000, 0x00000000e5560000)
  from space 21824K,  52% used [0x00000000e6ab0000, 0x00000000e75d97b8, 0x00000000e8000000)
  to   space 21824K,   0% used [0x00000000e5560000, 0x00000000e5560000, 0x00000000e6ab0000)
 concurrent mark-sweep generation total 393216K, used 254159K [0x00000000e8000000, 0x0000000100000000, 0x0000000100000000)
 Metaspace       used 44026K, capacity 45305K, committed 45632K, reserved 1089536K
  class space    used 5315K, capacity 5618K, committed 5732K, reserved 1048576K
}
2019-02-22T17:27:13.730-0700: 81530.096: [Rescan (parallel) , 0.0078537 secs]2019-02-22T17:27:13.738-0700: 81530.103: [weak refs processing, 0.0008955 secs]2019-02-22T17:27:13.739-0700: 81530.104: [class unloading, 0.0174810 secs]2019-02-22T17:27:13.757-0700: 81530.122: [scrub symbol table, 0.0174059 secs]2019-02-22T17:27:13.773-0700: 81530.139: [scrub string table, 0.0017648 secs][1 CMS-remark: 254159K(393216K)] 265589K(502464K), 0.0605665 secs] [Times: user=0.16 sys=0.00, real=0.06 secs] 
2019-02-22T17:27:13.776-0700: 81530.141: Total time for which application threads were stopped: 0.0610364 seconds, Stopping threads took: 0.0001049 seconds
2019-02-22T17:27:13.776-0700: 81530.141: [CMS-concurrent-sweep-start]
{Heap before GC invocations=673 (full 98):
 par new generation   total 109248K, used 98401K [0x00000000e0000000, 0x00000000e8000000, 0x00000000e8000000)
  eden space 87424K,  99% used [0x00000000e0000000, 0x00000000e54eefd0, 0x00000000e5560000)
  from space 21824K,  52% used [0x00000000e6ab0000, 0x00000000e75d97b8, 0x00000000e8000000)
  to   space 21824K,   0% used [0x00000000e5560000, 0x00000000e5560000, 0x00000000e6ab0000)
 concurrent mark-sweep generation total 393216K, used 251709K [0x00000000e8000000, 0x0000000100000000, 0x0000000100000000)
 Metaspace       used 44026K, capacity 45305K, committed 45632K, reserved 1089536K
  class space    used 5315K, capacity 5618K, committed 5732K, reserved 1048576K
2019-02-22T17:27:13.826-0700: 81530.191: [GC (Allocation Failure) 2019-02-22T17:27:13.826-0700: 81530.191: [ParNew
Desired survivor size 20112992 bytes, new threshold 6 (max 8)
- age   1:   14627976 bytes,   14627976 total
- age   2:    4117072 bytes,   18745048 total
- age   3:     397336 bytes,   19142384 total
- age   4:     871952 bytes,   20014336 total
- age   5:      32576 bytes,   20046912 total
- age   6:     249776 bytes,   20296688 total
- age   7:    1703536 bytes,   22000224 total
- age   8:     235120 bytes,   22235344 total
: 98401K->21824K(109248K), 0.0304711 secs] 350111K->292767K(502464K), 0.0306629 secs] [Times: user=0.13 sys=0.00, real=0.03 secs] 
Heap after GC invocations=674 (full 98):
 par new generation   total 109248K, used 21824K [0x00000000e0000000, 0x00000000e8000000, 0x00000000e8000000)
  eden space 87424K,   0% used [0x00000000e0000000, 0x00000000e0000000, 0x00000000e5560000)
  from space 21824K, 100% used [0x00000000e5560000, 0x00000000e6ab0000, 0x00000000e6ab0000)
  to   space 21824K,   0% used [0x00000000e6ab0000, 0x00000000e6ab0000, 0x00000000e8000000)
 concurrent mark-sweep generation total 393216K, used 270943K [0x00000000e8000000, 0x0000000100000000, 0x0000000100000000)
 Metaspace       used 44026K, capacity 45305K, committed 45632K, reserved 1089536K
  class space    used 5315K, capacity 5618K, committed 5732K, reserved 1048576K
}
2019-02-22T17:27:13.856-0700: 81530.222: Total time for which application threads were stopped: 0.0312196 seconds, Stopping threads took: 0.0000807 seconds
{Heap before GC invocations=674 (full 98):
 par new generation   total 109248K, used 109248K [0x00000000e0000000, 0x00000000e8000000, 0x00000000e8000000)
  eden space 87424K, 100% used [0x00000000e0000000, 0x00000000e5560000, 0x00000000e5560000)
  from space 21824K, 100% used [0x00000000e5560000, 0x00000000e6ab0000, 0x00000000e6ab0000)
  to   space 21824K,   0% used [0x00000000e6ab0000, 0x00000000e6ab0000, 0x00000000e8000000)
 concurrent mark-sweep generation total 393216K, used 270293K [0x00000000e8000000, 0x0000000100000000, 0x0000000100000000)
 Metaspace       used 44026K, capacity 45305K, committed 45632K, reserved 1089536K
  class space    used 5315K, capacity 5618K, committed 5732K, reserved 1048576K
2019-02-22T17:27:13.868-0700: 81530.233: [GC (Allocation Failure) 2019-02-22T17:27:13.868-0700: 81530.233: [ParNew
Desired survivor size 20112992 bytes, new threshold 4 (max 8)
- age   1:    4326464 bytes,    4326464 total
- age   2:   11766072 bytes,   16092536 total
- age   3:    3983216 bytes,   20075752 total
- age   4:     397336 bytes,   20473088 total
- age   5:     712408 bytes,   21185496 total
- age   6:      32576 bytes,   21218072 total
: 109248K->21824K(109248K), 0.0187373 secs] 379541K->295075K(502464K), 0.0188663 secs] [Times: user=0.06 sys=0.00, real=0.02 secs] 
Heap after GC invocations=675 (full 98):
 par new generation   total 109248K, used 21824K [0x00000000e0000000, 0x00000000e8000000, 0x00000000e8000000)
  eden space 87424K,   0% used [0x00000000e0000000, 0x00000000e0000000, 0x00000000e5560000)
  from space 21824K, 100% used [0x00000000e6ab0000, 0x00000000e8000000, 0x00000000e8000000)
  to   space 21824K,   0% used [0x00000000e5560000, 0x00000000e5560000, 0x00000000e6ab0000)
 concurrent mark-sweep generation total 393216K, used 273251K [0x00000000e8000000, 0x0000000100000000, 0x0000000100000000)
 Metaspace       used 44026K, capacity 45305K, committed 45632K, reserved 1089536K
  class space    used 5315K, capacity 5618K, committed 5732K, reserved 1048576K
}
2019-02-22T17:27:13.886-0700: 81530.252: Total time for which application threads were stopped: 0.0196189 seconds, Stopping threads took: 0.0001516 seconds
{Heap before GC invocations=675 (full 98):
 par new generation   total 109248K, used 109013K [0x00000000e0000000, 0x00000000e8000000, 0x00000000e8000000)
  eden space 87424K,  99% used [0x00000000e0000000, 0x00000000e55254d8, 0x00000000e5560000)
  from space 21824K, 100% used [0x00000000e6ab0000, 0x00000000e8000000, 0x00000000e8000000)
  to   space 21824K,   0% used [0x00000000e5560000, 0x00000000e5560000, 0x00000000e6ab0000)
 concurrent mark-sweep generation total 393216K, used 272330K [0x00000000e8000000, 0x0000000100000000, 0x0000000100000000)
 Metaspace       used 44026K, capacity 45305K, committed 45632K, reserved 1089536K
  class space    used 5315K, capacity 5618K, committed 5732K, reserved 1048576K
2019-02-22T17:27:13.898-0700: 81530.263: [GC (Allocation Failure) 2019-02-22T17:27:13.898-0700: 81530.263: [ParNew
Desired survivor size 20112992 bytes, new threshold 4 (max 8)
- age   1:    4997256 bytes,    4997256 total
- age   2:    3397872 bytes,    8395128 total
- age   3:    9420792 bytes,   17815920 total
- age   4:    3976296 bytes,   21792216 total
: 109013K->21824K(109248K), 0.0186083 secs] 381343K->296610K(502464K), 0.0187178 secs] [Times: user=0.06 sys=0.00, real=0.02 secs] 
Heap after GC invocations=676 (full 98):
 par new generation   total 109248K, used 21824K [0x00000000e0000000, 0x00000000e8000000, 0x00000000e8000000)
  eden space 87424K,   0% used [0x00000000e0000000, 0x00000000e0000000, 0x00000000e5560000)
  from space 21824K, 100% used [0x00000000e5560000, 0x00000000e6ab0000, 0x00000000e6ab0000)
  to   space 21824K,   0% used [0x00000000e6ab0000, 0x00000000e6ab0000, 0x00000000e8000000)
 concurrent mark-sweep generation total 393216K, used 274786K [0x00000000e8000000, 0x0000000100000000, 0x0000000100000000)
 Metaspace       used 44026K, capacity 45305K, committed 45632K, reserved 1089536K
  class space    used 5315K, capacity 5618K, committed 5732K, reserved 1048576K
}
2019-02-22T17:27:13.917-0700: 81530.282: Total time for which application threads were stopped: 0.0192812 seconds, Stopping threads took: 0.0001069 seconds
{Heap before GC invocations=676 (full 98):
 par new generation   total 109248K, used 109248K [0x00000000e0000000, 0x00000000e8000000, 0x00000000e8000000)
  eden space 87424K, 100% used [0x00000000e0000000, 0x00000000e5560000, 0x00000000e5560000)
  from space 21824K, 100% used [0x00000000e5560000, 0x00000000e6ab0000, 0x00000000e6ab0000)
  to   space 21824K,   0% used [0x00000000e6ab0000, 0x00000000e6ab0000, 0x00000000e8000000)
 concurrent mark-sweep generation total 393216K, used 268516K [0x00000000e8000000, 0x0000000100000000, 0x0000000100000000)
 Metaspace       used 44026K, capacity 45305K, committed 45632K, reserved 1089536K
  class space    used 5315K, capacity 5618K, committed 5732K, reserved 1048576K
2019-02-22T17:27:13.969-0700: 81530.334: [GC (Allocation Failure) 2019-02-22T17:27:13.969-0700: 81530.334: [ParNew
Desired survivor size 20112992 bytes, new threshold 4 (max 8)
- age   1:    7463072 bytes,    7463072 total
- age   2:    4269232 bytes,   11732304 total
- age   3:    2382536 bytes,   14114840 total
- age   4:    6504896 bytes,   20619736 total
: 109248K->21824K(109248K), 0.0324343 secs] 377764K->305813K(502464K), 0.0325567 secs] [Times: user=0.08 sys=0.00, real=0.03 secs] 
Heap after GC invocations=677 (full 98):
 par new generation   total 109248K, used 21824K [0x00000000e0000000, 0x00000000e8000000, 0x00000000e8000000)
  eden space 87424K,   0% used [0x00000000e0000000, 0x00000000e0000000, 0x00000000e5560000)
  from space 21824K, 100% used [0x00000000e6ab0000, 0x00000000e8000000, 0x00000000e8000000)
  to   space 21824K,   0% used [0x00000000e5560000, 0x00000000e5560000, 0x00000000e6ab0000)
 concurrent mark-sweep generation total 393216K, used 283989K [0x00000000e8000000, 0x0000000100000000, 0x0000000100000000)
 Metaspace       used 44026K, capacity 45305K, committed 45632K, reserved 1089536K
  class space    used 5315K, capacity 5618K, committed 5732K, reserved 1048576K
}
2019-02-22T17:27:14.001-0700: 81530.367: Total time for which application threads were stopped: 0.0332871 seconds, Stopping threads took: 0.0001167 seconds
2019-02-22T17:27:14.012-0700: 81530.377: [CMS-concurrent-sweep: 0.132/0.236 secs] [Times: user=0.83 sys=0.03, real=0.24 secs] 
2019-02-22T17:27:14.012-0700: 81530.377: [CMS-concurrent-reset-start]
2019-02-22T17:27:14.012-0700: 81530.378: [CMS-concurrent-reset: 0.001/0.001 secs] [Times: user=0.00 sys=0.00, real=0.00 secs] 
{Heap before GC invocations=677 (full 98):
 par new generation   total 109248K, used 109084K [0x00000000e0000000, 0x00000000e8000000, 0x00000000e8000000)
  eden space 87424K,  99% used [0x00000000e0000000, 0x00000000e5537378, 0x00000000e5560000)
  from space 21824K, 100% used [0x00000000e6ab0000, 0x00000000e8000000, 0x00000000e8000000)
  to   space 21824K,   0% used [0x00000000e5560000, 0x00000000e5560000, 0x00000000e6ab0000)
 concurrent mark-sweep generation total 393216K, used 280431K [0x00000000e8000000, 0x0000000100000000, 0x0000000100000000)
 Metaspace       used 44026K, capacity 45305K, committed 45632K, reserved 1089536K
  class space    used 5315K, capacity 5618K, committed 5732K, reserved 1048576K
2019-02-22T17:27:14.070-0700: 81530.435: [GC (Allocation Failure) 2019-02-22T17:27:14.070-0700: 81530.435: [ParNew
Desired survivor size 20112992 bytes, new threshold 8 (max 8)
- age   1:    5481272 bytes,    5481272 total
- age   2:    5993592 bytes,   11474864 total
- age   3:    4236040 bytes,   15710904 total
- age   4:    2412224 bytes,   18123128 total
: 109084K->21824K(109248K), 0.0219203 secs] 389516K->307794K(502464K), 0.0220190 secs] [Times: user=0.06 sys=0.00, real=0.02 secs] 
Heap after GC invocations=678 (full 98):
 par new generation   total 109248K, used 21824K [0x00000000e0000000, 0x00000000e8000000, 0x00000000e8000000)
  eden space 87424K,   0% used [0x00000000e0000000, 0x00000000e0000000, 0x00000000e5560000)
  from space 21824K, 100% used [0x00000000e5560000, 0x00000000e6ab0000, 0x00000000e6ab0000)
  to   space 21824K,   0% used [0x00000000e6ab0000, 0x00000000e6ab0000, 0x00000000e8000000)
 concurrent mark-sweep generation total 393216K, used 285970K [0x00000000e8000000, 0x0000000100000000, 0x0000000100000000)
 Metaspace       used 44026K, capacity 45305K, committed 45632K, reserved 1089536K
  class space    used 5315K, capacity 5618K, committed 5732K, reserved 1048576K
}
2019-02-22T17:27:14.092-0700: 81530.457: Total time for which application threads were stopped: 0.0224694 seconds, Stopping threads took: 0.0000925 seconds
2019-02-22T17:27:14.092-0700: 81530.458: [GC (CMS Initial Mark) [1 CMS-initial-mark: 285970K(393216K)] 309349K(502464K), 0.0026016 secs] [Times: user=0.06 sys=0.00, real=0.00 secs] 
2019-02-22T17:27:14.095-0700: 81530.460: Total time for which application threads were stopped: 0.0029461 seconds, Stopping threads took: 0.0000684 seconds
2019-02-22T17:27:14.095-0700: 81530.460: [CMS-concurrent-mark-start]
{Heap before GC invocations=678 (full 99):
 par new generation   total 109248K, used 108881K [0x00000000e0000000, 0x00000000e8000000, 0x00000000e8000000)
  eden space 87424K,  99% used [0x00000000e0000000, 0x00000000e5504798, 0x00000000e5560000)
  from space 21824K, 100% used [0x00000000e5560000, 0x00000000e6ab0000, 0x00000000e6ab0000)
  to   space 21824K,   0% used [0x00000000e6ab0000, 0x00000000e6ab0000, 0x00000000e8000000)
 concurrent mark-sweep generation total 393216K, used 285970K [0x00000000e8000000, 0x0000000100000000, 0x0000000100000000)
 Metaspace       used 44026K, capacity 45305K, committed 45632K, reserved 1089536K
  class space    used 5315K, capacity 5618K, committed 5732K, reserved 1048576K
2019-02-22T17:27:14.107-0700: 81530.472: [GC (Allocation Failure) 2019-02-22T17:27:14.107-0700: 81530.472: [ParNew
Desired survivor size 20112992 bytes, new threshold 8 (max 8)
- age   1:     929168 bytes,     929168 total
- age   2:    4605160 bytes,    5534328 total
- age   3:    6024888 bytes,   11559216 total
- age   4:    4236040 bytes,   15795256 total
- age   5:    2411432 bytes,   18206688 total
: 108881K->21824K(109248K), 0.0105160 secs] 394852K->307858K(502464K), 0.0106183 secs] [Times: user=0.06 sys=0.00, real=0.01 secs] 
Heap after GC invocations=679 (full 99):
 par new generation   total 109248K, used 21824K [0x00000000e0000000, 0x00000000e8000000, 0x00000000e8000000)
  eden space 87424K,   0% used [0x00000000e0000000, 0x00000000e0000000, 0x00000000e5560000)
  from space 21824K, 100% used [0x00000000e6ab0000, 0x00000000e8000000, 0x00000000e8000000)
  to   space 21824K,   0% used [0x00000000e5560000, 0x00000000e5560000, 0x00000000e6ab0000)
 concurrent mark-sweep generation total 393216K, used 286034K [0x00000000e8000000, 0x0000000100000000, 0x0000000100000000)
 Metaspace       used 44026K, capacity 45305K, committed 45632K, reserved 1089536K
  class space    used 5315K, capacity 5618K, committed 5732K, reserved 1048576K
}
2019-02-22T17:27:14.118-0700: 81530.483: Total time for which application threads were stopped: 0.0113755 seconds, Stopping threads took: 0.0003167 seconds
2019-02-22T17:27:14.200-0700: 81530.565: [CMS-concurrent-mark: 0.093/0.104 secs] [Times: user=0.42 sys=0.00, real=0.11 secs] 
2019-02-22T17:27:14.200-0700: 81530.565: [CMS-concurrent-preclean-start]
2019-02-22T17:27:14.231-0700: 81530.596: [CMS-concurrent-preclean: 0.029/0.031 secs] [Times: user=0.05 sys=0.00, real=0.03 secs] 
2019-02-22T17:27:14.231-0700: 81530.596: [CMS-concurrent-abortable-preclean-start]
{Heap before GC invocations=679 (full 99):
 par new generation   total 109248K, used 109248K [0x00000000e0000000, 0x00000000e8000000, 0x00000000e8000000)
  eden space 87424K, 100% used [0x00000000e0000000, 0x00000000e5560000, 0x00000000e5560000)
  from space 21824K, 100% used [0x00000000e6ab0000, 0x00000000e8000000, 0x00000000e8000000)
  to   space 21824K,   0% used [0x00000000e5560000, 0x00000000e5560000, 0x00000000e6ab0000)
 concurrent mark-sweep generation total 393216K, used 286034K [0x00000000e8000000, 0x0000000100000000, 0x0000000100000000)
 Metaspace       used 44026K, capacity 45305K, committed 45632K, reserved 1089536K
  class space    used 5315K, capacity 5618K, committed 5732K, reserved 1048576K
2019-02-22T17:27:14.262-0700: 81530.628: [GC (Allocation Failure) 2019-02-22T17:27:14.262-0700: 81530.628: [ParNew
Desired survivor size 20112992 bytes, new threshold 8 (max 8)
- age   1:    5002136 bytes,    5002136 total
- age   2:     142112 bytes,    5144248 total
- age   3:    3807464 bytes,    8951712 total
- age   4:    4698968 bytes,   13650680 total
- age   5:    4014440 bytes,   17665120 total
- age   6:    2183208 bytes,   19848328 total
: 109248K->21824K(109248K), 0.0146187 secs] 395282K->309501K(502464K), 0.0147010 secs] [Times: user=0.06 sys=0.00, real=0.01 secs] 
Heap after GC invocations=680 (full 99):
 par new generation   total 109248K, used 21824K [0x00000000e0000000, 0x00000000e8000000, 0x00000000e8000000)
  eden space 87424K,   0% used [0x00000000e0000000, 0x00000000e0000000, 0x00000000e5560000)
  from space 21824K, 100% used [0x00000000e5560000, 0x00000000e6ab0000, 0x00000000e6ab0000)
  to   space 21824K,   0% used [0x00000000e6ab0000, 0x00000000e6ab0000, 0x00000000e8000000)
 concurrent mark-sweep generation total 393216K, used 287677K [0x00000000e8000000, 0x0000000100000000, 0x0000000100000000)
 Metaspace       used 44026K, capacity 45305K, committed 45632K, reserved 1089536K
  class space    used 5315K, capacity 5618K, committed 5732K, reserved 1048576K
}
2019-02-22T17:27:14.276-0700: 81530.642: Total time for which application threads were stopped: 0.0150947 seconds, Stopping threads took: 0.0000694 seconds
2019-02-22T17:27:14.316-0700: 81530.681: [CMS-concurrent-abortable-preclean: 0.068/0.085 secs] [Times: user=0.30 sys=0.02, real=0.09 secs] 
2019-02-22T17:27:14.317-0700: 81530.682: [GC (CMS Final Remark) [YG occupancy: 71698 K (109248 K)]{Heap before GC invocations=680 (full 99):
 par new generation   total 109248K, used 71698K [0x00000000e0000000, 0x00000000e8000000, 0x00000000e8000000)
  eden space 87424K,  57% used [0x00000000e0000000, 0x00000000e30b48b8, 0x00000000e5560000)
  from space 21824K, 100% used [0x00000000e5560000, 0x00000000e6ab0000, 0x00000000e6ab0000)
  to   space 21824K,   0% used [0x00000000e6ab0000, 0x00000000e6ab0000, 0x00000000e8000000)
 concurrent mark-sweep generation total 393216K, used 287677K [0x00000000e8000000, 0x0000000100000000, 0x0000000100000000)
 Metaspace       used 44026K, capacity 45305K, committed 45632K, reserved 1089536K
  class space    used 5315K, capacity 5618K, committed 5732K, reserved 1048576K
2019-02-22T17:27:14.317-0700: 81530.682: [GC (CMS Final Remark) 2019-02-22T17:27:14.317-0700: 81530.682: [ParNew
Desired survivor size 20112992 bytes, new threshold 8 (max 8)
- age   1:    2756440 bytes,    2756440 total
- age   2:    3897656 bytes,    6654096 total
- age   3:     141000 bytes,    6795096 total
- age   4:    2380648 bytes,    9175744 total
- age   5:    3383392 bytes,   12559136 total
- age   6:    3612192 bytes,   16171328 total
- age   7:    1933088 bytes,   18104416 total
: 71698K->21824K(109248K), 0.0145370 secs] 359375K->312741K(502464K), 0.0146336 secs] [Times: user=0.06 sys=0.00, real=0.02 secs] 
Heap after GC invocations=681 (full 99):
 par new generation   total 109248K, used 21824K [0x00000000e0000000, 0x00000000e8000000, 0x00000000e8000000)
  eden space 87424K,   0% used [0x00000000e0000000, 0x00000000e0000000, 0x00000000e5560000)
  from space 21824K, 100% used [0x00000000e6ab0000, 0x00000000e8000000, 0x00000000e8000000)
  to   space 21824K,   0% used [0x00000000e5560000, 0x00000000e5560000, 0x00000000e6ab0000)
 concurrent mark-sweep generation total 393216K, used 290917K [0x00000000e8000000, 0x0000000100000000, 0x0000000100000000)
 Metaspace       used 44026K, capacity 45305K, committed 45632K, reserved 1089536K
  class space    used 5315K, capacity 5618K, committed 5732K, reserved 1048576K
}
2019-02-22T17:27:14.332-0700: 81530.697: [Rescan (parallel) , 0.0088860 secs]2019-02-22T17:27:14.341-0700: 81530.706: [weak refs processing, 0.0004575 secs]2019-02-22T17:27:14.341-0700: 81530.706: [class unloading, 0.0171036 secs]2019-02-22T17:27:14.358-0700: 81530.723: [scrub symbol table, 0.0166811 secs]2019-02-22T17:27:14.375-0700: 81530.740: [scrub string table, 0.0009459 secs][1 CMS-remark: 290917K(393216K)] 312741K(502464K), 0.0592089 secs] [Times: user=0.11 sys=0.00, real=0.06 secs] 
2019-02-22T17:27:14.376-0700: 81530.741: Total time for which application threads were stopped: 0.0596834 seconds, Stopping threads took: 0.0001100 seconds
2019-02-22T17:27:14.376-0700: 81530.741: [CMS-concurrent-sweep-start]
2019-02-22T17:27:14.498-0700: 81530.863: [CMS-concurrent-sweep: 0.122/0.122 secs] [Times: user=0.34 sys=0.00, real=0.12 secs] 
2019-02-22T17:27:14.498-0700: 81530.863: [CMS-concurrent-reset-start]
2019-02-22T17:27:14.498-0700: 81530.864: [CMS-concurrent-reset: 0.001/0.001 secs] [Times: user=0.00 sys=0.00, real=0.00 secs] 
{Heap before GC invocations=681 (full 99):
 par new generation   total 109248K, used 109248K [0x00000000e0000000, 0x00000000e8000000, 0x00000000e8000000)
  eden space 87424K, 100% used [0x00000000e0000000, 0x00000000e5560000, 0x00000000e5560000)
  from space 21824K, 100% used [0x00000000e6ab0000, 0x00000000e8000000, 0x00000000e8000000)
  to   space 21824K,   0% used [0x00000000e5560000, 0x00000000e5560000, 0x00000000e6ab0000)
 concurrent mark-sweep generation total 393216K, used 239209K [0x00000000e8000000, 0x0000000100000000, 0x0000000100000000)
 Metaspace       used 44031K, capacity 45305K, committed 45632K, reserved 1089536K
  class space    used 5315K, capacity 5618K, committed 5732K, reserved 1048576K
2019-02-22T17:27:14.745-0700: 81531.110: [GC (Allocation Failure) 2019-02-22T17:27:14.745-0700: 81531.110: [ParNew
Desired survivor size 20112992 bytes, new threshold 7 (max 8)
- age   1:   10951456 bytes,   10951456 total
- age   2:    1799568 bytes,   12751024 total
- age   3:    3191024 bytes,   15942048 total
- age   4:      91792 bytes,   16033840 total
- age   5:    1507064 bytes,   17540904 total
- age   6:    1356624 bytes,   18897528 total
- age   7:    2022288 bytes,   20919816 total
- age   8:    1438880 bytes,   22358696 total
: 109248K->21824K(109248K), 0.0232749 secs] 348457K->268854K(502464K), 0.0233700 secs] [Times: user=0.08 sys=0.00, real=0.02 secs] 
Heap after GC invocations=682 (full 99):
 par new generation   total 109248K, used 21824K [0x00000000e0000000, 0x00000000e8000000, 0x00000000e8000000)
  eden space 87424K,   0% used [0x00000000e0000000, 0x00000000e0000000, 0x00000000e5560000)
  from space 21824K, 100% used [0x00000000e5560000, 0x00000000e6ab0000, 0x00000000e6ab0000)
  to   space 21824K,   0% used [0x00000000e6ab0000, 0x00000000e6ab0000, 0x00000000e8000000)
 concurrent mark-sweep generation total 393216K, used 247030K [0x00000000e8000000, 0x0000000100000000, 0x0000000100000000)
 Metaspace       used 44031K, capacity 45305K, committed 45632K, reserved 1089536K
  class space    used 5315K, capacity 5618K, committed 5732K, reserved 1048576K
}
2019-02-22T17:27:14.768-0700: 81531.134: Total time for which application threads were stopped: 0.0237977 seconds, Stopping threads took: 0.0000725 seconds
2019-02-22T17:27:14.769-0700: 81531.134: [GC (CMS Initial Mark) [1 CMS-initial-mark: 247030K(393216K)] 269053K(502464K), 0.0033326 secs] [Times: user=0.00 sys=0.00, real=0.00 secs] 
2019-02-22T17:27:14.772-0700: 81531.138: Total time for which application threads were stopped: 0.0037953 seconds, Stopping threads took: 0.0001779 seconds
2019-02-22T17:27:14.772-0700: 81531.138: [CMS-concurrent-mark-start]
2019-02-22T17:27:14.864-0700: 81531.230: [CMS-concurrent-mark: 0.092/0.092 secs] [Times: user=0.51 sys=0.00, real=0.09 secs] 
2019-02-22T17:27:14.864-0700: 81531.230: [CMS-concurrent-preclean-start]
2019-02-22T17:27:14.881-0700: 81531.247: [CMS-concurrent-preclean: 0.016/0.017 secs] [Times: user=0.03 sys=0.00, real=0.02 secs] 
2019-02-22T17:27:14.882-0700: 81531.247: [CMS-concurrent-abortable-preclean-start]
{Heap before GC invocations=682 (full 100):
 par new generation   total 109248K, used 109248K [0x00000000e0000000, 0x00000000e8000000, 0x00000000e8000000)
  eden space 87424K, 100% used [0x00000000e0000000, 0x00000000e5560000, 0x00000000e5560000)
  from space 21824K, 100% used [0x00000000e5560000, 0x00000000e6ab0000, 0x00000000e6ab0000)
  to   space 21824K,   0% used [0x00000000e6ab0000, 0x00000000e6ab0000, 0x00000000e8000000)
 concurrent mark-sweep generation total 393216K, used 247030K [0x00000000e8000000, 0x0000000100000000, 0x0000000100000000)
 Metaspace       used 44031K, capacity 45305K, committed 45632K, reserved 1089536K
  class space    used 5315K, capacity 5618K, committed 5732K, reserved 1048576K
2019-02-22T17:27:15.053-0700: 81531.418: [GC (Allocation Failure) 2019-02-22T17:27:15.053-0700: 81531.418: [ParNew
Desired survivor size 20112992 bytes, new threshold 6 (max 8)
- age   1:   10046464 bytes,   10046464 total
- age   2:    6213296 bytes,   16259760 total
- age   3:    1690808 bytes,   17950568 total
- age   4:    1636288 bytes,   19586856 total
- age   5:      87096 bytes,   19673952 total
- age   6:    1403152 bytes,   21077104 total
- age   7:    1241440 bytes,   22318544 total
: 109248K->21824K(109248K), 0.0243256 secs] 356278K->278630K(502464K), 0.0244402 secs] [Times: user=0.06 sys=0.00, real=0.02 secs] 
Heap after GC invocations=683 (full 100):
 par new generation   total 109248K, used 21824K [0x00000000e0000000, 0x00000000e8000000, 0x00000000e8000000)
  eden space 87424K,   0% used [0x00000000e0000000, 0x00000000e0000000, 0x00000000e5560000)
  from space 21824K, 100% used [0x00000000e6ab0000, 0x00000000e8000000, 0x00000000e8000000)
  to   space 21824K,   0% used [0x00000000e5560000, 0x00000000e5560000, 0x00000000e6ab0000)
 concurrent mark-sweep generation total 393216K, used 256806K [0x00000000e8000000, 0x0000000100000000, 0x0000000100000000)
 Metaspace       used 44031K, capacity 45305K, committed 45632K, reserved 1089536K
  class space    used 5315K, capacity 5618K, committed 5732K, reserved 1048576K
}
2019-02-22T17:27:15.077-0700: 81531.443: Total time for which application threads were stopped: 0.0248695 seconds, Stopping threads took: 0.0000663 seconds
{Heap before GC invocations=683 (full 100):
 par new generation   total 109248K, used 109248K [0x00000000e0000000, 0x00000000e8000000, 0x00000000e8000000)
  eden space 87424K, 100% used [0x00000000e0000000, 0x00000000e5560000, 0x00000000e5560000)
  from space 21824K, 100% used [0x00000000e6ab0000, 0x00000000e8000000, 0x00000000e8000000)
  to   space 21824K,   0% used [0x00000000e5560000, 0x00000000e5560000, 0x00000000e6ab0000)
 concurrent mark-sweep generation total 393216K, used 256806K [0x00000000e8000000, 0x0000000100000000, 0x0000000100000000)
 Metaspace       used 44031K, capacity 45305K, committed 45632K, reserved 1089536K
  class space    used 5315K, capacity 5618K, committed 5732K, reserved 1048576K
2019-02-22T17:27:15.104-0700: 81531.470: [GC (Allocation Failure) 2019-02-22T17:27:15.104-0700: 81531.470: [ParNew
Desired survivor size 20112992 bytes, new threshold 4 (max 8)
- age   1:    9164720 bytes,    9164720 total
- age   2:    4626864 bytes,   13791584 total
- age   3:    5497544 bytes,   19289128 total
- age   4:    1505744 bytes,   20794872 total
- age   5:    1526488 bytes,   22321360 total
- age   6:      85768 bytes,   22407128 total
: 109248K->21824K(109248K), 0.0395889 secs] 366054K->319199K(502464K), 0.0396635 secs] [Times: user=0.14 sys=0.00, real=0.04 secs] 
Heap after GC invocations=684 (full 100):
 par new generation   total 109248K, used 21824K [0x00000000e0000000, 0x00000000e8000000, 0x00000000e8000000)
  eden space 87424K,   0% used [0x00000000e0000000, 0x00000000e0000000, 0x00000000e5560000)
  from space 21824K, 100% used [0x00000000e5560000, 0x00000000e6ab0000, 0x00000000e6ab0000)
  to   space 21824K,   0% used [0x00000000e6ab0000, 0x00000000e6ab0000, 0x00000000e8000000)
 concurrent mark-sweep generation total 393216K, used 297375K [0x00000000e8000000, 0x0000000100000000, 0x0000000100000000)
 Metaspace       used 44031K, capacity 45305K, committed 45632K, reserved 1089536K
  class space    used 5315K, capacity 5618K, committed 5732K, reserved 1048576K
}
2019-02-22T17:27:15.144-0700: 81531.509: Total time for which application threads were stopped: 0.0401261 seconds, Stopping threads took: 0.0001064 seconds
{Heap before GC invocations=684 (full 100):
 par new generation   total 109248K, used 108988K [0x00000000e0000000, 0x00000000e8000000, 0x00000000e8000000)
  eden space 87424K,  99% used [0x00000000e0000000, 0x00000000e551f3d8, 0x00000000e5560000)
  from space 21824K, 100% used [0x00000000e5560000, 0x00000000e6ab0000, 0x00000000e6ab0000)
  to   space 21824K,   0% used [0x00000000e6ab0000, 0x00000000e6ab0000, 0x00000000e8000000)
 concurrent mark-sweep generation total 393216K, used 297375K [0x00000000e8000000, 0x0000000100000000, 0x0000000100000000)
 Metaspace       used 44031K, capacity 45305K, committed 45632K, reserved 1089536K
  class space    used 5315K, capacity 5618K, committed 5732K, reserved 1048576K
2019-02-22T17:27:15.154-0700: 81531.519: [GC (Allocation Failure) 2019-02-22T17:27:15.154-0700: 81531.519: [ParNew
Desired survivor size 20112992 bytes, new threshold 8 (max 8)
- age   1:    2375256 bytes,    2375256 total
- age   2:    6592744 bytes,    8968000 total
- age   3:    4560320 bytes,   13528320 total
- age   4:    5497504 bytes,   19025824 total
: 108988K->21824K(109248K), 0.0207159 secs] 406364K->324658K(502464K), 0.0208079 secs] [Times: user=0.11 sys=0.00, real=0.02 secs] 
Heap after GC invocations=685 (full 100):
 par new generation   total 109248K, used 21824K [0x00000000e0000000, 0x00000000e8000000, 0x00000000e8000000)
  eden space 87424K,   0% used [0x00000000e0000000, 0x00000000e0000000, 0x00000000e5560000)
  from space 21824K, 100% used [0x00000000e6ab0000, 0x00000000e8000000, 0x00000000e8000000)
  to   space 21824K,   0% used [0x00000000e5560000, 0x00000000e5560000, 0x00000000e6ab0000)
 concurrent mark-sweep generation total 393216K, used 302834K [0x00000000e8000000, 0x0000000100000000, 0x0000000100000000)
 Metaspace       used 44031K, capacity 45305K, committed 45632K, reserved 1089536K
  class space    used 5315K, capacity 5618K, committed 5732K, reserved 1048576K
}
2019-02-22T17:27:15.175-0700: 81531.540: Total time for which application threads were stopped: 0.0213482 seconds, Stopping threads took: 0.0001151 seconds
{Heap before GC invocations=685 (full 100):
 par new generation   total 109248K, used 108763K [0x00000000e0000000, 0x00000000e8000000, 0x00000000e8000000)
  eden space 87424K,  99% used [0x00000000e0000000, 0x00000000e54e6f50, 0x00000000e5560000)
  from space 21824K, 100% used [0x00000000e6ab0000, 0x00000000e8000000, 0x00000000e8000000)
  to   space 21824K,   0% used [0x00000000e5560000, 0x00000000e5560000, 0x00000000e6ab0000)
 concurrent mark-sweep generation total 393216K, used 302834K [0x00000000e8000000, 0x0000000100000000, 0x0000000100000000)
 Metaspace       used 44031K, capacity 45305K, committed 45632K, reserved 1089536K
  class space    used 5315K, capacity 5618K, committed 5732K, reserved 1048576K
2019-02-22T17:27:15.183-0700: 81531.549: [GC (Allocation Failure) 2019-02-22T17:27:15.183-0700: 81531.549: [ParNew
Desired survivor size 20112992 bytes, new threshold 8 (max 8)
- age   1:    1588368 bytes,    1588368 total
- age   2:    1326080 bytes,    2914448 total
- age   3:    6592176 bytes,    9506624 total
- age   4:    4418688 bytes,   13925312 total
- age   5:    5497504 bytes,   19422816 total
: 108763K->21824K(109248K), 0.0165896 secs] 411598K->324658K(502464K), 0.0166909 secs] [Times: user=0.06 sys=0.00, real=0.02 secs] 
Heap after GC invocations=686 (full 100):
 par new generation   total 109248K, used 21824K [0x00000000e0000000, 0x00000000e8000000, 0x00000000e8000000)
  eden space 87424K,   0% used [0x00000000e0000000, 0x00000000e0000000, 0x00000000e5560000)
  from space 21824K, 100% used [0x00000000e5560000, 0x00000000e6ab0000, 0x00000000e6ab0000)
  to   space 21824K,   0% used [0x00000000e6ab0000, 0x00000000e6ab0000, 0x00000000e8000000)
 concurrent mark-sweep generation total 393216K, used 302834K [0x00000000e8000000, 0x0000000100000000, 0x0000000100000000)
 Metaspace       used 44031K, capacity 45305K, committed 45632K, reserved 1089536K
  class space    used 5315K, capacity 5618K, committed 5732K, reserved 1048576K
}
2019-02-22T17:27:15.200-0700: 81531.566: Total time for which application threads were stopped: 0.0172841 seconds, Stopping threads took: 0.0001666 seconds
{Heap before GC invocations=686 (full 100):
 par new generation   total 109248K, used 109248K [0x00000000e0000000, 0x00000000e8000000, 0x00000000e8000000)
  eden space 87424K, 100% used [0x00000000e0000000, 0x00000000e5560000, 0x00000000e5560000)
  from space 21824K, 100% used [0x00000000e5560000, 0x00000000e6ab0000, 0x00000000e6ab0000)
  to   space 21824K,   0% used [0x00000000e6ab0000, 0x00000000e6ab0000, 0x00000000e8000000)
 concurrent mark-sweep generation total 393216K, used 302834K [0x00000000e8000000, 0x0000000100000000, 0x0000000100000000)
 Metaspace       used 44031K, capacity 45305K, committed 45632K, reserved 1089536K
  class space    used 5315K, capacity 5618K, committed 5732K, reserved 1048576K
2019-02-22T17:27:15.213-0700: 81531.578: [GC (Allocation Failure) 2019-02-22T17:27:15.213-0700: 81531.578: [ParNew
Desired survivor size 20112992 bytes, new threshold 8 (max 8)
- age   1:    1874304 bytes,    1874304 total
- age   2:     984888 bytes,    2859192 total
- age   3:     946072 bytes,    3805264 total
- age   4:    4987448 bytes,    8792712 total
- age   5:    4268096 bytes,   13060808 total
- age   6:    5496824 bytes,   18557632 total
: 109248K->21824K(109248K), 0.0175822 secs] 412082K->326224K(502464K), 0.0176732 secs] [Times: user=0.06 sys=0.00, real=0.02 secs] 
Heap after GC invocations=687 (full 100):
 par new generation   total 109248K, used 21824K [0x00000000e0000000, 0x00000000e8000000, 0x00000000e8000000)
  eden space 87424K,   0% used [0x00000000e0000000, 0x00000000e0000000, 0x00000000e5560000)
  from space 21824K, 100% used [0x00000000e6ab0000, 0x00000000e8000000, 0x00000000e8000000)
  to   space 21824K,   0% used [0x00000000e5560000, 0x00000000e5560000, 0x00000000e6ab0000)
 concurrent mark-sweep generation total 393216K, used 304400K [0x00000000e8000000, 0x0000000100000000, 0x0000000100000000)
 Metaspace       used 44031K, capacity 45305K, committed 45632K, reserved 1089536K
  class space    used 5315K, capacity 5618K, committed 5732K, reserved 1048576K
}
2019-02-22T17:27:15.230-0700: 81531.596: Total time for which application threads were stopped: 0.0182659 seconds, Stopping threads took: 0.0001167 seconds
2019-02-22T17:27:15.230-0700: 81531.596: [CMS-concurrent-abortable-preclean: 0.222/0.349 secs] [Times: user=1.06 sys=0.05, real=0.35 secs] 
2019-02-22T17:27:15.231-0700: 81531.596: [GC (CMS Final Remark) [YG occupancy: 24071 K (109248 K)]{Heap before GC invocations=687 (full 100):
 par new generation   total 109248K, used 24071K [0x00000000e0000000, 0x00000000e8000000, 0x00000000e8000000)
  eden space 87424K,   2% used [0x00000000e0000000, 0x00000000e0231f48, 0x00000000e5560000)
  from space 21824K, 100% used [0x00000000e6ab0000, 0x00000000e8000000, 0x00000000e8000000)
  to   space 21824K,   0% used [0x00000000e5560000, 0x00000000e5560000, 0x00000000e6ab0000)
 concurrent mark-sweep generation total 393216K, used 304400K [0x00000000e8000000, 0x0000000100000000, 0x0000000100000000)
 Metaspace       used 44031K, capacity 45305K, committed 45632K, reserved 1089536K
  class space    used 5315K, capacity 5618K, committed 5732K, reserved 1048576K
2019-02-22T17:27:15.231-0700: 81531.596: [GC (CMS Final Remark) 2019-02-22T17:27:15.231-0700: 81531.596: [ParNew
Desired survivor size 20112992 bytes, new threshold 8 (max 8)
- age   1:       5760 bytes,       5760 total
- age   2:    1873688 bytes,    1879448 total
- age   3:     984856 bytes,    2864304 total
- age   4:     945944 bytes,    3810248 total
- age   5:    4968952 bytes,    8779200 total
- age   6:    4235312 bytes,   13014512 total
- age   7:    5496816 bytes,   18511328 total
: 24071K->21824K(109248K), 0.0142645 secs] 328472K->326736K(502464K), 0.0143447 secs] [Times: user=0.06 sys=0.00, real=0.01 secs] 
Heap after GC invocations=688 (full 100):
 par new generation   total 109248K, used 21824K [0x00000000e0000000, 0x00000000e8000000, 0x00000000e8000000)
  eden space 87424K,   0% used [0x00000000e0000000, 0x00000000e0000000, 0x00000000e5560000)
  from space 21824K, 100% used [0x00000000e5560000, 0x00000000e6ab0000, 0x00000000e6ab0000)
  to   space 21824K,   0% used [0x00000000e6ab0000, 0x00000000e6ab0000, 0x00000000e8000000)
 concurrent mark-sweep generation total 393216K, used 304912K [0x00000000e8000000, 0x0000000100000000, 0x0000000100000000)
 Metaspace       used 44031K, capacity 45305K, committed 45632K, reserved 1089536K
  class space    used 5315K, capacity 5618K, committed 5732K, reserved 1048576K
}
2019-02-22T17:27:15.245-0700: 81531.611: [Rescan (parallel) , 0.0233104 secs]2019-02-22T17:27:15.269-0700: 81531.634: [weak refs processing, 0.0006729 secs]2019-02-22T17:27:15.270-0700: 81531.635: [class unloading, 0.0130765 secs]2019-02-22T17:27:15.283-0700: 81531.648: [scrub symbol table, 0.0091846 secs]2019-02-22T17:27:15.292-0700: 81531.657: [scrub string table, 0.0006724 secs][1 CMS-remark: 304912K(393216K)] 326736K(502464K), 0.0617103 secs] [Times: user=0.20 sys=0.00, real=0.06 secs] 
2019-02-22T17:27:15.293-0700: 81531.658: Total time for which application threads were stopped: 0.0620506 seconds, Stopping threads took: 0.0001110 seconds
2019-02-22T17:27:15.293-0700: 81531.658: [CMS-concurrent-sweep-start]
{Heap before GC invocations=688 (full 100):
 par new generation   total 109248K, used 109248K [0x00000000e0000000, 0x00000000e8000000, 0x00000000e8000000)
  eden space 87424K, 100% used [0x00000000e0000000, 0x00000000e5560000, 0x00000000e5560000)
  from space 21824K, 100% used [0x00000000e5560000, 0x00000000e6ab0000, 0x00000000e6ab0000)
  to   space 21824K,   0% used [0x00000000e6ab0000, 0x00000000e6ab0000, 0x00000000e8000000)
 concurrent mark-sweep generation total 393216K, used 302104K [0x00000000e8000000, 0x0000000100000000, 0x0000000100000000)
 Metaspace       used 44031K, capacity 45305K, committed 45632K, reserved 1089536K
  class space    used 5315K, capacity 5618K, committed 5732K, reserved 1048576K
2019-02-22T17:27:15.329-0700: 81531.695: [GC (Allocation Failure) 2019-02-22T17:27:15.330-0700: 81531.695: [ParNew
Desired survivor size 20112992 bytes, new threshold 8 (max 8)
- age   1:    3410416 bytes,    3410416 total
- age   2:       4448 bytes,    3414864 total
- age   3:     641624 bytes,    4056488 total
- age   4:     345424 bytes,    4401912 total
- age   5:     893424 bytes,    5295336 total
- age   6:    4964768 bytes,   10260104 total
- age   7:    3926456 bytes,   14186560 total
- age   8:    5430112 bytes,   19616672 total
: 109248K->21824K(109248K), 0.0202163 secs] 411352K->323928K(502464K), 0.0203283 secs] [Times: user=0.06 sys=0.00, real=0.02 secs] 
Heap after GC invocations=689 (full 100):
 par new generation   total 109248K, used 21824K [0x00000000e0000000, 0x00000000e8000000, 0x00000000e8000000)
  eden space 87424K,   0% used [0x00000000e0000000, 0x00000000e0000000, 0x00000000e5560000)
  from space 21824K, 100% used [0x00000000e6ab0000, 0x00000000e8000000, 0x00000000e8000000)
  to   space 21824K,   0% used [0x00000000e5560000, 0x00000000e5560000, 0x00000000e6ab0000)
 concurrent mark-sweep generation total 393216K, used 302104K [0x00000000e8000000, 0x0000000100000000, 0x0000000100000000)
 Metaspace       used 44031K, capacity 45305K, committed 45632K, reserved 1089536K
  class space    used 5315K, capacity 5618K, committed 5732K, reserved 1048576K
}
2019-02-22T17:27:15.350-0700: 81531.716: Total time for which application threads were stopped: 0.0208809 seconds, Stopping threads took: 0.0001660 seconds
{Heap before GC invocations=689 (full 100):
 par new generation   total 109248K, used 109248K [0x00000000e0000000, 0x00000000e8000000, 0x00000000e8000000)
  eden space 87424K, 100% used [0x00000000e0000000, 0x00000000e5560000, 0x00000000e5560000)
  from space 21824K, 100% used [0x00000000e6ab0000, 0x00000000e8000000, 0x00000000e8000000)
  to   space 21824K,   0% used [0x00000000e5560000, 0x00000000e5560000, 0x00000000e6ab0000)
 concurrent mark-sweep generation total 393216K, used 296501K [0x00000000e8000000, 0x0000000100000000, 0x0000000100000000)
 Metaspace       used 44031K, capacity 45305K, committed 45632K, reserved 1089536K
  class space    used 5315K, capacity 5618K, committed 5732K, reserved 1048576K
2019-02-22T17:27:15.396-0700: 81531.762: [GC (Allocation Failure) 2019-02-22T17:27:15.396-0700: 81531.762: [ParNew
Desired survivor size 20112992 bytes, new threshold 8 (max 8)
- age   1:    2791616 bytes,    2791616 total
- age   2:    1256896 bytes,    4048512 total
- age   3:       4448 bytes,    4052960 total
- age   4:     603168 bytes,    4656128 total
- age   5:     345424 bytes,    5001552 total
- age   6:     888168 bytes,    5889720 total
- age   7:    4997112 bytes,   10886832 total
- age   8:    3793344 bytes,   14680176 total
: 109248K->21824K(109248K), 0.0183178 secs] 405749K->323602K(502464K), 0.0183842 secs] [Times: user=0.06 sys=0.00, real=0.02 secs] 
Heap after GC invocations=690 (full 100):
 par new generation   total 109248K, used 21824K [0x00000000e0000000, 0x00000000e8000000, 0x00000000e8000000)
  eden space 87424K,   0% used [0x00000000e0000000, 0x00000000e0000000, 0x00000000e5560000)
  from space 21824K, 100% used [0x00000000e5560000, 0x00000000e6ab0000, 0x00000000e6ab0000)
  to   space 21824K,   0% used [0x00000000e6ab0000, 0x00000000e6ab0000, 0x00000000e8000000)
 concurrent mark-sweep generation total 393216K, used 301778K [0x00000000e8000000, 0x0000000100000000, 0x0000000100000000)
 Metaspace       used 44031K, capacity 45305K, committed 45632K, reserved 1089536K
  class space    used 5315K, capacity 5618K, committed 5732K, reserved 1048576K
}
2019-02-22T17:27:15.415-0700: 81531.780: Total time for which application threads were stopped: 0.0187944 seconds, Stopping threads took: 0.0000864 seconds
2019-02-22T17:27:15.443-0700: 81531.808: [CMS-concurrent-sweep: 0.111/0.150 secs] [Times: user=0.75 sys=0.08, real=0.15 secs] 
2019-02-22T17:27:15.443-0700: 81531.808: [CMS-concurrent-reset-start]
2019-02-22T17:27:15.444-0700: 81531.809: [CMS-concurrent-reset: 0.001/0.001 secs] [Times: user=0.00 sys=0.00, real=0.00 secs] 
{Heap before GC invocations=690 (full 100):
 par new generation   total 109248K, used 109225K [0x00000000e0000000, 0x00000000e8000000, 0x00000000e8000000)
  eden space 87424K,  99% used [0x00000000e0000000, 0x00000000e555a698, 0x00000000e5560000)
  from space 21824K, 100% used [0x00000000e5560000, 0x00000000e6ab0000, 0x00000000e6ab0000)
  to   space 21824K,   0% used [0x00000000e6ab0000, 0x00000000e6ab0000, 0x00000000e8000000)
 concurrent mark-sweep generation total 393216K, used 291701K [0x00000000e8000000, 0x0000000100000000, 0x0000000100000000)
 Metaspace       used 44031K, capacity 45305K, committed 45632K, reserved 1089536K
  class space    used 5315K, capacity 5618K, committed 5732K, reserved 1048576K
2019-02-22T17:27:15.458-0700: 81531.823: [GC (Allocation Failure) 2019-02-22T17:27:15.459-0700: 81531.824: [ParNew
Desired survivor size 20112992 bytes, new threshold 8 (max 8)
- age   1:    1334040 bytes,    1334040 total
- age   2:    1792824 bytes,    3126864 total
- age   3:    1245776 bytes,    4372640 total
- age   4:       4448 bytes,    4377088 total
- age   5:     602864 bytes,    4979952 total
- age   6:     345424 bytes,    5325376 total
- age   7:     888168 bytes,    6213544 total
- age   8:    4960624 bytes,   11174168 total
: 109225K->14507K(109248K), 0.0150829 secs] 400926K->309904K(502464K), 0.0152710 secs] [Times: user=0.06 sys=0.00, real=0.02 secs] 
Heap after GC invocations=691 (full 100):
 par new generation   total 109248K, used 14507K [0x00000000e0000000, 0x00000000e8000000, 0x00000000e8000000)
  eden space 87424K,   0% used [0x00000000e0000000, 0x00000000e0000000, 0x00000000e5560000)
  from space 21824K,  66% used [0x00000000e6ab0000, 0x00000000e78dac08, 0x00000000e8000000)
  to   space 21824K,   0% used [0x00000000e5560000, 0x00000000e5560000, 0x00000000e6ab0000)
 concurrent mark-sweep generation total 393216K, used 295397K [0x00000000e8000000, 0x0000000100000000, 0x0000000100000000)
 Metaspace       used 44031K, capacity 45305K, committed 45632K, reserved 1089536K
  class space    used 5315K, capacity 5618K, committed 5732K, reserved 1048576K
}
2019-02-22T17:27:15.474-0700: 81531.839: Total time for which application threads were stopped: 0.0156021 seconds, Stopping threads took: 0.0000632 seconds
2019-02-22T17:27:15.474-0700: 81531.839: [GC (CMS Initial Mark) [1 CMS-initial-mark: 295397K(393216K)] 311392K(502464K), 0.0022526 secs] [Times: user=0.00 sys=0.00, real=0.00 secs] 
2019-02-22T17:27:15.476-0700: 81531.841: Total time for which application threads were stopped: 0.0025214 seconds, Stopping threads took: 0.0000776 seconds
2019-02-22T17:27:15.476-0700: 81531.841: [CMS-concurrent-mark-start]
{Heap before GC invocations=691 (full 101):
 par new generation   total 109248K, used 101931K [0x00000000e0000000, 0x00000000e8000000, 0x00000000e8000000)
  eden space 87424K, 100% used [0x00000000e0000000, 0x00000000e5560000, 0x00000000e5560000)
  from space 21824K,  66% used [0x00000000e6ab0000, 0x00000000e78dac08, 0x00000000e8000000)
  to   space 21824K,   0% used [0x00000000e5560000, 0x00000000e5560000, 0x00000000e6ab0000)
 concurrent mark-sweep generation total 393216K, used 295397K [0x00000000e8000000, 0x0000000100000000, 0x0000000100000000)
 Metaspace       used 44031K, capacity 45305K, committed 45632K, reserved 1089536K
  class space    used 5315K, capacity 5618K, committed 5732K, reserved 1048576K
2019-02-22T17:27:15.548-0700: 81531.914: [GC (Allocation Failure) 2019-02-22T17:27:15.548-0700: 81531.914: [ParNew
Desired survivor size 20112992 bytes, new threshold 8 (max 8)
- age   1:    5225576 bytes,    5225576 total
- age   2:     470208 bytes,    5695784 total
- age   3:    1337912 bytes,    7033696 total
- age   4:     972072 bytes,    8005768 total
- age   5:       4448 bytes,    8010216 total
- age   6:     377256 bytes,    8387472 total
- age   7:     107320 bytes,    8494792 total
- age   8:     888168 bytes,    9382960 total
: 101931K->13843K(109248K), 0.0151163 secs] 397328K->313701K(502464K), 0.0151965 secs] [Times: user=0.06 sys=0.00, real=0.01 secs] 
Heap after GC invocations=692 (full 101):
 par new generation   total 109248K, used 13843K [0x00000000e0000000, 0x00000000e8000000, 0x00000000e8000000)
  eden space 87424K,   0% used [0x00000000e0000000, 0x00000000e0000000, 0x00000000e5560000)
  from space 21824K,  63% used [0x00000000e5560000, 0x00000000e62e4cc8, 0x00000000e6ab0000)
  to   space 21824K,   0% used [0x00000000e6ab0000, 0x00000000e6ab0000, 0x00000000e8000000)
 concurrent mark-sweep generation total 393216K, used 299857K [0x00000000e8000000, 0x0000000100000000, 0x0000000100000000)
 Metaspace       used 44031K, capacity 45305K, committed 45632K, reserved 1089536K
  class space    used 5315K, capacity 5618K, committed 5732K, reserved 1048576K
}
2019-02-22T17:27:15.563-0700: 81531.929: Total time for which application threads were stopped: 0.0156263 seconds, Stopping threads took: 0.0000869 seconds
2019-02-22T17:27:15.597-0700: 81531.962: [CMS-concurrent-mark: 0.105/0.121 secs] [Times: user=0.75 sys=0.00, real=0.12 secs] 
2019-02-22T17:27:15.597-0700: 81531.962: [CMS-concurrent-preclean-start]
2019-02-22T17:27:15.652-0700: 81532.018: [CMS-concurrent-preclean: 0.051/0.055 secs] [Times: user=0.14 sys=0.00, real=0.06 secs] 
2019-02-22T17:27:15.652-0700: 81532.018: [CMS-concurrent-abortable-preclean-start]
{Heap before GC invocations=692 (full 101):
 par new generation   total 109248K, used 101267K [0x00000000e0000000, 0x00000000e8000000, 0x00000000e8000000)
  eden space 87424K, 100% used [0x00000000e0000000, 0x00000000e5560000, 0x00000000e5560000)
  from space 21824K,  63% used [0x00000000e5560000, 0x00000000e62e4cc8, 0x00000000e6ab0000)
  to   space 21824K,   0% used [0x00000000e6ab0000, 0x00000000e6ab0000, 0x00000000e8000000)
 concurrent mark-sweep generation total 393216K, used 299857K [0x00000000e8000000, 0x0000000100000000, 0x0000000100000000)
 Metaspace       used 44031K, capacity 45305K, committed 45632K, reserved 1089536K
  class space    used 5315K, capacity 5618K, committed 5732K, reserved 1048576K
2019-02-22T17:27:15.791-0700: 81532.157: [GC (Allocation Failure) 2019-02-22T17:27:15.791-0700: 81532.157: [ParNew
Desired survivor size 20112992 bytes, new threshold 8 (max 8)
- age   1:    6411704 bytes,    6411704 total
- age   2:    2735168 bytes,    9146872 total
- age   3:     363504 bytes,    9510376 total
- age   4:    1131184 bytes,   10641560 total
- age   5:     830416 bytes,   11471976 total
- age   6:       4448 bytes,   11476424 total
- age   7:     376536 bytes,   11852960 total
- age   8:      98824 bytes,   11951784 total
: 101267K->13533K(109248K), 0.0122546 secs] 401125K->314260K(502464K), 0.0123512 secs] [Times: user=0.06 sys=0.00, real=0.01 secs] 
Heap after GC invocations=693 (full 101):
 par new generation   total 109248K, used 13533K [0x00000000e0000000, 0x00000000e8000000, 0x00000000e8000000)
  eden space 87424K,   0% used [0x00000000e0000000, 0x00000000e0000000, 0x00000000e5560000)
  from space 21824K,  62% used [0x00000000e6ab0000, 0x00000000e77e77e0, 0x00000000e8000000)
  to   space 21824K,   0% used [0x00000000e5560000, 0x00000000e5560000, 0x00000000e6ab0000)
 concurrent mark-sweep generation total 393216K, used 300726K [0x00000000e8000000, 0x0000000100000000, 0x0000000100000000)
 Metaspace       used 44031K, capacity 45305K, committed 45632K, reserved 1089536K
  class space    used 5315K, capacity 5618K, committed 5732K, reserved 1048576K
}
2019-02-22T17:27:15.804-0700: 81532.170: Total time for which application threads were stopped: 0.0127280 seconds, Stopping threads took: 0.0000488 seconds
2019-02-22T17:27:15.958-0700: 81532.324: [CMS-concurrent-abortable-preclean: 0.286/0.306 secs] [Times: user=0.83 sys=0.00, real=0.31 secs] 
2019-02-22T17:27:15.959-0700: 81532.324: [GC (CMS Final Remark) [YG occupancy: 60057 K (109248 K)]{Heap before GC invocations=693 (full 101):
 par new generation   total 109248K, used 60057K [0x00000000e0000000, 0x00000000e8000000, 0x00000000e8000000)
  eden space 87424K,  53% used [0x00000000e0000000, 0x00000000e2d6ec30, 0x00000000e5560000)
  from space 21824K,  62% used [0x00000000e6ab0000, 0x00000000e77e77e0, 0x00000000e8000000)
  to   space 21824K,   0% used [0x00000000e5560000, 0x00000000e5560000, 0x00000000e6ab0000)
 concurrent mark-sweep generation total 393216K, used 300726K [0x00000000e8000000, 0x0000000100000000, 0x0000000100000000)
 Metaspace       used 44031K, capacity 45305K, committed 45632K, reserved 1089536K
  class space    used 5315K, capacity 5618K, committed 5732K, reserved 1048576K
2019-02-22T17:27:15.959-0700: 81532.324: [GC (CMS Final Remark) 2019-02-22T17:27:15.959-0700: 81532.324: [ParNew
Desired survivor size 20112992 bytes, new threshold 8 (max 8)
- age   1:    3713872 bytes,    3713872 total
- age   2:    4444720 bytes,    8158592 total
- age   3:    2670704 bytes,   10829296 total
- age   4:     356568 bytes,   11185864 total
- age   5:    1125376 bytes,   12311240 total
- age   6:     821560 bytes,   13132800 total
- age   7:       4448 bytes,   13137248 total
- age   8:     376080 bytes,   13513328 total
: 60057K->16816K(109248K), 0.0115261 secs] 360783K->317639K(502464K), 0.0115955 secs] [Times: user=0.06 sys=0.00, real=0.01 secs] 
Heap after GC invocations=694 (full 101):
 par new generation   total 109248K, used 16816K [0x00000000e0000000, 0x00000000e8000000, 0x00000000e8000000)
  eden space 87424K,   0% used [0x00000000e0000000, 0x00000000e0000000, 0x00000000e5560000)
  from space 21824K,  77% used [0x00000000e5560000, 0x00000000e65cc088, 0x00000000e6ab0000)
  to   space 21824K,   0% used [0x00000000e6ab0000, 0x00000000e6ab0000, 0x00000000e8000000)
 concurrent mark-sweep generation total 393216K, used 300823K [0x00000000e8000000, 0x0000000100000000, 0x0000000100000000)
 Metaspace       used 44031K, capacity 45305K, committed 45632K, reserved 1089536K
  class space    used 5315K, capacity 5618K, committed 5732K, reserved 1048576K
}
2019-02-22T17:27:15.971-0700: 81532.336: [Rescan (parallel) , 0.0080660 secs]2019-02-22T17:27:15.979-0700: 81532.344: [weak refs processing, 0.0007238 secs]2019-02-22T17:27:15.979-0700: 81532.345: [class unloading, 0.0114239 secs]2019-02-22T17:27:15.991-0700: 81532.356: [scrub symbol table, 0.0112768 secs]2019-02-22T17:27:16.002-0700: 81532.368: [scrub string table, 0.0009238 secs][1 CMS-remark: 300823K(393216K)] 317639K(502464K), 0.0444534 secs] [Times: user=0.09 sys=0.00, real=0.04 secs] 
2019-02-22T17:27:16.004-0700: 81532.369: Total time for which application threads were stopped: 0.0447418 seconds, Stopping threads took: 0.0000694 seconds
2019-02-22T17:27:16.004-0700: 81532.369: [CMS-concurrent-sweep-start]
{Heap before GC invocations=694 (full 101):
 par new generation   total 109248K, used 104054K [0x00000000e0000000, 0x00000000e8000000, 0x00000000e8000000)
  eden space 87424K,  99% used [0x00000000e0000000, 0x00000000e5531a90, 0x00000000e5560000)
  from space 21824K,  77% used [0x00000000e5560000, 0x00000000e65cc088, 0x00000000e6ab0000)
  to   space 21824K,   0% used [0x00000000e6ab0000, 0x00000000e6ab0000, 0x00000000e8000000)
 concurrent mark-sweep generation total 393216K, used 295123K [0x00000000e8000000, 0x0000000100000000, 0x0000000100000000)
 Metaspace       used 44031K, capacity 45305K, committed 45632K, reserved 1089536K
  class space    used 5315K, capacity 5618K, committed 5732K, reserved 1048576K
2019-02-22T17:27:16.033-0700: 81532.399: [GC (Allocation Failure) 2019-02-22T17:27:16.033-0700: 81532.399: [ParNew
Desired survivor size 20112992 bytes, new threshold 4 (max 8)
- age   1:   13659008 bytes,   13659008 total
- age   2:    2362424 bytes,   16021432 total
- age   3:    2983488 bytes,   19004920 total
- age   4:    1533448 bytes,   20538368 total
- age   5:     346816 bytes,   20885184 total
- age   6:     781848 bytes,   21667032 total
- age   7:     598600 bytes,   22265632 total
- age   8:       4288 bytes,   22269920 total
: 104054K->21824K(109248K), 0.0323516 secs] 399178K->348163K(502464K), 0.0324431 secs] [Times: user=0.08 sys=0.00, real=0.03 secs] 
Heap after GC invocations=695 (full 101):
 par new generation   total 109248K, used 21824K [0x00000000e0000000, 0x00000000e8000000, 0x00000000e8000000)
  eden space 87424K,   0% used [0x00000000e0000000, 0x00000000e0000000, 0x00000000e5560000)
  from space 21824K, 100% used [0x00000000e6ab0000, 0x00000000e8000000, 0x00000000e8000000)
  to   space 21824K,   0% used [0x00000000e5560000, 0x00000000e5560000, 0x00000000e6ab0000)
 concurrent mark-sweep generation total 393216K, used 326339K [0x00000000e8000000, 0x0000000100000000, 0x0000000100000000)
 Metaspace       used 44031K, capacity 45305K, committed 45632K, reserved 1089536K
  class space    used 5315K, capacity 5618K, committed 5732K, reserved 1048576K
}
2019-02-22T17:27:16.066-0700: 81532.431: Total time for which application threads were stopped: 0.0327844 seconds, Stopping threads took: 0.0000267 seconds
{Heap before GC invocations=695 (full 101):
 par new generation   total 109248K, used 109233K [0x00000000e0000000, 0x00000000e8000000, 0x00000000e8000000)
  eden space 87424K,  99% used [0x00000000e0000000, 0x00000000e555c580, 0x00000000e5560000)
  from space 21824K, 100% used [0x00000000e6ab0000, 0x00000000e8000000, 0x00000000e8000000)
  to   space 21824K,   0% used [0x00000000e5560000, 0x00000000e5560000, 0x00000000e6ab0000)
 concurrent mark-sweep generation total 393216K, used 325121K [0x00000000e8000000, 0x0000000100000000, 0x0000000100000000)
 Metaspace       used 44031K, capacity 45305K, committed 45632K, reserved 1089536K
  class space    used 5315K, capacity 5618K, committed 5732K, reserved 1048576K
2019-02-22T17:27:16.080-0700: 81532.445: [GC (Allocation Failure) 2019-02-22T17:27:16.080-0700: 81532.445: [ParNew
Desired survivor size 20112992 bytes, new threshold 8 (max 8)
- age   1:    1735480 bytes,    1735480 total
- age   2:   10960512 bytes,   12695992 total
- age   3:    1877280 bytes,   14573272 total
- age   4:    2645088 bytes,   17218360 total
: 109233K->21824K(109248K), 0.0196323 secs] 434354K->353396K(502464K), 0.0197145 secs] [Times: user=0.06 sys=0.00, real=0.02 secs] 
Heap after GC invocations=696 (full 101):
 par new generation   total 109248K, used 21824K [0x00000000e0000000, 0x00000000e8000000, 0x00000000e8000000)
  eden space 87424K,   0% used [0x00000000e0000000, 0x00000000e0000000, 0x00000000e5560000)
  from space 21824K, 100% used [0x00000000e5560000, 0x00000000e6ab0000, 0x00000000e6ab0000)
  to   space 21824K,   0% used [0x00000000e6ab0000, 0x00000000e6ab0000, 0x00000000e8000000)
 concurrent mark-sweep generation total 393216K, used 331572K [0x00000000e8000000, 0x0000000100000000, 0x0000000100000000)
 Metaspace       used 44031K, capacity 45305K, committed 45632K, reserved 1089536K
  class space    used 5315K, capacity 5618K, committed 5732K, reserved 1048576K
}
2019-02-22T17:27:16.099-0700: 81532.465: Total time for which application threads were stopped: 0.0201145 seconds, Stopping threads took: 0.0001028 seconds
2019-02-22T17:27:16.165-0700: 81532.530: [CMS-concurrent-sweep: 0.108/0.161 secs] [Times: user=0.56 sys=0.00, real=0.16 secs] 
2019-02-22T17:27:16.165-0700: 81532.530: [CMS-concurrent-reset-start]
2019-02-22T17:27:16.166-0700: 81532.531: [CMS-concurrent-reset: 0.001/0.001 secs] [Times: user=0.00 sys=0.00, real=0.00 secs] 
{Heap before GC invocations=696 (full 101):
 par new generation   total 109248K, used 109248K [0x00000000e0000000, 0x00000000e8000000, 0x00000000e8000000)
  eden space 87424K, 100% used [0x00000000e0000000, 0x00000000e5560000, 0x00000000e5560000)
  from space 21824K, 100% used [0x00000000e5560000, 0x00000000e6ab0000, 0x00000000e6ab0000)
  to   space 21824K,   0% used [0x00000000e6ab0000, 0x00000000e6ab0000, 0x00000000e8000000)
 concurrent mark-sweep generation total 393216K, used 291254K [0x00000000e8000000, 0x0000000100000000, 0x0000000100000000)
 Metaspace       used 44031K, capacity 45305K, committed 45632K, reserved 1089536K
  class space    used 5315K, capacity 5618K, committed 5732K, reserved 1048576K
2019-02-22T17:27:16.195-0700: 81532.561: [GC (Allocation Failure) 2019-02-22T17:27:16.195-0700: 81532.561: [ParNew
Desired survivor size 20112992 bytes, new threshold 8 (max 8)
- age   1:     682512 bytes,     682512 total
- age   2:    1374816 bytes,    2057328 total
- age   3:   10963600 bytes,   13020928 total
- age   4:    1780296 bytes,   14801224 total
- age   5:    2616544 bytes,   17417768 total
: 109248K->21824K(109248K), 0.0133058 secs] 400502K->313115K(502464K), 0.0134019 secs] [Times: user=0.06 sys=0.00, real=0.01 secs] 
Heap after GC invocations=697 (full 101):
 par new generation   total 109248K, used 21824K [0x00000000e0000000, 0x00000000e8000000, 0x00000000e8000000)
  eden space 87424K,   0% used [0x00000000e0000000, 0x00000000e0000000, 0x00000000e5560000)
  from space 21824K, 100% used [0x00000000e6ab0000, 0x00000000e8000000, 0x00000000e8000000)
  to   space 21824K,   0% used [0x00000000e5560000, 0x00000000e5560000, 0x00000000e6ab0000)
 concurrent mark-sweep generation total 393216K, used 291291K [0x00000000e8000000, 0x0000000100000000, 0x0000000100000000)
 Metaspace       used 44031K, capacity 45305K, committed 45632K, reserved 1089536K
  class space    used 5315K, capacity 5618K, committed 5732K, reserved 1048576K
}
2019-02-22T17:27:16.209-0700: 81532.575: Total time for which application threads were stopped: 0.0137757 seconds, Stopping threads took: 0.0000334 seconds
2019-02-22T17:27:16.209-0700: 81532.575: [GC (CMS Initial Mark) [1 CMS-initial-mark: 291291K(393216K)] 314221K(502464K), 0.0023657 secs] [Times: user=0.00 sys=0.00, real=0.00 secs] 
2019-02-22T17:27:16.211-0700: 81532.577: Total time for which application threads were stopped: 0.0025960 seconds, Stopping threads took: 0.0000632 seconds
2019-02-22T17:27:16.211-0700: 81532.577: [CMS-concurrent-mark-start]
{Heap before GC invocations=697 (full 102):
 par new generation   total 109248K, used 108937K [0x00000000e0000000, 0x00000000e8000000, 0x00000000e8000000)
  eden space 87424K,  99% used [0x00000000e0000000, 0x00000000e55127f8, 0x00000000e5560000)
  from space 21824K, 100% used [0x00000000e6ab0000, 0x00000000e8000000, 0x00000000e8000000)
  to   space 21824K,   0% used [0x00000000e5560000, 0x00000000e5560000, 0x00000000e6ab0000)
 concurrent mark-sweep generation total 393216K, used 291291K [0x00000000e8000000, 0x0000000100000000, 0x0000000100000000)
 Metaspace       used 44031K, capacity 45305K, committed 45632K, reserved 1089536K
  class space    used 5315K, capacity 5618K, committed 5732K, reserved 1048576K
2019-02-22T17:27:16.305-0700: 81532.670: [GC (Allocation Failure) 2019-02-22T17:27:16.305-0700: 81532.670: [ParNew
Desired survivor size 20112992 bytes, new threshold 8 (max 8)
- age   1:    2183552 bytes,    2183552 total
- age   2:     329024 bytes,    2512576 total
- age   3:    1315304 bytes,    3827880 total
- age   4:   10367632 bytes,   14195512 total
- age   5:    1561904 bytes,   15757416 total
- age   6:    2536128 bytes,   18293544 total
: 108937K->21824K(109248K), 0.0138641 secs] 400229K->313600K(502464K), 0.0139571 secs] [Times: user=0.06 sys=0.00, real=0.01 secs] 
Heap after GC invocations=698 (full 102):
 par new generation   total 109248K, used 21824K [0x00000000e0000000, 0x00000000e8000000, 0x00000000e8000000)
  eden space 87424K,   0% used [0x00000000e0000000, 0x00000000e0000000, 0x00000000e5560000)
  from space 21824K, 100% used [0x00000000e5560000, 0x00000000e6ab0000, 0x00000000e6ab0000)
  to   space 21824K,   0% used [0x00000000e6ab0000, 0x00000000e6ab0000, 0x00000000e8000000)
 concurrent mark-sweep generation total 393216K, used 291776K [0x00000000e8000000, 0x0000000100000000, 0x0000000100000000)
 Metaspace       used 44031K, capacity 45305K, committed 45632K, reserved 1089536K
  class space    used 5315K, capacity 5618K, committed 5732K, reserved 1048576K
}
2019-02-22T17:27:16.319-0700: 81532.684: Total time for which application threads were stopped: 0.0142352 seconds, Stopping threads took: 0.0000236 seconds
2019-02-22T17:27:16.326-0700: 81532.692: [CMS-concurrent-mark: 0.100/0.115 secs] [Times: user=0.53 sys=0.01, real=0.12 secs] 
2019-02-22T17:27:16.327-0700: 81532.692: [CMS-concurrent-preclean-start]
{Heap before GC invocations=698 (full 102):
 par new generation   total 109248K, used 109040K [0x00000000e0000000, 0x00000000e8000000, 0x00000000e8000000)
  eden space 87424K,  99% used [0x00000000e0000000, 0x00000000e552c120, 0x00000000e5560000)
  from space 21824K, 100% used [0x00000000e5560000, 0x00000000e6ab0000, 0x00000000e6ab0000)
  to   space 21824K,   0% used [0x00000000e6ab0000, 0x00000000e6ab0000, 0x00000000e8000000)
 concurrent mark-sweep generation total 393216K, used 291776K [0x00000000e8000000, 0x0000000100000000, 0x0000000100000000)
 Metaspace       used 44031K, capacity 45305K, committed 45632K, reserved 1089536K
  class space    used 5315K, capacity 5618K, committed 5732K, reserved 1048576K
2019-02-22T17:27:16.329-0700: 81532.694: [GC (Allocation Failure) 2019-02-22T17:27:16.329-0700: 81532.694: [ParNew
Desired survivor size 20112992 bytes, new threshold 8 (max 8)
- age   1:      36328 bytes,      36328 total
- age   2:    2165888 bytes,    2202216 total
- age   3:     329024 bytes,    2531240 total
- age   4:    1315304 bytes,    3846544 total
- age   5:   10334848 bytes,   14181392 total
- age   6:    1561904 bytes,   15743296 total
- age   7:    2536128 bytes,   18279424 total
: 109040K->21538K(109248K), 0.0117827 secs] 400816K->313314K(502464K), 0.0118762 secs] [Times: user=0.00 sys=0.00, real=0.01 secs] 
Heap after GC invocations=699 (full 102):
 par new generation   total 109248K, used 21538K [0x00000000e0000000, 0x00000000e8000000, 0x00000000e8000000)
  eden space 87424K,   0% used [0x00000000e0000000, 0x00000000e0000000, 0x00000000e5560000)
  from space 21824K,  98% used [0x00000000e6ab0000, 0x00000000e7fb8a38, 0x00000000e8000000)
  to   space 21824K,   0% used [0x00000000e5560000, 0x00000000e5560000, 0x00000000e6ab0000)
 concurrent mark-sweep generation total 393216K, used 291776K [0x00000000e8000000, 0x0000000100000000, 0x0000000100000000)
 Metaspace       used 44031K, capacity 45305K, committed 45632K, reserved 1089536K
  class space    used 5315K, capacity 5618K, committed 5732K, reserved 1048576K
}
2019-02-22T17:27:16.341-0700: 81532.706: Total time for which application threads were stopped: 0.0122345 seconds, Stopping threads took: 0.0000360 seconds
2019-02-22T17:27:16.363-0700: 81532.728: [CMS-concurrent-preclean: 0.022/0.036 secs] [Times: user=0.08 sys=0.00, real=0.04 secs] 
2019-02-22T17:27:16.363-0700: 81532.728: [CMS-concurrent-abortable-preclean-start]
{Heap before GC invocations=699 (full 102):
 par new generation   total 109248K, used 108680K [0x00000000e0000000, 0x00000000e8000000, 0x00000000e8000000)
  eden space 87424K,  99% used [0x00000000e0000000, 0x00000000e5519688, 0x00000000e5560000)
  from space 21824K,  98% used [0x00000000e6ab0000, 0x00000000e7fb8a38, 0x00000000e8000000)
  to   space 21824K,   0% used [0x00000000e5560000, 0x00000000e5560000, 0x00000000e6ab0000)
 concurrent mark-sweep generation total 393216K, used 291776K [0x00000000e8000000, 0x0000000100000000, 0x0000000100000000)
 Metaspace       used 44031K, capacity 45305K, committed 45632K, reserved 1089536K
  class space    used 5315K, capacity 5618K, committed 5732K, reserved 1048576K
2019-02-22T17:27:16.422-0700: 81532.787: [GC (Allocation Failure) 2019-02-22T17:27:16.422-0700: 81532.787: [ParNew
Desired survivor size 20112992 bytes, new threshold 8 (max 8)
- age   1:     414576 bytes,     414576 total
- age   2:      18280 bytes,     432856 total
- age   3:    2145176 bytes,    2578032 total
- age   4:     321544 bytes,    2899576 total
- age   5:    1080208 bytes,    3979784 total
- age   6:   10316128 bytes,   14295912 total
- age   7:    1561344 bytes,   15857256 total
- age   8:    2531616 bytes,   18388872 total
: 108680K->21824K(109248K), 0.0182731 secs] 400456K->313869K(502464K), 0.0183687 secs] [Times: user=0.00 sys=0.02, real=0.02 secs] 
Heap after GC invocations=700 (full 102):
 par new generation   total 109248K, used 21824K [0x00000000e0000000, 0x00000000e8000000, 0x00000000e8000000)
  eden space 87424K,   0% used [0x00000000e0000000, 0x00000000e0000000, 0x00000000e5560000)
  from space 21824K, 100% used [0x00000000e5560000, 0x00000000e6ab0000, 0x00000000e6ab0000)
  to   space 21824K,   0% used [0x00000000e6ab0000, 0x00000000e6ab0000, 0x00000000e8000000)
 concurrent mark-sweep generation total 393216K, used 292045K [0x00000000e8000000, 0x0000000100000000, 0x0000000100000000)
 Metaspace       used 44031K, capacity 45305K, committed 45632K, reserved 1089536K
  class space    used 5315K, capacity 5618K, committed 5732K, reserved 1048576K
}
2019-02-22T17:27:16.441-0700: 81532.806: Total time for which application threads were stopped: 0.0187024 seconds, Stopping threads took: 0.0000298 seconds
{Heap before GC invocations=700 (full 102):
 par new generation   total 109248K, used 109248K [0x00000000e0000000, 0x00000000e8000000, 0x00000000e8000000)
  eden space 87424K, 100% used [0x00000000e0000000, 0x00000000e5560000, 0x00000000e5560000)
  from space 21824K, 100% used [0x00000000e5560000, 0x00000000e6ab0000, 0x00000000e6ab0000)
  to   space 21824K,   0% used [0x00000000e6ab0000, 0x00000000e6ab0000, 0x00000000e8000000)
 concurrent mark-sweep generation total 393216K, used 292045K [0x00000000e8000000, 0x0000000100000000, 0x0000000100000000)
 Metaspace       used 44031K, capacity 45305K, committed 45632K, reserved 1089536K
  class space    used 5315K, capacity 5618K, committed 5732K, reserved 1048576K
2019-02-22T17:27:16.450-0700: 81532.816: [GC (Allocation Failure) 2019-02-22T17:27:16.451-0700: 81532.816: [ParNew
Desired survivor size 20112992 bytes, new threshold 8 (max 8)
- age   1:      34800 bytes,      34800 total
- age   2:     395184 bytes,     429984 total
- age   3:      18144 bytes,     448128 total
- age   4:    2145176 bytes,    2593304 total
- age   5:     320896 bytes,    2914200 total
- age   6:    1072240 bytes,    3986440 total
- age   7:   10043528 bytes,   14029968 total
- age   8:    1561400 bytes,   15591368 total
: 109248K->21824K(109248K), 0.0149179 secs] 401293K->316621K(502464K), 0.0150582 secs] [Times: user=0.06 sys=0.00, real=0.02 secs] 
Heap after GC invocations=701 (full 102):
 par new generation   total 109248K, used 21824K [0x00000000e0000000, 0x00000000e8000000, 0x00000000e8000000)
  eden space 87424K,   0% used [0x00000000e0000000, 0x00000000e0000000, 0x00000000e5560000)
  from space 21824K, 100% used [0x00000000e6ab0000, 0x00000000e8000000, 0x00000000e8000000)
  to   space 21824K,   0% used [0x00000000e5560000, 0x00000000e5560000, 0x00000000e6ab0000)
 concurrent mark-sweep generation total 393216K, used 294797K [0x00000000e8000000, 0x0000000100000000, 0x0000000100000000)
 Metaspace       used 44031K, capacity 45305K, committed 45632K, reserved 1089536K
  class space    used 5315K, capacity 5618K, committed 5732K, reserved 1048576K
}
2019-02-22T17:27:16.466-0700: 81532.831: Total time for which application threads were stopped: 0.0154263 seconds, Stopping threads took: 0.0000401 seconds
2019-02-22T17:27:16.489-0700: 81532.854: [CMS-concurrent-abortable-preclean: 0.089/0.126 secs] [Times: user=0.28 sys=0.02, real=0.13 secs] 
2019-02-22T17:27:16.489-0700: 81532.854: [GC (CMS Final Remark) [YG occupancy: 60990 K (109248 K)]{Heap before GC invocations=701 (full 102):
 par new generation   total 109248K, used 60990K [0x00000000e0000000, 0x00000000e8000000, 0x00000000e8000000)
  eden space 87424K,  44% used [0x00000000e0000000, 0x00000000e263fb00, 0x00000000e5560000)
  from space 21824K, 100% used [0x00000000e6ab0000, 0x00000000e8000000, 0x00000000e8000000)
  to   space 21824K,   0% used [0x00000000e5560000, 0x00000000e5560000, 0x00000000e6ab0000)
 concurrent mark-sweep generation total 393216K, used 294797K [0x00000000e8000000, 0x0000000100000000, 0x0000000100000000)
 Metaspace       used 44031K, capacity 45305K, committed 45632K, reserved 1089536K
  class space    used 5315K, capacity 5618K, committed 5732K, reserved 1048576K
2019-02-22T17:27:16.490-0700: 81532.855: [GC (CMS Final Remark) 2019-02-22T17:27:16.490-0700: 81532.855: [ParNew
Desired survivor size 20112992 bytes, new threshold 8 (max 8)
- age   1:      52248 bytes,      52248 total
- age   2:      17584 bytes,      69832 total
- age   3:     376688 bytes,     446520 total
- age   4:      18144 bytes,     464664 total
- age   5:    2145176 bytes,    2609840 total
- age   6:     320896 bytes,    2930736 total
- age   7:    1072240 bytes,    4002976 total
- age   8:   10043528 bytes,   14046504 total
: 60990K->17785K(109248K), 0.0142013 secs] 355788K->314108K(502464K), 0.0142758 secs] [Times: user=0.06 sys=0.00, real=0.01 secs] 
Heap after GC invocations=702 (full 102):
 par new generation   total 109248K, used 17785K [0x00000000e0000000, 0x00000000e8000000, 0x00000000e8000000)
  eden space 87424K,   0% used [0x00000000e0000000, 0x00000000e0000000, 0x00000000e5560000)
  from space 21824K,  81% used [0x00000000e5560000, 0x00000000e66be6f8, 0x00000000e6ab0000)
  to   space 21824K,   0% used [0x00000000e6ab0000, 0x00000000e6ab0000, 0x00000000e8000000)
 concurrent mark-sweep generation total 393216K, used 296322K [0x00000000e8000000, 0x0000000100000000, 0x0000000100000000)
 Metaspace       used 44031K, capacity 45305K, committed 45632K, reserved 1089536K
  class space    used 5315K, capacity 5618K, committed 5732K, reserved 1048576K
}
2019-02-22T17:27:16.504-0700: 81532.869: [Rescan (parallel) , 0.0063172 secs]2019-02-22T17:27:16.510-0700: 81532.875: [weak refs processing, 0.0027307 secs]2019-02-22T17:27:16.513-0700: 81532.878: [class unloading, 0.0123291 secs]2019-02-22T17:27:16.526-0700: 81532.890: [scrub symbol table, 0.0074507 secs]2019-02-22T17:27:16.532-0700: 81532.898: [scrub string table, 0.0007366 secs][1 CMS-remark: 296322K(393216K)] 314108K(502464K), 0.0445974 secs] [Times: user=0.09 sys=0.00, real=0.04 secs] 
2019-02-22T17:27:16.533-0700: 81532.899: Total time for which application threads were stopped: 0.0448565 seconds, Stopping threads took: 0.0000740 seconds
2019-02-22T17:27:16.533-0700: 81532.899: [CMS-concurrent-sweep-start]
{Heap before GC invocations=702 (full 102):
 par new generation   total 109248K, used 105206K [0x00000000e0000000, 0x00000000e8000000, 0x00000000e8000000)
  eden space 87424K,  99% used [0x00000000e0000000, 0x00000000e555f1a8, 0x00000000e5560000)
  from space 21824K,  81% used [0x00000000e5560000, 0x00000000e66be6f8, 0x00000000e6ab0000)
  to   space 21824K,   0% used [0x00000000e6ab0000, 0x00000000e6ab0000, 0x00000000e8000000)
 concurrent mark-sweep generation total 393216K, used 279161K [0x00000000e8000000, 0x0000000100000000, 0x0000000100000000)
 Metaspace       used 44031K, capacity 45305K, committed 45632K, reserved 1089536K
  class space    used 5315K, capacity 5618K, committed 5732K, reserved 1048576K
2019-02-22T17:27:16.583-0700: 81532.949: [GC (Allocation Failure) 2019-02-22T17:27:16.583-0700: 81532.949: [ParNew
Desired survivor size 20112992 bytes, new threshold 8 (max 8)
- age   1:     417952 bytes,     417952 total
- age   2:       6240 bytes,     424192 total
- age   3:      17584 bytes,     441776 total
- age   4:     376512 bytes,     818288 total
- age   5:      18144 bytes,     836432 total
- age   6:    2145128 bytes,    2981560 total
- age   7:     319440 bytes,    3301000 total
- age   8:     942544 bytes,    4243544 total
: 105206K->7672K(109248K), 0.0147010 secs] 384367K->296495K(502464K), 0.0148058 secs] [Times: user=0.06 sys=0.00, real=0.02 secs] 
Heap after GC invocations=703 (full 102):
 par new generation   total 109248K, used 7672K [0x00000000e0000000, 0x00000000e8000000, 0x00000000e8000000)
  eden space 87424K,   0% used [0x00000000e0000000, 0x00000000e0000000, 0x00000000e5560000)
  from space 21824K,  35% used [0x00000000e6ab0000, 0x00000000e722e340, 0x00000000e8000000)
  to   space 21824K,   0% used [0x00000000e5560000, 0x00000000e5560000, 0x00000000e6ab0000)
 concurrent mark-sweep generation total 393216K, used 288822K [0x00000000e8000000, 0x0000000100000000, 0x0000000100000000)
 Metaspace       used 44031K, capacity 45305K, committed 45632K, reserved 1089536K
  class space    used 5315K, capacity 5618K, committed 5732K, reserved 1048576K
}
2019-02-22T17:27:16.598-0700: 81532.964: Total time for which application threads were stopped: 0.0151765 seconds, Stopping threads took: 0.0000365 seconds
{Heap before GC invocations=703 (full 102):
 par new generation   total 109248K, used 94631K [0x00000000e0000000, 0x00000000e8000000, 0x00000000e8000000)
  eden space 87424K,  99% used [0x00000000e0000000, 0x00000000e54ebb60, 0x00000000e5560000)
  from space 21824K,  35% used [0x00000000e6ab0000, 0x00000000e722e340, 0x00000000e8000000)
  to   space 21824K,   0% used [0x00000000e5560000, 0x00000000e5560000, 0x00000000e6ab0000)
 concurrent mark-sweep generation total 393216K, used 285924K [0x00000000e8000000, 0x0000000100000000, 0x0000000100000000)
 Metaspace       used 44031K, capacity 45305K, committed 45632K, reserved 1089536K
  class space    used 5315K, capacity 5618K, committed 5732K, reserved 1048576K
2019-02-22T17:27:16.610-0700: 81532.975: [GC (Allocation Failure) 2019-02-22T17:27:16.610-0700: 81532.975: [ParNew
Desired survivor size 20112992 bytes, new threshold 8 (max 8)
- age   1:      36040 bytes,      36040 total
- age   2:     417536 bytes,     453576 total
- age   3:       6240 bytes,     459816 total
- age   4:      17584 bytes,     477400 total
- age   5:     376512 bytes,     853912 total
- age   6:      18144 bytes,     872056 total
- age   7:    2145128 bytes,    3017184 total
- age   8:     319440 bytes,    3336624 total
: 94631K->4716K(109248K), 0.0114609 secs] 380555K->291562K(502464K), 0.0115513 secs] [Times: user=0.00 sys=0.00, real=0.01 secs] 
Heap after GC invocations=704 (full 102):
 par new generation   total 109248K, used 4716K [0x00000000e0000000, 0x00000000e8000000, 0x00000000e8000000)
  eden space 87424K,   0% used [0x00000000e0000000, 0x00000000e0000000, 0x00000000e5560000)
  from space 21824K,  21% used [0x00000000e5560000, 0x00000000e59fb288, 0x00000000e6ab0000)
  to   space 21824K,   0% used [0x00000000e6ab0000, 0x00000000e6ab0000, 0x00000000e8000000)
 concurrent mark-sweep generation total 393216K, used 286845K [0x00000000e8000000, 0x0000000100000000, 0x0000000100000000)
 Metaspace       used 44031K, capacity 45305K, committed 45632K, reserved 1089536K
  class space    used 5315K, capacity 5618K, committed 5732K, reserved 1048576K
}
2019-02-22T17:27:16.621-0700: 81532.987: Total time for which application threads were stopped: 0.0119513 seconds, Stopping threads took: 0.0000360 seconds
2019-02-22T17:27:16.664-0700: 81533.030: [CMS-concurrent-sweep: 0.104/0.131 secs] [Times: user=0.25 sys=0.01, real=0.13 secs] 
2019-02-22T17:27:16.664-0700: 81533.030: [CMS-concurrent-reset-start]
2019-02-22T17:27:16.665-0700: 81533.031: [CMS-concurrent-reset: 0.001/0.001 secs] [Times: user=0.00 sys=0.00, real=0.00 secs] 
{Heap before GC invocations=704 (full 102):
 par new generation   total 109248K, used 92140K [0x00000000e0000000, 0x00000000e8000000, 0x00000000e8000000)
  eden space 87424K, 100% used [0x00000000e0000000, 0x00000000e5560000, 0x00000000e5560000)
  from space 21824K,  21% used [0x00000000e5560000, 0x00000000e59fb288, 0x00000000e6ab0000)
  to   space 21824K,   0% used [0x00000000e6ab0000, 0x00000000e6ab0000, 0x00000000e8000000)
 concurrent mark-sweep generation total 393216K, used 259893K [0x00000000e8000000, 0x0000000100000000, 0x0000000100000000)
 Metaspace       used 44031K, capacity 45305K, committed 45632K, reserved 1089536K
  class space    used 5315K, capacity 5618K, committed 5732K, reserved 1048576K
2019-02-22T17:27:16.720-0700: 81533.086: [GC (Allocation Failure) 2019-02-22T17:27:16.720-0700: 81533.086: [ParNew
Desired survivor size 20112992 bytes, new threshold 8 (max 8)
- age   1:     298880 bytes,     298880 total
- age   2:      18752 bytes,     317632 total
- age   3:     399040 bytes,     716672 total
- age   4:       6240 bytes,     722912 total
- age   5:      17584 bytes,     740496 total
- age   6:     376512 bytes,    1117008 total
- age   7:      18144 bytes,    1135152 total
- age   8:    2145008 bytes,    3280160 total
: 92140K->4265K(109248K), 0.0090515 secs] 352033K->264470K(502464K), 0.0091353 secs] [Times: user=0.00 sys=0.00, real=0.01 secs] 
Heap after GC invocations=705 (full 102):
 par new generation   total 109248K, used 4265K [0x00000000e0000000, 0x00000000e8000000, 0x00000000e8000000)
  eden space 87424K,   0% used [0x00000000e0000000, 0x00000000e0000000, 0x00000000e5560000)
  from space 21824K,  19% used [0x00000000e6ab0000, 0x00000000e6eda578, 0x00000000e8000000)
  to   space 21824K,   0% used [0x00000000e5560000, 0x00000000e5560000, 0x00000000e6ab0000)
 concurrent mark-sweep generation total 393216K, used 260205K [0x00000000e8000000, 0x0000000100000000, 0x0000000100000000)
 Metaspace       used 44031K, capacity 45305K, committed 45632K, reserved 1089536K
  class space    used 5315K, capacity 5618K, committed 5732K, reserved 1048576K
}
2019-02-22T17:27:16.730-0700: 81533.095: Total time for which application threads were stopped: 0.0094653 seconds, Stopping threads took: 0.0000303 seconds
2019-02-22T17:27:16.730-0700: 81533.096: [GC (CMS Initial Mark) [1 CMS-initial-mark: 260205K(393216K)] 266084K(502464K), 0.0018182 secs] [Times: user=0.00 sys=0.00, real=0.00 secs] 
2019-02-22T17:27:16.732-0700: 81533.097: Total time for which application threads were stopped: 0.0020403 seconds, Stopping threads took: 0.0000617 seconds
2019-02-22T17:27:16.732-0700: 81533.098: [CMS-concurrent-mark-start]
{Heap before GC invocations=705 (full 103):
 par new generation   total 109248K, used 91374K [0x00000000e0000000, 0x00000000e8000000, 0x00000000e8000000)
  eden space 87424K,  99% used [0x00000000e0000000, 0x00000000e5511660, 0x00000000e5560000)
  from space 21824K,  19% used [0x00000000e6ab0000, 0x00000000e6eda578, 0x00000000e8000000)
  to   space 21824K,   0% used [0x00000000e5560000, 0x00000000e5560000, 0x00000000e6ab0000)
 concurrent mark-sweep generation total 393216K, used 260205K [0x00000000e8000000, 0x0000000100000000, 0x0000000100000000)
 Metaspace       used 44031K, capacity 45305K, committed 45632K, reserved 1089536K
  class space    used 5315K, capacity 5618K, committed 5732K, reserved 1048576K
2019-02-22T17:27:16.750-0700: 81533.115: [GC (Allocation Failure) 2019-02-22T17:27:16.750-0700: 81533.115: [ParNew
Desired survivor size 20112992 bytes, new threshold 8 (max 8)
- age   1:     191776 bytes,     191776 total
- age   2:     297936 bytes,     489712 total
- age   3:      18752 bytes,     508464 total
- age   4:     398832 bytes,     907296 total
- age   5:       6240 bytes,     913536 total
- age   6:      17584 bytes,     931120 total
- age   7:     376512 bytes,    1307632 total
- age   8:      18144 bytes,    1325776 total
: 91374K->2093K(109248K), 0.0120119 secs] 351580K->264406K(502464K), 0.0121235 secs] [Times: user=0.00 sys=0.00, real=0.01 secs] 
Heap after GC invocations=706 (full 103):
 par new generation   total 109248K, used 2093K [0x00000000e0000000, 0x00000000e8000000, 0x00000000e8000000)
  eden space 87424K,   0% used [0x00000000e0000000, 0x00000000e0000000, 0x00000000e5560000)
  from space 21824K,   9% used [0x00000000e5560000, 0x00000000e576b7c8, 0x00000000e6ab0000)
  to   space 21824K,   0% used [0x00000000e6ab0000, 0x00000000e6ab0000, 0x00000000e8000000)
 concurrent mark-sweep generation total 393216K, used 262312K [0x00000000e8000000, 0x0000000100000000, 0x0000000100000000)
 Metaspace       used 44031K, capacity 45305K, committed 45632K, reserved 1089536K
  class space    used 5315K, capacity 5618K, committed 5732K, reserved 1048576K
}
2019-02-22T17:27:16.762-0700: 81533.127: Total time for which application threads were stopped: 0.0125301 seconds, Stopping threads took: 0.0000427 seconds
{Heap before GC invocations=706 (full 103):
 par new generation   total 109248K, used 89449K [0x00000000e0000000, 0x00000000e8000000, 0x00000000e8000000)
  eden space 87424K,  99% used [0x00000000e0000000, 0x00000000e554ece8, 0x00000000e5560000)
  from space 21824K,   9% used [0x00000000e5560000, 0x00000000e576b7c8, 0x00000000e6ab0000)
  to   space 21824K,   0% used [0x00000000e6ab0000, 0x00000000e6ab0000, 0x00000000e8000000)
 concurrent mark-sweep generation total 393216K, used 262312K [0x00000000e8000000, 0x0000000100000000, 0x0000000100000000)
 Metaspace       used 44031K, capacity 45305K, committed 45632K, reserved 1089536K
  class space    used 5315K, capacity 5618K, committed 5732K, reserved 1048576K
2019-02-22T17:27:16.838-0700: 81533.204: [GC (Allocation Failure) 2019-02-22T17:27:16.838-0700: 81533.204: [ParNew
Desired survivor size 20112992 bytes, new threshold 8 (max 8)
- age   1:     413560 bytes,     413560 total
- age   2:     155752 bytes,     569312 total
- age   3:     297936 bytes,     867248 total
- age   4:      18752 bytes,     886000 total
- age   5:     398832 bytes,    1284832 total
- age   6:       6240 bytes,    1291072 total
- age   7:      17584 bytes,    1308656 total
- age   8:     376512 bytes,    1685168 total
: 89449K->1856K(109248K), 0.0073227 secs] 351761K->264187K(502464K), 0.0074019 secs] [Times: user=0.03 sys=0.02, real=0.01 secs] 
Heap after GC invocations=707 (full 103):
 par new generation   total 109248K, used 1856K [0x00000000e0000000, 0x00000000e8000000, 0x00000000e8000000)
  eden space 87424K,   0% used [0x00000000e0000000, 0x00000000e0000000, 0x00000000e5560000)
  from space 21824K,   8% used [0x00000000e6ab0000, 0x00000000e6c80060, 0x00000000e8000000)
  to   space 21824K,   0% used [0x00000000e5560000, 0x00000000e5560000, 0x00000000e6ab0000)
 concurrent mark-sweep generation total 393216K, used 262331K [0x00000000e8000000, 0x0000000100000000, 0x0000000100000000)
 Metaspace       used 44031K, capacity 45305K, committed 45632K, reserved 1089536K
  class space    used 5315K, capacity 5618K, committed 5732K, reserved 1048576K
}
2019-02-22T17:27:16.846-0700: 81533.212: Total time for which application threads were stopped: 0.0077052 seconds, Stopping threads took: 0.0000267 seconds
2019-02-22T17:27:16.856-0700: 81533.222: [CMS-concurrent-mark: 0.104/0.124 secs] [Times: user=0.47 sys=0.06, real=0.12 secs] 
2019-02-22T17:27:16.856-0700: 81533.222: [CMS-concurrent-preclean-start]
{Heap before GC invocations=707 (full 103):
 par new generation   total 109248K, used 89280K [0x00000000e0000000, 0x00000000e8000000, 0x00000000e8000000)
  eden space 87424K, 100% used [0x00000000e0000000, 0x00000000e5560000, 0x00000000e5560000)
  from space 21824K,   8% used [0x00000000e6ab0000, 0x00000000e6c80060, 0x00000000e8000000)
  to   space 21824K,   0% used [0x00000000e5560000, 0x00000000e5560000, 0x00000000e6ab0000)
 concurrent mark-sweep generation total 393216K, used 262331K [0x00000000e8000000, 0x0000000100000000, 0x0000000100000000)
 Metaspace       used 44031K, capacity 45305K, committed 45632K, reserved 1089536K
  class space    used 5315K, capacity 5618K, committed 5732K, reserved 1048576K
2019-02-22T17:27:16.856-0700: 81533.222: [GC (Allocation Failure) 2019-02-22T17:27:16.856-0700: 81533.222: [ParNew
Desired survivor size 20112992 bytes, new threshold 8 (max 8)
- age   1:      19216 bytes,      19216 total
- age   2:     396408 bytes,     415624 total
- age   3:     155752 bytes,     571376 total
- age   4:     297936 bytes,     869312 total
- age   5:      18752 bytes,     888064 total
- age   6:     398832 bytes,    1286896 total
- age   7:       6240 bytes,    1293136 total
- age   8:      17584 bytes,    1310720 total
: 89280K->1774K(109248K), 0.0073906 secs] 351611K->264482K(502464K), 0.0074728 secs] [Times: user=0.06 sys=0.00, real=0.01 secs] 
Heap after GC invocations=708 (full 103):
 par new generation   total 109248K, used 1774K [0x00000000e0000000, 0x00000000e8000000, 0x00000000e8000000)
  eden space 87424K,   0% used [0x00000000e0000000, 0x00000000e0000000, 0x00000000e5560000)
  from space 21824K,   8% used [0x00000000e5560000, 0x00000000e571bb60, 0x00000000e6ab0000)
  to   space 21824K,   0% used [0x00000000e6ab0000, 0x00000000e6ab0000, 0x00000000e8000000)
 concurrent mark-sweep generation total 393216K, used 262708K [0x00000000e8000000, 0x0000000100000000, 0x0000000100000000)
 Metaspace       used 44031K, capacity 45305K, committed 45632K, reserved 1089536K
  class space    used 5315K, capacity 5618K, committed 5732K, reserved 1048576K
}
2019-02-22T17:27:16.864-0700: 81533.230: Total time for which application threads were stopped: 0.0078383 seconds, Stopping threads took: 0.0000386 seconds
2019-02-22T17:27:16.893-0700: 81533.258: [CMS-concurrent-preclean: 0.026/0.037 secs] [Times: user=0.11 sys=0.02, real=0.04 secs] 
2019-02-22T17:27:16.893-0700: 81533.258: [CMS-concurrent-abortable-preclean-start]
{Heap before GC invocations=708 (full 103):
 par new generation   total 109248K, used 89198K [0x00000000e0000000, 0x00000000e8000000, 0x00000000e8000000)
  eden space 87424K, 100% used [0x00000000e0000000, 0x00000000e5560000, 0x00000000e5560000)
  from space 21824K,   8% used [0x00000000e5560000, 0x00000000e571bb60, 0x00000000e6ab0000)
  to   space 21824K,   0% used [0x00000000e6ab0000, 0x00000000e6ab0000, 0x00000000e8000000)
 concurrent mark-sweep generation total 393216K, used 262708K [0x00000000e8000000, 0x0000000100000000, 0x0000000100000000)
 Metaspace       used 44031K, capacity 45305K, committed 45632K, reserved 1089536K
  class space    used 5315K, capacity 5618K, committed 5732K, reserved 1048576K
2019-02-22T17:27:16.903-0700: 81533.269: [GC (Allocation Failure) 2019-02-22T17:27:16.903-0700: 81533.269: [ParNew
Desired survivor size 20112992 bytes, new threshold 8 (max 8)
- age   1:    1181680 bytes,    1181680 total
- age   2:      18768 bytes,    1200448 total
- age   3:     318408 bytes,    1518856 total
- age   4:      96480 bytes,    1615336 total
- age   5:     297936 bytes,    1913272 total
- age   6:      18752 bytes,    1932024 total
- age   7:     330024 bytes,    2262048 total
- age   8:       6240 bytes,    2268288 total
: 89198K->2713K(109248K), 0.0072569 secs] 351906K->265440K(502464K), 0.0073541 secs] [Times: user=0.06 sys=0.00, real=0.01 secs] 
Heap after GC invocations=709 (full 103):
 par new generation   total 109248K, used 2713K [0x00000000e0000000, 0x00000000e8000000, 0x00000000e8000000)
  eden space 87424K,   0% used [0x00000000e0000000, 0x00000000e0000000, 0x00000000e5560000)
  from space 21824K,  12% used [0x00000000e6ab0000, 0x00000000e6d56698, 0x00000000e8000000)
  to   space 21824K,   0% used [0x00000000e5560000, 0x00000000e5560000, 0x00000000e6ab0000)
 concurrent mark-sweep generation total 393216K, used 262726K [0x00000000e8000000, 0x0000000100000000, 0x0000000100000000)
 Metaspace       used 44031K, capacity 45305K, committed 45632K, reserved 1089536K
  class space    used 5315K, capacity 5618K, committed 5732K, reserved 1048576K
}
2019-02-22T17:27:16.910-0700: 81533.276: Total time for which application threads were stopped: 0.0078419 seconds, Stopping threads took: 0.0001779 seconds
2019-02-22T17:27:16.919-0700: 81533.285: [CMS-concurrent-abortable-preclean: 0.018/0.026 secs] [Times: user=0.06 sys=0.00, real=0.03 secs] 
2019-02-22T17:27:16.919-0700: 81533.285: [GC (CMS Final Remark) [YG occupancy: 9612 K (109248 K)]{Heap before GC invocations=709 (full 103):
 par new generation   total 109248K, used 9612K [0x00000000e0000000, 0x00000000e8000000, 0x00000000e8000000)
  eden space 87424K,   7% used [0x00000000e0000000, 0x00000000e06bcbe8, 0x00000000e5560000)
  from space 21824K,  12% used [0x00000000e6ab0000, 0x00000000e6d56698, 0x00000000e8000000)
  to   space 21824K,   0% used [0x00000000e5560000, 0x00000000e5560000, 0x00000000e6ab0000)
 concurrent mark-sweep generation total 393216K, used 262726K [0x00000000e8000000, 0x0000000100000000, 0x0000000100000000)
 Metaspace       used 44031K, capacity 45305K, committed 45632K, reserved 1089536K
  class space    used 5315K, capacity 5618K, committed 5732K, reserved 1048576K
2019-02-22T17:27:16.919-0700: 81533.285: [GC (CMS Final Remark) 2019-02-22T17:27:16.919-0700: 81533.285: [ParNew
Desired survivor size 20112992 bytes, new threshold 8 (max 8)
- age   1:     634960 bytes,     634960 total
- age   2:    1164808 bytes,    1799768 total
- age   3:      18768 bytes,    1818536 total
- age   4:     318408 bytes,    2136944 total
- age   5:      96480 bytes,    2233424 total
- age   6:     297936 bytes,    2531360 total
- age   7:      18752 bytes,    2550112 total
- age   8:     330024 bytes,    2880136 total
: 9612K->3270K(109248K), 0.0056685 secs] 272339K->266003K(502464K), 0.0057271 secs] [Times: user=0.06 sys=0.00, real=0.01 secs] 
Heap after GC invocations=710 (full 103):
 par new generation   total 109248K, used 3270K [0x00000000e0000000, 0x00000000e8000000, 0x00000000e8000000)
  eden space 87424K,   0% used [0x00000000e0000000, 0x00000000e0000000, 0x00000000e5560000)
  from space 21824K,  14% used [0x00000000e5560000, 0x00000000e5891908, 0x00000000e6ab0000)
  to   space 21824K,   0% used [0x00000000e6ab0000, 0x00000000e6ab0000, 0x00000000e8000000)
 concurrent mark-sweep generation total 393216K, used 262732K [0x00000000e8000000, 0x0000000100000000, 0x0000000100000000)
 Metaspace       used 44031K, capacity 45305K, committed 45632K, reserved 1089536K
  class space    used 5315K, capacity 5618K, committed 5732K, reserved 1048576K
}
2019-02-22T17:27:16.925-0700: 81533.291: [Rescan (parallel) , 0.0033856 secs]2019-02-22T17:27:16.928-0700: 81533.294: [weak refs processing, 0.0016738 secs]2019-02-22T17:27:16.930-0700: 81533.296: [class unloading, 0.0127162 secs]2019-02-22T17:27:16.943-0700: 81533.309: [scrub symbol table, 0.0078943 secs]2019-02-22T17:27:16.951-0700: 81533.317: [scrub string table, 0.0006529 secs][1 CMS-remark: 262732K(393216K)] 266003K(502464K), 0.0325382 secs] [Times: user=0.08 sys=0.00, real=0.03 secs] 
2019-02-22T17:27:16.952-0700: 81533.317: Total time for which application threads were stopped: 0.0327170 seconds, Stopping threads took: 0.0000319 seconds
2019-02-22T17:27:16.952-0700: 81533.317: [CMS-concurrent-sweep-start]
{Heap before GC invocations=710 (full 103):
 par new generation   total 109248K, used 90694K [0x00000000e0000000, 0x00000000e8000000, 0x00000000e8000000)
  eden space 87424K, 100% used [0x00000000e0000000, 0x00000000e5560000, 0x00000000e5560000)
  from space 21824K,  14% used [0x00000000e5560000, 0x00000000e5891908, 0x00000000e6ab0000)
  to   space 21824K,   0% used [0x00000000e6ab0000, 0x00000000e6ab0000, 0x00000000e8000000)
 concurrent mark-sweep generation total 393216K, used 246245K [0x00000000e8000000, 0x0000000100000000, 0x0000000100000000)
 Metaspace       used 44031K, capacity 45305K, committed 45632K, reserved 1089536K
  class space    used 5315K, capacity 5618K, committed 5732K, reserved 1048576K
2019-02-22T17:27:16.989-0700: 81533.355: [GC (Allocation Failure) 2019-02-22T17:27:16.989-0700: 81533.355: [ParNew
Desired survivor size 20112992 bytes, new threshold 8 (max 8)
- age   1:    4063144 bytes,    4063144 total
- age   2:     633656 bytes,    4696800 total
- age   3:    1164808 bytes,    5861608 total
- age   4:      18704 bytes,    5880312 total
- age   5:     317736 bytes,    6198048 total
- age   6:      93776 bytes,    6291824 total
- age   7:     297936 bytes,    6589760 total
- age   8:      15168 bytes,    6604928 total
: 90694K->7728K(109248K), 0.0137813 secs] 336939K->254304K(502464K), 0.0138769 secs] [Times: user=0.06 sys=0.00, real=0.01 secs] 
Heap after GC invocations=711 (full 103):
 par new generation   total 109248K, used 7728K [0x00000000e0000000, 0x00000000e8000000, 0x00000000e8000000)
  eden space 87424K,   0% used [0x00000000e0000000, 0x00000000e0000000, 0x00000000e5560000)
  from space 21824K,  35% used [0x00000000e6ab0000, 0x00000000e723c3c0, 0x00000000e8000000)
  to   space 21824K,   0% used [0x00000000e5560000, 0x00000000e5560000, 0x00000000e6ab0000)
 concurrent mark-sweep generation total 393216K, used 246575K [0x00000000e8000000, 0x0000000100000000, 0x0000000100000000)
 Metaspace       used 44031K, capacity 45305K, committed 45632K, reserved 1089536K
  class space    used 5315K, capacity 5618K, committed 5732K, reserved 1048576K
}
2019-02-22T17:27:17.003-0700: 81533.368: Total time for which application threads were stopped: 0.0142080 seconds, Stopping threads took: 0.0000514 seconds
2019-02-22T17:27:17.007-0700: 81533.372: Total time for which application threads were stopped: 0.0001275 seconds, Stopping threads took: 0.0000267 seconds
2019-02-22T17:27:17.007-0700: 81533.373: Total time for which application threads were stopped: 0.0001254 seconds, Stopping threads took: 0.0000134 seconds
2019-02-22T17:27:17.010-0700: 81533.375: Total time for which application threads were stopped: 0.0002329 seconds, Stopping threads took: 0.0000709 seconds
2019-02-22T17:27:17.060-0700: 81533.425: Total time for which application threads were stopped: 0.0001923 seconds, Stopping threads took: 0.0000401 seconds
2019-02-22T17:27:17.061-0700: 81533.426: Total time for which application threads were stopped: 0.0001532 seconds, Stopping threads took: 0.0000365 seconds
2019-02-22T17:27:17.062-0700: 81533.427: Total time for which application threads were stopped: 0.0002313 seconds, Stopping threads took: 0.0001100 seconds
2019-02-22T17:27:17.062-0700: 81533.428: Total time for which application threads were stopped: 0.0001295 seconds, Stopping threads took: 0.0000319 seconds
2019-02-22T17:27:17.064-0700: 81533.429: Total time for which application threads were stopped: 0.0001352 seconds, Stopping threads took: 0.0000314 seconds
2019-02-22T17:27:17.065-0700: 81533.430: Total time for which application threads were stopped: 0.0001707 seconds, Stopping threads took: 0.0000648 seconds
2019-02-22T17:27:17.066-0700: 81533.431: Total time for which application threads were stopped: 0.0001995 seconds, Stopping threads took: 0.0000936 seconds
2019-02-22T17:27:17.067-0700: 81533.432: Total time for which application threads were stopped: 0.0001074 seconds, Stopping threads took: 0.0000200 seconds
2019-02-22T17:27:17.067-0700: 81533.433: Total time for which application threads were stopped: 0.0001450 seconds, Stopping threads took: 0.0000195 seconds
2019-02-22T17:27:17.069-0700: 81533.434: Total time for which application threads were stopped: 0.0002591 seconds, Stopping threads took: 0.0000884 seconds
2019-02-22T17:27:17.070-0700: 81533.435: Total time for which application threads were stopped: 0.0001419 seconds, Stopping threads took: 0.0000483 seconds
2019-02-22T17:27:17.070-0700: 81533.436: Total time for which application threads were stopped: 0.0003768 seconds, Stopping threads took: 0.0001100 seconds
2019-02-22T17:27:17.076-0700: 81533.441: [CMS-concurrent-sweep: 0.105/0.123 secs] [Times: user=0.28 sys=0.08, real=0.12 secs] 
2019-02-22T17:27:17.076-0700: 81533.441: [CMS-concurrent-reset-start]
2019-02-22T17:27:17.076-0700: 81533.441: [CMS-concurrent-reset: 0.001/0.001 secs] [Times: user=0.00 sys=0.00, real=0.00 secs] 
{Heap before GC invocations=711 (full 103):
 par new generation   total 109248K, used 95152K [0x00000000e0000000, 0x00000000e8000000, 0x00000000e8000000)
  eden space 87424K, 100% used [0x00000000e0000000, 0x00000000e5560000, 0x00000000e5560000)
  from space 21824K,  35% used [0x00000000e6ab0000, 0x00000000e723c3c0, 0x00000000e8000000)
  to   space 21824K,   0% used [0x00000000e5560000, 0x00000000e5560000, 0x00000000e6ab0000)
 concurrent mark-sweep generation total 393216K, used 193980K [0x00000000e8000000, 0x0000000100000000, 0x0000000100000000)
 Metaspace       used 44037K, capacity 45305K, committed 45632K, reserved 1089536K
  class space    used 5315K, capacity 5618K, committed 5732K, reserved 1048576K
2019-02-22T17:27:17.128-0700: 81533.493: [GC (Allocation Failure) 2019-02-22T17:27:17.128-0700: 81533.493: [ParNew
Desired survivor size 20112992 bytes, new threshold 8 (max 8)
- age   1:    9025152 bytes,    9025152 total
- age   2:    4057960 bytes,   13083112 total
- age   3:     633528 bytes,   13716640 total
- age   4:    1164784 bytes,   14881424 total
- age   5:      18704 bytes,   14900128 total
- age   6:     317736 bytes,   15217864 total
- age   7:      93776 bytes,   15311640 total
- age   8:     297816 bytes,   15609456 total
: 95152K->16436K(109248K), 0.0175745 secs] 289133K->210432K(502464K), 0.0176707 secs] [Times: user=0.06 sys=0.00, real=0.02 secs] 
Heap after GC invocations=712 (full 103):
 par new generation   total 109248K, used 16436K [0x00000000e0000000, 0x00000000e8000000, 0x00000000e8000000)
  eden space 87424K,   0% used [0x00000000e0000000, 0x00000000e0000000, 0x00000000e5560000)
  from space 21824K,  75% used [0x00000000e5560000, 0x00000000e656d100, 0x00000000e6ab0000)
  to   space 21824K,   0% used [0x00000000e6ab0000, 0x00000000e6ab0000, 0x00000000e8000000)
 concurrent mark-sweep generation total 393216K, used 193995K [0x00000000e8000000, 0x0000000100000000, 0x0000000100000000)
 Metaspace       used 44037K, capacity 45305K, committed 45632K, reserved 1089536K
  class space    used 5315K, capacity 5618K, committed 5732K, reserved 1048576K
}
2019-02-22T17:27:17.146-0700: 81533.511: Total time for which application threads were stopped: 0.0181852 seconds, Stopping threads took: 0.0000617 seconds
2019-02-22T17:27:17.147-0700: 81533.512: Total time for which application threads were stopped: 0.0005346 seconds, Stopping threads took: 0.0001388 seconds
{Heap before GC invocations=712 (full 103):
 par new generation   total 109248K, used 103860K [0x00000000e0000000, 0x00000000e8000000, 0x00000000e8000000)
  eden space 87424K, 100% used [0x00000000e0000000, 0x00000000e5560000, 0x00000000e5560000)
  from space 21824K,  75% used [0x00000000e5560000, 0x00000000e656d100, 0x00000000e6ab0000)
  to   space 21824K,   0% used [0x00000000e6ab0000, 0x00000000e6ab0000, 0x00000000e8000000)
 concurrent mark-sweep generation total 393216K, used 193995K [0x00000000e8000000, 0x0000000100000000, 0x0000000100000000)
 Metaspace       used 44037K, capacity 45305K, committed 45632K, reserved 1089536K
  class space    used 5315K, capacity 5618K, committed 5732K, reserved 1048576K
2019-02-22T17:27:17.274-0700: 81533.640: [GC (Allocation Failure) 2019-02-22T17:27:17.274-0700: 81533.640: [ParNew
Desired survivor size 20112992 bytes, new threshold 8 (max 8)
- age   1:    3278312 bytes,    3278312 total
- age   2:    4761984 bytes,    8040296 total
- age   3:    4057944 bytes,   12098240 total
- age   4:     628816 bytes,   12727056 total
- age   5:    1047536 bytes,   13774592 total
- age   6:      18704 bytes,   13793296 total
- age   7:     317736 bytes,   14111032 total
- age   8:      93776 bytes,   14204808 total
: 103860K->21824K(109248K), 0.0209488 secs] 297856K->216116K(502464K), 0.0210439 secs] [Times: user=0.06 sys=0.00, real=0.02 secs] 
Heap after GC invocations=713 (full 103):
 par new generation   total 109248K, used 21824K [0x00000000e0000000, 0x00000000e8000000, 0x00000000e8000000)
  eden space 87424K,   0% used [0x00000000e0000000, 0x00000000e0000000, 0x00000000e5560000)
  from space 21824K, 100% used [0x00000000e6ab0000, 0x00000000e8000000, 0x00000000e8000000)
  to   space 21824K,   0% used [0x00000000e5560000, 0x00000000e5560000, 0x00000000e6ab0000)
 concurrent mark-sweep generation total 393216K, used 194292K [0x00000000e8000000, 0x0000000100000000, 0x0000000100000000)
 Metaspace       used 44037K, capacity 45305K, committed 45632K, reserved 1089536K
  class space    used 5315K, capacity 5618K, committed 5732K, reserved 1048576K
}
2019-02-22T17:27:17.295-0700: 81533.661: Total time for which application threads were stopped: 0.0213878 seconds, Stopping threads took: 0.0000432 seconds
{Heap before GC invocations=713 (full 103):
 par new generation   total 109248K, used 109248K [0x00000000e0000000, 0x00000000e8000000, 0x00000000e8000000)
  eden space 87424K, 100% used [0x00000000e0000000, 0x00000000e5560000, 0x00000000e5560000)
  from space 21824K, 100% used [0x00000000e6ab0000, 0x00000000e8000000, 0x00000000e8000000)
  to   space 21824K,   0% used [0x00000000e5560000, 0x00000000e5560000, 0x00000000e6ab0000)
 concurrent mark-sweep generation total 393216K, used 194292K [0x00000000e8000000, 0x0000000100000000, 0x0000000100000000)
 Metaspace       used 44037K, capacity 45305K, committed 45632K, reserved 1089536K
  class space    used 5315K, capacity 5618K, committed 5732K, reserved 1048576K
2019-02-22T17:27:17.459-0700: 81533.824: [GC (Allocation Failure) 2019-02-22T17:27:17.459-0700: 81533.825: [ParNew
Desired survivor size 20112992 bytes, new threshold 8 (max 8)
- age   1:     264368 bytes,     264368 total
- age   2:    3138544 bytes,    3402912 total
- age   3:    4763936 bytes,    8166848 total
- age   4:    4062096 bytes,   12228944 total
- age   5:     628816 bytes,   12857760 total
- age   6:    1047536 bytes,   13905296 total
- age   7:      18704 bytes,   13924000 total
- age   8:     199296 bytes,   14123296 total
: 109248K->18333K(109248K), 0.0163793 secs] 303540K->212722K(502464K), 0.0164786 secs] [Times: user=0.06 sys=0.00, real=0.02 secs] 
Heap after GC invocations=714 (full 103):
 par new generation   total 109248K, used 18333K [0x00000000e0000000, 0x00000000e8000000, 0x00000000e8000000)
  eden space 87424K,   0% used [0x00000000e0000000, 0x00000000e0000000, 0x00000000e5560000)
  from space 21824K,  84% used [0x00000000e5560000, 0x00000000e6747488, 0x00000000e6ab0000)
  to   space 21824K,   0% used [0x00000000e6ab0000, 0x00000000e6ab0000, 0x00000000e8000000)
 concurrent mark-sweep generation total 393216K, used 194389K [0x00000000e8000000, 0x0000000100000000, 0x0000000100000000)
 Metaspace       used 44037K, capacity 45305K, committed 45632K, reserved 1089536K
  class space    used 5315K, capacity 5618K, committed 5732K, reserved 1048576K
}
2019-02-22T17:27:17.476-0700: 81533.841: Total time for which application threads were stopped: 0.0168518 seconds, Stopping threads took: 0.0000350 seconds
{Heap before GC invocations=714 (full 103):
 par new generation   total 109248K, used 105757K [0x00000000e0000000, 0x00000000e8000000, 0x00000000e8000000)
  eden space 87424K, 100% used [0x00000000e0000000, 0x00000000e5560000, 0x00000000e5560000)
  from space 21824K,  84% used [0x00000000e5560000, 0x00000000e6747488, 0x00000000e6ab0000)
  to   space 21824K,   0% used [0x00000000e6ab0000, 0x00000000e6ab0000, 0x00000000e8000000)
 concurrent mark-sweep generation total 393216K, used 194389K [0x00000000e8000000, 0x0000000100000000, 0x0000000100000000)
 Metaspace       used 44037K, capacity 45305K, committed 45632K, reserved 1089536K
  class space    used 5315K, capacity 5618K, committed 5732K, reserved 1048576K
2019-02-22T17:27:17.636-0700: 81534.001: [GC (Allocation Failure) 2019-02-22T17:27:17.636-0700: 81534.001: [ParNew
Desired survivor size 20112992 bytes, new threshold 8 (max 8)
- age   1:     136512 bytes,     136512 total
- age   2:     158448 bytes,     294960 total
- age   3:    3125216 bytes,    3420176 total
- age   4:    4760416 bytes,    8180592 total
- age   5:    4058104 bytes,   12238696 total
- age   6:     628816 bytes,   12867512 total
- age   7:    1047536 bytes,   13915048 total
- age   8:      18704 bytes,   13933752 total
: 105757K->17091K(109248K), 0.0177416 secs] 300146K->211684K(502464K), 0.0178470 secs] [Times: user=0.05 sys=0.00, real=0.02 secs] 
Heap after GC invocations=715 (full 103):
 par new generation   total 109248K, used 17091K [0x00000000e0000000, 0x00000000e8000000, 0x00000000e8000000)
  eden space 87424K,   0% used [0x00000000e0000000, 0x00000000e0000000, 0x00000000e5560000)
  from space 21824K,  78% used [0x00000000e6ab0000, 0x00000000e7b60d00, 0x00000000e8000000)
  to   space 21824K,   0% used [0x00000000e5560000, 0x00000000e5560000, 0x00000000e6ab0000)
 concurrent mark-sweep generation total 393216K, used 194593K [0x00000000e8000000, 0x0000000100000000, 0x0000000100000000)
 Metaspace       used 44037K, capacity 45305K, committed 45632K, reserved 1089536K
  class space    used 5315K, capacity 5618K, committed 5732K, reserved 1048576K
}
2019-02-22T17:27:17.654-0700: 81534.019: Total time for which application threads were stopped: 0.0183096 seconds, Stopping threads took: 0.0000524 seconds
{Heap before GC invocations=715 (full 103):
 par new generation   total 109248K, used 104515K [0x00000000e0000000, 0x00000000e8000000, 0x00000000e8000000)
  eden space 87424K, 100% used [0x00000000e0000000, 0x00000000e5560000, 0x00000000e5560000)
  from space 21824K,  78% used [0x00000000e6ab0000, 0x00000000e7b60d00, 0x00000000e8000000)
  to   space 21824K,   0% used [0x00000000e5560000, 0x00000000e5560000, 0x00000000e6ab0000)
 concurrent mark-sweep generation total 393216K, used 194593K [0x00000000e8000000, 0x0000000100000000, 0x0000000100000000)
 Metaspace       used 44037K, capacity 45305K, committed 45632K, reserved 1089536K
  class space    used 5315K, capacity 5618K, committed 5732K, reserved 1048576K
2019-02-22T17:27:17.753-0700: 81534.119: [GC (Allocation Failure) 2019-02-22T17:27:17.754-0700: 81534.119: [ParNew
Desired survivor size 20112992 bytes, new threshold 8 (max 8)
- age   1:    2208008 bytes,    2208008 total
- age   3:       4112 bytes,    2212120 total
- age   4:    2899968 bytes,    5112088 total
- age   5:    2842056 bytes,    7954144 total
- age   6:    4057944 bytes,   12012088 total
- age   7:     628816 bytes,   12640904 total
- age   8:    1049048 bytes,   13689952 total
: 104515K->21824K(109248K), 0.0128766 secs] 299108K->216437K(502464K), 0.0130776 secs] [Times: user=0.00 sys=0.01, real=0.01 secs] 
Heap after GC invocations=716 (full 103):
 par new generation   total 109248K, used 21824K [0x00000000e0000000, 0x00000000e8000000, 0x00000000e8000000)
  eden space 87424K,   0% used [0x00000000e0000000, 0x00000000e0000000, 0x00000000e5560000)
  from space 21824K, 100% used [0x00000000e5560000, 0x00000000e6ab0000, 0x00000000e6ab0000)
  to   space 21824K,   0% used [0x00000000e6ab0000, 0x00000000e6ab0000, 0x00000000e8000000)
 concurrent mark-sweep generation total 393216K, used 194613K [0x00000000e8000000, 0x0000000100000000, 0x0000000100000000)
 Metaspace       used 44037K, capacity 45305K, committed 45632K, reserved 1089536K
  class space    used 5315K, capacity 5618K, committed 5732K, reserved 1048576K
}
2019-02-22T17:27:17.766-0700: 81534.132: Total time for which application threads were stopped: 0.0135083 seconds, Stopping threads took: 0.0000329 seconds
{Heap before GC invocations=716 (full 103):
 par new generation   total 109248K, used 109248K [0x00000000e0000000, 0x00000000e8000000, 0x00000000e8000000)
  eden space 87424K, 100% used [0x00000000e0000000, 0x00000000e5560000, 0x00000000e5560000)
  from space 21824K, 100% used [0x00000000e5560000, 0x00000000e6ab0000, 0x00000000e6ab0000)
  to   space 21824K,   0% used [0x00000000e6ab0000, 0x00000000e6ab0000, 0x00000000e8000000)
 concurrent mark-sweep generation total 393216K, used 194613K [0x00000000e8000000, 0x0000000100000000, 0x0000000100000000)
 Metaspace       used 44037K, capacity 45305K, committed 45632K, reserved 1089536K
  class space    used 5315K, capacity 5618K, committed 5732K, reserved 1048576K
2019-02-22T17:27:17.788-0700: 81534.153: [GC (Allocation Failure) 2019-02-22T17:27:17.788-0700: 81534.153: [ParNew
Desired survivor size 20112992 bytes, new threshold 8 (max 8)
- age   1:      30544 bytes,      30544 total
- age   2:    2177528 bytes,    2208072 total
- age   4:       4112 bytes,    2212184 total
- age   5:    2899968 bytes,    5112152 total
- age   6:    2842056 bytes,    7954208 total
- age   7:    4057944 bytes,   12012152 total
- age   8:     628816 bytes,   12640968 total
: 109248K->14221K(109248K), 0.0183184 secs] 303861K->209866K(502464K), 0.0184109 secs] [Times: user=0.06 sys=0.00, real=0.02 secs] 
Heap after GC invocations=717 (full 103):
 par new generation   total 109248K, used 14221K [0x00000000e0000000, 0x00000000e8000000, 0x00000000e8000000)
  eden space 87424K,   0% used [0x00000000e0000000, 0x00000000e0000000, 0x00000000e5560000)
  from space 21824K,  65% used [0x00000000e6ab0000, 0x00000000e7893480, 0x00000000e8000000)
  to   space 21824K,   0% used [0x00000000e5560000, 0x00000000e5560000, 0x00000000e6ab0000)
 concurrent mark-sweep generation total 393216K, used 195645K [0x00000000e8000000, 0x0000000100000000, 0x0000000100000000)
 Metaspace       used 44037K, capacity 45305K, committed 45632K, reserved 1089536K
  class space    used 5315K, capacity 5618K, committed 5732K, reserved 1048576K
}
2019-02-22T17:27:17.806-0700: 81534.172: Total time for which application threads were stopped: 0.0187877 seconds, Stopping threads took: 0.0000622 seconds
{Heap before GC invocations=717 (full 103):
 par new generation   total 109248K, used 101378K [0x00000000e0000000, 0x00000000e8000000, 0x00000000e8000000)
  eden space 87424K,  99% used [0x00000000e0000000, 0x00000000e551d5f0, 0x00000000e5560000)
  from space 21824K,  65% used [0x00000000e6ab0000, 0x00000000e7893480, 0x00000000e8000000)
  to   space 21824K,   0% used [0x00000000e5560000, 0x00000000e5560000, 0x00000000e6ab0000)
 concurrent mark-sweep generation total 393216K, used 195645K [0x00000000e8000000, 0x0000000100000000, 0x0000000100000000)
 Metaspace       used 44037K, capacity 45305K, committed 45632K, reserved 1089536K
  class space    used 5315K, capacity 5618K, committed 5732K, reserved 1048576K
2019-02-22T17:27:17.821-0700: 81534.187: [GC (Allocation Failure) 2019-02-22T17:27:17.821-0700: 81534.187: [ParNew
Desired survivor size 20112992 bytes, new threshold 8 (max 8)
- age   1:       9024 bytes,       9024 total
- age   2:         64 bytes,       9088 total
- age   3:    2177528 bytes,    2186616 total
- age   5:       4112 bytes,    2190728 total
- age   6:    2909712 bytes,    5100440 total
- age   7:    2842336 bytes,    7942776 total
- age   8:    4057944 bytes,   12000720 total
: 101378K->16258K(109248K), 0.0173905 secs] 297024K->212519K(502464K), 0.0174887 secs] [Times: user=0.06 sys=0.00, real=0.02 secs] 
Heap after GC invocations=718 (full 103):
 par new generation   total 109248K, used 16258K [0x00000000e0000000, 0x00000000e8000000, 0x00000000e8000000)
  eden space 87424K,   0% used [0x00000000e0000000, 0x00000000e0000000, 0x00000000e5560000)
  from space 21824K,  74% used [0x00000000e5560000, 0x00000000e6540820, 0x00000000e6ab0000)
  to   space 21824K,   0% used [0x00000000e6ab0000, 0x00000000e6ab0000, 0x00000000e8000000)
 concurrent mark-sweep generation total 393216K, used 196261K [0x00000000e8000000, 0x0000000100000000, 0x0000000100000000)
 Metaspace       used 44037K, capacity 45305K, committed 45632K, reserved 1089536K
  class space    used 5315K, capacity 5618K, committed 5732K, reserved 1048576K
}
2019-02-22T17:27:17.839-0700: 81534.204: Total time for which application threads were stopped: 0.0178639 seconds, Stopping threads took: 0.0000391 seconds
{Heap before GC invocations=718 (full 103):
 par new generation   total 109248K, used 103682K [0x00000000e0000000, 0x00000000e8000000, 0x00000000e8000000)
  eden space 87424K, 100% used [0x00000000e0000000, 0x00000000e5560000, 0x00000000e5560000)
  from space 21824K,  74% used [0x00000000e5560000, 0x00000000e6540820, 0x00000000e6ab0000)
  to   space 21824K,   0% used [0x00000000e6ab0000, 0x00000000e6ab0000, 0x00000000e8000000)
 concurrent mark-sweep generation total 393216K, used 196261K [0x00000000e8000000, 0x0000000100000000, 0x0000000100000000)
 Metaspace       used 44043K, capacity 45305K, committed 45632K, reserved 1089536K
  class space    used 5315K, capacity 5618K, committed 5732K, reserved 1048576K
2019-02-22T17:27:18.250-0700: 81534.615: [GC (Allocation Failure) 2019-02-22T17:27:18.250-0700: 81534.615: [ParNew
Desired survivor size 20112992 bytes, new threshold 8 (max 8)
- age   1:     395544 bytes,     395544 total
- age   6:       4072 bytes,     399616 total
- age   7:    2884552 bytes,    3284168 total
- age   8:    1619888 bytes,    4904056 total
: 103682K->8875K(109248K), 0.0185039 secs] 299943K->209106K(502464K), 0.0186001 secs] [Times: user=0.02 sys=0.00, real=0.02 secs] 
Heap after GC invocations=719 (full 103):
 par new generation   total 109248K, used 8875K [0x00000000e0000000, 0x00000000e8000000, 0x00000000e8000000)
  eden space 87424K,   0% used [0x00000000e0000000, 0x00000000e0000000, 0x00000000e5560000)
  from space 21824K,  40% used [0x00000000e6ab0000, 0x00000000e735afe8, 0x00000000e8000000)
  to   space 21824K,   0% used [0x00000000e5560000, 0x00000000e5560000, 0x00000000e6ab0000)
 concurrent mark-sweep generation total 393216K, used 200230K [0x00000000e8000000, 0x0000000100000000, 0x0000000100000000)
 Metaspace       used 44043K, capacity 45305K, committed 45632K, reserved 1089536K
  class space    used 5315K, capacity 5618K, committed 5732K, reserved 1048576K
}
2019-02-22T17:27:18.269-0700: 81534.634: Total time for which application threads were stopped: 0.0191141 seconds, Stopping threads took: 0.0000350 seconds
2019-02-22T17:27:18.269-0700: 81534.635: [GC (CMS Initial Mark) [1 CMS-initial-mark: 200230K(393216K)] 209193K(502464K), 0.0042132 secs] [Times: user=0.00 sys=0.00, real=0.00 secs] 
2019-02-22T17:27:18.273-0700: 81534.639: Total time for which application threads were stopped: 0.0045139 seconds, Stopping threads took: 0.0001254 seconds
2019-02-22T17:27:18.273-0700: 81534.639: [CMS-concurrent-mark-start]
2019-02-22T17:27:18.288-0700: 81534.654: Total time for which application threads were stopped: 0.0001830 seconds, Stopping threads took: 0.0000406 seconds
2019-02-22T17:27:18.288-0700: 81534.654: Total time for which application threads were stopped: 0.0001331 seconds, Stopping threads took: 0.0000257 seconds
2019-02-22T17:27:18.289-0700: 81534.654: Total time for which application threads were stopped: 0.0001116 seconds, Stopping threads took: 0.0000190 seconds
2019-02-22T17:27:18.289-0700: 81534.654: Total time for which application threads were stopped: 0.0001290 seconds, Stopping threads took: 0.0000278 seconds
2019-02-22T17:27:18.289-0700: 81534.655: Total time for which application threads were stopped: 0.0001213 seconds, Stopping threads took: 0.0000247 seconds
2019-02-22T17:27:18.289-0700: 81534.655: Total time for which application threads were stopped: 0.0001229 seconds, Stopping threads took: 0.0000252 seconds
2019-02-22T17:27:18.290-0700: 81534.655: Total time for which application threads were stopped: 0.0001311 seconds, Stopping threads took: 0.0000247 seconds
2019-02-22T17:27:18.290-0700: 81534.655: Total time for which application threads were stopped: 0.0001249 seconds, Stopping threads took: 0.0000267 seconds
2019-02-22T17:27:18.330-0700: 81534.695: Total time for which application threads were stopped: 0.0002138 seconds, Stopping threads took: 0.0000406 seconds
2019-02-22T17:27:18.330-0700: 81534.696: Total time for which application threads were stopped: 0.0001388 seconds, Stopping threads took: 0.0000257 seconds
2019-02-22T17:27:18.331-0700: 81534.696: Total time for which application threads were stopped: 0.0001265 seconds, Stopping threads took: 0.0000252 seconds
2019-02-22T17:27:18.332-0700: 81534.697: Total time for which application threads were stopped: 0.0003902 seconds, Stopping threads took: 0.0000298 seconds
2019-02-22T17:27:18.334-0700: 81534.700: Total time for which application threads were stopped: 0.0002868 seconds, Stopping threads took: 0.0001357 seconds
2019-02-22T17:27:18.356-0700: 81534.722: [CMS-concurrent-mark: 0.075/0.083 secs] [Times: user=0.38 sys=0.02, real=0.08 secs] 
2019-02-22T17:27:18.357-0700: 81534.722: [CMS-concurrent-preclean-start]
2019-02-22T17:27:18.359-0700: 81534.724: [CMS-concurrent-preclean: 0.002/0.002 secs] [Times: user=0.00 sys=0.00, real=0.00 secs] 
2019-02-22T17:27:18.359-0700: 81534.724: [CMS-concurrent-abortable-preclean-start]
2019-02-22T17:27:19.334-0700: 81535.700: Total time for which application threads were stopped: 0.0001835 seconds, Stopping threads took: 0.0000339 seconds
2019-02-22T17:27:24.336-0700: 81540.701: Total time for which application threads were stopped: 0.0001547 seconds, Stopping threads took: 0.0000380 seconds
 CMS: abort preclean due to time 2019-02-22T17:27:24.363-0700: 81540.728: [CMS-concurrent-abortable-preclean: 2.299/6.004 secs] [Times: user=2.39 sys=0.25, real=6.00 secs] 
2019-02-22T17:27:24.363-0700: 81540.728: [GC (CMS Final Remark) [YG occupancy: 71700 K (109248 K)]{Heap before GC invocations=719 (full 104):
 par new generation   total 109248K, used 71700K [0x00000000e0000000, 0x00000000e8000000, 0x00000000e8000000)
  eden space 87424K,  71% used [0x00000000e0000000, 0x00000000e3d5a1f8, 0x00000000e5560000)
  from space 21824K,  40% used [0x00000000e6ab0000, 0x00000000e735afe8, 0x00000000e8000000)
  to   space 21824K,   0% used [0x00000000e5560000, 0x00000000e5560000, 0x00000000e6ab0000)
 concurrent mark-sweep generation total 393216K, used 200230K [0x00000000e8000000, 0x0000000100000000, 0x0000000100000000)
 Metaspace       used 44065K, capacity 45317K, committed 45632K, reserved 1089536K
  class space    used 5316K, capacity 5620K, committed 5732K, reserved 1048576K
2019-02-22T17:27:24.363-0700: 81540.729: [GC (CMS Final Remark) 2019-02-22T17:27:24.363-0700: 81540.729: [ParNew
Desired survivor size 20112992 bytes, new threshold 8 (max 8)
- age   1:    4577408 bytes,    4577408 total
- age   2:     365328 bytes,    4942736 total
- age   7:        408 bytes,    4943144 total
- age   8:       2016 bytes,    4945160 total
: 71700K->5341K(109248K), 0.0137998 secs] 271930K->206949K(502464K), 0.0138908 secs] [Times: user=0.00 sys=0.00, real=0.01 secs] 
Heap after GC invocations=720 (full 104):
 par new generation   total 109248K, used 5341K [0x00000000e0000000, 0x00000000e8000000, 0x00000000e8000000)
  eden space 87424K,   0% used [0x00000000e0000000, 0x00000000e0000000, 0x00000000e5560000)
  from space 21824K,  24% used [0x00000000e5560000, 0x00000000e5a97500, 0x00000000e6ab0000)
  to   space 21824K,   0% used [0x00000000e6ab0000, 0x00000000e6ab0000, 0x00000000e8000000)
 concurrent mark-sweep generation total 393216K, used 201607K [0x00000000e8000000, 0x0000000100000000, 0x0000000100000000)
 Metaspace       used 44065K, capacity 45317K, committed 45632K, reserved 1089536K
  class space    used 5316K, capacity 5620K, committed 5732K, reserved 1048576K
}
2019-02-22T17:27:24.377-0700: 81540.743: [Rescan (parallel) , 0.0051863 secs]2019-02-22T17:27:24.383-0700: 81540.748: [weak refs processing, 0.0024078 secs]2019-02-22T17:27:24.385-0700: 81540.750: [class unloading, 0.0125969 secs]2019-02-22T17:27:24.398-0700: 81540.763: [scrub symbol table, 0.0080501 secs]2019-02-22T17:27:24.406-0700: 81540.771: [scrub string table, 0.0007341 secs][1 CMS-remark: 201607K(393216K)] 206949K(502464K), 0.0436135 secs] [Times: user=0.03 sys=0.00, real=0.04 secs] 
2019-02-22T17:27:24.407-0700: 81540.772: Total time for which application threads were stopped: 0.0438016 seconds, Stopping threads took: 0.0000278 seconds
2019-02-22T17:27:24.407-0700: 81540.772: [CMS-concurrent-sweep-start]
2019-02-22T17:27:24.555-0700: 81540.921: [CMS-concurrent-sweep: 0.148/0.148 secs] [Times: user=0.14 sys=0.00, real=0.15 secs] 
2019-02-22T17:27:24.555-0700: 81540.921: [CMS-concurrent-reset-start]
2019-02-22T17:27:24.556-0700: 81540.921: [CMS-concurrent-reset: 0.001/0.001 secs] [Times: user=0.00 sys=0.00, real=0.00 secs] 
2019-02-22T17:27:26.408-0700: 81542.773: Total time for which application threads were stopped: 0.0002421 seconds, Stopping threads took: 0.0000648 seconds
2019-02-22T17:28:17.434-0700: 81593.800: Total time for which application threads were stopped: 0.0001588 seconds, Stopping threads took: 0.0000422 seconds
2019-02-22T17:30:26.499-0700: 81722.864: Total time for which application threads were stopped: 0.0002658 seconds, Stopping threads took: 0.0000730 seconds
2019-02-22T17:31:03.187-0700: 81759.553: Total time for which application threads were stopped: 0.0038888 seconds, Stopping threads took: 0.0031090 seconds
2019-02-22T17:31:03.307-0700: 81759.673: Total time for which application threads were stopped: 0.0011767 seconds, Stopping threads took: 0.0000406 seconds
2019-02-22T17:31:04.307-0700: 81760.673: Total time for which application threads were stopped: 0.0003264 seconds, Stopping threads took: 0.0000838 seconds
2019-02-22T17:31:12.312-0700: 81768.677: Total time for which application threads were stopped: 0.0001794 seconds, Stopping threads took: 0.0000411 seconds
2019-02-22T17:31:12.794-0700: 81769.160: Total time for which application threads were stopped: 0.0001953 seconds, Stopping threads took: 0.0000422 seconds
2019-02-22T17:31:12.802-0700: 81769.167: Total time for which application threads were stopped: 0.0001964 seconds, Stopping threads took: 0.0000535 seconds
2019-02-22T17:31:12.802-0700: 81769.167: Total time for which application threads were stopped: 0.0001146 seconds, Stopping threads took: 0.0000164 seconds
{Heap before GC invocations=720 (full 104):
 par new generation   total 109248K, used 92765K [0x00000000e0000000, 0x00000000e8000000, 0x00000000e8000000)
  eden space 87424K, 100% used [0x00000000e0000000, 0x00000000e5560000, 0x00000000e5560000)
  from space 21824K,  24% used [0x00000000e5560000, 0x00000000e5a97500, 0x00000000e6ab0000)
  to   space 21824K,   0% used [0x00000000e6ab0000, 0x00000000e6ab0000, 0x00000000e8000000)
 concurrent mark-sweep generation total 393216K, used 99604K [0x00000000e8000000, 0x0000000100000000, 0x0000000100000000)
 Metaspace       used 44137K, capacity 45461K, committed 45632K, reserved 1089536K
  class space    used 5319K, capacity 5624K, committed 5732K, reserved 1048576K
2019-02-22T17:31:13.058-0700: 81769.424: [GC (Allocation Failure) 2019-02-22T17:31:13.058-0700: 81769.424: [ParNew
Desired survivor size 20112992 bytes, new threshold 2 (max 8)
- age   1:   17533640 bytes,   17533640 total
- age   2:    4267808 bytes,   21801448 total
- age   3:     365296 bytes,   22166744 total
- age   8:        392 bytes,   22167136 total
: 92765K->21824K(109248K), 0.0135402 secs] 192369K->126634K(502464K), 0.0136487 secs] [Times: user=0.06 sys=0.00, real=0.01 secs] 
Heap after GC invocations=721 (full 104):
 par new generation   total 109248K, used 21824K [0x00000000e0000000, 0x00000000e8000000, 0x00000000e8000000)
  eden space 87424K,   0% used [0x00000000e0000000, 0x00000000e0000000, 0x00000000e5560000)
  from space 21824K, 100% used [0x00000000e6ab0000, 0x00000000e8000000, 0x00000000e8000000)
  to   space 21824K,   0% used [0x00000000e5560000, 0x00000000e5560000, 0x00000000e6ab0000)
 concurrent mark-sweep generation total 393216K, used 104810K [0x00000000e8000000, 0x0000000100000000, 0x0000000100000000)
 Metaspace       used 44137K, capacity 45461K, committed 45632K, reserved 1089536K
  class space    used 5319K, capacity 5624K, committed 5732K, reserved 1048576K
}
2019-02-22T17:31:13.072-0700: 81769.437: Total time for which application threads were stopped: 0.0140599 seconds, Stopping threads took: 0.0000488 seconds
{Heap before GC invocations=721 (full 104):
 par new generation   total 109248K, used 109248K [0x00000000e0000000, 0x00000000e8000000, 0x00000000e8000000)
  eden space 87424K, 100% used [0x00000000e0000000, 0x00000000e5560000, 0x00000000e5560000)
  from space 21824K, 100% used [0x00000000e6ab0000, 0x00000000e8000000, 0x00000000e8000000)
  to   space 21824K,   0% used [0x00000000e5560000, 0x00000000e5560000, 0x00000000e6ab0000)
 concurrent mark-sweep generation total 393216K, used 104810K [0x00000000e8000000, 0x0000000100000000, 0x0000000100000000)
 Metaspace       used 44138K, capacity 45461K, committed 45632K, reserved 1089536K
  class space    used 5319K, capacity 5624K, committed 5732K, reserved 1048576K
2019-02-22T17:31:13.414-0700: 81769.779: [GC (Allocation Failure) 2019-02-22T17:31:13.414-0700: 81769.779: [ParNew
Desired survivor size 20112992 bytes, new threshold 8 (max 8)
- age   1:    4171824 bytes,    4171824 total
- age   2:   14735488 bytes,   18907312 total
: 109248K->21824K(109248K), 0.0171633 secs] 214058K->133689K(502464K), 0.0172455 secs] [Times: user=0.06 sys=0.00, real=0.02 secs] 
Heap after GC invocations=722 (full 104):
 par new generation   total 109248K, used 21824K [0x00000000e0000000, 0x00000000e8000000, 0x00000000e8000000)
  eden space 87424K,   0% used [0x00000000e0000000, 0x00000000e0000000, 0x00000000e5560000)
  from space 21824K, 100% used [0x00000000e5560000, 0x00000000e6ab0000, 0x00000000e6ab0000)
  to   space 21824K,   0% used [0x00000000e6ab0000, 0x00000000e6ab0000, 0x00000000e8000000)
 concurrent mark-sweep generation total 393216K, used 111865K [0x00000000e8000000, 0x0000000100000000, 0x0000000100000000)
 Metaspace       used 44138K, capacity 45461K, committed 45632K, reserved 1089536K
  class space    used 5319K, capacity 5624K, committed 5732K, reserved 1048576K
}
2019-02-22T17:31:13.431-0700: 81769.797: Total time for which application threads were stopped: 0.0175550 seconds, Stopping threads took: 0.0000396 seconds
{Heap before GC invocations=722 (full 104):
 par new generation   total 109248K, used 109248K [0x00000000e0000000, 0x00000000e8000000, 0x00000000e8000000)
  eden space 87424K, 100% used [0x00000000e0000000, 0x00000000e5560000, 0x00000000e5560000)
  from space 21824K, 100% used [0x00000000e5560000, 0x00000000e6ab0000, 0x00000000e6ab0000)
  to   space 21824K,   0% used [0x00000000e6ab0000, 0x00000000e6ab0000, 0x00000000e8000000)
 concurrent mark-sweep generation total 393216K, used 111865K [0x00000000e8000000, 0x0000000100000000, 0x0000000100000000)
 Metaspace       used 44138K, capacity 45461K, committed 45632K, reserved 1089536K
  class space    used 5319K, capacity 5624K, committed 5732K, reserved 1048576K
2019-02-22T17:31:13.803-0700: 81770.168: [GC (Allocation Failure) 2019-02-22T17:31:13.803-0700: 81770.168: [ParNew
Desired survivor size 20112992 bytes, new threshold 8 (max 8)
- age   1:    4316088 bytes,    4316088 total
- age   2:    2080792 bytes,    6396880 total
- age   3:   13525560 bytes,   19922440 total
: 109248K->21824K(109248K), 0.0103515 secs] 221113K->134938K(502464K), 0.0104600 secs] [Times: user=0.00 sys=0.02, real=0.01 secs] 
Heap after GC invocations=723 (full 104):
 par new generation   total 109248K, used 21824K [0x00000000e0000000, 0x00000000e8000000, 0x00000000e8000000)
  eden space 87424K,   0% used [0x00000000e0000000, 0x00000000e0000000, 0x00000000e5560000)
  from space 21824K, 100% used [0x00000000e6ab0000, 0x00000000e8000000, 0x00000000e8000000)
  to   space 21824K,   0% used [0x00000000e5560000, 0x00000000e5560000, 0x00000000e6ab0000)
 concurrent mark-sweep generation total 393216K, used 113114K [0x00000000e8000000, 0x0000000100000000, 0x0000000100000000)
 Metaspace       used 44138K, capacity 45461K, committed 45632K, reserved 1089536K
  class space    used 5319K, capacity 5624K, committed 5732K, reserved 1048576K
}
2019-02-22T17:31:13.813-0700: 81770.179: Total time for which application threads were stopped: 0.0108455 seconds, Stopping threads took: 0.0000370 seconds
{Heap before GC invocations=723 (full 104):
 par new generation   total 109248K, used 109248K [0x00000000e0000000, 0x00000000e8000000, 0x00000000e8000000)
  eden space 87424K, 100% used [0x00000000e0000000, 0x00000000e5560000, 0x00000000e5560000)
  from space 21824K, 100% used [0x00000000e6ab0000, 0x00000000e8000000, 0x00000000e8000000)
  to   space 21824K,   0% used [0x00000000e5560000, 0x00000000e5560000, 0x00000000e6ab0000)
 concurrent mark-sweep generation total 393216K, used 113114K [0x00000000e8000000, 0x0000000100000000, 0x0000000100000000)
 Metaspace       used 44138K, capacity 45461K, committed 45632K, reserved 1089536K
  class space    used 5319K, capacity 5624K, committed 5732K, reserved 1048576K
2019-02-22T17:31:14.200-0700: 81770.566: [GC (Allocation Failure) 2019-02-22T17:31:14.200-0700: 81770.566: [ParNew
Desired survivor size 20112992 bytes, new threshold 4 (max 8)
- age   1:    5099720 bytes,    5099720 total
- age   2:    1965560 bytes,    7065280 total
- age   3:    1918688 bytes,    8983968 total
- age   4:   12103928 bytes,   21087896 total
: 109248K->21824K(109248K), 0.0107510 secs] 222362K->136539K(502464K), 0.0108697 secs] [Times: user=0.06 sys=0.00, real=0.01 secs] 
Heap after GC invocations=724 (full 104):
 par new generation   total 109248K, used 21824K [0x00000000e0000000, 0x00000000e8000000, 0x00000000e8000000)
  eden space 87424K,   0% used [0x00000000e0000000, 0x00000000e0000000, 0x00000000e5560000)
  from space 21824K, 100% used [0x00000000e5560000, 0x00000000e6ab0000, 0x00000000e6ab0000)
  to   space 21824K,   0% used [0x00000000e6ab0000, 0x00000000e6ab0000, 0x00000000e8000000)
 concurrent mark-sweep generation total 393216K, used 114715K [0x00000000e8000000, 0x0000000100000000, 0x0000000100000000)
 Metaspace       used 44138K, capacity 45461K, committed 45632K, reserved 1089536K
  class space    used 5319K, capacity 5624K, committed 5732K, reserved 1048576K
}
2019-02-22T17:31:14.211-0700: 81770.577: Total time for which application threads were stopped: 0.0112583 seconds, Stopping threads took: 0.0000370 seconds
{Heap before GC invocations=724 (full 104):
 par new generation   total 109248K, used 109248K [0x00000000e0000000, 0x00000000e8000000, 0x00000000e8000000)
  eden space 87424K, 100% used [0x00000000e0000000, 0x00000000e5560000, 0x00000000e5560000)
  from space 21824K, 100% used [0x00000000e5560000, 0x00000000e6ab0000, 0x00000000e6ab0000)
  to   space 21824K,   0% used [0x00000000e6ab0000, 0x00000000e6ab0000, 0x00000000e8000000)
 concurrent mark-sweep generation total 393216K, used 114715K [0x00000000e8000000, 0x0000000100000000, 0x0000000100000000)
 Metaspace       used 44138K, capacity 45461K, committed 45632K, reserved 1089536K
  class space    used 5319K, capacity 5624K, committed 5732K, reserved 1048576K
2019-02-22T17:31:14.603-0700: 81770.969: [GC (Allocation Failure) 2019-02-22T17:31:14.603-0700: 81770.969: [ParNew
Desired survivor size 20112992 bytes, new threshold 8 (max 8)
- age   1:    5903968 bytes,    5903968 total
- age   2:    1884792 bytes,    7788760 total
- age   3:    1689416 bytes,    9478176 total
- age   4:    1842200 bytes,   11320376 total
: 109248K->21824K(109248K), 0.0114244 secs] 223963K->148341K(502464K), 0.0115560 secs] [Times: user=0.06 sys=0.00, real=0.01 secs] 
Heap after GC invocations=725 (full 104):
 par new generation   total 109248K, used 21824K [0x00000000e0000000, 0x00000000e8000000, 0x00000000e8000000)
  eden space 87424K,   0% used [0x00000000e0000000, 0x00000000e0000000, 0x00000000e5560000)
  from space 21824K, 100% used [0x00000000e6ab0000, 0x00000000e8000000, 0x00000000e8000000)
  to   space 21824K,   0% used [0x00000000e5560000, 0x00000000e5560000, 0x00000000e6ab0000)
 concurrent mark-sweep generation total 393216K, used 126517K [0x00000000e8000000, 0x0000000100000000, 0x0000000100000000)
 Metaspace       used 44138K, capacity 45461K, committed 45632K, reserved 1089536K
  class space    used 5319K, capacity 5624K, committed 5732K, reserved 1048576K
}
2019-02-22T17:31:14.615-0700: 81770.980: Total time for which application threads were stopped: 0.0119333 seconds, Stopping threads took: 0.0000401 seconds
{Heap before GC invocations=725 (full 104):
 par new generation   total 109248K, used 109248K [0x00000000e0000000, 0x00000000e8000000, 0x00000000e8000000)
  eden space 87424K, 100% used [0x00000000e0000000, 0x00000000e5560000, 0x00000000e5560000)
  from space 21824K, 100% used [0x00000000e6ab0000, 0x00000000e8000000, 0x00000000e8000000)
  to   space 21824K,   0% used [0x00000000e5560000, 0x00000000e5560000, 0x00000000e6ab0000)
 concurrent mark-sweep generation total 393216K, used 126517K [0x00000000e8000000, 0x0000000100000000, 0x0000000100000000)
 Metaspace       used 44139K, capacity 45461K, committed 45632K, reserved 1089536K
  class space    used 5319K, capacity 5624K, committed 5732K, reserved 1048576K
2019-02-22T17:31:14.870-0700: 81771.236: [GC (Allocation Failure) 2019-02-22T17:31:14.870-0700: 81771.236: [ParNew
Desired survivor size 20112992 bytes, new threshold 4 (max 8)
- age   1:   14647760 bytes,   14647760 total
- age   2:    2402808 bytes,   17050568 total
- age   3:    1875288 bytes,   18925856 total
- age   4:    1422584 bytes,   20348440 total
- age   5:    1842096 bytes,   22190536 total
: 109248K->21824K(109248K), 0.0255311 secs] 235765K->174014K(502464K), 0.0256879 secs] [Times: user=0.11 sys=0.00, real=0.03 secs] 
Heap after GC invocations=726 (full 104):
 par new generation   total 109248K, used 21824K [0x00000000e0000000, 0x00000000e8000000, 0x00000000e8000000)
  eden space 87424K,   0% used [0x00000000e0000000, 0x00000000e0000000, 0x00000000e5560000)
  from space 21824K, 100% used [0x00000000e5560000, 0x00000000e6ab0000, 0x00000000e6ab0000)
  to   space 21824K,   0% used [0x00000000e6ab0000, 0x00000000e6ab0000, 0x00000000e8000000)
 concurrent mark-sweep generation total 393216K, used 152190K [0x00000000e8000000, 0x0000000100000000, 0x0000000100000000)
 Metaspace       used 44139K, capacity 45461K, committed 45632K, reserved 1089536K
  class space    used 5319K, capacity 5624K, committed 5732K, reserved 1048576K
}
2019-02-22T17:31:14.896-0700: 81771.262: Total time for which application threads were stopped: 0.0262338 seconds, Stopping threads took: 0.0001028 seconds
2019-02-22T17:31:14.899-0700: 81771.264: Total time for which application threads were stopped: 0.0014322 seconds, Stopping threads took: 0.0010363 seconds
{Heap before GC invocations=726 (full 104):
 par new generation   total 109248K, used 109210K [0x00000000e0000000, 0x00000000e8000000, 0x00000000e8000000)
  eden space 87424K,  99% used [0x00000000e0000000, 0x00000000e5556bd0, 0x00000000e5560000)
  from space 21824K, 100% used [0x00000000e5560000, 0x00000000e6ab0000, 0x00000000e6ab0000)
  to   space 21824K,   0% used [0x00000000e6ab0000, 0x00000000e6ab0000, 0x00000000e8000000)
 concurrent mark-sweep generation total 393216K, used 152190K [0x00000000e8000000, 0x0000000100000000, 0x0000000100000000)
 Metaspace       used 44139K, capacity 45461K, committed 45632K, reserved 1089536K
  class space    used 5319K, capacity 5624K, committed 5732K, reserved 1048576K
2019-02-22T17:31:15.080-0700: 81771.446: [GC (Allocation Failure) 2019-02-22T17:31:15.080-0700: 81771.446: [ParNew
Desired survivor size 20112992 bytes, new threshold 3 (max 8)
- age   1:    7789632 bytes,    7789632 total
- age   2:   10511192 bytes,   18300824 total
- age   3:    2228440 bytes,   20529264 total
- age   4:    1781352 bytes,   22310616 total
: 109210K->21824K(109248K), 0.0254200 secs] 261401K->203692K(502464K), 0.0255295 secs] [Times: user=0.06 sys=0.00, real=0.03 secs] 
Heap after GC invocations=727 (full 104):
 par new generation   total 109248K, used 21824K [0x00000000e0000000, 0x00000000e8000000, 0x00000000e8000000)
  eden space 87424K,   0% used [0x00000000e0000000, 0x00000000e0000000, 0x00000000e5560000)
  from space 21824K, 100% used [0x00000000e6ab0000, 0x00000000e8000000, 0x00000000e8000000)
  to   space 21824K,   0% used [0x00000000e5560000, 0x00000000e5560000, 0x00000000e6ab0000)
 concurrent mark-sweep generation total 393216K, used 181868K [0x00000000e8000000, 0x0000000100000000, 0x0000000100000000)
 Metaspace       used 44139K, capacity 45461K, committed 45632K, reserved 1089536K
  class space    used 5319K, capacity 5624K, committed 5732K, reserved 1048576K
}
2019-02-22T17:31:15.106-0700: 81771.472: Total time for which application threads were stopped: 0.0259953 seconds, Stopping threads took: 0.0001028 seconds
{Heap before GC invocations=727 (full 104):
 par new generation   total 109248K, used 109248K [0x00000000e0000000, 0x00000000e8000000, 0x00000000e8000000)
  eden space 87424K, 100% used [0x00000000e0000000, 0x00000000e5560000, 0x00000000e5560000)
  from space 21824K, 100% used [0x00000000e6ab0000, 0x00000000e8000000, 0x00000000e8000000)
  to   space 21824K,   0% used [0x00000000e5560000, 0x00000000e5560000, 0x00000000e6ab0000)
 concurrent mark-sweep generation total 393216K, used 181868K [0x00000000e8000000, 0x0000000100000000, 0x0000000100000000)
 Metaspace       used 44139K, capacity 45461K, committed 45632K, reserved 1089536K
  class space    used 5319K, capacity 5624K, committed 5732K, reserved 1048576K
2019-02-22T17:31:15.342-0700: 81771.708: [GC (Allocation Failure) 2019-02-22T17:31:15.342-0700: 81771.708: [ParNew
Desired survivor size 20112992 bytes, new threshold 3 (max 8)
- age   1:    9309384 bytes,    9309384 total
- age   2:    4231840 bytes,   13541224 total
- age   3:    8242400 bytes,   21783624 total
: 109248K->21824K(109248K), 0.0169931 secs] 291116K->211684K(502464K), 0.0170877 secs] [Times: user=0.08 sys=0.00, real=0.02 secs] 
Heap after GC invocations=728 (full 104):
 par new generation   total 109248K, used 21824K [0x00000000e0000000, 0x00000000e8000000, 0x00000000e8000000)
  eden space 87424K,   0% used [0x00000000e0000000, 0x00000000e0000000, 0x00000000e5560000)
  from space 21824K, 100% used [0x00000000e5560000, 0x00000000e6ab0000, 0x00000000e6ab0000)
  to   space 21824K,   0% used [0x00000000e6ab0000, 0x00000000e6ab0000, 0x00000000e8000000)
 concurrent mark-sweep generation total 393216K, used 189860K [0x00000000e8000000, 0x0000000100000000, 0x0000000100000000)
 Metaspace       used 44139K, capacity 45461K, committed 45632K, reserved 1089536K
  class space    used 5319K, capacity 5624K, committed 5732K, reserved 1048576K
}
2019-02-22T17:31:15.360-0700: 81771.725: Total time for which application threads were stopped: 0.0175185 seconds, Stopping threads took: 0.0000673 seconds
{Heap before GC invocations=728 (full 104):
 par new generation   total 109248K, used 109248K [0x00000000e0000000, 0x00000000e8000000, 0x00000000e8000000)
  eden space 87424K, 100% used [0x00000000e0000000, 0x00000000e5560000, 0x00000000e5560000)
  from space 21824K, 100% used [0x00000000e5560000, 0x00000000e6ab0000, 0x00000000e6ab0000)
  to   space 21824K,   0% used [0x00000000e6ab0000, 0x00000000e6ab0000, 0x00000000e8000000)
 concurrent mark-sweep generation total 393216K, used 189860K [0x00000000e8000000, 0x0000000100000000, 0x0000000100000000)
 Metaspace       used 44139K, capacity 45461K, committed 45632K, reserved 1089536K
  class space    used 5319K, capacity 5624K, committed 5732K, reserved 1048576K
2019-02-22T17:31:15.659-0700: 81772.025: [GC (Allocation Failure) 2019-02-22T17:31:15.659-0700: 81772.025: [ParNew
Desired survivor size 20112992 bytes, new threshold 8 (max 8)
- age   1:    5892960 bytes,    5892960 total
- age   2:    7758152 bytes,   13651112 total
- age   3:    4181936 bytes,   17833048 total
: 109248K->21824K(109248K), 0.0148937 secs] 299108K->218790K(502464K), 0.0150186 secs] [Times: user=0.05 sys=0.00, real=0.02 secs] 
Heap after GC invocations=729 (full 104):
 par new generation   total 109248K, used 21824K [0x00000000e0000000, 0x00000000e8000000, 0x00000000e8000000)
  eden space 87424K,   0% used [0x00000000e0000000, 0x00000000e0000000, 0x00000000e5560000)
  from space 21824K, 100% used [0x00000000e6ab0000, 0x00000000e8000000, 0x00000000e8000000)
  to   space 21824K,   0% used [0x00000000e5560000, 0x00000000e5560000, 0x00000000e6ab0000)
 concurrent mark-sweep generation total 393216K, used 196966K [0x00000000e8000000, 0x0000000100000000, 0x0000000100000000)
 Metaspace       used 44139K, capacity 45461K, committed 45632K, reserved 1089536K
  class space    used 5319K, capacity 5624K, committed 5732K, reserved 1048576K
}
2019-02-22T17:31:15.674-0700: 81772.040: Total time for which application threads were stopped: 0.0168826 seconds, Stopping threads took: 0.0014815 seconds
2019-02-22T17:31:15.675-0700: 81772.041: [GC (CMS Initial Mark) [1 CMS-initial-mark: 196966K(393216K)] 219487K(502464K), 0.0017205 secs] [Times: user=0.00 sys=0.00, real=0.00 secs] 
2019-02-22T17:31:15.678-0700: 81772.043: Total time for which application threads were stopped: 0.0025168 seconds, Stopping threads took: 0.0005542 seconds
2019-02-22T17:31:15.678-0700: 81772.043: [CMS-concurrent-mark-start]
2019-02-22T17:31:15.713-0700: 81772.079: [CMS-concurrent-mark: 0.036/0.036 secs] [Times: user=0.13 sys=0.00, real=0.04 secs] 
2019-02-22T17:31:15.713-0700: 81772.079: [CMS-concurrent-preclean-start]
2019-02-22T17:31:15.726-0700: 81772.091: [CMS-concurrent-preclean: 0.012/0.013 secs] [Times: user=0.06 sys=0.00, real=0.01 secs] 
2019-02-22T17:31:15.726-0700: 81772.091: [CMS-concurrent-abortable-preclean-start]
2019-02-22T17:31:15.895-0700: 81772.261: [CMS-concurrent-abortable-preclean: 0.166/0.170 secs] [Times: user=0.39 sys=0.03, real=0.17 secs] 
2019-02-22T17:31:15.896-0700: 81772.261: [GC (CMS Final Remark) [YG occupancy: 82165 K (109248 K)]{Heap before GC invocations=729 (full 105):
 par new generation   total 109248K, used 82165K [0x00000000e0000000, 0x00000000e8000000, 0x00000000e8000000)
  eden space 87424K,  69% used [0x00000000e0000000, 0x00000000e3aed700, 0x00000000e5560000)
  from space 21824K, 100% used [0x00000000e6ab0000, 0x00000000e8000000, 0x00000000e8000000)
  to   space 21824K,   0% used [0x00000000e5560000, 0x00000000e5560000, 0x00000000e6ab0000)
 concurrent mark-sweep generation total 393216K, used 196966K [0x00000000e8000000, 0x0000000100000000, 0x0000000100000000)
 Metaspace       used 44139K, capacity 45461K, committed 45632K, reserved 1089536K
  class space    used 5319K, capacity 5624K, committed 5732K, reserved 1048576K
2019-02-22T17:31:15.896-0700: 81772.262: [GC (CMS Final Remark) 2019-02-22T17:31:15.896-0700: 81772.262: [ParNew
Desired survivor size 20112992 bytes, new threshold 8 (max 8)
- age   1:    5410032 bytes,    5410032 total
- age   2:    3892816 bytes,    9302848 total
- age   3:    6793032 bytes,   16095880 total
- age   4:    3716264 bytes,   19812144 total
: 82165K->21824K(109248K), 0.0109417 secs] 279132K->219369K(502464K), 0.0110260 secs] [Times: user=0.06 sys=0.00, real=0.01 secs] 
Heap after GC invocations=730 (full 105):
 par new generation   total 109248K, used 21824K [0x00000000e0000000, 0x00000000e8000000, 0x00000000e8000000)
  eden space 87424K,   0% used [0x00000000e0000000, 0x00000000e0000000, 0x00000000e5560000)
  from space 21824K, 100% used [0x00000000e5560000, 0x00000000e6ab0000, 0x00000000e6ab0000)
  to   space 21824K,   0% used [0x00000000e6ab0000, 0x00000000e6ab0000, 0x00000000e8000000)
 concurrent mark-sweep generation total 393216K, used 197545K [0x00000000e8000000, 0x0000000100000000, 0x0000000100000000)
 Metaspace       used 44139K, capacity 45461K, committed 45632K, reserved 1089536K
  class space    used 5319K, capacity 5624K, committed 5732K, reserved 1048576K
}
2019-02-22T17:31:15.907-0700: 81772.273: [Rescan (parallel) , 0.0068313 secs]2019-02-22T17:31:15.915-0700: 81772.280: [weak refs processing, 0.0126751 secs]2019-02-22T17:31:15.927-0700: 81772.292: [class unloading, 0.0131948 secs]2019-02-22T17:31:15.940-0700: 81772.306: [scrub symbol table, 0.0148675 secs]2019-02-22T17:31:15.955-0700: 81772.320: [scrub string table, 0.0006734 secs][1 CMS-remark: 197545K(393216K)] 219369K(502464K), 0.0598139 secs] [Times: user=0.16 sys=0.00, real=0.06 secs] 
2019-02-22T17:31:15.956-0700: 81772.321: Total time for which application threads were stopped: 0.0601666 seconds, Stopping threads took: 0.0000745 seconds
2019-02-22T17:31:15.956-0700: 81772.322: [CMS-concurrent-sweep-start]
2019-02-22T17:31:16.089-0700: 81772.455: [CMS-concurrent-sweep: 0.133/0.133 secs] [Times: user=0.39 sys=0.00, real=0.13 secs] 
2019-02-22T17:31:16.089-0700: 81772.455: [CMS-concurrent-reset-start]
2019-02-22T17:31:16.090-0700: 81772.456: [CMS-concurrent-reset: 0.001/0.001 secs] [Times: user=0.00 sys=0.00, real=0.00 secs] 
{Heap before GC invocations=730 (full 105):
 par new generation   total 109248K, used 109248K [0x00000000e0000000, 0x00000000e8000000, 0x00000000e8000000)
  eden space 87424K, 100% used [0x00000000e0000000, 0x00000000e5560000, 0x00000000e5560000)
  from space 21824K, 100% used [0x00000000e5560000, 0x00000000e6ab0000, 0x00000000e6ab0000)
  to   space 21824K,   0% used [0x00000000e6ab0000, 0x00000000e6ab0000, 0x00000000e8000000)
 concurrent mark-sweep generation total 393216K, used 172772K [0x00000000e8000000, 0x0000000100000000, 0x0000000100000000)
 Metaspace       used 44139K, capacity 45461K, committed 45632K, reserved 1089536K
  class space    used 5319K, capacity 5624K, committed 5732K, reserved 1048576K
2019-02-22T17:31:16.220-0700: 81772.586: [GC (Allocation Failure) 2019-02-22T17:31:16.220-0700: 81772.586: [ParNew
Desired survivor size 20112992 bytes, new threshold 5 (max 8)
- age   1:    9015792 bytes,    9015792 total
- age   2:    2611992 bytes,   11627784 total
- age   3:    2040112 bytes,   13667896 total
- age   4:    4823256 bytes,   18491152 total
- age   5:    3582112 bytes,   22073264 total
: 109248K->21824K(109248K), 0.0127254 secs] 282020K->195420K(502464K), 0.0128072 secs] [Times: user=0.00 sys=0.00, real=0.01 secs] 
Heap after GC invocations=731 (full 105):
 par new generation   total 109248K, used 21824K [0x00000000e0000000, 0x00000000e8000000, 0x00000000e8000000)
  eden space 87424K,   0% used [0x00000000e0000000, 0x00000000e0000000, 0x00000000e5560000)
  from space 21824K, 100% used [0x00000000e6ab0000, 0x00000000e8000000, 0x00000000e8000000)
  to   space 21824K,   0% used [0x00000000e5560000, 0x00000000e5560000, 0x00000000e6ab0000)
 concurrent mark-sweep generation total 393216K, used 173596K [0x00000000e8000000, 0x0000000100000000, 0x0000000100000000)
 Metaspace       used 44139K, capacity 45461K, committed 45632K, reserved 1089536K
  class space    used 5319K, capacity 5624K, committed 5732K, reserved 1048576K
}
2019-02-22T17:31:16.233-0700: 81772.599: Total time for which application threads were stopped: 0.0132374 seconds, Stopping threads took: 0.0000668 seconds
{Heap before GC invocations=731 (full 105):
 par new generation   total 109248K, used 109211K [0x00000000e0000000, 0x00000000e8000000, 0x00000000e8000000)
  eden space 87424K,  99% used [0x00000000e0000000, 0x00000000e5556ef8, 0x00000000e5560000)
  from space 21824K, 100% used [0x00000000e6ab0000, 0x00000000e8000000, 0x00000000e8000000)
  to   space 21824K,   0% used [0x00000000e5560000, 0x00000000e5560000, 0x00000000e6ab0000)
 concurrent mark-sweep generation total 393216K, used 173596K [0x00000000e8000000, 0x0000000100000000, 0x0000000100000000)
 Metaspace       used 44139K, capacity 45461K, committed 45632K, reserved 1089536K
  class space    used 5319K, capacity 5624K, committed 5732K, reserved 1048576K
2019-02-22T17:31:16.265-0700: 81772.630: [GC (Allocation Failure) 2019-02-22T17:31:16.265-0700: 81772.630: [ParNew
Desired survivor size 20112992 bytes, new threshold 5 (max 8)
- age   1:    7724576 bytes,    7724576 total
- age   2:    6595616 bytes,   14320192 total
- age   3:    2136896 bytes,   16457088 total
- age   4:    1681208 bytes,   18138296 total
- age   5:    4152912 bytes,   22291208 total
: 109211K->21824K(109248K), 0.0212356 secs] 282807K->215288K(502464K), 0.0213251 secs] [Times: user=0.13 sys=0.00, real=0.02 secs] 
Heap after GC invocations=732 (full 105):
 par new generation   total 109248K, used 21824K [0x00000000e0000000, 0x00000000e8000000, 0x00000000e8000000)
  eden space 87424K,   0% used [0x00000000e0000000, 0x00000000e0000000, 0x00000000e5560000)
  from space 21824K, 100% used [0x00000000e5560000, 0x00000000e6ab0000, 0x00000000e6ab0000)
  to   space 21824K,   0% used [0x00000000e6ab0000, 0x00000000e6ab0000, 0x00000000e8000000)
 concurrent mark-sweep generation total 393216K, used 193464K [0x00000000e8000000, 0x0000000100000000, 0x0000000100000000)
 Metaspace       used 44139K, capacity 45461K, committed 45632K, reserved 1089536K
  class space    used 5319K, capacity 5624K, committed 5732K, reserved 1048576K
}
2019-02-22T17:31:16.286-0700: 81772.651: Total time for which application threads were stopped: 0.0216746 seconds, Stopping threads took: 0.0000334 seconds
{Heap before GC invocations=732 (full 105):
 par new generation   total 109248K, used 108870K [0x00000000e0000000, 0x00000000e8000000, 0x00000000e8000000)
  eden space 87424K,  99% used [0x00000000e0000000, 0x00000000e5501818, 0x00000000e5560000)
  from space 21824K, 100% used [0x00000000e5560000, 0x00000000e6ab0000, 0x00000000e6ab0000)
  to   space 21824K,   0% used [0x00000000e6ab0000, 0x00000000e6ab0000, 0x00000000e8000000)
 concurrent mark-sweep generation total 393216K, used 193464K [0x00000000e8000000, 0x0000000100000000, 0x0000000100000000)
 Metaspace       used 44140K, capacity 45461K, committed 45632K, reserved 1089536K
  class space    used 5319K, capacity 5624K, committed 5732K, reserved 1048576K
2019-02-22T17:31:16.304-0700: 81772.670: [GC (Allocation Failure) 2019-02-22T17:31:16.305-0700: 81772.670: [ParNew
Desired survivor size 20112992 bytes, new threshold 8 (max 8)
- age   1:     984256 bytes,     984256 total
- age   2:    6110352 bytes,    7094608 total
- age   3:    6206864 bytes,   13301472 total
- age   4:    2046280 bytes,   15347752 total
- age   5:    1637280 bytes,   16985032 total
: 108870K->21824K(109248K), 0.0152464 secs] 302334K->221168K(502464K), 0.0153517 secs] [Times: user=0.06 sys=0.00, real=0.02 secs] 
Heap after GC invocations=733 (full 105):
 par new generation   total 109248K, used 21824K [0x00000000e0000000, 0x00000000e8000000, 0x00000000e8000000)
  eden space 87424K,   0% used [0x00000000e0000000, 0x00000000e0000000, 0x00000000e5560000)
  from space 21824K, 100% used [0x00000000e6ab0000, 0x00000000e8000000, 0x00000000e8000000)
  to   space 21824K,   0% used [0x00000000e5560000, 0x00000000e5560000, 0x00000000e6ab0000)
 concurrent mark-sweep generation total 393216K, used 199344K [0x00000000e8000000, 0x0000000100000000, 0x0000000100000000)
 Metaspace       used 44140K, capacity 45461K, committed 45632K, reserved 1089536K
  class space    used 5319K, capacity 5624K, committed 5732K, reserved 1048576K
}
2019-02-22T17:31:16.320-0700: 81772.685: Total time for which application threads were stopped: 0.0158036 seconds, Stopping threads took: 0.0000843 seconds
2019-02-22T17:31:16.320-0700: 81772.686: [GC (CMS Initial Mark) [1 CMS-initial-mark: 199344K(393216K)] 221691K(502464K), 0.0017072 secs] [Times: user=0.00 sys=0.00, real=0.00 secs] 
2019-02-22T17:31:16.322-0700: 81772.687: Total time for which application threads were stopped: 0.0019663 seconds, Stopping threads took: 0.0000617 seconds
2019-02-22T17:31:16.322-0700: 81772.687: [CMS-concurrent-mark-start]
2019-02-22T17:31:16.366-0700: 81772.731: [CMS-concurrent-mark: 0.044/0.044 secs] [Times: user=0.23 sys=0.00, real=0.04 secs] 
2019-02-22T17:31:16.366-0700: 81772.731: [CMS-concurrent-preclean-start]
2019-02-22T17:31:16.377-0700: 81772.743: [CMS-concurrent-preclean: 0.011/0.011 secs] [Times: user=0.06 sys=0.00, real=0.01 secs] 
2019-02-22T17:31:16.377-0700: 81772.743: [CMS-concurrent-abortable-preclean-start]
{Heap before GC invocations=733 (full 106):
 par new generation   total 109248K, used 109248K [0x00000000e0000000, 0x00000000e8000000, 0x00000000e8000000)
  eden space 87424K, 100% used [0x00000000e0000000, 0x00000000e5560000, 0x00000000e5560000)
  from space 21824K, 100% used [0x00000000e6ab0000, 0x00000000e8000000, 0x00000000e8000000)
  to   space 21824K,   0% used [0x00000000e5560000, 0x00000000e5560000, 0x00000000e6ab0000)
 concurrent mark-sweep generation total 393216K, used 199344K [0x00000000e8000000, 0x0000000100000000, 0x0000000100000000)
 Metaspace       used 44140K, capacity 45461K, committed 45632K, reserved 1089536K
  class space    used 5319K, capacity 5624K, committed 5732K, reserved 1048576K
2019-02-22T17:31:16.442-0700: 81772.807: [GC (Allocation Failure) 2019-02-22T17:31:16.442-0700: 81772.807: [ParNew
Desired survivor size 20112992 bytes, new threshold 8 (max 8)
- age   1:    3078240 bytes,    3078240 total
- age   2:     701720 bytes,    3779960 total
- age   3:    6082576 bytes,    9862536 total
- age   4:    5402704 bytes,   15265240 total
- age   5:    1687232 bytes,   16952472 total
- age   6:    1572048 bytes,   18524520 total
: 109248K->21824K(109248K), 0.0112594 secs] 308592K->221694K(502464K), 0.0113426 secs] [Times: user=0.02 sys=0.00, real=0.01 secs] 
Heap after GC invocations=734 (full 106):
 par new generation   total 109248K, used 21824K [0x00000000e0000000, 0x00000000e8000000, 0x00000000e8000000)
  eden space 87424K,   0% used [0x00000000e0000000, 0x00000000e0000000, 0x00000000e5560000)
  from space 21824K, 100% used [0x00000000e5560000, 0x00000000e6ab0000, 0x00000000e6ab0000)
  to   space 21824K,   0% used [0x00000000e6ab0000, 0x00000000e6ab0000, 0x00000000e8000000)
 concurrent mark-sweep generation total 393216K, used 199870K [0x00000000e8000000, 0x0000000100000000, 0x0000000100000000)
 Metaspace       used 44140K, capacity 45461K, committed 45632K, reserved 1089536K
  class space    used 5319K, capacity 5624K, committed 5732K, reserved 1048576K
}
2019-02-22T17:31:16.454-0700: 81772.819: Total time for which application threads were stopped: 0.0117210 seconds, Stopping threads took: 0.0000632 seconds
2019-02-22T17:31:16.550-0700: 81772.915: [CMS-concurrent-abortable-preclean: 0.157/0.172 secs] [Times: user=0.55 sys=0.01, real=0.17 secs] 
2019-02-22T17:31:16.553-0700: 81772.918: [GC (CMS Final Remark) [YG occupancy: 72956 K (109248 K)]{Heap before GC invocations=734 (full 106):
 par new generation   total 109248K, used 72956K [0x00000000e0000000, 0x00000000e8000000, 0x00000000e8000000)
  eden space 87424K,  58% used [0x00000000e0000000, 0x00000000e31ef258, 0x00000000e5560000)
  from space 21824K, 100% used [0x00000000e5560000, 0x00000000e6ab0000, 0x00000000e6ab0000)
  to   space 21824K,   0% used [0x00000000e6ab0000, 0x00000000e6ab0000, 0x00000000e8000000)
 concurrent mark-sweep generation total 393216K, used 199870K [0x00000000e8000000, 0x0000000100000000, 0x0000000100000000)
 Metaspace       used 44142K, capacity 45461K, committed 45632K, reserved 1089536K
  class space    used 5319K, capacity 5624K, committed 5732K, reserved 1048576K
2019-02-22T17:31:16.553-0700: 81772.918: [GC (CMS Final Remark) 2019-02-22T17:31:16.553-0700: 81772.918: [ParNew
Desired survivor size 20112992 bytes, new threshold 7 (max 8)
- age   1:    3103600 bytes,    3103600 total
- age   2:    2461344 bytes,    5564944 total
- age   3:     683912 bytes,    6248856 total
- age   4:    5801776 bytes,   12050632 total
- age   5:    5067648 bytes,   17118280 total
- age   6:    1644672 bytes,   18762952 total
- age   7:    1434304 bytes,   20197256 total
: 72956K->21824K(109248K), 0.0112352 secs] 272827K->221849K(502464K), 0.0113200 secs] [Times: user=0.05 sys=0.00, real=0.01 secs] 
Heap after GC invocations=735 (full 106):
 par new generation   total 109248K, used 21824K [0x00000000e0000000, 0x00000000e8000000, 0x00000000e8000000)
  eden space 87424K,   0% used [0x00000000e0000000, 0x00000000e0000000, 0x00000000e5560000)
  from space 21824K, 100% used [0x00000000e6ab0000, 0x00000000e8000000, 0x00000000e8000000)
  to   space 21824K,   0% used [0x00000000e5560000, 0x00000000e5560000, 0x00000000e6ab0000)
 concurrent mark-sweep generation total 393216K, used 200025K [0x00000000e8000000, 0x0000000100000000, 0x0000000100000000)
 Metaspace       used 44142K, capacity 45461K, committed 45632K, reserved 1089536K
  class space    used 5319K, capacity 5624K, committed 5732K, reserved 1048576K
}
2019-02-22T17:31:16.564-0700: 81772.929: [Rescan (parallel) , 0.0053421 secs]2019-02-22T17:31:16.570-0700: 81772.935: [weak refs processing, 0.0004210 secs]2019-02-22T17:31:16.570-0700: 81772.935: [class unloading, 0.0140717 secs]2019-02-22T17:31:16.584-0700: 81772.949: [scrub symbol table, 0.0124000 secs]2019-02-22T17:31:16.596-0700: 81772.962: [scrub string table, 0.0007896 secs][1 CMS-remark: 200025K(393216K)] 221849K(502464K), 0.0448056 secs] [Times: user=0.06 sys=0.00, real=0.04 secs] 
2019-02-22T17:31:16.597-0700: 81772.963: Total time for which application threads were stopped: 0.0461663 seconds, Stopping threads took: 0.0010821 seconds
2019-02-22T17:31:16.598-0700: 81772.964: [CMS-concurrent-sweep-start]
2019-02-22T17:31:16.720-0700: 81773.086: [CMS-concurrent-sweep: 0.122/0.122 secs] [Times: user=0.34 sys=0.02, real=0.12 secs] 
2019-02-22T17:31:16.721-0700: 81773.086: [CMS-concurrent-reset-start]
2019-02-22T17:31:16.721-0700: 81773.086: [CMS-concurrent-reset: 0.001/0.001 secs] [Times: user=0.00 sys=0.00, real=0.00 secs] 
{Heap before GC invocations=735 (full 106):
 par new generation   total 109248K, used 109248K [0x00000000e0000000, 0x00000000e8000000, 0x00000000e8000000)
  eden space 87424K, 100% used [0x00000000e0000000, 0x00000000e5560000, 0x00000000e5560000)
  from space 21824K, 100% used [0x00000000e6ab0000, 0x00000000e8000000, 0x00000000e8000000)
  to   space 21824K,   0% used [0x00000000e5560000, 0x00000000e5560000, 0x00000000e6ab0000)
 concurrent mark-sweep generation total 393216K, used 158241K [0x00000000e8000000, 0x0000000100000000, 0x0000000100000000)
 Metaspace       used 44142K, capacity 45461K, committed 45632K, reserved 1089536K
  class space    used 5319K, capacity 5624K, committed 5732K, reserved 1048576K
2019-02-22T17:31:16.722-0700: 81773.087: [GC (Allocation Failure) 2019-02-22T17:31:16.722-0700: 81773.087: [ParNew
Desired survivor size 20112992 bytes, new threshold 7 (max 8)
- age   1:    3504680 bytes,    3504680 total
- age   2:    2115248 bytes,    5619928 total
- age   3:    1699992 bytes,    7319920 total
- age   4:     672352 bytes,    7992272 total
- age   5:    5712344 bytes,   13704616 total
- age   6:    4891296 bytes,   18595912 total
- age   7:    1625528 bytes,   20221440 total
: 109248K->21824K(109248K), 0.0117395 secs] 267489K->181606K(502464K), 0.0118366 secs] [Times: user=0.00 sys=0.00, real=0.01 secs] 
Heap after GC invocations=736 (full 106):
 par new generation   total 109248K, used 21824K [0x00000000e0000000, 0x00000000e8000000, 0x00000000e8000000)
  eden space 87424K,   0% used [0x00000000e0000000, 0x00000000e0000000, 0x00000000e5560000)
  from space 21824K, 100% used [0x00000000e5560000, 0x00000000e6ab0000, 0x00000000e6ab0000)
  to   space 21824K,   0% used [0x00000000e6ab0000, 0x00000000e6ab0000, 0x00000000e8000000)
 concurrent mark-sweep generation total 393216K, used 159782K [0x00000000e8000000, 0x0000000100000000, 0x0000000100000000)
 Metaspace       used 44142K, capacity 45461K, committed 45632K, reserved 1089536K
  class space    used 5319K, capacity 5624K, committed 5732K, reserved 1048576K
}
2019-02-22T17:31:16.734-0700: 81773.099: Total time for which application threads were stopped: 0.0124206 seconds, Stopping threads took: 0.0001331 seconds
{Heap before GC invocations=736 (full 106):
 par new generation   total 109248K, used 109248K [0x00000000e0000000, 0x00000000e8000000, 0x00000000e8000000)
  eden space 87424K, 100% used [0x00000000e0000000, 0x00000000e5560000, 0x00000000e5560000)
  from space 21824K, 100% used [0x00000000e5560000, 0x00000000e6ab0000, 0x00000000e6ab0000)
  to   space 21824K,   0% used [0x00000000e6ab0000, 0x00000000e6ab0000, 0x00000000e8000000)
 concurrent mark-sweep generation total 393216K, used 159782K [0x00000000e8000000, 0x0000000100000000, 0x0000000100000000)
 Metaspace       used 44142K, capacity 45461K, committed 45632K, reserved 1089536K
  class space    used 5319K, capacity 5624K, committed 5732K, reserved 1048576K
2019-02-22T17:31:16.824-0700: 81773.189: [GC (Allocation Failure) 2019-02-22T17:31:16.824-0700: 81773.189: [ParNew
Desired survivor size 20112992 bytes, new threshold 8 (max 8)
- age   1:    4009520 bytes,    4009520 total
- age   2:    1989064 bytes,    5998584 total
- age   3:    1161304 bytes,    7159888 total
- age   4:    1521184 bytes,    8681072 total
- age   5:     438624 bytes,    9119696 total
- age   6:    5613064 bytes,   14732760 total
- age   7:    4922976 bytes,   19655736 total
: 109248K->21824K(109248K), 0.0131300 secs] 269030K->183273K(502464K), 0.0132585 secs] [Times: user=0.06 sys=0.00, real=0.01 secs] 
Heap after GC invocations=737 (full 106):
 par new generation   total 109248K, used 21824K [0x00000000e0000000, 0x00000000e8000000, 0x00000000e8000000)
  eden space 87424K,   0% used [0x00000000e0000000, 0x00000000e0000000, 0x00000000e5560000)
  from space 21824K, 100% used [0x00000000e6ab0000, 0x00000000e8000000, 0x00000000e8000000)
  to   space 21824K,   0% used [0x00000000e5560000, 0x00000000e5560000, 0x00000000e6ab0000)
 concurrent mark-sweep generation total 393216K, used 161449K [0x00000000e8000000, 0x0000000100000000, 0x0000000100000000)
 Metaspace       used 44142K, capacity 45461K, committed 45632K, reserved 1089536K
  class space    used 5319K, capacity 5624K, committed 5732K, reserved 1048576K
}
2019-02-22T17:31:16.838-0700: 81773.203: Total time for which application threads were stopped: 0.0137988 seconds, Stopping threads took: 0.0000900 seconds
{Heap before GC invocations=737 (full 106):
 par new generation   total 109248K, used 109248K [0x00000000e0000000, 0x00000000e8000000, 0x00000000e8000000)
  eden space 87424K, 100% used [0x00000000e0000000, 0x00000000e5560000, 0x00000000e5560000)
  from space 21824K, 100% used [0x00000000e6ab0000, 0x00000000e8000000, 0x00000000e8000000)
  to   space 21824K,   0% used [0x00000000e5560000, 0x00000000e5560000, 0x00000000e6ab0000)
 concurrent mark-sweep generation total 393216K, used 161449K [0x00000000e8000000, 0x0000000100000000, 0x0000000100000000)
 Metaspace       used 44142K, capacity 45461K, committed 45632K, reserved 1089536K
  class space    used 5319K, capacity 5624K, committed 5732K, reserved 1048576K
2019-02-22T17:31:16.910-0700: 81773.275: [GC (Allocation Failure) 2019-02-22T17:31:16.910-0700: 81773.275: [ParNew
Desired survivor size 20112992 bytes, new threshold 8 (max 8)
- age   1:    4263440 bytes,    4263440 total
- age   2:    3019296 bytes,    7282736 total
- age   3:    1347832 bytes,    8630568 total
- age   4:    1110168 bytes,    9740736 total
- age   5:    1505088 bytes,   11245824 total
- age   6:     405840 bytes,   11651664 total
- age   7:    4955512 bytes,   16607176 total
- age   8:    4856560 bytes,   21463736 total
: 109248K->21824K(109248K), 0.0117230 secs] 270697K->184289K(502464K), 0.0118310 secs] [Times: user=0.02 sys=0.00, real=0.01 secs] 
Heap after GC invocations=738 (full 106):
 par new generation   total 109248K, used 21824K [0x00000000e0000000, 0x00000000e8000000, 0x00000000e8000000)
  eden space 87424K,   0% used [0x00000000e0000000, 0x00000000e0000000, 0x00000000e5560000)
  from space 21824K, 100% used [0x00000000e5560000, 0x00000000e6ab0000, 0x00000000e6ab0000)
  to   space 21824K,   0% used [0x00000000e6ab0000, 0x00000000e6ab0000, 0x00000000e8000000)
 concurrent mark-sweep generation total 393216K, used 162465K [0x00000000e8000000, 0x0000000100000000, 0x0000000100000000)
 Metaspace       used 44142K, capacity 45461K, committed 45632K, reserved 1089536K
  class space    used 5319K, capacity 5624K, committed 5732K, reserved 1048576K
}
2019-02-22T17:31:16.922-0700: 81773.287: Total time for which application threads were stopped: 0.0123111 seconds, Stopping threads took: 0.0000658 seconds
{Heap before GC invocations=738 (full 106):
 par new generation   total 109248K, used 109248K [0x00000000e0000000, 0x00000000e8000000, 0x00000000e8000000)
  eden space 87424K, 100% used [0x00000000e0000000, 0x00000000e5560000, 0x00000000e5560000)
  from space 21824K, 100% used [0x00000000e5560000, 0x00000000e6ab0000, 0x00000000e6ab0000)
  to   space 21824K,   0% used [0x00000000e6ab0000, 0x00000000e6ab0000, 0x00000000e8000000)
 concurrent mark-sweep generation total 393216K, used 162465K [0x00000000e8000000, 0x0000000100000000, 0x0000000100000000)
 Metaspace       used 44142K, capacity 45461K, committed 45632K, reserved 1089536K
  class space    used 5319K, capacity 5624K, committed 5732K, reserved 1048576K
2019-02-22T17:31:17.122-0700: 81773.488: [GC (Allocation Failure) 2019-02-22T17:31:17.122-0700: 81773.488: [ParNew
Desired survivor size 20112992 bytes, new threshold 8 (max 8)
- age   1:    9305920 bytes,    9305920 total
- age   2:    2078016 bytes,   11383936 total
- age   3:     852968 bytes,   12236904 total
- age   4:     865112 bytes,   13102016 total
- age   5:     801480 bytes,   13903496 total
- age   6:    1466152 bytes,   15369648 total
- age   7:     402416 bytes,   15772064 total
- age   8:    4769592 bytes,   20541656 total
: 109248K->21824K(109248K), 0.0146665 secs] 271713K->189209K(502464K), 0.0147590 secs] [Times: user=0.06 sys=0.00, real=0.02 secs] 
Heap after GC invocations=739 (full 106):
 par new generation   total 109248K, used 21824K [0x00000000e0000000, 0x00000000e8000000, 0x00000000e8000000)
  eden space 87424K,   0% used [0x00000000e0000000, 0x00000000e0000000, 0x00000000e5560000)
  from space 21824K, 100% used [0x00000000e6ab0000, 0x00000000e8000000, 0x00000000e8000000)
  to   space 21824K,   0% used [0x00000000e5560000, 0x00000000e5560000, 0x00000000e6ab0000)
 concurrent mark-sweep generation total 393216K, used 167385K [0x00000000e8000000, 0x0000000100000000, 0x0000000100000000)
 Metaspace       used 44142K, capacity 45461K, committed 45632K, reserved 1089536K
  class space    used 5319K, capacity 5624K, committed 5732K, reserved 1048576K
}
2019-02-22T17:31:17.137-0700: 81773.503: Total time for which application threads were stopped: 0.0152844 seconds, Stopping threads took: 0.0000843 seconds
{Heap before GC invocations=739 (full 106):
 par new generation   total 109248K, used 108820K [0x00000000e0000000, 0x00000000e8000000, 0x00000000e8000000)
  eden space 87424K,  99% used [0x00000000e0000000, 0x00000000e54f5110, 0x00000000e5560000)
  from space 21824K, 100% used [0x00000000e6ab0000, 0x00000000e8000000, 0x00000000e8000000)
  to   space 21824K,   0% used [0x00000000e5560000, 0x00000000e5560000, 0x00000000e6ab0000)
 concurrent mark-sweep generation total 393216K, used 167385K [0x00000000e8000000, 0x0000000100000000, 0x0000000100000000)
 Metaspace       used 44142K, capacity 45461K, committed 45632K, reserved 1089536K
  class space    used 5319K, capacity 5624K, committed 5732K, reserved 1048576K
2019-02-22T17:31:17.162-0700: 81773.528: [GC (Allocation Failure) 2019-02-22T17:31:17.162-0700: 81773.528: [ParNew
Desired survivor size 20112992 bytes, new threshold 6 (max 8)
- age   1:   10326344 bytes,   10326344 total
- age   2:    6605104 bytes,   16931448 total
- age   3:    1218952 bytes,   18150400 total
- age   4:     770528 bytes,   18920928 total
- age   5:     881680 bytes,   19802608 total
- age   6:     716800 bytes,   20519408 total
- age   7:    1226248 bytes,   21745656 total
- age   8:     346616 bytes,   22092272 total
: 108820K->21824K(109248K), 0.0212449 secs] 276205K->207770K(502464K), 0.0213389 secs] [Times: user=0.06 sys=0.00, real=0.02 secs] 
Heap after GC invocations=740 (full 106):
 par new generation   total 109248K, used 21824K [0x00000000e0000000, 0x00000000e8000000, 0x00000000e8000000)
  eden space 87424K,   0% used [0x00000000e0000000, 0x00000000e0000000, 0x00000000e5560000)
  from space 21824K, 100% used [0x00000000e5560000, 0x00000000e6ab0000, 0x00000000e6ab0000)
  to   space 21824K,   0% used [0x00000000e6ab0000, 0x00000000e6ab0000, 0x00000000e8000000)
 concurrent mark-sweep generation total 393216K, used 185946K [0x00000000e8000000, 0x0000000100000000, 0x0000000100000000)
 Metaspace       used 44142K, capacity 45461K, committed 45632K, reserved 1089536K
  class space    used 5319K, capacity 5624K, committed 5732K, reserved 1048576K
}
2019-02-22T17:31:17.184-0700: 81773.549: Total time for which application threads were stopped: 0.0217497 seconds, Stopping threads took: 0.0000668 seconds
{Heap before GC invocations=740 (full 106):
 par new generation   total 109248K, used 109248K [0x00000000e0000000, 0x00000000e8000000, 0x00000000e8000000)
  eden space 87424K, 100% used [0x00000000e0000000, 0x00000000e5560000, 0x00000000e5560000)
  from space 21824K, 100% used [0x00000000e5560000, 0x00000000e6ab0000, 0x00000000e6ab0000)
  to   space 21824K,   0% used [0x00000000e6ab0000, 0x00000000e6ab0000, 0x00000000e8000000)
 concurrent mark-sweep generation total 393216K, used 185946K [0x00000000e8000000, 0x0000000100000000, 0x0000000100000000)
 Metaspace       used 44142K, capacity 45461K, committed 45632K, reserved 1089536K
  class space    used 5319K, capacity 5624K, committed 5732K, reserved 1048576K
2019-02-22T17:31:17.197-0700: 81773.562: [GC (Allocation Failure) 2019-02-22T17:31:17.197-0700: 81773.562: [ParNew
Desired survivor size 20112992 bytes, new threshold 4 (max 8)
- age   1:    6344704 bytes,    6344704 total
- age   2:    7727688 bytes,   14072392 total
- age   3:    5610304 bytes,   19682696 total
- age   4:    1087152 bytes,   20769848 total
- age   5:     750632 bytes,   21520480 total
- age   6:     803632 bytes,   22324112 total
: 109248K->21824K(109248K), 0.0220972 secs] 295194K->225334K(502464K), 0.0221763 secs] [Times: user=0.06 sys=0.00, real=0.02 secs] 
Heap after GC invocations=741 (full 106):
 par new generation   total 109248K, used 21824K [0x00000000e0000000, 0x00000000e8000000, 0x00000000e8000000)
  eden space 87424K,   0% used [0x00000000e0000000, 0x00000000e0000000, 0x00000000e5560000)
  from space 21824K, 100% used [0x00000000e6ab0000, 0x00000000e8000000, 0x00000000e8000000)
  to   space 21824K,   0% used [0x00000000e5560000, 0x00000000e5560000, 0x00000000e6ab0000)
 concurrent mark-sweep generation total 393216K, used 203510K [0x00000000e8000000, 0x0000000100000000, 0x0000000100000000)
 Metaspace       used 44142K, capacity 45461K, committed 45632K, reserved 1089536K
  class space    used 5319K, capacity 5624K, committed 5732K, reserved 1048576K
}
2019-02-22T17:31:17.219-0700: 81773.585: Total time for which application threads were stopped: 0.0225768 seconds, Stopping threads took: 0.0000751 seconds
2019-02-22T17:31:17.219-0700: 81773.585: [GC (CMS Initial Mark) [1 CMS-initial-mark: 203510K(393216K)] 227235K(502464K), 0.0024341 secs] [Times: user=0.00 sys=0.00, real=0.00 secs] 
2019-02-22T17:31:17.222-0700: 81773.587: Total time for which application threads were stopped: 0.0027044 seconds, Stopping threads took: 0.0000658 seconds
2019-02-22T17:31:17.222-0700: 81773.587: [CMS-concurrent-mark-start]
2019-02-22T17:31:17.273-0700: 81773.638: [CMS-concurrent-mark: 0.051/0.051 secs] [Times: user=0.27 sys=0.00, real=0.05 secs] 
2019-02-22T17:31:17.273-0700: 81773.638: [CMS-concurrent-preclean-start]
2019-02-22T17:31:17.291-0700: 81773.657: [CMS-concurrent-preclean: 0.018/0.019 secs] [Times: user=0.05 sys=0.00, real=0.02 secs] 
2019-02-22T17:31:17.292-0700: 81773.657: [CMS-concurrent-abortable-preclean-start]
{Heap before GC invocations=741 (full 107):
 par new generation   total 109248K, used 109248K [0x00000000e0000000, 0x00000000e8000000, 0x00000000e8000000)
  eden space 87424K, 100% used [0x00000000e0000000, 0x00000000e5560000, 0x00000000e5560000)
  from space 21824K, 100% used [0x00000000e6ab0000, 0x00000000e8000000, 0x00000000e8000000)
  to   space 21824K,   0% used [0x00000000e5560000, 0x00000000e5560000, 0x00000000e6ab0000)
 concurrent mark-sweep generation total 393216K, used 203510K [0x00000000e8000000, 0x0000000100000000, 0x0000000100000000)
 Metaspace       used 44143K, capacity 45461K, committed 45632K, reserved 1089536K
  class space    used 5319K, capacity 5624K, committed 5732K, reserved 1048576K
2019-02-22T17:31:17.295-0700: 81773.660: [GC (Allocation Failure) 2019-02-22T17:31:17.295-0700: 81773.660: [ParNew
Desired survivor size 20112992 bytes, new threshold 8 (max 8)
- age   1:    4228480 bytes,    4228480 total
- age   2:    5244976 bytes,    9473456 total
- age   3:    6351400 bytes,   15824856 total
- age   4:    3963112 bytes,   19787968 total
: 109248K->21824K(109248K), 0.0182217 secs] 312758K->233237K(502464K), 0.0183065 secs] [Times: user=0.08 sys=0.02, real=0.02 secs] 
Heap after GC invocations=742 (full 107):
 par new generation   total 109248K, used 21824K [0x00000000e0000000, 0x00000000e8000000, 0x00000000e8000000)
  eden space 87424K,   0% used [0x00000000e0000000, 0x00000000e0000000, 0x00000000e5560000)
  from space 21824K, 100% used [0x00000000e5560000, 0x00000000e6ab0000, 0x00000000e6ab0000)
  to   space 21824K,   0% used [0x00000000e6ab0000, 0x00000000e6ab0000, 0x00000000e8000000)
 concurrent mark-sweep generation total 393216K, used 211413K [0x00000000e8000000, 0x0000000100000000, 0x0000000100000000)
 Metaspace       used 44143K, capacity 45461K, committed 45632K, reserved 1089536K
  class space    used 5319K, capacity 5624K, committed 5732K, reserved 1048576K
}
2019-02-22T17:31:17.313-0700: 81773.679: Total time for which application threads were stopped: 0.0187034 seconds, Stopping threads took: 0.0000560 seconds
2019-02-22T17:31:17.374-0700: 81773.740: [CMS-concurrent-abortable-preclean: 0.060/0.083 secs] [Times: user=0.30 sys=0.02, real=0.08 secs] 
2019-02-22T17:31:17.375-0700: 81773.740: [GC (CMS Final Remark) [YG occupancy: 71564 K (109248 K)]{Heap before GC invocations=742 (full 107):
 par new generation   total 109248K, used 71564K [0x00000000e0000000, 0x00000000e8000000, 0x00000000e8000000)
  eden space 87424K,  56% used [0x00000000e0000000, 0x00000000e30930d8, 0x00000000e5560000)
  from space 21824K, 100% used [0x00000000e5560000, 0x00000000e6ab0000, 0x00000000e6ab0000)
  to   space 21824K,   0% used [0x00000000e6ab0000, 0x00000000e6ab0000, 0x00000000e8000000)
 concurrent mark-sweep generation total 393216K, used 211413K [0x00000000e8000000, 0x0000000100000000, 0x0000000100000000)
 Metaspace       used 44143K, capacity 45461K, committed 45632K, reserved 1089536K
  class space    used 5319K, capacity 5624K, committed 5732K, reserved 1048576K
2019-02-22T17:31:17.375-0700: 81773.741: [GC (CMS Final Remark) 2019-02-22T17:31:17.375-0700: 81773.741: [ParNew
Desired survivor size 20112992 bytes, new threshold 8 (max 8)
- age   1:    1580408 bytes,    1580408 total
- age   2:    3478896 bytes,    5059304 total
- age   3:    5036280 bytes,   10095584 total
- age   4:    6247112 bytes,   16342696 total
- age   5:    3251168 bytes,   19593864 total
: 71564K->21824K(109248K), 0.0152829 secs] 282977K->234736K(502464K), 0.0153744 secs] [Times: user=0.03 sys=0.00, real=0.02 secs] 
Heap after GC invocations=743 (full 107):
 par new generation   total 109248K, used 21824K [0x00000000e0000000, 0x00000000e8000000, 0x00000000e8000000)
  eden space 87424K,   0% used [0x00000000e0000000, 0x00000000e0000000, 0x00000000e5560000)
  from space 21824K, 100% used [0x00000000e6ab0000, 0x00000000e8000000, 0x00000000e8000000)
  to   space 21824K,   0% used [0x00000000e5560000, 0x00000000e5560000, 0x00000000e6ab0000)
 concurrent mark-sweep generation total 393216K, used 212912K [0x00000000e8000000, 0x0000000100000000, 0x0000000100000000)
 Metaspace       used 44143K, capacity 45461K, committed 45632K, reserved 1089536K
  class space    used 5319K, capacity 5624K, committed 5732K, reserved 1048576K
}
2019-02-22T17:31:17.391-0700: 81773.756: [Rescan (parallel) , 0.0091096 secs]2019-02-22T17:31:17.400-0700: 81773.765: [weak refs processing, 0.0004652 secs]2019-02-22T17:31:17.400-0700: 81773.766: [class unloading, 0.0103829 secs]2019-02-22T17:31:17.410-0700: 81773.776: [scrub symbol table, 0.0081375 secs]2019-02-22T17:31:17.419-0700: 81773.784: [scrub string table, 0.0005125 secs][1 CMS-remark: 212912K(393216K)] 234736K(502464K), 0.0444108 secs] [Times: user=0.05 sys=0.00, real=0.04 secs] 
2019-02-22T17:31:17.419-0700: 81773.785: Total time for which application threads were stopped: 0.0447984 seconds, Stopping threads took: 0.0001270 seconds
2019-02-22T17:31:17.419-0700: 81773.785: [CMS-concurrent-sweep-start]
{Heap before GC invocations=743 (full 107):
 par new generation   total 109248K, used 109248K [0x00000000e0000000, 0x00000000e8000000, 0x00000000e8000000)
  eden space 87424K, 100% used [0x00000000e0000000, 0x00000000e5560000, 0x00000000e5560000)
  from space 21824K, 100% used [0x00000000e6ab0000, 0x00000000e8000000, 0x00000000e8000000)
  to   space 21824K,   0% used [0x00000000e5560000, 0x00000000e5560000, 0x00000000e6ab0000)
 concurrent mark-sweep generation total 393216K, used 191777K [0x00000000e8000000, 0x0000000100000000, 0x0000000100000000)
 Metaspace       used 44143K, capacity 45461K, committed 45632K, reserved 1089536K
  class space    used 5319K, capacity 5624K, committed 5732K, reserved 1048576K
2019-02-22T17:31:17.481-0700: 81773.846: [GC (Allocation Failure) 2019-02-22T17:31:17.481-0700: 81773.846: [ParNew
Desired survivor size 20112992 bytes, new threshold 6 (max 8)
- age   1:    2407696 bytes,    2407696 total
- age   2:    1060584 bytes,    3468280 total
- age   3:    3123312 bytes,    6591592 total
- age   4:    4793456 bytes,   11385048 total
- age   5:    6226784 bytes,   17611832 total
- age   6:    2691904 bytes,   20303736 total
: 109248K->21824K(109248K), 0.0132714 secs] 301025K->214859K(502464K), 0.0133531 secs] [Times: user=0.06 sys=0.00, real=0.01 secs] 
Heap after GC invocations=744 (full 107):
 par new generation   total 109248K, used 21824K [0x00000000e0000000, 0x00000000e8000000, 0x00000000e8000000)
  eden space 87424K,   0% used [0x00000000e0000000, 0x00000000e0000000, 0x00000000e5560000)
  from space 21824K, 100% used [0x00000000e5560000, 0x00000000e6ab0000, 0x00000000e6ab0000)
  to   space 21824K,   0% used [0x00000000e6ab0000, 0x00000000e6ab0000, 0x00000000e8000000)
 concurrent mark-sweep generation total 393216K, used 193035K [0x00000000e8000000, 0x0000000100000000, 0x0000000100000000)
 Metaspace       used 44143K, capacity 45461K, committed 45632K, reserved 1089536K
  class space    used 5319K, capacity 5624K, committed 5732K, reserved 1048576K
}
2019-02-22T17:31:17.494-0700: 81773.860: Total time for which application threads were stopped: 0.0137746 seconds, Stopping threads took: 0.0000709 seconds
2019-02-22T17:31:17.531-0700: 81773.896: [CMS-concurrent-sweep: 0.098/0.111 secs] [Times: user=0.42 sys=0.02, real=0.11 secs] 
2019-02-22T17:31:17.531-0700: 81773.896: [CMS-concurrent-reset-start]
2019-02-22T17:31:17.532-0700: 81773.897: [CMS-concurrent-reset: 0.001/0.001 secs] [Times: user=0.06 sys=0.00, real=0.00 secs] 
{Heap before GC invocations=744 (full 107):
 par new generation   total 109248K, used 109248K [0x00000000e0000000, 0x00000000e8000000, 0x00000000e8000000)
  eden space 87424K, 100% used [0x00000000e0000000, 0x00000000e5560000, 0x00000000e5560000)
  from space 21824K, 100% used [0x00000000e5560000, 0x00000000e6ab0000, 0x00000000e6ab0000)
  to   space 21824K,   0% used [0x00000000e6ab0000, 0x00000000e6ab0000, 0x00000000e8000000)
 concurrent mark-sweep generation total 393216K, used 174830K [0x00000000e8000000, 0x0000000100000000, 0x0000000100000000)
 Metaspace       used 44144K, capacity 45461K, committed 45632K, reserved 1089536K
  class space    used 5319K, capacity 5624K, committed 5732K, reserved 1048576K
2019-02-22T17:31:17.577-0700: 81773.942: [GC (Allocation Failure) 2019-02-22T17:31:17.577-0700: 81773.942: [ParNew
Desired survivor size 20112992 bytes, new threshold 8 (max 8)
- age   1:    4468328 bytes,    4468328 total
- age   2:    1106192 bytes,    5574520 total
- age   3:     612576 bytes,    6187096 total
- age   4:    2926528 bytes,    9113624 total
- age   5:    4698256 bytes,   13811880 total
- age   6:    6108896 bytes,   19920776 total
: 109248K->21824K(109248K), 0.0160329 secs] 284078K->201794K(502464K), 0.0161249 secs] [Times: user=0.06 sys=0.00, real=0.02 secs] 
Heap after GC invocations=745 (full 107):
 par new generation   total 109248K, used 21824K [0x00000000e0000000, 0x00000000e8000000, 0x00000000e8000000)
  eden space 87424K,   0% used [0x00000000e0000000, 0x00000000e0000000, 0x00000000e5560000)
  from space 21824K, 100% used [0x00000000e6ab0000, 0x00000000e8000000, 0x00000000e8000000)
  to   space 21824K,   0% used [0x00000000e5560000, 0x00000000e5560000, 0x00000000e6ab0000)
 concurrent mark-sweep generation total 393216K, used 179970K [0x00000000e8000000, 0x0000000100000000, 0x0000000100000000)
 Metaspace       used 44144K, capacity 45461K, committed 45632K, reserved 1089536K
  class space    used 5319K, capacity 5624K, committed 5732K, reserved 1048576K
}
2019-02-22T17:31:17.593-0700: 81773.958: Total time for which application threads were stopped: 0.0165716 seconds, Stopping threads took: 0.0000910 seconds
{Heap before GC invocations=745 (full 107):
 par new generation   total 109248K, used 108913K [0x00000000e0000000, 0x00000000e8000000, 0x00000000e8000000)
  eden space 87424K,  99% used [0x00000000e0000000, 0x00000000e550c490, 0x00000000e5560000)
  from space 21824K, 100% used [0x00000000e6ab0000, 0x00000000e8000000, 0x00000000e8000000)
  to   space 21824K,   0% used [0x00000000e5560000, 0x00000000e5560000, 0x00000000e6ab0000)
 concurrent mark-sweep generation total 393216K, used 179970K [0x00000000e8000000, 0x0000000100000000, 0x0000000100000000)
 Metaspace       used 44144K, capacity 45461K, committed 45632K, reserved 1089536K
  class space    used 5319K, capacity 5624K, committed 5732K, reserved 1048576K
2019-02-22T17:31:17.632-0700: 81773.997: [GC (Allocation Failure) 2019-02-22T17:31:17.632-0700: 81773.997: [ParNew
Desired survivor size 20112992 bytes, new threshold 7 (max 8)
- age   1:    2810824 bytes,    2810824 total
- age   2:    3745808 bytes,    6556632 total
- age   3:     850368 bytes,    7407000 total
- age   4:     510016 bytes,    7917016 total
- age   5:    2898088 bytes,   10815104 total
- age   6:    4682760 bytes,   15497864 total
- age   7:    5410240 bytes,   20908104 total
: 108913K->21824K(109248K), 0.0133675 secs] 288883K->202768K(502464K), 0.0134718 secs] [Times: user=0.06 sys=0.00, real=0.01 secs] 
Heap after GC invocations=746 (full 107):
 par new generation   total 109248K, used 21824K [0x00000000e0000000, 0x00000000e8000000, 0x00000000e8000000)
  eden space 87424K,   0% used [0x00000000e0000000, 0x00000000e0000000, 0x00000000e5560000)
  from space 21824K, 100% used [0x00000000e5560000, 0x00000000e6ab0000, 0x00000000e6ab0000)
  to   space 21824K,   0% used [0x00000000e6ab0000, 0x00000000e6ab0000, 0x00000000e8000000)
 concurrent mark-sweep generation total 393216K, used 180944K [0x00000000e8000000, 0x0000000100000000, 0x0000000100000000)
 Metaspace       used 44144K, capacity 45461K, committed 45632K, reserved 1089536K
  class space    used 5319K, capacity 5624K, committed 5732K, reserved 1048576K
}
2019-02-22T17:31:17.646-0700: 81774.011: Total time for which application threads were stopped: 0.0139463 seconds, Stopping threads took: 0.0000853 seconds
{Heap before GC invocations=746 (full 107):
 par new generation   total 109248K, used 109248K [0x00000000e0000000, 0x00000000e8000000, 0x00000000e8000000)
  eden space 87424K, 100% used [0x00000000e0000000, 0x00000000e5560000, 0x00000000e5560000)
  from space 21824K, 100% used [0x00000000e5560000, 0x00000000e6ab0000, 0x00000000e6ab0000)
  to   space 21824K,   0% used [0x00000000e6ab0000, 0x00000000e6ab0000, 0x00000000e8000000)
 concurrent mark-sweep generation total 393216K, used 180944K [0x00000000e8000000, 0x0000000100000000, 0x0000000100000000)
 Metaspace       used 44144K, capacity 45461K, committed 45632K, reserved 1089536K
  class space    used 5319K, capacity 5624K, committed 5732K, reserved 1048576K
2019-02-22T17:31:17.685-0700: 81774.050: [GC (Allocation Failure) 2019-02-22T17:31:17.685-0700: 81774.050: [ParNew
Desired survivor size 20112992 bytes, new threshold 8 (max 8)
- age   1:    3984472 bytes,    3984472 total
- age   2:    1213544 bytes,    5198016 total
- age   3:    3744928 bytes,    8942944 total
- age   4:     776360 bytes,    9719304 total
- age   5:     510016 bytes,   10229320 total
- age   6:    2861752 bytes,   13091072 total
- age   7:    4679592 bytes,   17770664 total
: 109248K->21824K(109248K), 0.0118567 secs] 290192K->207953K(502464K), 0.0119251 secs] [Times: user=0.06 sys=0.00, real=0.01 secs] 
Heap after GC invocations=747 (full 107):
 par new generation   total 109248K, used 21824K [0x00000000e0000000, 0x00000000e8000000, 0x00000000e8000000)
  eden space 87424K,   0% used [0x00000000e0000000, 0x00000000e0000000, 0x00000000e5560000)
  from space 21824K, 100% used [0x00000000e6ab0000, 0x00000000e8000000, 0x00000000e8000000)
  to   space 21824K,   0% used [0x00000000e5560000, 0x00000000e5560000, 0x00000000e6ab0000)
 concurrent mark-sweep generation total 393216K, used 186129K [0x00000000e8000000, 0x0000000100000000, 0x0000000100000000)
 Metaspace       used 44144K, capacity 45461K, committed 45632K, reserved 1089536K
  class space    used 5319K, capacity 5624K, committed 5732K, reserved 1048576K
}
2019-02-22T17:31:17.697-0700: 81774.062: Total time for which application threads were stopped: 0.0122386 seconds, Stopping threads took: 0.0000488 seconds
{Heap before GC invocations=747 (full 107):
 par new generation   total 109248K, used 109248K [0x00000000e0000000, 0x00000000e8000000, 0x00000000e8000000)
  eden space 87424K, 100% used [0x00000000e0000000, 0x00000000e5560000, 0x00000000e5560000)
  from space 21824K, 100% used [0x00000000e6ab0000, 0x00000000e8000000, 0x00000000e8000000)
  to   space 21824K,   0% used [0x00000000e5560000, 0x00000000e5560000, 0x00000000e6ab0000)
 concurrent mark-sweep generation total 393216K, used 186129K [0x00000000e8000000, 0x0000000100000000, 0x0000000100000000)
 Metaspace       used 44144K, capacity 45461K, committed 45632K, reserved 1089536K
  class space    used 5319K, capacity 5624K, committed 5732K, reserved 1048576K
2019-02-22T17:31:17.759-0700: 81774.125: [GC (Allocation Failure) 2019-02-22T17:31:17.759-0700: 81774.125: [ParNew
Desired survivor size 20112992 bytes, new threshold 8 (max 8)
- age   1:    2411456 bytes,    2411456 total
- age   2:    3234200 bytes,    5645656 total
- age   3:    1145712 bytes,    6791368 total
- age   4:    3090336 bytes,    9881704 total
- age   5:     774200 bytes,   10655904 total
- age   6:     370536 bytes,   11026440 total
- age   7:    2821680 bytes,   13848120 total
- age   8:    4304336 bytes,   18152456 total
: 109248K->21824K(109248K), 0.0125342 secs] 295377K->209237K(502464K), 0.0126416 secs] [Times: user=0.06 sys=0.00, real=0.01 secs] 
Heap after GC invocations=748 (full 107):
 par new generation   total 109248K, used 21824K [0x00000000e0000000, 0x00000000e8000000, 0x00000000e8000000)
  eden space 87424K,   0% used [0x00000000e0000000, 0x00000000e0000000, 0x00000000e5560000)
  from space 21824K, 100% used [0x00000000e5560000, 0x00000000e6ab0000, 0x00000000e6ab0000)
  to   space 21824K,   0% used [0x00000000e6ab0000, 0x00000000e6ab0000, 0x00000000e8000000)
 concurrent mark-sweep generation total 393216K, used 187413K [0x00000000e8000000, 0x0000000100000000, 0x0000000100000000)
 Metaspace       used 44144K, capacity 45461K, committed 45632K, reserved 1089536K
  class space    used 5319K, capacity 5624K, committed 5732K, reserved 1048576K
}
2019-02-22T17:31:17.772-0700: 81774.138: Total time for which application threads were stopped: 0.0130159 seconds, Stopping threads took: 0.0000632 seconds
{Heap before GC invocations=748 (full 107):
 par new generation   total 109248K, used 109248K [0x00000000e0000000, 0x00000000e8000000, 0x00000000e8000000)
  eden space 87424K, 100% used [0x00000000e0000000, 0x00000000e5560000, 0x00000000e5560000)
  from space 21824K, 100% used [0x00000000e5560000, 0x00000000e6ab0000, 0x00000000e6ab0000)
  to   space 21824K,   0% used [0x00000000e6ab0000, 0x00000000e6ab0000, 0x00000000e8000000)
 concurrent mark-sweep generation total 393216K, used 187413K [0x00000000e8000000, 0x0000000100000000, 0x0000000100000000)
 Metaspace       used 44144K, capacity 45461K, committed 45632K, reserved 1089536K
  class space    used 5319K, capacity 5624K, committed 5732K, reserved 1048576K
2019-02-22T17:31:17.871-0700: 81774.236: [GC (Allocation Failure) 2019-02-22T17:31:17.871-0700: 81774.236: [ParNew
Desired survivor size 20112992 bytes, new threshold 8 (max 8)
- age   1:    5701536 bytes,    5701536 total
- age   2:    1356224 bytes,    7057760 total
- age   3:    2590592 bytes,    9648352 total
- age   4:     759088 bytes,   10407440 total
- age   5:    2807760 bytes,   13215200 total
- age   6:     729560 bytes,   13944760 total
- age   7:     370160 bytes,   14314920 total
- age   8:    2821680 bytes,   17136600 total
: 109248K->21824K(109248K), 0.0164816 secs] 296661K->213445K(502464K), 0.0165695 secs] [Times: user=0.05 sys=0.00, real=0.02 secs] 
Heap after GC invocations=749 (full 107):
 par new generation   total 109248K, used 21824K [0x00000000e0000000, 0x00000000e8000000, 0x00000000e8000000)
  eden space 87424K,   0% used [0x00000000e0000000, 0x00000000e0000000, 0x00000000e5560000)
  from space 21824K, 100% used [0x00000000e6ab0000, 0x00000000e8000000, 0x00000000e8000000)
  to   space 21824K,   0% used [0x00000000e5560000, 0x00000000e5560000, 0x00000000e6ab0000)
 concurrent mark-sweep generation total 393216K, used 191621K [0x00000000e8000000, 0x0000000100000000, 0x0000000100000000)
 Metaspace       used 44144K, capacity 45461K, committed 45632K, reserved 1089536K
  class space    used 5319K, capacity 5624K, committed 5732K, reserved 1048576K
}
2019-02-22T17:31:17.887-0700: 81774.252: Total time for which application threads were stopped: 0.0169798 seconds, Stopping threads took: 0.0000637 seconds
{Heap before GC invocations=749 (full 107):
 par new generation   total 109248K, used 109248K [0x00000000e0000000, 0x00000000e8000000, 0x00000000e8000000)
  eden space 87424K, 100% used [0x00000000e0000000, 0x00000000e5560000, 0x00000000e5560000)
  from space 21824K, 100% used [0x00000000e6ab0000, 0x00000000e8000000, 0x00000000e8000000)
  to   space 21824K,   0% used [0x00000000e5560000, 0x00000000e5560000, 0x00000000e6ab0000)
 concurrent mark-sweep generation total 393216K, used 191621K [0x00000000e8000000, 0x0000000100000000, 0x0000000100000000)
 Metaspace       used 44144K, capacity 45461K, committed 45632K, reserved 1089536K
  class space    used 5319K, capacity 5624K, committed 5732K, reserved 1048576K
2019-02-22T17:31:18.147-0700: 81774.512: [GC (Allocation Failure) 2019-02-22T17:31:18.147-0700: 81774.512: [ParNew
Desired survivor size 20112992 bytes, new threshold 8 (max 8)
- age   1:    6274128 bytes,    6274128 total
- age   2:    3316840 bytes,    9590968 total
- age   3:     856088 bytes,   10447056 total
- age   4:    2494776 bytes,   12941832 total
- age   5:     754960 bytes,   13696792 total
- age   6:    2799928 bytes,   16496720 total
- age   7:     729560 bytes,   17226280 total
- age   8:     356480 bytes,   17582760 total
: 109248K->21824K(109248K), 0.0156514 secs] 300869K->216179K(502464K), 0.0157419 secs] [Times: user=0.06 sys=0.00, real=0.01 secs] 
Heap after GC invocations=750 (full 107):
 par new generation   total 109248K, used 21824K [0x00000000e0000000, 0x00000000e8000000, 0x00000000e8000000)
  eden space 87424K,   0% used [0x00000000e0000000, 0x00000000e0000000, 0x00000000e5560000)
  from space 21824K, 100% used [0x00000000e5560000, 0x00000000e6ab0000, 0x00000000e6ab0000)
  to   space 21824K,   0% used [0x00000000e6ab0000, 0x00000000e6ab0000, 0x00000000e8000000)
 concurrent mark-sweep generation total 393216K, used 194355K [0x00000000e8000000, 0x0000000100000000, 0x0000000100000000)
 Metaspace       used 44144K, capacity 45461K, committed 45632K, reserved 1089536K
  class space    used 5319K, capacity 5624K, committed 5732K, reserved 1048576K
}
2019-02-22T17:31:18.162-0700: 81774.528: Total time for which application threads were stopped: 0.0161419 seconds, Stopping threads took: 0.0000838 seconds
{Heap before GC invocations=750 (full 107):
 par new generation   total 109248K, used 109244K [0x00000000e0000000, 0x00000000e8000000, 0x00000000e8000000)
  eden space 87424K,  99% used [0x00000000e0000000, 0x00000000e555f2b8, 0x00000000e5560000)
  from space 21824K, 100% used [0x00000000e5560000, 0x00000000e6ab0000, 0x00000000e6ab0000)
  to   space 21824K,   0% used [0x00000000e6ab0000, 0x00000000e6ab0000, 0x00000000e8000000)
 concurrent mark-sweep generation total 393216K, used 194355K [0x00000000e8000000, 0x0000000100000000, 0x0000000100000000)
 Metaspace       used 44144K, capacity 45461K, committed 45632K, reserved 1089536K
  class space    used 5319K, capacity 5624K, committed 5732K, reserved 1048576K
2019-02-22T17:31:18.187-0700: 81774.552: [GC (Allocation Failure) 2019-02-22T17:31:18.187-0700: 81774.552: [ParNew
Desired survivor size 20112992 bytes, new threshold 7 (max 8)
- age   1:    7519512 bytes,    7519512 total
- age   2:    4756832 bytes,   12276344 total
- age   3:    2805360 bytes,   15081704 total
- age   4:     813184 bytes,   15894888 total
- age   5:    2460456 bytes,   18355344 total
- age   6:     694968 bytes,   19050312 total
- age   7:    2627952 bytes,   21678264 total
- age   8:     681784 bytes,   22360048 total
: 109244K->21824K(109248K), 0.0217373 secs] 303600K->231284K(502464K), 0.0218391 secs] [Times: user=0.13 sys=0.00, real=0.02 secs] 
Heap after GC invocations=751 (full 107):
 par new generation   total 109248K, used 21824K [0x00000000e0000000, 0x00000000e8000000, 0x00000000e8000000)
  eden space 87424K,   0% used [0x00000000e0000000, 0x00000000e0000000, 0x00000000e5560000)
  from space 21824K, 100% used [0x00000000e6ab0000, 0x00000000e8000000, 0x00000000e8000000)
  to   space 21824K,   0% used [0x00000000e5560000, 0x00000000e5560000, 0x00000000e6ab0000)
 concurrent mark-sweep generation total 393216K, used 209460K [0x00000000e8000000, 0x0000000100000000, 0x0000000100000000)
 Metaspace       used 44144K, capacity 45461K, committed 45632K, reserved 1089536K
  class space    used 5319K, capacity 5624K, committed 5732K, reserved 1048576K
}
2019-02-22T17:31:18.209-0700: 81774.574: Total time for which application threads were stopped: 0.0222853 seconds, Stopping threads took: 0.0000668 seconds
2019-02-22T17:31:18.209-0700: 81774.574: [GC (CMS Initial Mark) [1 CMS-initial-mark: 209460K(393216K)] 231800K(502464K), 0.0027594 secs] [Times: user=0.00 sys=0.00, real=0.00 secs] 
2019-02-22T17:31:18.212-0700: 81774.577: Total time for which application threads were stopped: 0.0030463 seconds, Stopping threads took: 0.0000612 seconds
2019-02-22T17:31:18.212-0700: 81774.577: [CMS-concurrent-mark-start]
2019-02-22T17:31:18.262-0700: 81774.627: [CMS-concurrent-mark: 0.050/0.050 secs] [Times: user=0.25 sys=0.00, real=0.05 secs] 
2019-02-22T17:31:18.262-0700: 81774.627: [CMS-concurrent-preclean-start]
{Heap before GC invocations=751 (full 108):
 par new generation   total 109248K, used 109248K [0x00000000e0000000, 0x00000000e8000000, 0x00000000e8000000)
  eden space 87424K, 100% used [0x00000000e0000000, 0x00000000e5560000, 0x00000000e5560000)
  from space 21824K, 100% used [0x00000000e6ab0000, 0x00000000e8000000, 0x00000000e8000000)
  to   space 21824K,   0% used [0x00000000e5560000, 0x00000000e5560000, 0x00000000e6ab0000)
 concurrent mark-sweep generation total 393216K, used 209460K [0x00000000e8000000, 0x0000000100000000, 0x0000000100000000)
 Metaspace       used 44144K, capacity 45461K, committed 45632K, reserved 1089536K
  class space    used 5319K, capacity 5624K, committed 5732K, reserved 1048576K
2019-02-22T17:31:18.272-0700: 81774.638: [GC (Allocation Failure) 2019-02-22T17:31:18.272-0700: 81774.638: [ParNew
Desired survivor size 20112992 bytes, new threshold 8 (max 8)
- age   1:    1756928 bytes,    1756928 total
- age   2:    6630392 bytes,    8387320 total
- age   3:    4091648 bytes,   12478968 total
- age   4:    2454448 bytes,   14933416 total
- age   5:     719912 bytes,   15653328 total
- age   6:    1736920 bytes,   17390248 total
- age   7:     642648 bytes,   18032896 total
: 109248K->21824K(109248K), 0.0179349 secs] 318708K->236514K(502464K), 0.0180094 secs] [Times: user=0.06 sys=0.00, real=0.02 secs] 
Heap after GC invocations=752 (full 108):
 par new generation   total 109248K, used 21824K [0x00000000e0000000, 0x00000000e8000000, 0x00000000e8000000)
  eden space 87424K,   0% used [0x00000000e0000000, 0x00000000e0000000, 0x00000000e5560000)
  from space 21824K, 100% used [0x00000000e5560000, 0x00000000e6ab0000, 0x00000000e6ab0000)
  to   space 21824K,   0% used [0x00000000e6ab0000, 0x00000000e6ab0000, 0x00000000e8000000)
 concurrent mark-sweep generation total 393216K, used 214690K [0x00000000e8000000, 0x0000000100000000, 0x0000000100000000)
 Metaspace       used 44144K, capacity 45461K, committed 45632K, reserved 1089536K
  class space    used 5319K, capacity 5624K, committed 5732K, reserved 1048576K
}
2019-02-22T17:31:18.290-0700: 81774.656: Total time for which application threads were stopped: 0.0183626 seconds, Stopping threads took: 0.0000730 seconds
2019-02-22T17:31:18.291-0700: 81774.656: [CMS-concurrent-preclean: 0.010/0.029 secs] [Times: user=0.11 sys=0.02, real=0.03 secs] 
2019-02-22T17:31:18.292-0700: 81774.658: [GC (CMS Final Remark) [YG occupancy: 25461 K (109248 K)]{Heap before GC invocations=752 (full 108):
 par new generation   total 109248K, used 25461K [0x00000000e0000000, 0x00000000e8000000, 0x00000000e8000000)
  eden space 87424K,   4% used [0x00000000e0000000, 0x00000000e038d638, 0x00000000e5560000)
  from space 21824K, 100% used [0x00000000e5560000, 0x00000000e6ab0000, 0x00000000e6ab0000)
  to   space 21824K,   0% used [0x00000000e6ab0000, 0x00000000e6ab0000, 0x00000000e8000000)
 concurrent mark-sweep generation total 393216K, used 214690K [0x00000000e8000000, 0x0000000100000000, 0x0000000100000000)
 Metaspace       used 44144K, capacity 45461K, committed 45632K, reserved 1089536K
  class space    used 5319K, capacity 5624K, committed 5732K, reserved 1048576K
2019-02-22T17:31:18.292-0700: 81774.658: [GC (CMS Final Remark) 2019-02-22T17:31:18.292-0700: 81774.658: [ParNew
Desired survivor size 20112992 bytes, new threshold 8 (max 8)
- age   1:    1186152 bytes,    1186152 total
- age   2:    1640184 bytes,    2826336 total
- age   3:    6607352 bytes,    9433688 total
- age   4:    4091648 bytes,   13525336 total
- age   5:    2487232 bytes,   16012568 total
- age   6:     719912 bytes,   16732480 total
- age   7:    1736920 bytes,   18469400 total
- age   8:     642648 bytes,   19112048 total
: 25461K->21824K(109248K), 0.0117539 secs] 240151K->236514K(502464K), 0.0118623 secs] [Times: user=0.06 sys=0.00, real=0.01 secs] 
Heap after GC invocations=753 (full 108):
 par new generation   total 109248K, used 21824K [0x00000000e0000000, 0x00000000e8000000, 0x00000000e8000000)
  eden space 87424K,   0% used [0x00000000e0000000, 0x00000000e0000000, 0x00000000e5560000)
  from space 21824K, 100% used [0x00000000e6ab0000, 0x00000000e8000000, 0x00000000e8000000)
  to   space 21824K,   0% used [0x00000000e5560000, 0x00000000e5560000, 0x00000000e6ab0000)
 concurrent mark-sweep generation total 393216K, used 214690K [0x00000000e8000000, 0x0000000100000000, 0x0000000100000000)
 Metaspace       used 44144K, capacity 45461K, committed 45632K, reserved 1089536K
  class space    used 5319K, capacity 5624K, committed 5732K, reserved 1048576K
}
2019-02-22T17:31:18.304-0700: 81774.670: [Rescan (parallel) , 0.0090350 secs]2019-02-22T17:31:18.313-0700: 81774.679: [weak refs processing, 0.0005213 secs]2019-02-22T17:31:18.314-0700: 81774.679: [class unloading, 0.0115554 secs]2019-02-22T17:31:18.326-0700: 81774.691: [scrub symbol table, 0.0098884 secs]2019-02-22T17:31:18.335-0700: 81774.701: [scrub string table, 0.0006189 secs][1 CMS-remark: 214690K(393216K)] 236514K(502464K), 0.0438921 secs] [Times: user=0.14 sys=0.00, real=0.04 secs] 
2019-02-22T17:31:18.336-0700: 81774.701: Total time for which application threads were stopped: 0.0442226 seconds, Stopping threads took: 0.0000951 seconds
2019-02-22T17:31:18.336-0700: 81774.702: [CMS-concurrent-sweep-start]
2019-02-22T17:31:18.430-0700: 81774.795: [CMS-concurrent-sweep: 0.094/0.094 secs] [Times: user=0.31 sys=0.06, real=0.09 secs] 
2019-02-22T17:31:18.430-0700: 81774.795: [CMS-concurrent-reset-start]
2019-02-22T17:31:18.431-0700: 81774.796: [CMS-concurrent-reset: 0.001/0.001 secs] [Times: user=0.00 sys=0.00, real=0.00 secs] 
{Heap before GC invocations=753 (full 108):
 par new generation   total 109248K, used 109248K [0x00000000e0000000, 0x00000000e8000000, 0x00000000e8000000)
  eden space 87424K, 100% used [0x00000000e0000000, 0x00000000e5560000, 0x00000000e5560000)
  from space 21824K, 100% used [0x00000000e6ab0000, 0x00000000e8000000, 0x00000000e8000000)
  to   space 21824K,   0% used [0x00000000e5560000, 0x00000000e5560000, 0x00000000e6ab0000)
 concurrent mark-sweep generation total 393216K, used 166348K [0x00000000e8000000, 0x0000000100000000, 0x0000000100000000)
 Metaspace       used 44144K, capacity 45461K, committed 45632K, reserved 1089536K
  class space    used 5319K, capacity 5624K, committed 5732K, reserved 1048576K
2019-02-22T17:31:18.437-0700: 81774.802: [GC (Allocation Failure) 2019-02-22T17:31:18.437-0700: 81774.802: [ParNew
Desired survivor size 20112992 bytes, new threshold 8 (max 8)
- age   1:    2823360 bytes,    2823360 total
- age   2:      39368 bytes,    2862728 total
- age   3:     943968 bytes,    3806696 total
- age   4:    6353464 bytes,   10160160 total
- age   5:    3978464 bytes,   14138624 total
- age   6:    2179352 bytes,   16317976 total
- age   7:     501928 bytes,   16819904 total
- age   8:    1723320 bytes,   18543224 total
: 109248K->21824K(109248K), 0.0117611 secs] 275596K->188643K(502464K), 0.0118495 secs] [Times: user=0.06 sys=0.00, real=0.01 secs] 
Heap after GC invocations=754 (full 108):
 par new generation   total 109248K, used 21824K [0x00000000e0000000, 0x00000000e8000000, 0x00000000e8000000)
  eden space 87424K,   0% used [0x00000000e0000000, 0x00000000e0000000, 0x00000000e5560000)
  from space 21824K, 100% used [0x00000000e5560000, 0x00000000e6ab0000, 0x00000000e6ab0000)
  to   space 21824K,   0% used [0x00000000e6ab0000, 0x00000000e6ab0000, 0x00000000e8000000)
 concurrent mark-sweep generation total 393216K, used 166819K [0x00000000e8000000, 0x0000000100000000, 0x0000000100000000)
 Metaspace       used 44144K, capacity 45461K, committed 45632K, reserved 1089536K
  class space    used 5319K, capacity 5624K, committed 5732K, reserved 1048576K
}
2019-02-22T17:31:18.449-0700: 81774.814: Total time for which application threads were stopped: 0.0122273 seconds, Stopping threads took: 0.0000344 seconds
{Heap before GC invocations=754 (full 108):
 par new generation   total 109248K, used 109248K [0x00000000e0000000, 0x00000000e8000000, 0x00000000e8000000)
  eden space 87424K, 100% used [0x00000000e0000000, 0x00000000e5560000, 0x00000000e5560000)
  from space 21824K, 100% used [0x00000000e5560000, 0x00000000e6ab0000, 0x00000000e6ab0000)
  to   space 21824K,   0% used [0x00000000e6ab0000, 0x00000000e6ab0000, 0x00000000e8000000)
 concurrent mark-sweep generation total 393216K, used 166819K [0x00000000e8000000, 0x0000000100000000, 0x0000000100000000)
 Metaspace       used 44145K, capacity 45461K, committed 45632K, reserved 1089536K
  class space    used 5319K, capacity 5624K, committed 5732K, reserved 1048576K
2019-02-22T17:31:18.523-0700: 81774.888: [GC (Allocation Failure) 2019-02-22T17:31:18.523-0700: 81774.888: [ParNew
Desired survivor size 20112992 bytes, new threshold 8 (max 8)
- age   1:    3744096 bytes,    3744096 total
- age   2:    1236208 bytes,    4980304 total
- age   3:       6928 bytes,    4987232 total
- age   4:     625256 bytes,    5612488 total
- age   5:    6008064 bytes,   11620552 total
- age   6:    3978984 bytes,   15599536 total
- age   7:    2155168 bytes,   17754704 total
- age   8:     469144 bytes,   18223848 total
: 109248K->21824K(109248K), 0.0114789 secs] 276067K->190277K(502464K), 0.0115662 secs] [Times: user=0.06 sys=0.00, real=0.01 secs] 
Heap after GC invocations=755 (full 108):
 par new generation   total 109248K, used 21824K [0x00000000e0000000, 0x00000000e8000000, 0x00000000e8000000)
  eden space 87424K,   0% used [0x00000000e0000000, 0x00000000e0000000, 0x00000000e5560000)
  from space 21824K, 100% used [0x00000000e6ab0000, 0x00000000e8000000, 0x00000000e8000000)
  to   space 21824K,   0% used [0x00000000e5560000, 0x00000000e5560000, 0x00000000e6ab0000)
 concurrent mark-sweep generation total 393216K, used 168453K [0x00000000e8000000, 0x0000000100000000, 0x0000000100000000)
 Metaspace       used 44145K, capacity 45461K, committed 45632K, reserved 1089536K
  class space    used 5319K, capacity 5624K, committed 5732K, reserved 1048576K
}
2019-02-22T17:31:18.534-0700: 81774.900: Total time for which application threads were stopped: 0.0118932 seconds, Stopping threads took: 0.0000339 seconds
{Heap before GC invocations=755 (full 108):
 par new generation   total 109248K, used 109248K [0x00000000e0000000, 0x00000000e8000000, 0x00000000e8000000)
  eden space 87424K, 100% used [0x00000000e0000000, 0x00000000e5560000, 0x00000000e5560000)
  from space 21824K, 100% used [0x00000000e6ab0000, 0x00000000e8000000, 0x00000000e8000000)
  to   space 21824K,   0% used [0x00000000e5560000, 0x00000000e5560000, 0x00000000e6ab0000)
 concurrent mark-sweep generation total 393216K, used 168453K [0x00000000e8000000, 0x0000000100000000, 0x0000000100000000)
 Metaspace       used 44145K, capacity 45461K, committed 45632K, reserved 1089536K
  class space    used 5319K, capacity 5624K, committed 5732K, reserved 1048576K
2019-02-22T17:31:18.679-0700: 81775.044: [GC (Allocation Failure) 2019-02-22T17:31:18.679-0700: 81775.044: [ParNew
Desired survivor size 20112992 bytes, new threshold 7 (max 8)
- age   1:    7377840 bytes,    7377840 total
- age   2:    2491544 bytes,    9869384 total
- age   3:    1092504 bytes,   10961888 total
- age   4:       6760 bytes,   10968648 total
- age   5:     420344 bytes,   11388992 total
- age   6:    5689608 bytes,   17078600 total
- age   7:    3239872 bytes,   20318472 total
- age   8:    2091920 bytes,   22410392 total
: 109248K->21824K(109248K), 0.0209354 secs] 277701K->208916K(502464K), 0.0210305 secs] [Times: user=0.05 sys=0.00, real=0.02 secs] 
Heap after GC invocations=756 (full 108):
 par new generation   total 109248K, used 21824K [0x00000000e0000000, 0x00000000e8000000, 0x00000000e8000000)
  eden space 87424K,   0% used [0x00000000e0000000, 0x00000000e0000000, 0x00000000e5560000)
  from space 21824K, 100% used [0x00000000e5560000, 0x00000000e6ab0000, 0x00000000e6ab0000)
  to   space 21824K,   0% used [0x00000000e6ab0000, 0x00000000e6ab0000, 0x00000000e8000000)
 concurrent mark-sweep generation total 393216K, used 187092K [0x00000000e8000000, 0x0000000100000000, 0x0000000100000000)
 Metaspace       used 44145K, capacity 45461K, committed 45632K, reserved 1089536K
  class space    used 5319K, capacity 5624K, committed 5732K, reserved 1048576K
}
2019-02-22T17:31:18.700-0700: 81775.065: Total time for which application threads were stopped: 0.0214747 seconds, Stopping threads took: 0.0000761 seconds
{Heap before GC invocations=756 (full 108):
 par new generation   total 109248K, used 109053K [0x00000000e0000000, 0x00000000e8000000, 0x00000000e8000000)
  eden space 87424K,  99% used [0x00000000e0000000, 0x00000000e552f460, 0x00000000e5560000)
  from space 21824K, 100% used [0x00000000e5560000, 0x00000000e6ab0000, 0x00000000e6ab0000)
  to   space 21824K,   0% used [0x00000000e6ab0000, 0x00000000e6ab0000, 0x00000000e8000000)
 concurrent mark-sweep generation total 393216K, used 187092K [0x00000000e8000000, 0x0000000100000000, 0x0000000100000000)
 Metaspace       used 44145K, capacity 45461K, committed 45632K, reserved 1089536K
  class space    used 5319K, capacity 5624K, committed 5732K, reserved 1048576K
2019-02-22T17:31:18.870-0700: 81775.235: [GC (Allocation Failure) 2019-02-22T17:31:18.870-0700: 81775.235: [ParNew
Desired survivor size 20112992 bytes, new threshold 8 (max 8)
- age   1:    5472336 bytes,    5472336 total
- age   2:    3254128 bytes,    8726464 total
- age   3:    2071024 bytes,   10797488 total
- age   4:     941544 bytes,   11739032 total
- age   5:       6512 bytes,   11745544 total
- age   6:     412432 bytes,   12157976 total
- age   7:    5674720 bytes,   17832696 total
: 109053K->21824K(109248K), 0.0173339 secs] 296145K->216638K(502464K), 0.0174311 secs] [Times: user=0.06 sys=0.00, real=0.02 secs] 
Heap after GC invocations=757 (full 108):
 par new generation   total 109248K, used 21824K [0x00000000e0000000, 0x00000000e8000000, 0x00000000e8000000)
  eden space 87424K,   0% used [0x00000000e0000000, 0x00000000e0000000, 0x00000000e5560000)
  from space 21824K, 100% used [0x00000000e6ab0000, 0x00000000e8000000, 0x00000000e8000000)
  to   space 21824K,   0% used [0x00000000e5560000, 0x00000000e5560000, 0x00000000e6ab0000)
 concurrent mark-sweep generation total 393216K, used 194814K [0x00000000e8000000, 0x0000000100000000, 0x0000000100000000)
 Metaspace       used 44145K, capacity 45461K, committed 45632K, reserved 1089536K
  class space    used 5319K, capacity 5624K, committed 5732K, reserved 1048576K
}
2019-02-22T17:31:18.888-0700: 81775.253: Total time for which application threads were stopped: 0.0178038 seconds, Stopping threads took: 0.0000612 seconds
{Heap before GC invocations=757 (full 108):
 par new generation   total 109248K, used 109248K [0x00000000e0000000, 0x00000000e8000000, 0x00000000e8000000)
  eden space 87424K, 100% used [0x00000000e0000000, 0x00000000e5560000, 0x00000000e5560000)
  from space 21824K, 100% used [0x00000000e6ab0000, 0x00000000e8000000, 0x00000000e8000000)
  to   space 21824K,   0% used [0x00000000e5560000, 0x00000000e5560000, 0x00000000e6ab0000)
 concurrent mark-sweep generation total 393216K, used 194814K [0x00000000e8000000, 0x0000000100000000, 0x0000000100000000)
 Metaspace       used 44145K, capacity 45461K, committed 45632K, reserved 1089536K
  class space    used 5319K, capacity 5624K, committed 5732K, reserved 1048576K
2019-02-22T17:31:18.898-0700: 81775.264: [GC (Allocation Failure) 2019-02-22T17:31:18.898-0700: 81775.264: [ParNew
Desired survivor size 20112992 bytes, new threshold 8 (max 8)
- age   1:    5984920 bytes,    5984920 total
- age   2:    4579280 bytes,   10564200 total
- age   3:    3251672 bytes,   13815872 total
- age   4:    2025648 bytes,   15841520 total
- age   5:     931808 bytes,   16773328 total
- age   6:       6512 bytes,   16779840 total
- age   7:     361912 bytes,   17141752 total
- age   8:    5068560 bytes,   22210312 total
: 109248K->21824K(109248K), 0.0144414 secs] 304062K->218779K(502464K), 0.0145339 secs] [Times: user=0.05 sys=0.00, real=0.02 secs] 
Heap after GC invocations=758 (full 108):
 par new generation   total 109248K, used 21824K [0x00000000e0000000, 0x00000000e8000000, 0x00000000e8000000)
  eden space 87424K,   0% used [0x00000000e0000000, 0x00000000e0000000, 0x00000000e5560000)
  from space 21824K, 100% used [0x00000000e5560000, 0x00000000e6ab0000, 0x00000000e6ab0000)
  to   space 21824K,   0% used [0x00000000e6ab0000, 0x00000000e6ab0000, 0x00000000e8000000)
 concurrent mark-sweep generation total 393216K, used 196955K [0x00000000e8000000, 0x0000000100000000, 0x0000000100000000)
 Metaspace       used 44145K, capacity 45461K, committed 45632K, reserved 1089536K
  class space    used 5319K, capacity 5624K, committed 5732K, reserved 1048576K
}
2019-02-22T17:31:18.913-0700: 81775.278: Total time for which application threads were stopped: 0.0150459 seconds, Stopping threads took: 0.0001342 seconds
2019-02-22T17:31:18.913-0700: 81775.279: [GC (CMS Initial Mark) [1 CMS-initial-mark: 196955K(393216K)] 220539K(502464K), 0.0025950 secs] [Times: user=0.00 sys=0.00, real=0.00 secs] 
2019-02-22T17:31:18.916-0700: 81775.281: Total time for which application threads were stopped: 0.0029723 seconds, Stopping threads took: 0.0001809 seconds
2019-02-22T17:31:18.916-0700: 81775.281: [CMS-concurrent-mark-start]
2019-02-22T17:31:18.969-0700: 81775.334: [CMS-concurrent-mark: 0.053/0.053 secs] [Times: user=0.33 sys=0.00, real=0.05 secs] 
2019-02-22T17:31:18.969-0700: 81775.334: [CMS-concurrent-preclean-start]
2019-02-22T17:31:18.988-0700: 81775.354: [CMS-concurrent-preclean: 0.019/0.020 secs] [Times: user=0.03 sys=0.02, real=0.02 secs] 
2019-02-22T17:31:18.989-0700: 81775.354: [CMS-concurrent-abortable-preclean-start]
{Heap before GC invocations=758 (full 109):
 par new generation   total 109248K, used 109248K [0x00000000e0000000, 0x00000000e8000000, 0x00000000e8000000)
  eden space 87424K, 100% used [0x00000000e0000000, 0x00000000e5560000, 0x00000000e5560000)
  from space 21824K, 100% used [0x00000000e5560000, 0x00000000e6ab0000, 0x00000000e6ab0000)
  to   space 21824K,   0% used [0x00000000e6ab0000, 0x00000000e6ab0000, 0x00000000e8000000)
 concurrent mark-sweep generation total 393216K, used 196955K [0x00000000e8000000, 0x0000000100000000, 0x0000000100000000)
 Metaspace       used 44145K, capacity 45461K, committed 45632K, reserved 1089536K
  class space    used 5319K, capacity 5624K, committed 5732K, reserved 1048576K
2019-02-22T17:31:19.016-0700: 81775.381: [GC (Allocation Failure) 2019-02-22T17:31:19.016-0700: 81775.381: [ParNew
Desired survivor size 20112992 bytes, new threshold 5 (max 8)
- age   1:    8189104 bytes,    8189104 total
- age   2:    3949200 bytes,   12138304 total
- age   3:    4150408 bytes,   16288712 total
- age   4:    3036344 bytes,   19325056 total
- age   5:    1685536 bytes,   21010592 total
- age   6:     885208 bytes,   21895800 total
- age   7:       6512 bytes,   21902312 total
- age   8:     329032 bytes,   22231344 total
: 109248K->21824K(109248K), 0.0226693 secs] 306203K->233081K(502464K), 0.0227464 secs] [Times: user=0.05 sys=0.00, real=0.02 secs] 
Heap after GC invocations=759 (full 109):
 par new generation   total 109248K, used 21824K [0x00000000e0000000, 0x00000000e8000000, 0x00000000e8000000)
  eden space 87424K,   0% used [0x00000000e0000000, 0x00000000e0000000, 0x00000000e5560000)
  from space 21824K, 100% used [0x00000000e6ab0000, 0x00000000e8000000, 0x00000000e8000000)
  to   space 21824K,   0% used [0x00000000e5560000, 0x00000000e5560000, 0x00000000e6ab0000)
 concurrent mark-sweep generation total 393216K, used 211257K [0x00000000e8000000, 0x0000000100000000, 0x0000000100000000)
 Metaspace       used 44145K, capacity 45461K, committed 45632K, reserved 1089536K
  class space    used 5319K, capacity 5624K, committed 5732K, reserved 1048576K
}
2019-02-22T17:31:19.039-0700: 81775.404: Total time for which application threads were stopped: 0.0231356 seconds, Stopping threads took: 0.0000401 seconds
{Heap before GC invocations=759 (full 109):
 par new generation   total 109248K, used 109022K [0x00000000e0000000, 0x00000000e8000000, 0x00000000e8000000)
  eden space 87424K,  99% used [0x00000000e0000000, 0x00000000e55278d8, 0x00000000e5560000)
  from space 21824K, 100% used [0x00000000e6ab0000, 0x00000000e8000000, 0x00000000e8000000)
  to   space 21824K,   0% used [0x00000000e5560000, 0x00000000e5560000, 0x00000000e6ab0000)
 concurrent mark-sweep generation total 393216K, used 211257K [0x00000000e8000000, 0x0000000100000000, 0x0000000100000000)
 Metaspace       used 44145K, capacity 45461K, committed 45632K, reserved 1089536K
  class space    used 5319K, capacity 5624K, committed 5732K, reserved 1048576K
2019-02-22T17:31:19.069-0700: 81775.434: [GC (Allocation Failure) 2019-02-22T17:31:19.069-0700: 81775.434: [ParNew
Desired survivor size 20112992 bytes, new threshold 5 (max 8)
- age   1:    7895496 bytes,    7895496 total
- age   2:    4241072 bytes,   12136568 total
- age   3:    3776192 bytes,   15912760 total
- age   4:    3235040 bytes,   19147800 total
- age   5:    1600392 bytes,   20748192 total
: 109022K->21824K(109248K), 0.0244397 secs] 320279K->248858K(502464K), 0.0245194 secs] [Times: user=0.06 sys=0.00, real=0.02 secs] 
Heap after GC invocations=760 (full 109):
 par new generation   total 109248K, used 21824K [0x00000000e0000000, 0x00000000e8000000, 0x00000000e8000000)
  eden space 87424K,   0% used [0x00000000e0000000, 0x00000000e0000000, 0x00000000e5560000)
  from space 21824K, 100% used [0x00000000e5560000, 0x00000000e6ab0000, 0x00000000e6ab0000)
  to   space 21824K,   0% used [0x00000000e6ab0000, 0x00000000e6ab0000, 0x00000000e8000000)
 concurrent mark-sweep generation total 393216K, used 227034K [0x00000000e8000000, 0x0000000100000000, 0x0000000100000000)
 Metaspace       used 44145K, capacity 45461K, committed 45632K, reserved 1089536K
  class space    used 5319K, capacity 5624K, committed 5732K, reserved 1048576K
}
2019-02-22T17:31:19.094-0700: 81775.459: Total time for which application threads were stopped: 0.0249317 seconds, Stopping threads took: 0.0000807 seconds
{Heap before GC invocations=760 (full 109):
 par new generation   total 109248K, used 108886K [0x00000000e0000000, 0x00000000e8000000, 0x00000000e8000000)
  eden space 87424K,  99% used [0x00000000e0000000, 0x00000000e55059e8, 0x00000000e5560000)
  from space 21824K, 100% used [0x00000000e5560000, 0x00000000e6ab0000, 0x00000000e6ab0000)
  to   space 21824K,   0% used [0x00000000e6ab0000, 0x00000000e6ab0000, 0x00000000e8000000)
 concurrent mark-sweep generation total 393216K, used 227034K [0x00000000e8000000, 0x0000000100000000, 0x0000000100000000)
 Metaspace       used 44145K, capacity 45461K, committed 45632K, reserved 1089536K
  class space    used 5319K, capacity 5624K, committed 5732K, reserved 1048576K
2019-02-22T17:31:19.103-0700: 81775.468: [GC (Allocation Failure) 2019-02-22T17:31:19.103-0700: 81775.469: [ParNew
Desired survivor size 20112992 bytes, new threshold 5 (max 8)
- age   1:    4023320 bytes,    4023320 total
- age   2:    6424376 bytes,   10447696 total
- age   3:    3482488 bytes,   13930184 total
- age   4:    3288256 bytes,   17218440 total
- age   5:    3152056 bytes,   20370496 total
: 108886K->21824K(109248K), 0.0123440 secs] 335921K->251631K(502464K), 0.0124376 secs] [Times: user=0.06 sys=0.00, real=0.01 secs] 
Heap after GC invocations=761 (full 109):
 par new generation   total 109248K, used 21824K [0x00000000e0000000, 0x00000000e8000000, 0x00000000e8000000)
  eden space 87424K,   0% used [0x00000000e0000000, 0x00000000e0000000, 0x00000000e5560000)
  from space 21824K, 100% used [0x00000000e6ab0000, 0x00000000e8000000, 0x00000000e8000000)
  to   space 21824K,   0% used [0x00000000e5560000, 0x00000000e5560000, 0x00000000e6ab0000)
 concurrent mark-sweep generation total 393216K, used 229807K [0x00000000e8000000, 0x0000000100000000, 0x0000000100000000)
 Metaspace       used 44145K, capacity 45461K, committed 45632K, reserved 1089536K
  class space    used 5319K, capacity 5624K, committed 5732K, reserved 1048576K
}
2019-02-22T17:31:19.116-0700: 81775.481: Total time for which application threads were stopped: 0.0130272 seconds, Stopping threads took: 0.0001465 seconds
{Heap before GC invocations=761 (full 109):
 par new generation   total 109248K, used 109235K [0x00000000e0000000, 0x00000000e8000000, 0x00000000e8000000)
  eden space 87424K,  99% used [0x00000000e0000000, 0x00000000e555cd10, 0x00000000e5560000)
  from space 21824K, 100% used [0x00000000e6ab0000, 0x00000000e8000000, 0x00000000e8000000)
  to   space 21824K,   0% used [0x00000000e5560000, 0x00000000e5560000, 0x00000000e6ab0000)
 concurrent mark-sweep generation total 393216K, used 229807K [0x00000000e8000000, 0x0000000100000000, 0x0000000100000000)
 Metaspace       used 44145K, capacity 45461K, committed 45632K, reserved 1089536K
  class space    used 5319K, capacity 5624K, committed 5732K, reserved 1048576K
2019-02-22T17:31:19.126-0700: 81775.491: [GC (Allocation Failure) 2019-02-22T17:31:19.126-0700: 81775.491: [ParNew
Desired survivor size 20112992 bytes, new threshold 8 (max 8)
- age   1:    1485656 bytes,    1485656 total
- age   2:    3851752 bytes,    5337408 total
- age   3:    5071808 bytes,   10409216 total
- age   4:    3359144 bytes,   13768360 total
- age   5:    3288256 bytes,   17056616 total
: 109235K->21824K(109248K), 0.0113771 secs] 339042K->254822K(502464K), 0.0114701 secs] [Times: user=0.00 sys=0.00, real=0.01 secs] 
Heap after GC invocations=762 (full 109):
 par new generation   total 109248K, used 21824K [0x00000000e0000000, 0x00000000e8000000, 0x00000000e8000000)
  eden space 87424K,   0% used [0x00000000e0000000, 0x00000000e0000000, 0x00000000e5560000)
  from space 21824K, 100% used [0x00000000e5560000, 0x00000000e6ab0000, 0x00000000e6ab0000)
  to   space 21824K,   0% used [0x00000000e6ab0000, 0x00000000e6ab0000, 0x00000000e8000000)
 concurrent mark-sweep generation total 393216K, used 232998K [0x00000000e8000000, 0x0000000100000000, 0x0000000100000000)
 Metaspace       used 44145K, capacity 45461K, committed 45632K, reserved 1089536K
  class space    used 5319K, capacity 5624K, committed 5732K, reserved 1048576K
}
2019-02-22T17:31:19.138-0700: 81775.503: Total time for which application threads were stopped: 0.0120001 seconds, Stopping threads took: 0.0001085 seconds
2019-02-22T17:31:19.145-0700: 81775.510: [CMS-concurrent-abortable-preclean: 0.081/0.157 secs] [Times: user=0.56 sys=0.02, real=0.16 secs] 
2019-02-22T17:31:19.146-0700: 81775.511: [GC (CMS Final Remark) [YG occupancy: 58736 K (109248 K)]{Heap before GC invocations=762 (full 109):
 par new generation   total 109248K, used 58736K [0x00000000e0000000, 0x00000000e8000000, 0x00000000e8000000)
  eden space 87424K,  42% used [0x00000000e0000000, 0x00000000e240c0f0, 0x00000000e5560000)
  from space 21824K, 100% used [0x00000000e5560000, 0x00000000e6ab0000, 0x00000000e6ab0000)
  to   space 21824K,   0% used [0x00000000e6ab0000, 0x00000000e6ab0000, 0x00000000e8000000)
 concurrent mark-sweep generation total 393216K, used 232998K [0x00000000e8000000, 0x0000000100000000, 0x0000000100000000)
 Metaspace       used 44145K, capacity 45461K, committed 45632K, reserved 1089536K
  class space    used 5319K, capacity 5624K, committed 5732K, reserved 1048576K
2019-02-22T17:31:19.146-0700: 81775.511: [GC (CMS Final Remark) 2019-02-22T17:31:19.146-0700: 81775.511: [ParNew
Desired survivor size 20112992 bytes, new threshold 8 (max 8)
- age   1:     894824 bytes,     894824 total
- age   2:     978784 bytes,    1873608 total
- age   3:    3029736 bytes,    4903344 total
- age   4:    4269016 bytes,    9172360 total
- age   5:    3352712 bytes,   12525072 total
- age   6:    3288016 bytes,   15813088 total
: 58736K->19690K(109248K), 0.0094185 secs] 291735K->252689K(502464K), 0.0094941 secs] [Times: user=0.00 sys=0.00, real=0.01 secs] 
Heap after GC invocations=763 (full 109):
 par new generation   total 109248K, used 19690K [0x00000000e0000000, 0x00000000e8000000, 0x00000000e8000000)
  eden space 87424K,   0% used [0x00000000e0000000, 0x00000000e0000000, 0x00000000e5560000)
  from space 21824K,  90% used [0x00000000e6ab0000, 0x00000000e7deabc8, 0x00000000e8000000)
  to   space 21824K,   0% used [0x00000000e5560000, 0x00000000e5560000, 0x00000000e6ab0000)
 concurrent mark-sweep generation total 393216K, used 232998K [0x00000000e8000000, 0x0000000100000000, 0x0000000100000000)
 Metaspace       used 44145K, capacity 45461K, committed 45632K, reserved 1089536K
  class space    used 5319K, capacity 5624K, committed 5732K, reserved 1048576K
}
2019-02-22T17:31:19.154-0700: 81775.520: [Rescan (parallel) , 0.0123985 secs]2019-02-22T17:31:19.168-0700: 81775.533: [weak refs processing, 0.0004781 secs]2019-02-22T17:31:19.168-0700: 81775.533: [class unloading, 0.0103135 secs]2019-02-22T17:31:19.178-0700: 81775.544: [scrub symbol table, 0.0101834 secs]2019-02-22T17:31:19.188-0700: 81775.554: [scrub string table, 0.0007186 secs][1 CMS-remark: 232998K(393216K)] 252689K(502464K), 0.0439779 secs] [Times: user=0.09 sys=0.00, real=0.04 secs] 
2019-02-22T17:31:19.189-0700: 81775.555: Total time for which application threads were stopped: 0.0442591 seconds, Stopping threads took: 0.0000745 seconds
2019-02-22T17:31:19.189-0700: 81775.555: [CMS-concurrent-sweep-start]
{Heap before GC invocations=763 (full 109):
 par new generation   total 109248K, used 107114K [0x00000000e0000000, 0x00000000e8000000, 0x00000000e8000000)
  eden space 87424K, 100% used [0x00000000e0000000, 0x00000000e5560000, 0x00000000e5560000)
  from space 21824K,  90% used [0x00000000e6ab0000, 0x00000000e7deabc8, 0x00000000e8000000)
  to   space 21824K,   0% used [0x00000000e5560000, 0x00000000e5560000, 0x00000000e6ab0000)
 concurrent mark-sweep generation total 393216K, used 217979K [0x00000000e8000000, 0x0000000100000000, 0x0000000100000000)
 Metaspace       used 44145K, capacity 45461K, committed 45632K, reserved 1089536K
  class space    used 5319K, capacity 5624K, committed 5732K, reserved 1048576K
2019-02-22T17:31:19.245-0700: 81775.610: [GC (Allocation Failure) 2019-02-22T17:31:19.245-0700: 81775.610: [ParNew
Desired survivor size 20112992 bytes, new threshold 8 (max 8)
- age   1:    4423656 bytes,    4423656 total
- age   2:     404872 bytes,    4828528 total
- age   3:      56472 bytes,    4885000 total
- age   4:    2950416 bytes,    7835416 total
- age   5:    3682296 bytes,   11517712 total
- age   6:    3314256 bytes,   14831968 total
- age   7:    2951672 bytes,   17783640 total
: 107114K->21824K(109248K), 0.0142404 secs] 325094K->239830K(502464K), 0.0143432 secs] [Times: user=0.06 sys=0.00, real=0.02 secs] 
Heap after GC invocations=764 (full 109):
 par new generation   total 109248K, used 21824K [0x00000000e0000000, 0x00000000e8000000, 0x00000000e8000000)
  eden space 87424K,   0% used [0x00000000e0000000, 0x00000000e0000000, 0x00000000e5560000)
  from space 21824K, 100% used [0x00000000e5560000, 0x00000000e6ab0000, 0x00000000e6ab0000)
  to   space 21824K,   0% used [0x00000000e6ab0000, 0x00000000e6ab0000, 0x00000000e8000000)
 concurrent mark-sweep generation total 393216K, used 218006K [0x00000000e8000000, 0x0000000100000000, 0x0000000100000000)
 Metaspace       used 44145K, capacity 45461K, committed 45632K, reserved 1089536K
  class space    used 5319K, capacity 5624K, committed 5732K, reserved 1048576K
}
2019-02-22T17:31:19.260-0700: 81775.625: Total time for which application threads were stopped: 0.0151009 seconds, Stopping threads took: 0.0002241 seconds
{Heap before GC invocations=764 (full 109):
